[2m2026-09-17T06:30:00.056095Z[0m [32m INFO[0m [2mtachyon_serverless_gateway[0m[2m:[0m configuration loaded [3mconfig[0m[2m=[0m/var/folders/z7/khzdjrt95cg_fcmcnh4j1b5h0000gn/T//tsls-zero.vUcd03/gateway.toml
[2m2026-09-17T06:30:00.062051Z[0m [32m INFO[0m [2mtachyon_serverless_application::app[0m[2m:[0m state store opened [3mpath[0m[2m=[0m/var/folders/z7/khzdjrt95cg_fcmcnh4j1b5h0000gn/T//tsls-zero.vUcd03/data/state.db [3mschema_version[0m[2m=[0m5 [3mmigrations_applied[0m[2m=[0m[1, 2, 3, 4, 5] [3mimported_state_json[0m[2m=[0mNone [3msettled_invocations[0m[2m=[0m0 [3msettled_attempts[0m[2m=[0m0 [3msettled_environments[0m[2m=[0m0 [3mreleased_leases[0m[2m=[0m0 [3mdropped_idempotency_keys[0m[2m=[0m0 [3mpurged_idempotency_keys[0m[2m=[0m0 [3moutputs_purged[0m[2m=[0m0
[2m2026-09-17T06:30:00.062482Z[0m [32m INFO[0m [2mtachyon_serverless_application::services::dispatcher[0m[2m:[0m dispatcher registered [3mdispatcher_id[0m[2m=[0mdsp_01m2q0xjkykmm6vn21f9e4zp5p [3minstance[0m[2m=[0mgateway@127.0.0.1:56440 [3mpid[0m[2m=[0m16950 [3mlease_ttl_seconds[0m[2m=[0m30
[2m2026-09-17T06:30:00.062980Z[0m [32m INFO[0m [2mtachyon_serverless_application::app[0m[2m:[0m application bootstrapped [3mprofile[0m[2m=[0m"dev" [3mprovider[0m[2m=[0m"process" [3mdev_only[0m[2m=[0mtrue [3menvironment_reuse[0m[2m=[0mfalse [3mreuse_verified[0m[2m=[0mfalse [3mreuse_reason[0m[2m=[0m"[pool] enabled is false" [3mreuse_disabled[0m[2m=[0mSome(Configuration) [3midle_quiesce[0m[2m=[0m"unsupported" [3midle_resume[0m[2m=[0m"unsupported" [3mdata_dir[0m[2m=[0m/var/folders/z7/khzdjrt95cg_fcmcnh4j1b5h0000gn/T//tsls-zero.vUcd03/data [3mstore[0m[2m=[0m"sqlite" [3mdispatcher_id[0m[2m=[0mdsp_01m2q0xjkykmm6vn21f9e4zp5p [3mnode[0m[2m=[0mlocal [3mnode_region[0m[2m=[0m"none" [3mnode_memory_mib[0m[2m=[0mNone [3mmax_concurrency[0m[2m=[0m8 [3mqueue[0m[2m=[0m"none" [3mobjects[0m[2m=[0m"none"
[2m2026-09-17T06:30:00.063164Z[0m [32m INFO[0m [2mtachyon_serverless_application::services::reconcile[0m[2m:[0m startup reconcile finished [3mprovider[0m[2m=[0m"process" [3mfound[0m[2m=[0m0 [3madopted[0m[2m=[0m0 [3mterminated[0m[2m=[0m0 [3mdisowned[0m[2m=[0m0 [3mfailed[0m[2m=[0m0 [3mlost[0m[2m=[0m0 [3mforeign[0m[2m=[0m0 [3mreclaimed_dispatchers[0m[2m=[0m0 [3mfenced_terminated[0m[2m=[0m0 [3mfenced_pending[0m[2m=[0m0
[2m2026-09-17T06:30:00.063248Z[0m [32m INFO[0m [2mtachyon_serverless_gateway[0m[2m:[0m gateway listening [3maddr[0m[2m=[0m127.0.0.1:56440 [3mprofile[0m[2m=[0m"dev" [3mprovider[0m[2m=[0m"process"
[2m2026-09-17T06:30:01.111439Z[0m [32m INFO[0m [2mtachyon_serverless_application::services::revision[0m[2m:[0m revision ready [3mrevision_id[0m[2m=[0mrev_01m2q0xkggvrxv165bkb07n7dk [3mfunction_id[0m[2m=[0mfn_01m2q0xk7gtxpxdbqfab9f04r1
[2m2026-09-17T06:30:01.408338Z[0m [32m INFO[0m [2mtachyon_serverless_provider_process[0m[2m:[0m bridge spawned [3menvironment_id[0m[2m=[0menv_01m2q0xksntrk2hb7wvz8pn1e5 [3mpid[0m[2m=[0m17388
[2m2026-09-17T06:30:01.409074Z[0m [32m INFO[0m [2mtachyon_serverless_provider_process[0m[2m:[0m bridge spawned [3menvironment_id[0m[2m=[0menv_01m2q0xksndv8s3r7f0z9hvx2t [3mpid[0m[2m=[0m17389
[2m2026-09-17T06:30:01.409630Z[0m [32m INFO[0m [2mtachyon_serverless_provider_process[0m[2m:[0m bridge spawned [3menvironment_id[0m[2m=[0menv_01m2q0xksq9d63wbyqnz0f3gvs [3mpid[0m[2m=[0m17390
[2m2026-09-17T06:30:02.695420Z[0m [32m INFO[0m [2mtachyon_serverless_application::services::invoke[0m[2m:[0m invocation finished [3minvocation_id[0m[2m=[0minv_01m2q0xksm15tsxxzmvfmd2pdc [3mstatus[0m[2m=[0m"succeeded" [3mhandler_ms[0m[2m=[0m401 [3menvironment_boot_ms[0m[2m=[0m523 [3mruntime_init_ms[0m[2m=[0m360
[2m2026-09-17T06:30:02.695954Z[0m [32m INFO[0m [2mtachyon_serverless_application::services::invoke[0m[2m:[0m invocation finished [3minvocation_id[0m[2m=[0minv_01m2q0xksmtzceq15srrqeyyrt [3mstatus[0m[2m=[0m"succeeded" [3mhandler_ms[0m[2m=[0m401 [3menvironment_boot_ms[0m[2m=[0m522 [3mruntime_init_ms[0m[2m=[0m360
[2m2026-09-17T06:30:02.696372Z[0m [32m INFO[0m [2mtachyon_serverless_application::services::invoke[0m[2m:[0m invocation finished [3minvocation_id[0m[2m=[0minv_01m2q0xksnhe4c7cexp794s4g3 [3mstatus[0m[2m=[0m"succeeded" [3mhandler_ms[0m[2m=[0m401 [3menvironment_boot_ms[0m[2m=[0m521 [3mruntime_init_ms[0m[2m=[0m360
[2m2026-09-17T06:30:02.696767Z[0m [32m INFO[0m [2mtachyon_serverless_provider_process[0m[2m:[0m terminating bridge [3menvironment_id[0m[2m=[0menv_01m2q0xksntrk2hb7wvz8pn1e5 [3mpid[0m[2m=[0m17388 [3mreason[0m[2m=[0mCompleted [3mgraceful[0m[2m=[0mtrue
[2m2026-09-17T06:30:02.696768Z[0m [32m INFO[0m [2mtachyon_serverless_provider_process[0m[2m:[0m terminating bridge [3menvironment_id[0m[2m=[0menv_01m2q0xksndv8s3r7f0z9hvx2t [3mpid[0m[2m=[0m17389 [3mreason[0m[2m=[0mCompleted [3mgraceful[0m[2m=[0mtrue
[2m2026-09-17T06:30:02.697639Z[0m [32m INFO[0m [2mtachyon_serverless_provider_process[0m[2m:[0m terminating bridge [3menvironment_id[0m[2m=[0menv_01m2q0xksq9d63wbyqnz0f3gvs [3mpid[0m[2m=[0m17390 [3mreason[0m[2m=[0mCompleted [3mgraceful[0m[2m=[0mtrue
[2m2026-09-17T06:30:02.837416Z[0m [32m INFO[0m [2mtachyon_serverless_provider_process[0m[2m:[0m bridge spawned [3menvironment_id[0m[2m=[0menv_01m2q0xn6bptycdtpefnb9tjnn [3mpid[0m[2m=[0m17576
[2m2026-09-17T06:30:02.838740Z[0m [32m INFO[0m [2mtachyon_serverless_provider_process[0m[2m:[0m bridge spawned [3menvironment_id[0m[2m=[0menv_01m2q0xn6c304pyavtshp0kjrm [3mpid[0m[2m=[0m17577
[2m2026-09-17T06:30:02.838779Z[0m [32m INFO[0m [2mtachyon_serverless_provider_process[0m[2m:[0m bridge spawned [3menvironment_id[0m[2m=[0menv_01m2q0xn6bs362wfbadxjft6sj [3mpid[0m[2m=[0m17578
[2m2026-09-17T06:30:03.248013Z[0m [32m INFO[0m [2mtachyon_serverless_application::services::invoke[0m[2m:[0m invocation finished [3minvocation_id[0m[2m=[0minv_01m2q0xksqec5w512f5a63k81w [3mstatus[0m[2m=[0m"succeeded" [3mhandler_ms[0m[2m=[0m401 [3menvironment_boot_ms[0m[2m=[0m3 [3mruntime_init_ms[0m[2m=[0m3
[2m2026-09-17T06:30:03.248510Z[0m [32m INFO[0m [2mtachyon_serverless_application::services::invoke[0m[2m:[0m invocation finished [3minvocation_id[0m[2m=[0minv_01m2q0xksqb3kyt8rnh2a0fhkb [3mstatus[0m[2m=[0m"succeeded" [3mhandler_ms[0m[2m=[0m400 [3menvironment_boot_ms[0m[2m=[0m3 [3mruntime_init_ms[0m[2m=[0m4
[2m2026-09-17T06:30:03.248559Z[0m [32m INFO[0m [2mtachyon_serverless_provider_process[0m[2m:[0m terminating bridge [3menvironment_id[0m[2m=[0menv_01m2q0xn6bs362wfbadxjft6sj [3mpid[0m[2m=[0m17578 [3mreason[0m[2m=[0mCompleted [3mgraceful[0m[2m=[0mtrue
[2m2026-09-17T06:30:03.248976Z[0m [32m INFO[0m [2mtachyon_serverless_application::services::invoke[0m[2m:[0m invocation finished [3minvocation_id[0m[2m=[0minv_01m2q0xksqp66rd6qgx0knd1kg [3mstatus[0m[2m=[0m"succeeded" [3mhandler_ms[0m[2m=[0m400 [3menvironment_boot_ms[0m[2m=[0m3 [3mruntime_init_ms[0m[2m=[0m5
[2m2026-09-17T06:30:03.249831Z[0m [32m INFO[0m [2mtachyon_serverless_provider_process[0m[2m:[0m terminating bridge [3menvironment_id[0m[2m=[0menv_01m2q0xn6bptycdtpefnb9tjnn [3mpid[0m[2m=[0m17576 [3mreason[0m[2m=[0mCompleted [3mgraceful[0m[2m=[0mtrue
[2m2026-09-17T06:30:03.249835Z[0m [32m INFO[0m [2mtachyon_serverless_provider_process[0m[2m:[0m terminating bridge [3menvironment_id[0m[2m=[0menv_01m2q0xn6c304pyavtshp0kjrm [3mpid[0m[2m=[0m17577 [3mreason[0m[2m=[0mCompleted [3mgraceful[0m[2m=[0mtrue
[2m2026-09-17T06:30:03.386282Z[0m [32m INFO[0m [2mtachyon_serverless_provider_process[0m[2m:[0m bridge spawned [3menvironment_id[0m[2m=[0menv_01m2q0xnqjz6dg8bhz7kmvnx41 [3mpid[0m[2m=[0m17655
[2m2026-09-17T06:30:03.796395Z[0m [32m INFO[0m [2mtachyon_serverless_application::services::invoke[0m[2m:[0m invocation finished [3minvocation_id[0m[2m=[0minv_01m2q0xksq06ts0swzqmtavrvm [3mstatus[0m[2m=[0m"succeeded" [3mhandler_ms[0m[2m=[0m400 [3menvironment_boot_ms[0m[2m=[0m3 [3mruntime_init_ms[0m[2m=[0m4
[2m2026-09-17T06:30:03.797741Z[0m [32m INFO[0m [2mtachyon_serverless_provider_process[0m[2m:[0m terminating bridge [3menvironment_id[0m[2m=[0menv_01m2q0xnqjz6dg8bhz7kmvnx41 [3mpid[0m[2m=[0m17655 [3mreason[0m[2m=[0mCompleted [3mgraceful[0m[2m=[0mtrue
[2m2026-09-17T06:30:04.056125Z[0m [32m INFO[0m [2mtachyon_serverless_provider_process[0m[2m:[0m bridge spawned [3menvironment_id[0m[2m=[0menv_01m2q0xpchyz3asnnjx14yks85 [3mpid[0m[2m=[0m17785
[2m2026-09-17T06:30:04.166458Z[0m [32m INFO[0m [2mtachyon_serverless_application::services::invoke[0m[2m:[0m invocation finished [3minvocation_id[0m[2m=[0minv_01m2q0xpchfn7sc3hhfjcfxzns [3mstatus[0m[2m=[0m"succeeded" [3mhandler_ms[0m[2m=[0m101 [3menvironment_boot_ms[0m[2m=[0m3 [3mruntime_init_ms[0m[2m=[0m4
[2m2026-09-17T06:30:04.167795Z[0m [32m INFO[0m [2mtachyon_serverless_provider_process[0m[2m:[0m terminating bridge [3menvironment_id[0m[2m=[0menv_01m2q0xpchyz3asnnjx14yks85 [3mpid[0m[2m=[0m17785 [3mreason[0m[2m=[0mCompleted [3mgraceful[0m[2m=[0mtrue
[2m2026-09-17T06:30:04.340697Z[0m [32m INFO[0m [2mtachyon_serverless_provider_process[0m[2m:[0m bridge spawned [3menvironment_id[0m[2m=[0menv_01m2q0xpnd3scna8zj4gwapd37 [3mpid[0m[2m=[0m17833
[2m2026-09-17T06:30:04.846866Z[0m [32m INFO[0m [2mtachyon_serverless_application::services::revision[0m[2m:[0m revision ready [3mrevision_id[0m[2m=[0mrev_01m2q0xq567375yhz21v8ypt1n [3mfunction_id[0m[2m=[0mfn_01m2q0xk7gtxpxdbqfab9f04r1
[2m2026-09-17T06:30:05.068346Z[0m [32m INFO[0m [2mtachyon_serverless_application::services::scaling[0m[2m:[0m draining revision: new work goes elsewhere (or is refused), running work completes [3mrevision_id[0m[2m=[0mrev_01m2q0xkggvrxv165bkb07n7dk [3mreason[0m[2m=[0m"alias_switch"
[2m2026-09-17T06:30:05.110329Z[0m [32m INFO[0m [2mtachyon_serverless_provider_process[0m[2m:[0m bridge spawned [3menvironment_id[0m[2m=[0menv_01m2q0xqde5bn1gx8t6fkx8d2q [3mpid[0m[2m=[0m17869
[2m2026-09-17T06:30:05.220569Z[0m [32m INFO[0m [2mtachyon_serverless_application::services::invoke[0m[2m:[0m invocation finished [3minvocation_id[0m[2m=[0minv_01m2q0xqde5346zcrnye9b68xe [3mstatus[0m[2m=[0m"succeeded" [3mhandler_ms[0m[2m=[0m101 [3menvironment_boot_ms[0m[2m=[0m3 [3mruntime_init_ms[0m[2m=[0m4
[2m2026-09-17T06:30:05.221897Z[0m [32m INFO[0m [2mtachyon_serverless_provider_process[0m[2m:[0m terminating bridge [3menvironment_id[0m[2m=[0menv_01m2q0xqde5bn1gx8t6fkx8d2q [3mpid[0m[2m=[0m17869 [3mreason[0m[2m=[0mCompleted [3mgraceful[0m[2m=[0mtrue
[2m2026-09-17T06:30:08.350947Z[0m [32m INFO[0m [2mtachyon_serverless_application::services::invoke[0m[2m:[0m invocation finished [3minvocation_id[0m[2m=[0minv_01m2q0xpncn5gexv505n238zav [3mstatus[0m[2m=[0m"succeeded" [3mhandler_ms[0m[2m=[0m4001 [3menvironment_boot_ms[0m[2m=[0m3 [3mruntime_init_ms[0m[2m=[0m4
[2m2026-09-17T06:30:08.352290Z[0m [32m INFO[0m [2mtachyon_serverless_provider_process[0m[2m:[0m terminating bridge [3menvironment_id[0m[2m=[0menv_01m2q0xpnd3scna8zj4gwapd37 [3mpid[0m[2m=[0m17833 [3mreason[0m[2m=[0mCompleted [3mgraceful[0m[2m=[0mtrue
[2m2026-09-17T06:30:08.574366Z[0m [32m INFO[0m [2mtachyon_serverless_provider_process[0m[2m:[0m bridge spawned [3menvironment_id[0m[2m=[0menv_01m2q0xtsp1gzny1p8ynr78vyq [3mpid[0m[2m=[0m18111
[2m2026-09-17T06:30:09.072897Z[0m [32m INFO[0m [2mtachyon_serverless_application::services::revision[0m[2m:[0m revision ready [3mrevision_id[0m[2m=[0mrev_01m2q0xv992wybjhzr0gr9b35e [3mfunction_id[0m[2m=[0mfn_01m2q0xk7gtxpxdbqfab9f04r1
[2m2026-09-17T06:30:09.567967Z[0m [32m INFO[0m [2mtachyon_serverless_application::services::scaling[0m[2m:[0m draining revision: new work goes elsewhere (or is refused), running work completes [3mrevision_id[0m[2m=[0mrev_01m2q0xq567375yhz21v8ypt1n [3mreason[0m[2m=[0m"alias_switch"
[2m2026-09-17T06:30:14.568417Z[0m [33m WARN[0m [2mtachyon_serverless_application::services::scaling[0m[2m:[0m drain timeout: stopping invocations still running on a drained revision [3mrevision_id[0m[2m=[0mrev_01m2q0xq567375yhz21v8ypt1n [3mstopped[0m[2m=[0m1 [3mdrain_timeout_seconds[0m[2m=[0m5
[2m2026-09-17T06:30:14.570572Z[0m [32m INFO[0m [2mtachyon_serverless_application::services::invoke[0m[2m:[0m invocation finished [3minvocation_id[0m[2m=[0minv_01m2q0xtsp69gsgjzzfygvfxpr [3mstatus[0m[2m=[0m"failed" [3mhandler_ms[0m[2m=[0m5985 [3menvironment_boot_ms[0m[2m=[0m3 [3mruntime_init_ms[0m[2m=[0m4
[2m2026-09-17T06:30:14.725764Z[0m [32m INFO[0m [2mtachyon_serverless_provider_process[0m[2m:[0m bridge spawned [3menvironment_id[0m[2m=[0menv_01m2q0y0sz4jnwe70p27hh0s35 [3mpid[0m[2m=[0m18604
[2m2026-09-17T06:30:15.068340Z[0m [32m INFO[0m [2mtachyon_serverless_application::services::scaling[0m[2m:[0m draining revision: new work goes elsewhere (or is refused), running work completes [3mrevision_id[0m[2m=[0mrev_01m2q0xv992wybjhzr0gr9b35e [3mreason[0m[2m=[0m"function_deleted"
[2m2026-09-17T06:30:15.068372Z[0m [32m INFO[0m [2mtachyon_serverless_application::services::scaling[0m[2m:[0m draining revision: new work goes elsewhere (or is refused), running work completes [3mrevision_id[0m[2m=[0mrev_01m2q0xkggvrxv165bkb07n7dk [3mreason[0m[2m=[0m"function_deleted"
[2m2026-09-17T06:30:15.068389Z[0m [32m INFO[0m [2mtachyon_serverless_application::services::scaling[0m[2m:[0m draining revision: new work goes elsewhere (or is refused), running work completes [3mrevision_id[0m[2m=[0mrev_01m2q0xq567375yhz21v8ypt1n [3mreason[0m[2m=[0m"function_deleted"
[2m2026-09-17T06:30:17.735754Z[0m [32m INFO[0m [2mtachyon_serverless_application::services::invoke[0m[2m:[0m invocation finished [3minvocation_id[0m[2m=[0minv_01m2q0y0szpr1g2xcrffgj4ayq [3mstatus[0m[2m=[0m"succeeded" [3mhandler_ms[0m[2m=[0m3001 [3menvironment_boot_ms[0m[2m=[0m3 [3mruntime_init_ms[0m[2m=[0m4
[2m2026-09-17T06:30:17.737158Z[0m [32m INFO[0m [2mtachyon_serverless_provider_process[0m[2m:[0m terminating bridge [3menvironment_id[0m[2m=[0menv_01m2q0y0sz4jnwe70p27hh0s35 [3mpid[0m[2m=[0m18604 [3mreason[0m[2m=[0mCompleted [3mgraceful[0m[2m=[0mtrue
[2m2026-09-17T06:30:18.067749Z[0m [32m INFO[0m [2mtachyon_serverless_application::services::scaling[0m[2m:[0m function deletion drained: no work and no environment left [3mfunction_id[0m[2m=[0mfn_01m2q0xk7gtxpxdbqfab9f04r1
[2m2026-09-17T06:30:18.338661Z[0m [32m INFO[0m [2mtachyon_serverless_gateway[0m[2m:[0m SIGTERM received
[2m2026-09-17T06:30:18.338688Z[0m [32m INFO[0m [2mtachyon_serverless_gateway[0m[2m:[0m shutdown requested; cancelling in-flight invocations
[2m2026-09-17T06:30:18.339627Z[0m [32m INFO[0m [2mtachyon_serverless_gateway[0m[2m:[0m gateway stopped
