# tachyon-serverless lab transcript
# command:  scripts/lab/lab.sh --provider firecracker status
# started:  2026-09-17T16:34:27Z
# lab_dir:  /home/takanorifukuyama.guest/lab/.lab
# lab_id:   lab-12064596
# host:     Linux 7.0.0-31-generic aarch64 user=takanorifukuyama
# git:      6dead7be607e8c4bd0a7bd6c5634436b25f82a82
2026-09-17T16:34:27Z lab lab-12064596  provider=firecracker  state=up  dir=/home/takanorifukuyama.guest/lab/.lab
2026-09-17T16:34:27Z 
2026-09-17T16:34:27Z STATUS COMPONENT              CHECK                                        DETAIL
2026-09-17T16:34:27Z ok    nats-server            process                                      pid 355716
2026-09-17T16:34:27Z ok    nats-server            GET /healthz?js-enabled-only=true            200 (JetStream enabled)
2026-09-17T16:34:27Z ok    gateway                process                                      pid 355744
2026-09-17T16:34:27Z ok    gateway                GET /healthz                                 200
2026-09-17T16:34:27Z ok    gateway                GET /readyz .ready                           true
2026-09-17T16:34:27Z ok    provider               readyz .preflight                            firecracker ok=true egress_network
2026-09-17T16:34:27Z ok    dispatcher             readyz .dispatcher.fenced                    false
2026-09-17T16:34:27Z ok    config-cache           readyz .control_plane.new_invocations        accepted config=fresh
2026-09-17T16:34:27Z ok    usage-journal          readyz .usage                                accepting=true journal_healthy=true collector_error=null
2026-09-17T16:34:27Z ok    budget                 readyz .budget                               accepting=true store_healthy=true stalled=false file_error=null
2026-09-17T16:34:27Z ok    ledger                 state.db schema_version = migrations         8/8
2026-09-17T16:34:27Z ok    queue                  tsls_async_queue_condition{healthy}          1
# finished: 2026-09-17T16:34:27Z exit=141
