# tachyon-serverless lab transcript
# command:  scripts/lab/lab.sh --provider firecracker up
# started:  2026-09-17T16:34:22Z
# lab_dir:  /home/takanorifukuyama.guest/lab/.lab
# lab_id:   lab-12064596
# host:     Linux 7.0.0-31-generic aarch64 user=takanorifukuyama
# git:      6dead7be607e8c4bd0a7bd6c5634436b25f82a82
2026-09-17T16:34:22Z [lab] step 1/5: throwaway secrets and config (lab lab-12064596, provider firecracker)
2026-09-17T16:34:22Z [lab] generated throwaway tokens and demo secret: /home/takanorifukuyama.guest/lab/.lab/secrets/tokens.env (0600)
2026-09-17T16:34:22Z [lab] generated object store key: /home/takanorifukuyama.guest/lab/.lab/secrets/object.key (0600)
2026-09-17T16:34:22Z [lab] generated trigger sealing key: /home/takanorifukuyama.guest/lab/.lab/secrets/triggers.key (0600)
2026-09-17T16:34:22Z [lab] config: /home/takanorifukuyama.guest/lab/.lab/config/gateway.toml (0600)
2026-09-17T16:34:22Z [lab] step 2/5: nats-server v2.14.7 on 127.0.0.1:37501 (store /home/takanorifukuyama.guest/lab/.lab/nats/jetstream)
2026-09-17T16:34:23Z [queue] nats-server v2.14.7 ready on 127.0.0.1:37501 (pid 355716, store /home/takanorifukuyama.guest/lab/.lab/nats/jetstream)
2026-09-17T16:34:23Z [lab] step 3/5: gateway on 127.0.0.1:50471 (applies forward-only migrations to /home/takanorifukuyama.guest/lab/.lab/data/state.db before listening)
2026-09-17T16:34:23Z [lab] gateway pid 355744, log /home/takanorifukuyama.guest/lab/.lab/logs/gateway.log
2026-09-17T16:34:23Z [lab] step 4/5: health of every component
2026-09-17T16:34:26Z STATUS COMPONENT              CHECK                                        DETAIL
2026-09-17T16:34:26Z ok    nats-server            process                                      pid 355716
2026-09-17T16:34:26Z ok    nats-server            GET /healthz?js-enabled-only=true            200 (JetStream enabled)
2026-09-17T16:34:26Z ok    gateway                process                                      pid 355744
2026-09-17T16:34:26Z ok    gateway                GET /healthz                                 200
2026-09-17T16:34:26Z ok    gateway                GET /readyz .ready                           true
2026-09-17T16:34:26Z ok    provider               readyz .preflight                            firecracker ok=true egress_network
2026-09-17T16:34:26Z ok    dispatcher             readyz .dispatcher.fenced                    false
2026-09-17T16:34:26Z ok    config-cache           readyz .control_plane.new_invocations        accepted config=fresh
2026-09-17T16:34:26Z ok    usage-journal          readyz .usage                                accepting=true journal_healthy=true collector_error=null
2026-09-17T16:34:26Z ok    budget                 readyz .budget                               accepting=true store_healthy=true stalled=false file_error=null
2026-09-17T16:34:26Z ok    ledger                 state.db schema_version = migrations         8/8
2026-09-17T16:34:26Z ok    queue                  tsls_async_queue_condition{healthy}          1
2026-09-17T16:34:26Z ok    trigger-scheduler      tsls_trigger_scheduler_owner                 1
2026-09-17T16:34:26Z ok    async-dispatcher       tsls_async_dispatch_runs_in_flight           0
2026-09-17T16:34:26Z ok    metrics                operator token 200, tenant token 401         401
2026-09-17T16:34:26Z ok    object-store           root exists, key 0600, backend filesystem    /home/takanorifukuyama.guest/lab/.lab/data/objects
2026-09-17T16:34:26Z skip  console                GET /console/                                not enabled (up --console)
2026-09-17T16:34:26Z [lab] step 5/5: ready
2026-09-17T16:34:26Z 
2026-09-17T16:34:26Z   API:     http://127.0.0.1:50471
2026-09-17T16:34:26Z   tokens:  /home/takanorifukuyama.guest/lab/.lab/secrets/tokens.env (source it; values are never printed)
2026-09-17T16:34:26Z   CLI:     set -a; . /home/takanorifukuyama.guest/lab/.lab/secrets/tokens.env; set +a; TSLS_API_URL=http://127.0.0.1:50471 TSLS_TOKEN=$TOKEN_A target/debug/tsls functions list
2026-09-17T16:34:26Z   next:    scripts/lab/lab.sh demo all
# finished: 2026-09-17T16:34:26Z exit=0
