{"timestamp":"2026-09-18T03:19:47.205441Z","level":"INFO","message":"configuration loaded","config":"/home/takanorifukuyama.guest/lab/docs/evidence/bench-20260918T030637Z/gateway-warm.toml","target":"tachyon_serverless_gateway"}
{"timestamp":"2026-09-18T03:19:47.206245Z","level":"INFO","message":"egress restricted / public-web are unavailable on this host (egress none is unaffected)","reason":"net.ipv4.ip_forward is not 1 (guests could not reach anything)","target":"tachyon_serverless_provider_firecracker::provider"}
{"timestamp":"2026-09-18T03:19:47.207118Z","level":"INFO","message":"state store opened","path":"/home/takanorifukuyama.guest/lab/data/bench/state.db","schema_version":8,"migrations_applied":"[]","imported_state_json":"None","settled_invocations":0,"settled_attempts":0,"settled_environments":0,"released_leases":0,"dropped_idempotency_keys":0,"purged_idempotency_keys":0,"outputs_purged":0,"target":"tachyon_serverless_application::app"}
{"timestamp":"2026-09-18T03:19:47.248640Z","level":"INFO","message":"log store opened","path":"/home/takanorifukuyama.guest/lab/data/bench/logs/logs.db","healthy":true,"retention_seconds":604800,"max_total_bytes":1073741824,"target":"tachyon_serverless_application::app"}
{"timestamp":"2026-09-18T03:19:47.272637Z","level":"INFO","message":"dispatcher registered","dispatcher_id":"dsp_01m2s8e09gqnp8s48xa24tm9w4","instance":"gateway@127.0.0.1:8080","pid":739725,"lease_ttl_seconds":30,"target":"tachyon_serverless_application::services::dispatcher"}
{"timestamp":"2026-09-18T03:19:47.280610Z","level":"WARN","message":"reclaimed the work of dispatchers that lost their lease","dispatcher_id":"dsp_01m2s8e09gqnp8s48xa24tm9w4","reclaimed_dispatchers":"[DispatcherId(dsp_01m2s7pzhmyf9ya1frqns2amj7)]","leases":0,"invocations":0,"attempts":0,"fenced":0,"target":"tachyon_serverless_application::services::dispatcher"}
{"timestamp":"2026-09-18T03:19:47.281126Z","level":"INFO","message":"application bootstrapped","profile":"production","provider":"firecracker","dev_only":false,"environment_reuse":true,"reuse_verified":true,"reuse_reason":"the provider reports both idle capabilities as supported and [pool] enabled is true","reuse_disabled":"None","idle_quiesce":"supported","idle_resume":"supported","data_dir":"/home/takanorifukuyama.guest/lab/data/bench","store":"sqlite","dispatcher_id":"dsp_01m2s8e09gqnp8s48xa24tm9w4","node":"kvm-node","node_region":"none","node_memory_mib":"None","max_concurrency":8,"queue":"none","objects":"none","invoke_async":false,"triggers":false,"target":"tachyon_serverless_application::app"}
{"timestamp":"2026-09-18T03:19:47.309916Z","level":"INFO","message":"startup reconcile finished","provider":"firecracker","found":0,"adopted":0,"terminated":0,"disowned":0,"failed":0,"lost":0,"foreign":0,"reclaimed_dispatchers":0,"fenced_terminated":0,"fenced_pending":0,"target":"tachyon_serverless_application::services::reconcile"}
{"timestamp":"2026-09-18T03:19:47.309983Z","level":"INFO","message":"gateway listening","addr":"127.0.0.1:8080","profile":"production","provider":"firecracker","target":"tachyon_serverless_gateway"}
{"timestamp":"2026-09-18T03:19:48.080357Z","level":"INFO","message":"firecracker spawned","env_id":"env_01m2s8e0rs14xcjt1a4x4xkb55","pid":739808,"instance_id":"env-01m2s8e0rs14xcjt1a4x4xkb55","jailed":true,"cgroup":"/sys/fs/cgroup/tachyon/env_01m2s8e0rs14xcjt1a4x4xkb55","target":"tachyon_serverless_provider_firecracker::provider"}
{"timestamp":"2026-09-18T03:19:48.087807Z","level":"INFO","message":"InstanceStart accepted","env_id":"env_01m2s8e0rs14xcjt1a4x4xkb55","vcpus":1,"mem_mib":256,"scratch_bytes":268435456,"target":"tachyon_serverless_provider_firecracker::provider"}
{"timestamp":"2026-09-18T03:19:55.701783Z","level":"INFO","message":"invocation finished","invocation_id":"inv_01m2s8e0qj8bj27gykqmdcf4gj","status":"succeeded","handler_ms":89,"environment_boot_ms":7179,"runtime_init_ms":579,"target":"tachyon_serverless_application::services::invoke"}
{"timestamp":"2026-09-18T03:19:56.134111Z","level":"INFO","message":"invocation finished","invocation_id":"inv_01m2s8e8x5e5x71vx85jyjpyv7","status":"succeeded","handler_ms":47,"environment_boot_ms":0,"runtime_init_ms":0,"target":"tachyon_serverless_application::services::invoke"}
{"timestamp":"2026-09-18T03:19:56.482629Z","level":"INFO","message":"invocation finished","invocation_id":"inv_01m2s8e986za5tzcjt7r98yh2a","status":"succeeded","handler_ms":41,"environment_boot_ms":0,"runtime_init_ms":0,"target":"tachyon_serverless_application::services::invoke"}
{"timestamp":"2026-09-18T03:19:56.838546Z","level":"INFO","message":"invocation finished","invocation_id":"inv_01m2s8e9ka09bfb4x1ch25ykvx","status":"succeeded","handler_ms":47,"environment_boot_ms":0,"runtime_init_ms":0,"target":"tachyon_serverless_application::services::invoke"}
{"timestamp":"2026-09-18T03:19:57.832506Z","level":"WARN","message":"state.db write transaction held the database write lock for long: every other writer, in this process and in any gateway sharing the file, waited","site":"crates/application/src/repository/sqlite/mod.rs:1556","held_ms":791,"threshold_ms":250,"target":"tachyon_serverless_application::repository::sqlite"}
{"timestamp":"2026-09-18T03:19:57.874184Z","level":"INFO","message":"invocation finished","invocation_id":"inv_01m2s8e9yn9dqhpd36hqqpfnws","status":"succeeded","handler_ms":2,"environment_boot_ms":0,"runtime_init_ms":0,"target":"tachyon_serverless_application::services::invoke"}
{"timestamp":"2026-09-18T03:19:58.255371Z","level":"INFO","message":"invocation finished","invocation_id":"inv_01m2s8eayns3d1s00kqy0r5bgh","status":"succeeded","handler_ms":37,"environment_boot_ms":0,"runtime_init_ms":0,"target":"tachyon_serverless_application::services::invoke"}
{"timestamp":"2026-09-18T03:19:58.672279Z","level":"INFO","message":"invocation finished","invocation_id":"inv_01m2s8ebaq6e14eny7jf878fd7","status":"succeeded","handler_ms":32,"environment_boot_ms":0,"runtime_init_ms":0,"target":"tachyon_serverless_application::services::invoke"}
{"timestamp":"2026-09-18T03:19:59.046397Z","level":"INFO","message":"invocation finished","invocation_id":"inv_01m2s8ebrcash06thbcsj15z7s","status":"succeeded","handler_ms":40,"environment_boot_ms":0,"runtime_init_ms":0,"target":"tachyon_serverless_application::services::invoke"}
{"timestamp":"2026-09-18T03:19:59.408740Z","level":"INFO","message":"invocation finished","invocation_id":"inv_01m2s8ec3dtg47dbs4qh5ja3x3","status":"succeeded","handler_ms":45,"environment_boot_ms":0,"runtime_init_ms":0,"target":"tachyon_serverless_application::services::invoke"}
{"timestamp":"2026-09-18T03:19:59.769252Z","level":"INFO","message":"invocation finished","invocation_id":"inv_01m2s8ecejr73wdq5jwxefq7xe","status":"succeeded","handler_ms":46,"environment_boot_ms":0,"runtime_init_ms":0,"target":"tachyon_serverless_application::services::invoke"}
{"timestamp":"2026-09-18T03:20:01.057642Z","level":"WARN","message":"state.db write transaction held the database write lock for long: every other writer, in this process and in any gateway sharing the file, waited","site":"crates/application/src/repository/sqlite/mod.rs:1556","held_ms":1001,"threshold_ms":250,"target":"tachyon_serverless_application::repository::sqlite"}
{"timestamp":"2026-09-18T03:20:01.079940Z","level":"INFO","message":"invocation finished","invocation_id":"inv_01m2s8ecsrcvm37vxf4j99avk3","status":"succeeded","handler_ms":3,"environment_boot_ms":0,"runtime_init_ms":0,"target":"tachyon_serverless_application::services::invoke"}
{"timestamp":"2026-09-18T03:20:01.474314Z","level":"INFO","message":"invocation finished","invocation_id":"inv_01m2s8ee2qnfb31rvdt053d8xb","status":"succeeded","handler_ms":57,"environment_boot_ms":0,"runtime_init_ms":0,"target":"tachyon_serverless_application::services::invoke"}
{"timestamp":"2026-09-18T03:20:01.831201Z","level":"INFO","message":"invocation finished","invocation_id":"inv_01m2s8eef7t81w9c1qteyx7k2s","status":"succeeded","handler_ms":42,"environment_boot_ms":0,"runtime_init_ms":0,"target":"tachyon_serverless_application::services::invoke"}
{"timestamp":"2026-09-18T03:20:02.209602Z","level":"INFO","message":"invocation finished","invocation_id":"inv_01m2s8eet3mg5vgqm9axcjts20","status":"succeeded","handler_ms":41,"environment_boot_ms":0,"runtime_init_ms":0,"target":"tachyon_serverless_application::services::invoke"}
{"timestamp":"2026-09-18T03:20:02.594091Z","level":"INFO","message":"invocation finished","invocation_id":"inv_01m2s8ef64wmxshj798x5106gg","status":"succeeded","handler_ms":32,"environment_boot_ms":0,"runtime_init_ms":0,"target":"tachyon_serverless_application::services::invoke"}
{"timestamp":"2026-09-18T03:20:02.995291Z","level":"INFO","message":"invocation finished","invocation_id":"inv_01m2s8efjpzbyym7thbkwe5cqg","status":"succeeded","handler_ms":30,"environment_boot_ms":0,"runtime_init_ms":0,"target":"tachyon_serverless_application::services::invoke"}
{"timestamp":"2026-09-18T03:20:03.428350Z","level":"INFO","message":"invocation finished","invocation_id":"inv_01m2s8efz2att39gws266ttszf","status":"succeeded","handler_ms":29,"environment_boot_ms":0,"runtime_init_ms":0,"target":"tachyon_serverless_application::services::invoke"}
{"timestamp":"2026-09-18T03:20:03.941438Z","level":"INFO","message":"invocation finished","invocation_id":"inv_01m2s8egdkfpk9w0gr23vq35tv","status":"succeeded","handler_ms":30,"environment_boot_ms":0,"runtime_init_ms":0,"target":"tachyon_serverless_application::services::invoke"}
{"timestamp":"2026-09-18T03:20:04.374556Z","level":"INFO","message":"invocation finished","invocation_id":"inv_01m2s8egwtwt0tpyqveh0k3cdy","status":"succeeded","handler_ms":30,"environment_boot_ms":0,"runtime_init_ms":0,"target":"tachyon_serverless_application::services::invoke"}
{"timestamp":"2026-09-18T03:20:05.056293Z","level":"INFO","message":"invocation finished","invocation_id":"inv_01m2s8ehkbdez91g4z91fxw68z","status":"succeeded","handler_ms":16,"environment_boot_ms":0,"runtime_init_ms":0,"target":"tachyon_serverless_application::services::invoke"}
{"timestamp":"2026-09-18T03:20:05.438671Z","level":"INFO","message":"invocation finished","invocation_id":"inv_01m2s8ej044rc0wbrtntk1qa93","status":"succeeded","handler_ms":41,"environment_boot_ms":0,"runtime_init_ms":0,"target":"tachyon_serverless_application::services::invoke"}
{"timestamp":"2026-09-18T03:20:17.952697Z","level":"WARN","message":"state.db write transaction held the database write lock for long: every other writer, in this process and in any gateway sharing the file, waited","site":"crates/application/src/repository/sqlite/slot.rs:133","held_ms":734,"threshold_ms":250,"target":"tachyon_serverless_application::repository::sqlite"}
{"timestamp":"2026-09-18T03:21:06.169245Z","level":"INFO","message":"invocation finished","invocation_id":"inv_01m2s8gdadw5kc19z2sz18m850","status":"succeeded","handler_ms":10,"environment_boot_ms":0,"runtime_init_ms":0,"target":"tachyon_serverless_application::services::invoke"}
{"timestamp":"2026-09-18T03:21:06.293644Z","level":"INFO","message":"invocation finished","invocation_id":"inv_01m2s8gdcqjy34qzd8yz9z8ggh","status":"succeeded","handler_ms":49,"environment_boot_ms":0,"runtime_init_ms":0,"target":"tachyon_serverless_application::services::invoke"}
{"timestamp":"2026-09-18T03:21:06.446032Z","level":"INFO","message":"invocation finished","invocation_id":"inv_01m2s8gdgwp8kvxz8t2fn2jmxd","status":"succeeded","handler_ms":29,"environment_boot_ms":0,"runtime_init_ms":0,"target":"tachyon_serverless_application::services::invoke"}
{"timestamp":"2026-09-18T03:21:06.582350Z","level":"INFO","message":"invocation finished","invocation_id":"inv_01m2s8gdnypkw05g797wgc6ghr","status":"succeeded","handler_ms":29,"environment_boot_ms":0,"runtime_init_ms":0,"target":"tachyon_serverless_application::services::invoke"}
{"timestamp":"2026-09-18T03:21:06.750701Z","level":"INFO","message":"invocation finished","invocation_id":"inv_01m2s8gdv68f3349x993j271sh","status":"succeeded","handler_ms":29,"environment_boot_ms":0,"runtime_init_ms":0,"target":"tachyon_serverless_application::services::invoke"}
{"timestamp":"2026-09-18T03:21:06.919175Z","level":"INFO","message":"invocation finished","invocation_id":"inv_01m2s8gdzphnhvthgx07g0ss8d","status":"succeeded","handler_ms":29,"environment_boot_ms":0,"runtime_init_ms":0,"target":"tachyon_serverless_application::services::invoke"}
{"timestamp":"2026-09-18T03:21:07.079651Z","level":"INFO","message":"invocation finished","invocation_id":"inv_01m2s8ge4qkgkgg0n52x9setph","status":"succeeded","handler_ms":29,"environment_boot_ms":0,"runtime_init_ms":0,"target":"tachyon_serverless_application::services::invoke"}
{"timestamp":"2026-09-18T03:21:07.344280Z","level":"INFO","message":"invocation finished","invocation_id":"inv_01m2s8gebf7c0ttbzrcs89wc1h","status":"succeeded","handler_ms":29,"environment_boot_ms":0,"runtime_init_ms":0,"target":"tachyon_serverless_application::services::invoke"}
{"timestamp":"2026-09-18T03:21:07.568891Z","level":"INFO","message":"invocation finished","invocation_id":"inv_01m2s8gejrgky40g7c6eq407nr","status":"succeeded","handler_ms":29,"environment_boot_ms":0,"runtime_init_ms":0,"target":"tachyon_serverless_application::services::invoke"}
{"timestamp":"2026-09-18T03:21:07.797156Z","level":"INFO","message":"invocation finished","invocation_id":"inv_01m2s8gev1senj824nr48s1dwb","status":"succeeded","handler_ms":46,"environment_boot_ms":0,"runtime_init_ms":0,"target":"tachyon_serverless_application::services::invoke"}
{"timestamp":"2026-09-18T03:21:07.902443Z","level":"INFO","message":"invocation finished","invocation_id":"inv_01m2s8geztrxxde66gre4jtg88","status":"succeeded","handler_ms":45,"environment_boot_ms":0,"runtime_init_ms":0,"target":"tachyon_serverless_application::services::invoke"}
{"timestamp":"2026-09-18T03:21:07.994226Z","level":"INFO","message":"invocation finished","invocation_id":"inv_01m2s8gf2xbehya8gqfq5w68qj","status":"succeeded","handler_ms":39,"environment_boot_ms":0,"runtime_init_ms":0,"target":"tachyon_serverless_application::services::invoke"}
{"timestamp":"2026-09-18T03:21:08.080849Z","level":"INFO","message":"invocation finished","invocation_id":"inv_01m2s8gf5ss4wqnhmw205cpver","status":"succeeded","handler_ms":37,"environment_boot_ms":0,"runtime_init_ms":0,"target":"tachyon_serverless_application::services::invoke"}
{"timestamp":"2026-09-18T03:21:08.172337Z","level":"INFO","message":"invocation finished","invocation_id":"inv_01m2s8gf8kcm014qe4egqmfx02","status":"succeeded","handler_ms":40,"environment_boot_ms":0,"runtime_init_ms":0,"target":"tachyon_serverless_application::services::invoke"}
{"timestamp":"2026-09-18T03:21:08.265559Z","level":"INFO","message":"invocation finished","invocation_id":"inv_01m2s8gfba79zwx2a44wenm2kn","status":"succeeded","handler_ms":45,"environment_boot_ms":0,"runtime_init_ms":0,"target":"tachyon_serverless_application::services::invoke"}
{"timestamp":"2026-09-18T03:21:08.358117Z","level":"INFO","message":"invocation finished","invocation_id":"inv_01m2s8gfe9mvp3kztr1nmcqwz0","status":"succeeded","handler_ms":36,"environment_boot_ms":0,"runtime_init_ms":0,"target":"tachyon_serverless_application::services::invoke"}
{"timestamp":"2026-09-18T03:21:08.436510Z","level":"INFO","message":"invocation finished","invocation_id":"inv_01m2s8gfgzw4k7mzmhw5t3437r","status":"succeeded","handler_ms":36,"environment_boot_ms":0,"runtime_init_ms":0,"target":"tachyon_serverless_application::services::invoke"}
{"timestamp":"2026-09-18T03:21:08.518984Z","level":"INFO","message":"invocation finished","invocation_id":"inv_01m2s8gfkf76db4cqfw5ejbp48","status":"succeeded","handler_ms":38,"environment_boot_ms":0,"runtime_init_ms":0,"target":"tachyon_serverless_application::services::invoke"}
{"timestamp":"2026-09-18T03:21:08.602133Z","level":"INFO","message":"invocation finished","invocation_id":"inv_01m2s8gfp39ykyvwwc6gqrg6tp","status":"succeeded","handler_ms":38,"environment_boot_ms":0,"runtime_init_ms":0,"target":"tachyon_serverless_application::services::invoke"}
{"timestamp":"2026-09-18T03:21:08.693509Z","level":"INFO","message":"invocation finished","invocation_id":"inv_01m2s8gfryap693aj5vb96v8g6","status":"succeeded","handler_ms":37,"environment_boot_ms":0,"runtime_init_ms":0,"target":"tachyon_serverless_application::services::invoke"}
{"timestamp":"2026-09-18T03:21:08.779586Z","level":"INFO","message":"invocation finished","invocation_id":"inv_01m2s8gfvnmyxj0gs50g82x7qs","status":"succeeded","handler_ms":37,"environment_boot_ms":0,"runtime_init_ms":0,"target":"tachyon_serverless_application::services::invoke"}
{"timestamp":"2026-09-18T03:21:08.869391Z","level":"INFO","message":"invocation finished","invocation_id":"inv_01m2s8gfycjnwvmx9wfgwkh3mn","status":"succeeded","handler_ms":38,"environment_boot_ms":0,"runtime_init_ms":0,"target":"tachyon_serverless_application::services::invoke"}
{"timestamp":"2026-09-18T03:21:09.155137Z","level":"WARN","message":"state.db write transaction held the database write lock for long: every other writer, in this process and in any gateway sharing the file, waited","site":"crates/application/src/repository/sqlite/mod.rs:1556","held_ms":257,"threshold_ms":250,"target":"tachyon_serverless_application::repository::sqlite"}
{"timestamp":"2026-09-18T03:21:09.203238Z","level":"INFO","message":"invocation finished","invocation_id":"inv_01m2s8gg111ze70dd01ffm25ky","status":"succeeded","handler_ms":35,"environment_boot_ms":0,"runtime_init_ms":0,"target":"tachyon_serverless_application::services::invoke"}
{"timestamp":"2026-09-18T03:21:09.289263Z","level":"INFO","message":"invocation finished","invocation_id":"inv_01m2s8ggbpn638rnpf1ynk6mdj","status":"succeeded","handler_ms":36,"environment_boot_ms":0,"runtime_init_ms":0,"target":"tachyon_serverless_application::services::invoke"}
{"timestamp":"2026-09-18T03:21:12.654456Z","level":"INFO","message":"invocation finished","invocation_id":"inv_01m2s8gknht6ng5q4yczdf2zdc","status":"succeeded","handler_ms":2,"environment_boot_ms":0,"runtime_init_ms":0,"target":"tachyon_serverless_application::services::invoke"}
{"timestamp":"2026-09-18T03:21:12.692769Z","level":"INFO","message":"firecracker spawned","env_id":"env_01m2s8gkp5xsardt53tpqfw25f","pid":741422,"instance_id":"env-01m2s8gkp5xsardt53tpqfw25f","jailed":true,"cgroup":"/sys/fs/cgroup/tachyon/env_01m2s8gkp5xsardt53tpqfw25f","target":"tachyon_serverless_provider_firecracker::provider"}
{"timestamp":"2026-09-18T03:21:12.705542Z","level":"INFO","message":"InstanceStart accepted","env_id":"env_01m2s8gkp5xsardt53tpqfw25f","vcpus":1,"mem_mib":256,"scratch_bytes":268435456,"target":"tachyon_serverless_provider_firecracker::provider"}
{"timestamp":"2026-09-18T03:21:12.802492Z","level":"INFO","message":"invocation finished","invocation_id":"inv_01m2s8gkqgyazf1w9c63cp5q36","status":"succeeded","handler_ms":46,"environment_boot_ms":0,"runtime_init_ms":0,"target":"tachyon_serverless_application::services::invoke"}
{"timestamp":"2026-09-18T03:21:12.904661Z","level":"INFO","message":"invocation finished","invocation_id":"inv_01m2s8gkw06fz572j4p85b9yve","status":"succeeded","handler_ms":39,"environment_boot_ms":0,"runtime_init_ms":0,"target":"tachyon_serverless_application::services::invoke"}
{"timestamp":"2026-09-18T03:21:13.728361Z","level":"WARN","message":"state.db write transaction held the database write lock for long: every other writer, in this process and in any gateway sharing the file, waited","site":"crates/application/src/repository/sqlite/slot.rs:470","held_ms":746,"threshold_ms":250,"target":"tachyon_serverless_application::repository::sqlite"}
{"timestamp":"2026-09-18T03:21:13.728382Z","level":"INFO","message":"invocation finished","invocation_id":"inv_01m2s8gkz6d1f9xtbsdc0p23sg","status":"succeeded","handler_ms":40,"environment_boot_ms":0,"runtime_init_ms":0,"target":"tachyon_serverless_application::services::invoke"}
{"timestamp":"2026-09-18T03:21:13.908676Z","level":"INFO","message":"invocation finished","invocation_id":"inv_01m2s8gmvr5x3gdgyzc3kam2cn","status":"succeeded","handler_ms":4,"environment_boot_ms":0,"runtime_init_ms":0,"target":"tachyon_serverless_application::services::invoke"}
{"timestamp":"2026-09-18T03:21:14.066033Z","level":"INFO","message":"invocation finished","invocation_id":"inv_01m2s8gmysrtx1mjg98mp1ykv2","status":"succeeded","handler_ms":76,"environment_boot_ms":0,"runtime_init_ms":0,"target":"tachyon_serverless_application::services::invoke"}
{"timestamp":"2026-09-18T03:21:14.166584Z","level":"INFO","message":"invocation finished","invocation_id":"inv_01m2s8gn3kwe8se7j01w6r5s6b","status":"succeeded","handler_ms":48,"environment_boot_ms":0,"runtime_init_ms":0,"target":"tachyon_serverless_application::services::invoke"}
{"timestamp":"2026-09-18T03:21:14.260314Z","level":"INFO","message":"invocation finished","invocation_id":"inv_01m2s8gn6nqgcpt03n6gwa06n1","status":"succeeded","handler_ms":45,"environment_boot_ms":0,"runtime_init_ms":0,"target":"tachyon_serverless_application::services::invoke"}
{"timestamp":"2026-09-18T03:21:14.352474Z","level":"INFO","message":"invocation finished","invocation_id":"inv_01m2s8gn9nnasakh1ex56yad65","status":"succeeded","handler_ms":36,"environment_boot_ms":0,"runtime_init_ms":0,"target":"tachyon_serverless_application::services::invoke"}
{"timestamp":"2026-09-18T03:21:14.444069Z","level":"INFO","message":"invocation finished","invocation_id":"inv_01m2s8gncmgjv4b1f3fd35xexw","status":"succeeded","handler_ms":41,"environment_boot_ms":0,"runtime_init_ms":0,"target":"tachyon_serverless_application::services::invoke"}
{"timestamp":"2026-09-18T03:21:14.814663Z","level":"INFO","message":"invocation finished","invocation_id":"inv_01m2s8gnr0mt2g2q9v5dc9e519","status":"succeeded","handler_ms":47,"environment_boot_ms":0,"runtime_init_ms":0,"target":"tachyon_serverless_application::services::invoke"}
{"timestamp":"2026-09-18T03:21:14.907030Z","level":"INFO","message":"invocation finished","invocation_id":"inv_01m2s8gnv1g4rzhmj6kzz6k186","status":"succeeded","handler_ms":40,"environment_boot_ms":0,"runtime_init_ms":0,"target":"tachyon_serverless_application::services::invoke"}
{"timestamp":"2026-09-18T03:21:19.273548Z","level":"INFO","message":"invocation finished","invocation_id":"inv_01m2s8gknhz846trtsph69dh9d","status":"succeeded","handler_ms":137,"environment_boot_ms":5999,"runtime_init_ms":509,"target":"tachyon_serverless_application::services::invoke"}
{"timestamp":"2026-09-18T03:21:19.474069Z","level":"INFO","message":"invocation finished","invocation_id":"inv_01m2s8gt7s2yqa5d4c5m8sj454","status":"succeeded","handler_ms":24,"environment_boot_ms":0,"runtime_init_ms":0,"target":"tachyon_serverless_application::services::invoke"}
{"timestamp":"2026-09-18T03:21:19.698559Z","level":"INFO","message":"invocation finished","invocation_id":"inv_01m2s8gtet4rk99h7qzs8vggfk","status":"succeeded","handler_ms":29,"environment_boot_ms":0,"runtime_init_ms":0,"target":"tachyon_serverless_application::services::invoke"}
{"timestamp":"2026-09-18T03:21:19.923312Z","level":"INFO","message":"invocation finished","invocation_id":"inv_01m2s8gtmvd36755m44qrvhjqd","status":"succeeded","handler_ms":29,"environment_boot_ms":0,"runtime_init_ms":0,"target":"tachyon_serverless_application::services::invoke"}
{"timestamp":"2026-09-18T03:21:20.187866Z","level":"INFO","message":"invocation finished","invocation_id":"inv_01m2s8gtvvzf75nh22b1ctxw79","status":"succeeded","handler_ms":31,"environment_boot_ms":0,"runtime_init_ms":0,"target":"tachyon_serverless_application::services::invoke"}
{"timestamp":"2026-09-18T03:21:20.484668Z","level":"INFO","message":"invocation finished","invocation_id":"inv_01m2s8gv440p13nbkdxna7gnht","status":"succeeded","handler_ms":30,"environment_boot_ms":0,"runtime_init_ms":0,"target":"tachyon_serverless_application::services::invoke"}
{"timestamp":"2026-09-18T03:21:20.701166Z","level":"INFO","message":"invocation finished","invocation_id":"inv_01m2s8gvecg9mcj53ar60vfctw","status":"succeeded","handler_ms":30,"environment_boot_ms":0,"runtime_init_ms":0,"target":"tachyon_serverless_application::services::invoke"}
{"timestamp":"2026-09-18T03:21:20.895840Z","level":"INFO","message":"invocation finished","invocation_id":"inv_01m2s8gvn51j35czex9781f52r","status":"succeeded","handler_ms":42,"environment_boot_ms":0,"runtime_init_ms":0,"target":"tachyon_serverless_application::services::invoke"}
{"timestamp":"2026-09-18T03:21:20.987084Z","level":"INFO","message":"invocation finished","invocation_id":"inv_01m2s8gvrvp5gtpcd8493hf59k","status":"succeeded","handler_ms":53,"environment_boot_ms":0,"runtime_init_ms":0,"target":"tachyon_serverless_application::services::invoke"}
{"timestamp":"2026-09-18T03:21:21.075119Z","level":"INFO","message":"invocation finished","invocation_id":"inv_01m2s8gvvnqb15pvb4dydctc6g","status":"succeeded","handler_ms":50,"environment_boot_ms":0,"runtime_init_ms":0,"target":"tachyon_serverless_application::services::invoke"}
{"timestamp":"2026-09-18T03:21:21.160702Z","level":"INFO","message":"invocation finished","invocation_id":"inv_01m2s8gvyeqbxs6rd7vs8wz5dj","status":"succeeded","handler_ms":44,"environment_boot_ms":0,"runtime_init_ms":0,"target":"tachyon_serverless_application::services::invoke"}
{"timestamp":"2026-09-18T03:21:21.254774Z","level":"INFO","message":"invocation finished","invocation_id":"inv_01m2s8gw1av18g9fmpjncanya4","status":"succeeded","handler_ms":49,"environment_boot_ms":0,"runtime_init_ms":0,"target":"tachyon_serverless_application::services::invoke"}
{"timestamp":"2026-09-18T03:21:24.823696Z","level":"INFO","message":"invocation finished","invocation_id":"inv_01m2s8gze6vbg8b3g2s2rgccvr","status":"succeeded","handler_ms":16,"environment_boot_ms":0,"runtime_init_ms":0,"target":"tachyon_serverless_application::services::invoke"}
{"timestamp":"2026-09-18T03:21:24.919753Z","level":"INFO","message":"invocation finished","invocation_id":"inv_01m2s8gze6pgtq8nya91gq8twx","status":"succeeded","handler_ms":33,"environment_boot_ms":0,"runtime_init_ms":0,"target":"tachyon_serverless_application::services::invoke"}
{"timestamp":"2026-09-18T03:21:25.456142Z","level":"INFO","message":"firecracker spawned","env_id":"env_01m2s8gzh70fy4x73h1106n0wd","pid":742140,"instance_id":"env-01m2s8gzh70fy4x73h1106n0wd","jailed":true,"cgroup":"/sys/fs/cgroup/tachyon/env_01m2s8gzh70fy4x73h1106n0wd","target":"tachyon_serverless_provider_firecracker::provider"}
{"timestamp":"2026-09-18T03:21:25.464328Z","level":"INFO","message":"InstanceStart accepted","env_id":"env_01m2s8gzh70fy4x73h1106n0wd","vcpus":1,"mem_mib":256,"scratch_bytes":268435456,"target":"tachyon_serverless_provider_firecracker::provider"}
{"timestamp":"2026-09-18T03:21:25.529425Z","level":"INFO","message":"invocation finished","invocation_id":"inv_01m2s8gzs01wfcnys1d780xm8w","status":"succeeded","handler_ms":40,"environment_boot_ms":0,"runtime_init_ms":0,"target":"tachyon_serverless_application::services::invoke"}
{"timestamp":"2026-09-18T03:21:25.573995Z","level":"INFO","message":"firecracker spawned","env_id":"env_01m2s8gzj7274fwz5n7pm8n8ax","pid":742146,"instance_id":"env-01m2s8gzj7274fwz5n7pm8n8ax","jailed":true,"cgroup":"/sys/fs/cgroup/tachyon/env_01m2s8gzj7274fwz5n7pm8n8ax","target":"tachyon_serverless_provider_firecracker::provider"}
{"timestamp":"2026-09-18T03:21:25.618887Z","level":"INFO","message":"InstanceStart accepted","env_id":"env_01m2s8gzj7274fwz5n7pm8n8ax","vcpus":1,"mem_mib":256,"scratch_bytes":268435456,"target":"tachyon_serverless_provider_firecracker::provider"}
{"timestamp":"2026-09-18T03:21:25.681785Z","level":"INFO","message":"invocation finished","invocation_id":"inv_01m2s8h0610yqfw3jh8vz0hrh4","status":"succeeded","handler_ms":48,"environment_boot_ms":0,"runtime_init_ms":0,"target":"tachyon_serverless_application::services::invoke"}
{"timestamp":"2026-09-18T03:21:25.950962Z","level":"INFO","message":"invocation finished","invocation_id":"inv_01m2s8h0dhkm27r77e78wsqbde","status":"succeeded","handler_ms":128,"environment_boot_ms":0,"runtime_init_ms":0,"target":"tachyon_serverless_application::services::invoke"}
{"timestamp":"2026-09-18T03:21:25.962725Z","level":"INFO","message":"invocation finished","invocation_id":"inv_01m2s8h0gjm8rz2ctwea9t9apz","status":"succeeded","handler_ms":89,"environment_boot_ms":0,"runtime_init_ms":0,"target":"tachyon_serverless_application::services::invoke"}
{"timestamp":"2026-09-18T03:21:26.066715Z","level":"INFO","message":"invocation finished","invocation_id":"inv_01m2s8h0q2g1qk04017a4v9036","status":"succeeded","handler_ms":65,"environment_boot_ms":0,"runtime_init_ms":0,"target":"tachyon_serverless_application::services::invoke"}
{"timestamp":"2026-09-18T03:21:26.137266Z","level":"INFO","message":"invocation finished","invocation_id":"inv_01m2s8h0qp1vkjngthg54s4txq","status":"succeeded","handler_ms":115,"environment_boot_ms":0,"runtime_init_ms":0,"target":"tachyon_serverless_application::services::invoke"}
{"timestamp":"2026-09-18T03:21:26.178799Z","level":"INFO","message":"invocation finished","invocation_id":"inv_01m2s8h0trammv2mzcqwra03qv","status":"succeeded","handler_ms":61,"environment_boot_ms":0,"runtime_init_ms":0,"target":"tachyon_serverless_application::services::invoke"}
{"timestamp":"2026-09-18T03:21:26.237151Z","level":"INFO","message":"invocation finished","invocation_id":"inv_01m2s8h0wwj2206dpd1650baea","status":"succeeded","handler_ms":52,"environment_boot_ms":0,"runtime_init_ms":0,"target":"tachyon_serverless_application::services::invoke"}
{"timestamp":"2026-09-18T03:21:26.286856Z","level":"INFO","message":"invocation finished","invocation_id":"inv_01m2s8h0y8wntabn1ftfsqkckv","status":"succeeded","handler_ms":58,"environment_boot_ms":0,"runtime_init_ms":0,"target":"tachyon_serverless_application::services::invoke"}
{"timestamp":"2026-09-18T03:21:26.340568Z","level":"INFO","message":"invocation finished","invocation_id":"inv_01m2s8h1033zdv773tva3fg3fh","status":"succeeded","handler_ms":48,"environment_boot_ms":0,"runtime_init_ms":0,"target":"tachyon_serverless_application::services::invoke"}
{"timestamp":"2026-09-18T03:21:38.161319Z","level":"INFO","message":"invocation finished","invocation_id":"inv_01m2s8gzez5b23fhy2zay9ythp","status":"succeeded","handler_ms":83,"environment_boot_ms":11932,"runtime_init_ms":1170,"target":"tachyon_serverless_application::services::invoke"}
{"timestamp":"2026-09-18T03:21:38.313035Z","level":"INFO","message":"invocation finished","invocation_id":"inv_01m2s8hcqp3syb2t9c21gt1bx0","status":"succeeded","handler_ms":2,"environment_boot_ms":0,"runtime_init_ms":0,"target":"tachyon_serverless_application::services::invoke"}
{"timestamp":"2026-09-18T03:21:38.465087Z","level":"INFO","message":"invocation finished","invocation_id":"inv_01m2s8hcsetxtfpwxgx8vntgyv","status":"succeeded","handler_ms":72,"environment_boot_ms":0,"runtime_init_ms":0,"target":"tachyon_serverless_application::services::invoke"}
{"timestamp":"2026-09-18T03:21:38.532566Z","level":"INFO","message":"invocation finished","invocation_id":"inv_01m2s8gzeznda56y6b2hjrb58k","status":"succeeded","handler_ms":265,"environment_boot_ms":12194,"runtime_init_ms":902,"target":"tachyon_serverless_application::services::invoke"}
{"timestamp":"2026-09-18T03:21:38.597711Z","level":"INFO","message":"invocation finished","invocation_id":"inv_01m2s8hcyrc18z7xgsf0d3shc1","status":"succeeded","handler_ms":57,"environment_boot_ms":0,"runtime_init_ms":0,"target":"tachyon_serverless_application::services::invoke"}
{"timestamp":"2026-09-18T03:21:38.706354Z","level":"INFO","message":"invocation finished","invocation_id":"inv_01m2s8hd0y6qf1eqvhqq29pcmt","status":"succeeded","handler_ms":73,"environment_boot_ms":0,"runtime_init_ms":0,"target":"tachyon_serverless_application::services::invoke"}
{"timestamp":"2026-09-18T03:21:38.746786Z","level":"INFO","message":"invocation finished","invocation_id":"inv_01m2s8hd2j02yx1qfmt5xsczjd","status":"succeeded","handler_ms":56,"environment_boot_ms":0,"runtime_init_ms":0,"target":"tachyon_serverless_application::services::invoke"}
{"timestamp":"2026-09-18T03:21:38.971431Z","level":"INFO","message":"invocation finished","invocation_id":"inv_01m2s8hd7mewys3yf6zjs5mw86","status":"succeeded","handler_ms":29,"environment_boot_ms":0,"runtime_init_ms":0,"target":"tachyon_serverless_application::services::invoke"}
{"timestamp":"2026-09-18T03:21:38.995403Z","level":"INFO","message":"invocation finished","invocation_id":"inv_01m2s8hd8vr758ddtft6bn2rnx","status":"succeeded","handler_ms":28,"environment_boot_ms":0,"runtime_init_ms":0,"target":"tachyon_serverless_application::services::invoke"}
{"timestamp":"2026-09-18T03:21:39.195840Z","level":"INFO","message":"invocation finished","invocation_id":"inv_01m2s8hdg3331x3xrq303xd7np","status":"succeeded","handler_ms":27,"environment_boot_ms":0,"runtime_init_ms":0,"target":"tachyon_serverless_application::services::invoke"}
{"timestamp":"2026-09-18T03:21:39.348279Z","level":"INFO","message":"invocation finished","invocation_id":"inv_01m2s8hdp6rhqp34fz8dvv2313","status":"succeeded","handler_ms":27,"environment_boot_ms":0,"runtime_init_ms":0,"target":"tachyon_serverless_application::services::invoke"}
{"timestamp":"2026-09-18T03:21:39.524803Z","level":"INFO","message":"invocation finished","invocation_id":"inv_01m2s8hdt5mzrv46gzkbydqkzh","status":"succeeded","handler_ms":32,"environment_boot_ms":0,"runtime_init_ms":0,"target":"tachyon_serverless_application::services::invoke"}
{"timestamp":"2026-09-18T03:21:43.141977Z","level":"INFO","message":"invocation finished","invocation_id":"inv_01m2s8hh75e3c9fzy6wwpmsd3k","status":"succeeded","handler_ms":32,"environment_boot_ms":0,"runtime_init_ms":0,"target":"tachyon_serverless_application::services::invoke"}
{"timestamp":"2026-09-18T03:21:43.238230Z","level":"INFO","message":"invocation finished","invocation_id":"inv_01m2s8hh75k6a9w8xszypxn7ca","status":"succeeded","handler_ms":37,"environment_boot_ms":0,"runtime_init_ms":0,"target":"tachyon_serverless_application::services::invoke"}
{"timestamp":"2026-09-18T03:21:43.326563Z","level":"INFO","message":"invocation finished","invocation_id":"inv_01m2s8hh5j5dft4bgqwkw0cpm0","status":"succeeded","handler_ms":31,"environment_boot_ms":0,"runtime_init_ms":0,"target":"tachyon_serverless_application::services::invoke"}
{"timestamp":"2026-09-18T03:21:43.422682Z","level":"INFO","message":"invocation finished","invocation_id":"inv_01m2s8hh8dxy80z2caeh5j3cvx","status":"succeeded","handler_ms":64,"environment_boot_ms":0,"runtime_init_ms":0,"target":"tachyon_serverless_application::services::invoke"}
{"timestamp":"2026-09-18T03:21:43.743438Z","level":"INFO","message":"invocation finished","invocation_id":"inv_01m2s8hhad1rd8tp7atv5d18df","status":"succeeded","handler_ms":96,"environment_boot_ms":0,"runtime_init_ms":0,"target":"tachyon_serverless_application::services::invoke"}
{"timestamp":"2026-09-18T03:21:43.839720Z","level":"INFO","message":"invocation finished","invocation_id":"inv_01m2s8hhaxtbgs1brtnnvv0cte","status":"succeeded","handler_ms":31,"environment_boot_ms":0,"runtime_init_ms":0,"target":"tachyon_serverless_application::services::invoke"}
{"timestamp":"2026-09-18T03:21:43.968121Z","level":"INFO","message":"invocation finished","invocation_id":"inv_01m2s8hhb5vpdy0eap54tqw218","status":"succeeded","handler_ms":32,"environment_boot_ms":0,"runtime_init_ms":0,"target":"tachyon_serverless_application::services::invoke"}
{"timestamp":"2026-09-18T03:21:44.059249Z","level":"INFO","message":"invocation finished","invocation_id":"inv_01m2s8hhbd3phw71jxg2n21eva","status":"succeeded","handler_ms":35,"environment_boot_ms":0,"runtime_init_ms":0,"target":"tachyon_serverless_application::services::invoke"}
{"timestamp":"2026-09-18T03:21:44.119542Z","level":"INFO","message":"invocation finished","invocation_id":"inv_01m2s8hhryz5d53x6azzw4dv7a","status":"succeeded","handler_ms":48,"environment_boot_ms":0,"runtime_init_ms":0,"target":"tachyon_serverless_application::services::invoke"}
{"timestamp":"2026-09-18T03:21:44.154269Z","level":"INFO","message":"invocation finished","invocation_id":"inv_01m2s8hhx7s9ah2jnv0pteet4j","status":"succeeded","handler_ms":67,"environment_boot_ms":0,"runtime_init_ms":0,"target":"tachyon_serverless_application::services::invoke"}
{"timestamp":"2026-09-18T03:21:44.173265Z","level":"INFO","message":"invocation finished","invocation_id":"inv_01m2s8hj07bw6g53j61q3kp12h","status":"succeeded","handler_ms":69,"environment_boot_ms":0,"runtime_init_ms":0,"target":"tachyon_serverless_application::services::invoke"}
{"timestamp":"2026-09-18T03:21:44.180466Z","level":"INFO","message":"invocation finished","invocation_id":"inv_01m2s8hj2z6ccrxyqjx72s6ca7","status":"succeeded","handler_ms":69,"environment_boot_ms":0,"runtime_init_ms":0,"target":"tachyon_serverless_application::services::invoke"}
{"timestamp":"2026-09-18T03:21:44.208869Z","level":"INFO","message":"invocation finished","invocation_id":"inv_01m2s8hj906gb4yyvg6zxc8705","status":"succeeded","handler_ms":59,"environment_boot_ms":0,"runtime_init_ms":0,"target":"tachyon_serverless_application::services::invoke"}
{"timestamp":"2026-09-18T03:21:44.250309Z","level":"INFO","message":"invocation finished","invocation_id":"inv_01m2s8hjc0nspvef6tzhvg39pj","status":"succeeded","handler_ms":50,"environment_boot_ms":0,"runtime_init_ms":0,"target":"tachyon_serverless_application::services::invoke"}
{"timestamp":"2026-09-18T03:21:44.300288Z","level":"INFO","message":"invocation finished","invocation_id":"inv_01m2s8hjggkhp6mbvxt21wracw","status":"succeeded","handler_ms":49,"environment_boot_ms":0,"runtime_init_ms":0,"target":"tachyon_serverless_application::services::invoke"}
{"timestamp":"2026-09-18T03:21:44.309751Z","level":"INFO","message":"invocation finished","invocation_id":"inv_01m2s8hjcy9wfjcxnhtcve60d2","status":"succeeded","handler_ms":76,"environment_boot_ms":0,"runtime_init_ms":0,"target":"tachyon_serverless_application::services::invoke"}
{"timestamp":"2026-09-18T03:21:44.319914Z","level":"INFO","message":"invocation finished","invocation_id":"inv_01m2s8hjdv9dnjw08d5yceamj6","status":"succeeded","handler_ms":72,"environment_boot_ms":0,"runtime_init_ms":0,"target":"tachyon_serverless_application::services::invoke"}
{"timestamp":"2026-09-18T03:21:44.334981Z","level":"INFO","message":"invocation finished","invocation_id":"inv_01m2s8hjgp1grdg2n5gtj2ksch","status":"succeeded","handler_ms":52,"environment_boot_ms":0,"runtime_init_ms":0,"target":"tachyon_serverless_application::services::invoke"}
{"timestamp":"2026-09-18T03:21:44.391702Z","level":"INFO","message":"invocation finished","invocation_id":"inv_01m2s8hjgw2sbte4ey887a0861","status":"succeeded","handler_ms":51,"environment_boot_ms":0,"runtime_init_ms":0,"target":"tachyon_serverless_application::services::invoke"}
{"timestamp":"2026-09-18T03:21:44.396854Z","level":"INFO","message":"invocation finished","invocation_id":"inv_01m2s8hjhtd852vdh3v9nddg5g","status":"succeeded","handler_ms":48,"environment_boot_ms":0,"runtime_init_ms":0,"target":"tachyon_serverless_application::services::invoke"}
{"timestamp":"2026-09-18T03:21:44.435854Z","level":"INFO","message":"invocation finished","invocation_id":"inv_01m2s8hjjcpnr1mpxfk1qm6g4g","status":"succeeded","handler_ms":62,"environment_boot_ms":0,"runtime_init_ms":0,"target":"tachyon_serverless_application::services::invoke"}
{"timestamp":"2026-09-18T03:21:44.443795Z","level":"INFO","message":"invocation finished","invocation_id":"inv_01m2s8hjkn3t7384p8gv35y86g","status":"succeeded","handler_ms":54,"environment_boot_ms":0,"runtime_init_ms":0,"target":"tachyon_serverless_application::services::invoke"}
{"timestamp":"2026-09-18T03:21:44.482222Z","level":"INFO","message":"invocation finished","invocation_id":"inv_01m2s8hjnssn1gjcmsnt3nc8qd","status":"succeeded","handler_ms":47,"environment_boot_ms":0,"runtime_init_ms":0,"target":"tachyon_serverless_application::services::invoke"}
{"timestamp":"2026-09-18T03:21:44.485314Z","level":"INFO","message":"invocation finished","invocation_id":"inv_01m2s8hjnrjhgr8y874x24v9b3","status":"succeeded","handler_ms":43,"environment_boot_ms":0,"runtime_init_ms":0,"target":"tachyon_serverless_application::services::invoke"}
{"timestamp":"2026-09-18T03:21:50.036072Z","level":"INFO","message":"SIGTERM received","target":"tachyon_serverless_gateway"}
{"timestamp":"2026-09-18T03:21:50.036092Z","level":"INFO","message":"shutdown requested; cancelling in-flight invocations","target":"tachyon_serverless_gateway"}
{"timestamp":"2026-09-18T03:21:50.163304Z","level":"INFO","message":"cgroup stats at teardown","env_id":"env_01m2s8gzj7274fwz5n7pm8n8ax","cgroup":"/sys/fs/cgroup/tachyon/env_01m2s8gzj7274fwz5n7pm8n8ax","stats":"{\"cpu.max\":\"50000 100000\",\"cpu.stat\":{\"burst_usec\":0,\"core_sched.force_idle_usec\":0,\"nice_usec\":0,\"nr_bursts\":0,\"nr_periods\":143,\"nr_throttled\":129,\"system_usec\":3886962,\"throttled_usec\":6396472,\"usage_usec\":6743493,\"user_usec\":2856530},\"memory.current\":3833856,\"memory.events\":{\"high\":0,\"low\":0,\"max\":0,\"oom\":0,\"oom_group_kill\":0,\"oom_kill\":0,\"sock_throttled\":0},\"memory.max\":335544320,\"memory.peak\":46821376,\"pids.max\":64,\"pids.peak\":3}","target":"tachyon_serverless_provider_firecracker::provider"}
{"timestamp":"2026-09-18T03:21:50.165708Z","level":"INFO","message":"environment terminated","env_id":"env_01m2s8gzj7274fwz5n7pm8n8ax","reason":"Quiesced","was_running":true,"target":"tachyon_serverless_provider_firecracker::provider"}
{"timestamp":"2026-09-18T03:21:50.208108Z","level":"INFO","message":"idle environment reaped","environment_id":"env_01m2s8gzj7274fwz5n7pm8n8ax","revision_id":"rev_01m2s7q01trvdv3xa8jhfsybhc","reason":"pool drain","target":"tachyon_serverless_application::services::pool"}
{"timestamp":"2026-09-18T03:21:50.355477Z","level":"INFO","message":"cgroup stats at teardown","env_id":"env_01m2s8gzh70fy4x73h1106n0wd","cgroup":"/sys/fs/cgroup/tachyon/env_01m2s8gzh70fy4x73h1106n0wd","stats":"{\"cpu.max\":\"50000 100000\",\"cpu.stat\":{\"burst_usec\":0,\"core_sched.force_idle_usec\":0,\"nice_usec\":0,\"nr_bursts\":0,\"nr_periods\":143,\"nr_throttled\":127,\"system_usec\":3761819,\"throttled_usec\":6163685,\"usage_usec\":6629701,\"user_usec\":2867881},\"memory.current\":4063232,\"memory.events\":{\"high\":0,\"low\":0,\"max\":0,\"oom\":0,\"oom_group_kill\":0,\"oom_kill\":0,\"sock_throttled\":0},\"memory.max\":335544320,\"memory.peak\":46776320,\"pids.max\":64,\"pids.peak\":3}","target":"tachyon_serverless_provider_firecracker::provider"}
{"timestamp":"2026-09-18T03:21:50.357533Z","level":"INFO","message":"environment terminated","env_id":"env_01m2s8gzh70fy4x73h1106n0wd","reason":"Quiesced","was_running":true,"target":"tachyon_serverless_provider_firecracker::provider"}
{"timestamp":"2026-09-18T03:21:50.384294Z","level":"INFO","message":"idle environment reaped","environment_id":"env_01m2s8gzh70fy4x73h1106n0wd","revision_id":"rev_01m2s7q01trvdv3xa8jhfsybhc","reason":"pool drain","target":"tachyon_serverless_application::services::pool"}
{"timestamp":"2026-09-18T03:21:50.452134Z","level":"INFO","message":"cgroup stats at teardown","env_id":"env_01m2s8gkp5xsardt53tpqfw25f","cgroup":"/sys/fs/cgroup/tachyon/env_01m2s8gkp5xsardt53tpqfw25f","stats":"{\"cpu.max\":\"50000 100000\",\"cpu.stat\":{\"burst_usec\":0,\"core_sched.force_idle_usec\":0,\"nice_usec\":0,\"nr_bursts\":0,\"nr_periods\":102,\"nr_throttled\":69,\"system_usec\":2400961,\"throttled_usec\":3313205,\"usage_usec\":4093564,\"user_usec\":1692602},\"memory.current\":4067328,\"memory.events\":{\"high\":0,\"low\":0,\"max\":0,\"oom\":0,\"oom_group_kill\":0,\"oom_kill\":0,\"sock_throttled\":0},\"memory.max\":335544320,\"memory.peak\":47177728,\"pids.max\":64,\"pids.peak\":3}","target":"tachyon_serverless_provider_firecracker::provider"}
{"timestamp":"2026-09-18T03:21:50.453948Z","level":"INFO","message":"environment terminated","env_id":"env_01m2s8gkp5xsardt53tpqfw25f","reason":"Quiesced","was_running":true,"target":"tachyon_serverless_provider_firecracker::provider"}
{"timestamp":"2026-09-18T03:21:50.521347Z","level":"INFO","message":"idle environment reaped","environment_id":"env_01m2s8gkp5xsardt53tpqfw25f","revision_id":"rev_01m2s7q01trvdv3xa8jhfsybhc","reason":"pool drain","target":"tachyon_serverless_application::services::pool"}
{"timestamp":"2026-09-18T03:21:50.588251Z","level":"INFO","message":"cgroup stats at teardown","env_id":"env_01m2s8e0rs14xcjt1a4x4xkb55","cgroup":"/sys/fs/cgroup/tachyon/env_01m2s8e0rs14xcjt1a4x4xkb55","stats":"{\"cpu.max\":\"50000 100000\",\"cpu.stat\":{\"burst_usec\":0,\"core_sched.force_idle_usec\":0,\"nice_usec\":0,\"nr_bursts\":0,\"nr_periods\":250,\"nr_throttled\":92,\"system_usec\":4830357,\"throttled_usec\":3946159,\"usage_usec\":7346376,\"user_usec\":2516019},\"memory.current\":3821568,\"memory.events\":{\"high\":0,\"low\":0,\"max\":0,\"oom\":0,\"oom_group_kill\":0,\"oom_kill\":0,\"sock_throttled\":0},\"memory.max\":335544320,\"memory.peak\":47263744,\"pids.max\":64,\"pids.peak\":3}","target":"tachyon_serverless_provider_firecracker::provider"}
{"timestamp":"2026-09-18T03:21:50.590115Z","level":"INFO","message":"environment terminated","env_id":"env_01m2s8e0rs14xcjt1a4x4xkb55","reason":"Quiesced","was_running":true,"target":"tachyon_serverless_provider_firecracker::provider"}
{"timestamp":"2026-09-18T03:21:50.721105Z","level":"INFO","message":"idle environment reaped","environment_id":"env_01m2s8e0rs14xcjt1a4x4xkb55","revision_id":"rev_01m2s7q01trvdv3xa8jhfsybhc","reason":"pool drain","target":"tachyon_serverless_application::services::pool"}
{"timestamp":"2026-09-18T03:21:50.721129Z","level":"INFO","message":"idle sweep finished","examined":4,"reaped":4,"drained":0,"kept":0,"raced":0,"failed":0,"target":"tachyon_serverless_application::services::pool"}
{"timestamp":"2026-09-18T03:21:50.721140Z","level":"INFO","message":"pooled environments terminated on shutdown","reaped":4,"target":"tachyon_serverless_gateway"}
{"timestamp":"2026-09-18T03:21:50.769266Z","level":"INFO","message":"final usage collection","report":"CollectReport { batches: 1, read: 4, inserted: 4, duplicates: 0, cursor_seq: 884 }","target":"tachyon_serverless_gateway"}
{"timestamp":"2026-09-18T03:21:50.938113Z","level":"INFO","message":"gateway stopped","target":"tachyon_serverless_gateway"}
