# tachyon-serverless lab transcript
# command:  scripts/lab/lab.sh --provider firecracker up
# started:  2026-09-17T16:36:36Z
# lab_dir:  /home/takanorifukuyama.guest/lab/.lab
# lab_id:   lab-4382d02e
# host:     Linux 7.0.0-31-generic aarch64 user=takanorifukuyama
# git:      264db3e1c8e64fa4e4ce8d6360afbc50675a7882
2026-09-17T16:36:36Z [lab] step 1/5: throwaway secrets and config (lab lab-4382d02e, provider firecracker)
2026-09-17T16:36:36Z [lab] generated throwaway tokens and demo secret: /home/takanorifukuyama.guest/lab/.lab/secrets/tokens.env (0600)
2026-09-17T16:36:36Z [lab] generated object store key: /home/takanorifukuyama.guest/lab/.lab/secrets/object.key (0600)
2026-09-17T16:36:36Z [lab] generated trigger sealing key: /home/takanorifukuyama.guest/lab/.lab/secrets/triggers.key (0600)
2026-09-17T16:36:36Z [lab] config: /home/takanorifukuyama.guest/lab/.lab/config/gateway.toml (0600)
2026-09-17T16:36:36Z [lab] step 2/5: nats-server v2.14.7 on 127.0.0.1:42535 (store /home/takanorifukuyama.guest/lab/.lab/nats/jetstream)
2026-09-17T16:36:37Z [queue] nats-server v2.14.7 ready on 127.0.0.1:42535 (pid 364755, store /home/takanorifukuyama.guest/lab/.lab/nats/jetstream)
2026-09-17T16:36:37Z [lab] step 3/5: gateway on 127.0.0.1:53339 (applies forward-only migrations to /home/takanorifukuyama.guest/lab/.lab/data/state.db before listening)
2026-09-17T16:36:37Z [lab] gateway pid 364783, log /home/takanorifukuyama.guest/lab/.lab/logs/gateway.log
2026-09-17T16:36:37Z [lab] step 4/5: health of every component
2026-09-17T16:36:40Z STATUS COMPONENT              CHECK                                        DETAIL
2026-09-17T16:36:40Z ok    nats-server            process                                      pid 364755
2026-09-17T16:36:40Z ok    nats-server            GET /healthz?js-enabled-only=true            200 (JetStream enabled)
2026-09-17T16:36:40Z ok    gateway                process                                      pid 364783
2026-09-17T16:36:40Z ok    gateway                GET /healthz                                 200
2026-09-17T16:36:40Z ok    gateway                GET /readyz .ready                           true
2026-09-17T16:36:40Z ok    provider               readyz .preflight                            firecracker ok=true egress_network
2026-09-17T16:36:40Z ok    dispatcher             readyz .dispatcher.fenced                    false
2026-09-17T16:36:40Z ok    config-cache           readyz .control_plane.new_invocations        accepted config=fresh
2026-09-17T16:36:40Z ok    usage-journal          readyz .usage                                accepting=true journal_healthy=true collector_error=null
2026-09-17T16:36:40Z ok    budget                 readyz .budget                               accepting=true store_healthy=true stalled=false file_error=null
2026-09-17T16:36:40Z ok    ledger                 state.db schema_version = migrations         8/8
2026-09-17T16:36:40Z ok    queue                  tsls_async_queue_condition{healthy}          1
2026-09-17T16:36:40Z ok    trigger-scheduler      tsls_trigger_scheduler_owner                 1
2026-09-17T16:36:40Z ok    async-dispatcher       tsls_async_dispatch_runs_in_flight           0
2026-09-17T16:36:40Z ok    metrics                operator token 200, tenant token 401         401
2026-09-17T16:36:40Z ok    object-store           root exists, key 0600, backend filesystem    /home/takanorifukuyama.guest/lab/.lab/data/objects
2026-09-17T16:36:40Z skip  console                GET /console/                                not enabled (up --console)
2026-09-17T16:36:40Z [lab] step 5/5: ready
2026-09-17T16:36:40Z 
2026-09-17T16:36:40Z   API:     http://127.0.0.1:53339
2026-09-17T16:36:40Z   tokens:  /home/takanorifukuyama.guest/lab/.lab/secrets/tokens.env (source it; values are never printed)
2026-09-17T16:36:40Z   CLI:     set -a; . /home/takanorifukuyama.guest/lab/.lab/secrets/tokens.env; set +a; TSLS_API_URL=http://127.0.0.1:53339 TSLS_TOKEN=$TOKEN_A target/debug/tsls functions list
2026-09-17T16:36:40Z   next:    scripts/lab/lab.sh demo all
# finished: 2026-09-17T16:36:40Z exit=0
