# tachyon-serverless lab transcript
# command:  scripts/lab/lab.sh --provider firecracker bootstrap
# started:  2026-09-17T16:35:36Z
# lab_dir:  /home/takanorifukuyama.guest/lab/.lab
# lab_id:   lab-4382d02e
# host:     Linux 7.0.0-31-generic aarch64 user=takanorifukuyama
# git:      264db3e1c8e64fa4e4ce8d6360afbc50675a7882
2026-09-17T16:35:36Z [lab] lab lab-4382d02e provider=firecracker arch=aarch64
2026-09-17T16:35:36Z [lab] step 1/4: nats-server v2.14.7
2026-09-17T16:35:36Z [queue] downloading https://github.com/nats-io/nats-server/releases/download/v2.14.7/nats-server-v2.14.7-linux-arm64.tar.gz
2026-09-17T16:35:36Z [queue] verified nats-server-v2.14.7-linux-arm64 (sha256 50e0258a1b7290f3fe2e4f17506b74a90ffb1dd77867ae3a402eb0c9e2b0d40f)
2026-09-17T16:35:36Z [lab] nats-server: nats-server: v2.14.7
2026-09-17T16:35:36Z [lab] step 2/4: Firecracker v1.17.0 + jailer + guest kernel (pinned sha256)
2026-09-17T16:35:36Z [lab] downloading https://github.com/firecracker-microvm/firecracker/releases/download/v1.17.0/firecracker-v1.17.0-aarch64.tgz
2026-09-17T16:35:36Z   % Total    % Received % Xferd  Average Speed  Time    Time    Time   Current
2026-09-17T16:35:36Z                                  Dload  Upload  Total   Spent   Left   Speed
2026-09-17T16:35:36Z   0      0   0      0   0      0      0      0                              0  0      0   0      0   0      0      0      0                              0  0      0   0      0   0      0      0      0                              0
2026-09-17T16:35:37Z   0      0   0      0   0      0      0      0                              0100  6.95M 100  6.95M   0      0 15.85M      0                              0100  6.95M 100  6.95M   0      0 15.84M      0                              0100  6.95M 100  6.95M   0      0 15.84M      0                              0
2026-09-17T16:35:37Z [lab] sha256 verified: firecracker-v1.17.0-aarch64.tgz e351ebe4f7a16b5873bbd51005d2e6767103cff4d5ebc829df2d3f95a93e2256
2026-09-17T16:35:37Z [lab] Firecracker v1.17.0; Jailer v1.17.0
2026-09-17T16:35:37Z [lab] downloading https://s3.amazonaws.com/spec.ccfc.min/firecracker-ci/v1.15/aarch64/vmlinux-6.1.155
2026-09-17T16:35:37Z   % Total    % Received % Xferd  Average Speed  Time    Time    Time   Current
2026-09-17T16:35:37Z                                  Dload  Upload  Total   Spent   Left   Speed
2026-09-17T16:35:40Z   0      0   0      0   0      0      0      0                              0  0 16.31M   0  16947   0      0  14707      0   19:23   00:01   19:22  14710 18 16.31M  18  3.00M   0      0  1.35M      0   00:12   00:02   00:10  1.35M100 16.31M 100 16.31M   0      0  5.48M      0   00:02   00:02          1.35M100 16.31M 100 16.31M   0      0  5.48M      0   00:02   00:02          1.35M100 16.31M 100 16.31M   0      0  5.48M      0   00:02   00:02          1.35M
2026-09-17T16:35:40Z [lab] sha256 verified: vmlinux e3544b10603acbf3db492cb52e000d22ba202cb4b63b9add027565683e11c591
2026-09-17T16:35:40Z [lab] step 3/4: cargo build (toolchain 1.95.0 from rust-toolchain.toml)
2026-09-17T16:35:40Z + cargo build -p tachyon-serverless-gateway -p tachyon-serverless-cli
2026-09-17T16:35:40Z    Compiling proc-macro2 v1.0.107
2026-09-17T16:35:40Z    Compiling unicode-ident v1.0.24
2026-09-17T16:35:40Z    Compiling quote v1.0.47
2026-09-17T16:35:40Z    Compiling libc v0.2.189
2026-09-17T16:35:40Z    Compiling cfg-if v1.0.4
2026-09-17T16:35:40Z    Compiling serde_core v1.0.229
2026-09-17T16:35:40Z    Compiling serde v1.0.229
2026-09-17T16:35:40Z    Compiling version_check v0.9.5
2026-09-17T16:35:41Z    Compiling syn v3.0.5
2026-09-17T16:35:41Z    Compiling syn v2.0.119
2026-09-17T16:35:41Z    Compiling getrandom v0.2.17
2026-09-17T16:35:41Z    Compiling generic-array v0.14.7
2026-09-17T16:35:41Z    Compiling typenum v1.20.1
2026-09-17T16:35:41Z    Compiling rand_core v0.6.4
2026-09-17T16:35:41Z    Compiling pin-project-lite v0.2.17
2026-09-17T16:35:41Z    Compiling memchr v2.8.3
2026-09-17T16:35:41Z    Compiling crypto-common v0.1.7
2026-09-17T16:35:41Z    Compiling itoa v1.0.18
2026-09-17T16:35:41Z    Compiling errno v0.3.14
2026-09-17T16:35:41Z    Compiling futures-core v0.3.34
2026-09-17T16:35:41Z    Compiling signal-hook-registry v1.4.8
2026-09-17T16:35:41Z    Compiling socket2 v0.6.5
2026-09-17T16:35:41Z    Compiling mio v1.2.3
2026-09-17T16:35:42Z    Compiling once_cell v1.21.4
2026-09-17T16:35:42Z    Compiling zerocopy v0.8.57
2026-09-17T16:35:42Z    Compiling block-buffer v0.10.4
2026-09-17T16:35:42Z    Compiling futures-sink v0.3.34
2026-09-17T16:35:42Z    Compiling smallvec v1.16.1
2026-09-17T16:35:42Z    Compiling digest v0.10.7
2026-09-17T16:35:42Z    Compiling synstructure v0.13.2
2026-09-17T16:35:42Z    Compiling cpufeatures v0.2.17
2026-09-17T16:35:42Z    Compiling shlex v2.0.1
2026-09-17T16:35:42Z    Compiling stable_deref_trait v1.2.1
2026-09-17T16:35:42Z    Compiling find-msvc-tools v0.1.12
2026-09-17T16:35:42Z    Compiling zmij v1.0.23
2026-09-17T16:35:42Z    Compiling cc v1.4.6
2026-09-17T16:35:42Z    Compiling serde_derive v1.0.229
2026-09-17T16:35:42Z    Compiling tokio-macros v2.7.2
2026-09-17T16:35:43Z    Compiling zerofrom-derive v0.1.7
2026-09-17T16:35:43Z    Compiling yoke-derive v0.8.2
2026-09-17T16:35:43Z    Compiling ppv-lite86 v0.2.21
2026-09-17T16:35:43Z    Compiling tracing-core v0.1.36
2026-09-17T16:35:43Z    Compiling log v0.4.34
2026-09-17T16:35:43Z    Compiling zerofrom v0.1.8
2026-09-17T16:35:43Z    Compiling serde_json v1.0.151
2026-09-17T16:35:43Z    Compiling yoke v0.8.3
2026-09-17T16:35:43Z    Compiling zerovec-derive v0.11.6
2026-09-17T16:35:43Z    Compiling futures-channel v0.3.34
2026-09-17T16:35:43Z    Compiling getrandom v0.3.4
2026-09-17T16:35:43Z    Compiling zeroize v1.9.0
2026-09-17T16:35:44Z    Compiling tracing-attributes v0.1.31
2026-09-17T16:35:44Z    Compiling bytes v1.12.1
2026-09-17T16:35:44Z    Compiling zerovec v0.11.8
2026-09-17T16:35:44Z    Compiling tokio v1.53.1
2026-09-17T16:35:44Z    Compiling futures-macro v0.3.34
2026-09-17T16:35:44Z    Compiling displaydoc v0.2.7
2026-09-17T16:35:44Z    Compiling autocfg v1.5.1
2026-09-17T16:35:44Z    Compiling futures-task v0.3.34
2026-09-17T16:35:44Z    Compiling subtle v2.6.1
2026-09-17T16:35:44Z    Compiling futures-io v0.3.34
2026-09-17T16:35:44Z    Compiling slab v0.4.12
2026-09-17T16:35:44Z    Compiling num-traits v0.2.19
2026-09-17T16:35:44Z    Compiling tracing v0.1.44
2026-09-17T16:35:44Z    Compiling futures-util v0.3.34
2026-09-17T16:35:44Z    Compiling rand_core v0.9.5
2026-09-17T16:35:44Z    Compiling sha2 v0.10.9
2026-09-17T16:35:45Z    Compiling thiserror v2.0.20
2026-09-17T16:35:45Z    Compiling rand_chacha v0.9.0
2026-09-17T16:35:45Z    Compiling tinystr v0.8.4
2026-09-17T16:35:45Z    Compiling thiserror-impl v2.0.20
2026-09-17T16:35:45Z    Compiling writeable v0.6.4
2026-09-17T16:35:45Z    Compiling litemap v0.8.3
2026-09-17T16:35:45Z    Compiling iana-time-zone v0.1.65
2026-09-17T16:35:45Z    Compiling chrono v0.4.45
2026-09-17T16:35:45Z    Compiling icu_locale_core v2.3.0
2026-09-17T16:35:45Z    Compiling rand v0.9.5
2026-09-17T16:35:46Z    Compiling zerotrie v0.2.5
2026-09-17T16:35:46Z    Compiling potential_utf v0.1.6
2026-09-17T16:35:46Z    Compiling http v1.5.0
2026-09-17T16:35:46Z    Compiling ring v0.17.14
2026-09-17T16:35:46Z    Compiling icu_normalizer_data v2.3.0
2026-09-17T16:35:46Z    Compiling icu_properties_data v2.3.0
2026-09-17T16:35:46Z    Compiling percent-encoding v2.3.2
2026-09-17T16:35:46Z    Compiling utf8_iter v1.0.4
2026-09-17T16:35:46Z    Compiling icu_collections v2.3.0
2026-09-17T16:35:46Z    Compiling icu_provider v2.3.1
2026-09-17T16:35:46Z    Compiling ulid v1.2.1
2026-09-17T16:35:46Z    Compiling rustls-pki-types v1.15.1
2026-09-17T16:35:46Z    Compiling getrandom v0.4.3
2026-09-17T16:35:46Z    Compiling rand_core v0.10.1
2026-09-17T16:35:46Z    Compiling foldhash v0.2.0
2026-09-17T16:35:46Z    Compiling hex v0.4.3
2026-09-17T16:35:46Z    Compiling hashbrown v0.17.1
2026-09-17T16:35:46Z    Compiling tachyon-serverless-domain v0.1.0 (/home/takanorifukuyama.guest/lab/crates/domain)
2026-09-17T16:35:46Z    Compiling http-body v1.1.0
2026-09-17T16:35:46Z    Compiling httparse v1.10.1
2026-09-17T16:35:46Z    Compiling untrusted v0.9.0
2026-09-17T16:35:47Z    Compiling icu_properties v2.3.0
2026-09-17T16:35:47Z    Compiling icu_normalizer v2.3.0
2026-09-17T16:35:47Z    Compiling form_urlencoded v1.2.2
2026-09-17T16:35:47Z    Compiling tokio-util v0.7.19
2026-09-17T16:35:47Z    Compiling async-trait v0.1.92
2026-09-17T16:35:47Z    Compiling rustls v0.23.45
2026-09-17T16:35:47Z    Compiling tower-service v0.3.3
2026-09-17T16:35:47Z    Compiling base64 v0.22.1
2026-09-17T16:35:47Z    Compiling rustls-webpki v0.103.15
2026-09-17T16:35:47Z    Compiling idna_adapter v1.2.2
2026-09-17T16:35:48Z    Compiling mime v0.3.17
2026-09-17T16:35:48Z    Compiling equivalent v1.0.2
2026-09-17T16:35:48Z    Compiling try-lock v0.2.5
2026-09-17T16:35:48Z    Compiling utf8parse v0.2.2
2026-09-17T16:35:48Z    Compiling httpdate v1.0.3
2026-09-17T16:35:48Z    Compiling bitflags v2.13.2
2026-09-17T16:35:48Z    Compiling base64ct v1.8.3
2026-09-17T16:35:48Z    Compiling scopeguard v1.2.0
2026-09-17T16:35:48Z    Compiling semver v1.0.28
2026-09-17T16:35:48Z    Compiling rustc_version v0.4.1
2026-09-17T16:35:48Z    Compiling pem-rfc7468 v0.7.0
2026-09-17T16:35:48Z    Compiling anstyle-parse v1.0.0
2026-09-17T16:35:48Z    Compiling want v0.3.1
2026-09-17T16:35:48Z    Compiling indexmap v2.14.2
2026-09-17T16:35:48Z    Compiling idna v1.1.0
2026-09-17T16:35:48Z    Compiling sync_wrapper v1.0.2
2026-09-17T16:35:48Z    Compiling aho-corasick v1.1.5
2026-09-17T16:35:48Z    Compiling rustversion v1.0.23
2026-09-17T16:35:48Z    Compiling atomic-waker v1.1.2
2026-09-17T16:35:48Z    Compiling anstyle-query v1.1.5
2026-09-17T16:35:48Z    Compiling const-oid v0.9.6
2026-09-17T16:35:48Z    Compiling regex-syntax v0.8.11
2026-09-17T16:35:48Z    Compiling anstyle v1.0.14
2026-09-17T16:35:48Z    Compiling colorchoice v1.0.5
2026-09-17T16:35:48Z    Compiling unicase v2.9.0
2026-09-17T16:35:48Z    Compiling is_terminal_polyfill v1.70.2
2026-09-17T16:35:48Z    Compiling tower-layer v0.3.3
2026-09-17T16:35:48Z    Compiling anstream v1.0.0
2026-09-17T16:35:49Z    Compiling mime_guess v2.0.5
2026-09-17T16:35:49Z    Compiling der v0.7.10
2026-09-17T16:35:49Z    Compiling hyper v1.11.1
2026-09-17T16:35:49Z    Compiling tokio-rustls v0.26.5
2026-09-17T16:35:49Z    Compiling regex-automata v0.4.18
2026-09-17T16:35:49Z    Compiling url v2.5.8
2026-09-17T16:35:49Z    Compiling curve25519-dalek v4.1.3
2026-09-17T16:35:49Z    Compiling tachyon-serverless-provider-port v0.1.0 (/home/takanorifukuyama.guest/lab/crates/provider-port)
2026-09-17T16:35:50Z    Compiling http-body-util v0.1.5
2026-09-17T16:35:50Z    Compiling signature v2.2.0
2026-09-17T16:35:50Z    Compiling ipnet v2.12.2
2026-09-17T16:35:50Z    Compiling clap_lex v1.1.1
2026-09-17T16:35:50Z    Compiling parking_lot_core v0.9.12
2026-09-17T16:35:50Z    Compiling strsim v0.11.1
2026-09-17T16:35:50Z    Compiling heck v0.5.0
2026-09-17T16:35:50Z    Compiling clap_derive v4.6.7
2026-09-17T16:35:50Z    Compiling clap_builder v4.6.7
2026-09-17T16:35:51Z    Compiling hyper-util v0.1.20
2026-09-17T16:35:51Z    Compiling spki v0.7.3
2026-09-17T16:35:51Z    Compiling tower v0.5.3
2026-09-17T16:35:51Z    Compiling toml_datetime v0.6.11
2026-09-17T16:35:51Z    Compiling serde_spanned v0.6.9
2026-09-17T16:35:51Z    Compiling utoipa-gen v5.5.0
2026-09-17T16:35:51Z    Compiling inout v0.1.4
2026-09-17T16:35:51Z    Compiling vcpkg v0.2.15
2026-09-17T16:35:52Z    Compiling ryu v1.0.23
2026-09-17T16:35:52Z    Compiling pkg-config v0.3.34
2026-09-17T16:35:52Z    Compiling toml_write v0.1.2
2026-09-17T16:35:52Z    Compiling winnow v0.7.15
2026-09-17T16:35:52Z    Compiling serde_urlencoded v0.7.1
2026-09-17T16:35:52Z    Compiling cipher v0.4.4
2026-09-17T16:35:52Z    Compiling libsqlite3-sys v0.38.2
2026-09-17T16:35:52Z    Compiling pkcs8 v0.10.2
2026-09-17T16:35:52Z    Compiling encoding_rs v0.8.41
2026-09-17T16:35:52Z    Compiling clap v4.6.7
2026-09-17T16:35:52Z    Compiling ed25519 v2.2.3
2026-09-17T16:35:52Z    Compiling lock_api v0.4.14
2026-09-17T16:35:52Z    Compiling uuid v1.26.1
2026-09-17T16:35:52Z    Compiling toml_edit v0.22.27
2026-09-17T16:35:52Z    Compiling webpki-roots v1.0.9
2026-09-17T16:35:52Z    Compiling futures-executor v0.3.34
2026-09-17T16:35:52Z    Compiling universal-hash v0.5.1
2026-09-17T16:35:52Z    Compiling rand_chacha v0.3.1
2026-09-17T16:35:52Z    Compiling siphasher v1.0.3
2026-09-17T16:35:52Z    Compiling http-range-header v0.4.2
2026-09-17T16:35:53Z    Compiling portable-atomic v1.15.0
2026-09-17T16:35:53Z    Compiling opaque-debug v0.3.1
2026-09-17T16:35:53Z    Compiling polyval v0.6.2
2026-09-17T16:35:53Z    Compiling tower-http v0.6.11
2026-09-17T16:35:53Z    Compiling phf_shared v0.12.1
2026-09-17T16:35:53Z    Compiling rand v0.8.8
2026-09-17T16:35:53Z    Compiling toml v0.8.23
2026-09-17T16:35:53Z    Compiling futures v0.3.34
2026-09-17T16:35:53Z    Compiling hyper-rustls v0.27.9
2026-09-17T16:35:53Z    Compiling parking_lot v0.12.5
2026-09-17T16:35:53Z    Compiling ed25519-dalek v2.2.0
2026-09-17T16:35:53Z    Compiling signatory v0.27.1
2026-09-17T16:35:53Z    Compiling utoipa v5.5.0
2026-09-17T16:35:53Z    Compiling chacha20 v0.10.2
2026-09-17T16:35:53Z    Compiling pin-project-internal v1.1.13
2026-09-17T16:35:54Z    Compiling deranged v0.5.8
2026-09-17T16:35:54Z    Compiling multer v3.1.0
2026-09-17T16:35:54Z    Compiling data-encoding v2.11.1
2026-09-17T16:35:54Z    Compiling simdutf8 v0.1.5
2026-09-17T16:35:54Z    Compiling lazy_static v1.5.0
2026-09-17T16:35:54Z    Compiling openssl-probe v0.2.1
2026-09-17T16:35:54Z    Compiling tachyon-serverless-api-types v0.1.0 (/home/takanorifukuyama.guest/lab/crates/api-types)
2026-09-17T16:35:55Z    Compiling powerfmt v0.2.0
2026-09-17T16:35:55Z    Compiling rustix v1.1.4
2026-09-17T16:35:55Z    Compiling num-conv v0.2.2
2026-09-17T16:35:55Z    Compiling multiversion_no_op v1.0.0
2026-09-17T16:35:55Z    Compiling anyhow v1.0.104
2026-09-17T16:35:55Z    Compiling chrono-tz v0.10.4
2026-09-17T16:35:55Z    Compiling time-core v0.1.9
2026-09-17T16:35:55Z    Compiling time v0.3.55
2026-09-17T16:35:56Z    Compiling rustls-native-certs v0.8.4
2026-09-17T16:35:56Z    Compiling nkeys v0.4.5
2026-09-17T16:35:56Z    Compiling sharded-slab v0.1.7
2026-09-17T16:35:56Z    Compiling pin-project v1.1.13
2026-09-17T16:35:56Z    Compiling rand v0.10.2
2026-09-17T16:35:56Z    Compiling reqwest v0.12.28
2026-09-17T16:35:56Z    Compiling phf v0.12.1
2026-09-17T16:35:56Z    Compiling ghash v0.5.1
2026-09-17T16:35:56Z    Compiling aes v0.8.4
2026-09-17T16:35:56Z    Compiling ctr v0.9.2
2026-09-17T16:35:56Z    Compiling matchers v0.2.0
2026-09-17T16:35:56Z    Compiling regex v1.13.1
2026-09-17T16:35:57Z    Compiling tachyon-serverless-durable-port v0.1.0 (/home/takanorifukuyama.guest/lab/crates/durable-port)
2026-09-17T16:35:57Z    Compiling tachyon-serverless-protocol v0.1.0 (/home/takanorifukuyama.guest/lab/crates/protocol)
2026-09-17T16:35:57Z    Compiling hashlink v0.12.2
2026-09-17T16:35:57Z    Compiling tokio-stream v0.1.19
2026-09-17T16:35:57Z    Compiling tryhard v0.5.2
2026-09-17T16:35:57Z    Compiling serde_nanos v0.1.4
2026-09-17T16:35:57Z    Compiling tracing-serde v0.2.0
2026-09-17T16:35:57Z    Compiling tracing-log v0.2.0
2026-09-17T16:35:57Z    Compiling serde_repr v0.1.21
2026-09-17T16:35:57Z    Compiling aead v0.5.2
2026-09-17T16:35:57Z    Compiling thread_local v1.1.10
2026-09-17T16:35:57Z    Compiling nu-ansi-term v0.50.3
2026-09-17T16:35:57Z    Compiling fallible-streaming-iterator v0.1.9
2026-09-17T16:35:57Z    Compiling fallible-iterator v0.3.0
2026-09-17T16:35:57Z    Compiling linux-raw-sys v0.12.1
2026-09-17T16:35:57Z    Compiling spin v0.9.9
2026-09-17T16:35:57Z    Compiling rusqlite v0.40.2
2026-09-17T16:35:57Z    Compiling async-nats v0.50.0
2026-09-17T16:35:58Z    Compiling tracing-subscriber v0.3.23
2026-09-17T16:35:58Z    Compiling aes-gcm v0.10.3
2026-09-17T16:35:58Z    Compiling axum-core v0.5.6
2026-09-17T16:35:59Z    Compiling axum-macros v0.5.1
2026-09-17T16:35:59Z    Compiling serde_path_to_error v0.1.20
2026-09-17T16:35:59Z    Compiling fastrand v2.5.0
2026-09-17T16:35:59Z    Compiling matchit v0.8.4
2026-09-17T16:35:59Z    Compiling tempfile v3.27.0
2026-09-17T16:35:59Z    Compiling tachyon-serverless-provider-firecracker v0.1.0 (/home/takanorifukuyama.guest/lab/crates/providers/firecracker)
2026-09-17T16:35:59Z    Compiling axum v0.8.9
2026-09-17T16:36:00Z    Compiling tachyon-serverless-application v0.1.0 (/home/takanorifukuyama.guest/lab/crates/application)
2026-09-17T16:36:01Z    Compiling tachyon-serverless-queue-nats v0.1.0 (/home/takanorifukuyama.guest/lab/crates/adapters/queue-nats)
2026-09-17T16:36:01Z    Compiling tachyon-serverless-provider-process v0.1.0 (/home/takanorifukuyama.guest/lab/crates/providers/process)
2026-09-17T16:36:02Z    Compiling tachyon-serverless-cli v0.1.0 (/home/takanorifukuyama.guest/lab/apps/cli)
2026-09-17T16:36:05Z    Compiling tachyon-serverless-gateway v0.1.0 (/home/takanorifukuyama.guest/lab/apps/gateway)
2026-09-17T16:36:14Z     Finished `dev` profile [unoptimized + debuginfo] target(s) in 34.37s
2026-09-17T16:36:14Z + rustup target add aarch64-unknown-linux-musl
2026-09-17T16:36:14Z info: component rust-std for target aarch64-unknown-linux-musl is up to date
2026-09-17T16:36:14Z + cargo build --release --target aarch64-unknown-linux-musl -p tachyon-serverless-runtime-bridge -p example-hello -p example-http-axum -p example-cpu-burn
2026-09-17T16:36:15Z    Compiling proc-macro2 v1.0.107
2026-09-17T16:36:15Z    Compiling unicode-ident v1.0.24
2026-09-17T16:36:15Z    Compiling quote v1.0.47
2026-09-17T16:36:15Z    Compiling libc v0.2.189
2026-09-17T16:36:15Z    Compiling cfg-if v1.0.4
2026-09-17T16:36:15Z    Compiling pin-project-lite v0.2.17
2026-09-17T16:36:15Z    Compiling itoa v1.0.18
2026-09-17T16:36:15Z    Compiling futures-core v0.3.34
2026-09-17T16:36:15Z    Compiling bytes v1.12.1
2026-09-17T16:36:15Z    Compiling version_check v0.9.5
2026-09-17T16:36:15Z    Compiling autocfg v1.5.1
2026-09-17T16:36:15Z    Compiling futures-sink v0.3.34
2026-09-17T16:36:15Z    Compiling serde_core v1.0.229
2026-09-17T16:36:15Z    Compiling syn v3.0.5
2026-09-17T16:36:15Z    Compiling memchr v2.8.3
2026-09-17T16:36:15Z    Compiling errno v0.3.14
2026-09-17T16:36:15Z    Compiling futures-channel v0.3.34
2026-09-17T16:36:16Z    Compiling serde v1.0.229
2026-09-17T16:36:16Z    Compiling signal-hook-registry v1.4.8
2026-09-17T16:36:16Z    Compiling socket2 v0.6.5
2026-09-17T16:36:16Z    Compiling mio v1.2.3
2026-09-17T16:36:16Z    Compiling generic-array v0.14.7
2026-09-17T16:36:16Z    Compiling once_cell v1.21.4
2026-09-17T16:36:16Z    Compiling getrandom v0.3.4
2026-09-17T16:36:16Z    Compiling zerocopy v0.8.57
2026-09-17T16:36:16Z    Compiling tracing-core v0.1.36
2026-09-17T16:36:16Z    Compiling syn v2.0.119
2026-09-17T16:36:16Z    Compiling http v1.5.0
2026-09-17T16:36:16Z    Compiling serde_derive v1.0.229
2026-09-17T16:36:17Z    Compiling tokio-macros v2.7.2
2026-09-17T16:36:17Z    Compiling tokio v1.53.1
2026-09-17T16:36:17Z    Compiling futures-macro v0.3.34
2026-09-17T16:36:17Z    Compiling futures-io v0.3.34
2026-09-17T16:36:17Z    Compiling slab v0.4.12
2026-09-17T16:36:17Z    Compiling typenum v1.20.1
2026-09-17T16:36:18Z    Compiling zmij v1.0.23
2026-09-17T16:36:18Z    Compiling rustversion v1.0.23
2026-09-17T16:36:18Z    Compiling futures-task v0.3.34
2026-09-17T16:36:18Z    Compiling futures-util v0.3.34
2026-09-17T16:36:18Z    Compiling log v0.4.34
2026-09-17T16:36:18Z    Compiling serde_json v1.0.151
2026-09-17T16:36:18Z    Compiling httparse v1.10.1
2026-09-17T16:36:18Z    Compiling rand_core v0.9.5
2026-09-17T16:36:19Z    Compiling tracing-attributes v0.1.31
2026-09-17T16:36:19Z    Compiling http-body v1.1.0
2026-09-17T16:36:19Z    Compiling num-traits v0.2.19
2026-09-17T16:36:19Z    Compiling encoding_rs v0.8.41
2026-09-17T16:36:19Z    Compiling ppv-lite86 v0.2.21
2026-09-17T16:36:19Z    Compiling rand_chacha v0.9.0
2026-09-17T16:36:19Z    Compiling tracing v0.1.44
2026-09-17T16:36:19Z    Compiling block-buffer v0.10.4
2026-09-17T16:36:20Z    Compiling crypto-common v0.1.7
2026-09-17T16:36:20Z    Compiling tower-service v0.3.3
2026-09-17T16:36:20Z    Compiling smallvec v1.16.1
2026-09-17T16:36:20Z    Compiling thiserror v2.0.20
2026-09-17T16:36:20Z    Compiling digest v0.10.7
2026-09-17T16:36:20Z    Compiling rand v0.9.5
2026-09-17T16:36:20Z    Compiling thiserror-impl v2.0.20
2026-09-17T16:36:20Z    Compiling cpufeatures v0.2.17
2026-09-17T16:36:20Z    Compiling multer v3.1.0
2026-09-17T16:36:20Z    Compiling iana-time-zone v0.1.65
2026-09-17T16:36:20Z    Compiling simdutf8 v0.1.5
2026-09-17T16:36:20Z    Compiling mime v0.3.17
2026-09-17T16:36:20Z    Compiling percent-encoding v2.3.2
2026-09-17T16:36:20Z    Compiling multiversion_no_op v1.0.0
2026-09-17T16:36:20Z    Compiling scopeguard v1.2.0
2026-09-17T16:36:20Z    Compiling atomic-waker v1.1.2
2026-09-17T16:36:21Z    Compiling tower-layer v0.3.3
2026-09-17T16:36:21Z    Compiling httpdate v1.0.3
2026-09-17T16:36:21Z    Compiling sync_wrapper v1.0.2
2026-09-17T16:36:21Z    Compiling hyper v1.11.1
2026-09-17T16:36:21Z    Compiling form_urlencoded v1.2.2
2026-09-17T16:36:21Z    Compiling chrono v0.4.45
2026-09-17T16:36:22Z    Compiling sha2 v0.10.9
2026-09-17T16:36:22Z    Compiling ulid v1.2.1
2026-09-17T16:36:22Z    Compiling http-body-util v0.1.5
2026-09-17T16:36:22Z    Compiling futures-executor v0.3.34
2026-09-17T16:36:22Z    Compiling hex v0.4.3
2026-09-17T16:36:22Z    Compiling spin v0.9.9
2026-09-17T16:36:22Z    Compiling ryu v1.0.23
2026-09-17T16:36:23Z    Compiling serde_urlencoded v0.7.1
2026-09-17T16:36:23Z    Compiling tachyon-serverless-domain v0.1.0 (/home/takanorifukuyama.guest/lab/crates/domain)
2026-09-17T16:36:23Z    Compiling axum-core v0.5.6
2026-09-17T16:36:23Z    Compiling futures v0.3.34
2026-09-17T16:36:23Z    Compiling hyper-util v0.1.20
2026-09-17T16:36:23Z    Compiling tower v0.5.3
2026-09-17T16:36:23Z    Compiling tokio-util v0.7.19
2026-09-17T16:36:23Z    Compiling axum-macros v0.5.1
2026-09-17T16:36:24Z    Compiling serde_path_to_error v0.1.20
2026-09-17T16:36:24Z    Compiling memoffset v0.9.1
2026-09-17T16:36:24Z    Compiling cfg_aliases v0.2.2
2026-09-17T16:36:24Z    Compiling matchit v0.8.4
2026-09-17T16:36:24Z    Compiling nix v0.31.3
2026-09-17T16:36:24Z    Compiling axum v0.8.9
2026-09-17T16:36:24Z    Compiling tachyon-serverless-protocol v0.1.0 (/home/takanorifukuyama.guest/lab/crates/protocol)
2026-09-17T16:36:24Z    Compiling utf8parse v0.2.2
2026-09-17T16:36:24Z    Compiling base64 v0.22.1
2026-09-17T16:36:24Z    Compiling anstyle-parse v1.0.0
2026-09-17T16:36:24Z    Compiling is_terminal_polyfill v1.70.2
2026-09-17T16:36:24Z    Compiling colorchoice v1.0.5
2026-09-17T16:36:24Z    Compiling bitflags v2.13.2
2026-09-17T16:36:24Z    Compiling regex-syntax v0.8.11
2026-09-17T16:36:24Z    Compiling anstyle v1.0.14
2026-09-17T16:36:24Z    Compiling anstyle-query v1.1.5
2026-09-17T16:36:24Z    Compiling anstream v1.0.0
2026-09-17T16:36:25Z    Compiling regex-automata v0.4.18
2026-09-17T16:36:25Z    Compiling tachyon-serverless-sdk v0.1.0 (/home/takanorifukuyama.guest/lab/crates/sdk)
2026-09-17T16:36:27Z    Compiling strsim v0.11.1
2026-09-17T16:36:27Z    Compiling clap_lex v1.1.1
2026-09-17T16:36:27Z    Compiling heck v0.5.0
2026-09-17T16:36:27Z    Compiling lazy_static v1.5.0
2026-09-17T16:36:27Z    Compiling clap_derive v4.6.7
2026-09-17T16:36:27Z    Compiling sharded-slab v0.1.7
2026-09-17T16:36:27Z    Compiling clap_builder v4.6.7
2026-09-17T16:36:27Z    Compiling matchers v0.2.0
2026-09-17T16:36:27Z    Compiling vsock v0.5.4
2026-09-17T16:36:27Z    Compiling tracing-log v0.2.0
2026-09-17T16:36:28Z    Compiling tracing-serde v0.2.0
2026-09-17T16:36:28Z    Compiling thread_local v1.1.10
2026-09-17T16:36:28Z    Compiling nu-ansi-term v0.50.3
2026-09-17T16:36:28Z    Compiling tokio-vsock v0.7.2
2026-09-17T16:36:28Z    Compiling tracing-subscriber v0.3.23
2026-09-17T16:36:28Z    Compiling example-cpu-burn v0.1.0 (/home/takanorifukuyama.guest/lab/examples/cpu-burn)
2026-09-17T16:36:29Z    Compiling clap v4.6.7
2026-09-17T16:36:29Z    Compiling tachyon-serverless-runtime-bridge v0.1.0 (/home/takanorifukuyama.guest/lab/crates/runtime-bridge)
2026-09-17T16:36:29Z    Compiling example-http-axum v0.1.0 (/home/takanorifukuyama.guest/lab/examples/http-axum)
2026-09-17T16:36:31Z    Compiling example-hello v0.1.0 (/home/takanorifukuyama.guest/lab/examples/hello)
2026-09-17T16:36:35Z     Finished `release` profile [optimized] target(s) in 21.18s
2026-09-17T16:36:35Z [lab] step 4/4: base rootfs from this checkout's musl bridge
2026-09-17T16:36:35Z + env BRIDGE_BIN=/home/takanorifukuyama.guest/lab/target/aarch64-unknown-linux-musl/release/tachyon-serverless-runtime-bridge ROOTFS=/home/takanorifukuyama.guest/lab/.lab/cache/kvm/rootfs.ext4 ROOTFS_SIZE=64M /home/takanorifukuyama.guest/lab/scripts/kvm/build-rootfs.sh
2026-09-17T16:36:35Z rootfs: /home/takanorifukuyama.guest/lab/.lab/cache/kvm/rootfs.ext4 (64M)
2026-09-17T16:36:35Z   /sbin/tachyon-init <- /home/takanorifukuyama.guest/lab/target/aarch64-unknown-linux-musl/release/tachyon-serverless-runtime-bridge
2026-09-17T16:36:36Z   sha256 c43d118f8e25d7cd983b507cb0cf0155aa1a03af021dfea6848061c639b9aeee
2026-09-17T16:36:36Z 
2026-09-17T16:36:36Z [lab] bootstrap complete. next: scripts/lab/lab.sh up
# finished: 2026-09-17T16:36:36Z exit=0
