
===== b start (failpoints: none) 04:30:23 =====
{"timestamp":"2026-09-18T04:30:23.691983Z","level":"INFO","message":"configuration loaded","config":"/home/takanorifukuyama.guest/w/tsls-chaos.5dog0U/gw-b.toml","target":"tachyon_serverless_gateway"}
{"timestamp":"2026-09-18T04:30:23.694028Z","level":"INFO","message":"connected successfully","server":"43699","max_payload":"1048576","target":"async_nats::connector"}
{"timestamp":"2026-09-18T04:30:23.694263Z","level":"INFO","message":"event: connected","target":"async_nats"}
{"timestamp":"2026-09-18T04:30:23.696748Z","level":"INFO","message":"JetStream queue connected and stream bootstrapped","url":"nats://127.0.0.1:43699","stream":"TACHYON_EVENTS","target":"tachyon_serverless_gateway::durable"}
{"timestamp":"2026-09-18T04:30:23.697746Z","level":"INFO","message":"state store opened","path":"/home/takanorifukuyama.guest/w/tsls-chaos.5dog0U/data/state.db","schema_version":8,"migrations_applied":"[]","imported_state_json":"None","settled_invocations":0,"settled_attempts":0,"settled_environments":0,"released_leases":0,"dropped_idempotency_keys":0,"purged_idempotency_keys":0,"outputs_purged":0,"target":"tachyon_serverless_application::app"}
{"timestamp":"2026-09-18T04:30:23.698516Z","level":"INFO","message":"log store opened","path":"/home/takanorifukuyama.guest/w/tsls-chaos.5dog0U/data/logs/logs.db","healthy":true,"retention_seconds":604800,"max_total_bytes":1073741824,"target":"tachyon_serverless_application::app"}
{"timestamp":"2026-09-18T04:30:23.699062Z","level":"INFO","message":"dispatcher registered","dispatcher_id":"dsp_01m2scf9ejy9p0p8thjw7w0q75","instance":"chaos-b","pid":833944,"lease_ttl_seconds":6,"target":"tachyon_serverless_application::services::dispatcher"}
{"timestamp":"2026-09-18T04:30:23.699917Z","level":"INFO","message":"application bootstrapped","profile":"dev","provider":"process","dev_only":true,"environment_reuse":false,"reuse_verified":false,"reuse_reason":"[pool] enabled is false","reuse_disabled":"Some(Configuration)","idle_quiesce":"unsupported","idle_resume":"unsupported","data_dir":"/home/takanorifukuyama.guest/w/tsls-chaos.5dog0U/data","store":"sqlite","dispatcher_id":"dsp_01m2scf9ejy9p0p8thjw7w0q75","node":"local","node_region":"none","node_memory_mib":"None","max_concurrency":8,"queue":"nats","objects":"filesystem","invoke_async":true,"triggers":true,"target":"tachyon_serverless_application::app"}
{"timestamp":"2026-09-18T04:30:23.700100Z","level":"INFO","message":"startup reconcile finished","provider":"process","found":0,"adopted":0,"terminated":0,"disowned":0,"failed":0,"lost":0,"foreign":0,"reclaimed_dispatchers":0,"fenced_terminated":0,"fenced_pending":0,"target":"tachyon_serverless_application::services::reconcile"}
{"timestamp":"2026-09-18T04:30:23.700149Z","level":"INFO","message":"gateway listening","addr":"127.0.0.1:37635","profile":"dev","provider":"process","target":"tachyon_serverless_gateway"}
{"timestamp":"2026-09-18T04:30:23.701197Z","level":"INFO","message":"asynchronous dispatcher started","workers":2,"owner":"dsp_01m2scf9ejy9p0p8thjw7w0q75","target":"tachyon_serverless_gateway"}
{"timestamp":"2026-09-18T04:30:24.018644Z","level":"INFO","message":"asynchronous run claimed","invocation_id":"inv_01m2scf9r3vbj1jsdxx9vd6pda","attempt":1,"generation":0,"delivery_count":1,"target":"tachyon_serverless_application::services::invoke_async::dispatch"}
{"timestamp":"2026-09-18T04:30:25.197616Z","level":"INFO","message":"bridge spawned","environment_id":"env_01m2scf9rjt7f4g5ycwbr1bdfx","pid":833974,"target":"tachyon_serverless_provider_process"}
{"timestamp":"2026-09-18T04:30:25.238341Z","level":"INFO","message":"invocation finished","invocation_id":"inv_01m2scf9r3vbj1jsdxx9vd6pda","status":"succeeded (async run)","handler_ms":4,"environment_boot_ms":2,"runtime_init_ms":22,"target":"tachyon_serverless_application::services::invoke"}
{"timestamp":"2026-09-18T04:30:25.240196Z","level":"INFO","message":"terminating bridge","environment_id":"env_01m2scf9rjt7f4g5ycwbr1bdfx","pid":833974,"reason":"Completed","graceful":true,"target":"tachyon_serverless_provider_process"}
{"timestamp":"2026-09-18T04:30:25.243150Z","level":"INFO","message":"asynchronous invocation settled","invocation_id":"inv_01m2scf9r3vbj1jsdxx9vd6pda","status":"succeeded","target":"tachyon_serverless_application::services::invoke_async::dispatch"}
{"timestamp":"2026-09-18T04:30:25.243910Z","level":"INFO","message":"async dispatch: delivery handled","message_id":"inv_01m2scf9r3vbj1jsdxx9vd6pda","sequence":1,"delivery_count":1,"outcome":"Completed { status: \"succeeded\" }","target":"tachyon_serverless_application::services::invoke_async::dispatch"}
{"timestamp":"2026-09-18T04:30:25.273995Z","level":"INFO","message":"asynchronous run claimed","invocation_id":"inv_01m2scfaznvw1vdjw1w1jwj5cr","attempt":1,"generation":0,"delivery_count":1,"target":"tachyon_serverless_application::services::invoke_async::dispatch"}
{"timestamp":"2026-09-18T04:30:26.031293Z","level":"INFO","message":"asynchronous run claimed","invocation_id":"inv_01m2scfbpntefqxsvep09wfds2","attempt":1,"generation":0,"delivery_count":1,"target":"tachyon_serverless_application::services::invoke_async::dispatch"}
{"timestamp":"2026-09-18T04:30:26.627876Z","level":"INFO","message":"bridge spawned","environment_id":"env_01m2scfb1k6yhf9dbtepqn6378","pid":834062,"target":"tachyon_serverless_provider_process"}
{"timestamp":"2026-09-18T04:30:26.692483Z","level":"INFO","message":"bridge spawned","environment_id":"env_01m2scfazt0pxmetzeb8zkhsxt","pid":834092,"target":"tachyon_serverless_provider_process"}
{"timestamp":"2026-09-18T04:30:26.737525Z","level":"INFO","message":"invocation finished","invocation_id":"inv_01m2scfb1j00ax38qkywdjk30r","status":"succeeded","handler_ms":4,"environment_boot_ms":7,"runtime_init_ms":76,"target":"tachyon_serverless_application::services::invoke"}
{"timestamp":"2026-09-18T04:30:26.738293Z","level":"INFO","message":"invocation finished","invocation_id":"inv_01m2scfaznvw1vdjw1w1jwj5cr","status":"succeeded (async run)","handler_ms":1,"environment_boot_ms":2,"runtime_init_ms":34,"target":"tachyon_serverless_application::services::invoke"}
{"timestamp":"2026-09-18T04:30:26.739576Z","level":"INFO","message":"terminating bridge","environment_id":"env_01m2scfazt0pxmetzeb8zkhsxt","pid":834092,"reason":"Completed","graceful":true,"target":"tachyon_serverless_provider_process"}
{"timestamp":"2026-09-18T04:30:26.739766Z","level":"INFO","message":"terminating bridge","environment_id":"env_01m2scfb1k6yhf9dbtepqn6378","pid":834062,"reason":"Completed","graceful":true,"target":"tachyon_serverless_provider_process"}
{"timestamp":"2026-09-18T04:30:26.742828Z","level":"INFO","message":"asynchronous invocation settled","invocation_id":"inv_01m2scfaznvw1vdjw1w1jwj5cr","status":"succeeded","target":"tachyon_serverless_application::services::invoke_async::dispatch"}
{"timestamp":"2026-09-18T04:30:26.743574Z","level":"INFO","message":"async dispatch: delivery handled","message_id":"inv_01m2scfaznvw1vdjw1w1jwj5cr","sequence":2,"delivery_count":1,"outcome":"Completed { status: \"succeeded\" }","target":"tachyon_serverless_application::services::invoke_async::dispatch"}
{"timestamp":"2026-09-18T04:30:26.769117Z","level":"INFO","message":"asynchronous invocation accepted","invocation_id":"inv_01m2scfceg2hdahjj06h7v3c28","tenant_id":"tn_01hzzzzzzzzzzzzzzzzzzzzzza","revision_id":"rev_01m2scf145q9aacz1ttr0khs7e","input_bytes":49,"input_storage":"inline","target":"tachyon_serverless_application::services::invoke_async"}
{"timestamp":"2026-09-18T04:30:26.797734Z","level":"INFO","message":"asynchronous invocation accepted","invocation_id":"inv_01m2scfcfarx4q1xj2tbs0jcbe","tenant_id":"tn_01hzzzzzzzzzzzzzzzzzzzzzza","revision_id":"rev_01m2scf145q9aacz1ttr0khs7e","input_bytes":4129,"input_storage":"object","target":"tachyon_serverless_application::services::invoke_async"}
{"timestamp":"2026-09-18T04:30:26.821858Z","level":"INFO","message":"asynchronous invocation accepted","invocation_id":"inv_01m2scfcg4dzwrq9ckp7mjvhn3","tenant_id":"tn_01hzzzzzzzzzzzzzzzzzzzzzza","revision_id":"rev_01m2scf4mwv1r56a8ergy6ttxa","input_bytes":193,"input_storage":"inline","target":"tachyon_serverless_application::services::invoke_async"}
{"timestamp":"2026-09-18T04:30:26.821903Z","level":"INFO","message":"webhook trigger fired","trigger_id":"trg_01m2scf9dq6ncmwadvvbzfp3hj","event_id":"evt-pre-b-w1","invocation_id":"inv_01m2scfcg4dzwrq9ckp7mjvhn3","revision_id":"rev_01m2scf4mwv1r56a8ergy6ttxa","replayed":false,"target":"tachyon_serverless_application::services::triggers"}
{"timestamp":"2026-09-18T04:30:26.825620Z","level":"INFO","message":"asynchronous run claimed","invocation_id":"inv_01m2scfcg4dzwrq9ckp7mjvhn3","attempt":1,"generation":0,"delivery_count":1,"target":"tachyon_serverless_application::services::invoke_async::dispatch"}
{"timestamp":"2026-09-18T04:30:27.749548Z","level":"INFO","message":"bridge spawned","environment_id":"env_01m2scfbqg1fprtxgahc6c5gd7","pid":834193,"target":"tachyon_serverless_provider_process"}
{"timestamp":"2026-09-18T04:30:27.804216Z","level":"INFO","message":"invocation finished","invocation_id":"inv_01m2scfbpntefqxsvep09wfds2","status":"succeeded (async run)","handler_ms":9,"environment_boot_ms":1,"runtime_init_ms":19,"target":"tachyon_serverless_application::services::invoke"}
{"timestamp":"2026-09-18T04:30:27.815432Z","level":"INFO","message":"terminating bridge","environment_id":"env_01m2scfbqg1fprtxgahc6c5gd7","pid":834193,"reason":"Completed","graceful":true,"target":"tachyon_serverless_provider_process"}
{"timestamp":"2026-09-18T04:30:27.837166Z","level":"INFO","message":"asynchronous invocation settled","invocation_id":"inv_01m2scfbpntefqxsvep09wfds2","status":"succeeded","target":"tachyon_serverless_application::services::invoke_async::dispatch"}
{"timestamp":"2026-09-18T04:30:27.838866Z","level":"INFO","message":"async dispatch: delivery handled","message_id":"inv_01m2scfbpntefqxsvep09wfds2","sequence":5,"delivery_count":1,"outcome":"Completed { status: \"succeeded\" }","target":"tachyon_serverless_application::services::invoke_async::dispatch"}
{"timestamp":"2026-09-18T04:30:28.134156Z","level":"INFO","message":"bridge spawned","environment_id":"env_01m2scfcgb504gjrc8549maf71","pid":834216,"target":"tachyon_serverless_provider_process"}
{"timestamp":"2026-09-18T04:30:28.185592Z","level":"INFO","message":"invocation finished","invocation_id":"inv_01m2scfcg4dzwrq9ckp7mjvhn3","status":"succeeded (async run)","handler_ms":8,"environment_boot_ms":1,"runtime_init_ms":18,"target":"tachyon_serverless_application::services::invoke"}
{"timestamp":"2026-09-18T04:30:28.194266Z","level":"INFO","message":"terminating bridge","environment_id":"env_01m2scfcgb504gjrc8549maf71","pid":834216,"reason":"Completed","graceful":true,"target":"tachyon_serverless_provider_process"}
{"timestamp":"2026-09-18T04:30:28.204953Z","level":"INFO","message":"asynchronous invocation settled","invocation_id":"inv_01m2scfcg4dzwrq9ckp7mjvhn3","status":"succeeded","target":"tachyon_serverless_application::services::invoke_async::dispatch"}
{"timestamp":"2026-09-18T04:30:28.206217Z","level":"INFO","message":"async dispatch: delivery handled","message_id":"inv_01m2scfcg4dzwrq9ckp7mjvhn3","sequence":8,"delivery_count":1,"outcome":"Completed { status: \"succeeded\" }","target":"tachyon_serverless_application::services::invoke_async::dispatch"}
{"timestamp":"2026-09-18T04:30:31.601099Z","level":"INFO","message":"object retention pass","report":"GcReport { examined: 1, collected_expired: 0, collected_orphans: 0, kept_in_use: 0, kept_referenced: 1, incomplete_removed: 0, tombstones_purged: 0, failed: 0 }","target":"tachyon_serverless_gateway"}
{"timestamp":"2026-09-18T04:30:33.600809Z","level":"INFO","message":"object retention pass","report":"GcReport { examined: 2, collected_expired: 0, collected_orphans: 0, kept_in_use: 0, kept_referenced: 2, incomplete_removed: 0, tombstones_purged: 0, failed: 0 }","target":"tachyon_serverless_gateway"}
{"timestamp":"2026-09-18T04:30:35.599933Z","level":"INFO","message":"object retention pass","report":"GcReport { examined: 2, collected_expired: 0, collected_orphans: 0, kept_in_use: 0, kept_referenced: 2, incomplete_removed: 0, tombstones_purged: 0, failed: 0 }","target":"tachyon_serverless_gateway"}
{"timestamp":"2026-09-18T04:30:35.601076Z","level":"WARN","message":"reclaimed the work of dispatchers that lost their lease","dispatcher_id":"dsp_01m2scf9ejy9p0p8thjw7w0q75","reclaimed_dispatchers":"[DispatcherId(dsp_01m2sceyffhcy7ad08tkacjppe)]","leases":1,"invocations":1,"attempts":1,"fenced":1,"target":"tachyon_serverless_application::services::dispatcher"}
{"timestamp":"2026-09-18T04:30:35.601371Z","level":"WARN","message":"terminating orphaned bridge","environment_id":"env_01m2scfcj0nwaq9sd1xrxpxsh6","pid":834239,"target":"tachyon_serverless_provider_process"}
{"timestamp":"2026-09-18T04:30:37.600244Z","level":"INFO","message":"object retention pass","report":"GcReport { examined: 2, collected_expired: 0, collected_orphans: 0, kept_in_use: 0, kept_referenced: 2, incomplete_removed: 0, tombstones_purged: 0, failed: 0 }","target":"tachyon_serverless_gateway"}
{"timestamp":"2026-09-18T04:30:38.621610Z","level":"INFO","message":"environment stop metered by a path that did not drive it","environment_id":"env_01m2scfcj0nwaq9sd1xrxpxsh6","stopped_by":"reclaim","cgroup_cpu_usec":"unknown","lifetime_ms":"Some(11740)","target":"tachyon_serverless_application::services::stopped"}
{"timestamp":"2026-09-18T04:30:38.629265Z","level":"INFO","message":"fenced environment terminated and settled","environment_id":"env_01m2scfcj0nwaq9sd1xrxpxsh6","owner":"Some(DispatcherId(dsp_01m2sceyffhcy7ad08tkacjppe))","was_running":true,"target":"tachyon_serverless_application::services::reconcile"}
{"timestamp":"2026-09-18T04:30:39.605011Z","level":"INFO","message":"object retention pass","report":"GcReport { examined: 2, collected_expired: 0, collected_orphans: 0, kept_in_use: 0, kept_referenced: 2, incomplete_removed: 0, tombstones_purged: 0, failed: 0 }","target":"tachyon_serverless_gateway"}
{"timestamp":"2026-09-18T04:30:41.605194Z","level":"INFO","message":"object retention pass","report":"GcReport { examined: 2, collected_expired: 0, collected_orphans: 0, kept_in_use: 0, kept_referenced: 2, incomplete_removed: 0, tombstones_purged: 0, failed: 0 }","target":"tachyon_serverless_gateway"}
{"timestamp":"2026-09-18T04:30:43.607355Z","level":"INFO","message":"object retention pass","report":"GcReport { examined: 2, collected_expired: 0, collected_orphans: 0, kept_in_use: 0, kept_referenced: 2, incomplete_removed: 0, tombstones_purged: 0, failed: 0 }","target":"tachyon_serverless_gateway"}
{"timestamp":"2026-09-18T04:30:45.040227Z","level":"INFO","message":"bridge spawned","environment_id":"env_01m2scfx6b8gxmv9616brhxky7","pid":834516,"target":"tachyon_serverless_provider_process"}
{"timestamp":"2026-09-18T04:30:45.061713Z","level":"INFO","message":"invocation finished","invocation_id":"inv_01m2scfx6agr7b9w0tabg916ts","status":"succeeded","handler_ms":8,"environment_boot_ms":1,"runtime_init_ms":3,"target":"tachyon_serverless_application::services::invoke"}
{"timestamp":"2026-09-18T04:30:45.063692Z","level":"INFO","message":"terminating bridge","environment_id":"env_01m2scfx6b8gxmv9616brhxky7","pid":834516,"reason":"Completed","graceful":true,"target":"tachyon_serverless_provider_process"}
{"timestamp":"2026-09-18T04:30:45.601168Z","level":"INFO","message":"object retention pass","report":"GcReport { examined: 2, collected_expired: 0, collected_orphans: 0, kept_in_use: 0, kept_referenced: 2, incomplete_removed: 0, tombstones_purged: 0, failed: 0 }","target":"tachyon_serverless_gateway"}
{"timestamp":"2026-09-18T04:30:46.741720Z","level":"INFO","message":"asynchronous run claimed","invocation_id":"inv_01m2scfzygjjtbnq98arc0qbh0","attempt":1,"generation":0,"delivery_count":1,"target":"tachyon_serverless_application::services::invoke_async::dispatch"}
{"timestamp":"2026-09-18T04:30:46.746239Z","level":"INFO","message":"SIGTERM received","target":"tachyon_serverless_gateway"}
{"timestamp":"2026-09-18T04:30:46.746265Z","level":"INFO","message":"shutdown requested; cancelling in-flight invocations","target":"tachyon_serverless_gateway"}
{"timestamp":"2026-09-18T04:30:46.746280Z","level":"INFO","message":"cancelling in-flight invocations for shutdown","count":1,"target":"tachyon_serverless_application::services::invoke"}
{"timestamp":"2026-09-18T04:30:47.601904Z","level":"INFO","message":"object retention pass","report":"GcReport { examined: 2, collected_expired: 0, collected_orphans: 0, kept_in_use: 0, kept_referenced: 2, incomplete_removed: 0, tombstones_purged: 0, failed: 0 }","target":"tachyon_serverless_gateway"}
{"timestamp":"2026-09-18T04:30:47.943056Z","level":"INFO","message":"bridge spawned","environment_id":"env_01m2scfzyptfrb472sj0en11eg","pid":834683,"target":"tachyon_serverless_provider_process"}
{"timestamp":"2026-09-18T04:30:47.979700Z","level":"INFO","message":"asynchronous invocation rescheduled","invocation_id":"inv_01m2scfzygjjtbnq98arc0qbh0","next_attempt_at":"2026-09-18T04:30:48.075087577+00:00","counted":false,"error_type":"Host.GatewayShutdown","target":"tachyon_serverless_application::services::invoke_async::dispatch"}
{"timestamp":"2026-09-18T04:30:47.985524Z","level":"INFO","message":"async dispatch: delivery handled","message_id":"inv_01m2scfzygjjtbnq98arc0qbh0","sequence":11,"delivery_count":1,"outcome":"Rescheduled { next_attempt_at: 2026-09-18T04:30:48.075087577Z, counted: false }","target":"tachyon_serverless_application::services::invoke_async::dispatch"}
{"timestamp":"2026-09-18T04:30:47.993486Z","level":"INFO","message":"final usage collection","report":"CollectReport { batches: 1, read: 7, inserted: 7, duplicates: 0, cursor_seq: 72 }","target":"tachyon_serverless_gateway"}
{"timestamp":"2026-09-18T04:30:47.996302Z","level":"INFO","message":"gateway stopped","target":"tachyon_serverless_gateway"}
{"timestamp":"2026-09-18T04:30:47.996436Z","level":"INFO","message":"event: closed","target":"async_nats"}
