[2m2026-09-17T10:21:12.910741Z[0m [32m INFO[0m [2mtachyon_serverless_gateway[0m[2m:[0m configuration loaded [3mconfig[0m[2m=[0m/var/folders/z7/khzdjrt95cg_fcmcnh4j1b5h0000gn/T//tsls-budget.8fzTiD/gateway.toml
[2m2026-09-17T10:21:12.940789Z[0m [32m INFO[0m [2mtachyon_serverless_application::app[0m[2m:[0m state store opened [3mpath[0m[2m=[0m/var/folders/z7/khzdjrt95cg_fcmcnh4j1b5h0000gn/T//tsls-budget.8fzTiD/data/state.db [3mschema_version[0m[2m=[0m8 [3mmigrations_applied[0m[2m=[0m[1, 2, 3, 4, 5, 6, 7, 8] [3mimported_state_json[0m[2m=[0mNone [3msettled_invocations[0m[2m=[0m0 [3msettled_attempts[0m[2m=[0m0 [3msettled_environments[0m[2m=[0m0 [3mreleased_leases[0m[2m=[0m0 [3mdropped_idempotency_keys[0m[2m=[0m0 [3mpurged_idempotency_keys[0m[2m=[0m0 [3moutputs_purged[0m[2m=[0m0
[2m2026-09-17T10:21:12.941862Z[0m [32m INFO[0m [2mtachyon_serverless_application::services::dispatcher[0m[2m:[0m dispatcher registered [3mdispatcher_id[0m[2m=[0mdsp_01m2qe4ybcta8zx1zsaz53jy01 [3minstance[0m[2m=[0mgateway@127.0.0.1:62984 [3mpid[0m[2m=[0m2384 [3mlease_ttl_seconds[0m[2m=[0m30
[2m2026-09-17T10:21:12.960862Z[0m [32m INFO[0m [2mtachyon_serverless_application::app[0m[2m:[0m application bootstrapped [3mprofile[0m[2m=[0m"dev" [3mprovider[0m[2m=[0m"process" [3mdev_only[0m[2m=[0mtrue [3menvironment_reuse[0m[2m=[0mfalse [3mreuse_verified[0m[2m=[0mfalse [3mreuse_reason[0m[2m=[0m"[pool] enabled is false" [3mreuse_disabled[0m[2m=[0mSome(Configuration) [3midle_quiesce[0m[2m=[0m"unsupported" [3midle_resume[0m[2m=[0m"unsupported" [3mdata_dir[0m[2m=[0m/var/folders/z7/khzdjrt95cg_fcmcnh4j1b5h0000gn/T//tsls-budget.8fzTiD/data [3mstore[0m[2m=[0m"sqlite" [3mdispatcher_id[0m[2m=[0mdsp_01m2qe4ybcta8zx1zsaz53jy01 [3mnode[0m[2m=[0mlocal [3mnode_region[0m[2m=[0m"none" [3mnode_memory_mib[0m[2m=[0mNone [3mmax_concurrency[0m[2m=[0m8 [3mqueue[0m[2m=[0m"none" [3mobjects[0m[2m=[0m"none" [3minvoke_async[0m[2m=[0mfalse [3mtriggers[0m[2m=[0mfalse
[2m2026-09-17T10:21:12.961398Z[0m [32m INFO[0m [2mtachyon_serverless_application::services::reconcile[0m[2m:[0m startup reconcile finished [3mprovider[0m[2m=[0m"process" [3mfound[0m[2m=[0m0 [3madopted[0m[2m=[0m0 [3mterminated[0m[2m=[0m0 [3mdisowned[0m[2m=[0m0 [3mfailed[0m[2m=[0m0 [3mlost[0m[2m=[0m0 [3mforeign[0m[2m=[0m0 [3mreclaimed_dispatchers[0m[2m=[0m0 [3mfenced_terminated[0m[2m=[0m0 [3mfenced_pending[0m[2m=[0m0
[2m2026-09-17T10:21:12.961619Z[0m [32m INFO[0m [2mtachyon_serverless_gateway[0m[2m:[0m gateway listening [3maddr[0m[2m=[0m127.0.0.1:62984 [3mprofile[0m[2m=[0m"dev" [3mprovider[0m[2m=[0m"process"
[2m2026-09-17T10:21:15.320504Z[0m [32m INFO[0m [2mtachyon_serverless_application::services::revision[0m[2m:[0m revision ready [3mrevision_id[0m[2m=[0mrev_01m2qe509tqnmcbj0cbwp94qk7 [3mfunction_id[0m[2m=[0mfn_01m2qe4zj3se8p5dhp7h8qv0k3
[2m2026-09-17T10:21:15.875025Z[0m [32m INFO[0m [2mtachyon_serverless_provider_process[0m[2m:[0m bridge spawned [3menvironment_id[0m[2m=[0menv_01m2qe50v3kkcecj9vdx6gqxb0 [3mpid[0m[2m=[0m2448
[2m2026-09-17T10:21:17.394580Z[0m [32m INFO[0m [2mtachyon_serverless_application::services::invoke[0m[2m:[0m invocation finished [3minvocation_id[0m[2m=[0minv_01m2qe50v0aep6e689rgd282pe [3mstatus[0m[2m=[0m"succeeded" [3mhandler_ms[0m[2m=[0m102 [3menvironment_boot_ms[0m[2m=[0m907 [3mruntime_init_ms[0m[2m=[0m516
[2m2026-09-17T10:21:17.396693Z[0m [32m INFO[0m [2mtachyon_serverless_provider_process[0m[2m:[0m terminating bridge [3menvironment_id[0m[2m=[0menv_01m2qe50v3kkcecj9vdx6gqxb0 [3mpid[0m[2m=[0m2448 [3mreason[0m[2m=[0mCompleted [3mgraceful[0m[2m=[0mtrue
[2m2026-09-17T10:21:17.839375Z[0m [32m INFO[0m [2mtachyon_serverless_application::budget::publish[0m[2m:[0m budget file reloaded [3mfile[0m[2m=[0m/var/folders/z7/khzdjrt95cg_fcmcnh4j1b5h0000gn/T//tsls-budget.8fzTiD/budgets.toml [3mtenants[0m[2m=[0m1
[2m2026-09-17T10:21:17.934451Z[0m [32m INFO[0m [2mtachyon_serverless_application::budget[0m[2m:[0m invocation refused by budget [3mcause[0m[2m=[0m"tenant_hard_limit" [3merror_type[0m[2m=[0m"Host.BudgetExhausted"
[2m2026-09-17T10:21:17.935843Z[0m [32m INFO[0m [2mtachyon_serverless_application::budget[0m[2m:[0m invocation refused by budget [3mcause[0m[2m=[0m"tenant_hard_limit" [3merror_type[0m[2m=[0m"Host.BudgetExhausted"
[2m2026-09-17T10:21:17.936990Z[0m [32m INFO[0m [2mtachyon_serverless_application::budget[0m[2m:[0m invocation refused by budget [3mcause[0m[2m=[0m"tenant_hard_limit" [3merror_type[0m[2m=[0m"Host.BudgetExhausted"
[2m2026-09-17T10:21:17.937628Z[0m [32m INFO[0m [2mtachyon_serverless_application::budget[0m[2m:[0m invocation refused by budget [3mcause[0m[2m=[0m"tenant_hard_limit" [3merror_type[0m[2m=[0m"Host.BudgetExhausted"
[2m2026-09-17T10:21:17.940321Z[0m [32m INFO[0m [2mtachyon_serverless_application::budget[0m[2m:[0m invocation refused by budget [3mcause[0m[2m=[0m"tenant_hard_limit" [3merror_type[0m[2m=[0m"Host.BudgetExhausted"
[2m2026-09-17T10:21:18.306792Z[0m [32m INFO[0m [2mtachyon_serverless_provider_process[0m[2m:[0m bridge spawned [3menvironment_id[0m[2m=[0menv_01m2qe5373a3c2js7rx1gh793b [3mpid[0m[2m=[0m2505
[2m2026-09-17T10:21:18.329472Z[0m [32m INFO[0m [2mtachyon_serverless_provider_process[0m[2m:[0m bridge spawned [3menvironment_id[0m[2m=[0menv_01m2qe5375bxv155q9vev48r2p [3mpid[0m[2m=[0m2508
[2m2026-09-17T10:21:18.329557Z[0m [32m INFO[0m [2mtachyon_serverless_provider_process[0m[2m:[0m bridge spawned [3menvironment_id[0m[2m=[0menv_01m2qe537f3k79mzfqy9d0axxt [3mpid[0m[2m=[0m2506
[2m2026-09-17T10:21:19.352724Z[0m [32m INFO[0m [2mtachyon_serverless_application::services::invoke[0m[2m:[0m invocation finished [3minvocation_id[0m[2m=[0minv_01m2qe53705gy0cqx8an1ex1ta [3mstatus[0m[2m=[0m"succeeded" [3mhandler_ms[0m[2m=[0m1004 [3menvironment_boot_ms[0m[2m=[0m21 [3mruntime_init_ms[0m[2m=[0m21
[2m2026-09-17T10:21:19.356089Z[0m [32m INFO[0m [2mtachyon_serverless_provider_process[0m[2m:[0m terminating bridge [3menvironment_id[0m[2m=[0menv_01m2qe5373a3c2js7rx1gh793b [3mpid[0m[2m=[0m2505 [3mreason[0m[2m=[0mCompleted [3mgraceful[0m[2m=[0mtrue
[2m2026-09-17T10:21:19.374042Z[0m [32m INFO[0m [2mtachyon_serverless_application::services::invoke[0m[2m:[0m invocation finished [3minvocation_id[0m[2m=[0minv_01m2qe53731ca389wxgcdweb1k [3mstatus[0m[2m=[0m"succeeded" [3mhandler_ms[0m[2m=[0m1008 [3menvironment_boot_ms[0m[2m=[0m14 [3mruntime_init_ms[0m[2m=[0m20
[2m2026-09-17T10:21:19.375025Z[0m [32m INFO[0m [2mtachyon_serverless_application::services::invoke[0m[2m:[0m invocation finished [3minvocation_id[0m[2m=[0minv_01m2qe5376bm2s5sgt9qdbh2yc [3mstatus[0m[2m=[0m"succeeded" [3mhandler_ms[0m[2m=[0m1012 [3menvironment_boot_ms[0m[2m=[0m14 [3mruntime_init_ms[0m[2m=[0m18
[2m2026-09-17T10:21:19.376970Z[0m [32m INFO[0m [2mtachyon_serverless_provider_process[0m[2m:[0m terminating bridge [3menvironment_id[0m[2m=[0menv_01m2qe5375bxv155q9vev48r2p [3mpid[0m[2m=[0m2508 [3mreason[0m[2m=[0mCompleted [3mgraceful[0m[2m=[0mtrue
[2m2026-09-17T10:21:19.378311Z[0m [32m INFO[0m [2mtachyon_serverless_provider_process[0m[2m:[0m terminating bridge [3menvironment_id[0m[2m=[0menv_01m2qe537f3k79mzfqy9d0axxt [3mpid[0m[2m=[0m2506 [3mreason[0m[2m=[0mCompleted [3mgraceful[0m[2m=[0mtrue
[2m2026-09-17T10:21:19.578389Z[0m [33m WARN[0m [2mtachyon_serverless_application::budget[0m[2m:[0m budget alert: soft limit threshold crossed (alert only, nothing is stopped) [3mtenant_id[0m[2m=[0mtn_01hzzzzzzzzzzzzzzzzzzzzzza [3mfunction_id[0m[2m=[0m [3mperiod[0m[2m=[0m2026-09 [3mthreshold_percent[0m[2m=[0m50 [3msoft_limit_micros[0m[2m=[0m868 [3mconsumed_micros[0m[2m=[0m2286
[2m2026-09-17T10:21:19.578437Z[0m [33m WARN[0m [2mtachyon_serverless_application::budget[0m[2m:[0m budget alert: soft limit threshold crossed (alert only, nothing is stopped) [3mtenant_id[0m[2m=[0mtn_01hzzzzzzzzzzzzzzzzzzzzzza [3mfunction_id[0m[2m=[0m [3mperiod[0m[2m=[0m2026-09 [3mthreshold_percent[0m[2m=[0m100 [3msoft_limit_micros[0m[2m=[0m868 [3mconsumed_micros[0m[2m=[0m2286
[2m2026-09-17T10:21:20.504728Z[0m [32m INFO[0m [2mtachyon_serverless_provider_process[0m[2m:[0m bridge spawned [3menvironment_id[0m[2m=[0menv_01m2qe55c0v3pjpjbjgdedncj2 [3mpid[0m[2m=[0m2607
[2m2026-09-17T10:21:20.645984Z[0m [32m INFO[0m [2mtachyon_serverless_application::services::invoke[0m[2m:[0m invocation finished [3minvocation_id[0m[2m=[0minv_01m2qe55by2d3mt73xdd5k0ms2 [3mstatus[0m[2m=[0m"succeeded" [3mhandler_ms[0m[2m=[0m105 [3menvironment_boot_ms[0m[2m=[0m13 [3mruntime_init_ms[0m[2m=[0m16
[2m2026-09-17T10:21:20.648838Z[0m [32m INFO[0m [2mtachyon_serverless_provider_process[0m[2m:[0m terminating bridge [3menvironment_id[0m[2m=[0menv_01m2qe55c0v3pjpjbjgdedncj2 [3mpid[0m[2m=[0m2607 [3mreason[0m[2m=[0mCompleted [3mgraceful[0m[2m=[0mtrue
[2m2026-09-17T10:21:21.404819Z[0m [32m INFO[0m [2mtachyon_serverless_provider_process[0m[2m:[0m bridge spawned [3menvironment_id[0m[2m=[0menv_01m2qe568b3mfxr3zr8fry3ykc [3mpid[0m[2m=[0m2638
[2m2026-09-17T10:21:21.555194Z[0m [32m INFO[0m [2mtachyon_serverless_application::services::invoke[0m[2m:[0m invocation finished [3minvocation_id[0m[2m=[0minv_01m2qe5688cntzmd1e8y8zdbfx [3mstatus[0m[2m=[0m"succeeded" [3mhandler_ms[0m[2m=[0m107 [3menvironment_boot_ms[0m[2m=[0m15 [3mruntime_init_ms[0m[2m=[0m24
[2m2026-09-17T10:21:21.557738Z[0m [32m INFO[0m [2mtachyon_serverless_provider_process[0m[2m:[0m terminating bridge [3menvironment_id[0m[2m=[0menv_01m2qe568b3mfxr3zr8fry3ykc [3mpid[0m[2m=[0m2638 [3mreason[0m[2m=[0mCompleted [3mgraceful[0m[2m=[0mtrue
[2m2026-09-17T10:21:21.963868Z[0m [32m INFO[0m [2mtachyon_serverless_provider_process[0m[2m:[0m bridge spawned [3menvironment_id[0m[2m=[0menv_01m2qe56ssm86rnqrhmdrk6a04 [3mpid[0m[2m=[0m2644
[2m2026-09-17T10:21:22.997629Z[0m [32m INFO[0m [2mtachyon_serverless_application::services::invoke[0m[2m:[0m invocation finished [3minvocation_id[0m[2m=[0minv_01m2qe56sng90kkv5sg6t39gmp [3mstatus[0m[2m=[0m"succeeded" [3mhandler_ms[0m[2m=[0m1002 [3menvironment_boot_ms[0m[2m=[0m11 [3mruntime_init_ms[0m[2m=[0m17
[2m2026-09-17T10:21:22.999752Z[0m [32m INFO[0m [2mtachyon_serverless_provider_process[0m[2m:[0m terminating bridge [3menvironment_id[0m[2m=[0menv_01m2qe56ssm86rnqrhmdrk6a04 [3mpid[0m[2m=[0m2644 [3mreason[0m[2m=[0mCompleted [3mgraceful[0m[2m=[0mtrue
[2m2026-09-17T10:21:25.603815Z[0m [32m INFO[0m [2mtachyon_serverless_application::budget[0m[2m:[0m invocation refused by budget [3mcause[0m[2m=[0m"collector_stalled" [3merror_type[0m[2m=[0m"Host.BudgetUnknown"
[2m2026-09-17T10:21:26.496105Z[0m [32m INFO[0m [2mtachyon_serverless_provider_process[0m[2m:[0m bridge spawned [3menvironment_id[0m[2m=[0menv_01m2qe5b6z7vqvdjy9s1xqzd7a [3mpid[0m[2m=[0m2710
[2m2026-09-17T10:21:26.645367Z[0m [32m INFO[0m [2mtachyon_serverless_application::services::invoke[0m[2m:[0m invocation finished [3minvocation_id[0m[2m=[0minv_01m2qe5b6rrc6csv256a0b2t5z [3mstatus[0m[2m=[0m"succeeded" [3mhandler_ms[0m[2m=[0m110 [3menvironment_boot_ms[0m[2m=[0m13 [3mruntime_init_ms[0m[2m=[0m21
[2m2026-09-17T10:21:26.647675Z[0m [32m INFO[0m [2mtachyon_serverless_provider_process[0m[2m:[0m terminating bridge [3menvironment_id[0m[2m=[0menv_01m2qe5b6z7vqvdjy9s1xqzd7a [3mpid[0m[2m=[0m2710 [3mreason[0m[2m=[0mCompleted [3mgraceful[0m[2m=[0mtrue
[2m2026-09-17T10:21:27.023154Z[0m [32m INFO[0m [2mtachyon_serverless_application::budget::publish[0m[2m:[0m budget file reloaded [3mfile[0m[2m=[0m/var/folders/z7/khzdjrt95cg_fcmcnh4j1b5h0000gn/T//tsls-budget.8fzTiD/budgets.toml [3mtenants[0m[2m=[0m1
[2m2026-09-17T10:21:27.025647Z[0m [32m INFO[0m [2mtachyon_serverless_application::budget[0m[2m:[0m invocation refused by budget [3mcause[0m[2m=[0m"tenant_hard_limit" [3merror_type[0m[2m=[0m"Host.BudgetExhausted"
[2m2026-09-17T10:21:27.066765Z[0m [32m INFO[0m [2mtachyon_serverless_application::budget::publish[0m[2m:[0m budget file reloaded [3mfile[0m[2m=[0m/var/folders/z7/khzdjrt95cg_fcmcnh4j1b5h0000gn/T//tsls-budget.8fzTiD/budgets.toml [3mtenants[0m[2m=[0m1
[2m2026-09-17T10:21:27.452292Z[0m [32m INFO[0m [2mtachyon_serverless_provider_process[0m[2m:[0m bridge spawned [3menvironment_id[0m[2m=[0menv_01m2qe5c4zettwg1m47gcm8sc7 [3mpid[0m[2m=[0m2743
[2m2026-09-17T10:21:27.585393Z[0m [32m INFO[0m [2mtachyon_serverless_application::services::invoke[0m[2m:[0m invocation finished [3minvocation_id[0m[2m=[0minv_01m2qe5c4y1fqkze7nhnsmk2ap [3mstatus[0m[2m=[0m"succeeded" [3mhandler_ms[0m[2m=[0m103 [3menvironment_boot_ms[0m[2m=[0m12 [3mruntime_init_ms[0m[2m=[0m15
[2m2026-09-17T10:21:27.587502Z[0m [32m INFO[0m [2mtachyon_serverless_provider_process[0m[2m:[0m terminating bridge [3menvironment_id[0m[2m=[0menv_01m2qe5c4zettwg1m47gcm8sc7 [3mpid[0m[2m=[0m2743 [3mreason[0m[2m=[0mCompleted [3mgraceful[0m[2m=[0mtrue
[2m2026-09-17T10:21:28.946141Z[0m [32m INFO[0m [2mtachyon_serverless_application::services::revision[0m[2m:[0m revision ready [3mrevision_id[0m[2m=[0mrev_01m2qe5dkm6gv6rvndt4m9jyyz [3mfunction_id[0m[2m=[0mfn_01m2qe5cv1v53we6cjcjd5e5w5
[2m2026-09-17T10:21:29.105607Z[0m [32m INFO[0m [2mtachyon_serverless_application::budget[0m[2m:[0m invocation refused by budget [3mcause[0m[2m=[0m"not_delivered" [3merror_type[0m[2m=[0m"Host.BudgetUnknown"
[2m2026-09-17T10:21:29.290918Z[0m [32m INFO[0m [2mtachyon_serverless_gateway[0m[2m:[0m SIGTERM received
[2m2026-09-17T10:21:29.290972Z[0m [32m INFO[0m [2mtachyon_serverless_gateway[0m[2m:[0m shutdown requested; cancelling in-flight invocations
[2m2026-09-17T10:21:29.292214Z[0m [32m INFO[0m [2mtachyon_serverless_gateway[0m[2m:[0m final usage collection [3mreport[0m[2m=[0mCollectReport { batches: 0, read: 0, inserted: 0, duplicates: 0, cursor_seq: 45 }
[2m2026-09-17T10:21:29.297295Z[0m [32m INFO[0m [2mtachyon_serverless_gateway[0m[2m:[0m gateway stopped
