{"timestamp":"2026-09-15T12:56:10.779488Z","level":"INFO","message":"configuration loaded","config":"/home/takanorifukuyama.guest/tsls/config/gateway.firecracker.toml","target":"tachyon_serverless_gateway"}
{"timestamp":"2026-09-15T12:56:10.781966Z","level":"INFO","message":"application bootstrapped","profile":"production","provider":"firecracker","dev_only":false,"data_dir":"/home/takanorifukuyama.guest/tsls/./data","target":"tachyon_serverless_application::app"}
{"timestamp":"2026-09-15T12:56:10.782148Z","level":"INFO","message":"gateway listening","addr":"127.0.0.1:8080","profile":"production","provider":"firecracker","target":"tachyon_serverless_gateway"}
{"timestamp":"2026-09-15T12:56:21.677328Z","level":"INFO","message":"revision ready","revision_id":"rev_01m2jj7jr860sdz1dev7cp632d","function_id":"fn_01m2jj7jafhtqbw7be5fhrmyr3","target":"tachyon_serverless_application::services::revision"}
{"timestamp":"2026-09-15T12:56:22.485099Z","level":"INFO","message":"revision ready","revision_id":"rev_01m2jj7kfswgss1znkde2dfk13","function_id":"fn_01m2jj7jbdeas4j20z5bcsm7ns","target":"tachyon_serverless_application::services::revision"}
{"timestamp":"2026-09-15T12:56:23.046737Z","level":"INFO","message":"revision ready","revision_id":"rev_01m2jj7m37jk2rm4ca5zb12fej","function_id":"fn_01m2jj7jcdf0j2q2nbr7dvwnzz","target":"tachyon_serverless_application::services::revision"}
{"timestamp":"2026-09-15T12:56:23.407512Z","level":"INFO","message":"firecracker spawned","env_id":"env_01m2jj7md3awtp7v2hgyqgerxa","pid":7116,"instance_id":"env-01m2jj7md3awtp7v2hgyqgerxa","target":"tachyon_serverless_provider_firecracker::provider"}
{"timestamp":"2026-09-15T12:56:23.478553Z","level":"INFO","message":"InstanceStart accepted","env_id":"env_01m2jj7md3awtp7v2hgyqgerxa","vcpus":1,"mem_mib":256,"target":"tachyon_serverless_provider_firecracker::provider"}
{"timestamp":"2026-09-15T12:56:28.559428Z","level":"INFO","message":"invocation finished","invocation_id":"inv_01m2jj7md2nr06na5n1n37b5x5","status":"succeeded","handler_ms":73,"environment_boot_ms":4754,"runtime_init_ms":353,"target":"tachyon_serverless_application::services::invoke"}
{"timestamp":"2026-09-15T12:56:28.667978Z","level":"INFO","message":"environment terminated","env_id":"env_01m2jj7md3awtp7v2hgyqgerxa","reason":"Completed","was_running":true,"target":"tachyon_serverless_provider_firecracker::provider"}
{"timestamp":"2026-09-15T12:56:28.806305Z","level":"INFO","message":"firecracker spawned","env_id":"env_01m2jj7ss0sz25qx9bqef1m6tv","pid":7161,"instance_id":"env-01m2jj7ss0sz25qx9bqef1m6tv","target":"tachyon_serverless_provider_firecracker::provider"}
{"timestamp":"2026-09-15T12:56:28.842023Z","level":"INFO","message":"InstanceStart accepted","env_id":"env_01m2jj7ss0sz25qx9bqef1m6tv","vcpus":1,"mem_mib":256,"target":"tachyon_serverless_provider_firecracker::provider"}
{"timestamp":"2026-09-15T12:56:33.035624Z","level":"INFO","message":"invocation finished","invocation_id":"inv_01m2jj7ss0qb2jrtv11ryts03r","status":"failed","handler_ms":79,"environment_boot_ms":3770,"runtime_init_ms":383,"target":"tachyon_serverless_application::services::invoke"}
{"timestamp":"2026-09-15T12:56:33.143455Z","level":"INFO","message":"environment terminated","env_id":"env_01m2jj7ss0sz25qx9bqef1m6tv","reason":"Completed","was_running":true,"target":"tachyon_serverless_provider_firecracker::provider"}
{"timestamp":"2026-09-15T12:56:33.310506Z","level":"INFO","message":"firecracker spawned","env_id":"env_01m2jj7y4ybb42709qk07aa56a","pid":7199,"instance_id":"env-01m2jj7y4ybb42709qk07aa56a","target":"tachyon_serverless_provider_firecracker::provider"}
{"timestamp":"2026-09-15T12:56:33.348011Z","level":"INFO","message":"InstanceStart accepted","env_id":"env_01m2jj7y4ybb42709qk07aa56a","vcpus":1,"mem_mib":256,"target":"tachyon_serverless_provider_firecracker::provider"}
{"timestamp":"2026-09-15T12:56:37.840242Z","level":"INFO","message":"invocation finished","invocation_id":"inv_01m2jj7y4xw8v9gpd87re1f2f0","status":"failed","handler_ms":92,"environment_boot_ms":4062,"runtime_init_ms":384,"target":"tachyon_serverless_application::services::invoke"}
{"timestamp":"2026-09-15T12:56:37.947199Z","level":"INFO","message":"environment terminated","env_id":"env_01m2jj7y4ybb42709qk07aa56a","reason":"Completed","was_running":true,"target":"tachyon_serverless_provider_firecracker::provider"}
{"timestamp":"2026-09-15T12:56:38.310696Z","level":"INFO","message":"revision ready","revision_id":"rev_01m2jj831d9n7zc5dgdhrrtn8b","function_id":"fn_01m2jj7jafhtqbw7be5fhrmyr3","target":"tachyon_serverless_application::services::revision"}
{"timestamp":"2026-09-15T12:56:38.590141Z","level":"INFO","message":"firecracker spawned","env_id":"env_01m2jj839v0196ttynyjf66tp2","pid":7244,"instance_id":"env-01m2jj839v0196ttynyjf66tp2","target":"tachyon_serverless_provider_firecracker::provider"}
{"timestamp":"2026-09-15T12:56:38.625586Z","level":"INFO","message":"InstanceStart accepted","env_id":"env_01m2jj839v0196ttynyjf66tp2","vcpus":1,"mem_mib":256,"target":"tachyon_serverless_provider_firecracker::provider"}
{"timestamp":"2026-09-15T12:56:42.676205Z","level":"INFO","message":"environment terminated","env_id":"env_01m2jj839v0196ttynyjf66tp2","reason":"InitFailed","was_running":true,"target":"tachyon_serverless_provider_firecracker::provider"}
{"timestamp":"2026-09-15T12:56:42.676259Z","level":"INFO","message":"invocation failed","invocation_id":"inv_01m2jj839tb0cr4g5j4kpk40bz","class":"init_error","error_type":"Runtime.InitError","target":"tachyon_serverless_application::services::invoke"}
{"timestamp":"2026-09-15T12:56:42.870635Z","level":"INFO","message":"firecracker spawned","env_id":"env_01m2jj87ekmbz57e1bwvjnf09e","pid":7278,"instance_id":"env-01m2jj87ekmbz57e1bwvjnf09e","target":"tachyon_serverless_provider_firecracker::provider"}
{"timestamp":"2026-09-15T12:56:42.902567Z","level":"INFO","message":"InstanceStart accepted","env_id":"env_01m2jj87ekmbz57e1bwvjnf09e","vcpus":1,"mem_mib":256,"target":"tachyon_serverless_provider_firecracker::provider"}
{"timestamp":"2026-09-15T12:56:47.862976Z","level":"INFO","message":"invocation finished","invocation_id":"inv_01m2jj87ejc2c84hbwck3z2cfd","status":"succeeded","handler_ms":93,"environment_boot_ms":4503,"runtime_init_ms":410,"target":"tachyon_serverless_application::services::invoke"}
{"timestamp":"2026-09-15T12:56:47.969435Z","level":"INFO","message":"environment terminated","env_id":"env_01m2jj87ekmbz57e1bwvjnf09e","reason":"Completed","was_running":true,"target":"tachyon_serverless_provider_firecracker::provider"}
{"timestamp":"2026-09-15T12:56:48.161160Z","level":"INFO","message":"firecracker spawned","env_id":"env_01m2jj8ckvjbyjk6qnq0v2axjy","pid":7303,"instance_id":"env-01m2jj8ckvjbyjk6qnq0v2axjy","target":"tachyon_serverless_provider_firecracker::provider"}
{"timestamp":"2026-09-15T12:56:48.195267Z","level":"INFO","message":"InstanceStart accepted","env_id":"env_01m2jj8ckvjbyjk6qnq0v2axjy","vcpus":1,"mem_mib":256,"target":"tachyon_serverless_provider_firecracker::provider"}
{"timestamp":"2026-09-15T12:56:52.503537Z","level":"INFO","message":"invocation finished","invocation_id":"inv_01m2jj8ckt9h4qxhncwxmwxdfk","status":"succeeded","handler_ms":88,"environment_boot_ms":3885,"runtime_init_ms":373,"target":"tachyon_serverless_application::services::invoke"}
{"timestamp":"2026-09-15T12:56:52.613631Z","level":"INFO","message":"environment terminated","env_id":"env_01m2jj8ckvjbyjk6qnq0v2axjy","reason":"Completed","was_running":true,"target":"tachyon_serverless_provider_firecracker::provider"}
{"timestamp":"2026-09-15T12:56:52.797155Z","level":"INFO","message":"firecracker spawned","env_id":"env_01m2jj8h4y9pcs6t5m9qznedy7","pid":7328,"instance_id":"env-01m2jj8h4y9pcs6t5m9qznedy7","target":"tachyon_serverless_provider_firecracker::provider"}
{"timestamp":"2026-09-15T12:56:52.830685Z","level":"INFO","message":"InstanceStart accepted","env_id":"env_01m2jj8h4y9pcs6t5m9qznedy7","vcpus":1,"mem_mib":256,"target":"tachyon_serverless_provider_firecracker::provider"}
{"timestamp":"2026-09-15T12:56:57.169033Z","level":"INFO","message":"invocation finished","invocation_id":"inv_01m2jj8h4x07fmh6787txhbnbk","status":"succeeded","handler_ms":90,"environment_boot_ms":3891,"runtime_init_ms":397,"target":"tachyon_serverless_application::services::invoke"}
{"timestamp":"2026-09-15T12:56:57.276701Z","level":"INFO","message":"environment terminated","env_id":"env_01m2jj8h4y9pcs6t5m9qznedy7","reason":"Completed","was_running":true,"target":"tachyon_serverless_provider_firecracker::provider"}
{"timestamp":"2026-09-15T12:56:57.455990Z","level":"INFO","message":"firecracker spawned","env_id":"env_01m2jj8npnndmg5b1ns7pqwspv","pid":7350,"instance_id":"env-01m2jj8npnndmg5b1ns7pqwspv","target":"tachyon_serverless_provider_firecracker::provider"}
{"timestamp":"2026-09-15T12:56:57.465340Z","level":"INFO","message":"InstanceStart accepted","env_id":"env_01m2jj8npnndmg5b1ns7pqwspv","vcpus":1,"mem_mib":256,"target":"tachyon_serverless_provider_firecracker::provider"}
{"timestamp":"2026-09-15T12:57:01.994246Z","level":"INFO","message":"invocation finished","invocation_id":"inv_01m2jj8npk82k880v0nnjzg44t","status":"succeeded","handler_ms":91,"environment_boot_ms":4059,"runtime_init_ms":390,"target":"tachyon_serverless_application::services::invoke"}
{"timestamp":"2026-09-15T12:57:02.100485Z","level":"INFO","message":"environment terminated","env_id":"env_01m2jj8npnndmg5b1ns7pqwspv","reason":"Completed","was_running":true,"target":"tachyon_serverless_provider_firecracker::provider"}
{"timestamp":"2026-09-15T12:57:02.248697Z","level":"INFO","message":"firecracker spawned","env_id":"env_01m2jj8tdpr1xzg94hwqpk6cy3","pid":7379,"instance_id":"env-01m2jj8tdpr1xzg94hwqpk6cy3","target":"tachyon_serverless_provider_firecracker::provider"}
{"timestamp":"2026-09-15T12:57:02.284971Z","level":"INFO","message":"InstanceStart accepted","env_id":"env_01m2jj8tdpr1xzg94hwqpk6cy3","vcpus":1,"mem_mib":256,"target":"tachyon_serverless_provider_firecracker::provider"}
{"timestamp":"2026-09-15T12:57:07.180655Z","level":"INFO","message":"invocation finished","invocation_id":"inv_01m2jj8tdkjxx95s6zvkxcbsgs","status":"succeeded","handler_ms":1080,"environment_boot_ms":3522,"runtime_init_ms":331,"target":"tachyon_serverless_application::services::invoke"}
{"timestamp":"2026-09-15T12:57:07.292818Z","level":"INFO","message":"environment terminated","env_id":"env_01m2jj8tdpr1xzg94hwqpk6cy3","reason":"Completed","was_running":true,"target":"tachyon_serverless_provider_firecracker::provider"}
{"timestamp":"2026-09-15T12:57:07.597573Z","level":"INFO","message":"revision ready","revision_id":"rev_01m2jj8znczggr7c76y84x8mhn","function_id":"fn_01m2jj7jcdf0j2q2nbr7dvwnzz","target":"tachyon_serverless_application::services::revision"}
{"timestamp":"2026-09-15T12:57:07.877393Z","level":"INFO","message":"firecracker spawned","env_id":"env_01m2jj8zxz1ewpk32r3ndxsjka","pid":7419,"instance_id":"env-01m2jj8zxz1ewpk32r3ndxsjka","target":"tachyon_serverless_provider_firecracker::provider"}
{"timestamp":"2026-09-15T12:57:07.910066Z","level":"INFO","message":"InstanceStart accepted","env_id":"env_01m2jj8zxz1ewpk32r3ndxsjka","vcpus":1,"mem_mib":256,"target":"tachyon_serverless_provider_firecracker::provider"}
{"timestamp":"2026-09-15T12:57:14.808785Z","level":"INFO","message":"invocation finished","invocation_id":"inv_01m2jj8zxxeya9n7mtyjyq8qf4","status":"failed","handler_ms":2002,"environment_boot_ms":3577,"runtime_init_ms":378,"target":"tachyon_serverless_application::services::invoke"}
{"timestamp":"2026-09-15T12:57:14.816247Z","level":"INFO","message":"environment terminated","env_id":"env_01m2jj8zxz1ewpk32r3ndxsjka","reason":"Timeout","was_running":true,"target":"tachyon_serverless_provider_firecracker::provider"}
{"timestamp":"2026-09-15T12:57:17.261451Z","level":"INFO","message":"revision ready","revision_id":"rev_01m2jj992y581xbasxkgpxnnnq","function_id":"fn_01m2jj7jafhtqbw7be5fhrmyr3","target":"tachyon_serverless_application::services::revision"}
{"timestamp":"2026-09-15T12:57:17.547759Z","level":"INFO","message":"firecracker spawned","env_id":"env_01m2jj99bqhn4g4s9pzzga73at","pid":7560,"instance_id":"env-01m2jj99bqhn4g4s9pzzga73at","target":"tachyon_serverless_provider_firecracker::provider"}
{"timestamp":"2026-09-15T12:57:17.583064Z","level":"INFO","message":"InstanceStart accepted","env_id":"env_01m2jj99bqhn4g4s9pzzga73at","vcpus":1,"mem_mib":256,"target":"tachyon_serverless_provider_firecracker::provider"}
{"timestamp":"2026-09-15T12:57:21.763973Z","level":"INFO","message":"invocation finished","invocation_id":"inv_01m2jj99bnfd7v7zys8xegmryk","status":"succeeded","handler_ms":77,"environment_boot_ms":3755,"runtime_init_ms":388,"target":"tachyon_serverless_application::services::invoke"}
{"timestamp":"2026-09-15T12:57:21.879090Z","level":"INFO","message":"environment terminated","env_id":"env_01m2jj99bqhn4g4s9pzzga73at","reason":"Completed","was_running":true,"target":"tachyon_serverless_provider_firecracker::provider"}
{"timestamp":"2026-09-15T12:57:22.038266Z","level":"INFO","message":"firecracker spawned","env_id":"env_01m2jj9dr0pdr677dr3vmkkc3p","pid":7595,"instance_id":"env-01m2jj9dr0pdr677dr3vmkkc3p","target":"tachyon_serverless_provider_firecracker::provider"}
{"timestamp":"2026-09-15T12:57:22.069621Z","level":"INFO","message":"InstanceStart accepted","env_id":"env_01m2jj9dr0pdr677dr3vmkkc3p","vcpus":1,"mem_mib":256,"target":"tachyon_serverless_provider_firecracker::provider"}
{"timestamp":"2026-09-15T12:57:26.219394Z","level":"INFO","message":"invocation finished","invocation_id":"inv_01m2jj9dqxara5avxa1thng2ks","status":"succeeded","handler_ms":79,"environment_boot_ms":3738,"runtime_init_ms":360,"target":"tachyon_serverless_application::services::invoke"}
{"timestamp":"2026-09-15T12:57:26.327150Z","level":"INFO","message":"environment terminated","env_id":"env_01m2jj9dr0pdr677dr3vmkkc3p","reason":"Completed","was_running":true,"target":"tachyon_serverless_provider_firecracker::provider"}
{"timestamp":"2026-09-15T12:57:26.505803Z","level":"INFO","message":"environment terminated","env_id":"env_01m2jj9j3zj93fy9mzcp4mhm41","reason":"Cancelled","was_running":false,"target":"tachyon_serverless_provider_firecracker::provider"}
{"timestamp":"2026-09-15T12:57:26.505858Z","level":"INFO","message":"invocation failed","invocation_id":"inv_01m2jj9j3vrr439gthjnnhkdrn","class":"cancelled","error_type":"Host.Cancelled","target":"tachyon_serverless_application::services::invoke"}
{"timestamp":"2026-09-15T12:57:26.626480Z","level":"INFO","message":"SIGTERM received","target":"tachyon_serverless_gateway"}
{"timestamp":"2026-09-15T12:57:26.626512Z","level":"INFO","message":"shutdown requested; cancelling in-flight invocations","target":"tachyon_serverless_gateway"}
{"timestamp":"2026-09-15T12:57:26.629821Z","level":"INFO","message":"gateway stopped","target":"tachyon_serverless_gateway"}
