# tachyon-serverless lab transcript
# command:  scripts/lab/lab.sh --provider firecracker bootstrap
# started:  2026-09-17T16:29:40Z
# lab_dir:  /home/takanorifukuyama.guest/lab-main/.lab
# lab_id:   lab-5d68f8c4
# host:     Linux 7.0.0-31-generic aarch64 user=takanorifukuyama
# git:      9b6f2c845be90703f9a2b93a2a9e9a034c38fb04
2026-09-17T16:29:40Z [lab] lab lab-5d68f8c4 provider=firecracker arch=aarch64
2026-09-17T16:29:40Z [lab] step 1/4: nats-server v2.14.7
2026-09-17T16:29:40Z [queue] downloading https://github.com/nats-io/nats-server/releases/download/v2.14.7/nats-server-v2.14.7-linux-arm64.tar.gz
2026-09-17T16:29:41Z [queue] verified nats-server-v2.14.7-linux-arm64 (sha256 50e0258a1b7290f3fe2e4f17506b74a90ffb1dd77867ae3a402eb0c9e2b0d40f)
2026-09-17T16:29:41Z [lab] nats-server: nats-server: v2.14.7
2026-09-17T16:29:41Z [lab] step 2/4: Firecracker v1.17.0 + jailer + guest kernel (pinned sha256)
2026-09-17T16:29:41Z [lab] downloading https://github.com/firecracker-microvm/firecracker/releases/download/v1.17.0/firecracker-v1.17.0-aarch64.tgz
2026-09-17T16:29:41Z   % Total    % Received % Xferd  Average Speed  Time    Time    Time   Current
2026-09-17T16:29:41Z                                  Dload  Upload  Total   Spent   Left   Speed
2026-09-17T16:29:41Z   0      0   0      0   0      0      0      0                              0  0      0   0      0   0      0      0      0                              0  0      0   0      0   0      0      0      0                              0
2026-09-17T16:29:42Z   0      0   0      0   0      0      0      0                              0100  6.95M 100  6.95M   0      0  7.41M      0                              0100  6.95M 100  6.95M   0      0  7.41M      0                              0100  6.95M 100  6.95M   0      0  7.41M      0                              0
2026-09-17T16:29:42Z [lab] sha256 verified: firecracker-v1.17.0-aarch64.tgz e351ebe4f7a16b5873bbd51005d2e6767103cff4d5ebc829df2d3f95a93e2256
2026-09-17T16:29:42Z [lab] Firecracker v1.17.0; Jailer v1.17.0
2026-09-17T16:29:42Z [lab] downloading https://s3.amazonaws.com/spec.ccfc.min/firecracker-ci/v1.15/aarch64/vmlinux-6.1.155
2026-09-17T16:29:42Z   % Total    % Received % Xferd  Average Speed  Time    Time    Time   Current
2026-09-17T16:29:42Z                                  Dload  Upload  Total   Spent   Left   Speed
2026-09-17T16:29:45Z   0      0   0      0   0      0      0      0                              0  0 16.31M   0  16927   0      0  15186      0   18:46   00:01   18:45  15181 17 16.31M  17  2.79M   0      0  1.32M      0   00:12   00:02   00:10  1.31M100 16.31M 100 16.31M   0      0  6.07M      0   00:02   00:02          1.31M100 16.31M 100 16.31M   0      0  6.07M      0   00:02   00:02          1.31M100 16.31M 100 16.31M   0      0  6.07M      0   00:02   00:02          1.31M
2026-09-17T16:29:45Z [lab] sha256 verified: vmlinux e3544b10603acbf3db492cb52e000d22ba202cb4b63b9add027565683e11c591
2026-09-17T16:29:45Z [lab] step 3/4: cargo build (toolchain 1.95.0 from rust-toolchain.toml)
2026-09-17T16:29:45Z + cargo build -p tachyon-serverless-gateway -p tachyon-serverless-cli
2026-09-17T16:29:45Z    Compiling proc-macro2 v1.0.107
2026-09-17T16:29:45Z    Compiling quote v1.0.47
2026-09-17T16:29:45Z    Compiling unicode-ident v1.0.24
2026-09-17T16:29:45Z    Compiling libc v0.2.189
2026-09-17T16:29:46Z    Compiling cfg-if v1.0.4
2026-09-17T16:29:46Z    Compiling serde_core v1.0.229
2026-09-17T16:29:46Z    Compiling serde v1.0.229
2026-09-17T16:29:46Z    Compiling version_check v0.9.5
2026-09-17T16:29:46Z    Compiling generic-array v0.14.7
2026-09-17T16:29:46Z    Compiling syn v3.0.5
2026-09-17T16:29:46Z    Compiling syn v2.0.119
2026-09-17T16:29:46Z    Compiling getrandom v0.2.17
2026-09-17T16:29:46Z    Compiling typenum v1.20.1
2026-09-17T16:29:47Z    Compiling rand_core v0.6.4
2026-09-17T16:29:47Z    Compiling pin-project-lite v0.2.17
2026-09-17T16:29:47Z    Compiling memchr v2.8.3
2026-09-17T16:29:47Z    Compiling crypto-common v0.1.7
2026-09-17T16:29:47Z    Compiling itoa v1.0.18
2026-09-17T16:29:47Z    Compiling errno v0.3.14
2026-09-17T16:29:47Z    Compiling futures-core v0.3.34
2026-09-17T16:29:47Z    Compiling signal-hook-registry v1.4.8
2026-09-17T16:29:47Z    Compiling socket2 v0.6.5
2026-09-17T16:29:47Z    Compiling mio v1.2.3
2026-09-17T16:29:47Z    Compiling once_cell v1.21.4
2026-09-17T16:29:48Z    Compiling zerocopy v0.8.57
2026-09-17T16:29:48Z    Compiling block-buffer v0.10.4
2026-09-17T16:29:48Z    Compiling synstructure v0.13.2
2026-09-17T16:29:48Z    Compiling smallvec v1.16.1
2026-09-17T16:29:48Z    Compiling futures-sink v0.3.34
2026-09-17T16:29:48Z    Compiling digest v0.10.7
2026-09-17T16:29:48Z    Compiling cpufeatures v0.2.17
2026-09-17T16:29:48Z    Compiling find-msvc-tools v0.1.12
2026-09-17T16:29:48Z    Compiling zmij v1.0.23
2026-09-17T16:29:48Z    Compiling serde_derive v1.0.229
2026-09-17T16:29:48Z    Compiling tokio-macros v2.7.2
2026-09-17T16:29:48Z    Compiling zerofrom-derive v0.1.7
2026-09-17T16:29:48Z    Compiling yoke-derive v0.8.2
2026-09-17T16:29:49Z    Compiling zerofrom v0.1.8
2026-09-17T16:29:49Z    Compiling shlex v2.0.1
2026-09-17T16:29:49Z    Compiling stable_deref_trait v1.2.1
2026-09-17T16:29:49Z    Compiling cc v1.4.6
2026-09-17T16:29:49Z    Compiling yoke v0.8.3
2026-09-17T16:29:49Z    Compiling ppv-lite86 v0.2.21
2026-09-17T16:29:49Z    Compiling tracing-core v0.1.36
2026-09-17T16:29:49Z    Compiling log v0.4.34
2026-09-17T16:29:49Z    Compiling serde_json v1.0.151
2026-09-17T16:29:49Z    Compiling zerovec-derive v0.11.6
2026-09-17T16:29:49Z    Compiling futures-channel v0.3.34
2026-09-17T16:29:49Z    Compiling zeroize v1.9.0
2026-09-17T16:29:49Z    Compiling getrandom v0.3.4
2026-09-17T16:29:49Z    Compiling bytes v1.12.1
2026-09-17T16:29:49Z    Compiling tracing-attributes v0.1.31
2026-09-17T16:29:50Z    Compiling tokio v1.53.1
2026-09-17T16:29:50Z    Compiling zerovec v0.11.8
2026-09-17T16:29:50Z    Compiling displaydoc v0.2.7
2026-09-17T16:29:50Z    Compiling futures-macro v0.3.34
2026-09-17T16:29:50Z    Compiling autocfg v1.5.1
2026-09-17T16:29:50Z    Compiling subtle v2.6.1
2026-09-17T16:29:50Z    Compiling futures-task v0.3.34
2026-09-17T16:29:50Z    Compiling slab v0.4.12
2026-09-17T16:29:50Z    Compiling futures-io v0.3.34
2026-09-17T16:29:50Z    Compiling num-traits v0.2.19
2026-09-17T16:29:50Z    Compiling futures-util v0.3.34
2026-09-17T16:29:50Z    Compiling tracing v0.1.44
2026-09-17T16:29:50Z    Compiling rand_core v0.9.5
2026-09-17T16:29:50Z    Compiling sha2 v0.10.9
2026-09-17T16:29:50Z    Compiling thiserror v2.0.20
2026-09-17T16:29:50Z    Compiling rand_chacha v0.9.0
2026-09-17T16:29:51Z    Compiling tinystr v0.8.4
2026-09-17T16:29:51Z    Compiling thiserror-impl v2.0.20
2026-09-17T16:29:51Z    Compiling litemap v0.8.3
2026-09-17T16:29:51Z    Compiling writeable v0.6.4
2026-09-17T16:29:51Z    Compiling iana-time-zone v0.1.65
2026-09-17T16:29:51Z    Compiling chrono v0.4.45
2026-09-17T16:29:51Z    Compiling icu_locale_core v2.3.0
2026-09-17T16:29:51Z    Compiling rand v0.9.5
2026-09-17T16:29:51Z    Compiling zerotrie v0.2.5
2026-09-17T16:29:52Z    Compiling potential_utf v0.1.6
2026-09-17T16:29:52Z    Compiling http v1.5.0
2026-09-17T16:29:52Z    Compiling ring v0.17.14
2026-09-17T16:29:52Z    Compiling percent-encoding v2.3.2
2026-09-17T16:29:52Z    Compiling icu_properties_data v2.3.0
2026-09-17T16:29:52Z    Compiling utf8_iter v1.0.4
2026-09-17T16:29:52Z    Compiling icu_normalizer_data v2.3.0
2026-09-17T16:29:52Z    Compiling icu_collections v2.3.0
2026-09-17T16:29:52Z    Compiling icu_provider v2.3.1
2026-09-17T16:29:52Z    Compiling ulid v1.2.1
2026-09-17T16:29:52Z    Compiling rustls-pki-types v1.15.1
2026-09-17T16:29:52Z    Compiling getrandom v0.4.3
2026-09-17T16:29:52Z    Compiling hex v0.4.3
2026-09-17T16:29:52Z    Compiling foldhash v0.2.0
2026-09-17T16:29:52Z    Compiling rand_core v0.10.1
2026-09-17T16:29:52Z    Compiling hashbrown v0.17.1
2026-09-17T16:29:52Z    Compiling tachyon-serverless-domain v0.1.0 (/home/takanorifukuyama.guest/lab-main/crates/domain)
2026-09-17T16:29:52Z    Compiling http-body v1.1.0
2026-09-17T16:29:52Z    Compiling untrusted v0.9.0
2026-09-17T16:29:52Z    Compiling httparse v1.10.1
2026-09-17T16:29:52Z    Compiling icu_properties v2.3.0
2026-09-17T16:29:53Z    Compiling icu_normalizer v2.3.0
2026-09-17T16:29:53Z    Compiling form_urlencoded v1.2.2
2026-09-17T16:29:53Z    Compiling tokio-util v0.7.19
2026-09-17T16:29:53Z    Compiling async-trait v0.1.92
2026-09-17T16:29:53Z    Compiling rustls v0.23.45
2026-09-17T16:29:53Z    Compiling base64 v0.22.1
2026-09-17T16:29:53Z    Compiling tower-service v0.3.3
2026-09-17T16:29:53Z    Compiling rustls-webpki v0.103.15
2026-09-17T16:29:53Z    Compiling idna_adapter v1.2.2
2026-09-17T16:29:53Z    Compiling utf8parse v0.2.2
2026-09-17T16:29:53Z    Compiling scopeguard v1.2.0
2026-09-17T16:29:53Z    Compiling try-lock v0.2.5
2026-09-17T16:29:53Z    Compiling mime v0.3.17
2026-09-17T16:29:53Z    Compiling bitflags v2.13.2
2026-09-17T16:29:54Z    Compiling base64ct v1.8.3
2026-09-17T16:29:54Z    Compiling equivalent v1.0.2
2026-09-17T16:29:54Z    Compiling semver v1.0.28
2026-09-17T16:29:54Z    Compiling httpdate v1.0.3
2026-09-17T16:29:54Z    Compiling rustc_version v0.4.1
2026-09-17T16:29:54Z    Compiling pem-rfc7468 v0.7.0
2026-09-17T16:29:54Z    Compiling indexmap v2.14.2
2026-09-17T16:29:54Z    Compiling want v0.3.1
2026-09-17T16:29:54Z    Compiling anstyle-parse v1.0.0
2026-09-17T16:29:54Z    Compiling idna v1.1.0
2026-09-17T16:29:54Z    Compiling sync_wrapper v1.0.2
2026-09-17T16:29:54Z    Compiling aho-corasick v1.1.5
2026-09-17T16:29:54Z    Compiling atomic-waker v1.1.2
2026-09-17T16:29:54Z    Compiling is_terminal_polyfill v1.70.2
2026-09-17T16:29:54Z    Compiling rustversion v1.0.23
2026-09-17T16:29:54Z    Compiling const-oid v0.9.6
2026-09-17T16:29:54Z    Compiling tower-layer v0.3.3
2026-09-17T16:29:54Z    Compiling anstyle v1.0.14
2026-09-17T16:29:54Z    Compiling anstyle-query v1.1.5
2026-09-17T16:29:54Z    Compiling unicase v2.9.0
2026-09-17T16:29:54Z    Compiling colorchoice v1.0.5
2026-09-17T16:29:54Z    Compiling regex-syntax v0.8.11
2026-09-17T16:29:54Z    Compiling mime_guess v2.0.5
2026-09-17T16:29:54Z    Compiling anstream v1.0.0
2026-09-17T16:29:55Z    Compiling der v0.7.10
2026-09-17T16:29:55Z    Compiling hyper v1.11.1
2026-09-17T16:29:55Z    Compiling tokio-rustls v0.26.5
2026-09-17T16:29:55Z    Compiling regex-automata v0.4.18
2026-09-17T16:29:55Z    Compiling url v2.5.8
2026-09-17T16:29:56Z    Compiling curve25519-dalek v4.1.3
2026-09-17T16:29:56Z    Compiling tachyon-serverless-provider-port v0.1.0 (/home/takanorifukuyama.guest/lab-main/crates/provider-port)
2026-09-17T16:29:56Z    Compiling http-body-util v0.1.5
2026-09-17T16:29:56Z    Compiling signature v2.2.0
2026-09-17T16:29:56Z    Compiling strsim v0.11.1
2026-09-17T16:29:56Z    Compiling parking_lot_core v0.9.12
2026-09-17T16:29:56Z    Compiling ipnet v2.12.2
2026-09-17T16:29:56Z    Compiling clap_lex v1.1.1
2026-09-17T16:29:56Z    Compiling heck v0.5.0
2026-09-17T16:29:56Z    Compiling clap_derive v4.6.7
2026-09-17T16:29:56Z    Compiling hyper-util v0.1.20
2026-09-17T16:29:57Z    Compiling clap_builder v4.6.7
2026-09-17T16:29:57Z    Compiling spki v0.7.3
2026-09-17T16:29:57Z    Compiling tower v0.5.3
2026-09-17T16:29:57Z    Compiling serde_spanned v0.6.9
2026-09-17T16:29:57Z    Compiling toml_datetime v0.6.11
2026-09-17T16:29:57Z    Compiling utoipa-gen v5.5.0
2026-09-17T16:29:57Z    Compiling inout v0.1.4
2026-09-17T16:29:57Z    Compiling pkg-config v0.3.34
2026-09-17T16:29:58Z    Compiling ryu v1.0.23
2026-09-17T16:29:58Z    Compiling vcpkg v0.2.15
2026-09-17T16:29:58Z    Compiling winnow v0.7.15
2026-09-17T16:29:58Z    Compiling toml_write v0.1.2
2026-09-17T16:29:58Z    Compiling libsqlite3-sys v0.38.2
2026-09-17T16:29:58Z    Compiling serde_urlencoded v0.7.1
2026-09-17T16:29:58Z    Compiling cipher v0.4.4
2026-09-17T16:29:58Z    Compiling encoding_rs v0.8.41
2026-09-17T16:29:58Z    Compiling clap v4.6.7
2026-09-17T16:29:58Z    Compiling pkcs8 v0.10.2
2026-09-17T16:29:58Z    Compiling toml_edit v0.22.27
2026-09-17T16:29:58Z    Compiling ed25519 v2.2.3
2026-09-17T16:29:58Z    Compiling lock_api v0.4.14
2026-09-17T16:29:58Z    Compiling uuid v1.26.1
2026-09-17T16:29:59Z    Compiling webpki-roots v1.0.9
2026-09-17T16:29:59Z    Compiling futures-executor v0.3.34
2026-09-17T16:29:59Z    Compiling universal-hash v0.5.1
2026-09-17T16:29:59Z    Compiling rand_chacha v0.3.1
2026-09-17T16:29:59Z    Compiling http-range-header v0.4.2
2026-09-17T16:29:59Z    Compiling portable-atomic v1.15.0
2026-09-17T16:29:59Z    Compiling siphasher v1.0.3
2026-09-17T16:29:59Z    Compiling opaque-debug v0.3.1
2026-09-17T16:29:59Z    Compiling polyval v0.6.2
2026-09-17T16:29:59Z    Compiling phf_shared v0.12.1
2026-09-17T16:29:59Z    Compiling toml v0.8.23
2026-09-17T16:29:59Z    Compiling rand v0.8.8
2026-09-17T16:29:59Z    Compiling tower-http v0.6.11
2026-09-17T16:29:59Z    Compiling futures v0.3.34
2026-09-17T16:29:59Z    Compiling hyper-rustls v0.27.9
2026-09-17T16:29:59Z    Compiling parking_lot v0.12.5
2026-09-17T16:29:59Z    Compiling ed25519-dalek v2.2.0
2026-09-17T16:30:00Z    Compiling utoipa v5.5.0
2026-09-17T16:30:00Z    Compiling signatory v0.27.1
2026-09-17T16:30:00Z    Compiling chacha20 v0.10.2
2026-09-17T16:30:00Z    Compiling pin-project-internal v1.1.13
2026-09-17T16:30:00Z    Compiling deranged v0.5.8
2026-09-17T16:30:00Z    Compiling multer v3.1.0
2026-09-17T16:30:00Z    Compiling multiversion_no_op v1.0.0
2026-09-17T16:30:00Z    Compiling rustix v1.1.4
2026-09-17T16:30:00Z    Compiling tachyon-serverless-api-types v0.1.0 (/home/takanorifukuyama.guest/lab-main/crates/api-types)
2026-09-17T16:30:00Z    Compiling time-core v0.1.9
2026-09-17T16:30:00Z    Compiling chrono-tz v0.10.4
2026-09-17T16:30:00Z    Compiling data-encoding v2.11.1
2026-09-17T16:30:01Z    Compiling num-conv v0.2.2
2026-09-17T16:30:01Z    Compiling simdutf8 v0.1.5
2026-09-17T16:30:01Z    Compiling lazy_static v1.5.0
2026-09-17T16:30:01Z    Compiling powerfmt v0.2.0
2026-09-17T16:30:01Z    Compiling anyhow v1.0.104
2026-09-17T16:30:01Z    Compiling openssl-probe v0.2.1
2026-09-17T16:30:01Z    Compiling rustls-native-certs v0.8.4
2026-09-17T16:30:01Z    Compiling time v0.3.55
2026-09-17T16:30:01Z    Compiling sharded-slab v0.1.7
2026-09-17T16:30:02Z    Compiling nkeys v0.4.5
2026-09-17T16:30:02Z    Compiling pin-project v1.1.13
2026-09-17T16:30:02Z    Compiling rand v0.10.2
2026-09-17T16:30:02Z    Compiling reqwest v0.12.28
2026-09-17T16:30:02Z    Compiling phf v0.12.1
2026-09-17T16:30:02Z    Compiling ghash v0.5.1
2026-09-17T16:30:02Z    Compiling aes v0.8.4
2026-09-17T16:30:03Z    Compiling ctr v0.9.2
2026-09-17T16:30:03Z    Compiling matchers v0.2.0
2026-09-17T16:30:03Z    Compiling regex v1.13.1
2026-09-17T16:30:03Z    Compiling tachyon-serverless-durable-port v0.1.0 (/home/takanorifukuyama.guest/lab-main/crates/durable-port)
2026-09-17T16:30:03Z    Compiling tachyon-serverless-protocol v0.1.0 (/home/takanorifukuyama.guest/lab-main/crates/protocol)
2026-09-17T16:30:03Z    Compiling hashlink v0.12.2
2026-09-17T16:30:03Z    Compiling tryhard v0.5.2
2026-09-17T16:30:03Z    Compiling tokio-stream v0.1.19
2026-09-17T16:30:03Z    Compiling tracing-serde v0.2.0
2026-09-17T16:30:03Z    Compiling serde_nanos v0.1.4
2026-09-17T16:30:03Z    Compiling tracing-log v0.2.0
2026-09-17T16:30:03Z    Compiling serde_repr v0.1.21
2026-09-17T16:30:03Z    Compiling aead v0.5.2
2026-09-17T16:30:03Z    Compiling thread_local v1.1.10
2026-09-17T16:30:03Z    Compiling nu-ansi-term v0.50.3
2026-09-17T16:30:03Z    Compiling fallible-iterator v0.3.0
2026-09-17T16:30:03Z    Compiling spin v0.9.9
2026-09-17T16:30:03Z    Compiling fallible-streaming-iterator v0.1.9
2026-09-17T16:30:03Z    Compiling linux-raw-sys v0.12.1
2026-09-17T16:30:03Z    Compiling rusqlite v0.40.2
2026-09-17T16:30:03Z    Compiling async-nats v0.50.0
2026-09-17T16:30:04Z    Compiling tracing-subscriber v0.3.23
2026-09-17T16:30:04Z    Compiling aes-gcm v0.10.3
2026-09-17T16:30:04Z    Compiling axum-core v0.5.6
2026-09-17T16:30:05Z    Compiling axum-macros v0.5.1
2026-09-17T16:30:05Z    Compiling serde_path_to_error v0.1.20
2026-09-17T16:30:05Z    Compiling fastrand v2.5.0
2026-09-17T16:30:05Z    Compiling matchit v0.8.4
2026-09-17T16:30:05Z    Compiling tempfile v3.27.0
2026-09-17T16:30:05Z    Compiling tachyon-serverless-provider-firecracker v0.1.0 (/home/takanorifukuyama.guest/lab-main/crates/providers/firecracker)
2026-09-17T16:30:05Z    Compiling axum v0.8.9
2026-09-17T16:30:06Z    Compiling tachyon-serverless-application v0.1.0 (/home/takanorifukuyama.guest/lab-main/crates/application)
2026-09-17T16:30:07Z    Compiling tachyon-serverless-queue-nats v0.1.0 (/home/takanorifukuyama.guest/lab-main/crates/adapters/queue-nats)
2026-09-17T16:30:07Z    Compiling tachyon-serverless-provider-process v0.1.0 (/home/takanorifukuyama.guest/lab-main/crates/providers/process)
2026-09-17T16:30:08Z    Compiling tachyon-serverless-cli v0.1.0 (/home/takanorifukuyama.guest/lab-main/apps/cli)
2026-09-17T16:30:11Z    Compiling tachyon-serverless-gateway v0.1.0 (/home/takanorifukuyama.guest/lab-main/apps/gateway)
2026-09-17T16:30:22Z     Finished `dev` profile [unoptimized + debuginfo] target(s) in 37.20s
2026-09-17T16:30:22Z + rustup target add aarch64-unknown-linux-musl
2026-09-17T16:30:22Z info: component rust-std for target aarch64-unknown-linux-musl is up to date
2026-09-17T16:30:22Z + cargo build --release --target aarch64-unknown-linux-musl -p tachyon-serverless-runtime-bridge -p example-hello -p example-http-axum -p example-cpu-burn
2026-09-17T16:30:23Z    Compiling proc-macro2 v1.0.107
2026-09-17T16:30:23Z    Compiling quote v1.0.47
2026-09-17T16:30:23Z    Compiling unicode-ident v1.0.24
2026-09-17T16:30:23Z    Compiling libc v0.2.189
2026-09-17T16:30:23Z    Compiling cfg-if v1.0.4
2026-09-17T16:30:23Z    Compiling pin-project-lite v0.2.17
2026-09-17T16:30:23Z    Compiling futures-core v0.3.34
2026-09-17T16:30:23Z    Compiling itoa v1.0.18
2026-09-17T16:30:23Z    Compiling bytes v1.12.1
2026-09-17T16:30:23Z    Compiling version_check v0.9.5
2026-09-17T16:30:23Z    Compiling futures-sink v0.3.34
2026-09-17T16:30:23Z    Compiling syn v3.0.5
2026-09-17T16:30:23Z    Compiling serde_core v1.0.229
2026-09-17T16:30:23Z    Compiling autocfg v1.5.1
2026-09-17T16:30:23Z    Compiling memchr v2.8.3
2026-09-17T16:30:23Z    Compiling errno v0.3.14
2026-09-17T16:30:23Z    Compiling futures-channel v0.3.34
2026-09-17T16:30:24Z    Compiling serde v1.0.229
2026-09-17T16:30:24Z    Compiling signal-hook-registry v1.4.8
2026-09-17T16:30:24Z    Compiling mio v1.2.3
2026-09-17T16:30:24Z    Compiling socket2 v0.6.5
2026-09-17T16:30:24Z    Compiling generic-array v0.14.7
2026-09-17T16:30:24Z    Compiling zerocopy v0.8.57
2026-09-17T16:30:24Z    Compiling once_cell v1.21.4
2026-09-17T16:30:24Z    Compiling getrandom v0.3.4
2026-09-17T16:30:24Z    Compiling tracing-core v0.1.36
2026-09-17T16:30:24Z    Compiling http v1.5.0
2026-09-17T16:30:24Z    Compiling syn v2.0.119
2026-09-17T16:30:24Z    Compiling tokio-macros v2.7.2
2026-09-17T16:30:25Z    Compiling serde_derive v1.0.229
2026-09-17T16:30:25Z    Compiling tokio v1.53.1
2026-09-17T16:30:25Z    Compiling futures-macro v0.3.34
2026-09-17T16:30:25Z    Compiling futures-io v0.3.34
2026-09-17T16:30:25Z    Compiling rustversion v1.0.23
2026-09-17T16:30:25Z    Compiling zmij v1.0.23
2026-09-17T16:30:26Z    Compiling typenum v1.20.1
2026-09-17T16:30:26Z    Compiling futures-task v0.3.34
2026-09-17T16:30:26Z    Compiling slab v0.4.12
2026-09-17T16:30:26Z    Compiling futures-util v0.3.34
2026-09-17T16:30:26Z    Compiling log v0.4.34
2026-09-17T16:30:26Z    Compiling serde_json v1.0.151
2026-09-17T16:30:26Z    Compiling httparse v1.10.1
2026-09-17T16:30:26Z    Compiling rand_core v0.9.5
2026-09-17T16:30:27Z    Compiling tracing-attributes v0.1.31
2026-09-17T16:30:27Z    Compiling http-body v1.1.0
2026-09-17T16:30:27Z    Compiling num-traits v0.2.19
2026-09-17T16:30:27Z    Compiling tracing v0.1.44
2026-09-17T16:30:27Z    Compiling ppv-lite86 v0.2.21
2026-09-17T16:30:27Z    Compiling encoding_rs v0.8.41
2026-09-17T16:30:27Z    Compiling rand_chacha v0.9.0
2026-09-17T16:30:28Z    Compiling block-buffer v0.10.4
2026-09-17T16:30:28Z    Compiling crypto-common v0.1.7
2026-09-17T16:30:28Z    Compiling smallvec v1.16.1
2026-09-17T16:30:28Z    Compiling thiserror v2.0.20
2026-09-17T16:30:28Z    Compiling tower-service v0.3.3
2026-09-17T16:30:28Z    Compiling digest v0.10.7
2026-09-17T16:30:28Z    Compiling rand v0.9.5
2026-09-17T16:30:28Z    Compiling thiserror-impl v2.0.20
2026-09-17T16:30:28Z    Compiling cpufeatures v0.2.17
2026-09-17T16:30:28Z    Compiling multer v3.1.0
2026-09-17T16:30:28Z    Compiling scopeguard v1.2.0
2026-09-17T16:30:28Z    Compiling simdutf8 v0.1.5
2026-09-17T16:30:28Z    Compiling mime v0.3.17
2026-09-17T16:30:28Z    Compiling multiversion_no_op v1.0.0
2026-09-17T16:30:28Z    Compiling sync_wrapper v1.0.2
2026-09-17T16:30:28Z    Compiling iana-time-zone v0.1.65
2026-09-17T16:30:29Z    Compiling httpdate v1.0.3
2026-09-17T16:30:29Z    Compiling atomic-waker v1.1.2
2026-09-17T16:30:29Z    Compiling tower-layer v0.3.3
2026-09-17T16:30:29Z    Compiling percent-encoding v2.3.2
2026-09-17T16:30:29Z    Compiling form_urlencoded v1.2.2
2026-09-17T16:30:29Z    Compiling hyper v1.11.1
2026-09-17T16:30:29Z    Compiling chrono v0.4.45
2026-09-17T16:30:30Z    Compiling sha2 v0.10.9
2026-09-17T16:30:30Z    Compiling ulid v1.2.1
2026-09-17T16:30:30Z    Compiling http-body-util v0.1.5
2026-09-17T16:30:30Z    Compiling futures-executor v0.3.34
2026-09-17T16:30:30Z    Compiling spin v0.9.9
2026-09-17T16:30:30Z    Compiling ryu v1.0.23
2026-09-17T16:30:30Z    Compiling hex v0.4.3
2026-09-17T16:30:31Z    Compiling tachyon-serverless-domain v0.1.0 (/home/takanorifukuyama.guest/lab-main/crates/domain)
2026-09-17T16:30:31Z    Compiling serde_urlencoded v0.7.1
2026-09-17T16:30:31Z    Compiling axum-core v0.5.6
2026-09-17T16:30:31Z    Compiling futures v0.3.34
2026-09-17T16:30:31Z    Compiling hyper-util v0.1.20
2026-09-17T16:30:31Z    Compiling tower v0.5.3
2026-09-17T16:30:31Z    Compiling tokio-util v0.7.19
2026-09-17T16:30:31Z    Compiling axum-macros v0.5.1
2026-09-17T16:30:32Z    Compiling serde_path_to_error v0.1.20
2026-09-17T16:30:32Z    Compiling memoffset v0.9.1
2026-09-17T16:30:32Z    Compiling matchit v0.8.4
2026-09-17T16:30:32Z    Compiling cfg_aliases v0.2.2
2026-09-17T16:30:32Z    Compiling nix v0.31.3
2026-09-17T16:30:32Z    Compiling axum v0.8.9
2026-09-17T16:30:32Z    Compiling tachyon-serverless-protocol v0.1.0 (/home/takanorifukuyama.guest/lab-main/crates/protocol)
2026-09-17T16:30:32Z    Compiling base64 v0.22.1
2026-09-17T16:30:32Z    Compiling utf8parse v0.2.2
2026-09-17T16:30:32Z    Compiling anstyle-parse v1.0.0
2026-09-17T16:30:32Z    Compiling anstyle v1.0.14
2026-09-17T16:30:32Z    Compiling colorchoice v1.0.5
2026-09-17T16:30:32Z    Compiling is_terminal_polyfill v1.70.2
2026-09-17T16:30:32Z    Compiling anstyle-query v1.1.5
2026-09-17T16:30:32Z    Compiling bitflags v2.13.2
2026-09-17T16:30:32Z    Compiling regex-syntax v0.8.11
2026-09-17T16:30:33Z    Compiling regex-automata v0.4.18
2026-09-17T16:30:33Z    Compiling tachyon-serverless-sdk v0.1.0 (/home/takanorifukuyama.guest/lab-main/crates/sdk)
2026-09-17T16:30:34Z    Compiling anstream v1.0.0
2026-09-17T16:30:35Z    Compiling clap_lex v1.1.1
2026-09-17T16:30:35Z    Compiling strsim v0.11.1
2026-09-17T16:30:35Z    Compiling heck v0.5.0
2026-09-17T16:30:35Z    Compiling lazy_static v1.5.0
2026-09-17T16:30:35Z    Compiling sharded-slab v0.1.7
2026-09-17T16:30:35Z    Compiling clap_derive v4.6.7
2026-09-17T16:30:35Z    Compiling clap_builder v4.6.7
2026-09-17T16:30:35Z    Compiling matchers v0.2.0
2026-09-17T16:30:35Z    Compiling vsock v0.5.4
2026-09-17T16:30:35Z    Compiling tracing-log v0.2.0
2026-09-17T16:30:35Z    Compiling tracing-serde v0.2.0
2026-09-17T16:30:35Z    Compiling thread_local v1.1.10
2026-09-17T16:30:36Z    Compiling nu-ansi-term v0.50.3
2026-09-17T16:30:36Z    Compiling tracing-subscriber v0.3.23
2026-09-17T16:30:36Z    Compiling tokio-vsock v0.7.2
2026-09-17T16:30:36Z    Compiling example-cpu-burn v0.1.0 (/home/takanorifukuyama.guest/lab-main/examples/cpu-burn)
2026-09-17T16:30:37Z    Compiling clap v4.6.7
2026-09-17T16:30:37Z    Compiling tachyon-serverless-runtime-bridge v0.1.0 (/home/takanorifukuyama.guest/lab-main/crates/runtime-bridge)
2026-09-17T16:30:38Z    Compiling example-http-axum v0.1.0 (/home/takanorifukuyama.guest/lab-main/examples/http-axum)
2026-09-17T16:30:39Z    Compiling example-hello v0.1.0 (/home/takanorifukuyama.guest/lab-main/examples/hello)
2026-09-17T16:30:43Z     Finished `release` profile [optimized] target(s) in 21.34s
2026-09-17T16:30:43Z [lab] step 4/4: base rootfs from this checkout's musl bridge
2026-09-17T16:30:43Z + env BRIDGE_BIN=/home/takanorifukuyama.guest/lab-main/target/aarch64-unknown-linux-musl/release/tachyon-serverless-runtime-bridge ROOTFS=/home/takanorifukuyama.guest/lab-main/.lab/cache/kvm/rootfs.ext4 ROOTFS_SIZE=64M /home/takanorifukuyama.guest/lab-main/scripts/kvm/build-rootfs.sh
2026-09-17T16:30:44Z rootfs: /home/takanorifukuyama.guest/lab-main/.lab/cache/kvm/rootfs.ext4 (64M)
2026-09-17T16:30:44Z   /sbin/tachyon-init <- /home/takanorifukuyama.guest/lab-main/target/aarch64-unknown-linux-musl/release/tachyon-serverless-runtime-bridge
2026-09-17T16:30:44Z   sha256 e9f86af944107d78c8a9a2bdf255f64a2f04a27be8f4083cacff29b0e8b28286
2026-09-17T16:30:44Z 
2026-09-17T16:30:44Z [lab] bootstrap complete. next: scripts/lab/lab.sh up
# finished: 2026-09-17T16:30:44Z exit=0
