# tachyon-serverless lab transcript
# command:  scripts/lab/lab.sh --provider firecracker up
# started:  2026-09-17T16:30:44Z
# lab_dir:  /home/takanorifukuyama.guest/lab-main/.lab
# lab_id:   lab-5d68f8c4
# host:     Linux 7.0.0-31-generic aarch64 user=takanorifukuyama
# git:      9b6f2c845be90703f9a2b93a2a9e9a034c38fb04
2026-09-17T16:30:44Z [lab] step 1/5: throwaway secrets and config (lab lab-5d68f8c4, provider firecracker)
2026-09-17T16:30:45Z [lab] generated throwaway tokens and demo secret: /home/takanorifukuyama.guest/lab-main/.lab/secrets/tokens.env (0600)
2026-09-17T16:30:45Z [lab] generated object store key: /home/takanorifukuyama.guest/lab-main/.lab/secrets/object.key (0600)
2026-09-17T16:30:45Z [lab] generated trigger sealing key: /home/takanorifukuyama.guest/lab-main/.lab/secrets/triggers.key (0600)
2026-09-17T16:30:45Z [lab] config: /home/takanorifukuyama.guest/lab-main/.lab/config/gateway.toml (0600)
2026-09-17T16:30:45Z [lab] step 2/5: nats-server v2.14.7 on 127.0.0.1:49411 (store /home/takanorifukuyama.guest/lab-main/.lab/nats/jetstream)
2026-09-17T16:30:45Z [queue] nats-server v2.14.7 ready on 127.0.0.1:49411 (pid 344098, store /home/takanorifukuyama.guest/lab-main/.lab/nats/jetstream)
2026-09-17T16:30:45Z [lab] step 3/5: gateway on 127.0.0.1:46243 (applies forward-only migrations to /home/takanorifukuyama.guest/lab-main/.lab/data/state.db before listening)
2026-09-17T16:30:45Z [lab] gateway pid 344126, log /home/takanorifukuyama.guest/lab-main/.lab/logs/gateway.log
2026-09-17T16:30:45Z [lab] step 4/5: health of every component
2026-09-17T16:31:13Z STATUS COMPONENT              CHECK                                        DETAIL
2026-09-17T16:31:13Z ok    nats-server            process                                      pid 344098
2026-09-17T16:31:13Z ok    nats-server            GET /healthz?js-enabled-only=true            200 (JetStream enabled)
2026-09-17T16:31:13Z ok    gateway                process                                      pid 344126
2026-09-17T16:31:13Z ok    gateway                GET /healthz                                 200
2026-09-17T16:31:13Z FAIL  gateway                GET /readyz .ready                           false
2026-09-17T16:31:13Z FAIL  provider               readyz .preflight (failing checks listed)    firecracker ok=false socket_path_length,egress_network
2026-09-17T16:31:13Z ok    dispatcher             readyz .dispatcher.fenced                    false
2026-09-17T16:31:13Z FAIL  config-cache           readyz .control_plane.new_invocations        refused config=stale_but_valid
2026-09-17T16:31:13Z ok    usage-journal          readyz .usage                                accepting=true journal_healthy=true collector_error=null
2026-09-17T16:31:13Z ok    budget                 readyz .budget                               accepting=true store_healthy=true stalled=false file_error=null
2026-09-17T16:31:13Z FAIL  ledger                 state.db schema_version = migrations         unreadable/8
2026-09-17T16:31:13Z ok    queue                  tsls_async_queue_condition{healthy}          1
2026-09-17T16:31:13Z ok    trigger-scheduler      tsls_trigger_scheduler_owner                 1
2026-09-17T16:31:13Z ok    async-dispatcher       tsls_async_dispatch_runs_in_flight           0
2026-09-17T16:31:13Z ok    metrics                operator token 200, tenant token 401         401
2026-09-17T16:31:13Z ok    object-store           root exists, key 0600, backend filesystem    /home/takanorifukuyama.guest/lab-main/.lab/data/objects
2026-09-17T16:31:13Z skip  console                GET /console/                                not enabled (up --console)
2026-09-17T16:31:13Z [lab] ERROR: health checks failed after start (docs/runbook.md §5, §6)
# finished: 2026-09-17T16:31:13Z exit=1
