
===== a start (failpoints: none) 04:01:31 =====
{"timestamp":"2026-09-18T04:01:31.217894Z","level":"INFO","message":"configuration loaded","config":"/home/takanorifukuyama.guest/w/tsls-chaos.KH69m7/gw-a.toml","target":"tachyon_serverless_gateway"}
{"timestamp":"2026-09-18T04:01:31.220201Z","level":"INFO","message":"connected successfully","server":"38747","max_payload":"1048576","target":"async_nats::connector"}
{"timestamp":"2026-09-18T04:01:31.220315Z","level":"INFO","message":"event: connected","target":"async_nats"}
{"timestamp":"2026-09-18T04:01:31.229345Z","level":"INFO","message":"JetStream queue connected and stream bootstrapped","url":"nats://127.0.0.1:38747","stream":"TACHYON_EVENTS","target":"tachyon_serverless_gateway::durable"}
{"timestamp":"2026-09-18T04:01:31.242412Z","level":"INFO","message":"state store opened","path":"/home/takanorifukuyama.guest/w/tsls-chaos.KH69m7/data/state.db","schema_version":8,"migrations_applied":"[1, 2, 3, 4, 5, 6, 7, 8]","imported_state_json":"None","settled_invocations":0,"settled_attempts":0,"settled_environments":0,"released_leases":0,"dropped_idempotency_keys":0,"purged_idempotency_keys":0,"outputs_purged":0,"target":"tachyon_serverless_application::app"}
{"timestamp":"2026-09-18T04:01:31.267224Z","level":"INFO","message":"log store opened","path":"/home/takanorifukuyama.guest/w/tsls-chaos.KH69m7/data/logs/logs.db","healthy":true,"retention_seconds":604800,"max_total_bytes":1073741824,"target":"tachyon_serverless_application::app"}
{"timestamp":"2026-09-18T04:01:31.268680Z","level":"INFO","message":"dispatcher registered","dispatcher_id":"dsp_01m2satdm3wesy14khwk8n6x3d","instance":"chaos-a","pid":780931,"lease_ttl_seconds":6,"target":"tachyon_serverless_application::services::dispatcher"}
{"timestamp":"2026-09-18T04:01:31.307266Z","level":"INFO","message":"application bootstrapped","profile":"dev","provider":"process","dev_only":true,"environment_reuse":false,"reuse_verified":false,"reuse_reason":"[pool] enabled is false","reuse_disabled":"Some(Configuration)","idle_quiesce":"unsupported","idle_resume":"unsupported","data_dir":"/home/takanorifukuyama.guest/w/tsls-chaos.KH69m7/data","store":"sqlite","dispatcher_id":"dsp_01m2satdm3wesy14khwk8n6x3d","node":"local","node_region":"none","node_memory_mib":"None","max_concurrency":8,"queue":"nats","objects":"filesystem","invoke_async":true,"triggers":true,"target":"tachyon_serverless_application::app"}
{"timestamp":"2026-09-18T04:01:31.307458Z","level":"INFO","message":"startup reconcile finished","provider":"process","found":0,"adopted":0,"terminated":0,"disowned":0,"failed":0,"lost":0,"foreign":0,"reclaimed_dispatchers":0,"fenced_terminated":0,"fenced_pending":0,"target":"tachyon_serverless_application::services::reconcile"}
{"timestamp":"2026-09-18T04:01:31.307520Z","level":"INFO","message":"gateway listening","addr":"127.0.0.1:51185","profile":"dev","provider":"process","target":"tachyon_serverless_gateway"}
{"timestamp":"2026-09-18T04:01:31.308574Z","level":"INFO","message":"asynchronous dispatcher started","workers":2,"owner":"dsp_01m2satdm3wesy14khwk8n6x3d","target":"tachyon_serverless_gateway"}
{"timestamp":"2026-09-18T04:01:35.441642Z","level":"INFO","message":"revision ready","revision_id":"rev_01m2satg91e474y2m29173wf0g","function_id":"fn_01m2satdvswf08j9c0vhjb82n4","target":"tachyon_serverless_application::services::revision"}
{"timestamp":"2026-09-18T04:01:39.216819Z","level":"INFO","message":"revision ready","revision_id":"rev_01m2satm7kqvggbfyahm8x2kjp","function_id":"fn_01m2sathr89zw47rjfbtz5r3c4","target":"tachyon_serverless_application::services::revision"}
{"timestamp":"2026-09-18T04:01:43.065849Z","level":"INFO","message":"revision ready","revision_id":"rev_01m2satqw1chxqgvsxn41n32zd","function_id":"fn_01m2satnf1g092gdh1mazprdfc","target":"tachyon_serverless_application::services::revision"}
{"timestamp":"2026-09-18T04:01:43.178921Z","level":"INFO","message":"trigger created","trigger_id":"trg_01m2sats89q71bp23mpc837aa6","function_id":"fn_01m2sathr89zw47rjfbtz5r3c4","kind":"cron","enabled":true,"next_fire_at":"Some(2026-09-18T04:01:44Z)","target":"tachyon_serverless_application::services::triggers"}
{"timestamp":"2026-09-18T04:01:43.187237Z","level":"INFO","message":"trigger created","trigger_id":"trg_01m2sats8hmvbg3tvn2ne7n5cf","function_id":"fn_01m2sathr89zw47rjfbtz5r3c4","kind":"webhook","enabled":true,"next_fire_at":"None","target":"tachyon_serverless_application::services::triggers"}
{"timestamp":"2026-09-18T04:01:44.004483Z","level":"INFO","message":"asynchronous invocation accepted","invocation_id":"inv_01m2satt23zj6hr8wqcz3kpbcr","tenant_id":"tn_01hzzzzzzzzzzzzzzzzzzzzzza","revision_id":"rev_01m2satm7kqvggbfyahm8x2kjp","input_bytes":180,"input_storage":"inline","target":"tachyon_serverless_application::services::invoke_async"}
{"timestamp":"2026-09-18T04:01:44.004558Z","level":"INFO","message":"cron trigger fired","trigger_id":"trg_01m2sats89q71bp23mpc837aa6","scheduled_at":"2026-09-18T04:01:44Z","invocation_id":"inv_01m2satt23zj6hr8wqcz3kpbcr","revision_id":"rev_01m2satm7kqvggbfyahm8x2kjp","replayed":false,"target":"tachyon_serverless_application::services::triggers"}
{"timestamp":"2026-09-18T04:01:44.754297Z","level":"INFO","message":"bridge spawned","environment_id":"env_01m2satsjv7vrp885zba2ke0zy","pid":781680,"target":"tachyon_serverless_provider_process"}
{"timestamp":"2026-09-18T04:01:44.788541Z","level":"INFO","message":"invocation finished","invocation_id":"inv_01m2satsjtva062aptw799jmnw","status":"succeeded","handler_ms":1,"environment_boot_ms":5,"runtime_init_ms":11,"target":"tachyon_serverless_application::services::invoke"}
{"timestamp":"2026-09-18T04:01:44.790990Z","level":"INFO","message":"terminating bridge","environment_id":"env_01m2satsjv7vrp885zba2ke0zy","pid":781680,"reason":"Completed","graceful":true,"target":"tachyon_serverless_provider_process"}
{"timestamp":"2026-09-18T04:01:44.851620Z","level":"INFO","message":"asynchronous invocation accepted","invocation_id":"inv_01m2sattwh6ttc5psf54xt8ysm","tenant_id":"tn_01hzzzzzzzzzzzzzzzzzzzzzza","revision_id":"rev_01m2satg91e474y2m29173wf0g","input_bytes":49,"input_storage":"inline","target":"tachyon_serverless_application::services::invoke_async"}
{"timestamp":"2026-09-18T04:01:44.897525Z","level":"INFO","message":"asynchronous invocation accepted","invocation_id":"inv_01m2sattxsemdbf4exrdpmsbx1","tenant_id":"tn_01hzzzzzzzzzzzzzzzzzzzzzza","revision_id":"rev_01m2satg91e474y2m29173wf0g","input_bytes":4129,"input_storage":"object","target":"tachyon_serverless_application::services::invoke_async"}
{"timestamp":"2026-09-18T04:01:44.902735Z","level":"INFO","message":"asynchronous run claimed","invocation_id":"inv_01m2sattxsemdbf4exrdpmsbx1","attempt":1,"generation":0,"delivery_count":1,"target":"tachyon_serverless_application::services::invoke_async::dispatch"}
{"timestamp":"2026-09-18T04:01:44.941701Z","level":"INFO","message":"asynchronous invocation accepted","invocation_id":"inv_01m2sattz5q5z3zzq01gapb3ce","tenant_id":"tn_01hzzzzzzzzzzzzzzzzzzzzzza","revision_id":"rev_01m2satm7kqvggbfyahm8x2kjp","input_bytes":193,"input_storage":"inline","target":"tachyon_serverless_application::services::invoke_async"}
{"timestamp":"2026-09-18T04:01:44.941776Z","level":"INFO","message":"webhook trigger fired","trigger_id":"trg_01m2sats8hmvbg3tvn2ne7n5cf","event_id":"evt-pre-a-w1","invocation_id":"inv_01m2sattz5q5z3zzq01gapb3ce","revision_id":"rev_01m2satm7kqvggbfyahm8x2kjp","replayed":false,"target":"tachyon_serverless_application::services::triggers"}
{"timestamp":"2026-09-18T04:01:44.957232Z","level":"INFO","message":"asynchronous run claimed","invocation_id":"inv_01m2sattz5q5z3zzq01gapb3ce","attempt":1,"generation":0,"delivery_count":1,"target":"tachyon_serverless_application::services::invoke_async::dispatch"}
{"timestamp":"2026-09-18T04:01:46.014806Z","level":"INFO","message":"asynchronous invocation accepted","invocation_id":"inv_01m2satw0q27x7kaersqq93bpb","tenant_id":"tn_01hzzzzzzzzzzzzzzzzzzzzzza","revision_id":"rev_01m2satm7kqvggbfyahm8x2kjp","input_bytes":180,"input_storage":"inline","target":"tachyon_serverless_application::services::invoke_async"}
{"timestamp":"2026-09-18T04:01:46.014872Z","level":"INFO","message":"cron trigger fired","trigger_id":"trg_01m2sats89q71bp23mpc837aa6","scheduled_at":"2026-09-18T04:01:46Z","invocation_id":"inv_01m2satw0q27x7kaersqq93bpb","revision_id":"rev_01m2satm7kqvggbfyahm8x2kjp","replayed":false,"target":"tachyon_serverless_application::services::triggers"}
{"timestamp":"2026-09-18T04:01:46.985847Z","level":"INFO","message":"bridge spawned","environment_id":"env_01m2sattzxfb99seycbmygce2v","pid":781783,"target":"tachyon_serverless_provider_process"}
{"timestamp":"2026-09-18T04:01:47.044058Z","level":"INFO","message":"invocation finished","invocation_id":"inv_01m2sattz5q5z3zzq01gapb3ce","status":"succeeded (async run)","handler_ms":3,"environment_boot_ms":3,"runtime_init_ms":32,"target":"tachyon_serverless_application::services::invoke"}
{"timestamp":"2026-09-18T04:01:47.047702Z","level":"INFO","message":"terminating bridge","environment_id":"env_01m2sattzxfb99seycbmygce2v","pid":781783,"reason":"Completed","graceful":true,"target":"tachyon_serverless_provider_process"}
{"timestamp":"2026-09-18T04:01:47.059506Z","level":"INFO","message":"asynchronous invocation settled","invocation_id":"inv_01m2sattz5q5z3zzq01gapb3ce","status":"succeeded","target":"tachyon_serverless_application::services::invoke_async::dispatch"}
{"timestamp":"2026-09-18T04:01:47.062918Z","level":"INFO","message":"async dispatch: delivery handled","message_id":"inv_01m2sattz5q5z3zzq01gapb3ce","sequence":4,"delivery_count":1,"outcome":"Completed { status: \"succeeded\" }","target":"tachyon_serverless_application::services::invoke_async::dispatch"}
{"timestamp":"2026-09-18T04:01:47.091987Z","level":"INFO","message":"bridge spawned","environment_id":"env_01m2satty8zf6d475fngxhhjyn","pid":781793,"target":"tachyon_serverless_provider_process"}
{"timestamp":"2026-09-18T04:01:47.138703Z","level":"INFO","message":"invocation finished","invocation_id":"inv_01m2sattxsemdbf4exrdpmsbx1","status":"succeeded (async run)","handler_ms":3,"environment_boot_ms":2,"runtime_init_ms":29,"target":"tachyon_serverless_application::services::invoke"}
{"timestamp":"2026-09-18T04:01:47.143009Z","level":"INFO","message":"terminating bridge","environment_id":"env_01m2satty8zf6d475fngxhhjyn","pid":781793,"reason":"Completed","graceful":true,"target":"tachyon_serverless_provider_process"}
{"timestamp":"2026-09-18T04:01:47.164555Z","level":"INFO","message":"asynchronous invocation settled","invocation_id":"inv_01m2sattxsemdbf4exrdpmsbx1","status":"succeeded","target":"tachyon_serverless_application::services::invoke_async::dispatch"}
{"timestamp":"2026-09-18T04:01:47.167579Z","level":"INFO","message":"async dispatch: delivery handled","message_id":"inv_01m2sattxsemdbf4exrdpmsbx1","sequence":3,"delivery_count":1,"outcome":"Completed { status: \"succeeded\" }","target":"tachyon_serverless_application::services::invoke_async::dispatch"}
{"timestamp":"2026-09-18T04:01:47.555566Z","level":"INFO","message":"asynchronous run claimed","invocation_id":"inv_01m2satxgnsc8gp9qyg01sn892","attempt":1,"generation":0,"delivery_count":1,"target":"tachyon_serverless_application::services::invoke_async::dispatch"}
{"timestamp":"2026-09-18T04:01:47.614464Z","level":"INFO","message":"asynchronous run claimed","invocation_id":"inv_01m2satxj3wznagzphvv59jwns","attempt":1,"generation":0,"delivery_count":1,"target":"tachyon_serverless_application::services::invoke_async::dispatch"}
{"timestamp":"2026-09-18T04:01:47.686081Z","level":"INFO","message":"trigger updated","trigger_id":"trg_01m2sats89q71bp23mpc837aa6","generation":2,"status":"disabled","next_fire_at":"None","rotated_secret":false,"target":"tachyon_serverless_application::services::triggers"}
{"timestamp":"2026-09-18T04:01:50.108455Z","level":"INFO","message":"bridge spawned","environment_id":"env_01m2satxh56rf57an5abg4kg8b","pid":781957,"target":"tachyon_serverless_provider_process"}
{"timestamp":"2026-09-18T04:01:50.146222Z","level":"INFO","message":"invocation finished","invocation_id":"inv_01m2satxgnsc8gp9qyg01sn892","status":"succeeded (async run)","handler_ms":3,"environment_boot_ms":3,"runtime_init_ms":22,"target":"tachyon_serverless_application::services::invoke"}
{"timestamp":"2026-09-18T04:01:50.152920Z","level":"INFO","message":"terminating bridge","environment_id":"env_01m2satxh56rf57an5abg4kg8b","pid":781957,"reason":"Completed","graceful":true,"target":"tachyon_serverless_provider_process"}
{"timestamp":"2026-09-18T04:01:50.167849Z","level":"INFO","message":"asynchronous invocation settled","invocation_id":"inv_01m2satxgnsc8gp9qyg01sn892","status":"succeeded","target":"tachyon_serverless_application::services::invoke_async::dispatch"}
{"timestamp":"2026-09-18T04:01:50.170928Z","level":"INFO","message":"async dispatch: delivery handled","message_id":"inv_01m2satxgnsc8gp9qyg01sn892","sequence":6,"delivery_count":1,"outcome":"Completed { status: \"succeeded\" }","target":"tachyon_serverless_application::services::invoke_async::dispatch"}
{"timestamp":"2026-09-18T04:01:50.176536Z","level":"INFO","message":"bridge spawned","environment_id":"env_01m2satxk2a6f5z81hq34e8tc6","pid":781970,"target":"tachyon_serverless_provider_process"}
{"timestamp":"2026-09-18T04:01:50.204130Z","level":"INFO","message":"invocation finished","invocation_id":"inv_01m2satxj3wznagzphvv59jwns","status":"succeeded (async run)","handler_ms":4,"environment_boot_ms":5,"runtime_init_ms":9,"target":"tachyon_serverless_application::services::invoke"}
{"timestamp":"2026-09-18T04:01:50.207507Z","level":"INFO","message":"terminating bridge","environment_id":"env_01m2satxk2a6f5z81hq34e8tc6","pid":781970,"reason":"Completed","graceful":true,"target":"tachyon_serverless_provider_process"}
{"timestamp":"2026-09-18T04:01:50.220484Z","level":"INFO","message":"asynchronous invocation settled","invocation_id":"inv_01m2satxj3wznagzphvv59jwns","status":"succeeded","target":"tachyon_serverless_application::services::invoke_async::dispatch"}
{"timestamp":"2026-09-18T04:01:50.223290Z","level":"INFO","message":"async dispatch: delivery handled","message_id":"inv_01m2satxj3wznagzphvv59jwns","sequence":7,"delivery_count":1,"outcome":"Completed { status: \"succeeded\" }","target":"tachyon_serverless_application::services::invoke_async::dispatch"}
{"timestamp":"2026-09-18T04:01:50.470188Z","level":"INFO","message":"bridge spawned","environment_id":"env_01m2satxpge8m9fspjg2rpkx5v","pid":781993,"target":"tachyon_serverless_provider_process"}
{"timestamp":"2026-09-18T04:02:00.413174Z","level":"WARN","message":"this process was not running for a while (stopped, frozen or starved): a lease that passed meanwhile is not taken back","stalled_ms":9710,"target":"tachyon_serverless_application::services::dispatcher"}
{"timestamp":"2026-09-18T04:02:00.416228Z","level":"INFO","message":"object retention pass","report":"GcReport { examined: 2, collected_expired: 0, collected_orphans: 0, kept_in_use: 0, kept_referenced: 2, incomplete_removed: 0, tombstones_purged: 0, failed: 0 }","target":"tachyon_serverless_gateway"}
{"timestamp":"2026-09-18T04:02:00.417872Z","level":"WARN","message":"cannot record invocation outcome","error":"Invocation is already in a terminal state (outcome_unknown); further updates are rejected","invocation_id":"inv_01m2satxpbx5v4y8ye5phxbwne","target":"tachyon_serverless_application::services::invoke"}
{"timestamp":"2026-09-18T04:02:00.418192Z","level":"WARN","message":"stale completion refused: another dispatcher reclaimed this slot","invocation_id":"inv_01m2satxpbx5v4y8ye5phxbwne","attempt_id":"att_01m2sav0d0p1frpytqmwwphpgz","epoch":1,"reason":"lease lse_01m2sav0d0f7m7ej4bgyam5etq is already released","target":"tachyon_serverless_application::services::invoke"}
{"timestamp":"2026-09-18T04:02:00.418698Z","level":"ERROR","message":"dispatcher lease lost: refusing new invocations; in-flight completions will be refused if another dispatcher reclaimed them","dispatcher_id":"dsp_01m2satdm3wesy14khwk8n6x3d","target":"tachyon_serverless_application::services::dispatcher"}
{"timestamp":"2026-09-18T04:02:00.426479Z","level":"WARN","message":"environment update failed","error":"refused: environment env_01m2satxpge8m9fspjg2rpkx5v is lost and final","environment_id":"env_01m2satxpge8m9fspjg2rpkx5v","target":"tachyon_serverless_application::services::invoke"}
{"timestamp":"2026-09-18T04:02:00.426625Z","level":"INFO","message":"environment fenced by a reclaim: its stop is reported by the reclaimer","environment_id":"env_01m2satxpge8m9fspjg2rpkx5v","target":"tachyon_serverless_application::services::invoke"}
{"timestamp":"2026-09-18T04:02:01.209013Z","level":"INFO","message":"object retention pass","report":"GcReport { examined: 2, collected_expired: 0, collected_orphans: 0, kept_in_use: 0, kept_referenced: 2, incomplete_removed: 0, tombstones_purged: 0, failed: 0 }","target":"tachyon_serverless_gateway"}
{"timestamp":"2026-09-18T04:02:03.209696Z","level":"INFO","message":"object retention pass","report":"GcReport { examined: 2, collected_expired: 0, collected_orphans: 0, kept_in_use: 0, kept_referenced: 2, incomplete_removed: 0, tombstones_purged: 0, failed: 0 }","target":"tachyon_serverless_gateway"}
{"timestamp":"2026-09-18T04:02:05.211476Z","level":"INFO","message":"object retention pass","report":"GcReport { examined: 2, collected_expired: 0, collected_orphans: 0, kept_in_use: 0, kept_referenced: 2, incomplete_removed: 0, tombstones_purged: 0, failed: 0 }","target":"tachyon_serverless_gateway"}
{"timestamp":"2026-09-18T04:02:06.899508Z","level":"INFO","message":"SIGTERM received","target":"tachyon_serverless_gateway"}
{"timestamp":"2026-09-18T04:02:06.899599Z","level":"INFO","message":"shutdown requested; cancelling in-flight invocations","target":"tachyon_serverless_gateway"}
{"timestamp":"2026-09-18T04:02:06.900319Z","level":"INFO","message":"final usage collection","report":"CollectReport { batches: 0, read: 0, inserted: 0, duplicates: 0, cursor_seq: 60 }","target":"tachyon_serverless_gateway"}
{"timestamp":"2026-09-18T04:02:06.908740Z","level":"INFO","message":"gateway stopped","target":"tachyon_serverless_gateway"}
{"timestamp":"2026-09-18T04:02:06.909185Z","level":"INFO","message":"event: closed","target":"async_nats"}

===== a start (failpoints: none) 04:02:07 =====
{"timestamp":"2026-09-18T04:02:07.024041Z","level":"INFO","message":"configuration loaded","config":"/home/takanorifukuyama.guest/w/tsls-chaos.KH69m7/gw-a.toml","target":"tachyon_serverless_gateway"}
{"timestamp":"2026-09-18T04:02:07.026527Z","level":"INFO","message":"connected successfully","server":"38747","max_payload":"1048576","target":"async_nats::connector"}
{"timestamp":"2026-09-18T04:02:07.026642Z","level":"INFO","message":"event: connected","target":"async_nats"}
{"timestamp":"2026-09-18T04:02:07.034215Z","level":"INFO","message":"JetStream queue connected and stream bootstrapped","url":"nats://127.0.0.1:38747","stream":"TACHYON_EVENTS","target":"tachyon_serverless_gateway::durable"}
{"timestamp":"2026-09-18T04:02:07.035370Z","level":"INFO","message":"state store opened","path":"/home/takanorifukuyama.guest/w/tsls-chaos.KH69m7/data/state.db","schema_version":8,"migrations_applied":"[]","imported_state_json":"None","settled_invocations":0,"settled_attempts":0,"settled_environments":0,"released_leases":0,"dropped_idempotency_keys":0,"purged_idempotency_keys":0,"outputs_purged":0,"target":"tachyon_serverless_application::app"}
{"timestamp":"2026-09-18T04:02:07.037109Z","level":"INFO","message":"log store opened","path":"/home/takanorifukuyama.guest/w/tsls-chaos.KH69m7/data/logs/logs.db","healthy":true,"retention_seconds":604800,"max_total_bytes":1073741824,"target":"tachyon_serverless_application::app"}
{"timestamp":"2026-09-18T04:02:07.038033Z","level":"INFO","message":"dispatcher registered","dispatcher_id":"dsp_01m2savghxvm0gpxsn6ras2dsf","instance":"chaos-a","pid":782351,"lease_ttl_seconds":6,"target":"tachyon_serverless_application::services::dispatcher"}
{"timestamp":"2026-09-18T04:02:07.039324Z","level":"INFO","message":"application bootstrapped","profile":"dev","provider":"process","dev_only":true,"environment_reuse":false,"reuse_verified":false,"reuse_reason":"[pool] enabled is false","reuse_disabled":"Some(Configuration)","idle_quiesce":"unsupported","idle_resume":"unsupported","data_dir":"/home/takanorifukuyama.guest/w/tsls-chaos.KH69m7/data","store":"sqlite","dispatcher_id":"dsp_01m2savghxvm0gpxsn6ras2dsf","node":"local","node_region":"none","node_memory_mib":"None","max_concurrency":8,"queue":"nats","objects":"filesystem","invoke_async":true,"triggers":true,"target":"tachyon_serverless_application::app"}
{"timestamp":"2026-09-18T04:02:07.039669Z","level":"INFO","message":"startup reconcile finished","provider":"process","found":0,"adopted":0,"terminated":0,"disowned":0,"failed":0,"lost":0,"foreign":0,"reclaimed_dispatchers":0,"fenced_terminated":0,"fenced_pending":0,"target":"tachyon_serverless_application::services::reconcile"}
{"timestamp":"2026-09-18T04:02:07.039782Z","level":"INFO","message":"gateway listening","addr":"127.0.0.1:51185","profile":"dev","provider":"process","target":"tachyon_serverless_gateway"}
{"timestamp":"2026-09-18T04:02:07.041662Z","level":"INFO","message":"asynchronous dispatcher started","workers":2,"owner":"dsp_01m2savghxvm0gpxsn6ras2dsf","target":"tachyon_serverless_gateway"}
{"timestamp":"2026-09-18T04:02:07.050632Z","level":"INFO","message":"object retention pass","report":"GcReport { examined: 2, collected_expired: 0, collected_orphans: 0, kept_in_use: 0, kept_referenced: 2, incomplete_removed: 0, tombstones_purged: 0, failed: 0 }","target":"tachyon_serverless_gateway"}
{"timestamp":"2026-09-18T04:02:08.516260Z","level":"INFO","message":"bridge spawned","environment_id":"env_01m2savgtcs7prvkzx2q826jp9","pid":782377,"target":"tachyon_serverless_provider_process"}
{"timestamp":"2026-09-18T04:02:08.542704Z","level":"INFO","message":"invocation finished","invocation_id":"inv_01m2savgtbrqx0zj096gyprjwn","status":"succeeded","handler_ms":1,"environment_boot_ms":1,"runtime_init_ms":4,"target":"tachyon_serverless_application::services::invoke"}
{"timestamp":"2026-09-18T04:02:08.544992Z","level":"INFO","message":"terminating bridge","environment_id":"env_01m2savgtcs7prvkzx2q826jp9","pid":782377,"reason":"Completed","graceful":true,"target":"tachyon_serverless_provider_process"}
{"timestamp":"2026-09-18T04:02:08.581860Z","level":"INFO","message":"asynchronous invocation accepted","invocation_id":"inv_01m2savj2423w1vrhtcgas59yw","tenant_id":"tn_01hzzzzzzzzzzzzzzzzzzzzzza","revision_id":"rev_01m2satg91e474y2m29173wf0g","input_bytes":50,"input_storage":"inline","target":"tachyon_serverless_application::services::invoke_async"}
{"timestamp":"2026-09-18T04:02:08.616842Z","level":"INFO","message":"asynchronous invocation accepted","invocation_id":"inv_01m2savj34dj5tne7cq5p23gck","tenant_id":"tn_01hzzzzzzzzzzzzzzzzzzzzzza","revision_id":"rev_01m2satg91e474y2m29173wf0g","input_bytes":4130,"input_storage":"object","target":"tachyon_serverless_application::services::invoke_async"}
{"timestamp":"2026-09-18T04:02:08.643136Z","level":"INFO","message":"asynchronous invocation accepted","invocation_id":"inv_01m2savj413eydz150xph19njr","tenant_id":"tn_01hzzzzzzzzzzzzzzzzzzzzzza","revision_id":"rev_01m2satm7kqvggbfyahm8x2kjp","input_bytes":195,"input_storage":"inline","target":"tachyon_serverless_application::services::invoke_async"}
{"timestamp":"2026-09-18T04:02:08.643210Z","level":"INFO","message":"webhook trigger fired","trigger_id":"trg_01m2sats8hmvbg3tvn2ne7n5cf","event_id":"evt-post-a-w1","invocation_id":"inv_01m2savj413eydz150xph19njr","revision_id":"rev_01m2satm7kqvggbfyahm8x2kjp","replayed":false,"target":"tachyon_serverless_application::services::triggers"}
{"timestamp":"2026-09-18T04:02:08.650086Z","level":"INFO","message":"asynchronous run claimed","invocation_id":"inv_01m2savj413eydz150xph19njr","attempt":1,"generation":0,"delivery_count":1,"target":"tachyon_serverless_application::services::invoke_async::dispatch"}
{"timestamp":"2026-09-18T04:02:09.044655Z","level":"INFO","message":"object retention pass","report":"GcReport { examined: 2, collected_expired: 0, collected_orphans: 0, kept_in_use: 0, kept_referenced: 2, incomplete_removed: 0, tombstones_purged: 0, failed: 0 }","target":"tachyon_serverless_gateway"}
{"timestamp":"2026-09-18T04:02:10.100764Z","level":"INFO","message":"bridge spawned","environment_id":"env_01m2savj4a0h83dyb56jfbb3zm","pid":782474,"target":"tachyon_serverless_provider_process"}
{"timestamp":"2026-09-18T04:02:10.151136Z","level":"INFO","message":"invocation finished","invocation_id":"inv_01m2savj413eydz150xph19njr","status":"succeeded (async run)","handler_ms":4,"environment_boot_ms":5,"runtime_init_ms":10,"target":"tachyon_serverless_application::services::invoke"}
{"timestamp":"2026-09-18T04:02:10.153642Z","level":"INFO","message":"terminating bridge","environment_id":"env_01m2savj4a0h83dyb56jfbb3zm","pid":782474,"reason":"Completed","graceful":true,"target":"tachyon_serverless_provider_process"}
{"timestamp":"2026-09-18T04:02:10.160386Z","level":"INFO","message":"asynchronous invocation settled","invocation_id":"inv_01m2savj413eydz150xph19njr","status":"succeeded","target":"tachyon_serverless_application::services::invoke_async::dispatch"}
{"timestamp":"2026-09-18T04:02:10.162115Z","level":"INFO","message":"async dispatch: delivery handled","message_id":"inv_01m2savj413eydz150xph19njr","sequence":11,"delivery_count":1,"outcome":"Completed { status: \"succeeded\" }","target":"tachyon_serverless_application::services::invoke_async::dispatch"}
{"timestamp":"2026-09-18T04:02:10.209421Z","level":"INFO","message":"asynchronous run claimed","invocation_id":"inv_01m2savj34dj5tne7cq5p23gck","attempt":1,"generation":1,"delivery_count":1,"target":"tachyon_serverless_application::services::invoke_async::dispatch"}
{"timestamp":"2026-09-18T04:02:11.046681Z","level":"INFO","message":"object retention pass","report":"GcReport { examined: 2, collected_expired: 0, collected_orphans: 0, kept_in_use: 0, kept_referenced: 2, incomplete_removed: 0, tombstones_purged: 0, failed: 0 }","target":"tachyon_serverless_gateway"}
{"timestamp":"2026-09-18T04:02:11.492833Z","level":"INFO","message":"bridge spawned","environment_id":"env_01m2savkn4ayp5xdbnnda77znr","pid":782503,"target":"tachyon_serverless_provider_process"}
{"timestamp":"2026-09-18T04:02:11.537117Z","level":"INFO","message":"invocation finished","invocation_id":"inv_01m2savj34dj5tne7cq5p23gck","status":"succeeded (async run)","handler_ms":1,"environment_boot_ms":3,"runtime_init_ms":18,"target":"tachyon_serverless_application::services::invoke"}
{"timestamp":"2026-09-18T04:02:11.539704Z","level":"INFO","message":"terminating bridge","environment_id":"env_01m2savkn4ayp5xdbnnda77znr","pid":782503,"reason":"Completed","graceful":true,"target":"tachyon_serverless_provider_process"}
{"timestamp":"2026-09-18T04:02:11.546599Z","level":"INFO","message":"asynchronous invocation settled","invocation_id":"inv_01m2savj34dj5tne7cq5p23gck","status":"succeeded","target":"tachyon_serverless_application::services::invoke_async::dispatch"}
{"timestamp":"2026-09-18T04:02:11.550028Z","level":"INFO","message":"async dispatch: delivery handled","message_id":"inv_01m2savj34dj5tne7cq5p23gck.g1","sequence":12,"delivery_count":1,"outcome":"Completed { status: \"succeeded\" }","target":"tachyon_serverless_application::services::invoke_async::dispatch"}
{"timestamp":"2026-09-18T04:02:12.593380Z","level":"INFO","message":"async dispatch: delivery handled","message_id":"inv_01m2savj2423w1vrhtcgas59yw","sequence":9,"delivery_count":2,"outcome":"Skipped(\"claimed\")","target":"tachyon_serverless_application::services::invoke_async::dispatch"}
{"timestamp":"2026-09-18T04:02:12.809154Z","level":"INFO","message":"trigger updated","trigger_id":"trg_01m2sats89q71bp23mpc837aa6","generation":3,"status":"disabled","next_fire_at":"None","rotated_secret":false,"target":"tachyon_serverless_application::services::triggers"}
{"timestamp":"2026-09-18T04:02:12.836211Z","level":"INFO","message":"asynchronous run claimed","invocation_id":"inv_01m2savj2423w1vrhtcgas59yw","attempt":1,"generation":1,"delivery_count":1,"target":"tachyon_serverless_application::services::invoke_async::dispatch"}
{"timestamp":"2026-09-18T04:02:13.047325Z","level":"INFO","message":"object retention pass","report":"GcReport { examined: 2, collected_expired: 0, collected_orphans: 0, kept_in_use: 0, kept_referenced: 2, incomplete_removed: 0, tombstones_purged: 0, failed: 0 }","target":"tachyon_serverless_gateway"}
{"timestamp":"2026-09-18T04:02:13.048136Z","level":"WARN","message":"reclaimed the work of dispatchers that lost their lease","dispatcher_id":"dsp_01m2savghxvm0gpxsn6ras2dsf","reclaimed_dispatchers":"[DispatcherId(dsp_01m2satsa1vna5n74vhg86jsq4)]","leases":0,"invocations":0,"attempts":0,"fenced":0,"target":"tachyon_serverless_application::services::dispatcher"}
{"timestamp":"2026-09-18T04:02:14.276525Z","level":"INFO","message":"bridge spawned","environment_id":"env_01m2savp74ze3f5kvs4tffgv52","pid":782612,"target":"tachyon_serverless_provider_process"}
{"timestamp":"2026-09-18T04:02:14.312128Z","level":"INFO","message":"invocation finished","invocation_id":"inv_01m2savj2423w1vrhtcgas59yw","status":"succeeded (async run)","handler_ms":4,"environment_boot_ms":3,"runtime_init_ms":10,"target":"tachyon_serverless_application::services::invoke"}
{"timestamp":"2026-09-18T04:02:14.315071Z","level":"INFO","message":"terminating bridge","environment_id":"env_01m2savp74ze3f5kvs4tffgv52","pid":782612,"reason":"Completed","graceful":true,"target":"tachyon_serverless_provider_process"}
{"timestamp":"2026-09-18T04:02:14.322003Z","level":"INFO","message":"asynchronous invocation settled","invocation_id":"inv_01m2savj2423w1vrhtcgas59yw","status":"succeeded","target":"tachyon_serverless_application::services::invoke_async::dispatch"}
{"timestamp":"2026-09-18T04:02:14.323992Z","level":"INFO","message":"async dispatch: delivery handled","message_id":"inv_01m2savj2423w1vrhtcgas59yw.g1","sequence":13,"delivery_count":1,"outcome":"Completed { status: \"succeeded\" }","target":"tachyon_serverless_application::services::invoke_async::dispatch"}
{"timestamp":"2026-09-18T04:02:14.892709Z","level":"INFO","message":"SIGTERM received","target":"tachyon_serverless_gateway"}
{"timestamp":"2026-09-18T04:02:14.892737Z","level":"INFO","message":"shutdown requested; cancelling in-flight invocations","target":"tachyon_serverless_gateway"}
{"timestamp":"2026-09-18T04:02:14.893063Z","level":"INFO","message":"final usage collection","report":"CollectReport { batches: 0, read: 0, inserted: 0, duplicates: 0, cursor_seq: 82 }","target":"tachyon_serverless_gateway"}
{"timestamp":"2026-09-18T04:02:14.899773Z","level":"INFO","message":"gateway stopped","target":"tachyon_serverless_gateway"}
{"timestamp":"2026-09-18T04:02:14.899911Z","level":"INFO","message":"event: closed","target":"async_nats"}
