2026-09-17T17:15:41.728346753 [anonymous-instance:main:INFO] Running Firecracker v1.17.0
2026-09-17T17:15:41.728446217 [anonymous-instance:main:INFO] Listening on API socket ("api.sock").
2026-09-17T17:15:41.728676416 [anonymous-instance:fc_api:INFO] API server started.
2026-09-17T17:15:41.737888091 [anonymous-instance:fc_api:INFO] The API server received a Put request on "/machine-config" with body "{\"vcpu_count\":1,\"mem_size_mib\":256}".
2026-09-17T17:15:41.737976127 [anonymous-instance:fc_api:INFO] The request was executed successfully. Status code: 204 No Content.
2026-09-17T17:15:41.747348762 [anonymous-instance:fc_api:INFO] The API server received a Put request on "/boot-source" with body "{\"kernel_image_path\":\"/home/takanorifukuyama.guest/tsls/.kvm/vmlinux\",\"boot_args\":\"console=ttyS0 reboot=k panic=1 pci=off keep_bootcon init=/sbin/tachyon-init tachyon.env_id=env_x1restore tachyon.vsock_port=5000 tachyon.function_dev=/dev/vdb tachyon.scratch_dev=/dev/vdc\"}".
2026-09-17T17:15:41.747425202 [anonymous-instance:fc_api:INFO] The request was executed successfully. Status code: 204 No Content.
2026-09-17T17:15:41.756410362 [anonymous-instance:fc_api:INFO] The API server received a Put request on "/drives/rootfs" with body "{\"drive_id\":\"rootfs\",\"path_on_host\":\"rootfs.ext4\",\"is_root_device\":true,\"is_read_only\":true}".
2026-09-17T17:15:41.756501245 [anonymous-instance:fc_api:INFO] The request was executed successfully. Status code: 204 No Content.
2026-09-17T17:15:41.764266005 [anonymous-instance:fc_api:INFO] The API server received a Put request on "/drives/function" with body "{\"drive_id\":\"function\",\"path_on_host\":\"function.ext4\",\"is_root_device\":false,\"is_read_only\":true}".
2026-09-17T17:15:41.764341482 [anonymous-instance:fc_api:INFO] The request was executed successfully. Status code: 204 No Content.
2026-09-17T17:15:41.772076059 [anonymous-instance:fc_api:INFO] The API server received a Put request on "/drives/scratch" with body "{\"drive_id\":\"scratch\",\"path_on_host\":\"scratch.ext4\",\"is_root_device\":false,\"is_read_only\":false}".
2026-09-17T17:15:41.772146094 [anonymous-instance:fc_api:INFO] The request was executed successfully. Status code: 204 No Content.
2026-09-17T17:15:41.779692460 [anonymous-instance:fc_api:INFO] The API server received a Put request on "/vsock" with body "{\"guest_cid\":3,\"uds_path\":\"v.sock\"}".
2026-09-17T17:15:41.779819804 [anonymous-instance:fc_api:INFO] The request was executed successfully. Status code: 204 No Content.
2026-09-17T17:15:41.788302413 [anonymous-instance:fc_api:INFO] The API server received a Put request on "/actions" with body "{\"action_type\":\"InstanceStart\"}".
2026-09-17T17:15:41.796407887 [anonymous-instance:main:WARN] Could not read the coherency line size, size, number of sets for cache level 1.
2026-09-17T17:15:41.796508062 [anonymous-instance:main:WARN] Could not read the coherency line size, size, number of sets for cache level 1.
2026-09-17T17:15:41.796654914 [anonymous-instance:main:INFO] Artificially kick devices
2026-09-17T17:15:41.796766309 [anonymous-instance:fc_vcpu 0:WARN] Received a VcpuEvent::Resume message with immediate_exit enabled. immediate_exit was disabled before proceeding
2026-09-17T17:15:41.796820897 [anonymous-instance:fc_api:INFO] The request was executed successfully. Status code: 204 No Content.
2026-09-17T17:15:43.467457436 [anonymous-instance:fc_vcpu 0:INFO] [Block:rootfs] notifying queues
2026-09-17T17:15:43.514819520 [anonymous-instance:fc_vcpu 0:INFO] [Block:function] notifying queues
2026-09-17T17:15:43.550223786 [anonymous-instance:fc_vcpu 0:INFO] [Block:scratch] notifying queues
2026-09-17T17:15:43.701890427 [anonymous-instance:fc_vcpu 0:INFO] [Vsock:vsock] notifying queues
2026-09-17T17:15:44.470794139 [anonymous-instance:fc_vcpu 0:INFO] Received KVM_SYSTEM_EVENT: type: 1, event: [0]
2026-09-17T17:15:44.470867733 [anonymous-instance:main:INFO] Vmm is stopping.
2026-09-17T17:15:44.470965773 [anonymous-instance:main:INFO] Killing vCPU threads
2026-09-17T17:15:44.473962711 [anonymous-instance:main:INFO] Firecracker exiting successfully. exit_code=0
