{"timestamp":"2026-09-18T04:38:55.198370Z","level":"INFO","message":"configuration loaded","config":"/home/takanorifukuyama.guest/w/tsls-split.EXKOTp/management.toml","target":"tachyon_serverless_gateway"}
{"timestamp":"2026-09-18T04:38:55.208371Z","level":"INFO","message":"state store opened","path":"/home/takanorifukuyama.guest/w/tsls-split.EXKOTp/data/state.db","schema_version":8,"migrations_applied":"[1, 2, 3, 4, 5, 6, 7, 8]","imported_state_json":"None","settled_invocations":0,"settled_attempts":0,"settled_environments":0,"released_leases":0,"dropped_idempotency_keys":0,"purged_idempotency_keys":0,"outputs_purged":0,"target":"tachyon_serverless_application::app"}
{"timestamp":"2026-09-18T04:38:55.213433Z","level":"INFO","message":"log store opened","path":"/home/takanorifukuyama.guest/w/tsls-split.EXKOTp/data/logs/logs.db","healthy":true,"retention_seconds":604800,"max_total_bytes":1073741824,"target":"tachyon_serverless_application::app"}
{"timestamp":"2026-09-18T04:38:55.213849Z","level":"INFO","message":"dispatcher registered","dispatcher_id":"dsp_01m2scywzd40twhxz5bsdsckzp","instance":"management","pid":859227,"lease_ttl_seconds":30,"target":"tachyon_serverless_application::services::dispatcher"}
{"timestamp":"2026-09-18T04:38:55.222174Z","level":"INFO","message":"application bootstrapped","profile":"dev","provider":"process","dev_only":true,"environment_reuse":false,"reuse_verified":false,"reuse_reason":"[pool] enabled is false","reuse_disabled":"Some(Configuration)","idle_quiesce":"unsupported","idle_resume":"unsupported","data_dir":"/home/takanorifukuyama.guest/w/tsls-split.EXKOTp/data","store":"sqlite","dispatcher_id":"dsp_01m2scywzd40twhxz5bsdsckzp","node":"local","node_region":"none","node_memory_mib":"None","max_concurrency":8,"queue":"none","objects":"none","invoke_async":false,"triggers":false,"target":"tachyon_serverless_application::app"}
{"timestamp":"2026-09-18T04:38:55.222341Z","level":"INFO","message":"startup reconcile finished","provider":"process","found":0,"adopted":0,"terminated":0,"disowned":0,"failed":0,"lost":0,"foreign":0,"reclaimed_dispatchers":0,"fenced_terminated":0,"fenced_pending":0,"target":"tachyon_serverless_application::services::reconcile"}
{"timestamp":"2026-09-18T04:38:55.222398Z","level":"INFO","message":"gateway listening","addr":"127.0.0.1:38285","profile":"dev","provider":"process","target":"tachyon_serverless_gateway"}
{"timestamp":"2026-09-18T04:38:58.993082Z","level":"INFO","message":"revision ready","revision_id":"rev_01m2scyzhk2dv3edf71nxrh4dh","function_id":"fn_01m2scyx8n9bf2bt0rsmh701aj","target":"tachyon_serverless_application::services::revision"}
{"timestamp":"2026-09-18T04:39:02.643557Z","level":"INFO","message":"revision ready","revision_id":"rev_01m2scz333s4khv1kq14pxa4k7","function_id":"fn_01m2scyx8xk12sge6xyvjdcz9d","target":"tachyon_serverless_application::services::revision"}
{"timestamp":"2026-09-18T04:39:07.776285Z","level":"INFO","message":"revision ready","revision_id":"rev_01m2scz840nkbcsr33pky6tmnw","function_id":"fn_01m2scyx8n9bf2bt0rsmh701aj","target":"tachyon_serverless_application::services::revision"}
{"timestamp":"2026-09-18T04:39:08.226459Z","level":"INFO","message":"draining revision: new work goes elsewhere (or is refused), running work completes","revision_id":"rev_01m2scyzhk2dv3edf71nxrh4dh","reason":"alias_switch","target":"tachyon_serverless_application::services::scaling"}
{"timestamp":"2026-09-18T04:39:10.385221Z","level":"INFO","message":"SIGTERM received","target":"tachyon_serverless_gateway"}
{"timestamp":"2026-09-18T04:39:10.385244Z","level":"INFO","message":"shutdown requested; cancelling in-flight invocations","target":"tachyon_serverless_gateway"}
{"timestamp":"2026-09-18T04:39:10.387423Z","level":"INFO","message":"final usage collection","report":"CollectReport { batches: 1, read: 2, inserted: 2, duplicates: 0, cursor_seq: 12 }","target":"tachyon_serverless_gateway"}
{"timestamp":"2026-09-18T04:39:10.389291Z","level":"INFO","message":"gateway stopped","target":"tachyon_serverless_gateway"}
{"timestamp":"2026-09-18T04:39:24.536737Z","level":"INFO","message":"configuration loaded","config":"/home/takanorifukuyama.guest/w/tsls-split.EXKOTp/management.toml","target":"tachyon_serverless_gateway"}
{"timestamp":"2026-09-18T04:39:24.538409Z","level":"INFO","message":"state store opened","path":"/home/takanorifukuyama.guest/w/tsls-split.EXKOTp/data/state.db","schema_version":8,"migrations_applied":"[]","imported_state_json":"None","settled_invocations":0,"settled_attempts":0,"settled_environments":0,"released_leases":0,"dropped_idempotency_keys":0,"purged_idempotency_keys":0,"outputs_purged":0,"target":"tachyon_serverless_application::app"}
{"timestamp":"2026-09-18T04:39:24.540197Z","level":"INFO","message":"log store opened","path":"/home/takanorifukuyama.guest/w/tsls-split.EXKOTp/data/logs/logs.db","healthy":true,"retention_seconds":604800,"max_total_bytes":1073741824,"target":"tachyon_serverless_application::app"}
{"timestamp":"2026-09-18T04:39:24.542142Z","level":"INFO","message":"dispatcher registered","dispatcher_id":"dsp_01m2sczskw8h8x74b7m8efa2tw","instance":"management","pid":859919,"lease_ttl_seconds":30,"target":"tachyon_serverless_application::services::dispatcher"}
{"timestamp":"2026-09-18T04:39:24.543424Z","level":"INFO","message":"application bootstrapped","profile":"dev","provider":"process","dev_only":true,"environment_reuse":false,"reuse_verified":false,"reuse_reason":"[pool] enabled is false","reuse_disabled":"Some(Configuration)","idle_quiesce":"unsupported","idle_resume":"unsupported","data_dir":"/home/takanorifukuyama.guest/w/tsls-split.EXKOTp/data","store":"sqlite","dispatcher_id":"dsp_01m2sczskw8h8x74b7m8efa2tw","node":"local","node_region":"none","node_memory_mib":"None","max_concurrency":8,"queue":"none","objects":"none","invoke_async":false,"triggers":false,"target":"tachyon_serverless_application::app"}
{"timestamp":"2026-09-18T04:39:24.543814Z","level":"INFO","message":"startup reconcile finished","provider":"process","found":0,"adopted":0,"terminated":0,"disowned":0,"failed":0,"lost":0,"foreign":0,"reclaimed_dispatchers":0,"fenced_terminated":0,"fenced_pending":0,"target":"tachyon_serverless_application::services::reconcile"}
{"timestamp":"2026-09-18T04:39:24.543944Z","level":"INFO","message":"gateway listening","addr":"127.0.0.1:38285","profile":"dev","provider":"process","target":"tachyon_serverless_gateway"}
{"timestamp":"2026-09-18T04:39:27.193016Z","level":"INFO","message":"SIGTERM received","target":"tachyon_serverless_gateway"}
{"timestamp":"2026-09-18T04:39:27.193156Z","level":"INFO","message":"shutdown requested; cancelling in-flight invocations","target":"tachyon_serverless_gateway"}
{"timestamp":"2026-09-18T04:39:27.194335Z","level":"INFO","message":"final usage collection","report":"CollectReport { batches: 0, read: 0, inserted: 0, duplicates: 0, cursor_seq: 50 }","target":"tachyon_serverless_gateway"}
{"timestamp":"2026-09-18T04:39:27.199590Z","level":"INFO","message":"gateway stopped","target":"tachyon_serverless_gateway"}
