id           inv_01m2qxrqbwdra529c6cpehxm7r
function     fn_01m2qxrn6q23an4qyj12h2spxn
revision     rev_01m2qxrnkxhqax89jv2pa9203y
alias        prod
mode         sync
status       succeeded
error        -
http_status  -
trace_id     inv_01m2qxrqbwdra529c6cpehxm7r
input        sha256:d7d234f759ec34fd6298b7e32318614760070aaef9f4e92ced928324b49a0602 (15 bytes)
accepted_at  2026-09-17T14:54:09.788Z
started_at   2026-09-17T14:54:25.434Z
finished_at  2026-09-17T14:54:25.771Z
deadlines    queue=2026-09-17T14:54:19.788Z init=2026-09-17T14:54:39.795Z execution=2026-09-17T14:54:55.434Z client=2026-09-17T14:55:19.788Z
output:
{
  "greeting": "v1",
  "message": "hello, demo",
  "secret_present": true,
  "unisolated": false
}
attempts: 1
  #1 att_01m2qxs6mtdwhz79kt5espgge7 env=env_01m2qxrqc3e64c00pe1djgg3ns epoch=1 status=succeeded start=cold
     timings: queue_wait=0 ms boot=13905 ms init=1717 ms handler=334 ms response=0 ms total=16125 ms
     boot_evidence: host_pid=238750 guest_boot_id=7e60e3de-501f-4ed9-87e6-b6fc3e3a5c96 details={"boot_ms":13905,"bridge_version":"0.1.0","cgroup":"/sys/fs/cgroup/tachyon/env_01m2qxrqc3e64c00pe1djgg3ns","cgroup_cpu_max":"50000 100000","cgroup_memory_max_bytes":335544320,"cgroup_mode":"required","cgroup_pids_max":64,"console_log":"/home/takanorifukuyama.guest/tsls/.kvm/run/env_01m2qxrqc3e64c00pe1djgg3ns/console.log","console_log_max_bytes":4194304,"egress_profile":"none","env_dir":"/home/takanorifukuyama.guest/tsls/.kvm/run/env_01m2qxrqc3e64c00pe1djgg3ns","fc_log_max_bytes":4194304,"firecracker_version":"v1.17.0","function_drive_bytes":10485760,"guest_architecture":"aarch64","guest_handler_ms":106,"guest_init_ms":1212,"host_disk_budget_bytes":292119960,"instance_id":"env-01m2qxrqc3e64c00pe1djgg3ns","jail_root":"/srv/jailer/firecracker/env-01m2qxrqc3e64c00pe1djgg3ns/root","jailed":true,"kernel_path":"/home/takanorifukuyama.guest/tsls/.kvm/vmlinux","kernel_sha256":"e3544b10603acbf3db492cb52e000d22ba202cb4b63b9add027565683e11c591","mem_mib":256,"network_interfaces":0,"provider":"firecracker","rootfs_path":"/home/takanorifukuyama.guest/tsls/.kvm/rootfs.ext4","rootfs_sha256":"73b3e3b6cfccf93d5038c9fb20a0800207aad524e77e047bcceaf2d9ac399064","scratch_drive_bytes":268435456,"scratch_drive_ms":71,"scratch_drive_reserved":true,"vcpus":1,"vmm_gid":64000,"vmm_new_pid_ns":true,"vmm_uid":64000,"vsock_port":5000}
     dispatched_at=2026-09-17T14:54:25.434Z finished_at=2026-09-17T14:54:25.771Z
