
===== a start (failpoints: none) 11:31:12 =====
{"timestamp":"2026-09-17T11:31:14.488317Z","level":"INFO","message":"configuration loaded","config":"/private/var/folders/z7/khzdjrt95cg_fcmcnh4j1b5h0000gn/T/tsls-chaos.xBe8NO/gw-a.toml","target":"tachyon_serverless_gateway"}
{"timestamp":"2026-09-17T11:31:14.492976Z","level":"INFO","message":"connected successfully","server":"53795","max_payload":"1048576","target":"async_nats::connector"}
{"timestamp":"2026-09-17T11:31:14.493352Z","level":"INFO","message":"event: connected","target":"async_nats"}
{"timestamp":"2026-09-17T11:31:14.516518Z","level":"INFO","message":"JetStream queue connected and stream bootstrapped","url":"nats://127.0.0.1:53795","stream":"TACHYON_EVENTS","target":"tachyon_serverless_gateway::durable"}
{"timestamp":"2026-09-17T11:31:14.528539Z","level":"INFO","message":"state store opened","path":"/private/var/folders/z7/khzdjrt95cg_fcmcnh4j1b5h0000gn/T/tsls-chaos.xBe8NO/data/state.db","schema_version":8,"migrations_applied":"[1, 2, 3, 4, 5, 6, 7, 8]","imported_state_json":"None","settled_invocations":0,"settled_attempts":0,"settled_environments":0,"released_leases":0,"dropped_idempotency_keys":0,"purged_idempotency_keys":0,"outputs_purged":0,"target":"tachyon_serverless_application::app"}
{"timestamp":"2026-09-17T11:31:14.528939Z","level":"INFO","message":"dispatcher registered","dispatcher_id":"dsp_01m2qj55f0bny0910pah1fqm9h","instance":"chaos-a","pid":47098,"lease_ttl_seconds":6,"target":"tachyon_serverless_application::services::dispatcher"}
{"timestamp":"2026-09-17T11:31:14.531707Z","level":"INFO","message":"application bootstrapped","profile":"dev","provider":"process","dev_only":true,"environment_reuse":false,"reuse_verified":false,"reuse_reason":"[pool] enabled is false","reuse_disabled":"Some(Configuration)","idle_quiesce":"unsupported","idle_resume":"unsupported","data_dir":"/private/var/folders/z7/khzdjrt95cg_fcmcnh4j1b5h0000gn/T/tsls-chaos.xBe8NO/data","store":"sqlite","dispatcher_id":"dsp_01m2qj55f0bny0910pah1fqm9h","node":"local","node_region":"none","node_memory_mib":"None","max_concurrency":8,"queue":"nats","objects":"filesystem","invoke_async":true,"triggers":true,"target":"tachyon_serverless_application::app"}
{"timestamp":"2026-09-17T11:31:14.531895Z","level":"INFO","message":"startup reconcile finished","provider":"process","found":0,"adopted":0,"terminated":0,"disowned":0,"failed":0,"lost":0,"foreign":0,"reclaimed_dispatchers":0,"fenced_terminated":0,"fenced_pending":0,"target":"tachyon_serverless_application::services::reconcile"}
{"timestamp":"2026-09-17T11:31:14.531961Z","level":"INFO","message":"gateway listening","addr":"127.0.0.1:53799","profile":"dev","provider":"process","target":"tachyon_serverless_gateway"}
{"timestamp":"2026-09-17T11:31:14.533449Z","level":"INFO","message":"asynchronous dispatcher started","workers":2,"owner":"dsp_01m2qj55f0bny0910pah1fqm9h","target":"tachyon_serverless_gateway"}
{"timestamp":"2026-09-17T11:31:15.032259Z","level":"INFO","message":"revision ready","revision_id":"rev_01m2qj55tcrqaeea75dvj9za29","function_id":"fn_01m2qj55gnsw01e2e8dvvwh7kz","target":"tachyon_serverless_application::services::revision"}
{"timestamp":"2026-09-17T11:31:15.507914Z","level":"INFO","message":"revision ready","revision_id":"rev_01m2qj569b5dwhavv9pzfycscp","function_id":"fn_01m2qj55ztrt7tk5wrg2t1ys8t","target":"tachyon_serverless_application::services::revision"}
{"timestamp":"2026-09-17T11:31:15.982315Z","level":"INFO","message":"revision ready","revision_id":"rev_01m2qj56r6mnkrk8ty4yyg9ype","function_id":"fn_01m2qj56ekx6r36w98shq3y16h","target":"tachyon_serverless_application::services::revision"}
{"timestamp":"2026-09-17T11:31:16.568208Z","level":"INFO","message":"trigger created","trigger_id":"trg_01m2qj57eq9xvbjfj1bfrak4m5","function_id":"fn_01m2qj55ztrt7tk5wrg2t1ys8t","kind":"cron","enabled":true,"next_fire_at":"Some(2026-09-17T11:31:18Z)","target":"tachyon_serverless_application::services::triggers"}
{"timestamp":"2026-09-17T11:31:16.579432Z","level":"INFO","message":"trigger created","trigger_id":"trg_01m2qj57f3s4qzxct2axr6mrcr","function_id":"fn_01m2qj55ztrt7tk5wrg2t1ys8t","kind":"webhook","enabled":true,"next_fire_at":"None","target":"tachyon_serverless_application::services::triggers"}
{"timestamp":"2026-09-17T11:31:16.735491Z","level":"INFO","message":"bridge spawned","environment_id":"env_01m2qj57fnwhkpgw2s5gnmm2g5","pid":47379,"target":"tachyon_serverless_provider_process"}
{"timestamp":"2026-09-17T11:31:17.583703Z","level":"INFO","message":"invocation finished","invocation_id":"inv_01m2qj57fneapsdp8fnwpyz7dj","status":"succeeded","handler_ms":0,"environment_boot_ms":500,"runtime_init_ms":348,"target":"tachyon_serverless_application::services::invoke"}
{"timestamp":"2026-09-17T11:31:17.585299Z","level":"INFO","message":"terminating bridge","environment_id":"env_01m2qj57fnwhkpgw2s5gnmm2g5","pid":47379,"reason":"Completed","graceful":true,"target":"tachyon_serverless_provider_process"}
{"timestamp":"2026-09-17T11:31:17.634087Z","level":"INFO","message":"asynchronous invocation accepted","invocation_id":"inv_01m2qj58g1kmm2r7eb41d7v84k","tenant_id":"tn_01hzzzzzzzzzzzzzzzzzzzzzza","revision_id":"rev_01m2qj55tcrqaeea75dvj9za29","input_bytes":48,"input_storage":"inline","target":"tachyon_serverless_application::services::invoke_async"}
{"timestamp":"2026-09-17T11:31:17.641543Z","level":"INFO","message":"asynchronous run claimed","invocation_id":"inv_01m2qj58g1kmm2r7eb41d7v84k","attempt":1,"generation":0,"delivery_count":1,"target":"tachyon_serverless_application::services::invoke_async::dispatch"}
{"timestamp":"2026-09-17T11:31:17.694025Z","level":"INFO","message":"asynchronous invocation accepted","invocation_id":"inv_01m2qj58hfcr0tg7er5sdc28ns","tenant_id":"tn_01hzzzzzzzzzzzzzzzzzzzzzza","revision_id":"rev_01m2qj55tcrqaeea75dvj9za29","input_bytes":4128,"input_storage":"object","target":"tachyon_serverless_application::services::invoke_async"}
{"timestamp":"2026-09-17T11:31:17.699512Z","level":"INFO","message":"asynchronous run claimed","invocation_id":"inv_01m2qj58hfcr0tg7er5sdc28ns","attempt":1,"generation":0,"delivery_count":1,"target":"tachyon_serverless_application::services::invoke_async::dispatch"}
{"timestamp":"2026-09-17T11:31:17.723838Z","level":"INFO","message":"asynchronous invocation accepted","invocation_id":"inv_01m2qj58jv2wbjm65mvef8f80p","tenant_id":"tn_01hzzzzzzzzzzzzzzzzzzzzzza","revision_id":"rev_01m2qj569b5dwhavv9pzfycscp","input_bytes":191,"input_storage":"inline","target":"tachyon_serverless_application::services::invoke_async"}
{"timestamp":"2026-09-17T11:31:17.723874Z","level":"INFO","message":"webhook trigger fired","trigger_id":"trg_01m2qj57f3s4qzxct2axr6mrcr","event_id":"evt-base-w1","invocation_id":"inv_01m2qj58jv2wbjm65mvef8f80p","revision_id":"rev_01m2qj569b5dwhavv9pzfycscp","replayed":false,"target":"tachyon_serverless_application::services::triggers"}
{"timestamp":"2026-09-17T11:31:17.784493Z","level":"INFO","message":"bridge spawned","environment_id":"env_01m2qj58gc6rq2x4aebvsk4zgr","pid":47453,"target":"tachyon_serverless_provider_process"}
{"timestamp":"2026-09-17T11:31:17.840983Z","level":"INFO","message":"bridge spawned","environment_id":"env_01m2qj58j4p9c4h4ry3ydrp54y","pid":47455,"target":"tachyon_serverless_provider_process"}
{"timestamp":"2026-09-17T11:31:17.876361Z","level":"INFO","message":"bridge spawned","environment_id":"env_01m2qj58kbysa975zfa6afk6st","pid":47457,"target":"tachyon_serverless_provider_process"}
{"timestamp":"2026-09-17T11:31:17.885625Z","level":"INFO","message":"invocation finished","invocation_id":"inv_01m2qj58kb8w1ca3mjsacj56fk","status":"succeeded","handler_ms":0,"environment_boot_ms":3,"runtime_init_ms":4,"target":"tachyon_serverless_application::services::invoke"}
{"timestamp":"2026-09-17T11:31:17.887137Z","level":"INFO","message":"terminating bridge","environment_id":"env_01m2qj58kbysa975zfa6afk6st","pid":47457,"reason":"Completed","graceful":true,"target":"tachyon_serverless_provider_process"}
{"timestamp":"2026-09-17T11:31:17.935629Z","level":"INFO","message":"asynchronous invocation accepted","invocation_id":"inv_01m2qj58sfamkyxq3pj8phcgms","tenant_id":"tn_01hzzzzzzzzzzzzzzzzzzzzzza","revision_id":"rev_01m2qj55tcrqaeea75dvj9za29","input_bytes":48,"input_storage":"inline","target":"tachyon_serverless_application::services::invoke_async"}
{"timestamp":"2026-09-17T11:31:17.997135Z","level":"INFO","message":"asynchronous invocation accepted","invocation_id":"inv_01m2qj58txphyys5n8jgb5cp3q","tenant_id":"tn_01hzzzzzzzzzzzzzzzzzzzzzza","revision_id":"rev_01m2qj55tcrqaeea75dvj9za29","input_bytes":4128,"input_storage":"object","target":"tachyon_serverless_application::services::invoke_async"}
{"timestamp":"2026-09-17T11:31:18.002715Z","level":"INFO","message":"asynchronous invocation accepted","invocation_id":"inv_01m2qj58vjspgbgv8wkvpys1p0","tenant_id":"tn_01hzzzzzzzzzzzzzzzzzzzzzza","revision_id":"rev_01m2qj569b5dwhavv9pzfycscp","input_bytes":180,"input_storage":"inline","target":"tachyon_serverless_application::services::invoke_async"}
{"timestamp":"2026-09-17T11:31:18.002751Z","level":"INFO","message":"cron trigger fired","trigger_id":"trg_01m2qj57eq9xvbjfj1bfrak4m5","scheduled_at":"2026-09-17T11:31:18Z","invocation_id":"inv_01m2qj58vjspgbgv8wkvpys1p0","revision_id":"rev_01m2qj569b5dwhavv9pzfycscp","replayed":false,"target":"tachyon_serverless_application::services::triggers"}
{"timestamp":"2026-09-17T11:31:18.027423Z","level":"INFO","message":"asynchronous invocation accepted","invocation_id":"inv_01m2qj58wav47z315bs34n0py2","tenant_id":"tn_01hzzzzzzzzzzzzzzzzzzzzzza","revision_id":"rev_01m2qj569b5dwhavv9pzfycscp","input_bytes":191,"input_storage":"inline","target":"tachyon_serverless_application::services::invoke_async"}
{"timestamp":"2026-09-17T11:31:18.027458Z","level":"INFO","message":"webhook trigger fired","trigger_id":"trg_01m2qj57f3s4qzxct2axr6mrcr","event_id":"evt-base-w2","invocation_id":"inv_01m2qj58wav47z315bs34n0py2","revision_id":"rev_01m2qj569b5dwhavv9pzfycscp","replayed":false,"target":"tachyon_serverless_application::services::triggers"}
{"timestamp":"2026-09-17T11:31:18.155269Z","level":"INFO","message":"invocation finished","invocation_id":"inv_01m2qj58hfcr0tg7er5sdc28ns","status":"succeeded (async run)","handler_ms":1,"environment_boot_ms":3,"runtime_init_ms":308,"target":"tachyon_serverless_application::services::invoke"}
{"timestamp":"2026-09-17T11:31:18.155825Z","level":"INFO","message":"invocation finished","invocation_id":"inv_01m2qj58g1kmm2r7eb41d7v84k","status":"succeeded (async run)","handler_ms":1,"environment_boot_ms":4,"runtime_init_ms":364,"target":"tachyon_serverless_application::services::invoke"}
{"timestamp":"2026-09-17T11:31:18.156086Z","level":"INFO","message":"terminating bridge","environment_id":"env_01m2qj58j4p9c4h4ry3ydrp54y","pid":47455,"reason":"Completed","graceful":true,"target":"tachyon_serverless_provider_process"}
{"timestamp":"2026-09-17T11:31:18.157284Z","level":"INFO","message":"terminating bridge","environment_id":"env_01m2qj58gc6rq2x4aebvsk4zgr","pid":47453,"reason":"Completed","graceful":true,"target":"tachyon_serverless_provider_process"}
{"timestamp":"2026-09-17T11:31:18.158691Z","level":"INFO","message":"asynchronous invocation settled","invocation_id":"inv_01m2qj58hfcr0tg7er5sdc28ns","status":"succeeded","target":"tachyon_serverless_application::services::invoke_async::dispatch"}
{"timestamp":"2026-09-17T11:31:18.164466Z","level":"INFO","message":"asynchronous invocation settled","invocation_id":"inv_01m2qj58g1kmm2r7eb41d7v84k","status":"succeeded","target":"tachyon_serverless_application::services::invoke_async::dispatch"}
{"timestamp":"2026-09-17T11:31:18.167799Z","level":"INFO","message":"async dispatch: delivery handled","message_id":"inv_01m2qj58hfcr0tg7er5sdc28ns","sequence":2,"delivery_count":1,"outcome":"Completed { status: \"succeeded\" }","target":"tachyon_serverless_application::services::invoke_async::dispatch"}
{"timestamp":"2026-09-17T11:31:18.171889Z","level":"INFO","message":"async dispatch: delivery handled","message_id":"inv_01m2qj58g1kmm2r7eb41d7v84k","sequence":1,"delivery_count":1,"outcome":"Completed { status: \"succeeded\" }","target":"tachyon_serverless_application::services::invoke_async::dispatch"}
{"timestamp":"2026-09-17T11:31:18.172225Z","level":"INFO","message":"asynchronous run claimed","invocation_id":"inv_01m2qj58jv2wbjm65mvef8f80p","attempt":1,"generation":0,"delivery_count":1,"target":"tachyon_serverless_application::services::invoke_async::dispatch"}
{"timestamp":"2026-09-17T11:31:18.172428Z","level":"INFO","message":"asynchronous run claimed","invocation_id":"inv_01m2qj58sfamkyxq3pj8phcgms","attempt":1,"generation":0,"delivery_count":1,"target":"tachyon_serverless_application::services::invoke_async::dispatch"}
{"timestamp":"2026-09-17T11:31:18.192149Z","level":"INFO","message":"bridge spawned","environment_id":"env_01m2qj58wv3j3de16g5f0g3t82","pid":47532,"target":"tachyon_serverless_provider_process"}
{"timestamp":"2026-09-17T11:31:18.202666Z","level":"INFO","message":"invocation finished","invocation_id":"inv_01m2qj58wv71etj9cq96yhtm1v","status":"succeeded","handler_ms":0,"environment_boot_ms":4,"runtime_init_ms":5,"target":"tachyon_serverless_application::services::invoke"}
{"timestamp":"2026-09-17T11:31:18.204117Z","level":"INFO","message":"terminating bridge","environment_id":"env_01m2qj58wv3j3de16g5f0g3t82","pid":47532,"reason":"Completed","graceful":true,"target":"tachyon_serverless_provider_process"}
{"timestamp":"2026-09-17T11:31:18.259698Z","level":"INFO","message":"asynchronous invocation accepted","invocation_id":"inv_01m2qj593kr999epnpjkw4s265","tenant_id":"tn_01hzzzzzzzzzzzzzzzzzzzzzza","revision_id":"rev_01m2qj55tcrqaeea75dvj9za29","input_bytes":48,"input_storage":"inline","target":"tachyon_serverless_application::services::invoke_async"}
{"timestamp":"2026-09-17T11:31:18.330381Z","level":"INFO","message":"asynchronous invocation accepted","invocation_id":"inv_01m2qj595ceh1pvahxq756xrf4","tenant_id":"tn_01hzzzzzzzzzzzzzzzzzzzzzza","revision_id":"rev_01m2qj55tcrqaeea75dvj9za29","input_bytes":4128,"input_storage":"object","target":"tachyon_serverless_application::services::invoke_async"}
{"timestamp":"2026-09-17T11:31:18.342522Z","level":"INFO","message":"bridge spawned","environment_id":"env_01m2qj590w8w5hk7p0j5y8kfch","pid":47580,"target":"tachyon_serverless_provider_process"}
{"timestamp":"2026-09-17T11:31:18.348059Z","level":"INFO","message":"bridge spawned","environment_id":"env_01m2qj590wtfgh5ngy2ygjssd7","pid":47584,"target":"tachyon_serverless_provider_process"}
{"timestamp":"2026-09-17T11:31:18.355831Z","level":"INFO","message":"invocation finished","invocation_id":"inv_01m2qj58jv2wbjm65mvef8f80p","status":"succeeded (async run)","handler_ms":0,"environment_boot_ms":4,"runtime_init_ms":6,"target":"tachyon_serverless_application::services::invoke"}
{"timestamp":"2026-09-17T11:31:18.357519Z","level":"INFO","message":"terminating bridge","environment_id":"env_01m2qj590w8w5hk7p0j5y8kfch","pid":47580,"reason":"Completed","graceful":true,"target":"tachyon_serverless_provider_process"}
{"timestamp":"2026-09-17T11:31:18.362489Z","level":"INFO","message":"asynchronous invocation settled","invocation_id":"inv_01m2qj58jv2wbjm65mvef8f80p","status":"succeeded","target":"tachyon_serverless_application::services::invoke_async::dispatch"}
{"timestamp":"2026-09-17T11:31:18.363149Z","level":"INFO","message":"invocation finished","invocation_id":"inv_01m2qj58sfamkyxq3pj8phcgms","status":"succeeded (async run)","handler_ms":2,"environment_boot_ms":4,"runtime_init_ms":6,"target":"tachyon_serverless_application::services::invoke"}
{"timestamp":"2026-09-17T11:31:18.366932Z","level":"INFO","message":"async dispatch: delivery handled","message_id":"inv_01m2qj58jv2wbjm65mvef8f80p","sequence":3,"delivery_count":1,"outcome":"Completed { status: \"succeeded\" }","target":"tachyon_serverless_application::services::invoke_async::dispatch"}
{"timestamp":"2026-09-17T11:31:18.367828Z","level":"INFO","message":"asynchronous invocation accepted","invocation_id":"inv_01m2qj596ymmxxn1jadhbyw63r","tenant_id":"tn_01hzzzzzzzzzzzzzzzzzzzzzza","revision_id":"rev_01m2qj569b5dwhavv9pzfycscp","input_bytes":191,"input_storage":"inline","target":"tachyon_serverless_application::services::invoke_async"}
{"timestamp":"2026-09-17T11:31:18.367860Z","level":"INFO","message":"webhook trigger fired","trigger_id":"trg_01m2qj57f3s4qzxct2axr6mrcr","event_id":"evt-base-w3","invocation_id":"inv_01m2qj596ymmxxn1jadhbyw63r","revision_id":"rev_01m2qj569b5dwhavv9pzfycscp","replayed":false,"target":"tachyon_serverless_application::services::triggers"}
{"timestamp":"2026-09-17T11:31:18.368026Z","level":"INFO","message":"terminating bridge","environment_id":"env_01m2qj590wtfgh5ngy2ygjssd7","pid":47584,"reason":"Completed","graceful":true,"target":"tachyon_serverless_provider_process"}
{"timestamp":"2026-09-17T11:31:18.368205Z","level":"INFO","message":"asynchronous run claimed","invocation_id":"inv_01m2qj58txphyys5n8jgb5cp3q","attempt":1,"generation":0,"delivery_count":1,"target":"tachyon_serverless_application::services::invoke_async::dispatch"}
{"timestamp":"2026-09-17T11:31:18.381670Z","level":"INFO","message":"asynchronous invocation settled","invocation_id":"inv_01m2qj58sfamkyxq3pj8phcgms","status":"succeeded","target":"tachyon_serverless_application::services::invoke_async::dispatch"}
{"timestamp":"2026-09-17T11:31:18.387046Z","level":"INFO","message":"async dispatch: delivery handled","message_id":"inv_01m2qj58sfamkyxq3pj8phcgms","sequence":4,"delivery_count":1,"outcome":"Completed { status: \"succeeded\" }","target":"tachyon_serverless_application::services::invoke_async::dispatch"}
{"timestamp":"2026-09-17T11:31:18.387689Z","level":"INFO","message":"asynchronous run claimed","invocation_id":"inv_01m2qj58vjspgbgv8wkvpys1p0","attempt":1,"generation":0,"delivery_count":1,"target":"tachyon_serverless_application::services::invoke_async::dispatch"}
{"timestamp":"2026-09-17T11:31:18.593821Z","level":"INFO","message":"bridge spawned","environment_id":"env_01m2qj597266pv0hm6ps87ag87","pid":47613,"target":"tachyon_serverless_provider_process"}
{"timestamp":"2026-09-17T11:31:18.600530Z","level":"INFO","message":"bridge spawned","environment_id":"env_01m2qj597k5cnp5c9h3njmweww","pid":47615,"target":"tachyon_serverless_provider_process"}
{"timestamp":"2026-09-17T11:31:18.608668Z","level":"INFO","message":"invocation finished","invocation_id":"inv_01m2qj58txphyys5n8jgb5cp3q","status":"succeeded (async run)","handler_ms":1,"environment_boot_ms":6,"runtime_init_ms":6,"target":"tachyon_serverless_application::services::invoke"}
{"timestamp":"2026-09-17T11:31:18.610607Z","level":"INFO","message":"terminating bridge","environment_id":"env_01m2qj597266pv0hm6ps87ag87","pid":47613,"reason":"Completed","graceful":true,"target":"tachyon_serverless_provider_process"}
{"timestamp":"2026-09-17T11:31:18.613586Z","level":"INFO","message":"invocation finished","invocation_id":"inv_01m2qj58vjspgbgv8wkvpys1p0","status":"succeeded (async run)","handler_ms":0,"environment_boot_ms":4,"runtime_init_ms":6,"target":"tachyon_serverless_application::services::invoke"}
{"timestamp":"2026-09-17T11:31:18.614705Z","level":"INFO","message":"asynchronous invocation settled","invocation_id":"inv_01m2qj58txphyys5n8jgb5cp3q","status":"succeeded","target":"tachyon_serverless_application::services::invoke_async::dispatch"}
{"timestamp":"2026-09-17T11:31:18.614919Z","level":"INFO","message":"terminating bridge","environment_id":"env_01m2qj597k5cnp5c9h3njmweww","pid":47615,"reason":"Completed","graceful":true,"target":"tachyon_serverless_provider_process"}
{"timestamp":"2026-09-17T11:31:18.622996Z","level":"INFO","message":"asynchronous invocation settled","invocation_id":"inv_01m2qj58vjspgbgv8wkvpys1p0","status":"succeeded","target":"tachyon_serverless_application::services::invoke_async::dispatch"}
{"timestamp":"2026-09-17T11:31:18.623125Z","level":"INFO","message":"async dispatch: delivery handled","message_id":"inv_01m2qj58txphyys5n8jgb5cp3q","sequence":5,"delivery_count":1,"outcome":"Completed { status: \"succeeded\" }","target":"tachyon_serverless_application::services::invoke_async::dispatch"}
{"timestamp":"2026-09-17T11:31:18.626954Z","level":"INFO","message":"async dispatch: delivery handled","message_id":"inv_01m2qj58vjspgbgv8wkvpys1p0","sequence":6,"delivery_count":1,"outcome":"Completed { status: \"succeeded\" }","target":"tachyon_serverless_application::services::invoke_async::dispatch"}
{"timestamp":"2026-09-17T11:31:18.627251Z","level":"INFO","message":"asynchronous run claimed","invocation_id":"inv_01m2qj58wav47z315bs34n0py2","attempt":1,"generation":0,"delivery_count":1,"target":"tachyon_serverless_application::services::invoke_async::dispatch"}
{"timestamp":"2026-09-17T11:31:18.627533Z","level":"INFO","message":"asynchronous run claimed","invocation_id":"inv_01m2qj593kr999epnpjkw4s265","attempt":1,"generation":0,"delivery_count":1,"target":"tachyon_serverless_application::services::invoke_async::dispatch"}
{"timestamp":"2026-09-17T11:31:18.854341Z","level":"INFO","message":"bridge spawned","environment_id":"env_01m2qj59f3epnjysn82bqwk7wd","pid":47617,"target":"tachyon_serverless_provider_process"}
{"timestamp":"2026-09-17T11:31:18.860432Z","level":"INFO","message":"bridge spawned","environment_id":"env_01m2qj59f3etaxgxt828bj2hyr","pid":47618,"target":"tachyon_serverless_provider_process"}
{"timestamp":"2026-09-17T11:31:18.868338Z","level":"INFO","message":"invocation finished","invocation_id":"inv_01m2qj58wav47z315bs34n0py2","status":"succeeded (async run)","handler_ms":0,"environment_boot_ms":6,"runtime_init_ms":6,"target":"tachyon_serverless_application::services::invoke"}
{"timestamp":"2026-09-17T11:31:18.869993Z","level":"INFO","message":"terminating bridge","environment_id":"env_01m2qj59f3epnjysn82bqwk7wd","pid":47617,"reason":"Completed","graceful":true,"target":"tachyon_serverless_provider_process"}
{"timestamp":"2026-09-17T11:31:18.874370Z","level":"INFO","message":"asynchronous invocation settled","invocation_id":"inv_01m2qj58wav47z315bs34n0py2","status":"succeeded","target":"tachyon_serverless_application::services::invoke_async::dispatch"}
{"timestamp":"2026-09-17T11:31:18.874910Z","level":"INFO","message":"invocation finished","invocation_id":"inv_01m2qj593kr999epnpjkw4s265","status":"succeeded (async run)","handler_ms":2,"environment_boot_ms":5,"runtime_init_ms":6,"target":"tachyon_serverless_application::services::invoke"}
{"timestamp":"2026-09-17T11:31:18.878817Z","level":"INFO","message":"async dispatch: delivery handled","message_id":"inv_01m2qj58wav47z315bs34n0py2","sequence":7,"delivery_count":1,"outcome":"Completed { status: \"succeeded\" }","target":"tachyon_serverless_application::services::invoke_async::dispatch"}
{"timestamp":"2026-09-17T11:31:18.879011Z","level":"INFO","message":"terminating bridge","environment_id":"env_01m2qj59f3etaxgxt828bj2hyr","pid":47618,"reason":"Completed","graceful":true,"target":"tachyon_serverless_provider_process"}
{"timestamp":"2026-09-17T11:31:18.879484Z","level":"INFO","message":"asynchronous run claimed","invocation_id":"inv_01m2qj595ceh1pvahxq756xrf4","attempt":1,"generation":0,"delivery_count":1,"target":"tachyon_serverless_application::services::invoke_async::dispatch"}
{"timestamp":"2026-09-17T11:31:18.883245Z","level":"INFO","message":"asynchronous invocation settled","invocation_id":"inv_01m2qj593kr999epnpjkw4s265","status":"succeeded","target":"tachyon_serverless_application::services::invoke_async::dispatch"}
{"timestamp":"2026-09-17T11:31:18.888586Z","level":"INFO","message":"async dispatch: delivery handled","message_id":"inv_01m2qj593kr999epnpjkw4s265","sequence":8,"delivery_count":1,"outcome":"Completed { status: \"succeeded\" }","target":"tachyon_serverless_application::services::invoke_async::dispatch"}
{"timestamp":"2026-09-17T11:31:18.889157Z","level":"INFO","message":"asynchronous run claimed","invocation_id":"inv_01m2qj596ymmxxn1jadhbyw63r","attempt":1,"generation":0,"delivery_count":1,"target":"tachyon_serverless_application::services::invoke_async::dispatch"}
{"timestamp":"2026-09-17T11:31:19.151759Z","level":"INFO","message":"bridge spawned","environment_id":"env_01m2qj59q2gpbmzbxaw3c8f7yg","pid":47621,"target":"tachyon_serverless_provider_process"}
{"timestamp":"2026-09-17T11:31:19.151757Z","level":"INFO","message":"bridge spawned","environment_id":"env_01m2qj59q9wcbkwxt938z23ga7","pid":47622,"target":"tachyon_serverless_provider_process"}
{"timestamp":"2026-09-17T11:31:19.169225Z","level":"INFO","message":"invocation finished","invocation_id":"inv_01m2qj596ymmxxn1jadhbyw63r","status":"succeeded (async run)","handler_ms":0,"environment_boot_ms":7,"runtime_init_ms":8,"target":"tachyon_serverless_application::services::invoke"}
{"timestamp":"2026-09-17T11:31:19.170394Z","level":"INFO","message":"terminating bridge","environment_id":"env_01m2qj59q9wcbkwxt938z23ga7","pid":47622,"reason":"Completed","graceful":true,"target":"tachyon_serverless_provider_process"}
{"timestamp":"2026-09-17T11:31:19.172313Z","level":"INFO","message":"invocation finished","invocation_id":"inv_01m2qj595ceh1pvahxq756xrf4","status":"succeeded (async run)","handler_ms":1,"environment_boot_ms":8,"runtime_init_ms":9,"target":"tachyon_serverless_application::services::invoke"}
{"timestamp":"2026-09-17T11:31:19.175116Z","level":"INFO","message":"asynchronous invocation settled","invocation_id":"inv_01m2qj596ymmxxn1jadhbyw63r","status":"succeeded","target":"tachyon_serverless_application::services::invoke_async::dispatch"}
{"timestamp":"2026-09-17T11:31:19.175277Z","level":"INFO","message":"terminating bridge","environment_id":"env_01m2qj59q2gpbmzbxaw3c8f7yg","pid":47621,"reason":"Completed","graceful":true,"target":"tachyon_serverless_provider_process"}
{"timestamp":"2026-09-17T11:31:19.181933Z","level":"INFO","message":"async dispatch: delivery handled","message_id":"inv_01m2qj596ymmxxn1jadhbyw63r","sequence":10,"delivery_count":1,"outcome":"Completed { status: \"succeeded\" }","target":"tachyon_serverless_application::services::invoke_async::dispatch"}
{"timestamp":"2026-09-17T11:31:19.188064Z","level":"INFO","message":"asynchronous invocation settled","invocation_id":"inv_01m2qj595ceh1pvahxq756xrf4","status":"succeeded","target":"tachyon_serverless_application::services::invoke_async::dispatch"}
{"timestamp":"2026-09-17T11:31:19.194210Z","level":"INFO","message":"async dispatch: delivery handled","message_id":"inv_01m2qj595ceh1pvahxq756xrf4","sequence":9,"delivery_count":1,"outcome":"Completed { status: \"succeeded\" }","target":"tachyon_serverless_application::services::invoke_async::dispatch"}
{"timestamp":"2026-09-17T11:31:20.003859Z","level":"INFO","message":"asynchronous invocation accepted","invocation_id":"inv_01m2qj5at332dr0d1xy2zcjxkp","tenant_id":"tn_01hzzzzzzzzzzzzzzzzzzzzzza","revision_id":"rev_01m2qj569b5dwhavv9pzfycscp","input_bytes":180,"input_storage":"inline","target":"tachyon_serverless_application::services::invoke_async"}
{"timestamp":"2026-09-17T11:31:20.003932Z","level":"INFO","message":"cron trigger fired","trigger_id":"trg_01m2qj57eq9xvbjfj1bfrak4m5","scheduled_at":"2026-09-17T11:31:20Z","invocation_id":"inv_01m2qj5at332dr0d1xy2zcjxkp","revision_id":"rev_01m2qj569b5dwhavv9pzfycscp","replayed":false,"target":"tachyon_serverless_application::services::triggers"}
{"timestamp":"2026-09-17T11:31:20.009512Z","level":"INFO","message":"asynchronous run claimed","invocation_id":"inv_01m2qj5at332dr0d1xy2zcjxkp","attempt":1,"generation":0,"delivery_count":1,"target":"tachyon_serverless_application::services::invoke_async::dispatch"}
{"timestamp":"2026-09-17T11:31:20.249038Z","level":"INFO","message":"bridge spawned","environment_id":"env_01m2qj5at9yhy984rwed7ty1bq","pid":47635,"target":"tachyon_serverless_provider_process"}
{"timestamp":"2026-09-17T11:31:20.265442Z","level":"INFO","message":"invocation finished","invocation_id":"inv_01m2qj5at332dr0d1xy2zcjxkp","status":"succeeded (async run)","handler_ms":0,"environment_boot_ms":6,"runtime_init_ms":8,"target":"tachyon_serverless_application::services::invoke"}
{"timestamp":"2026-09-17T11:31:20.267239Z","level":"INFO","message":"terminating bridge","environment_id":"env_01m2qj5at9yhy984rwed7ty1bq","pid":47635,"reason":"Completed","graceful":true,"target":"tachyon_serverless_provider_process"}
{"timestamp":"2026-09-17T11:31:20.271273Z","level":"INFO","message":"asynchronous invocation settled","invocation_id":"inv_01m2qj5at332dr0d1xy2zcjxkp","status":"succeeded","target":"tachyon_serverless_application::services::invoke_async::dispatch"}
{"timestamp":"2026-09-17T11:31:20.292579Z","level":"INFO","message":"async dispatch: delivery handled","message_id":"inv_01m2qj5at332dr0d1xy2zcjxkp","sequence":11,"delivery_count":1,"outcome":"Completed { status: \"succeeded\" }","target":"tachyon_serverless_application::services::invoke_async::dispatch"}
{"timestamp":"2026-09-17T11:31:21.409129Z","level":"INFO","message":"trigger updated","trigger_id":"trg_01m2qj57eq9xvbjfj1bfrak4m5","generation":2,"status":"disabled","next_fire_at":"None","rotated_secret":false,"target":"tachyon_serverless_application::services::triggers"}
{"timestamp":"2026-09-17T11:31:23.185663Z","level":"INFO","message":"SIGTERM received","target":"tachyon_serverless_gateway"}
{"timestamp":"2026-09-17T11:31:23.185696Z","level":"INFO","message":"shutdown requested; cancelling in-flight invocations","target":"tachyon_serverless_gateway"}
{"timestamp":"2026-09-17T11:31:23.185941Z","level":"INFO","message":"final usage collection","report":"CollectReport { batches: 0, read: 0, inserted: 0, duplicates: 0, cursor_seq: 70 }","target":"tachyon_serverless_gateway"}
{"timestamp":"2026-09-17T11:31:23.186978Z","level":"INFO","message":"gateway stopped","target":"tachyon_serverless_gateway"}
{"timestamp":"2026-09-17T11:31:23.187104Z","level":"INFO","message":"event: closed","target":"async_nats"}
