
===== a start (failpoints: none) 11:17:45 =====
{"timestamp":"2026-09-17T11:17:45.038057Z","level":"INFO","message":"configuration loaded","config":"/private/var/folders/z7/khzdjrt95cg_fcmcnh4j1b5h0000gn/T/tsls-chaos.VHgyzv/gw-a.toml","target":"tachyon_serverless_gateway"}
{"timestamp":"2026-09-17T11:17:45.040463Z","level":"INFO","message":"connected successfully","server":"51113","max_payload":"1048576","target":"async_nats::connector"}
{"timestamp":"2026-09-17T11:17:45.040588Z","level":"INFO","message":"event: connected","target":"async_nats"}
{"timestamp":"2026-09-17T11:17:45.055618Z","level":"INFO","message":"JetStream queue connected and stream bootstrapped","url":"nats://127.0.0.1:51113","stream":"TACHYON_EVENTS","target":"tachyon_serverless_gateway::durable"}
{"timestamp":"2026-09-17T11:17:45.065751Z","level":"INFO","message":"state store opened","path":"/private/var/folders/z7/khzdjrt95cg_fcmcnh4j1b5h0000gn/T/tsls-chaos.VHgyzv/data/state.db","schema_version":8,"migrations_applied":"[1, 2, 3, 4, 5, 6, 7, 8]","imported_state_json":"None","settled_invocations":0,"settled_attempts":0,"settled_environments":0,"released_leases":0,"dropped_idempotency_keys":0,"purged_idempotency_keys":0,"outputs_purged":0,"target":"tachyon_serverless_application::app"}
{"timestamp":"2026-09-17T11:17:45.066104Z","level":"INFO","message":"dispatcher registered","dispatcher_id":"dsp_01m2qhcez9sqgaes7th2k91np2","instance":"chaos-a","pid":28413,"lease_ttl_seconds":6,"target":"tachyon_serverless_application::services::dispatcher"}
{"timestamp":"2026-09-17T11:17:45.069765Z","level":"INFO","message":"application bootstrapped","profile":"dev","provider":"process","dev_only":true,"environment_reuse":false,"reuse_verified":false,"reuse_reason":"[pool] enabled is false","reuse_disabled":"Some(Configuration)","idle_quiesce":"unsupported","idle_resume":"unsupported","data_dir":"/private/var/folders/z7/khzdjrt95cg_fcmcnh4j1b5h0000gn/T/tsls-chaos.VHgyzv/data","store":"sqlite","dispatcher_id":"dsp_01m2qhcez9sqgaes7th2k91np2","node":"local","node_region":"none","node_memory_mib":"None","max_concurrency":8,"queue":"nats","objects":"filesystem","invoke_async":true,"triggers":true,"target":"tachyon_serverless_application::app"}
{"timestamp":"2026-09-17T11:17:45.070005Z","level":"INFO","message":"startup reconcile finished","provider":"process","found":0,"adopted":0,"terminated":0,"disowned":0,"failed":0,"lost":0,"foreign":0,"reclaimed_dispatchers":0,"fenced_terminated":0,"fenced_pending":0,"target":"tachyon_serverless_application::services::reconcile"}
{"timestamp":"2026-09-17T11:17:45.070081Z","level":"INFO","message":"gateway listening","addr":"127.0.0.1:51117","profile":"dev","provider":"process","target":"tachyon_serverless_gateway"}
{"timestamp":"2026-09-17T11:17:45.071697Z","level":"INFO","message":"asynchronous dispatcher started","workers":2,"owner":"dsp_01m2qhcez9sqgaes7th2k91np2","target":"tachyon_serverless_gateway"}
{"timestamp":"2026-09-17T11:17:46.092979Z","level":"INFO","message":"revision ready","revision_id":"rev_01m2qhcfr318td7gan6k24nyya","function_id":"fn_01m2qhcf80042rf5vqd9wc7qdg","target":"tachyon_serverless_application::services::revision"}
{"timestamp":"2026-09-17T11:17:46.937445Z","level":"INFO","message":"revision ready","revision_id":"rev_01m2qhcgjqwqgtw0ry1wkwqzs1","function_id":"fn_01m2qhcg300xcbsbjh124m28sn","target":"tachyon_serverless_application::services::revision"}
{"timestamp":"2026-09-17T11:17:47.830626Z","level":"INFO","message":"revision ready","revision_id":"rev_01m2qhchdq37zkvvatg7qtxmkh","function_id":"fn_01m2qhcgxb03z4tjhkarzjp3ch","target":"tachyon_serverless_application::services::revision"}
{"timestamp":"2026-09-17T11:17:47.916572Z","level":"INFO","message":"trigger created","trigger_id":"trg_01m2qhchrch94eknv3vt2n4xfk","function_id":"fn_01m2qhcg300xcbsbjh124m28sn","kind":"cron","enabled":true,"next_fire_at":"Some(2026-09-17T11:17:48Z)","target":"tachyon_serverless_application::services::triggers"}
{"timestamp":"2026-09-17T11:17:47.934044Z","level":"INFO","message":"trigger created","trigger_id":"trg_01m2qhchrx2w8t4z11k6ev56r4","function_id":"fn_01m2qhcg300xcbsbjh124m28sn","kind":"webhook","enabled":true,"next_fire_at":"None","target":"tachyon_serverless_application::services::triggers"}
{"timestamp":"2026-09-17T11:17:48.116723Z","level":"INFO","message":"asynchronous invocation accepted","invocation_id":"inv_01m2qhchyk4630t6wt681qycxz","tenant_id":"tn_01hzzzzzzzzzzzzzzzzzzzzzza","revision_id":"rev_01m2qhcgjqwqgtw0ry1wkwqzs1","input_bytes":180,"input_storage":"inline","target":"tachyon_serverless_application::services::invoke_async"}
{"timestamp":"2026-09-17T11:17:48.116778Z","level":"INFO","message":"cron trigger fired","trigger_id":"trg_01m2qhchrch94eknv3vt2n4xfk","scheduled_at":"2026-09-17T11:17:48Z","invocation_id":"inv_01m2qhchyk4630t6wt681qycxz","revision_id":"rev_01m2qhcgjqwqgtw0ry1wkwqzs1","replayed":false,"target":"tachyon_serverless_application::services::triggers"}
{"timestamp":"2026-09-17T11:17:48.126344Z","level":"INFO","message":"asynchronous run claimed","invocation_id":"inv_01m2qhchyk4630t6wt681qycxz","attempt":1,"generation":0,"delivery_count":1,"target":"tachyon_serverless_application::services::invoke_async::dispatch"}
{"timestamp":"2026-09-17T11:17:48.213154Z","level":"INFO","message":"bridge spawned","environment_id":"env_01m2qhcht0wz47j045bmjzp4sm","pid":28726,"target":"tachyon_serverless_provider_process"}
{"timestamp":"2026-09-17T11:17:48.382128Z","level":"INFO","message":"bridge spawned","environment_id":"env_01m2qhchyys08q5stgk4s55cvh","pid":28728,"target":"tachyon_serverless_provider_process"}
{"timestamp":"2026-09-17T11:17:48.503336Z","level":"INFO","message":"invocation finished","invocation_id":"inv_01m2qhcht06tcsyffg0dx7sky5","status":"succeeded","handler_ms":0,"environment_boot_ms":6,"runtime_init_ms":280,"target":"tachyon_serverless_application::services::invoke"}
{"timestamp":"2026-09-17T11:17:48.503836Z","level":"INFO","message":"invocation finished","invocation_id":"inv_01m2qhchyk4630t6wt681qycxz","status":"succeeded (async run)","handler_ms":0,"environment_boot_ms":6,"runtime_init_ms":114,"target":"tachyon_serverless_application::services::invoke"}
{"timestamp":"2026-09-17T11:17:48.505073Z","level":"INFO","message":"terminating bridge","environment_id":"env_01m2qhchyys08q5stgk4s55cvh","pid":28728,"reason":"Completed","graceful":true,"target":"tachyon_serverless_provider_process"}
{"timestamp":"2026-09-17T11:17:48.505073Z","level":"INFO","message":"terminating bridge","environment_id":"env_01m2qhcht0wz47j045bmjzp4sm","pid":28726,"reason":"Completed","graceful":true,"target":"tachyon_serverless_provider_process"}
{"timestamp":"2026-09-17T11:17:48.509275Z","level":"INFO","message":"asynchronous invocation settled","invocation_id":"inv_01m2qhchyk4630t6wt681qycxz","status":"succeeded","target":"tachyon_serverless_application::services::invoke_async::dispatch"}
{"timestamp":"2026-09-17T11:17:48.516069Z","level":"INFO","message":"async dispatch: delivery handled","message_id":"inv_01m2qhchyk4630t6wt681qycxz","sequence":1,"delivery_count":1,"outcome":"Completed { status: \"succeeded\" }","target":"tachyon_serverless_application::services::invoke_async::dispatch"}
{"timestamp":"2026-09-17T11:17:48.588198Z","level":"INFO","message":"asynchronous invocation accepted","invocation_id":"inv_01m2qhcjdbctkjppdf3kepvt29","tenant_id":"tn_01hzzzzzzzzzzzzzzzzzzzzzza","revision_id":"rev_01m2qhcfr318td7gan6k24nyya","input_bytes":47,"input_storage":"inline","target":"tachyon_serverless_application::services::invoke_async"}
{"timestamp":"2026-09-17T11:17:48.594121Z","level":"INFO","message":"asynchronous run claimed","invocation_id":"inv_01m2qhcjdbctkjppdf3kepvt29","attempt":1,"generation":0,"delivery_count":1,"target":"tachyon_serverless_application::services::invoke_async::dispatch"}
{"timestamp":"2026-09-17T11:17:48.678818Z","level":"INFO","message":"asynchronous invocation accepted","invocation_id":"inv_01m2qhcjfrv01ygj7vw514w9zp","tenant_id":"tn_01hzzzzzzzzzzzzzzzzzzzzzza","revision_id":"rev_01m2qhcfr318td7gan6k24nyya","input_bytes":4127,"input_storage":"object","target":"tachyon_serverless_application::services::invoke_async"}
{"timestamp":"2026-09-17T11:17:48.685079Z","level":"INFO","message":"asynchronous run claimed","invocation_id":"inv_01m2qhcjfrv01ygj7vw514w9zp","attempt":1,"generation":0,"delivery_count":1,"target":"tachyon_serverless_application::services::invoke_async::dispatch"}
{"timestamp":"2026-09-17T11:17:48.724751Z","level":"INFO","message":"asynchronous invocation accepted","invocation_id":"inv_01m2qhcjhktswsfkqab8keybf5","tenant_id":"tn_01hzzzzzzzzzzzzzzzzzzzzzza","revision_id":"rev_01m2qhcgjqwqgtw0ry1wkwqzs1","input_bytes":189,"input_storage":"inline","target":"tachyon_serverless_application::services::invoke_async"}
{"timestamp":"2026-09-17T11:17:48.724808Z","level":"INFO","message":"webhook trigger fired","trigger_id":"trg_01m2qhchrx2w8t4z11k6ev56r4","event_id":"evt-pre-w1","invocation_id":"inv_01m2qhcjhktswsfkqab8keybf5","revision_id":"rev_01m2qhcgjqwqgtw0ry1wkwqzs1","replayed":false,"target":"tachyon_serverless_application::services::triggers"}
{"timestamp":"2026-09-17T11:17:48.872257Z","level":"INFO","message":"bridge spawned","environment_id":"env_01m2qhcjdjeyspsge3kr3h998b","pid":28802,"target":"tachyon_serverless_provider_process"}
{"timestamp":"2026-09-17T11:17:48.980188Z","level":"INFO","message":"bridge spawned","environment_id":"env_01m2qhcjgfr49j36kpgz0yhkbz","pid":28804,"target":"tachyon_serverless_provider_process"}
{"timestamp":"2026-09-17T11:17:49.046028Z","level":"INFO","message":"bridge spawned","environment_id":"env_01m2qhcjjfvq7e24dv3esmfhkq","pid":28806,"target":"tachyon_serverless_provider_process"}
{"timestamp":"2026-09-17T11:17:49.063282Z","level":"INFO","message":"invocation finished","invocation_id":"inv_01m2qhcjjf6mva409ypnhg244y","status":"succeeded","handler_ms":0,"environment_boot_ms":6,"runtime_init_ms":8,"target":"tachyon_serverless_application::services::invoke"}
{"timestamp":"2026-09-17T11:17:49.065063Z","level":"INFO","message":"terminating bridge","environment_id":"env_01m2qhcjjfvq7e24dv3esmfhkq","pid":28806,"reason":"Completed","graceful":true,"target":"tachyon_serverless_provider_process"}
{"timestamp":"2026-09-17T11:17:49.159393Z","level":"INFO","message":"asynchronous invocation accepted","invocation_id":"inv_01m2qhcjz6rzxxfqqfh0ajjqx5","tenant_id":"tn_01hzzzzzzzzzzzzzzzzzzzzzza","revision_id":"rev_01m2qhcfr318td7gan6k24nyya","input_bytes":47,"input_storage":"inline","target":"tachyon_serverless_application::services::invoke_async"}
{"timestamp":"2026-09-17T11:17:49.218173Z","level":"INFO","message":"invocation finished","invocation_id":"inv_01m2qhcjfrv01ygj7vw514w9zp","status":"succeeded (async run)","handler_ms":2,"environment_boot_ms":6,"runtime_init_ms":226,"target":"tachyon_serverless_application::services::invoke"}
{"timestamp":"2026-09-17T11:17:49.218571Z","level":"INFO","message":"invocation finished","invocation_id":"inv_01m2qhcjdbctkjppdf3kepvt29","status":"succeeded (async run)","handler_ms":1,"environment_boot_ms":7,"runtime_init_ms":334,"target":"tachyon_serverless_application::services::invoke"}
{"timestamp":"2026-09-17T11:17:49.220116Z","level":"INFO","message":"terminating bridge","environment_id":"env_01m2qhcjgfr49j36kpgz0yhkbz","pid":28804,"reason":"Completed","graceful":true,"target":"tachyon_serverless_provider_process"}
{"timestamp":"2026-09-17T11:17:49.220123Z","level":"INFO","message":"terminating bridge","environment_id":"env_01m2qhcjdjeyspsge3kr3h998b","pid":28802,"reason":"Completed","graceful":true,"target":"tachyon_serverless_provider_process"}
{"timestamp":"2026-09-17T11:17:49.225319Z","level":"INFO","message":"asynchronous invocation settled","invocation_id":"inv_01m2qhcjdbctkjppdf3kepvt29","status":"succeeded","target":"tachyon_serverless_application::services::invoke_async::dispatch"}
{"timestamp":"2026-09-17T11:17:49.226131Z","level":"INFO","message":"asynchronous invocation settled","invocation_id":"inv_01m2qhcjfrv01ygj7vw514w9zp","status":"succeeded","target":"tachyon_serverless_application::services::invoke_async::dispatch"}
{"timestamp":"2026-09-17T11:17:49.231280Z","level":"INFO","message":"async dispatch: delivery handled","message_id":"inv_01m2qhcjdbctkjppdf3kepvt29","sequence":2,"delivery_count":1,"outcome":"Completed { status: \"succeeded\" }","target":"tachyon_serverless_application::services::invoke_async::dispatch"}
{"timestamp":"2026-09-17T11:17:49.235121Z","level":"INFO","message":"async dispatch: delivery handled","message_id":"inv_01m2qhcjfrv01ygj7vw514w9zp","sequence":3,"delivery_count":1,"outcome":"Completed { status: \"succeeded\" }","target":"tachyon_serverless_application::services::invoke_async::dispatch"}
{"timestamp":"2026-09-17T11:17:49.235665Z","level":"INFO","message":"asynchronous run claimed","invocation_id":"inv_01m2qhcjhktswsfkqab8keybf5","attempt":1,"generation":0,"delivery_count":1,"target":"tachyon_serverless_application::services::invoke_async::dispatch"}
{"timestamp":"2026-09-17T11:17:49.238916Z","level":"INFO","message":"asynchronous run claimed","invocation_id":"inv_01m2qhcjz6rzxxfqqfh0ajjqx5","attempt":1,"generation":0,"delivery_count":1,"target":"tachyon_serverless_application::services::invoke_async::dispatch"}
{"timestamp":"2026-09-17T11:17:49.273153Z","level":"INFO","message":"asynchronous invocation accepted","invocation_id":"inv_01m2qhck293mw76me5ecye3q7m","tenant_id":"tn_01hzzzzzzzzzzzzzzzzzzzzzza","revision_id":"rev_01m2qhcfr318td7gan6k24nyya","input_bytes":4127,"input_storage":"object","target":"tachyon_serverless_application::services::invoke_async"}
{"timestamp":"2026-09-17T11:17:49.327138Z","level":"INFO","message":"asynchronous invocation accepted","invocation_id":"inv_01m2qhck4ezsbsxb5hm22kb3d9","tenant_id":"tn_01hzzzzzzzzzzzzzzzzzzzzzza","revision_id":"rev_01m2qhcgjqwqgtw0ry1wkwqzs1","input_bytes":189,"input_storage":"inline","target":"tachyon_serverless_application::services::invoke_async"}
{"timestamp":"2026-09-17T11:17:49.327199Z","level":"INFO","message":"webhook trigger fired","trigger_id":"trg_01m2qhchrx2w8t4z11k6ev56r4","event_id":"evt-pre-w2","invocation_id":"inv_01m2qhck4ezsbsxb5hm22kb3d9","revision_id":"rev_01m2qhcgjqwqgtw0ry1wkwqzs1","replayed":false,"target":"tachyon_serverless_application::services::triggers"}
{"timestamp":"2026-09-17T11:17:49.364249Z","level":"INFO","message":"trigger updated","trigger_id":"trg_01m2qhchrch94eknv3vt2n4xfk","generation":2,"status":"disabled","next_fire_at":"None","rotated_secret":false,"target":"tachyon_serverless_application::services::triggers"}
{"timestamp":"2026-09-17T11:17:49.369702Z","level":"INFO","message":"SIGTERM received","target":"tachyon_serverless_gateway"}
{"timestamp":"2026-09-17T11:17:49.369757Z","level":"INFO","message":"shutdown requested; cancelling in-flight invocations","target":"tachyon_serverless_gateway"}
{"timestamp":"2026-09-17T11:17:49.369796Z","level":"INFO","message":"cancelling in-flight invocations for shutdown","count":2,"target":"tachyon_serverless_application::services::invoke"}
{"timestamp":"2026-09-17T11:17:49.536118Z","level":"INFO","message":"bridge spawned","environment_id":"env_01m2qhck1p97jb1dxtwpkmqxx7","pid":28890,"target":"tachyon_serverless_provider_process"}
{"timestamp":"2026-09-17T11:17:49.536678Z","level":"INFO","message":"terminating bridge","environment_id":"env_01m2qhck1p97jb1dxtwpkmqxx7","pid":28890,"reason":"Shutdown","graceful":true,"target":"tachyon_serverless_provider_process"}
{"timestamp":"2026-09-17T11:17:49.543838Z","level":"INFO","message":"bridge spawned","environment_id":"env_01m2qhck1q5agk6sb1ghh27dqv","pid":28892,"target":"tachyon_serverless_provider_process"}
{"timestamp":"2026-09-17T11:17:49.544235Z","level":"INFO","message":"terminating bridge","environment_id":"env_01m2qhck1q5agk6sb1ghh27dqv","pid":28892,"reason":"Shutdown","graceful":true,"target":"tachyon_serverless_provider_process"}
{"timestamp":"2026-09-17T11:17:52.042092Z","level":"INFO","message":"asynchronous invocation rescheduled","invocation_id":"inv_01m2qhcjhktswsfkqab8keybf5","next_attempt_at":"2026-09-17T11:17:52.141747+00:00","counted":false,"error_type":"Host.GatewayShutdown","target":"tachyon_serverless_application::services::invoke_async::dispatch"}
{"timestamp":"2026-09-17T11:17:52.052023Z","level":"INFO","message":"async dispatch: delivery handled","message_id":"inv_01m2qhcjhktswsfkqab8keybf5","sequence":4,"delivery_count":1,"outcome":"Rescheduled { next_attempt_at: 2026-09-17T11:17:52.141747Z, counted: false }","target":"tachyon_serverless_application::services::invoke_async::dispatch"}
{"timestamp":"2026-09-17T11:17:52.052251Z","level":"INFO","message":"asynchronous invocation rescheduled","invocation_id":"inv_01m2qhcjz6rzxxfqqfh0ajjqx5","next_attempt_at":"2026-09-17T11:17:52.286014+00:00","counted":false,"error_type":"Host.GatewayShutdown","target":"tachyon_serverless_application::services::invoke_async::dispatch"}
{"timestamp":"2026-09-17T11:17:52.056485Z","level":"INFO","message":"async dispatch: delivery handled","message_id":"inv_01m2qhcjz6rzxxfqqfh0ajjqx5","sequence":5,"delivery_count":1,"outcome":"Rescheduled { next_attempt_at: 2026-09-17T11:17:52.286014Z, counted: false }","target":"tachyon_serverless_application::services::invoke_async::dispatch"}
{"timestamp":"2026-09-17T11:17:52.057255Z","level":"INFO","message":"final usage collection","report":"CollectReport { batches: 1, read: 2, inserted: 2, duplicates: 0, cursor_seq: 27 }","target":"tachyon_serverless_gateway"}
{"timestamp":"2026-09-17T11:17:52.058275Z","level":"INFO","message":"gateway stopped","target":"tachyon_serverless_gateway"}
{"timestamp":"2026-09-17T11:17:52.058486Z","level":"INFO","message":"event: closed","target":"async_nats"}

===== a start (failpoints: accept.after_object_put=kill) 11:17:52 =====
{"timestamp":"2026-09-17T11:17:52.179848Z","level":"INFO","message":"configuration loaded","config":"/private/var/folders/z7/khzdjrt95cg_fcmcnh4j1b5h0000gn/T/tsls-chaos.VHgyzv/gw-a.toml","target":"tachyon_serverless_gateway"}
{"timestamp":"2026-09-17T11:17:52.181878Z","level":"INFO","message":"connected successfully","server":"51113","max_payload":"1048576","target":"async_nats::connector"}
{"timestamp":"2026-09-17T11:17:52.181981Z","level":"INFO","message":"event: connected","target":"async_nats"}
{"timestamp":"2026-09-17T11:17:52.190866Z","level":"INFO","message":"JetStream queue connected and stream bootstrapped","url":"nats://127.0.0.1:51113","stream":"TACHYON_EVENTS","target":"tachyon_serverless_gateway::durable"}
{"timestamp":"2026-09-17T11:17:52.192807Z","level":"INFO","message":"state store opened","path":"/private/var/folders/z7/khzdjrt95cg_fcmcnh4j1b5h0000gn/T/tsls-chaos.VHgyzv/data/state.db","schema_version":8,"migrations_applied":"[]","imported_state_json":"None","settled_invocations":0,"settled_attempts":0,"settled_environments":0,"released_leases":0,"dropped_idempotency_keys":0,"purged_idempotency_keys":0,"outputs_purged":0,"target":"tachyon_serverless_application::app"}
{"timestamp":"2026-09-17T11:17:52.193169Z","level":"INFO","message":"dispatcher registered","dispatcher_id":"dsp_01m2qhcny0q2g27n2e1tm1dtgz","instance":"chaos-a","pid":28925,"lease_ttl_seconds":6,"target":"tachyon_serverless_application::services::dispatcher"}
{"timestamp":"2026-09-17T11:17:52.193499Z","level":"WARN","message":"reclaimed the work of dispatchers that lost their lease","dispatcher_id":"dsp_01m2qhcny0q2g27n2e1tm1dtgz","reclaimed_dispatchers":"[DispatcherId(dsp_01m2qhcez9sqgaes7th2k91np2)]","leases":0,"invocations":0,"attempts":0,"fenced":0,"target":"tachyon_serverless_application::services::dispatcher"}
{"timestamp":"2026-09-17T11:17:52.194445Z","level":"WARN","message":"failpoint armed from TSLS_FAILPOINTS","name":"accept.after_object_put","action":"Kill","count":"None","target":"tachyon_serverless_application::failpoints"}
{"timestamp":"2026-09-17T11:17:52.194523Z","level":"INFO","message":"application bootstrapped","profile":"dev","provider":"process","dev_only":true,"environment_reuse":false,"reuse_verified":false,"reuse_reason":"[pool] enabled is false","reuse_disabled":"Some(Configuration)","idle_quiesce":"unsupported","idle_resume":"unsupported","data_dir":"/private/var/folders/z7/khzdjrt95cg_fcmcnh4j1b5h0000gn/T/tsls-chaos.VHgyzv/data","store":"sqlite","dispatcher_id":"dsp_01m2qhcny0q2g27n2e1tm1dtgz","node":"local","node_region":"none","node_memory_mib":"None","max_concurrency":8,"queue":"nats","objects":"filesystem","invoke_async":true,"triggers":true,"target":"tachyon_serverless_application::app"}
{"timestamp":"2026-09-17T11:17:52.194818Z","level":"INFO","message":"startup reconcile finished","provider":"process","found":0,"adopted":0,"terminated":0,"disowned":0,"failed":0,"lost":0,"foreign":0,"reclaimed_dispatchers":0,"fenced_terminated":0,"fenced_pending":0,"target":"tachyon_serverless_application::services::reconcile"}
{"timestamp":"2026-09-17T11:17:52.194873Z","level":"INFO","message":"gateway listening","addr":"127.0.0.1:51117","profile":"dev","provider":"process","target":"tachyon_serverless_gateway"}
{"timestamp":"2026-09-17T11:17:52.196106Z","level":"INFO","message":"asynchronous dispatcher started","workers":2,"owner":"dsp_01m2qhcny0q2g27n2e1tm1dtgz","target":"tachyon_serverless_gateway"}
{"timestamp":"2026-09-17T11:17:52.210530Z","level":"INFO","message":"asynchronous run claimed","invocation_id":"inv_01m2qhck293mw76me5ecye3q7m","attempt":1,"generation":0,"delivery_count":1,"target":"tachyon_serverless_application::services::invoke_async::dispatch"}
{"timestamp":"2026-09-17T11:17:52.210786Z","level":"INFO","message":"asynchronous run claimed","invocation_id":"inv_01m2qhck4ezsbsxb5hm22kb3d9","attempt":1,"generation":0,"delivery_count":1,"target":"tachyon_serverless_application::services::invoke_async::dispatch"}
{"timestamp":"2026-09-17T11:17:52.406423Z","level":"INFO","message":"bridge spawned","environment_id":"env_01m2qhcnyjrxv0zxrcfhz6j6nt","pid":28930,"target":"tachyon_serverless_provider_process"}
{"timestamp":"2026-09-17T11:17:52.414664Z","level":"INFO","message":"bridge spawned","environment_id":"env_01m2qhcnymm7w87ymqsqkska0m","pid":28932,"target":"tachyon_serverless_provider_process"}
{"timestamp":"2026-09-17T11:17:52.421227Z","level":"INFO","message":"invocation finished","invocation_id":"inv_01m2qhck4ezsbsxb5hm22kb3d9","status":"succeeded (async run)","handler_ms":0,"environment_boot_ms":5,"runtime_init_ms":7,"target":"tachyon_serverless_application::services::invoke"}
{"timestamp":"2026-09-17T11:17:52.423351Z","level":"INFO","message":"terminating bridge","environment_id":"env_01m2qhcnyjrxv0zxrcfhz6j6nt","pid":28930,"reason":"Completed","graceful":true,"target":"tachyon_serverless_provider_process"}
{"timestamp":"2026-09-17T11:17:52.427153Z","level":"INFO","message":"asynchronous invocation settled","invocation_id":"inv_01m2qhck4ezsbsxb5hm22kb3d9","status":"succeeded","target":"tachyon_serverless_application::services::invoke_async::dispatch"}
{"timestamp":"2026-09-17T11:17:52.432894Z","level":"INFO","message":"async dispatch: delivery handled","message_id":"inv_01m2qhck4ezsbsxb5hm22kb3d9","sequence":7,"delivery_count":1,"outcome":"Completed { status: \"succeeded\" }","target":"tachyon_serverless_application::services::invoke_async::dispatch"}
{"timestamp":"2026-09-17T11:17:52.434276Z","level":"INFO","message":"asynchronous run claimed","invocation_id":"inv_01m2qhcjhktswsfkqab8keybf5","attempt":1,"generation":1,"delivery_count":1,"target":"tachyon_serverless_application::services::invoke_async::dispatch"}
{"timestamp":"2026-09-17T11:17:52.435088Z","level":"INFO","message":"invocation finished","invocation_id":"inv_01m2qhck293mw76me5ecye3q7m","status":"succeeded (async run)","handler_ms":1,"environment_boot_ms":6,"runtime_init_ms":6,"target":"tachyon_serverless_application::services::invoke"}
{"timestamp":"2026-09-17T11:17:52.437243Z","level":"INFO","message":"terminating bridge","environment_id":"env_01m2qhcnymm7w87ymqsqkska0m","pid":28932,"reason":"Completed","graceful":true,"target":"tachyon_serverless_provider_process"}
{"timestamp":"2026-09-17T11:17:52.441301Z","level":"INFO","message":"asynchronous invocation settled","invocation_id":"inv_01m2qhck293mw76me5ecye3q7m","status":"succeeded","target":"tachyon_serverless_application::services::invoke_async::dispatch"}
{"timestamp":"2026-09-17T11:17:52.446784Z","level":"INFO","message":"async dispatch: delivery handled","message_id":"inv_01m2qhck293mw76me5ecye3q7m","sequence":6,"delivery_count":1,"outcome":"Completed { status: \"succeeded\" }","target":"tachyon_serverless_application::services::invoke_async::dispatch"}
{"timestamp":"2026-09-17T11:17:52.447603Z","level":"INFO","message":"asynchronous run claimed","invocation_id":"inv_01m2qhcjz6rzxxfqqfh0ajjqx5","attempt":1,"generation":1,"delivery_count":1,"target":"tachyon_serverless_application::services::invoke_async::dispatch"}
{"timestamp":"2026-09-17T11:17:52.513725Z","level":"ERROR","message":"failpoint fired: SIGKILL","name":"accept.after_object_put","target":"tachyon_serverless_application::failpoints"}

===== a start (failpoints: none) 11:17:52 =====
{"timestamp":"2026-09-17T11:17:52.545421Z","level":"INFO","message":"configuration loaded","config":"/private/var/folders/z7/khzdjrt95cg_fcmcnh4j1b5h0000gn/T/tsls-chaos.VHgyzv/gw-a.toml","target":"tachyon_serverless_gateway"}
{"timestamp":"2026-09-17T11:17:52.547662Z","level":"INFO","message":"connected successfully","server":"51113","max_payload":"1048576","target":"async_nats::connector"}
{"timestamp":"2026-09-17T11:17:52.547781Z","level":"INFO","message":"event: connected","target":"async_nats"}
{"timestamp":"2026-09-17T11:17:52.557770Z","level":"INFO","message":"JetStream queue connected and stream bootstrapped","url":"nats://127.0.0.1:51113","stream":"TACHYON_EVENTS","target":"tachyon_serverless_gateway::durable"}
{"timestamp":"2026-09-17T11:17:52.560551Z","level":"INFO","message":"state store opened","path":"/private/var/folders/z7/khzdjrt95cg_fcmcnh4j1b5h0000gn/T/tsls-chaos.VHgyzv/data/state.db","schema_version":8,"migrations_applied":"[]","imported_state_json":"None","settled_invocations":0,"settled_attempts":0,"settled_environments":0,"released_leases":0,"dropped_idempotency_keys":0,"purged_idempotency_keys":0,"outputs_purged":0,"target":"tachyon_serverless_application::app"}
{"timestamp":"2026-09-17T11:17:52.560924Z","level":"INFO","message":"dispatcher registered","dispatcher_id":"dsp_01m2qhcp9g5556k6pb497w89bp","instance":"chaos-a","pid":28955,"lease_ttl_seconds":6,"target":"tachyon_serverless_application::services::dispatcher"}
{"timestamp":"2026-09-17T11:17:52.561781Z","level":"WARN","message":"reclaimed the work of dispatchers that lost their lease","dispatcher_id":"dsp_01m2qhcp9g5556k6pb497w89bp","reclaimed_dispatchers":"[DispatcherId(dsp_01m2qhcny0q2g27n2e1tm1dtgz)]","leases":0,"invocations":0,"attempts":0,"fenced":2,"target":"tachyon_serverless_application::services::dispatcher"}
{"timestamp":"2026-09-17T11:17:52.563561Z","level":"INFO","message":"application bootstrapped","profile":"dev","provider":"process","dev_only":true,"environment_reuse":false,"reuse_verified":false,"reuse_reason":"[pool] enabled is false","reuse_disabled":"Some(Configuration)","idle_quiesce":"unsupported","idle_resume":"unsupported","data_dir":"/private/var/folders/z7/khzdjrt95cg_fcmcnh4j1b5h0000gn/T/tsls-chaos.VHgyzv/data","store":"sqlite","dispatcher_id":"dsp_01m2qhcp9g5556k6pb497w89bp","node":"local","node_region":"none","node_memory_mib":"None","max_concurrency":8,"queue":"nats","objects":"filesystem","invoke_async":true,"triggers":true,"target":"tachyon_serverless_application::app"}
{"timestamp":"2026-09-17T11:17:52.564226Z","level":"INFO","message":"fenced environment terminated and settled","environment_id":"env_01m2qhcp5j7e6hbesyzf1a9wv5","owner":"Some(DispatcherId(dsp_01m2qhcny0q2g27n2e1tm1dtgz))","was_running":false,"target":"tachyon_serverless_application::services::reconcile"}
{"timestamp":"2026-09-17T11:17:52.564503Z","level":"INFO","message":"fenced environment terminated and settled","environment_id":"env_01m2qhcp5zjt5rzaygeeh6qej9","owner":"Some(DispatcherId(dsp_01m2qhcny0q2g27n2e1tm1dtgz))","was_running":false,"target":"tachyon_serverless_application::services::reconcile"}
{"timestamp":"2026-09-17T11:17:52.564682Z","level":"INFO","message":"startup reconcile finished","provider":"process","found":0,"adopted":0,"terminated":0,"disowned":0,"failed":0,"lost":0,"foreign":0,"reclaimed_dispatchers":0,"fenced_terminated":2,"fenced_pending":0,"target":"tachyon_serverless_application::services::reconcile"}
{"timestamp":"2026-09-17T11:17:52.564759Z","level":"INFO","message":"gateway listening","addr":"127.0.0.1:51117","profile":"dev","provider":"process","target":"tachyon_serverless_gateway"}
{"timestamp":"2026-09-17T11:17:52.566338Z","level":"INFO","message":"asynchronous dispatcher started","workers":2,"owner":"dsp_01m2qhcp9g5556k6pb497w89bp","target":"tachyon_serverless_gateway"}
{"timestamp":"2026-09-17T11:17:52.954949Z","level":"INFO","message":"asynchronous invocation accepted","invocation_id":"inv_01m2qhcpnb4620y6hpgz8htt82","tenant_id":"tn_01hzzzzzzzzzzzzzzzzzzzzzza","revision_id":"rev_01m2qhcfr318td7gan6k24nyya","input_bytes":4127,"input_storage":"object","target":"tachyon_serverless_application::services::invoke_async"}
{"timestamp":"2026-09-17T11:17:53.004323Z","level":"INFO","message":"asynchronous run claimed","invocation_id":"inv_01m2qhcpnb4620y6hpgz8htt82","attempt":1,"generation":0,"delivery_count":1,"target":"tachyon_serverless_application::services::invoke_async::dispatch"}
{"timestamp":"2026-09-17T11:17:53.004884Z","level":"INFO","message":"asynchronous invocation rescheduled","invocation_id":"inv_01m2qhcpnb4620y6hpgz8htt82","next_attempt_at":"2026-09-17T11:17:53.104466+00:00","counted":false,"error_type":"Host.InputUnavailable","target":"tachyon_serverless_application::services::invoke_async::dispatch"}
{"timestamp":"2026-09-17T11:17:53.009038Z","level":"INFO","message":"async dispatch: delivery handled","message_id":"inv_01m2qhcpnb4620y6hpgz8htt82","sequence":10,"delivery_count":1,"outcome":"Rescheduled { next_attempt_at: 2026-09-17T11:17:53.104466Z, counted: false }","target":"tachyon_serverless_application::services::invoke_async::dispatch"}
{"timestamp":"2026-09-17T11:17:53.046305Z","level":"WARN","message":"object store refused an asynchronous input","error":"object store io: Permission denied (os error 13)","target":"tachyon_serverless_application::services::invoke_async"}
{"timestamp":"2026-09-17T11:17:53.113103Z","level":"INFO","message":"asynchronous run claimed","invocation_id":"inv_01m2qhcpnb4620y6hpgz8htt82","attempt":1,"generation":1,"delivery_count":1,"target":"tachyon_serverless_application::services::invoke_async::dispatch"}
{"timestamp":"2026-09-17T11:17:53.113820Z","level":"INFO","message":"asynchronous invocation accepted","invocation_id":"inv_01m2qhcptshmz5qdwfxxfhmwqg","tenant_id":"tn_01hzzzzzzzzzzzzzzzzzzzzzza","revision_id":"rev_01m2qhcfr318td7gan6k24nyya","input_bytes":53,"input_storage":"inline","target":"tachyon_serverless_application::services::invoke_async"}
{"timestamp":"2026-09-17T11:17:53.114239Z","level":"INFO","message":"asynchronous invocation rescheduled","invocation_id":"inv_01m2qhcpnb4620y6hpgz8htt82","next_attempt_at":"2026-09-17T11:17:53.545242+00:00","counted":false,"error_type":"Host.InputUnavailable","target":"tachyon_serverless_application::services::invoke_async::dispatch"}
{"timestamp":"2026-09-17T11:17:53.122040Z","level":"INFO","message":"async dispatch: delivery handled","message_id":"inv_01m2qhcpnb4620y6hpgz8htt82.g1","sequence":11,"delivery_count":1,"outcome":"Rescheduled { next_attempt_at: 2026-09-17T11:17:53.545242Z, counted: false }","target":"tachyon_serverless_application::services::invoke_async::dispatch"}
{"timestamp":"2026-09-17T11:17:53.123129Z","level":"INFO","message":"asynchronous run claimed","invocation_id":"inv_01m2qhcptshmz5qdwfxxfhmwqg","attempt":1,"generation":0,"delivery_count":1,"target":"tachyon_serverless_application::services::invoke_async::dispatch"}
{"timestamp":"2026-09-17T11:17:53.356309Z","level":"INFO","message":"bridge spawned","environment_id":"env_01m2qhcpv3c0612z78fh58cke9","pid":29067,"target":"tachyon_serverless_provider_process"}
{"timestamp":"2026-09-17T11:17:53.370973Z","level":"INFO","message":"invocation finished","invocation_id":"inv_01m2qhcptshmz5qdwfxxfhmwqg","status":"succeeded (async run)","handler_ms":1,"environment_boot_ms":5,"runtime_init_ms":7,"target":"tachyon_serverless_application::services::invoke"}
{"timestamp":"2026-09-17T11:17:53.372675Z","level":"INFO","message":"terminating bridge","environment_id":"env_01m2qhcpv3c0612z78fh58cke9","pid":29067,"reason":"Completed","graceful":true,"target":"tachyon_serverless_provider_process"}
{"timestamp":"2026-09-17T11:17:53.376132Z","level":"INFO","message":"asynchronous invocation settled","invocation_id":"inv_01m2qhcptshmz5qdwfxxfhmwqg","status":"succeeded","target":"tachyon_serverless_application::services::invoke_async::dispatch"}
{"timestamp":"2026-09-17T11:17:53.381082Z","level":"INFO","message":"async dispatch: delivery handled","message_id":"inv_01m2qhcptshmz5qdwfxxfhmwqg","sequence":12,"delivery_count":1,"outcome":"Completed { status: \"succeeded\" }","target":"tachyon_serverless_application::services::invoke_async::dispatch"}
{"timestamp":"2026-09-17T11:17:53.640746Z","level":"INFO","message":"asynchronous run claimed","invocation_id":"inv_01m2qhcpnb4620y6hpgz8htt82","attempt":1,"generation":2,"delivery_count":1,"target":"tachyon_serverless_application::services::invoke_async::dispatch"}
{"timestamp":"2026-09-17T11:17:53.643861Z","level":"INFO","message":"asynchronous invocation rescheduled","invocation_id":"inv_01m2qhcpnb4620y6hpgz8htt82","next_attempt_at":"2026-09-17T11:17:54.513903+00:00","counted":false,"error_type":"Host.InputUnavailable","target":"tachyon_serverless_application::services::invoke_async::dispatch"}
{"timestamp":"2026-09-17T11:17:53.647792Z","level":"INFO","message":"async dispatch: delivery handled","message_id":"inv_01m2qhcpnb4620y6hpgz8htt82.g2","sequence":13,"delivery_count":1,"outcome":"Rescheduled { next_attempt_at: 2026-09-17T11:17:54.513903Z, counted: false }","target":"tachyon_serverless_application::services::invoke_async::dispatch"}
{"timestamp":"2026-09-17T11:17:54.566284Z","level":"INFO","message":"asynchronous run claimed","invocation_id":"inv_01m2qhcpnb4620y6hpgz8htt82","attempt":1,"generation":3,"delivery_count":1,"target":"tachyon_serverless_application::services::invoke_async::dispatch"}
{"timestamp":"2026-09-17T11:17:54.567789Z","level":"WARN","message":"object gc: listing failed","error":"object store io: Permission denied (os error 13)","target":"tachyon_serverless_application::durable::gc"}
{"timestamp":"2026-09-17T11:17:54.569384Z","level":"INFO","message":"object retention pass","report":"GcReport { examined: 0, collected_expired: 0, collected_orphans: 0, kept_in_use: 0, kept_referenced: 0, incomplete_removed: 0, tombstones_purged: 0, failed: 1 }","target":"tachyon_serverless_gateway"}
{"timestamp":"2026-09-17T11:17:54.569498Z","level":"INFO","message":"asynchronous invocation rescheduled","invocation_id":"inv_01m2qhcpnb4620y6hpgz8htt82","next_attempt_at":"2026-09-17T11:17:55.551423+00:00","counted":false,"error_type":"Host.InputUnavailable","target":"tachyon_serverless_application::services::invoke_async::dispatch"}
{"timestamp":"2026-09-17T11:17:54.573490Z","level":"INFO","message":"async dispatch: delivery handled","message_id":"inv_01m2qhcpnb4620y6hpgz8htt82.g3","sequence":14,"delivery_count":1,"outcome":"Rescheduled { next_attempt_at: 2026-09-17T11:17:55.551423Z, counted: false }","target":"tachyon_serverless_application::services::invoke_async::dispatch"}
{"timestamp":"2026-09-17T11:17:55.597341Z","level":"INFO","message":"asynchronous run claimed","invocation_id":"inv_01m2qhcpnb4620y6hpgz8htt82","attempt":1,"generation":4,"delivery_count":1,"target":"tachyon_serverless_application::services::invoke_async::dispatch"}
{"timestamp":"2026-09-17T11:17:55.600746Z","level":"INFO","message":"asynchronous invocation rescheduled","invocation_id":"inv_01m2qhcpnb4620y6hpgz8htt82","next_attempt_at":"2026-09-17T11:17:56.363478+00:00","counted":false,"error_type":"Host.InputUnavailable","target":"tachyon_serverless_application::services::invoke_async::dispatch"}
{"timestamp":"2026-09-17T11:17:55.604857Z","level":"INFO","message":"async dispatch: delivery handled","message_id":"inv_01m2qhcpnb4620y6hpgz8htt82.g4","sequence":15,"delivery_count":1,"outcome":"Rescheduled { next_attempt_at: 2026-09-17T11:17:56.363478Z, counted: false }","target":"tachyon_serverless_application::services::invoke_async::dispatch"}
{"timestamp":"2026-09-17T11:17:56.425043Z","level":"INFO","message":"asynchronous run claimed","invocation_id":"inv_01m2qhcpnb4620y6hpgz8htt82","attempt":1,"generation":5,"delivery_count":1,"target":"tachyon_serverless_application::services::invoke_async::dispatch"}
{"timestamp":"2026-09-17T11:17:56.428547Z","level":"INFO","message":"asynchronous invocation rescheduled","invocation_id":"inv_01m2qhcpnb4620y6hpgz8htt82","next_attempt_at":"2026-09-17T11:17:57.126132+00:00","counted":false,"error_type":"Host.InputUnavailable","target":"tachyon_serverless_application::services::invoke_async::dispatch"}
{"timestamp":"2026-09-17T11:17:56.434621Z","level":"INFO","message":"async dispatch: delivery handled","message_id":"inv_01m2qhcpnb4620y6hpgz8htt82.g5","sequence":16,"delivery_count":1,"outcome":"Rescheduled { next_attempt_at: 2026-09-17T11:17:57.126132Z, counted: false }","target":"tachyon_serverless_application::services::invoke_async::dispatch"}
{"timestamp":"2026-09-17T11:17:56.434938Z","level":"INFO","message":"asynchronous run claimed","invocation_id":"inv_01m2qhcjhktswsfkqab8keybf5","attempt":2,"generation":1,"delivery_count":2,"target":"tachyon_serverless_application::services::invoke_async::dispatch"}
{"timestamp":"2026-09-17T11:17:56.448196Z","level":"INFO","message":"asynchronous run claimed","invocation_id":"inv_01m2qhcjz6rzxxfqqfh0ajjqx5","attempt":2,"generation":1,"delivery_count":2,"target":"tachyon_serverless_application::services::invoke_async::dispatch"}
{"timestamp":"2026-09-17T11:17:56.568120Z","level":"WARN","message":"object gc: listing failed","error":"object store io: Permission denied (os error 13)","target":"tachyon_serverless_application::durable::gc"}
{"timestamp":"2026-09-17T11:17:56.568204Z","level":"INFO","message":"object retention pass","report":"GcReport { examined: 0, collected_expired: 0, collected_orphans: 0, kept_in_use: 0, kept_referenced: 0, incomplete_removed: 0, tombstones_purged: 0, failed: 1 }","target":"tachyon_serverless_gateway"}
{"timestamp":"2026-09-17T11:17:56.620967Z","level":"INFO","message":"bridge spawned","environment_id":"env_01m2qhct2kzyk1vs44ts443hz7","pid":29072,"target":"tachyon_serverless_provider_process"}
{"timestamp":"2026-09-17T11:17:56.634459Z","level":"INFO","message":"invocation finished","invocation_id":"inv_01m2qhcjhktswsfkqab8keybf5","status":"succeeded (async run)","handler_ms":0,"environment_boot_ms":5,"runtime_init_ms":6,"target":"tachyon_serverless_application::services::invoke"}
{"timestamp":"2026-09-17T11:17:56.636028Z","level":"INFO","message":"terminating bridge","environment_id":"env_01m2qhct2kzyk1vs44ts443hz7","pid":29072,"reason":"Completed","graceful":true,"target":"tachyon_serverless_provider_process"}
{"timestamp":"2026-09-17T11:17:56.643173Z","level":"INFO","message":"bridge spawned","environment_id":"env_01m2qhct30t710nzdqp4djnvrb","pid":29074,"target":"tachyon_serverless_provider_process"}
{"timestamp":"2026-09-17T11:17:56.644353Z","level":"INFO","message":"asynchronous invocation settled","invocation_id":"inv_01m2qhcjhktswsfkqab8keybf5","status":"succeeded","target":"tachyon_serverless_application::services::invoke_async::dispatch"}
{"timestamp":"2026-09-17T11:17:56.649860Z","level":"INFO","message":"async dispatch: delivery handled","message_id":"inv_01m2qhcjhktswsfkqab8keybf5.g1","sequence":8,"delivery_count":2,"outcome":"Completed { status: \"succeeded\" }","target":"tachyon_serverless_application::services::invoke_async::dispatch"}
{"timestamp":"2026-09-17T11:17:56.657619Z","level":"INFO","message":"invocation finished","invocation_id":"inv_01m2qhcjz6rzxxfqqfh0ajjqx5","status":"succeeded (async run)","handler_ms":0,"environment_boot_ms":5,"runtime_init_ms":7,"target":"tachyon_serverless_application::services::invoke"}
{"timestamp":"2026-09-17T11:17:56.659205Z","level":"INFO","message":"terminating bridge","environment_id":"env_01m2qhct30t710nzdqp4djnvrb","pid":29074,"reason":"Completed","graceful":true,"target":"tachyon_serverless_provider_process"}
{"timestamp":"2026-09-17T11:17:56.662355Z","level":"INFO","message":"asynchronous invocation settled","invocation_id":"inv_01m2qhcjz6rzxxfqqfh0ajjqx5","status":"succeeded","target":"tachyon_serverless_application::services::invoke_async::dispatch"}
{"timestamp":"2026-09-17T11:17:56.667896Z","level":"INFO","message":"async dispatch: delivery handled","message_id":"inv_01m2qhcjz6rzxxfqqfh0ajjqx5.g1","sequence":9,"delivery_count":2,"outcome":"Completed { status: \"succeeded\" }","target":"tachyon_serverless_application::services::invoke_async::dispatch"}
{"timestamp":"2026-09-17T11:17:57.152615Z","level":"INFO","message":"asynchronous run claimed","invocation_id":"inv_01m2qhcpnb4620y6hpgz8htt82","attempt":1,"generation":6,"delivery_count":1,"target":"tachyon_serverless_application::services::invoke_async::dispatch"}
{"timestamp":"2026-09-17T11:17:57.153178Z","level":"INFO","message":"asynchronous invocation rescheduled","invocation_id":"inv_01m2qhcpnb4620y6hpgz8htt82","next_attempt_at":"2026-09-17T11:17:57.582767+00:00","counted":false,"error_type":"Host.InputUnavailable","target":"tachyon_serverless_application::services::invoke_async::dispatch"}
{"timestamp":"2026-09-17T11:17:57.157711Z","level":"INFO","message":"async dispatch: delivery handled","message_id":"inv_01m2qhcpnb4620y6hpgz8htt82.g6","sequence":17,"delivery_count":1,"outcome":"Rescheduled { next_attempt_at: 2026-09-17T11:17:57.582767Z, counted: false }","target":"tachyon_serverless_application::services::invoke_async::dispatch"}
{"timestamp":"2026-09-17T11:17:57.672929Z","level":"INFO","message":"asynchronous run claimed","invocation_id":"inv_01m2qhcpnb4620y6hpgz8htt82","attempt":1,"generation":7,"delivery_count":1,"target":"tachyon_serverless_application::services::invoke_async::dispatch"}
{"timestamp":"2026-09-17T11:17:57.676158Z","level":"INFO","message":"asynchronous invocation rescheduled","invocation_id":"inv_01m2qhcpnb4620y6hpgz8htt82","next_attempt_at":"2026-09-17T11:17:58.011057+00:00","counted":false,"error_type":"Host.InputUnavailable","target":"tachyon_serverless_application::services::invoke_async::dispatch"}
{"timestamp":"2026-09-17T11:17:57.681079Z","level":"INFO","message":"async dispatch: delivery handled","message_id":"inv_01m2qhcpnb4620y6hpgz8htt82.g7","sequence":18,"delivery_count":1,"outcome":"Rescheduled { next_attempt_at: 2026-09-17T11:17:58.011057Z, counted: false }","target":"tachyon_serverless_application::services::invoke_async::dispatch"}
{"timestamp":"2026-09-17T11:17:58.089267Z","level":"INFO","message":"asynchronous run claimed","invocation_id":"inv_01m2qhcpnb4620y6hpgz8htt82","attempt":1,"generation":8,"delivery_count":1,"target":"tachyon_serverless_application::services::invoke_async::dispatch"}
{"timestamp":"2026-09-17T11:17:58.092527Z","level":"INFO","message":"asynchronous invocation rescheduled","invocation_id":"inv_01m2qhcpnb4620y6hpgz8htt82","next_attempt_at":"2026-09-17T11:17:58.420360+00:00","counted":false,"error_type":"Host.InputUnavailable","target":"tachyon_serverless_application::services::invoke_async::dispatch"}
{"timestamp":"2026-09-17T11:17:58.096449Z","level":"INFO","message":"async dispatch: delivery handled","message_id":"inv_01m2qhcpnb4620y6hpgz8htt82.g8","sequence":19,"delivery_count":1,"outcome":"Rescheduled { next_attempt_at: 2026-09-17T11:17:58.420360Z, counted: false }","target":"tachyon_serverless_application::services::invoke_async::dispatch"}
{"timestamp":"2026-09-17T11:17:58.507453Z","level":"INFO","message":"asynchronous run claimed","invocation_id":"inv_01m2qhcpnb4620y6hpgz8htt82","attempt":1,"generation":9,"delivery_count":1,"target":"tachyon_serverless_application::services::invoke_async::dispatch"}
{"timestamp":"2026-09-17T11:17:58.507846Z","level":"INFO","message":"asynchronous invocation rescheduled","invocation_id":"inv_01m2qhcpnb4620y6hpgz8htt82","next_attempt_at":"2026-09-17T11:17:58.884559+00:00","counted":false,"error_type":"Host.InputUnavailable","target":"tachyon_serverless_application::services::invoke_async::dispatch"}
{"timestamp":"2026-09-17T11:17:58.511594Z","level":"INFO","message":"async dispatch: delivery handled","message_id":"inv_01m2qhcpnb4620y6hpgz8htt82.g9","sequence":20,"delivery_count":1,"outcome":"Rescheduled { next_attempt_at: 2026-09-17T11:17:58.884559Z, counted: false }","target":"tachyon_serverless_application::services::invoke_async::dispatch"}
{"timestamp":"2026-09-17T11:17:58.569766Z","level":"WARN","message":"object gc: listing failed","error":"object store io: Permission denied (os error 13)","target":"tachyon_serverless_application::durable::gc"}
{"timestamp":"2026-09-17T11:17:58.569804Z","level":"INFO","message":"object retention pass","report":"GcReport { examined: 0, collected_expired: 0, collected_orphans: 0, kept_in_use: 0, kept_referenced: 0, incomplete_removed: 0, tombstones_purged: 0, failed: 1 }","target":"tachyon_serverless_gateway"}
{"timestamp":"2026-09-17T11:17:58.921594Z","level":"INFO","message":"asynchronous run claimed","invocation_id":"inv_01m2qhcpnb4620y6hpgz8htt82","attempt":1,"generation":10,"delivery_count":1,"target":"tachyon_serverless_application::services::invoke_async::dispatch"}
{"timestamp":"2026-09-17T11:17:58.924830Z","level":"INFO","message":"asynchronous invocation rescheduled","invocation_id":"inv_01m2qhcpnb4620y6hpgz8htt82","next_attempt_at":"2026-09-17T11:17:59.437702+00:00","counted":false,"error_type":"Host.InputUnavailable","target":"tachyon_serverless_application::services::invoke_async::dispatch"}
{"timestamp":"2026-09-17T11:17:58.928957Z","level":"INFO","message":"async dispatch: delivery handled","message_id":"inv_01m2qhcpnb4620y6hpgz8htt82.g10","sequence":21,"delivery_count":1,"outcome":"Rescheduled { next_attempt_at: 2026-09-17T11:17:59.437702Z, counted: false }","target":"tachyon_serverless_application::services::invoke_async::dispatch"}
{"timestamp":"2026-09-17T11:17:59.545931Z","level":"INFO","message":"asynchronous run claimed","invocation_id":"inv_01m2qhcpnb4620y6hpgz8htt82","attempt":1,"generation":11,"delivery_count":1,"target":"tachyon_serverless_application::services::invoke_async::dispatch"}
{"timestamp":"2026-09-17T11:17:59.756557Z","level":"INFO","message":"bridge spawned","environment_id":"env_01m2qhcx3vbq5cj5ng4k2js6d6","pid":29141,"target":"tachyon_serverless_provider_process"}
{"timestamp":"2026-09-17T11:17:59.770361Z","level":"INFO","message":"invocation finished","invocation_id":"inv_01m2qhcpnb4620y6hpgz8htt82","status":"succeeded (async run)","handler_ms":1,"environment_boot_ms":5,"runtime_init_ms":6,"target":"tachyon_serverless_application::services::invoke"}
{"timestamp":"2026-09-17T11:17:59.771967Z","level":"INFO","message":"terminating bridge","environment_id":"env_01m2qhcx3vbq5cj5ng4k2js6d6","pid":29141,"reason":"Completed","graceful":true,"target":"tachyon_serverless_provider_process"}
{"timestamp":"2026-09-17T11:17:59.775075Z","level":"INFO","message":"asynchronous invocation settled","invocation_id":"inv_01m2qhcpnb4620y6hpgz8htt82","status":"succeeded","target":"tachyon_serverless_application::services::invoke_async::dispatch"}
{"timestamp":"2026-09-17T11:17:59.781697Z","level":"INFO","message":"async dispatch: delivery handled","message_id":"inv_01m2qhcpnb4620y6hpgz8htt82.g11","sequence":22,"delivery_count":1,"outcome":"Completed { status: \"succeeded\" }","target":"tachyon_serverless_application::services::invoke_async::dispatch"}
{"timestamp":"2026-09-17T11:18:00.575034Z","level":"INFO","message":"object retention pass","report":"GcReport { examined: 4, collected_expired: 0, collected_orphans: 1, kept_in_use: 0, kept_referenced: 3, incomplete_removed: 0, tombstones_purged: 0, failed: 0 }","target":"tachyon_serverless_gateway"}
{"timestamp":"2026-09-17T11:18:01.267882Z","level":"INFO","message":"bridge spawned","environment_id":"env_01m2qhcyjhb7yyn3rw6jhxb7gf","pid":29306,"target":"tachyon_serverless_provider_process"}
{"timestamp":"2026-09-17T11:18:01.282186Z","level":"INFO","message":"invocation finished","invocation_id":"inv_01m2qhcyjg9ffr0ckp9zx7wkye","status":"succeeded","handler_ms":0,"environment_boot_ms":5,"runtime_init_ms":6,"target":"tachyon_serverless_application::services::invoke"}
{"timestamp":"2026-09-17T11:18:01.283935Z","level":"INFO","message":"terminating bridge","environment_id":"env_01m2qhcyjhb7yyn3rw6jhxb7gf","pid":29306,"reason":"Completed","graceful":true,"target":"tachyon_serverless_provider_process"}
{"timestamp":"2026-09-17T11:18:01.358503Z","level":"INFO","message":"asynchronous invocation accepted","invocation_id":"inv_01m2qhcywd3fdqxjym9tetdjfm","tenant_id":"tn_01hzzzzzzzzzzzzzzzzzzzzzza","revision_id":"rev_01m2qhcfr318td7gan6k24nyya","input_bytes":48,"input_storage":"inline","target":"tachyon_serverless_application::services::invoke_async"}
{"timestamp":"2026-09-17T11:18:01.369891Z","level":"INFO","message":"asynchronous run claimed","invocation_id":"inv_01m2qhcywd3fdqxjym9tetdjfm","attempt":1,"generation":0,"delivery_count":1,"target":"tachyon_serverless_application::services::invoke_async::dispatch"}
{"timestamp":"2026-09-17T11:18:01.452622Z","level":"INFO","message":"asynchronous invocation accepted","invocation_id":"inv_01m2qhcyyw6k94evzjmqtdrfap","tenant_id":"tn_01hzzzzzzzzzzzzzzzzzzzzzza","revision_id":"rev_01m2qhcfr318td7gan6k24nyya","input_bytes":4128,"input_storage":"object","target":"tachyon_serverless_application::services::invoke_async"}
{"timestamp":"2026-09-17T11:18:01.457940Z","level":"INFO","message":"asynchronous run claimed","invocation_id":"inv_01m2qhcyyw6k94evzjmqtdrfap","attempt":1,"generation":0,"delivery_count":1,"target":"tachyon_serverless_application::services::invoke_async::dispatch"}
{"timestamp":"2026-09-17T11:18:01.501879Z","level":"INFO","message":"asynchronous invocation accepted","invocation_id":"inv_01m2qhcz0wadpeapzmcpskzj8h","tenant_id":"tn_01hzzzzzzzzzzzzzzzzzzzzzza","revision_id":"rev_01m2qhcgjqwqgtw0ry1wkwqzs1","input_bytes":191,"input_storage":"inline","target":"tachyon_serverless_application::services::invoke_async"}
{"timestamp":"2026-09-17T11:18:01.501937Z","level":"INFO","message":"webhook trigger fired","trigger_id":"trg_01m2qhchrx2w8t4z11k6ev56r4","event_id":"evt-post-w1","invocation_id":"inv_01m2qhcz0wadpeapzmcpskzj8h","revision_id":"rev_01m2qhcgjqwqgtw0ry1wkwqzs1","replayed":false,"target":"tachyon_serverless_application::services::triggers"}
{"timestamp":"2026-09-17T11:18:01.534604Z","level":"INFO","message":"trigger updated","trigger_id":"trg_01m2qhchrch94eknv3vt2n4xfk","generation":3,"status":"disabled","next_fire_at":"None","rotated_secret":false,"target":"tachyon_serverless_application::services::triggers"}
{"timestamp":"2026-09-17T11:18:01.650556Z","level":"INFO","message":"bridge spawned","environment_id":"env_01m2qhcywtyd10r07ysg508bqx","pid":29413,"target":"tachyon_serverless_provider_process"}
{"timestamp":"2026-09-17T11:18:01.669739Z","level":"INFO","message":"invocation finished","invocation_id":"inv_01m2qhcywd3fdqxjym9tetdjfm","status":"succeeded (async run)","handler_ms":1,"environment_boot_ms":7,"runtime_init_ms":9,"target":"tachyon_serverless_application::services::invoke"}
{"timestamp":"2026-09-17T11:18:01.671613Z","level":"INFO","message":"terminating bridge","environment_id":"env_01m2qhcywtyd10r07ysg508bqx","pid":29413,"reason":"Completed","graceful":true,"target":"tachyon_serverless_provider_process"}
{"timestamp":"2026-09-17T11:18:01.676270Z","level":"INFO","message":"asynchronous invocation settled","invocation_id":"inv_01m2qhcywd3fdqxjym9tetdjfm","status":"succeeded","target":"tachyon_serverless_application::services::invoke_async::dispatch"}
{"timestamp":"2026-09-17T11:18:01.681961Z","level":"INFO","message":"async dispatch: delivery handled","message_id":"inv_01m2qhcywd3fdqxjym9tetdjfm","sequence":23,"delivery_count":1,"outcome":"Completed { status: \"succeeded\" }","target":"tachyon_serverless_application::services::invoke_async::dispatch"}
{"timestamp":"2026-09-17T11:18:01.687792Z","level":"INFO","message":"asynchronous run claimed","invocation_id":"inv_01m2qhcz0wadpeapzmcpskzj8h","attempt":1,"generation":0,"delivery_count":1,"target":"tachyon_serverless_application::services::invoke_async::dispatch"}
{"timestamp":"2026-09-17T11:18:01.756496Z","level":"INFO","message":"bridge spawned","environment_id":"env_01m2qhcyzm14rx12e5zj8nk6hc","pid":29419,"target":"tachyon_serverless_provider_process"}
{"timestamp":"2026-09-17T11:18:01.774301Z","level":"INFO","message":"invocation finished","invocation_id":"inv_01m2qhcyyw6k94evzjmqtdrfap","status":"succeeded (async run)","handler_ms":1,"environment_boot_ms":6,"runtime_init_ms":8,"target":"tachyon_serverless_application::services::invoke"}
{"timestamp":"2026-09-17T11:18:01.776072Z","level":"INFO","message":"terminating bridge","environment_id":"env_01m2qhcyzm14rx12e5zj8nk6hc","pid":29419,"reason":"Completed","graceful":true,"target":"tachyon_serverless_provider_process"}
{"timestamp":"2026-09-17T11:18:01.780302Z","level":"INFO","message":"asynchronous invocation settled","invocation_id":"inv_01m2qhcyyw6k94evzjmqtdrfap","status":"succeeded","target":"tachyon_serverless_application::services::invoke_async::dispatch"}
{"timestamp":"2026-09-17T11:18:01.785627Z","level":"INFO","message":"async dispatch: delivery handled","message_id":"inv_01m2qhcyyw6k94evzjmqtdrfap","sequence":24,"delivery_count":1,"outcome":"Completed { status: \"succeeded\" }","target":"tachyon_serverless_application::services::invoke_async::dispatch"}
{"timestamp":"2026-09-17T11:18:01.986149Z","level":"INFO","message":"bridge spawned","environment_id":"env_01m2qhcz6r9c7nttttvw01nham","pid":29423,"target":"tachyon_serverless_provider_process"}
{"timestamp":"2026-09-17T11:18:02.004405Z","level":"INFO","message":"invocation finished","invocation_id":"inv_01m2qhcz0wadpeapzmcpskzj8h","status":"succeeded (async run)","handler_ms":0,"environment_boot_ms":7,"runtime_init_ms":8,"target":"tachyon_serverless_application::services::invoke"}
{"timestamp":"2026-09-17T11:18:02.006308Z","level":"INFO","message":"terminating bridge","environment_id":"env_01m2qhcz6r9c7nttttvw01nham","pid":29423,"reason":"Completed","graceful":true,"target":"tachyon_serverless_provider_process"}
{"timestamp":"2026-09-17T11:18:02.010786Z","level":"INFO","message":"asynchronous invocation settled","invocation_id":"inv_01m2qhcz0wadpeapzmcpskzj8h","status":"succeeded","target":"tachyon_serverless_application::services::invoke_async::dispatch"}
{"timestamp":"2026-09-17T11:18:02.016623Z","level":"INFO","message":"async dispatch: delivery handled","message_id":"inv_01m2qhcz0wadpeapzmcpskzj8h","sequence":25,"delivery_count":1,"outcome":"Completed { status: \"succeeded\" }","target":"tachyon_serverless_application::services::invoke_async::dispatch"}
{"timestamp":"2026-09-17T11:18:02.570941Z","level":"INFO","message":"object retention pass","report":"GcReport { examined: 3, collected_expired: 0, collected_orphans: 0, kept_in_use: 0, kept_referenced: 3, incomplete_removed: 0, tombstones_purged: 0, failed: 0 }","target":"tachyon_serverless_gateway"}
{"timestamp":"2026-09-17T11:18:03.805589Z","level":"INFO","message":"SIGTERM received","target":"tachyon_serverless_gateway"}
{"timestamp":"2026-09-17T11:18:03.805630Z","level":"INFO","message":"shutdown requested; cancelling in-flight invocations","target":"tachyon_serverless_gateway"}
{"timestamp":"2026-09-17T11:18:03.806028Z","level":"INFO","message":"final usage collection","report":"CollectReport { batches: 0, read: 0, inserted: 0, duplicates: 0, cursor_seq: 77 }","target":"tachyon_serverless_gateway"}
{"timestamp":"2026-09-17T11:18:03.807879Z","level":"INFO","message":"gateway stopped","target":"tachyon_serverless_gateway"}
{"timestamp":"2026-09-17T11:18:03.808120Z","level":"INFO","message":"event: closed","target":"async_nats"}
