   Compiling syn v3.0.5
   Compiling tracing v0.1.44
   Compiling sync_wrapper v1.0.2
   Compiling syn v2.0.119
   Compiling axum-core v0.5.6
   Compiling tokio-macros v2.7.2
   Compiling futures-macro v0.3.34
   Compiling serde_derive v1.0.229
   Compiling thiserror-impl v2.0.20
   Compiling futures-util v0.3.34
   Compiling tokio v1.53.1
   Compiling thiserror v2.0.20
   Compiling axum-macros v0.5.1
   Compiling serde v1.0.229
   Compiling chrono v0.4.45
   Compiling serde_urlencoded v0.7.1
   Compiling tachyon-serverless-domain v0.1.0 (/home/takanorifukuyama.guest/lab/crates/domain)
   Compiling multer v3.1.0
   Compiling futures-executor v0.3.34
   Compiling futures v0.3.34
   Compiling hyper v1.11.1
   Compiling tower v0.5.3
   Compiling tokio-util v0.7.19
   Compiling hyper-util v0.1.20
   Compiling axum v0.8.9
   Compiling tachyon-serverless-protocol v0.1.0 (/home/takanorifukuyama.guest/lab/crates/protocol)
   Compiling tachyon-serverless-sdk v0.1.0 (/home/takanorifukuyama.guest/lab/crates/sdk)
   Compiling example-cpu-burn v0.1.0 (/home/takanorifukuyama.guest/lab/examples/cpu-burn)
   Compiling example-isolation-probe v0.1.0 (/home/takanorifukuyama.guest/lab/examples/isolation-probe)
   Compiling example-hello v0.1.0 (/home/takanorifukuyama.guest/lab/examples/hello)
   Compiling example-idempotent-async v0.1.0 (/home/takanorifukuyama.guest/lab/examples/idempotent-async)
   Compiling example-http-axum v0.1.0 (/home/takanorifukuyama.guest/lab/examples/http-axum)
    Finished `dev` profile [unoptimized + debuginfo] target(s) in 30.42s
