
===== a start (failpoints: none) 04:28:48 =====
{"timestamp":"2026-09-18T04:28:48.706625Z","level":"INFO","message":"configuration loaded","config":"/home/takanorifukuyama.guest/w/tsls-chaos.HEgSSN/gw-a.toml","target":"tachyon_serverless_gateway"}
{"timestamp":"2026-09-18T04:28:48.708936Z","level":"INFO","message":"connected successfully","server":"59343","max_payload":"1048576","target":"async_nats::connector"}
{"timestamp":"2026-09-18T04:28:48.709066Z","level":"INFO","message":"event: connected","target":"async_nats"}
{"timestamp":"2026-09-18T04:28:48.712722Z","level":"INFO","message":"JetStream queue connected and stream bootstrapped","url":"nats://127.0.0.1:59343","stream":"TACHYON_EVENTS","target":"tachyon_serverless_gateway::durable"}
{"timestamp":"2026-09-18T04:28:48.723600Z","level":"INFO","message":"state store opened","path":"/home/takanorifukuyama.guest/w/tsls-chaos.HEgSSN/data/state.db","schema_version":8,"migrations_applied":"[1, 2, 3, 4, 5, 6, 7, 8]","imported_state_json":"None","settled_invocations":0,"settled_attempts":0,"settled_environments":0,"released_leases":0,"dropped_idempotency_keys":0,"purged_idempotency_keys":0,"outputs_purged":0,"target":"tachyon_serverless_application::app"}
{"timestamp":"2026-09-18T04:28:48.729267Z","level":"INFO","message":"log store opened","path":"/home/takanorifukuyama.guest/w/tsls-chaos.HEgSSN/data/logs/logs.db","healthy":true,"retention_seconds":604800,"max_total_bytes":1073741824,"target":"tachyon_serverless_application::app"}
{"timestamp":"2026-09-18T04:28:48.729722Z","level":"INFO","message":"dispatcher registered","dispatcher_id":"dsp_01m2scccps540cgzwmfj761k5f","instance":"chaos-a","pid":828017,"lease_ttl_seconds":6,"target":"tachyon_serverless_application::services::dispatcher"}
{"timestamp":"2026-09-18T04:28:48.738185Z","level":"INFO","message":"application bootstrapped","profile":"dev","provider":"process","dev_only":true,"environment_reuse":false,"reuse_verified":false,"reuse_reason":"[pool] enabled is false","reuse_disabled":"Some(Configuration)","idle_quiesce":"unsupported","idle_resume":"unsupported","data_dir":"/home/takanorifukuyama.guest/w/tsls-chaos.HEgSSN/data","store":"sqlite","dispatcher_id":"dsp_01m2scccps540cgzwmfj761k5f","node":"local","node_region":"none","node_memory_mib":"None","max_concurrency":8,"queue":"nats","objects":"filesystem","invoke_async":true,"triggers":true,"target":"tachyon_serverless_application::app"}
{"timestamp":"2026-09-18T04:28:48.738350Z","level":"INFO","message":"startup reconcile finished","provider":"process","found":0,"adopted":0,"terminated":0,"disowned":0,"failed":0,"lost":0,"foreign":0,"reclaimed_dispatchers":0,"fenced_terminated":0,"fenced_pending":0,"target":"tachyon_serverless_application::services::reconcile"}
{"timestamp":"2026-09-18T04:28:48.738406Z","level":"INFO","message":"gateway listening","addr":"127.0.0.1:35331","profile":"dev","provider":"process","target":"tachyon_serverless_gateway"}
{"timestamp":"2026-09-18T04:28:48.739431Z","level":"INFO","message":"asynchronous dispatcher started","workers":2,"owner":"dsp_01m2scccps540cgzwmfj761k5f","target":"tachyon_serverless_gateway"}
{"timestamp":"2026-09-18T04:28:52.597225Z","level":"INFO","message":"revision ready","revision_id":"rev_01m2sccfabh743rxc6nfwgvh20","function_id":"fn_01m2sccczc5y5ycwxe0hzzj5vr","target":"tachyon_serverless_application::services::revision"}
{"timestamp":"2026-09-18T04:28:56.168990Z","level":"INFO","message":"revision ready","revision_id":"rev_01m2sccjtjq69qtr4qt2z0qqar","function_id":"fn_01m2sccgh6jdfth5svwjb75znt","target":"tachyon_serverless_application::services::revision"}
{"timestamp":"2026-09-18T04:28:59.799105Z","level":"INFO","message":"revision ready","revision_id":"rev_01m2sccpbkrm767y6r91p0bjbk","function_id":"fn_01m2sccm1ctw4nz81x3datyqy6","target":"tachyon_serverless_application::services::revision"}
{"timestamp":"2026-09-18T04:28:59.848796Z","level":"INFO","message":"trigger created","trigger_id":"trg_01m2sccqj70gnmrg5m82jt7318","function_id":"fn_01m2sccgh6jdfth5svwjb75znt","kind":"cron","enabled":true,"next_fire_at":"Some(2026-09-18T04:29:00Z)","target":"tachyon_serverless_application::services::triggers"}
{"timestamp":"2026-09-18T04:28:59.853560Z","level":"INFO","message":"trigger created","trigger_id":"trg_01m2sccqjcwtygrvpfw2k194wa","function_id":"fn_01m2sccgh6jdfth5svwjb75znt","kind":"webhook","enabled":true,"next_fire_at":"None","target":"tachyon_serverless_application::services::triggers"}
{"timestamp":"2026-09-18T04:29:00.003437Z","level":"INFO","message":"asynchronous invocation accepted","invocation_id":"inv_01m2sccqq2hnbfyma7tpk9w10t","tenant_id":"tn_01hzzzzzzzzzzzzzzzzzzzzzza","revision_id":"rev_01m2sccjtjq69qtr4qt2z0qqar","input_bytes":180,"input_storage":"inline","target":"tachyon_serverless_application::services::invoke_async"}
{"timestamp":"2026-09-18T04:29:00.003476Z","level":"INFO","message":"cron trigger fired","trigger_id":"trg_01m2sccqj70gnmrg5m82jt7318","scheduled_at":"2026-09-18T04:29:00Z","invocation_id":"inv_01m2sccqq2hnbfyma7tpk9w10t","revision_id":"rev_01m2sccjtjq69qtr4qt2z0qqar","replayed":false,"target":"tachyon_serverless_application::services::triggers"}
{"timestamp":"2026-09-18T04:29:00.006927Z","level":"INFO","message":"asynchronous run claimed","invocation_id":"inv_01m2sccqq2hnbfyma7tpk9w10t","attempt":1,"generation":0,"delivery_count":1,"target":"tachyon_serverless_application::services::invoke_async::dispatch"}
{"timestamp":"2026-09-18T04:29:01.066166Z","level":"INFO","message":"bridge spawned","environment_id":"env_01m2sccqjrcm7ppnd02s9qw6te","pid":828687,"target":"tachyon_serverless_provider_process"}
{"timestamp":"2026-09-18T04:29:01.087624Z","level":"INFO","message":"invocation finished","invocation_id":"inv_01m2sccqjqg9qjehst4tzj5vv1","status":"succeeded","handler_ms":5,"environment_boot_ms":1,"runtime_init_ms":3,"target":"tachyon_serverless_application::services::invoke"}
{"timestamp":"2026-09-18T04:29:01.089675Z","level":"INFO","message":"terminating bridge","environment_id":"env_01m2sccqjrcm7ppnd02s9qw6te","pid":828687,"reason":"Completed","graceful":true,"target":"tachyon_serverless_provider_process"}
{"timestamp":"2026-09-18T04:29:01.114692Z","level":"INFO","message":"asynchronous invocation accepted","invocation_id":"inv_01m2sccrsse1z9vzvy4yh37wwe","tenant_id":"tn_01hzzzzzzzzzzzzzzzzzzzzzza","revision_id":"rev_01m2sccfabh743rxc6nfwgvh20","input_bytes":47,"input_storage":"inline","target":"tachyon_serverless_application::services::invoke_async"}
{"timestamp":"2026-09-18T04:29:01.119620Z","level":"INFO","message":"asynchronous run claimed","invocation_id":"inv_01m2sccrsse1z9vzvy4yh37wwe","attempt":1,"generation":0,"delivery_count":1,"target":"tachyon_serverless_application::services::invoke_async::dispatch"}
{"timestamp":"2026-09-18T04:29:01.139522Z","level":"INFO","message":"asynchronous invocation accepted","invocation_id":"inv_01m2sccrtgvamzmaev2mc23yxw","tenant_id":"tn_01hzzzzzzzzzzzzzzzzzzzzzza","revision_id":"rev_01m2sccfabh743rxc6nfwgvh20","input_bytes":4127,"input_storage":"object","target":"tachyon_serverless_application::services::invoke_async"}
{"timestamp":"2026-09-18T04:29:01.156257Z","level":"INFO","message":"asynchronous invocation accepted","invocation_id":"inv_01m2sccrv3yck7esqkzyj3trvr","tenant_id":"tn_01hzzzzzzzzzzzzzzzzzzzzzza","revision_id":"rev_01m2sccjtjq69qtr4qt2z0qqar","input_bytes":189,"input_storage":"inline","target":"tachyon_serverless_application::services::invoke_async"}
{"timestamp":"2026-09-18T04:29:01.156296Z","level":"INFO","message":"webhook trigger fired","trigger_id":"trg_01m2sccqjcwtygrvpfw2k194wa","event_id":"evt-pre-w1","invocation_id":"inv_01m2sccrv3yck7esqkzyj3trvr","revision_id":"rev_01m2sccjtjq69qtr4qt2z0qqar","replayed":false,"target":"tachyon_serverless_application::services::triggers"}
{"timestamp":"2026-09-18T04:29:01.212344Z","level":"INFO","message":"bridge spawned","environment_id":"env_01m2sccqq7m7hz859zgm1h5dgq","pid":828764,"target":"tachyon_serverless_provider_process"}
{"timestamp":"2026-09-18T04:29:01.257221Z","level":"INFO","message":"invocation finished","invocation_id":"inv_01m2sccqq2hnbfyma7tpk9w10t","status":"succeeded (async run)","handler_ms":1,"environment_boot_ms":1,"runtime_init_ms":25,"target":"tachyon_serverless_application::services::invoke"}
{"timestamp":"2026-09-18T04:29:01.259277Z","level":"INFO","message":"terminating bridge","environment_id":"env_01m2sccqq7m7hz859zgm1h5dgq","pid":828764,"reason":"Completed","graceful":true,"target":"tachyon_serverless_provider_process"}
{"timestamp":"2026-09-18T04:29:01.263452Z","level":"INFO","message":"asynchronous invocation settled","invocation_id":"inv_01m2sccqq2hnbfyma7tpk9w10t","status":"succeeded","target":"tachyon_serverless_application::services::invoke_async::dispatch"}
{"timestamp":"2026-09-18T04:29:01.264336Z","level":"INFO","message":"async dispatch: delivery handled","message_id":"inv_01m2sccqq2hnbfyma7tpk9w10t","sequence":1,"delivery_count":1,"outcome":"Completed { status: \"succeeded\" }","target":"tachyon_serverless_application::services::invoke_async::dispatch"}
{"timestamp":"2026-09-18T04:29:01.265291Z","level":"INFO","message":"asynchronous run claimed","invocation_id":"inv_01m2sccrtgvamzmaev2mc23yxw","attempt":1,"generation":0,"delivery_count":1,"target":"tachyon_serverless_application::services::invoke_async::dispatch"}
{"timestamp":"2026-09-18T04:29:02.004159Z","level":"INFO","message":"asynchronous invocation accepted","invocation_id":"inv_01m2sccsnj6wp6wc3h2qda00kb","tenant_id":"tn_01hzzzzzzzzzzzzzzzzzzzzzza","revision_id":"rev_01m2sccjtjq69qtr4qt2z0qqar","input_bytes":180,"input_storage":"inline","target":"tachyon_serverless_application::services::invoke_async"}
{"timestamp":"2026-09-18T04:29:02.004224Z","level":"INFO","message":"cron trigger fired","trigger_id":"trg_01m2sccqj70gnmrg5m82jt7318","scheduled_at":"2026-09-18T04:29:02Z","invocation_id":"inv_01m2sccsnj6wp6wc3h2qda00kb","revision_id":"rev_01m2sccjtjq69qtr4qt2z0qqar","replayed":false,"target":"tachyon_serverless_application::services::triggers"}
{"timestamp":"2026-09-18T04:29:02.370133Z","level":"INFO","message":"bridge spawned","environment_id":"env_01m2sccrsz6q11k09arjqty92w","pid":828774,"target":"tachyon_serverless_provider_process"}
{"timestamp":"2026-09-18T04:29:02.380669Z","level":"INFO","message":"bridge spawned","environment_id":"env_01m2sccrvc2zhaasb4gk405cp9","pid":828780,"target":"tachyon_serverless_provider_process"}
{"timestamp":"2026-09-18T04:29:02.422673Z","level":"INFO","message":"invocation finished","invocation_id":"inv_01m2sccrsse1z9vzvy4yh37wwe","status":"succeeded (async run)","handler_ms":8,"environment_boot_ms":2,"runtime_init_ms":15,"target":"tachyon_serverless_application::services::invoke"}
{"timestamp":"2026-09-18T04:29:02.425698Z","level":"INFO","message":"invocation finished","invocation_id":"inv_01m2sccrvc5pfmyxxd4nxvnnrr","status":"succeeded","handler_ms":1,"environment_boot_ms":1,"runtime_init_ms":29,"target":"tachyon_serverless_application::services::invoke"}
{"timestamp":"2026-09-18T04:29:02.426126Z","level":"INFO","message":"terminating bridge","environment_id":"env_01m2sccrsz6q11k09arjqty92w","pid":828774,"reason":"Completed","graceful":true,"target":"tachyon_serverless_provider_process"}
{"timestamp":"2026-09-18T04:29:02.427582Z","level":"INFO","message":"terminating bridge","environment_id":"env_01m2sccrvc2zhaasb4gk405cp9","pid":828780,"reason":"Completed","graceful":true,"target":"tachyon_serverless_provider_process"}
{"timestamp":"2026-09-18T04:29:02.430809Z","level":"INFO","message":"asynchronous invocation settled","invocation_id":"inv_01m2sccrsse1z9vzvy4yh37wwe","status":"succeeded","target":"tachyon_serverless_application::services::invoke_async::dispatch"}
{"timestamp":"2026-09-18T04:29:02.431885Z","level":"INFO","message":"async dispatch: delivery handled","message_id":"inv_01m2sccrsse1z9vzvy4yh37wwe","sequence":2,"delivery_count":1,"outcome":"Completed { status: \"succeeded\" }","target":"tachyon_serverless_application::services::invoke_async::dispatch"}
{"timestamp":"2026-09-18T04:29:02.433212Z","level":"INFO","message":"asynchronous run claimed","invocation_id":"inv_01m2sccrv3yck7esqkzyj3trvr","attempt":1,"generation":0,"delivery_count":1,"target":"tachyon_serverless_application::services::invoke_async::dispatch"}
{"timestamp":"2026-09-18T04:29:02.456788Z","level":"INFO","message":"asynchronous invocation accepted","invocation_id":"inv_01m2scct3qhcwnpkbtcy0z2f2k","tenant_id":"tn_01hzzzzzzzzzzzzzzzzzzzzzza","revision_id":"rev_01m2sccfabh743rxc6nfwgvh20","input_bytes":47,"input_storage":"inline","target":"tachyon_serverless_application::services::invoke_async"}
{"timestamp":"2026-09-18T04:29:02.480325Z","level":"INFO","message":"asynchronous invocation accepted","invocation_id":"inv_01m2scct4dapc3s0ngca573zkw","tenant_id":"tn_01hzzzzzzzzzzzzzzzzzzzzzza","revision_id":"rev_01m2sccfabh743rxc6nfwgvh20","input_bytes":4127,"input_storage":"object","target":"tachyon_serverless_application::services::invoke_async"}
{"timestamp":"2026-09-18T04:29:02.496748Z","level":"INFO","message":"asynchronous invocation accepted","invocation_id":"inv_01m2scct4zs9jsd7fcdywmh0t6","tenant_id":"tn_01hzzzzzzzzzzzzzzzzzzzzzza","revision_id":"rev_01m2sccjtjq69qtr4qt2z0qqar","input_bytes":189,"input_storage":"inline","target":"tachyon_serverless_application::services::invoke_async"}
{"timestamp":"2026-09-18T04:29:02.496800Z","level":"INFO","message":"webhook trigger fired","trigger_id":"trg_01m2sccqjcwtygrvpfw2k194wa","event_id":"evt-pre-w2","invocation_id":"inv_01m2scct4zs9jsd7fcdywmh0t6","revision_id":"rev_01m2sccjtjq69qtr4qt2z0qqar","replayed":false,"target":"tachyon_serverless_application::services::triggers"}
{"timestamp":"2026-09-18T04:29:02.506626Z","level":"INFO","message":"trigger updated","trigger_id":"trg_01m2sccqj70gnmrg5m82jt7318","generation":2,"status":"disabled","next_fire_at":"None","rotated_secret":false,"target":"tachyon_serverless_application::services::triggers"}
{"timestamp":"2026-09-18T04:29:02.511000Z","level":"INFO","message":"bridge spawned","environment_id":"env_01m2sccryjamws9hvgw0jgnb2p","pid":828868,"target":"tachyon_serverless_provider_process"}
{"timestamp":"2026-09-18T04:29:02.542948Z","level":"INFO","message":"invocation finished","invocation_id":"inv_01m2sccrtgvamzmaev2mc23yxw","status":"succeeded (async run)","handler_ms":3,"environment_boot_ms":1,"runtime_init_ms":10,"target":"tachyon_serverless_application::services::invoke"}
{"timestamp":"2026-09-18T04:29:02.548462Z","level":"INFO","message":"terminating bridge","environment_id":"env_01m2sccryjamws9hvgw0jgnb2p","pid":828868,"reason":"Completed","graceful":true,"target":"tachyon_serverless_provider_process"}
{"timestamp":"2026-09-18T04:29:02.567820Z","level":"INFO","message":"asynchronous invocation settled","invocation_id":"inv_01m2sccrtgvamzmaev2mc23yxw","status":"succeeded","target":"tachyon_serverless_application::services::invoke_async::dispatch"}
{"timestamp":"2026-09-18T04:29:02.568424Z","level":"INFO","message":"async dispatch: delivery handled","message_id":"inv_01m2sccrtgvamzmaev2mc23yxw","sequence":3,"delivery_count":1,"outcome":"Completed { status: \"succeeded\" }","target":"tachyon_serverless_application::services::invoke_async::dispatch"}
{"timestamp":"2026-09-18T04:29:02.569175Z","level":"INFO","message":"asynchronous run claimed","invocation_id":"inv_01m2sccsnj6wp6wc3h2qda00kb","attempt":1,"generation":0,"delivery_count":1,"target":"tachyon_serverless_application::services::invoke_async::dispatch"}
{"timestamp":"2026-09-18T04:29:03.637152Z","level":"INFO","message":"bridge spawned","environment_id":"env_01m2scct31t8rj4etaj00e3sw8","pid":828881,"target":"tachyon_serverless_provider_process"}
{"timestamp":"2026-09-18T04:29:03.657925Z","level":"INFO","message":"invocation finished","invocation_id":"inv_01m2sccrv3yck7esqkzyj3trvr","status":"succeeded (async run)","handler_ms":5,"environment_boot_ms":1,"runtime_init_ms":3,"target":"tachyon_serverless_application::services::invoke"}
{"timestamp":"2026-09-18T04:29:03.659853Z","level":"INFO","message":"terminating bridge","environment_id":"env_01m2scct31t8rj4etaj00e3sw8","pid":828881,"reason":"Completed","graceful":true,"target":"tachyon_serverless_provider_process"}
{"timestamp":"2026-09-18T04:29:03.663938Z","level":"INFO","message":"asynchronous invocation settled","invocation_id":"inv_01m2sccrv3yck7esqkzyj3trvr","status":"succeeded","target":"tachyon_serverless_application::services::invoke_async::dispatch"}
{"timestamp":"2026-09-18T04:29:03.666168Z","level":"INFO","message":"async dispatch: delivery handled","message_id":"inv_01m2sccrv3yck7esqkzyj3trvr","sequence":4,"delivery_count":1,"outcome":"Completed { status: \"succeeded\" }","target":"tachyon_serverless_application::services::invoke_async::dispatch"}
{"timestamp":"2026-09-18T04:29:03.666960Z","level":"INFO","message":"asynchronous run claimed","invocation_id":"inv_01m2scct3qhcwnpkbtcy0z2f2k","attempt":1,"generation":0,"delivery_count":1,"target":"tachyon_serverless_application::services::invoke_async::dispatch"}
{"timestamp":"2026-09-18T04:29:03.770156Z","level":"INFO","message":"bridge spawned","environment_id":"env_01m2scct79hq4s53xq75x667fs","pid":828891,"target":"tachyon_serverless_provider_process"}
{"timestamp":"2026-09-18T04:29:03.810645Z","level":"INFO","message":"invocation finished","invocation_id":"inv_01m2sccsnj6wp6wc3h2qda00kb","status":"succeeded (async run)","handler_ms":6,"environment_boot_ms":1,"runtime_init_ms":15,"target":"tachyon_serverless_application::services::invoke"}
{"timestamp":"2026-09-18T04:29:03.816396Z","level":"INFO","message":"terminating bridge","environment_id":"env_01m2scct79hq4s53xq75x667fs","pid":828891,"reason":"Completed","graceful":true,"target":"tachyon_serverless_provider_process"}
{"timestamp":"2026-09-18T04:29:03.819535Z","level":"INFO","message":"asynchronous invocation settled","invocation_id":"inv_01m2sccsnj6wp6wc3h2qda00kb","status":"succeeded","target":"tachyon_serverless_application::services::invoke_async::dispatch"}
{"timestamp":"2026-09-18T04:29:03.820143Z","level":"INFO","message":"async dispatch: delivery handled","message_id":"inv_01m2sccsnj6wp6wc3h2qda00kb","sequence":5,"delivery_count":1,"outcome":"Completed { status: \"succeeded\" }","target":"tachyon_serverless_application::services::invoke_async::dispatch"}
{"timestamp":"2026-09-18T04:29:03.820814Z","level":"INFO","message":"asynchronous run claimed","invocation_id":"inv_01m2scct4dapc3s0ngca573zkw","attempt":1,"generation":0,"delivery_count":1,"target":"tachyon_serverless_application::services::invoke_async::dispatch"}
{"timestamp":"2026-09-18T04:29:04.904032Z","level":"INFO","message":"bridge spawned","environment_id":"env_01m2sccv9khczzz3k5q6fhertb","pid":828916,"target":"tachyon_serverless_provider_process"}
{"timestamp":"2026-09-18T04:29:04.940128Z","level":"INFO","message":"invocation finished","invocation_id":"inv_01m2scct3qhcwnpkbtcy0z2f2k","status":"succeeded (async run)","handler_ms":4,"environment_boot_ms":1,"runtime_init_ms":12,"target":"tachyon_serverless_application::services::invoke"}
{"timestamp":"2026-09-18T04:29:04.950856Z","level":"INFO","message":"terminating bridge","environment_id":"env_01m2sccv9khczzz3k5q6fhertb","pid":828916,"reason":"Completed","graceful":true,"target":"tachyon_serverless_provider_process"}
{"timestamp":"2026-09-18T04:29:04.953928Z","level":"INFO","message":"asynchronous invocation settled","invocation_id":"inv_01m2scct3qhcwnpkbtcy0z2f2k","status":"succeeded","target":"tachyon_serverless_application::services::invoke_async::dispatch"}
{"timestamp":"2026-09-18T04:29:04.954759Z","level":"INFO","message":"async dispatch: delivery handled","message_id":"inv_01m2scct3qhcwnpkbtcy0z2f2k","sequence":6,"delivery_count":1,"outcome":"Completed { status: \"succeeded\" }","target":"tachyon_serverless_application::services::invoke_async::dispatch"}
{"timestamp":"2026-09-18T04:29:04.955494Z","level":"INFO","message":"asynchronous run claimed","invocation_id":"inv_01m2scct4zs9jsd7fcdywmh0t6","attempt":1,"generation":0,"delivery_count":1,"target":"tachyon_serverless_application::services::invoke_async::dispatch"}
{"timestamp":"2026-09-18T04:29:05.050546Z","level":"INFO","message":"bridge spawned","environment_id":"env_01m2sccveeygr99sp2tdm4yth1","pid":828926,"target":"tachyon_serverless_provider_process"}
{"timestamp":"2026-09-18T04:29:05.095881Z","level":"INFO","message":"invocation finished","invocation_id":"inv_01m2scct4dapc3s0ngca573zkw","status":"succeeded (async run)","handler_ms":10,"environment_boot_ms":1,"runtime_init_ms":11,"target":"tachyon_serverless_application::services::invoke"}
{"timestamp":"2026-09-18T04:29:05.097693Z","level":"INFO","message":"terminating bridge","environment_id":"env_01m2sccveeygr99sp2tdm4yth1","pid":828926,"reason":"Completed","graceful":true,"target":"tachyon_serverless_provider_process"}
{"timestamp":"2026-09-18T04:29:05.100762Z","level":"INFO","message":"asynchronous invocation settled","invocation_id":"inv_01m2scct4dapc3s0ngca573zkw","status":"succeeded","target":"tachyon_serverless_application::services::invoke_async::dispatch"}
{"timestamp":"2026-09-18T04:29:05.101341Z","level":"INFO","message":"async dispatch: delivery handled","message_id":"inv_01m2scct4dapc3s0ngca573zkw","sequence":7,"delivery_count":1,"outcome":"Completed { status: \"succeeded\" }","target":"tachyon_serverless_application::services::invoke_async::dispatch"}
{"timestamp":"2026-09-18T04:29:06.141040Z","level":"INFO","message":"bridge spawned","environment_id":"env_01m2sccwhvypeg5h623rj7xxtp","pid":828954,"target":"tachyon_serverless_provider_process"}
{"timestamp":"2026-09-18T04:29:06.165324Z","level":"INFO","message":"invocation finished","invocation_id":"inv_01m2scct4zs9jsd7fcdywmh0t6","status":"succeeded (async run)","handler_ms":6,"environment_boot_ms":1,"runtime_init_ms":3,"target":"tachyon_serverless_application::services::invoke"}
{"timestamp":"2026-09-18T04:29:06.166030Z","level":"INFO","message":"terminating bridge","environment_id":"env_01m2sccwhvypeg5h623rj7xxtp","pid":828954,"reason":"Completed","graceful":true,"target":"tachyon_serverless_provider_process"}
{"timestamp":"2026-09-18T04:29:06.168945Z","level":"INFO","message":"asynchronous invocation settled","invocation_id":"inv_01m2scct4zs9jsd7fcdywmh0t6","status":"succeeded","target":"tachyon_serverless_application::services::invoke_async::dispatch"}
{"timestamp":"2026-09-18T04:29:06.169940Z","level":"INFO","message":"async dispatch: delivery handled","message_id":"inv_01m2scct4zs9jsd7fcdywmh0t6","sequence":8,"delivery_count":1,"outcome":"Completed { status: \"succeeded\" }","target":"tachyon_serverless_application::services::invoke_async::dispatch"}
{"timestamp":"2026-09-18T04:29:06.406844Z","level":"INFO","message":"SIGTERM received","target":"tachyon_serverless_gateway"}
{"timestamp":"2026-09-18T04:29:06.406888Z","level":"INFO","message":"shutdown requested; cancelling in-flight invocations","target":"tachyon_serverless_gateway"}
{"timestamp":"2026-09-18T04:29:06.412039Z","level":"INFO","message":"final usage collection","report":"CollectReport { batches: 1, read: 5, inserted: 5, duplicates: 0, cursor_seq: 50 }","target":"tachyon_serverless_gateway"}
{"timestamp":"2026-09-18T04:29:06.415490Z","level":"INFO","message":"gateway stopped","target":"tachyon_serverless_gateway"}
{"timestamp":"2026-09-18T04:29:06.415738Z","level":"INFO","message":"event: closed","target":"async_nats"}

===== a start (failpoints: dispatch.after_claim=kill) 04:29:06 =====
{"timestamp":"2026-09-18T04:29:06.526903Z","level":"INFO","message":"configuration loaded","config":"/home/takanorifukuyama.guest/w/tsls-chaos.HEgSSN/gw-a.toml","target":"tachyon_serverless_gateway"}
{"timestamp":"2026-09-18T04:29:06.529362Z","level":"INFO","message":"connected successfully","server":"59343","max_payload":"1048576","target":"async_nats::connector"}
{"timestamp":"2026-09-18T04:29:06.529537Z","level":"INFO","message":"event: connected","target":"async_nats"}
{"timestamp":"2026-09-18T04:29:06.534624Z","level":"INFO","message":"JetStream queue connected and stream bootstrapped","url":"nats://127.0.0.1:59343","stream":"TACHYON_EVENTS","target":"tachyon_serverless_gateway::durable"}
{"timestamp":"2026-09-18T04:29:06.536492Z","level":"INFO","message":"state store opened","path":"/home/takanorifukuyama.guest/w/tsls-chaos.HEgSSN/data/state.db","schema_version":8,"migrations_applied":"[]","imported_state_json":"None","settled_invocations":0,"settled_attempts":0,"settled_environments":0,"released_leases":0,"dropped_idempotency_keys":0,"purged_idempotency_keys":0,"outputs_purged":0,"target":"tachyon_serverless_application::app"}
{"timestamp":"2026-09-18T04:29:06.538240Z","level":"INFO","message":"log store opened","path":"/home/takanorifukuyama.guest/w/tsls-chaos.HEgSSN/data/logs/logs.db","healthy":true,"retention_seconds":604800,"max_total_bytes":1073741824,"target":"tachyon_serverless_application::app"}
{"timestamp":"2026-09-18T04:29:06.539465Z","level":"INFO","message":"dispatcher registered","dispatcher_id":"dsp_01m2sccy3att7g4432sv7mzsmf","instance":"chaos-a","pid":828975,"lease_ttl_seconds":6,"target":"tachyon_serverless_application::services::dispatcher"}
{"timestamp":"2026-09-18T04:29:06.540277Z","level":"WARN","message":"reclaimed the work of dispatchers that lost their lease","dispatcher_id":"dsp_01m2sccy3att7g4432sv7mzsmf","reclaimed_dispatchers":"[DispatcherId(dsp_01m2scccps540cgzwmfj761k5f)]","leases":0,"invocations":0,"attempts":0,"fenced":0,"target":"tachyon_serverless_application::services::dispatcher"}
{"timestamp":"2026-09-18T04:29:06.541342Z","level":"WARN","message":"failpoint armed from TSLS_FAILPOINTS","name":"dispatch.after_claim","action":"Kill","count":"None","target":"tachyon_serverless_application::failpoints"}
{"timestamp":"2026-09-18T04:29:06.541405Z","level":"INFO","message":"application bootstrapped","profile":"dev","provider":"process","dev_only":true,"environment_reuse":false,"reuse_verified":false,"reuse_reason":"[pool] enabled is false","reuse_disabled":"Some(Configuration)","idle_quiesce":"unsupported","idle_resume":"unsupported","data_dir":"/home/takanorifukuyama.guest/w/tsls-chaos.HEgSSN/data","store":"sqlite","dispatcher_id":"dsp_01m2sccy3att7g4432sv7mzsmf","node":"local","node_region":"none","node_memory_mib":"None","max_concurrency":8,"queue":"nats","objects":"filesystem","invoke_async":true,"triggers":true,"target":"tachyon_serverless_application::app"}
{"timestamp":"2026-09-18T04:29:06.541757Z","level":"INFO","message":"startup reconcile finished","provider":"process","found":0,"adopted":0,"terminated":0,"disowned":0,"failed":0,"lost":0,"foreign":0,"reclaimed_dispatchers":0,"fenced_terminated":0,"fenced_pending":0,"target":"tachyon_serverless_application::services::reconcile"}
{"timestamp":"2026-09-18T04:29:06.541831Z","level":"INFO","message":"gateway listening","addr":"127.0.0.1:35331","profile":"dev","provider":"process","target":"tachyon_serverless_gateway"}
{"timestamp":"2026-09-18T04:29:06.543407Z","level":"INFO","message":"asynchronous dispatcher started","workers":2,"owner":"dsp_01m2sccy3att7g4432sv7mzsmf","target":"tachyon_serverless_gateway"}
{"timestamp":"2026-09-18T04:29:06.849826Z","level":"INFO","message":"asynchronous invocation accepted","invocation_id":"inv_01m2sccyczyavg4v5nxwkqz1c1","tenant_id":"tn_01hzzzzzzzzzzzzzzzzzzzzzza","revision_id":"rev_01m2sccfabh743rxc6nfwgvh20","input_bytes":81,"input_storage":"inline","target":"tachyon_serverless_application::services::invoke_async"}
{"timestamp":"2026-09-18T04:29:06.854423Z","level":"INFO","message":"asynchronous run claimed","invocation_id":"inv_01m2sccyczyavg4v5nxwkqz1c1","attempt":1,"generation":0,"delivery_count":1,"target":"tachyon_serverless_application::services::invoke_async::dispatch"}
{"timestamp":"2026-09-18T04:29:06.854459Z","level":"ERROR","message":"failpoint fired: SIGKILL","name":"dispatch.after_claim","target":"tachyon_serverless_application::failpoints"}

===== a start (failpoints: none) 04:29:06 =====
{"timestamp":"2026-09-18T04:29:06.921876Z","level":"INFO","message":"configuration loaded","config":"/home/takanorifukuyama.guest/w/tsls-chaos.HEgSSN/gw-a.toml","target":"tachyon_serverless_gateway"}
{"timestamp":"2026-09-18T04:29:06.923885Z","level":"INFO","message":"connected successfully","server":"59343","max_payload":"1048576","target":"async_nats::connector"}
{"timestamp":"2026-09-18T04:29:06.923969Z","level":"INFO","message":"event: connected","target":"async_nats"}
{"timestamp":"2026-09-18T04:29:06.926592Z","level":"INFO","message":"JetStream queue connected and stream bootstrapped","url":"nats://127.0.0.1:59343","stream":"TACHYON_EVENTS","target":"tachyon_serverless_gateway::durable"}
{"timestamp":"2026-09-18T04:29:06.927663Z","level":"INFO","message":"state store opened","path":"/home/takanorifukuyama.guest/w/tsls-chaos.HEgSSN/data/state.db","schema_version":8,"migrations_applied":"[]","imported_state_json":"None","settled_invocations":0,"settled_attempts":0,"settled_environments":0,"released_leases":0,"dropped_idempotency_keys":0,"purged_idempotency_keys":0,"outputs_purged":0,"target":"tachyon_serverless_application::app"}
{"timestamp":"2026-09-18T04:29:06.928885Z","level":"INFO","message":"log store opened","path":"/home/takanorifukuyama.guest/w/tsls-chaos.HEgSSN/data/logs/logs.db","healthy":true,"retention_seconds":604800,"max_total_bytes":1073741824,"target":"tachyon_serverless_application::app"}
{"timestamp":"2026-09-18T04:29:06.929870Z","level":"INFO","message":"dispatcher registered","dispatcher_id":"dsp_01m2sccyfg2mc67qh683sp0194","instance":"chaos-a","pid":829052,"lease_ttl_seconds":6,"target":"tachyon_serverless_application::services::dispatcher"}
{"timestamp":"2026-09-18T04:29:06.930535Z","level":"WARN","message":"reclaimed the work of dispatchers that lost their lease","dispatcher_id":"dsp_01m2sccyfg2mc67qh683sp0194","reclaimed_dispatchers":"[DispatcherId(dsp_01m2sccy3att7g4432sv7mzsmf)]","leases":0,"invocations":0,"attempts":0,"fenced":0,"target":"tachyon_serverless_application::services::dispatcher"}
{"timestamp":"2026-09-18T04:29:06.931266Z","level":"INFO","message":"application bootstrapped","profile":"dev","provider":"process","dev_only":true,"environment_reuse":false,"reuse_verified":false,"reuse_reason":"[pool] enabled is false","reuse_disabled":"Some(Configuration)","idle_quiesce":"unsupported","idle_resume":"unsupported","data_dir":"/home/takanorifukuyama.guest/w/tsls-chaos.HEgSSN/data","store":"sqlite","dispatcher_id":"dsp_01m2sccyfg2mc67qh683sp0194","node":"local","node_region":"none","node_memory_mib":"None","max_concurrency":8,"queue":"nats","objects":"filesystem","invoke_async":true,"triggers":true,"target":"tachyon_serverless_application::app"}
{"timestamp":"2026-09-18T04:29:06.931545Z","level":"INFO","message":"startup reconcile finished","provider":"process","found":0,"adopted":0,"terminated":0,"disowned":0,"failed":0,"lost":0,"foreign":0,"reclaimed_dispatchers":0,"fenced_terminated":0,"fenced_pending":0,"target":"tachyon_serverless_application::services::reconcile"}
{"timestamp":"2026-09-18T04:29:06.931592Z","level":"INFO","message":"gateway listening","addr":"127.0.0.1:35331","profile":"dev","provider":"process","target":"tachyon_serverless_gateway"}
{"timestamp":"2026-09-18T04:29:06.932631Z","level":"INFO","message":"asynchronous dispatcher started","workers":2,"owner":"dsp_01m2sccyfg2mc67qh683sp0194","target":"tachyon_serverless_gateway"}
{"timestamp":"2026-09-18T04:29:08.843074Z","level":"INFO","message":"object retention pass","report":"GcReport { examined: 2, collected_expired: 0, collected_orphans: 0, kept_in_use: 0, kept_referenced: 2, incomplete_removed: 0, tombstones_purged: 0, failed: 0 }","target":"tachyon_serverless_gateway"}
{"timestamp":"2026-09-18T04:29:10.842266Z","level":"INFO","message":"object retention pass","report":"GcReport { examined: 2, collected_expired: 0, collected_orphans: 0, kept_in_use: 0, kept_referenced: 2, incomplete_removed: 0, tombstones_purged: 0, failed: 0 }","target":"tachyon_serverless_gateway"}
{"timestamp":"2026-09-18T04:29:10.858240Z","level":"INFO","message":"asynchronous run claimed","invocation_id":"inv_01m2sccyczyavg4v5nxwkqz1c1","attempt":2,"generation":0,"delivery_count":2,"target":"tachyon_serverless_application::services::invoke_async::dispatch"}
{"timestamp":"2026-09-18T04:29:12.072647Z","level":"INFO","message":"bridge spawned","environment_id":"env_01m2scd2ab642r5zq1nd9nfjw0","pid":829128,"target":"tachyon_serverless_provider_process"}
{"timestamp":"2026-09-18T04:29:12.396992Z","level":"INFO","message":"invocation finished","invocation_id":"inv_01m2sccyczyavg4v5nxwkqz1c1","status":"succeeded (async run)","handler_ms":303,"environment_boot_ms":1,"runtime_init_ms":3,"target":"tachyon_serverless_application::services::invoke"}
{"timestamp":"2026-09-18T04:29:12.400293Z","level":"INFO","message":"terminating bridge","environment_id":"env_01m2scd2ab642r5zq1nd9nfjw0","pid":829128,"reason":"Completed","graceful":true,"target":"tachyon_serverless_provider_process"}
{"timestamp":"2026-09-18T04:29:12.412675Z","level":"INFO","message":"asynchronous invocation settled","invocation_id":"inv_01m2sccyczyavg4v5nxwkqz1c1","status":"succeeded","target":"tachyon_serverless_application::services::invoke_async::dispatch"}
{"timestamp":"2026-09-18T04:29:12.415167Z","level":"INFO","message":"async dispatch: delivery handled","message_id":"inv_01m2sccyczyavg4v5nxwkqz1c1","sequence":9,"delivery_count":2,"outcome":"Completed { status: \"succeeded\" }","target":"tachyon_serverless_application::services::invoke_async::dispatch"}
{"timestamp":"2026-09-18T04:29:12.832762Z","level":"INFO","message":"object retention pass","report":"GcReport { examined: 2, collected_expired: 0, collected_orphans: 0, kept_in_use: 0, kept_referenced: 2, incomplete_removed: 0, tombstones_purged: 0, failed: 0 }","target":"tachyon_serverless_gateway"}
{"timestamp":"2026-09-18T04:29:13.664284Z","level":"INFO","message":"bridge spawned","environment_id":"env_01m2scd3yf208s09rf44ptkgsp","pid":829177,"target":"tachyon_serverless_provider_process"}
{"timestamp":"2026-09-18T04:29:13.710478Z","level":"INFO","message":"invocation finished","invocation_id":"inv_01m2scd3yexgq7k4kvs9q6473m","status":"succeeded","handler_ms":6,"environment_boot_ms":1,"runtime_init_ms":17,"target":"tachyon_serverless_application::services::invoke"}
{"timestamp":"2026-09-18T04:29:13.712840Z","level":"INFO","message":"terminating bridge","environment_id":"env_01m2scd3yf208s09rf44ptkgsp","pid":829177,"reason":"Completed","graceful":true,"target":"tachyon_serverless_provider_process"}
{"timestamp":"2026-09-18T04:29:13.737455Z","level":"INFO","message":"asynchronous invocation accepted","invocation_id":"inv_01m2scd548ka4rvq5s0gk8wgz4","tenant_id":"tn_01hzzzzzzzzzzzzzzzzzzzzzza","revision_id":"rev_01m2sccfabh743rxc6nfwgvh20","input_bytes":48,"input_storage":"inline","target":"tachyon_serverless_application::services::invoke_async"}
{"timestamp":"2026-09-18T04:29:13.740818Z","level":"INFO","message":"asynchronous run claimed","invocation_id":"inv_01m2scd548ka4rvq5s0gk8wgz4","attempt":1,"generation":0,"delivery_count":1,"target":"tachyon_serverless_application::services::invoke_async::dispatch"}
{"timestamp":"2026-09-18T04:29:13.762173Z","level":"INFO","message":"asynchronous invocation accepted","invocation_id":"inv_01m2scd54y54kw40gpcvcrjb7x","tenant_id":"tn_01hzzzzzzzzzzzzzzzzzzzzzza","revision_id":"rev_01m2sccfabh743rxc6nfwgvh20","input_bytes":4128,"input_storage":"object","target":"tachyon_serverless_application::services::invoke_async"}
{"timestamp":"2026-09-18T04:29:13.764752Z","level":"INFO","message":"asynchronous run claimed","invocation_id":"inv_01m2scd54y54kw40gpcvcrjb7x","attempt":1,"generation":0,"delivery_count":1,"target":"tachyon_serverless_application::services::invoke_async::dispatch"}
{"timestamp":"2026-09-18T04:29:13.780995Z","level":"INFO","message":"asynchronous invocation accepted","invocation_id":"inv_01m2scd55he0z7jmvfkbnrmk4t","tenant_id":"tn_01hzzzzzzzzzzzzzzzzzzzzzza","revision_id":"rev_01m2sccjtjq69qtr4qt2z0qqar","input_bytes":191,"input_storage":"inline","target":"tachyon_serverless_application::services::invoke_async"}
{"timestamp":"2026-09-18T04:29:13.781035Z","level":"INFO","message":"webhook trigger fired","trigger_id":"trg_01m2sccqjcwtygrvpfw2k194wa","event_id":"evt-post-w1","invocation_id":"inv_01m2scd55he0z7jmvfkbnrmk4t","revision_id":"rev_01m2sccjtjq69qtr4qt2z0qqar","replayed":false,"target":"tachyon_serverless_application::services::triggers"}
{"timestamp":"2026-09-18T04:29:13.790979Z","level":"INFO","message":"trigger updated","trigger_id":"trg_01m2sccqj70gnmrg5m82jt7318","generation":3,"status":"disabled","next_fire_at":"None","rotated_secret":false,"target":"tachyon_serverless_application::services::triggers"}
{"timestamp":"2026-09-18T04:29:14.834119Z","level":"INFO","message":"object retention pass","report":"GcReport { examined: 2, collected_expired: 0, collected_orphans: 0, kept_in_use: 0, kept_referenced: 2, incomplete_removed: 0, tombstones_purged: 0, failed: 0 }","target":"tachyon_serverless_gateway"}
{"timestamp":"2026-09-18T04:29:14.949857Z","level":"INFO","message":"bridge spawned","environment_id":"env_01m2scd54dha313c23ta5g9hna","pid":829338,"target":"tachyon_serverless_provider_process"}
{"timestamp":"2026-09-18T04:29:14.969107Z","level":"INFO","message":"invocation finished","invocation_id":"inv_01m2scd548ka4rvq5s0gk8wgz4","status":"succeeded (async run)","handler_ms":3,"environment_boot_ms":1,"runtime_init_ms":4,"target":"tachyon_serverless_application::services::invoke"}
{"timestamp":"2026-09-18T04:29:14.970987Z","level":"INFO","message":"terminating bridge","environment_id":"env_01m2scd54dha313c23ta5g9hna","pid":829338,"reason":"Completed","graceful":true,"target":"tachyon_serverless_provider_process"}
{"timestamp":"2026-09-18T04:29:14.974595Z","level":"INFO","message":"asynchronous invocation settled","invocation_id":"inv_01m2scd548ka4rvq5s0gk8wgz4","status":"succeeded","target":"tachyon_serverless_application::services::invoke_async::dispatch"}
{"timestamp":"2026-09-18T04:29:14.975448Z","level":"INFO","message":"async dispatch: delivery handled","message_id":"inv_01m2scd548ka4rvq5s0gk8wgz4","sequence":10,"delivery_count":1,"outcome":"Completed { status: \"succeeded\" }","target":"tachyon_serverless_application::services::invoke_async::dispatch"}
{"timestamp":"2026-09-18T04:29:14.976201Z","level":"INFO","message":"asynchronous run claimed","invocation_id":"inv_01m2scd55he0z7jmvfkbnrmk4t","attempt":1,"generation":0,"delivery_count":1,"target":"tachyon_serverless_application::services::invoke_async::dispatch"}
{"timestamp":"2026-09-18T04:29:14.979116Z","level":"INFO","message":"bridge spawned","environment_id":"env_01m2scd55648d1ypg43vcb3vtc","pid":829348,"target":"tachyon_serverless_provider_process"}
{"timestamp":"2026-09-18T04:29:15.008670Z","level":"INFO","message":"invocation finished","invocation_id":"inv_01m2scd54y54kw40gpcvcrjb7x","status":"succeeded (async run)","handler_ms":3,"environment_boot_ms":1,"runtime_init_ms":12,"target":"tachyon_serverless_application::services::invoke"}
{"timestamp":"2026-09-18T04:29:15.019893Z","level":"INFO","message":"terminating bridge","environment_id":"env_01m2scd55648d1ypg43vcb3vtc","pid":829348,"reason":"Completed","graceful":true,"target":"tachyon_serverless_provider_process"}
{"timestamp":"2026-09-18T04:29:15.023412Z","level":"INFO","message":"asynchronous invocation settled","invocation_id":"inv_01m2scd54y54kw40gpcvcrjb7x","status":"succeeded","target":"tachyon_serverless_application::services::invoke_async::dispatch"}
{"timestamp":"2026-09-18T04:29:15.023973Z","level":"INFO","message":"async dispatch: delivery handled","message_id":"inv_01m2scd54y54kw40gpcvcrjb7x","sequence":11,"delivery_count":1,"outcome":"Completed { status: \"succeeded\" }","target":"tachyon_serverless_application::services::invoke_async::dispatch"}
{"timestamp":"2026-09-18T04:29:16.128913Z","level":"INFO","message":"bridge spawned","environment_id":"env_01m2scd6b01kq9f544de1vnvvc","pid":829401,"target":"tachyon_serverless_provider_process"}
{"timestamp":"2026-09-18T04:29:16.164485Z","level":"INFO","message":"invocation finished","invocation_id":"inv_01m2scd55he0z7jmvfkbnrmk4t","status":"succeeded (async run)","handler_ms":6,"environment_boot_ms":1,"runtime_init_ms":12,"target":"tachyon_serverless_application::services::invoke"}
{"timestamp":"2026-09-18T04:29:16.172924Z","level":"INFO","message":"terminating bridge","environment_id":"env_01m2scd6b01kq9f544de1vnvvc","pid":829401,"reason":"Completed","graceful":true,"target":"tachyon_serverless_provider_process"}
{"timestamp":"2026-09-18T04:29:16.177119Z","level":"INFO","message":"asynchronous invocation settled","invocation_id":"inv_01m2scd55he0z7jmvfkbnrmk4t","status":"succeeded","target":"tachyon_serverless_application::services::invoke_async::dispatch"}
{"timestamp":"2026-09-18T04:29:16.178525Z","level":"INFO","message":"async dispatch: delivery handled","message_id":"inv_01m2scd55he0z7jmvfkbnrmk4t","sequence":12,"delivery_count":1,"outcome":"Completed { status: \"succeeded\" }","target":"tachyon_serverless_application::services::invoke_async::dispatch"}
{"timestamp":"2026-09-18T04:29:16.800079Z","level":"INFO","message":"SIGTERM received","target":"tachyon_serverless_gateway"}
{"timestamp":"2026-09-18T04:29:16.800109Z","level":"INFO","message":"shutdown requested; cancelling in-flight invocations","target":"tachyon_serverless_gateway"}
{"timestamp":"2026-09-18T04:29:16.800414Z","level":"INFO","message":"final usage collection","report":"CollectReport { batches: 0, read: 0, inserted: 0, duplicates: 0, cursor_seq: 75 }","target":"tachyon_serverless_gateway"}
{"timestamp":"2026-09-18T04:29:16.803128Z","level":"INFO","message":"gateway stopped","target":"tachyon_serverless_gateway"}
{"timestamp":"2026-09-18T04:29:16.803264Z","level":"INFO","message":"event: closed","target":"async_nats"}
