[chaos worker_bridge_kill_sync] begin (SIGKILL the Firecracker VMM (vsock to the guest bridge lost) of a running sync invocation) work=/home/takanorifukuyama.guest/w/tsls-chaos.pQRqqM
[chaos worker_bridge_kill_sync]   ok   workload.sync_ok sync_200_with_secret=1/1
[chaos worker_bridge_kill_sync]   ok   workload.async_accepted accepted=3 refused=0
[chaos worker_bridge_kill_sync] fault injected
[chaos worker_bridge_kill_sync] fault removed
[chaos worker_bridge_kill_sync]   ok   classify.bridge_loss_after_dispatch status=outcome_unknown Host.OutcomeUnknown client=502/outcome_unknown
[chaos worker_bridge_kill_sync]   ok   classify.client_not_200 code=502
[chaos worker_bridge_kill_sync] converged
[chaos worker_bridge_kill_sync]   ok   cleanup.environment_terminated state=failed processes=0 workdir_left=no
[chaos worker_bridge_kill_sync]   ok   recovery.next_invoke_succeeds code=200
[chaos worker_bridge_kill_sync]   ok   cv.accepted_never_lost accepted=3 missing_rows=0
[chaos worker_bridge_kill_sync]   ok   cv.accepted_all_terminal accepted=3 not_terminal=0
[chaos worker_bridge_kill_sync]   ok   cv.outcome_per_policy unexpected_outcomes=0 expected_failures=0
[chaos worker_bridge_kill_sync]   ok   cv.one_outcome_per_invocation invocations_with_>1_dead_letter=0 succeeded_but_dead_lettered=0 invocations_with_>1_succeeded_attempt=0 (re-executions, recorded)
[chaos worker_bridge_kill_sync]   ok   cv.side_effect_exactly_once orders_not_applied_exactly_once=0 executions=2
[chaos worker_bridge_kill_sync]   ok   cv.outbox_drained unsent_outbox_rows=0
[chaos worker_bridge_kill_sync]   ok   cv.ledger_all_terminal invocations=32 non_terminal=0 by_status=outcome_unknown:1,succeeded:31
[chaos worker_bridge_kill_sync]   ok   cv.jetstream_drained pending=0 ack_pending=0 stream_messages=0 redelivered=0
[chaos worker_bridge_kill_sync]   ok   cv.cron_each_time_once fires=26 distinct_times=26
[chaos worker_bridge_kill_sync]   ok   cv.usage_counted_once journal_pending=0 ledger_events=107 distinct=107 attempts_settled_twice=0 duplicates_ignored=0
[chaos worker_bridge_kill_sync]   ok   cv.every_terminal_environment_metered_once terminal environments=4 without a stop event=0 environments with a stop=4 (pooled ones report when they stop, after this check)
[chaos worker_bridge_kill_sync]   ok   cv.usage_from_cgroup_accounting environment_stopped=4 with provider_reported cgroup cpu usec and memory.peak=4 unknown=0
[chaos worker_bridge_kill_sync]   ok   cv.graceful_stop_exit_0 exit=0
[chaos worker_bridge_kill_sync]   ok   cv.no_orphan_processes bridge_or_user_processes=0 env_dirs=0
[chaos worker_bridge_kill_sync]   ok   cv.no_open_environments non_terminal_environment_rows=0
[chaos worker_bridge_kill_sync]   ok   cv.no_secret_value_on_disk files_containing_the_secret_value=0 (config excluded; /home/takanorifukuyama.guest/w/tsls-chaos.pQRqqM (data_dir, provider workdir with function/scratch drives, console and fc logs, snapshots) /srv/jailer (jails))
[chaos worker_bridge_kill_sync]   ok   cv.no_vmm_jail_cgroup_tap_or_table_left firecracker/jailer processes, /sys/fs/cgroup/tachyon/*, /srv/jailer/firecracker/*, tsls* taps, table inet tachyon_egress: 0
