
===== a start (failpoints: none) 04:32:40 =====
{"timestamp":"2026-09-18T04:32:40.977302Z","level":"INFO","message":"configuration loaded","config":"/home/takanorifukuyama.guest/w/tsls-chaos.e8gC42/gw-a.toml","target":"tachyon_serverless_gateway"}
{"timestamp":"2026-09-18T04:32:40.979615Z","level":"INFO","message":"connected successfully","server":"52261","max_payload":"1048576","target":"async_nats::connector"}
{"timestamp":"2026-09-18T04:32:40.979715Z","level":"INFO","message":"event: connected","target":"async_nats"}
{"timestamp":"2026-09-18T04:32:40.985553Z","level":"INFO","message":"JetStream queue connected and stream bootstrapped","url":"nats://127.0.0.1:52261","stream":"TACHYON_EVENTS","target":"tachyon_serverless_gateway::durable"}
{"timestamp":"2026-09-18T04:32:40.994960Z","level":"INFO","message":"state store opened","path":"/home/takanorifukuyama.guest/w/tsls-chaos.e8gC42/data/state.db","schema_version":8,"migrations_applied":"[1, 2, 3, 4, 5, 6, 7, 8]","imported_state_json":"None","settled_invocations":0,"settled_attempts":0,"settled_environments":0,"released_leases":0,"dropped_idempotency_keys":0,"purged_idempotency_keys":0,"outputs_purged":0,"target":"tachyon_serverless_application::app"}
{"timestamp":"2026-09-18T04:32:41.000500Z","level":"INFO","message":"log store opened","path":"/home/takanorifukuyama.guest/w/tsls-chaos.e8gC42/data/logs/logs.db","healthy":true,"retention_seconds":604800,"max_total_bytes":1073741824,"target":"tachyon_serverless_application::app"}
{"timestamp":"2026-09-18T04:32:41.000994Z","level":"INFO","message":"dispatcher registered","dispatcher_id":"dsp_01m2sckfh8mq3br7469h8vdkj2","instance":"chaos-a","pid":838892,"lease_ttl_seconds":6,"target":"tachyon_serverless_application::services::dispatcher"}
{"timestamp":"2026-09-18T04:32:41.009521Z","level":"INFO","message":"application bootstrapped","profile":"dev","provider":"process","dev_only":true,"environment_reuse":false,"reuse_verified":false,"reuse_reason":"[pool] enabled is false","reuse_disabled":"Some(Configuration)","idle_quiesce":"unsupported","idle_resume":"unsupported","data_dir":"/home/takanorifukuyama.guest/w/tsls-chaos.e8gC42/data","store":"sqlite","dispatcher_id":"dsp_01m2sckfh8mq3br7469h8vdkj2","node":"local","node_region":"none","node_memory_mib":"None","max_concurrency":8,"queue":"nats","objects":"filesystem","invoke_async":true,"triggers":true,"target":"tachyon_serverless_application::app"}
{"timestamp":"2026-09-18T04:32:41.009703Z","level":"INFO","message":"startup reconcile finished","provider":"process","found":0,"adopted":0,"terminated":0,"disowned":0,"failed":0,"lost":0,"foreign":0,"reclaimed_dispatchers":0,"fenced_terminated":0,"fenced_pending":0,"target":"tachyon_serverless_application::services::reconcile"}
{"timestamp":"2026-09-18T04:32:41.009760Z","level":"INFO","message":"gateway listening","addr":"127.0.0.1:60859","profile":"dev","provider":"process","target":"tachyon_serverless_gateway"}
{"timestamp":"2026-09-18T04:32:41.010880Z","level":"INFO","message":"asynchronous dispatcher started","workers":2,"owner":"dsp_01m2sckfh8mq3br7469h8vdkj2","target":"tachyon_serverless_gateway"}
{"timestamp":"2026-09-18T04:32:44.826385Z","level":"INFO","message":"revision ready","revision_id":"rev_01m2sckj459c0jpew28k03kxk8","function_id":"fn_01m2sckfsvsyj056ezmp7fkqdx","target":"tachyon_serverless_application::services::revision"}
{"timestamp":"2026-09-18T04:32:48.375589Z","level":"INFO","message":"revision ready","revision_id":"rev_01m2scknkgvr133jyh8ps2ncmy","function_id":"fn_01m2sckkawb4p4bjfz075dy2sn","target":"tachyon_serverless_application::services::revision"}
{"timestamp":"2026-09-18T04:32:52.004579Z","level":"INFO","message":"revision ready","revision_id":"rev_01m2scks4r1159rkrvg48rbwrm","function_id":"fn_01m2sckptsdsp9m86wdhx4wxgx","target":"tachyon_serverless_application::services::revision"}
{"timestamp":"2026-09-18T04:32:52.080004Z","level":"INFO","message":"trigger created","trigger_id":"trg_01m2scktbf3awh4dh3q4vp7kwb","function_id":"fn_01m2sckkawb4p4bjfz075dy2sn","kind":"cron","enabled":true,"next_fire_at":"Some(2026-09-18T04:32:54Z)","target":"tachyon_serverless_application::services::triggers"}
{"timestamp":"2026-09-18T04:32:52.085229Z","level":"INFO","message":"trigger created","trigger_id":"trg_01m2scktbme64txy7bkt4cwcvy","function_id":"fn_01m2sckkawb4p4bjfz075dy2sn","kind":"webhook","enabled":true,"next_fire_at":"None","target":"tachyon_serverless_application::services::triggers"}
{"timestamp":"2026-09-18T04:32:53.253714Z","level":"INFO","message":"bridge spawned","environment_id":"env_01m2scktcae38cc80hm12w7p7t","pid":839565,"target":"tachyon_serverless_provider_process"}
{"timestamp":"2026-09-18T04:32:53.277485Z","level":"INFO","message":"invocation finished","invocation_id":"inv_01m2scktc9qbgys9k9cjcda4rp","status":"succeeded","handler_ms":1,"environment_boot_ms":1,"runtime_init_ms":3,"target":"tachyon_serverless_application::services::invoke"}
{"timestamp":"2026-09-18T04:32:53.279412Z","level":"INFO","message":"terminating bridge","environment_id":"env_01m2scktcae38cc80hm12w7p7t","pid":839565,"reason":"Completed","graceful":true,"target":"tachyon_serverless_provider_process"}
{"timestamp":"2026-09-18T04:32:53.303188Z","level":"INFO","message":"asynchronous invocation accepted","invocation_id":"inv_01m2sckvhp2vvjse68gxap5j56","tenant_id":"tn_01hzzzzzzzzzzzzzzzzzzzzzza","revision_id":"rev_01m2sckj459c0jpew28k03kxk8","input_bytes":47,"input_storage":"inline","target":"tachyon_serverless_application::services::invoke_async"}
{"timestamp":"2026-09-18T04:32:53.306307Z","level":"INFO","message":"asynchronous run claimed","invocation_id":"inv_01m2sckvhp2vvjse68gxap5j56","attempt":1,"generation":0,"delivery_count":1,"target":"tachyon_serverless_application::services::invoke_async::dispatch"}
{"timestamp":"2026-09-18T04:32:53.327855Z","level":"INFO","message":"asynchronous invocation accepted","invocation_id":"inv_01m2sckvjca7j5mnw367z3z78b","tenant_id":"tn_01hzzzzzzzzzzzzzzzzzzzzzza","revision_id":"rev_01m2sckj459c0jpew28k03kxk8","input_bytes":4127,"input_storage":"object","target":"tachyon_serverless_application::services::invoke_async"}
{"timestamp":"2026-09-18T04:32:53.330444Z","level":"INFO","message":"asynchronous run claimed","invocation_id":"inv_01m2sckvjca7j5mnw367z3z78b","attempt":1,"generation":0,"delivery_count":1,"target":"tachyon_serverless_application::services::invoke_async::dispatch"}
{"timestamp":"2026-09-18T04:32:53.345751Z","level":"INFO","message":"asynchronous invocation accepted","invocation_id":"inv_01m2sckvk0vjfngc34dqnh8b2v","tenant_id":"tn_01hzzzzzzzzzzzzzzzzzzzzzza","revision_id":"rev_01m2scknkgvr133jyh8ps2ncmy","input_bytes":189,"input_storage":"inline","target":"tachyon_serverless_application::services::invoke_async"}
{"timestamp":"2026-09-18T04:32:53.345793Z","level":"INFO","message":"webhook trigger fired","trigger_id":"trg_01m2scktbme64txy7bkt4cwcvy","event_id":"evt-pre-w1","invocation_id":"inv_01m2sckvk0vjfngc34dqnh8b2v","revision_id":"rev_01m2scknkgvr133jyh8ps2ncmy","replayed":false,"target":"tachyon_serverless_application::services::triggers"}
{"timestamp":"2026-09-18T04:32:53.354214Z","level":"INFO","message":"trigger updated","trigger_id":"trg_01m2scktbf3awh4dh3q4vp7kwb","generation":2,"status":"disabled","next_fire_at":"None","rotated_secret":false,"target":"tachyon_serverless_application::services::triggers"}
{"timestamp":"2026-09-18T04:32:54.518042Z","level":"INFO","message":"bridge spawned","environment_id":"env_01m2sckvhtwh2amwzab58m4mpp","pid":839659,"target":"tachyon_serverless_provider_process"}
{"timestamp":"2026-09-18T04:32:54.541498Z","level":"INFO","message":"bridge spawned","environment_id":"env_01m2sckvjmfv7tstqgb4z3axr0","pid":839669,"target":"tachyon_serverless_provider_process"}
{"timestamp":"2026-09-18T04:32:54.548284Z","level":"INFO","message":"invocation finished","invocation_id":"inv_01m2sckvhp2vvjse68gxap5j56","status":"succeeded (async run)","handler_ms":4,"environment_boot_ms":1,"runtime_init_ms":11,"target":"tachyon_serverless_application::services::invoke"}
{"timestamp":"2026-09-18T04:32:54.566632Z","level":"INFO","message":"terminating bridge","environment_id":"env_01m2sckvhtwh2amwzab58m4mpp","pid":839659,"reason":"Completed","graceful":true,"target":"tachyon_serverless_provider_process"}
{"timestamp":"2026-09-18T04:32:54.570374Z","level":"INFO","message":"invocation finished","invocation_id":"inv_01m2sckvjca7j5mnw367z3z78b","status":"succeeded (async run)","handler_ms":4,"environment_boot_ms":0,"runtime_init_ms":11,"target":"tachyon_serverless_application::services::invoke"}
{"timestamp":"2026-09-18T04:32:54.572360Z","level":"INFO","message":"terminating bridge","environment_id":"env_01m2sckvjmfv7tstqgb4z3axr0","pid":839669,"reason":"Completed","graceful":true,"target":"tachyon_serverless_provider_process"}
{"timestamp":"2026-09-18T04:32:54.572366Z","level":"INFO","message":"asynchronous invocation settled","invocation_id":"inv_01m2sckvhp2vvjse68gxap5j56","status":"succeeded","target":"tachyon_serverless_application::services::invoke_async::dispatch"}
{"timestamp":"2026-09-18T04:32:54.573166Z","level":"INFO","message":"async dispatch: delivery handled","message_id":"inv_01m2sckvhp2vvjse68gxap5j56","sequence":1,"delivery_count":1,"outcome":"Completed { status: \"succeeded\" }","target":"tachyon_serverless_application::services::invoke_async::dispatch"}
{"timestamp":"2026-09-18T04:32:54.574396Z","level":"INFO","message":"asynchronous run claimed","invocation_id":"inv_01m2sckvk0vjfngc34dqnh8b2v","attempt":1,"generation":0,"delivery_count":1,"target":"tachyon_serverless_application::services::invoke_async::dispatch"}
{"timestamp":"2026-09-18T04:32:54.576276Z","level":"INFO","message":"asynchronous invocation settled","invocation_id":"inv_01m2sckvjca7j5mnw367z3z78b","status":"succeeded","target":"tachyon_serverless_application::services::invoke_async::dispatch"}
{"timestamp":"2026-09-18T04:32:54.576770Z","level":"INFO","message":"async dispatch: delivery handled","message_id":"inv_01m2sckvjca7j5mnw367z3z78b","sequence":2,"delivery_count":1,"outcome":"Completed { status: \"succeeded\" }","target":"tachyon_serverless_application::services::invoke_async::dispatch"}
{"timestamp":"2026-09-18T04:32:55.734620Z","level":"INFO","message":"bridge spawned","environment_id":"env_01m2sckwsfpby1dccfahx1kcap","pid":839694,"target":"tachyon_serverless_provider_process"}
{"timestamp":"2026-09-18T04:32:55.774576Z","level":"INFO","message":"invocation finished","invocation_id":"inv_01m2sckvk0vjfngc34dqnh8b2v","status":"succeeded (async run)","handler_ms":6,"environment_boot_ms":1,"runtime_init_ms":16,"target":"tachyon_serverless_application::services::invoke"}
{"timestamp":"2026-09-18T04:32:55.780461Z","level":"INFO","message":"terminating bridge","environment_id":"env_01m2sckwsfpby1dccfahx1kcap","pid":839694,"reason":"Completed","graceful":true,"target":"tachyon_serverless_provider_process"}
{"timestamp":"2026-09-18T04:32:55.794703Z","level":"INFO","message":"asynchronous invocation settled","invocation_id":"inv_01m2sckvk0vjfngc34dqnh8b2v","status":"succeeded","target":"tachyon_serverless_application::services::invoke_async::dispatch"}
{"timestamp":"2026-09-18T04:32:55.799118Z","level":"INFO","message":"async dispatch: delivery handled","message_id":"inv_01m2sckvk0vjfngc34dqnh8b2v","sequence":3,"delivery_count":1,"outcome":"Completed { status: \"succeeded\" }","target":"tachyon_serverless_application::services::invoke_async::dispatch"}
{"timestamp":"2026-09-18T04:32:56.015055Z","level":"INFO","message":"asynchronous invocation accepted","invocation_id":"inv_01m2scky6dyk3zhyb1xt39f6tc","tenant_id":"tn_01hzzzzzzzzzzzzzzzzzzzzzza","revision_id":"rev_01m2sckj459c0jpew28k03kxk8","input_bytes":64,"input_storage":"inline","target":"tachyon_serverless_application::services::invoke_async"}
{"timestamp":"2026-09-18T04:32:56.018047Z","level":"INFO","message":"asynchronous run claimed","invocation_id":"inv_01m2scky6dyk3zhyb1xt39f6tc","attempt":1,"generation":0,"delivery_count":1,"target":"tachyon_serverless_application::services::invoke_async::dispatch"}
{"timestamp":"2026-09-18T04:32:57.195316Z","level":"INFO","message":"bridge spawned","environment_id":"env_01m2scky6jb3arm13azm17gtsz","pid":839749,"target":"tachyon_serverless_provider_process"}
{"timestamp":"2026-09-18T04:33:31.262661Z","level":"WARN","message":"this process was not running for a while (stopped, frozen or starved): a lease that passed meanwhile is not taken back","stalled_ms":33841,"target":"tachyon_serverless_application::services::dispatcher"}
{"timestamp":"2026-09-18T04:33:31.263411Z","level":"WARN","message":"async dispatch: the claim was taken over while running; this run's outcome will be refused","invocation_id":"inv_01m2scky6dyk3zhyb1xt39f6tc","target":"tachyon_serverless_application::services::invoke_async::dispatch"}
{"timestamp":"2026-09-18T04:33:31.263639Z","level":"ERROR","message":"dispatcher lease lost: refusing new invocations; in-flight completions will be refused if another dispatcher reclaimed them","dispatcher_id":"dsp_01m2sckfh8mq3br7469h8vdkj2","target":"tachyon_serverless_application::services::dispatcher"}
{"timestamp":"2026-09-18T04:33:31.264357Z","level":"WARN","message":"stale completion refused: another dispatcher reclaimed this slot","invocation_id":"inv_01m2scky6dyk3zhyb1xt39f6tc","attempt_id":"att_01m2sckzbgmzsvz8n13meatmpb","epoch":1,"reason":"lease lse_01m2sckzbgjyvqtt3mbeh0z6vq is already released","target":"tachyon_serverless_application::services::invoke"}
{"timestamp":"2026-09-18T04:33:31.265186Z","level":"INFO","message":"object retention pass","report":"GcReport { examined: 1, collected_expired: 0, collected_orphans: 0, kept_in_use: 0, kept_referenced: 1, incomplete_removed: 0, tombstones_purged: 0, failed: 0 }","target":"tachyon_serverless_gateway"}
{"timestamp":"2026-09-18T04:33:31.267914Z","level":"WARN","message":"environment update failed","error":"refused: environment env_01m2scky6jb3arm13azm17gtsz is lost and final","environment_id":"env_01m2scky6jb3arm13azm17gtsz","target":"tachyon_serverless_application::services::invoke"}
{"timestamp":"2026-09-18T04:33:31.268014Z","level":"INFO","message":"environment fenced by a reclaim: its stop is reported by the reclaimer","environment_id":"env_01m2scky6jb3arm13azm17gtsz","target":"tachyon_serverless_application::services::invoke"}
{"timestamp":"2026-09-18T04:33:31.268279Z","level":"WARN","message":"async dispatch: the ledger failed; the message is redelivered","message_id":"inv_01m2scky6dyk3zhyb1xt39f6tc","error":"platform error: cannot requeue invocation inv_01m2scky6dyk3zhyb1xt39f6tc: Invocation is already in a terminal state (succeeded); further updates are rejected","target":"tachyon_serverless_application::services::invoke_async::dispatch"}
{"timestamp":"2026-09-18T04:33:32.915752Z","level":"INFO","message":"object retention pass","report":"GcReport { examined: 1, collected_expired: 0, collected_orphans: 0, kept_in_use: 0, kept_referenced: 1, incomplete_removed: 0, tombstones_purged: 0, failed: 0 }","target":"tachyon_serverless_gateway"}
{"timestamp":"2026-09-18T04:33:34.914438Z","level":"INFO","message":"object retention pass","report":"GcReport { examined: 1, collected_expired: 0, collected_orphans: 0, kept_in_use: 0, kept_referenced: 1, incomplete_removed: 0, tombstones_purged: 0, failed: 0 }","target":"tachyon_serverless_gateway"}
{"timestamp":"2026-09-18T04:33:36.916240Z","level":"INFO","message":"object retention pass","report":"GcReport { examined: 1, collected_expired: 0, collected_orphans: 0, kept_in_use: 0, kept_referenced: 1, incomplete_removed: 0, tombstones_purged: 0, failed: 0 }","target":"tachyon_serverless_gateway"}
{"timestamp":"2026-09-18T04:33:37.388747Z","level":"INFO","message":"SIGTERM received","target":"tachyon_serverless_gateway"}
{"timestamp":"2026-09-18T04:33:37.388771Z","level":"INFO","message":"shutdown requested; cancelling in-flight invocations","target":"tachyon_serverless_gateway"}
{"timestamp":"2026-09-18T04:33:37.389009Z","level":"INFO","message":"final usage collection","report":"CollectReport { batches: 0, read: 0, inserted: 0, duplicates: 0, cursor_seq: 30 }","target":"tachyon_serverless_gateway"}
{"timestamp":"2026-09-18T04:33:37.391888Z","level":"INFO","message":"gateway stopped","target":"tachyon_serverless_gateway"}
{"timestamp":"2026-09-18T04:33:37.392008Z","level":"INFO","message":"event: closed","target":"async_nats"}

===== a start (failpoints: none) 04:33:37 =====
{"timestamp":"2026-09-18T04:33:37.503334Z","level":"INFO","message":"configuration loaded","config":"/home/takanorifukuyama.guest/w/tsls-chaos.e8gC42/gw-a.toml","target":"tachyon_serverless_gateway"}
{"timestamp":"2026-09-18T04:33:37.505340Z","level":"INFO","message":"connected successfully","server":"52261","max_payload":"1048576","target":"async_nats::connector"}
{"timestamp":"2026-09-18T04:33:37.505442Z","level":"INFO","message":"event: connected","target":"async_nats"}
{"timestamp":"2026-09-18T04:33:37.508483Z","level":"INFO","message":"JetStream queue connected and stream bootstrapped","url":"nats://127.0.0.1:52261","stream":"TACHYON_EVENTS","target":"tachyon_serverless_gateway::durable"}
{"timestamp":"2026-09-18T04:33:37.509657Z","level":"INFO","message":"state store opened","path":"/home/takanorifukuyama.guest/w/tsls-chaos.e8gC42/data/state.db","schema_version":8,"migrations_applied":"[]","imported_state_json":"None","settled_invocations":0,"settled_attempts":0,"settled_environments":0,"released_leases":0,"dropped_idempotency_keys":0,"purged_idempotency_keys":0,"outputs_purged":0,"target":"tachyon_serverless_application::app"}
{"timestamp":"2026-09-18T04:33:37.510527Z","level":"INFO","message":"log store opened","path":"/home/takanorifukuyama.guest/w/tsls-chaos.e8gC42/data/logs/logs.db","healthy":true,"retention_seconds":604800,"max_total_bytes":1073741824,"target":"tachyon_serverless_application::app"}
{"timestamp":"2026-09-18T04:33:37.511248Z","level":"INFO","message":"dispatcher registered","dispatcher_id":"dsp_01m2scn6q6sa3xjs01rnmyvy90","instance":"chaos-a","pid":840294,"lease_ttl_seconds":6,"target":"tachyon_serverless_application::services::dispatcher"}
{"timestamp":"2026-09-18T04:33:37.512164Z","level":"INFO","message":"application bootstrapped","profile":"dev","provider":"process","dev_only":true,"environment_reuse":false,"reuse_verified":false,"reuse_reason":"[pool] enabled is false","reuse_disabled":"Some(Configuration)","idle_quiesce":"unsupported","idle_resume":"unsupported","data_dir":"/home/takanorifukuyama.guest/w/tsls-chaos.e8gC42/data","store":"sqlite","dispatcher_id":"dsp_01m2scn6q6sa3xjs01rnmyvy90","node":"local","node_region":"none","node_memory_mib":"None","max_concurrency":8,"queue":"nats","objects":"filesystem","invoke_async":true,"triggers":true,"target":"tachyon_serverless_application::app"}
{"timestamp":"2026-09-18T04:33:37.512434Z","level":"INFO","message":"startup reconcile finished","provider":"process","found":0,"adopted":0,"terminated":0,"disowned":0,"failed":0,"lost":0,"foreign":0,"reclaimed_dispatchers":0,"fenced_terminated":0,"fenced_pending":0,"target":"tachyon_serverless_application::services::reconcile"}
{"timestamp":"2026-09-18T04:33:37.512490Z","level":"INFO","message":"gateway listening","addr":"127.0.0.1:60859","profile":"dev","provider":"process","target":"tachyon_serverless_gateway"}
{"timestamp":"2026-09-18T04:33:37.513624Z","level":"INFO","message":"asynchronous dispatcher started","workers":2,"owner":"dsp_01m2scn6q6sa3xjs01rnmyvy90","target":"tachyon_serverless_gateway"}
{"timestamp":"2026-09-18T04:33:37.516434Z","level":"INFO","message":"object retention pass","report":"GcReport { examined: 1, collected_expired: 0, collected_orphans: 0, kept_in_use: 0, kept_referenced: 1, incomplete_removed: 0, tombstones_purged: 0, failed: 0 }","target":"tachyon_serverless_gateway"}
{"timestamp":"2026-09-18T04:33:38.933452Z","level":"INFO","message":"bridge spawned","environment_id":"env_01m2scn70p6evwg4hmd7pfb4s3","pid":840321,"target":"tachyon_serverless_provider_process"}
{"timestamp":"2026-09-18T04:33:38.954846Z","level":"INFO","message":"invocation finished","invocation_id":"inv_01m2scn70keqhzyhksey560vqg","status":"succeeded","handler_ms":3,"environment_boot_ms":1,"runtime_init_ms":3,"target":"tachyon_serverless_application::services::invoke"}
{"timestamp":"2026-09-18T04:33:38.957039Z","level":"INFO","message":"terminating bridge","environment_id":"env_01m2scn70p6evwg4hmd7pfb4s3","pid":840321,"reason":"Completed","graceful":true,"target":"tachyon_serverless_provider_process"}
{"timestamp":"2026-09-18T04:33:38.981343Z","level":"INFO","message":"asynchronous invocation accepted","invocation_id":"inv_01m2scn85468em5dha5bf6cgh2","tenant_id":"tn_01hzzzzzzzzzzzzzzzzzzzzzza","revision_id":"rev_01m2sckj459c0jpew28k03kxk8","input_bytes":48,"input_storage":"inline","target":"tachyon_serverless_application::services::invoke_async"}
{"timestamp":"2026-09-18T04:33:39.006736Z","level":"INFO","message":"asynchronous invocation accepted","invocation_id":"inv_01m2scn85vchg96j4zj1fh3cg1","tenant_id":"tn_01hzzzzzzzzzzzzzzzzzzzzzza","revision_id":"rev_01m2sckj459c0jpew28k03kxk8","input_bytes":4128,"input_storage":"object","target":"tachyon_serverless_application::services::invoke_async"}
{"timestamp":"2026-09-18T04:33:39.010244Z","level":"INFO","message":"asynchronous run claimed","invocation_id":"inv_01m2scn85vchg96j4zj1fh3cg1","attempt":1,"generation":0,"delivery_count":1,"target":"tachyon_serverless_application::services::invoke_async::dispatch"}
{"timestamp":"2026-09-18T04:33:39.026289Z","level":"INFO","message":"asynchronous invocation accepted","invocation_id":"inv_01m2scn86hv6e6jx2mvc32zx34","tenant_id":"tn_01hzzzzzzzzzzzzzzzzzzzzzza","revision_id":"rev_01m2scknkgvr133jyh8ps2ncmy","input_bytes":191,"input_storage":"inline","target":"tachyon_serverless_application::services::invoke_async"}
{"timestamp":"2026-09-18T04:33:39.026332Z","level":"INFO","message":"webhook trigger fired","trigger_id":"trg_01m2scktbme64txy7bkt4cwcvy","event_id":"evt-post-w1","invocation_id":"inv_01m2scn86hv6e6jx2mvc32zx34","revision_id":"rev_01m2scknkgvr133jyh8ps2ncmy","replayed":false,"target":"tachyon_serverless_application::services::triggers"}
{"timestamp":"2026-09-18T04:33:39.030695Z","level":"INFO","message":"asynchronous run claimed","invocation_id":"inv_01m2scn86hv6e6jx2mvc32zx34","attempt":1,"generation":0,"delivery_count":1,"target":"tachyon_serverless_application::services::invoke_async::dispatch"}
{"timestamp":"2026-09-18T04:33:39.515967Z","level":"INFO","message":"object retention pass","report":"GcReport { examined: 1, collected_expired: 0, collected_orphans: 0, kept_in_use: 0, kept_referenced: 1, incomplete_removed: 0, tombstones_purged: 0, failed: 0 }","target":"tachyon_serverless_gateway"}
{"timestamp":"2026-09-18T04:33:40.230770Z","level":"INFO","message":"bridge spawned","environment_id":"env_01m2scn86qh0wt74wjbthac9gg","pid":840419,"target":"tachyon_serverless_provider_process"}
{"timestamp":"2026-09-18T04:33:40.258345Z","level":"INFO","message":"bridge spawned","environment_id":"env_01m2scn8631wkse7ba1t2hjjyy","pid":840430,"target":"tachyon_serverless_provider_process"}
{"timestamp":"2026-09-18T04:33:40.258545Z","level":"INFO","message":"invocation finished","invocation_id":"inv_01m2scn86hv6e6jx2mvc32zx34","status":"succeeded (async run)","handler_ms":5,"environment_boot_ms":0,"runtime_init_ms":12,"target":"tachyon_serverless_application::services::invoke"}
{"timestamp":"2026-09-18T04:33:40.260480Z","level":"INFO","message":"terminating bridge","environment_id":"env_01m2scn86qh0wt74wjbthac9gg","pid":840419,"reason":"Completed","graceful":true,"target":"tachyon_serverless_provider_process"}
{"timestamp":"2026-09-18T04:33:40.268211Z","level":"INFO","message":"asynchronous invocation settled","invocation_id":"inv_01m2scn86hv6e6jx2mvc32zx34","status":"succeeded","target":"tachyon_serverless_application::services::invoke_async::dispatch"}
{"timestamp":"2026-09-18T04:33:40.274218Z","level":"INFO","message":"async dispatch: delivery handled","message_id":"inv_01m2scn86hv6e6jx2mvc32zx34","sequence":8,"delivery_count":1,"outcome":"Completed { status: \"succeeded\" }","target":"tachyon_serverless_application::services::invoke_async::dispatch"}
{"timestamp":"2026-09-18T04:33:40.281761Z","level":"INFO","message":"invocation finished","invocation_id":"inv_01m2scn85vchg96j4zj1fh3cg1","status":"succeeded (async run)","handler_ms":0,"environment_boot_ms":1,"runtime_init_ms":9,"target":"tachyon_serverless_application::services::invoke"}
{"timestamp":"2026-09-18T04:33:40.283560Z","level":"INFO","message":"terminating bridge","environment_id":"env_01m2scn8631wkse7ba1t2hjjyy","pid":840430,"reason":"Completed","graceful":true,"target":"tachyon_serverless_provider_process"}
{"timestamp":"2026-09-18T04:33:40.286630Z","level":"INFO","message":"asynchronous invocation settled","invocation_id":"inv_01m2scn85vchg96j4zj1fh3cg1","status":"succeeded","target":"tachyon_serverless_application::services::invoke_async::dispatch"}
{"timestamp":"2026-09-18T04:33:40.287092Z","level":"INFO","message":"async dispatch: delivery handled","message_id":"inv_01m2scn85vchg96j4zj1fh3cg1","sequence":7,"delivery_count":1,"outcome":"Completed { status: \"succeeded\" }","target":"tachyon_serverless_application::services::invoke_async::dispatch"}
{"timestamp":"2026-09-18T04:33:41.525628Z","level":"INFO","message":"object retention pass","report":"GcReport { examined: 1, collected_expired: 0, collected_orphans: 0, kept_in_use: 0, kept_referenced: 1, incomplete_removed: 0, tombstones_purged: 0, failed: 0 }","target":"tachyon_serverless_gateway"}
{"timestamp":"2026-09-18T04:33:42.772269Z","level":"INFO","message":"trigger updated","trigger_id":"trg_01m2scktbf3awh4dh3q4vp7kwb","generation":3,"status":"disabled","next_fire_at":"None","rotated_secret":false,"target":"tachyon_serverless_application::services::triggers"}
{"timestamp":"2026-09-18T04:33:42.937005Z","level":"INFO","message":"asynchronous run claimed","invocation_id":"inv_01m2scn85468em5dha5bf6cgh2","attempt":1,"generation":1,"delivery_count":1,"target":"tachyon_serverless_application::services::invoke_async::dispatch"}
{"timestamp":"2026-09-18T04:33:43.516122Z","level":"INFO","message":"object retention pass","report":"GcReport { examined: 1, collected_expired: 0, collected_orphans: 0, kept_in_use: 0, kept_referenced: 1, incomplete_removed: 0, tombstones_purged: 0, failed: 0 }","target":"tachyon_serverless_gateway"}
{"timestamp":"2026-09-18T04:33:43.516972Z","level":"WARN","message":"reclaimed the work of dispatchers that lost their lease","dispatcher_id":"dsp_01m2scn6q6sa3xjs01rnmyvy90","reclaimed_dispatchers":"[DispatcherId(dsp_01m2sckzj3rg9xxy09ep8vqkyp)]","leases":0,"invocations":0,"attempts":0,"fenced":0,"target":"tachyon_serverless_application::services::dispatcher"}
{"timestamp":"2026-09-18T04:33:44.100729Z","level":"INFO","message":"bridge spawned","environment_id":"env_01m2scnc0s88vb3ccx5f6g8q7z","pid":840551,"target":"tachyon_serverless_provider_process"}
{"timestamp":"2026-09-18T04:33:44.118791Z","level":"INFO","message":"invocation finished","invocation_id":"inv_01m2scn85468em5dha5bf6cgh2","status":"succeeded (async run)","handler_ms":3,"environment_boot_ms":1,"runtime_init_ms":3,"target":"tachyon_serverless_application::services::invoke"}
{"timestamp":"2026-09-18T04:33:44.120727Z","level":"INFO","message":"terminating bridge","environment_id":"env_01m2scnc0s88vb3ccx5f6g8q7z","pid":840551,"reason":"Completed","graceful":true,"target":"tachyon_serverless_provider_process"}
{"timestamp":"2026-09-18T04:33:44.124103Z","level":"INFO","message":"asynchronous invocation settled","invocation_id":"inv_01m2scn85468em5dha5bf6cgh2","status":"succeeded","target":"tachyon_serverless_application::services::invoke_async::dispatch"}
{"timestamp":"2026-09-18T04:33:44.125892Z","level":"INFO","message":"async dispatch: delivery handled","message_id":"inv_01m2scn85468em5dha5bf6cgh2.g1","sequence":9,"delivery_count":1,"outcome":"Completed { status: \"succeeded\" }","target":"tachyon_serverless_application::services::invoke_async::dispatch"}
{"timestamp":"2026-09-18T04:33:44.709967Z","level":"INFO","message":"SIGTERM received","target":"tachyon_serverless_gateway"}
{"timestamp":"2026-09-18T04:33:44.709996Z","level":"INFO","message":"shutdown requested; cancelling in-flight invocations","target":"tachyon_serverless_gateway"}
{"timestamp":"2026-09-18T04:33:44.710288Z","level":"INFO","message":"final usage collection","report":"CollectReport { batches: 0, read: 0, inserted: 0, duplicates: 0, cursor_seq: 51 }","target":"tachyon_serverless_gateway"}
{"timestamp":"2026-09-18T04:33:44.712914Z","level":"INFO","message":"gateway stopped","target":"tachyon_serverless_gateway"}
{"timestamp":"2026-09-18T04:33:44.713032Z","level":"INFO","message":"event: closed","target":"async_nats"}
