
===== b start (failpoints: none) 04:32:57 =====
{"timestamp":"2026-09-18T04:32:57.403694Z","level":"INFO","message":"configuration loaded","config":"/home/takanorifukuyama.guest/w/tsls-chaos.e8gC42/gw-b.toml","target":"tachyon_serverless_gateway"}
{"timestamp":"2026-09-18T04:32:57.405768Z","level":"INFO","message":"connected successfully","server":"52261","max_payload":"1048576","target":"async_nats::connector"}
{"timestamp":"2026-09-18T04:32:57.405915Z","level":"INFO","message":"event: connected","target":"async_nats"}
{"timestamp":"2026-09-18T04:32:57.408784Z","level":"INFO","message":"JetStream queue connected and stream bootstrapped","url":"nats://127.0.0.1:52261","stream":"TACHYON_EVENTS","target":"tachyon_serverless_gateway::durable"}
{"timestamp":"2026-09-18T04:32:57.410459Z","level":"INFO","message":"state store opened","path":"/home/takanorifukuyama.guest/w/tsls-chaos.e8gC42/data/state.db","schema_version":8,"migrations_applied":"[]","imported_state_json":"None","settled_invocations":0,"settled_attempts":1,"settled_environments":0,"released_leases":0,"dropped_idempotency_keys":0,"purged_idempotency_keys":0,"outputs_purged":0,"target":"tachyon_serverless_application::app"}
{"timestamp":"2026-09-18T04:32:57.411208Z","level":"INFO","message":"log store opened","path":"/home/takanorifukuyama.guest/w/tsls-chaos.e8gC42/data/logs/logs.db","healthy":true,"retention_seconds":604800,"max_total_bytes":1073741824,"target":"tachyon_serverless_application::app"}
{"timestamp":"2026-09-18T04:32:57.411727Z","level":"INFO","message":"dispatcher registered","dispatcher_id":"dsp_01m2sckzj3rg9xxy09ep8vqkyp","instance":"chaos-b","pid":839778,"lease_ttl_seconds":6,"target":"tachyon_serverless_application::services::dispatcher"}
{"timestamp":"2026-09-18T04:32:57.412611Z","level":"INFO","message":"application bootstrapped","profile":"dev","provider":"process","dev_only":true,"environment_reuse":false,"reuse_verified":false,"reuse_reason":"[pool] enabled is false","reuse_disabled":"Some(Configuration)","idle_quiesce":"unsupported","idle_resume":"unsupported","data_dir":"/home/takanorifukuyama.guest/w/tsls-chaos.e8gC42/data","store":"sqlite","dispatcher_id":"dsp_01m2sckzj3rg9xxy09ep8vqkyp","node":"local","node_region":"none","node_memory_mib":"None","max_concurrency":8,"queue":"nats","objects":"filesystem","invoke_async":true,"triggers":true,"target":"tachyon_serverless_application::app"}
{"timestamp":"2026-09-18T04:32:57.412912Z","level":"INFO","message":"startup reconcile finished","provider":"process","found":1,"adopted":0,"terminated":0,"disowned":0,"failed":0,"lost":0,"foreign":1,"reclaimed_dispatchers":0,"fenced_terminated":0,"fenced_pending":0,"target":"tachyon_serverless_application::services::reconcile"}
{"timestamp":"2026-09-18T04:32:57.412965Z","level":"INFO","message":"gateway listening","addr":"127.0.0.1:43235","profile":"dev","provider":"process","target":"tachyon_serverless_gateway"}
{"timestamp":"2026-09-18T04:32:57.414002Z","level":"INFO","message":"asynchronous dispatcher started","workers":2,"owner":"dsp_01m2sckzj3rg9xxy09ep8vqkyp","target":"tachyon_serverless_gateway"}
{"timestamp":"2026-09-18T04:32:59.420262Z","level":"INFO","message":"object retention pass","report":"GcReport { examined: 1, collected_expired: 0, collected_orphans: 0, kept_in_use: 0, kept_referenced: 1, incomplete_removed: 0, tombstones_purged: 0, failed: 0 }","target":"tachyon_serverless_gateway"}
{"timestamp":"2026-09-18T04:33:00.021096Z","level":"INFO","message":"async dispatch: delivery handled","message_id":"inv_01m2scky6dyk3zhyb1xt39f6tc","sequence":4,"delivery_count":2,"outcome":"Skipped(\"claimed\")","target":"tachyon_serverless_application::services::invoke_async::dispatch"}
{"timestamp":"2026-09-18T04:33:01.419727Z","level":"INFO","message":"object retention pass","report":"GcReport { examined: 1, collected_expired: 0, collected_orphans: 0, kept_in_use: 0, kept_referenced: 1, incomplete_removed: 0, tombstones_purged: 0, failed: 0 }","target":"tachyon_serverless_gateway"}
{"timestamp":"2026-09-18T04:33:01.423900Z","level":"INFO","message":"asynchronous invocation rescheduled","invocation_id":"inv_01m2scky6dyk3zhyb1xt39f6tc","next_attempt_at":"2026-09-18T04:33:01.515538183+00:00","counted":true,"error_type":"Host.AsyncRunAbandoned","target":"tachyon_serverless_application::services::invoke_async::dispatch"}
{"timestamp":"2026-09-18T04:33:01.424005Z","level":"INFO","message":"async reaper pass","report":"ReapReport { examined: 1, abandoned: 1, republished: 0, dead_lettered: 0, lost: 0, failed: 0 }","target":"tachyon_serverless_application::services::invoke_async::dispatch"}
{"timestamp":"2026-09-18T04:33:01.541310Z","level":"INFO","message":"asynchronous run claimed","invocation_id":"inv_01m2scky6dyk3zhyb1xt39f6tc","attempt":2,"generation":1,"delivery_count":1,"target":"tachyon_serverless_application::services::invoke_async::dispatch"}
{"timestamp":"2026-09-18T04:33:02.728275Z","level":"INFO","message":"bridge spawned","environment_id":"env_01m2scm3k6rqymtgskdjsngjgc","pid":839856,"target":"tachyon_serverless_provider_process"}
{"timestamp":"2026-09-18T04:33:03.423083Z","level":"INFO","message":"object retention pass","report":"GcReport { examined: 1, collected_expired: 0, collected_orphans: 0, kept_in_use: 0, kept_referenced: 1, incomplete_removed: 0, tombstones_purged: 0, failed: 0 }","target":"tachyon_serverless_gateway"}
{"timestamp":"2026-09-18T04:33:04.430993Z","level":"WARN","message":"reclaimed the work of dispatchers that lost their lease","dispatcher_id":"dsp_01m2sckzj3rg9xxy09ep8vqkyp","reclaimed_dispatchers":"[DispatcherId(dsp_01m2sckfh8mq3br7469h8vdkj2)]","leases":1,"invocations":0,"attempts":0,"fenced":1,"target":"tachyon_serverless_application::services::dispatcher"}
{"timestamp":"2026-09-18T04:33:04.431502Z","level":"WARN","message":"terminating orphaned bridge","environment_id":"env_01m2scky6jb3arm13azm17gtsz","pid":839749,"target":"tachyon_serverless_provider_process"}
{"timestamp":"2026-09-18T04:33:05.419811Z","level":"INFO","message":"object retention pass","report":"GcReport { examined: 1, collected_expired: 0, collected_orphans: 0, kept_in_use: 0, kept_referenced: 1, incomplete_removed: 0, tombstones_purged: 0, failed: 0 }","target":"tachyon_serverless_gateway"}
{"timestamp":"2026-09-18T04:33:05.541625Z","level":"INFO","message":"async dispatch: delivery handled","message_id":"inv_01m2scky6dyk3zhyb1xt39f6tc.g1","sequence":5,"delivery_count":2,"outcome":"Skipped(\"claimed\")","target":"tachyon_serverless_application::services::invoke_async::dispatch"}
{"timestamp":"2026-09-18T04:33:07.420081Z","level":"INFO","message":"object retention pass","report":"GcReport { examined: 1, collected_expired: 0, collected_orphans: 0, kept_in_use: 0, kept_referenced: 1, incomplete_removed: 0, tombstones_purged: 0, failed: 0 }","target":"tachyon_serverless_gateway"}
{"timestamp":"2026-09-18T04:33:07.441139Z","level":"INFO","message":"environment stop metered by a path that did not drive it","environment_id":"env_01m2scky6jb3arm13azm17gtsz","stopped_by":"reclaim","cgroup_cpu_usec":"unknown","lifetime_ms":"Some(11422)","target":"tachyon_serverless_application::services::stopped"}
{"timestamp":"2026-09-18T04:33:07.447290Z","level":"INFO","message":"fenced environment terminated and settled","environment_id":"env_01m2scky6jb3arm13azm17gtsz","owner":"Some(DispatcherId(dsp_01m2sckfh8mq3br7469h8vdkj2))","was_running":true,"target":"tachyon_serverless_application::services::reconcile"}
{"timestamp":"2026-09-18T04:33:09.425324Z","level":"INFO","message":"object retention pass","report":"GcReport { examined: 1, collected_expired: 0, collected_orphans: 0, kept_in_use: 0, kept_referenced: 1, incomplete_removed: 0, tombstones_purged: 0, failed: 0 }","target":"tachyon_serverless_gateway"}
{"timestamp":"2026-09-18T04:33:11.432593Z","level":"INFO","message":"object retention pass","report":"GcReport { examined: 1, collected_expired: 0, collected_orphans: 0, kept_in_use: 0, kept_referenced: 1, incomplete_removed: 0, tombstones_purged: 0, failed: 0 }","target":"tachyon_serverless_gateway"}
{"timestamp":"2026-09-18T04:33:11.753863Z","level":"INFO","message":"invocation finished","invocation_id":"inv_01m2scky6dyk3zhyb1xt39f6tc","status":"succeeded (async run)","handler_ms":9004,"environment_boot_ms":1,"runtime_init_ms":3,"target":"tachyon_serverless_application::services::invoke"}
{"timestamp":"2026-09-18T04:33:11.757435Z","level":"INFO","message":"terminating bridge","environment_id":"env_01m2scm3k6rqymtgskdjsngjgc","pid":839856,"reason":"Completed","graceful":true,"target":"tachyon_serverless_provider_process"}
{"timestamp":"2026-09-18T04:33:11.769682Z","level":"INFO","message":"asynchronous invocation settled","invocation_id":"inv_01m2scky6dyk3zhyb1xt39f6tc","status":"succeeded","target":"tachyon_serverless_application::services::invoke_async::dispatch"}
{"timestamp":"2026-09-18T04:33:11.770533Z","level":"INFO","message":"async dispatch: delivery handled","message_id":"inv_01m2scky6dyk3zhyb1xt39f6tc.g1","sequence":5,"delivery_count":1,"outcome":"Completed { status: \"succeeded\" }","target":"tachyon_serverless_application::services::invoke_async::dispatch"}
{"timestamp":"2026-09-18T04:33:13.420374Z","level":"INFO","message":"object retention pass","report":"GcReport { examined: 1, collected_expired: 0, collected_orphans: 0, kept_in_use: 0, kept_referenced: 1, incomplete_removed: 0, tombstones_purged: 0, failed: 0 }","target":"tachyon_serverless_gateway"}
{"timestamp":"2026-09-18T04:33:15.419090Z","level":"INFO","message":"object retention pass","report":"GcReport { examined: 1, collected_expired: 0, collected_orphans: 0, kept_in_use: 0, kept_referenced: 1, incomplete_removed: 0, tombstones_purged: 0, failed: 0 }","target":"tachyon_serverless_gateway"}
{"timestamp":"2026-09-18T04:33:17.426335Z","level":"INFO","message":"object retention pass","report":"GcReport { examined: 1, collected_expired: 0, collected_orphans: 0, kept_in_use: 0, kept_referenced: 1, incomplete_removed: 0, tombstones_purged: 0, failed: 0 }","target":"tachyon_serverless_gateway"}
{"timestamp":"2026-09-18T04:33:19.319493Z","level":"INFO","message":"object retention pass","report":"GcReport { examined: 1, collected_expired: 0, collected_orphans: 0, kept_in_use: 0, kept_referenced: 1, incomplete_removed: 0, tombstones_purged: 0, failed: 0 }","target":"tachyon_serverless_gateway"}
{"timestamp":"2026-09-18T04:33:21.321848Z","level":"INFO","message":"object retention pass","report":"GcReport { examined: 1, collected_expired: 0, collected_orphans: 0, kept_in_use: 0, kept_referenced: 1, incomplete_removed: 0, tombstones_purged: 0, failed: 0 }","target":"tachyon_serverless_gateway"}
{"timestamp":"2026-09-18T04:33:23.327024Z","level":"INFO","message":"object retention pass","report":"GcReport { examined: 1, collected_expired: 0, collected_orphans: 0, kept_in_use: 0, kept_referenced: 1, incomplete_removed: 0, tombstones_purged: 0, failed: 0 }","target":"tachyon_serverless_gateway"}
{"timestamp":"2026-09-18T04:33:25.319321Z","level":"INFO","message":"object retention pass","report":"GcReport { examined: 1, collected_expired: 0, collected_orphans: 0, kept_in_use: 0, kept_referenced: 1, incomplete_removed: 0, tombstones_purged: 0, failed: 0 }","target":"tachyon_serverless_gateway"}
{"timestamp":"2026-09-18T04:33:27.319115Z","level":"INFO","message":"object retention pass","report":"GcReport { examined: 1, collected_expired: 0, collected_orphans: 0, kept_in_use: 0, kept_referenced: 1, incomplete_removed: 0, tombstones_purged: 0, failed: 0 }","target":"tachyon_serverless_gateway"}
{"timestamp":"2026-09-18T04:33:29.323512Z","level":"INFO","message":"object retention pass","report":"GcReport { examined: 1, collected_expired: 0, collected_orphans: 0, kept_in_use: 0, kept_referenced: 1, incomplete_removed: 0, tombstones_purged: 0, failed: 0 }","target":"tachyon_serverless_gateway"}
{"timestamp":"2026-09-18T04:33:31.316665Z","level":"INFO","message":"object retention pass","report":"GcReport { examined: 1, collected_expired: 0, collected_orphans: 0, kept_in_use: 0, kept_referenced: 1, incomplete_removed: 0, tombstones_purged: 0, failed: 0 }","target":"tachyon_serverless_gateway"}
{"timestamp":"2026-09-18T04:33:33.320017Z","level":"INFO","message":"object retention pass","report":"GcReport { examined: 1, collected_expired: 0, collected_orphans: 0, kept_in_use: 0, kept_referenced: 1, incomplete_removed: 0, tombstones_purged: 0, failed: 0 }","target":"tachyon_serverless_gateway"}
{"timestamp":"2026-09-18T04:33:35.320531Z","level":"INFO","message":"object retention pass","report":"GcReport { examined: 1, collected_expired: 0, collected_orphans: 0, kept_in_use: 0, kept_referenced: 1, incomplete_removed: 0, tombstones_purged: 0, failed: 0 }","target":"tachyon_serverless_gateway"}
{"timestamp":"2026-09-18T04:33:37.316218Z","level":"INFO","message":"object retention pass","report":"GcReport { examined: 1, collected_expired: 0, collected_orphans: 0, kept_in_use: 0, kept_referenced: 1, incomplete_removed: 0, tombstones_purged: 0, failed: 0 }","target":"tachyon_serverless_gateway"}
{"timestamp":"2026-09-18T04:33:38.986598Z","level":"INFO","message":"asynchronous run claimed","invocation_id":"inv_01m2scn85468em5dha5bf6cgh2","attempt":1,"generation":0,"delivery_count":1,"target":"tachyon_serverless_application::services::invoke_async::dispatch"}
{"timestamp":"2026-09-18T04:33:39.037830Z","level":"INFO","message":"SIGTERM received","target":"tachyon_serverless_gateway"}
{"timestamp":"2026-09-18T04:33:39.037856Z","level":"INFO","message":"shutdown requested; cancelling in-flight invocations","target":"tachyon_serverless_gateway"}
{"timestamp":"2026-09-18T04:33:39.037871Z","level":"INFO","message":"cancelling in-flight invocations for shutdown","count":1,"target":"tachyon_serverless_application::services::invoke"}
{"timestamp":"2026-09-18T04:33:39.317155Z","level":"INFO","message":"object retention pass","report":"GcReport { examined: 1, collected_expired: 0, collected_orphans: 0, kept_in_use: 0, kept_referenced: 1, incomplete_removed: 0, tombstones_purged: 0, failed: 0 }","target":"tachyon_serverless_gateway"}
{"timestamp":"2026-09-18T04:33:40.220198Z","level":"INFO","message":"bridge spawned","environment_id":"env_01m2scn85b0pve0hckavpcstwr","pid":840414,"target":"tachyon_serverless_provider_process"}
{"timestamp":"2026-09-18T04:33:40.222641Z","level":"INFO","message":"terminating bridge","environment_id":"env_01m2scn85b0pve0hckavpcstwr","pid":840414,"reason":"Shutdown","graceful":true,"target":"tachyon_serverless_provider_process"}
{"timestamp":"2026-09-18T04:33:41.321530Z","level":"INFO","message":"object retention pass","report":"GcReport { examined: 1, collected_expired: 0, collected_orphans: 0, kept_in_use: 0, kept_referenced: 1, incomplete_removed: 0, tombstones_purged: 0, failed: 0 }","target":"tachyon_serverless_gateway"}
{"timestamp":"2026-09-18T04:33:42.731679Z","level":"INFO","message":"asynchronous invocation rescheduled","invocation_id":"inv_01m2scn85468em5dha5bf6cgh2","next_attempt_at":"2026-09-18T04:33:42.835251635+00:00","counted":false,"error_type":"Host.GatewayShutdown","target":"tachyon_serverless_application::services::invoke_async::dispatch"}
{"timestamp":"2026-09-18T04:33:42.734697Z","level":"INFO","message":"async dispatch: delivery handled","message_id":"inv_01m2scn85468em5dha5bf6cgh2","sequence":6,"delivery_count":1,"outcome":"Rescheduled { next_attempt_at: 2026-09-18T04:33:42.835251635Z, counted: false }","target":"tachyon_serverless_application::services::invoke_async::dispatch"}
{"timestamp":"2026-09-18T04:33:42.738847Z","level":"INFO","message":"final usage collection","report":"CollectReport { batches: 1, read: 1, inserted: 1, duplicates: 0, cursor_seq: 46 }","target":"tachyon_serverless_gateway"}
{"timestamp":"2026-09-18T04:33:42.746461Z","level":"INFO","message":"gateway stopped","target":"tachyon_serverless_gateway"}
{"timestamp":"2026-09-18T04:33:42.747056Z","level":"INFO","message":"event: closed","target":"async_nats"}
