
===== a start (failpoints: none) 04:08:48 =====
{"timestamp":"2026-09-18T04:08:48.312324Z","level":"INFO","message":"configuration loaded","config":"/home/takanorifukuyama.guest/w/tsls-chaos.3Ql751/gw-a.toml","target":"tachyon_serverless_gateway"}
{"timestamp":"2026-09-18T04:08:48.314876Z","level":"INFO","message":"connected successfully","server":"58145","max_payload":"1048576","target":"async_nats::connector"}
{"timestamp":"2026-09-18T04:08:48.315037Z","level":"INFO","message":"event: connected","target":"async_nats"}
{"timestamp":"2026-09-18T04:08:48.320779Z","level":"INFO","message":"JetStream queue connected and stream bootstrapped","url":"nats://127.0.0.1:58145","stream":"TACHYON_EVENTS","target":"tachyon_serverless_gateway::durable"}
{"timestamp":"2026-09-18T04:08:48.332201Z","level":"INFO","message":"state store opened","path":"/home/takanorifukuyama.guest/w/tsls-chaos.3Ql751/data/state.db","schema_version":8,"migrations_applied":"[1, 2, 3, 4, 5, 6, 7, 8]","imported_state_json":"None","settled_invocations":0,"settled_attempts":0,"settled_environments":0,"released_leases":0,"dropped_idempotency_keys":0,"purged_idempotency_keys":0,"outputs_purged":0,"target":"tachyon_serverless_application::app"}
{"timestamp":"2026-09-18T04:08:48.338556Z","level":"INFO","message":"log store opened","path":"/home/takanorifukuyama.guest/w/tsls-chaos.3Ql751/data/logs/logs.db","healthy":true,"retention_seconds":604800,"max_total_bytes":1073741824,"target":"tachyon_serverless_application::app"}
{"timestamp":"2026-09-18T04:08:48.339053Z","level":"INFO","message":"dispatcher registered","dispatcher_id":"dsp_01m2sb7rej3fh2ec19prdr4nz9","instance":"chaos-a","pid":802044,"lease_ttl_seconds":6,"target":"tachyon_serverless_application::services::dispatcher"}
{"timestamp":"2026-09-18T04:08:48.348450Z","level":"INFO","message":"application bootstrapped","profile":"dev","provider":"process","dev_only":true,"environment_reuse":false,"reuse_verified":false,"reuse_reason":"[pool] enabled is false","reuse_disabled":"Some(Configuration)","idle_quiesce":"unsupported","idle_resume":"unsupported","data_dir":"/home/takanorifukuyama.guest/w/tsls-chaos.3Ql751/data","store":"sqlite","dispatcher_id":"dsp_01m2sb7rej3fh2ec19prdr4nz9","node":"local","node_region":"none","node_memory_mib":"None","max_concurrency":8,"queue":"nats","objects":"filesystem","invoke_async":true,"triggers":true,"target":"tachyon_serverless_application::app"}
{"timestamp":"2026-09-18T04:08:48.348630Z","level":"INFO","message":"startup reconcile finished","provider":"process","found":0,"adopted":0,"terminated":0,"disowned":0,"failed":0,"lost":0,"foreign":0,"reclaimed_dispatchers":0,"fenced_terminated":0,"fenced_pending":0,"target":"tachyon_serverless_application::services::reconcile"}
{"timestamp":"2026-09-18T04:08:48.348692Z","level":"INFO","message":"gateway listening","addr":"127.0.0.1:50231","profile":"dev","provider":"process","target":"tachyon_serverless_gateway"}
{"timestamp":"2026-09-18T04:08:48.349767Z","level":"INFO","message":"asynchronous dispatcher started","workers":2,"owner":"dsp_01m2sb7rej3fh2ec19prdr4nz9","target":"tachyon_serverless_gateway"}
{"timestamp":"2026-09-18T04:08:52.261399Z","level":"INFO","message":"revision ready","revision_id":"rev_01m2sb7v3js1vs6vq6mbdmcz4n","function_id":"fn_01m2sb7rq5qz2pccav33n4xadf","target":"tachyon_serverless_application::services::revision"}
{"timestamp":"2026-09-18T04:08:55.885684Z","level":"INFO","message":"revision ready","revision_id":"rev_01m2sb7ymvm90b6adgknkd31dk","function_id":"fn_01m2sb7wakwnc6wcek1wj4tsha","target":"tachyon_serverless_application::services::revision"}
{"timestamp":"2026-09-18T04:08:59.554227Z","level":"INFO","message":"revision ready","revision_id":"rev_01m2sb8275t45zxfcd0482qqtf","function_id":"fn_01m2sb7zw2b0q3dzxyfwtkwkmg","target":"tachyon_serverless_application::services::revision"}
{"timestamp":"2026-09-18T04:08:59.590555Z","level":"INFO","message":"trigger created","trigger_id":"trg_01m2sb83e53qzbzz8fcgbjbjgj","function_id":"fn_01m2sb7wakwnc6wcek1wj4tsha","kind":"cron","enabled":true,"next_fire_at":"Some(2026-09-18T04:09:00Z)","target":"tachyon_serverless_application::services::triggers"}
{"timestamp":"2026-09-18T04:08:59.595801Z","level":"INFO","message":"trigger created","trigger_id":"trg_01m2sb83ebd19rfgn6sf4mg0a0","function_id":"fn_01m2sb7wakwnc6wcek1wj4tsha","kind":"webhook","enabled":true,"next_fire_at":"None","target":"tachyon_serverless_application::services::triggers"}
{"timestamp":"2026-09-18T04:09:00.002520Z","level":"INFO","message":"asynchronous invocation accepted","invocation_id":"inv_01m2sb83v1gckqrpc9bskcyxtv","tenant_id":"tn_01hzzzzzzzzzzzzzzzzzzzzzza","revision_id":"rev_01m2sb7ymvm90b6adgknkd31dk","input_bytes":180,"input_storage":"inline","target":"tachyon_serverless_application::services::invoke_async"}
{"timestamp":"2026-09-18T04:09:00.002566Z","level":"INFO","message":"cron trigger fired","trigger_id":"trg_01m2sb83e53qzbzz8fcgbjbjgj","scheduled_at":"2026-09-18T04:09:00Z","invocation_id":"inv_01m2sb83v1gckqrpc9bskcyxtv","revision_id":"rev_01m2sb7ymvm90b6adgknkd31dk","replayed":false,"target":"tachyon_serverless_application::services::triggers"}
{"timestamp":"2026-09-18T04:09:00.006191Z","level":"INFO","message":"asynchronous run claimed","invocation_id":"inv_01m2sb83v1gckqrpc9bskcyxtv","attempt":1,"generation":0,"delivery_count":1,"target":"tachyon_serverless_application::services::invoke_async::dispatch"}
{"timestamp":"2026-09-18T04:09:00.780899Z","level":"INFO","message":"bridge spawned","environment_id":"env_01m2sb83eqcn9d7rescry3mdvz","pid":802737,"target":"tachyon_serverless_provider_process"}
{"timestamp":"2026-09-18T04:09:00.801727Z","level":"INFO","message":"invocation finished","invocation_id":"inv_01m2sb83epprmcavd4e6w0y9xc","status":"succeeded","handler_ms":4,"environment_boot_ms":2,"runtime_init_ms":4,"target":"tachyon_serverless_application::services::invoke"}
{"timestamp":"2026-09-18T04:09:00.803881Z","level":"INFO","message":"terminating bridge","environment_id":"env_01m2sb83eqcn9d7rescry3mdvz","pid":802737,"reason":"Completed","graceful":true,"target":"tachyon_serverless_provider_process"}
{"timestamp":"2026-09-18T04:09:00.829064Z","level":"INFO","message":"asynchronous invocation accepted","invocation_id":"inv_01m2sb84mvrjxafbn2vx26nx0t","tenant_id":"tn_01hzzzzzzzzzzzzzzzzzzzzzza","revision_id":"rev_01m2sb7v3js1vs6vq6mbdmcz4n","input_bytes":47,"input_storage":"inline","target":"tachyon_serverless_application::services::invoke_async"}
{"timestamp":"2026-09-18T04:09:00.832029Z","level":"INFO","message":"asynchronous run claimed","invocation_id":"inv_01m2sb84mvrjxafbn2vx26nx0t","attempt":1,"generation":0,"delivery_count":1,"target":"tachyon_serverless_application::services::invoke_async::dispatch"}
{"timestamp":"2026-09-18T04:09:00.855211Z","level":"INFO","message":"asynchronous invocation accepted","invocation_id":"inv_01m2sb84nk5sjs40864aq35dph","tenant_id":"tn_01hzzzzzzzzzzzzzzzzzzzzzza","revision_id":"rev_01m2sb7v3js1vs6vq6mbdmcz4n","input_bytes":4127,"input_storage":"object","target":"tachyon_serverless_application::services::invoke_async"}
{"timestamp":"2026-09-18T04:09:00.872996Z","level":"INFO","message":"asynchronous invocation accepted","invocation_id":"inv_01m2sb84p8bzrv7btf5g9r7hz8","tenant_id":"tn_01hzzzzzzzzzzzzzzzzzzzzzza","revision_id":"rev_01m2sb7ymvm90b6adgknkd31dk","input_bytes":189,"input_storage":"inline","target":"tachyon_serverless_application::services::invoke_async"}
{"timestamp":"2026-09-18T04:09:00.873056Z","level":"INFO","message":"webhook trigger fired","trigger_id":"trg_01m2sb83ebd19rfgn6sf4mg0a0","event_id":"evt-pre-w1","invocation_id":"inv_01m2sb84p8bzrv7btf5g9r7hz8","revision_id":"rev_01m2sb7ymvm90b6adgknkd31dk","replayed":false,"target":"tachyon_serverless_application::services::triggers"}
{"timestamp":"2026-09-18T04:09:01.215378Z","level":"INFO","message":"bridge spawned","environment_id":"env_01m2sb83v6zsbbv2s5xqw85zb5","pid":802814,"target":"tachyon_serverless_provider_process"}
{"timestamp":"2026-09-18T04:09:01.244953Z","level":"INFO","message":"invocation finished","invocation_id":"inv_01m2sb83v1gckqrpc9bskcyxtv","status":"succeeded (async run)","handler_ms":3,"environment_boot_ms":1,"runtime_init_ms":9,"target":"tachyon_serverless_application::services::invoke"}
{"timestamp":"2026-09-18T04:09:01.252654Z","level":"INFO","message":"terminating bridge","environment_id":"env_01m2sb83v6zsbbv2s5xqw85zb5","pid":802814,"reason":"Completed","graceful":true,"target":"tachyon_serverless_provider_process"}
{"timestamp":"2026-09-18T04:09:01.257666Z","level":"INFO","message":"asynchronous invocation settled","invocation_id":"inv_01m2sb83v1gckqrpc9bskcyxtv","status":"succeeded","target":"tachyon_serverless_application::services::invoke_async::dispatch"}
{"timestamp":"2026-09-18T04:09:01.258971Z","level":"INFO","message":"async dispatch: delivery handled","message_id":"inv_01m2sb83v1gckqrpc9bskcyxtv","sequence":1,"delivery_count":1,"outcome":"Completed { status: \"succeeded\" }","target":"tachyon_serverless_application::services::invoke_async::dispatch"}
{"timestamp":"2026-09-18T04:09:01.259987Z","level":"INFO","message":"asynchronous run claimed","invocation_id":"inv_01m2sb84nk5sjs40864aq35dph","attempt":1,"generation":0,"delivery_count":1,"target":"tachyon_serverless_application::services::invoke_async::dispatch"}
{"timestamp":"2026-09-18T04:09:02.003619Z","level":"INFO","message":"asynchronous invocation accepted","invocation_id":"inv_01m2sb85sj524hg5yztg9pmbrp","tenant_id":"tn_01hzzzzzzzzzzzzzzzzzzzzzza","revision_id":"rev_01m2sb7ymvm90b6adgknkd31dk","input_bytes":180,"input_storage":"inline","target":"tachyon_serverless_application::services::invoke_async"}
{"timestamp":"2026-09-18T04:09:02.003671Z","level":"INFO","message":"cron trigger fired","trigger_id":"trg_01m2sb83e53qzbzz8fcgbjbjgj","scheduled_at":"2026-09-18T04:09:02Z","invocation_id":"inv_01m2sb85sj524hg5yztg9pmbrp","revision_id":"rev_01m2sb7ymvm90b6adgknkd31dk","replayed":false,"target":"tachyon_serverless_application::services::triggers"}
{"timestamp":"2026-09-18T04:09:02.087309Z","level":"INFO","message":"bridge spawned","environment_id":"env_01m2sb84pjam18zzm2996tp1q4","pid":802824,"target":"tachyon_serverless_provider_process"}
{"timestamp":"2026-09-18T04:09:02.093024Z","level":"INFO","message":"bridge spawned","environment_id":"env_01m2sb84n00p6zjes0t6qmcjbj","pid":802829,"target":"tachyon_serverless_provider_process"}
{"timestamp":"2026-09-18T04:09:02.145737Z","level":"INFO","message":"invocation finished","invocation_id":"inv_01m2sb84phf0bfxzj57a3wscz8","status":"succeeded","handler_ms":0,"environment_boot_ms":2,"runtime_init_ms":23,"target":"tachyon_serverless_application::services::invoke"}
{"timestamp":"2026-09-18T04:09:02.146482Z","level":"INFO","message":"invocation finished","invocation_id":"inv_01m2sb84mvrjxafbn2vx26nx0t","status":"succeeded (async run)","handler_ms":1,"environment_boot_ms":1,"runtime_init_ms":21,"target":"tachyon_serverless_application::services::invoke"}
{"timestamp":"2026-09-18T04:09:02.147742Z","level":"INFO","message":"terminating bridge","environment_id":"env_01m2sb84n00p6zjes0t6qmcjbj","pid":802829,"reason":"Completed","graceful":true,"target":"tachyon_serverless_provider_process"}
{"timestamp":"2026-09-18T04:09:02.147750Z","level":"INFO","message":"terminating bridge","environment_id":"env_01m2sb84pjam18zzm2996tp1q4","pid":802824,"reason":"Completed","graceful":true,"target":"tachyon_serverless_provider_process"}
{"timestamp":"2026-09-18T04:09:02.151373Z","level":"INFO","message":"asynchronous invocation settled","invocation_id":"inv_01m2sb84mvrjxafbn2vx26nx0t","status":"succeeded","target":"tachyon_serverless_application::services::invoke_async::dispatch"}
{"timestamp":"2026-09-18T04:09:02.153280Z","level":"INFO","message":"async dispatch: delivery handled","message_id":"inv_01m2sb84mvrjxafbn2vx26nx0t","sequence":2,"delivery_count":1,"outcome":"Completed { status: \"succeeded\" }","target":"tachyon_serverless_application::services::invoke_async::dispatch"}
{"timestamp":"2026-09-18T04:09:02.154245Z","level":"INFO","message":"asynchronous run claimed","invocation_id":"inv_01m2sb84p8bzrv7btf5g9r7hz8","attempt":1,"generation":0,"delivery_count":1,"target":"tachyon_serverless_application::services::invoke_async::dispatch"}
{"timestamp":"2026-09-18T04:09:02.179408Z","level":"INFO","message":"asynchronous invocation accepted","invocation_id":"inv_01m2sb85z1g6tmqd5bvywkg34q","tenant_id":"tn_01hzzzzzzzzzzzzzzzzzzzzzza","revision_id":"rev_01m2sb7v3js1vs6vq6mbdmcz4n","input_bytes":47,"input_storage":"inline","target":"tachyon_serverless_application::services::invoke_async"}
{"timestamp":"2026-09-18T04:09:02.203394Z","level":"INFO","message":"asynchronous invocation accepted","invocation_id":"inv_01m2sb85zrzt855jn3taxqn6xt","tenant_id":"tn_01hzzzzzzzzzzzzzzzzzzzzzza","revision_id":"rev_01m2sb7v3js1vs6vq6mbdmcz4n","input_bytes":4127,"input_storage":"object","target":"tachyon_serverless_application::services::invoke_async"}
{"timestamp":"2026-09-18T04:09:02.219839Z","level":"INFO","message":"asynchronous invocation accepted","invocation_id":"inv_01m2sb860afmxcsw01m0aj4v1h","tenant_id":"tn_01hzzzzzzzzzzzzzzzzzzzzzza","revision_id":"rev_01m2sb7ymvm90b6adgknkd31dk","input_bytes":189,"input_storage":"inline","target":"tachyon_serverless_application::services::invoke_async"}
{"timestamp":"2026-09-18T04:09:02.219890Z","level":"INFO","message":"webhook trigger fired","trigger_id":"trg_01m2sb83ebd19rfgn6sf4mg0a0","event_id":"evt-pre-w2","invocation_id":"inv_01m2sb860afmxcsw01m0aj4v1h","revision_id":"rev_01m2sb7ymvm90b6adgknkd31dk","replayed":false,"target":"tachyon_serverless_application::services::triggers"}
{"timestamp":"2026-09-18T04:09:02.229911Z","level":"INFO","message":"trigger updated","trigger_id":"trg_01m2sb83e53qzbzz8fcgbjbjgj","generation":2,"status":"disabled","next_fire_at":"None","rotated_secret":false,"target":"tachyon_serverless_application::services::triggers"}
{"timestamp":"2026-09-18T04:09:02.231702Z","level":"INFO","message":"SIGTERM received","target":"tachyon_serverless_gateway"}
{"timestamp":"2026-09-18T04:09:02.231715Z","level":"INFO","message":"shutdown requested; cancelling in-flight invocations","target":"tachyon_serverless_gateway"}
{"timestamp":"2026-09-18T04:09:02.231728Z","level":"INFO","message":"cancelling in-flight invocations for shutdown","count":2,"target":"tachyon_serverless_application::services::invoke"}
{"timestamp":"2026-09-18T04:09:02.513322Z","level":"INFO","message":"bridge spawned","environment_id":"env_01m2sb852d11nwscpwrmf0qm5r","pid":802924,"target":"tachyon_serverless_provider_process"}
{"timestamp":"2026-09-18T04:09:02.515323Z","level":"INFO","message":"terminating bridge","environment_id":"env_01m2sb852d11nwscpwrmf0qm5r","pid":802924,"reason":"Shutdown","graceful":true,"target":"tachyon_serverless_provider_process"}
{"timestamp":"2026-09-18T04:09:03.354652Z","level":"INFO","message":"bridge spawned","environment_id":"env_01m2sb85yagapfr9ymkx3y0ekm","pid":802938,"target":"tachyon_serverless_provider_process"}
{"timestamp":"2026-09-18T04:09:03.355601Z","level":"INFO","message":"terminating bridge","environment_id":"env_01m2sb85yagapfr9ymkx3y0ekm","pid":802938,"reason":"Shutdown","graceful":true,"target":"tachyon_serverless_provider_process"}
{"timestamp":"2026-09-18T04:09:05.024309Z","level":"INFO","message":"asynchronous invocation rescheduled","invocation_id":"inv_01m2sb84nk5sjs40864aq35dph","next_attempt_at":"2026-09-18T04:09:05.199261739+00:00","counted":false,"error_type":"Host.GatewayShutdown","target":"tachyon_serverless_application::services::invoke_async::dispatch"}
{"timestamp":"2026-09-18T04:09:05.026539Z","level":"INFO","message":"async dispatch: delivery handled","message_id":"inv_01m2sb84nk5sjs40864aq35dph","sequence":3,"delivery_count":1,"outcome":"Rescheduled { next_attempt_at: 2026-09-18T04:09:05.199261739Z, counted: false }","target":"tachyon_serverless_application::services::invoke_async::dispatch"}
{"timestamp":"2026-09-18T04:09:05.867080Z","level":"INFO","message":"asynchronous invocation rescheduled","invocation_id":"inv_01m2sb84p8bzrv7btf5g9r7hz8","next_attempt_at":"2026-09-18T04:09:06.141286693+00:00","counted":false,"error_type":"Host.GatewayShutdown","target":"tachyon_serverless_application::services::invoke_async::dispatch"}
{"timestamp":"2026-09-18T04:09:05.870736Z","level":"INFO","message":"async dispatch: delivery handled","message_id":"inv_01m2sb84p8bzrv7btf5g9r7hz8","sequence":4,"delivery_count":1,"outcome":"Rescheduled { next_attempt_at: 2026-09-18T04:09:06.141286693Z, counted: false }","target":"tachyon_serverless_application::services::invoke_async::dispatch"}
{"timestamp":"2026-09-18T04:09:05.874619Z","level":"INFO","message":"final usage collection","report":"CollectReport { batches: 1, read: 1, inserted: 1, duplicates: 0, cursor_seq: 22 }","target":"tachyon_serverless_gateway"}
{"timestamp":"2026-09-18T04:09:05.880354Z","level":"INFO","message":"gateway stopped","target":"tachyon_serverless_gateway"}
{"timestamp":"2026-09-18T04:09:05.880938Z","level":"INFO","message":"event: closed","target":"async_nats"}

===== a start (failpoints: accept.after_object_put=kill) 04:09:06 =====
{"timestamp":"2026-09-18T04:09:06.018535Z","level":"INFO","message":"configuration loaded","config":"/home/takanorifukuyama.guest/w/tsls-chaos.3Ql751/gw-a.toml","target":"tachyon_serverless_gateway"}
{"timestamp":"2026-09-18T04:09:06.021790Z","level":"INFO","message":"connected successfully","server":"58145","max_payload":"1048576","target":"async_nats::connector"}
{"timestamp":"2026-09-18T04:09:06.022044Z","level":"INFO","message":"event: connected","target":"async_nats"}
{"timestamp":"2026-09-18T04:09:06.027853Z","level":"INFO","message":"JetStream queue connected and stream bootstrapped","url":"nats://127.0.0.1:58145","stream":"TACHYON_EVENTS","target":"tachyon_serverless_gateway::durable"}
{"timestamp":"2026-09-18T04:09:06.030286Z","level":"INFO","message":"state store opened","path":"/home/takanorifukuyama.guest/w/tsls-chaos.3Ql751/data/state.db","schema_version":8,"migrations_applied":"[]","imported_state_json":"None","settled_invocations":0,"settled_attempts":0,"settled_environments":0,"released_leases":0,"dropped_idempotency_keys":0,"purged_idempotency_keys":0,"outputs_purged":0,"target":"tachyon_serverless_application::app"}
{"timestamp":"2026-09-18T04:09:06.032681Z","level":"INFO","message":"log store opened","path":"/home/takanorifukuyama.guest/w/tsls-chaos.3Ql751/data/logs/logs.db","healthy":true,"retention_seconds":604800,"max_total_bytes":1073741824,"target":"tachyon_serverless_application::app"}
{"timestamp":"2026-09-18T04:09:06.034444Z","level":"INFO","message":"dispatcher registered","dispatcher_id":"dsp_01m2sb89qg9ry8xz7dnp0tyq3k","instance":"chaos-a","pid":802974,"lease_ttl_seconds":6,"target":"tachyon_serverless_application::services::dispatcher"}
{"timestamp":"2026-09-18T04:09:06.035476Z","level":"WARN","message":"reclaimed the work of dispatchers that lost their lease","dispatcher_id":"dsp_01m2sb89qg9ry8xz7dnp0tyq3k","reclaimed_dispatchers":"[DispatcherId(dsp_01m2sb7rej3fh2ec19prdr4nz9)]","leases":0,"invocations":0,"attempts":0,"fenced":0,"target":"tachyon_serverless_application::services::dispatcher"}
{"timestamp":"2026-09-18T04:09:06.036877Z","level":"WARN","message":"failpoint armed from TSLS_FAILPOINTS","name":"accept.after_object_put","action":"Kill","count":"None","target":"tachyon_serverless_application::failpoints"}
{"timestamp":"2026-09-18T04:09:06.036961Z","level":"INFO","message":"application bootstrapped","profile":"dev","provider":"process","dev_only":true,"environment_reuse":false,"reuse_verified":false,"reuse_reason":"[pool] enabled is false","reuse_disabled":"Some(Configuration)","idle_quiesce":"unsupported","idle_resume":"unsupported","data_dir":"/home/takanorifukuyama.guest/w/tsls-chaos.3Ql751/data","store":"sqlite","dispatcher_id":"dsp_01m2sb89qg9ry8xz7dnp0tyq3k","node":"local","node_region":"none","node_memory_mib":"None","max_concurrency":8,"queue":"nats","objects":"filesystem","invoke_async":true,"triggers":true,"target":"tachyon_serverless_application::app"}
{"timestamp":"2026-09-18T04:09:06.037389Z","level":"INFO","message":"startup reconcile finished","provider":"process","found":0,"adopted":0,"terminated":0,"disowned":0,"failed":0,"lost":0,"foreign":0,"reclaimed_dispatchers":0,"fenced_terminated":0,"fenced_pending":0,"target":"tachyon_serverless_application::services::reconcile"}
{"timestamp":"2026-09-18T04:09:06.037540Z","level":"INFO","message":"gateway listening","addr":"127.0.0.1:50231","profile":"dev","provider":"process","target":"tachyon_serverless_gateway"}
{"timestamp":"2026-09-18T04:09:06.039417Z","level":"INFO","message":"asynchronous dispatcher started","workers":2,"owner":"dsp_01m2sb89qg9ry8xz7dnp0tyq3k","target":"tachyon_serverless_gateway"}
{"timestamp":"2026-09-18T04:09:06.044719Z","level":"INFO","message":"asynchronous run claimed","invocation_id":"inv_01m2sb85sj524hg5yztg9pmbrp","attempt":1,"generation":0,"delivery_count":1,"target":"tachyon_serverless_application::services::invoke_async::dispatch"}
{"timestamp":"2026-09-18T04:09:06.046042Z","level":"INFO","message":"asynchronous run claimed","invocation_id":"inv_01m2sb85z1g6tmqd5bvywkg34q","attempt":1,"generation":0,"delivery_count":1,"target":"tachyon_serverless_application::services::invoke_async::dispatch"}
{"timestamp":"2026-09-18T04:09:06.294485Z","level":"ERROR","message":"failpoint fired: SIGKILL","name":"accept.after_object_put","target":"tachyon_serverless_application::failpoints"}

===== a start (failpoints: none) 04:09:06 =====
{"timestamp":"2026-09-18T04:09:06.305889Z","level":"INFO","message":"configuration loaded","config":"/home/takanorifukuyama.guest/w/tsls-chaos.3Ql751/gw-a.toml","target":"tachyon_serverless_gateway"}
{"timestamp":"2026-09-18T04:09:06.307660Z","level":"INFO","message":"connected successfully","server":"58145","max_payload":"1048576","target":"async_nats::connector"}
{"timestamp":"2026-09-18T04:09:06.307751Z","level":"INFO","message":"event: connected","target":"async_nats"}
{"timestamp":"2026-09-18T04:09:06.309894Z","level":"INFO","message":"JetStream queue connected and stream bootstrapped","url":"nats://127.0.0.1:58145","stream":"TACHYON_EVENTS","target":"tachyon_serverless_gateway::durable"}
{"timestamp":"2026-09-18T04:09:06.311091Z","level":"INFO","message":"state store opened","path":"/home/takanorifukuyama.guest/w/tsls-chaos.3Ql751/data/state.db","schema_version":8,"migrations_applied":"[]","imported_state_json":"None","settled_invocations":0,"settled_attempts":0,"settled_environments":0,"released_leases":0,"dropped_idempotency_keys":0,"purged_idempotency_keys":0,"outputs_purged":0,"target":"tachyon_serverless_application::app"}
{"timestamp":"2026-09-18T04:09:06.311937Z","level":"INFO","message":"log store opened","path":"/home/takanorifukuyama.guest/w/tsls-chaos.3Ql751/data/logs/logs.db","healthy":true,"retention_seconds":604800,"max_total_bytes":1073741824,"target":"tachyon_serverless_application::app"}
{"timestamp":"2026-09-18T04:09:06.312488Z","level":"INFO","message":"dispatcher registered","dispatcher_id":"dsp_01m2sb8a07tdtqq2nb29v0wctv","instance":"chaos-a","pid":803007,"lease_ttl_seconds":6,"target":"tachyon_serverless_application::services::dispatcher"}
{"timestamp":"2026-09-18T04:09:06.313433Z","level":"WARN","message":"reclaimed the work of dispatchers that lost their lease","dispatcher_id":"dsp_01m2sb8a07tdtqq2nb29v0wctv","reclaimed_dispatchers":"[DispatcherId(dsp_01m2sb89qg9ry8xz7dnp0tyq3k)]","leases":0,"invocations":0,"attempts":0,"fenced":2,"target":"tachyon_serverless_application::services::dispatcher"}
{"timestamp":"2026-09-18T04:09:06.314170Z","level":"INFO","message":"application bootstrapped","profile":"dev","provider":"process","dev_only":true,"environment_reuse":false,"reuse_verified":false,"reuse_reason":"[pool] enabled is false","reuse_disabled":"Some(Configuration)","idle_quiesce":"unsupported","idle_resume":"unsupported","data_dir":"/home/takanorifukuyama.guest/w/tsls-chaos.3Ql751/data","store":"sqlite","dispatcher_id":"dsp_01m2sb8a07tdtqq2nb29v0wctv","node":"local","node_region":"none","node_memory_mib":"None","max_concurrency":8,"queue":"nats","objects":"filesystem","invoke_async":true,"triggers":true,"target":"tachyon_serverless_application::app"}
{"timestamp":"2026-09-18T04:09:06.314518Z","level":"INFO","message":"environment stop metered by a path that did not drive it","environment_id":"env_01m2sb89qy0t35197hh7298qk7","stopped_by":"reclaim","cgroup_cpu_usec":"unknown","lifetime_ms":"Some(268)","target":"tachyon_serverless_application::services::stopped"}
{"timestamp":"2026-09-18T04:09:06.315815Z","level":"INFO","message":"fenced environment terminated and settled","environment_id":"env_01m2sb89qy0t35197hh7298qk7","owner":"Some(DispatcherId(dsp_01m2sb89qg9ry8xz7dnp0tyq3k))","was_running":false,"target":"tachyon_serverless_application::services::reconcile"}
{"timestamp":"2026-09-18T04:09:06.315871Z","level":"INFO","message":"environment stop metered by a path that did not drive it","environment_id":"env_01m2sb89qy6eewj5rj8m13n74v","stopped_by":"reclaim","cgroup_cpu_usec":"unknown","lifetime_ms":"Some(269)","target":"tachyon_serverless_application::services::stopped"}
{"timestamp":"2026-09-18T04:09:06.316866Z","level":"INFO","message":"fenced environment terminated and settled","environment_id":"env_01m2sb89qy6eewj5rj8m13n74v","owner":"Some(DispatcherId(dsp_01m2sb89qg9ry8xz7dnp0tyq3k))","was_running":false,"target":"tachyon_serverless_application::services::reconcile"}
{"timestamp":"2026-09-18T04:09:06.316966Z","level":"INFO","message":"startup reconcile finished","provider":"process","found":0,"adopted":0,"terminated":0,"disowned":0,"failed":0,"lost":0,"foreign":0,"reclaimed_dispatchers":0,"fenced_terminated":2,"fenced_pending":0,"target":"tachyon_serverless_application::services::reconcile"}
{"timestamp":"2026-09-18T04:09:06.317018Z","level":"INFO","message":"gateway listening","addr":"127.0.0.1:50231","profile":"dev","provider":"process","target":"tachyon_serverless_gateway"}
{"timestamp":"2026-09-18T04:09:06.318075Z","level":"INFO","message":"asynchronous dispatcher started","workers":2,"owner":"dsp_01m2sb8a07tdtqq2nb29v0wctv","target":"tachyon_serverless_gateway"}
{"timestamp":"2026-09-18T04:09:06.321481Z","level":"INFO","message":"asynchronous run claimed","invocation_id":"inv_01m2sb85zrzt855jn3taxqn6xt","attempt":1,"generation":0,"delivery_count":1,"target":"tachyon_serverless_application::services::invoke_async::dispatch"}
{"timestamp":"2026-09-18T04:09:06.322898Z","level":"INFO","message":"asynchronous run claimed","invocation_id":"inv_01m2sb860afmxcsw01m0aj4v1h","attempt":1,"generation":0,"delivery_count":1,"target":"tachyon_serverless_application::services::invoke_async::dispatch"}
{"timestamp":"2026-09-18T04:09:06.606034Z","level":"INFO","message":"asynchronous invocation accepted","invocation_id":"inv_01m2sb8a9arwxewrz6a0rje43j","tenant_id":"tn_01hzzzzzzzzzzzzzzzzzzzzzza","revision_id":"rev_01m2sb7v3js1vs6vq6mbdmcz4n","input_bytes":4127,"input_storage":"object","target":"tachyon_serverless_application::services::invoke_async"}
{"timestamp":"2026-09-18T04:09:06.640354Z","level":"INFO","message":"asynchronous invocation accepted","invocation_id":"inv_01m2sb8aacr4ftf85gxz1dyp4c","tenant_id":"tn_01hzzzzzzzzzzzzzzzzzzzzzza","revision_id":"rev_01m2sb7v3js1vs6vq6mbdmcz4n","input_bytes":4131,"input_storage":"object","target":"tachyon_serverless_application::services::invoke_async"}
{"timestamp":"2026-09-18T04:09:06.665060Z","level":"INFO","message":"asynchronous invocation accepted","invocation_id":"inv_01m2sb8ab8x0fwyq15ffgarsev","tenant_id":"tn_01hzzzzzzzzzzzzzzzzzzzzzza","revision_id":"rev_01m2sb7v3js1vs6vq6mbdmcz4n","input_bytes":53,"input_storage":"inline","target":"tachyon_serverless_application::services::invoke_async"}
{"timestamp":"2026-09-18T04:09:07.542219Z","level":"INFO","message":"bridge spawned","environment_id":"env_01m2sb8a0kmg7jdtmttrwn5wkf","pid":803128,"target":"tachyon_serverless_provider_process"}
{"timestamp":"2026-09-18T04:09:07.562778Z","level":"INFO","message":"bridge spawned","environment_id":"env_01m2sb8a0k8d037kjb4ey43sm6","pid":803138,"target":"tachyon_serverless_provider_process"}
{"timestamp":"2026-09-18T04:09:07.565355Z","level":"INFO","message":"invocation finished","invocation_id":"inv_01m2sb85zrzt855jn3taxqn6xt","status":"succeeded (async run)","handler_ms":6,"environment_boot_ms":1,"runtime_init_ms":4,"target":"tachyon_serverless_application::services::invoke"}
{"timestamp":"2026-09-18T04:09:07.569078Z","level":"INFO","message":"terminating bridge","environment_id":"env_01m2sb8a0kmg7jdtmttrwn5wkf","pid":803128,"reason":"Completed","graceful":true,"target":"tachyon_serverless_provider_process"}
{"timestamp":"2026-09-18T04:09:07.589222Z","level":"INFO","message":"invocation finished","invocation_id":"inv_01m2sb860afmxcsw01m0aj4v1h","status":"succeeded (async run)","handler_ms":1,"environment_boot_ms":1,"runtime_init_ms":7,"target":"tachyon_serverless_application::services::invoke"}
{"timestamp":"2026-09-18T04:09:07.590140Z","level":"INFO","message":"asynchronous invocation settled","invocation_id":"inv_01m2sb85zrzt855jn3taxqn6xt","status":"succeeded","target":"tachyon_serverless_application::services::invoke_async::dispatch"}
{"timestamp":"2026-09-18T04:09:07.590358Z","level":"INFO","message":"terminating bridge","environment_id":"env_01m2sb8a0k8d037kjb4ey43sm6","pid":803138,"reason":"Completed","graceful":true,"target":"tachyon_serverless_provider_process"}
{"timestamp":"2026-09-18T04:09:07.591171Z","level":"INFO","message":"async dispatch: delivery handled","message_id":"inv_01m2sb85zrzt855jn3taxqn6xt","sequence":7,"delivery_count":1,"outcome":"Completed { status: \"succeeded\" }","target":"tachyon_serverless_application::services::invoke_async::dispatch"}
{"timestamp":"2026-09-18T04:09:07.592156Z","level":"INFO","message":"asynchronous run claimed","invocation_id":"inv_01m2sb84nk5sjs40864aq35dph","attempt":1,"generation":1,"delivery_count":1,"target":"tachyon_serverless_application::services::invoke_async::dispatch"}
{"timestamp":"2026-09-18T04:09:07.595625Z","level":"INFO","message":"asynchronous invocation settled","invocation_id":"inv_01m2sb860afmxcsw01m0aj4v1h","status":"succeeded","target":"tachyon_serverless_application::services::invoke_async::dispatch"}
{"timestamp":"2026-09-18T04:09:07.596288Z","level":"INFO","message":"async dispatch: delivery handled","message_id":"inv_01m2sb860afmxcsw01m0aj4v1h","sequence":8,"delivery_count":1,"outcome":"Completed { status: \"succeeded\" }","target":"tachyon_serverless_application::services::invoke_async::dispatch"}
{"timestamp":"2026-09-18T04:09:07.597136Z","level":"INFO","message":"asynchronous run claimed","invocation_id":"inv_01m2sb84p8bzrv7btf5g9r7hz8","attempt":1,"generation":1,"delivery_count":1,"target":"tachyon_serverless_application::services::invoke_async::dispatch"}
{"timestamp":"2026-09-18T04:09:08.220364Z","level":"INFO","message":"object retention pass","report":"GcReport { examined: 2, collected_expired: 0, collected_orphans: 0, kept_in_use: 1, kept_referenced: 1, incomplete_removed: 0, tombstones_purged: 0, failed: 0 }","target":"tachyon_serverless_gateway"}
{"timestamp":"2026-09-18T04:09:08.682364Z","level":"INFO","message":"bridge spawned","environment_id":"env_01m2sb8b8dg9wbfc15xj5k1bgj","pid":803148,"target":"tachyon_serverless_provider_process"}
{"timestamp":"2026-09-18T04:09:08.701201Z","level":"INFO","message":"invocation finished","invocation_id":"inv_01m2sb84p8bzrv7btf5g9r7hz8","status":"succeeded (async run)","handler_ms":3,"environment_boot_ms":1,"runtime_init_ms":4,"target":"tachyon_serverless_application::services::invoke"}
{"timestamp":"2026-09-18T04:09:08.703067Z","level":"INFO","message":"terminating bridge","environment_id":"env_01m2sb8b8dg9wbfc15xj5k1bgj","pid":803148,"reason":"Completed","graceful":true,"target":"tachyon_serverless_provider_process"}
{"timestamp":"2026-09-18T04:09:08.706253Z","level":"INFO","message":"asynchronous invocation settled","invocation_id":"inv_01m2sb84p8bzrv7btf5g9r7hz8","status":"succeeded","target":"tachyon_serverless_application::services::invoke_async::dispatch"}
{"timestamp":"2026-09-18T04:09:08.707206Z","level":"INFO","message":"async dispatch: delivery handled","message_id":"inv_01m2sb84p8bzrv7btf5g9r7hz8.g1","sequence":10,"delivery_count":1,"outcome":"Completed { status: \"succeeded\" }","target":"tachyon_serverless_application::services::invoke_async::dispatch"}
{"timestamp":"2026-09-18T04:09:08.708067Z","level":"INFO","message":"asynchronous run claimed","invocation_id":"inv_01m2sb8a9arwxewrz6a0rje43j","attempt":1,"generation":0,"delivery_count":1,"target":"tachyon_serverless_application::services::invoke_async::dispatch"}
{"timestamp":"2026-09-18T04:09:08.760963Z","level":"INFO","message":"bridge spawned","environment_id":"env_01m2sb8b8ap11wamnes5wzegrz","pid":803158,"target":"tachyon_serverless_provider_process"}
{"timestamp":"2026-09-18T04:09:08.801984Z","level":"INFO","message":"invocation finished","invocation_id":"inv_01m2sb84nk5sjs40864aq35dph","status":"succeeded (async run)","handler_ms":0,"environment_boot_ms":2,"runtime_init_ms":20,"target":"tachyon_serverless_application::services::invoke"}
{"timestamp":"2026-09-18T04:09:08.803972Z","level":"INFO","message":"terminating bridge","environment_id":"env_01m2sb8b8ap11wamnes5wzegrz","pid":803158,"reason":"Completed","graceful":true,"target":"tachyon_serverless_provider_process"}
{"timestamp":"2026-09-18T04:09:08.807363Z","level":"INFO","message":"asynchronous invocation settled","invocation_id":"inv_01m2sb84nk5sjs40864aq35dph","status":"succeeded","target":"tachyon_serverless_application::services::invoke_async::dispatch"}
{"timestamp":"2026-09-18T04:09:08.808095Z","level":"INFO","message":"async dispatch: delivery handled","message_id":"inv_01m2sb84nk5sjs40864aq35dph.g1","sequence":9,"delivery_count":1,"outcome":"Completed { status: \"succeeded\" }","target":"tachyon_serverless_application::services::invoke_async::dispatch"}
{"timestamp":"2026-09-18T04:09:08.808865Z","level":"INFO","message":"asynchronous run claimed","invocation_id":"inv_01m2sb8aacr4ftf85gxz1dyp4c","attempt":1,"generation":0,"delivery_count":1,"target":"tachyon_serverless_application::services::invoke_async::dispatch"}
{"timestamp":"2026-09-18T04:09:09.925603Z","level":"INFO","message":"bridge spawned","environment_id":"env_01m2sb8cb5xdnj23dagpzx8psv","pid":803171,"target":"tachyon_serverless_provider_process"}
{"timestamp":"2026-09-18T04:09:09.967760Z","level":"INFO","message":"invocation finished","invocation_id":"inv_01m2sb8a9arwxewrz6a0rje43j","status":"succeeded (async run)","handler_ms":6,"environment_boot_ms":1,"runtime_init_ms":16,"target":"tachyon_serverless_application::services::invoke"}
{"timestamp":"2026-09-18T04:09:09.969628Z","level":"INFO","message":"terminating bridge","environment_id":"env_01m2sb8cb5xdnj23dagpzx8psv","pid":803171,"reason":"Completed","graceful":true,"target":"tachyon_serverless_provider_process"}
{"timestamp":"2026-09-18T04:09:09.972929Z","level":"INFO","message":"asynchronous invocation settled","invocation_id":"inv_01m2sb8a9arwxewrz6a0rje43j","status":"succeeded","target":"tachyon_serverless_application::services::invoke_async::dispatch"}
{"timestamp":"2026-09-18T04:09:09.973585Z","level":"INFO","message":"async dispatch: delivery handled","message_id":"inv_01m2sb8a9arwxewrz6a0rje43j","sequence":11,"delivery_count":1,"outcome":"Completed { status: \"succeeded\" }","target":"tachyon_serverless_application::services::invoke_async::dispatch"}
{"timestamp":"2026-09-18T04:09:09.974344Z","level":"INFO","message":"asynchronous run claimed","invocation_id":"inv_01m2sb8ab8x0fwyq15ffgarsev","attempt":1,"generation":0,"delivery_count":1,"target":"tachyon_serverless_application::services::invoke_async::dispatch"}
{"timestamp":"2026-09-18T04:09:10.022396Z","level":"INFO","message":"bridge spawned","environment_id":"env_01m2sb8ceaq4yts7hv4nhh981r","pid":803181,"target":"tachyon_serverless_provider_process"}
{"timestamp":"2026-09-18T04:09:10.050042Z","level":"INFO","message":"invocation finished","invocation_id":"inv_01m2sb8aacr4ftf85gxz1dyp4c","status":"succeeded (async run)","handler_ms":4,"environment_boot_ms":1,"runtime_init_ms":9,"target":"tachyon_serverless_application::services::invoke"}
{"timestamp":"2026-09-18T04:09:10.055405Z","level":"INFO","message":"terminating bridge","environment_id":"env_01m2sb8ceaq4yts7hv4nhh981r","pid":803181,"reason":"Completed","graceful":true,"target":"tachyon_serverless_provider_process"}
{"timestamp":"2026-09-18T04:09:10.059566Z","level":"INFO","message":"asynchronous invocation settled","invocation_id":"inv_01m2sb8aacr4ftf85gxz1dyp4c","status":"succeeded","target":"tachyon_serverless_application::services::invoke_async::dispatch"}
{"timestamp":"2026-09-18T04:09:10.060108Z","level":"INFO","message":"async dispatch: delivery handled","message_id":"inv_01m2sb8aacr4ftf85gxz1dyp4c","sequence":12,"delivery_count":1,"outcome":"Completed { status: \"succeeded\" }","target":"tachyon_serverless_application::services::invoke_async::dispatch"}
{"timestamp":"2026-09-18T04:09:10.060831Z","level":"INFO","message":"asynchronous run claimed","invocation_id":"inv_01m2sb85sj524hg5yztg9pmbrp","attempt":2,"generation":0,"delivery_count":2,"target":"tachyon_serverless_application::services::invoke_async::dispatch"}
{"timestamp":"2026-09-18T04:09:10.220326Z","level":"INFO","message":"asynchronous invocation rescheduled","invocation_id":"inv_01m2sb85z1g6tmqd5bvywkg34q","next_attempt_at":"2026-09-18T04:09:10.318254778+00:00","counted":true,"error_type":"Host.AsyncRunAbandoned","target":"tachyon_serverless_application::services::invoke_async::dispatch"}
{"timestamp":"2026-09-18T04:09:10.220343Z","level":"INFO","message":"object retention pass","report":"GcReport { examined: 2, collected_expired: 0, collected_orphans: 0, kept_in_use: 0, kept_referenced: 2, incomplete_removed: 0, tombstones_purged: 0, failed: 0 }","target":"tachyon_serverless_gateway"}
{"timestamp":"2026-09-18T04:09:10.220361Z","level":"INFO","message":"async reaper pass","report":"ReapReport { examined: 1, abandoned: 1, republished: 0, dead_lettered: 0, lost: 0, failed: 0 }","target":"tachyon_serverless_application::services::invoke_async::dispatch"}
{"timestamp":"2026-09-18T04:09:11.190957Z","level":"INFO","message":"bridge spawned","environment_id":"env_01m2sb8djp5z9sqq1dke328zd7","pid":803191,"target":"tachyon_serverless_provider_process"}
{"timestamp":"2026-09-18T04:09:11.237527Z","level":"INFO","message":"invocation finished","invocation_id":"inv_01m2sb8ab8x0fwyq15ffgarsev","status":"succeeded (async run)","handler_ms":9,"environment_boot_ms":2,"runtime_init_ms":16,"target":"tachyon_serverless_application::services::invoke"}
{"timestamp":"2026-09-18T04:09:11.239427Z","level":"INFO","message":"terminating bridge","environment_id":"env_01m2sb8djp5z9sqq1dke328zd7","pid":803191,"reason":"Completed","graceful":true,"target":"tachyon_serverless_provider_process"}
{"timestamp":"2026-09-18T04:09:11.243060Z","level":"INFO","message":"asynchronous invocation settled","invocation_id":"inv_01m2sb8ab8x0fwyq15ffgarsev","status":"succeeded","target":"tachyon_serverless_application::services::invoke_async::dispatch"}
{"timestamp":"2026-09-18T04:09:11.243806Z","level":"INFO","message":"async dispatch: delivery handled","message_id":"inv_01m2sb8ab8x0fwyq15ffgarsev","sequence":13,"delivery_count":1,"outcome":"Completed { status: \"succeeded\" }","target":"tachyon_serverless_application::services::invoke_async::dispatch"}
{"timestamp":"2026-09-18T04:09:11.244873Z","level":"INFO","message":"bridge spawned","environment_id":"env_01m2sb8dndxef57thm7p15gndg","pid":803201,"target":"tachyon_serverless_provider_process"}
{"timestamp":"2026-09-18T04:09:11.244878Z","level":"INFO","message":"async dispatch: delivery handled","message_id":"inv_01m2sb85z1g6tmqd5bvywkg34q","sequence":6,"delivery_count":2,"outcome":"Skipped(\"stale_generation\")","target":"tachyon_serverless_application::services::invoke_async::dispatch"}
{"timestamp":"2026-09-18T04:09:11.246292Z","level":"INFO","message":"asynchronous run claimed","invocation_id":"inv_01m2sb85z1g6tmqd5bvywkg34q","attempt":2,"generation":1,"delivery_count":1,"target":"tachyon_serverless_application::services::invoke_async::dispatch"}
{"timestamp":"2026-09-18T04:09:11.278345Z","level":"INFO","message":"invocation finished","invocation_id":"inv_01m2sb85sj524hg5yztg9pmbrp","status":"succeeded (async run)","handler_ms":4,"environment_boot_ms":2,"runtime_init_ms":15,"target":"tachyon_serverless_application::services::invoke"}
{"timestamp":"2026-09-18T04:09:11.285808Z","level":"INFO","message":"terminating bridge","environment_id":"env_01m2sb8dndxef57thm7p15gndg","pid":803201,"reason":"Completed","graceful":true,"target":"tachyon_serverless_provider_process"}
{"timestamp":"2026-09-18T04:09:11.290261Z","level":"INFO","message":"asynchronous invocation settled","invocation_id":"inv_01m2sb85sj524hg5yztg9pmbrp","status":"succeeded","target":"tachyon_serverless_application::services::invoke_async::dispatch"}
{"timestamp":"2026-09-18T04:09:11.290826Z","level":"INFO","message":"async dispatch: delivery handled","message_id":"inv_01m2sb85sj524hg5yztg9pmbrp","sequence":5,"delivery_count":2,"outcome":"Completed { status: \"succeeded\" }","target":"tachyon_serverless_application::services::invoke_async::dispatch"}
{"timestamp":"2026-09-18T04:09:12.219836Z","level":"INFO","message":"object retention pass","report":"GcReport { examined: 2, collected_expired: 0, collected_orphans: 0, kept_in_use: 0, kept_referenced: 2, incomplete_removed: 0, tombstones_purged: 0, failed: 0 }","target":"tachyon_serverless_gateway"}
{"timestamp":"2026-09-18T04:09:12.456289Z","level":"INFO","message":"bridge spawned","environment_id":"env_01m2sb8etehh424z16nc2ns27p","pid":803211,"target":"tachyon_serverless_provider_process"}
{"timestamp":"2026-09-18T04:09:12.479027Z","level":"INFO","message":"invocation finished","invocation_id":"inv_01m2sb85z1g6tmqd5bvywkg34q","status":"succeeded (async run)","handler_ms":6,"environment_boot_ms":1,"runtime_init_ms":3,"target":"tachyon_serverless_application::services::invoke"}
{"timestamp":"2026-09-18T04:09:12.481156Z","level":"INFO","message":"terminating bridge","environment_id":"env_01m2sb8etehh424z16nc2ns27p","pid":803211,"reason":"Completed","graceful":true,"target":"tachyon_serverless_provider_process"}
{"timestamp":"2026-09-18T04:09:12.484383Z","level":"INFO","message":"asynchronous invocation settled","invocation_id":"inv_01m2sb85z1g6tmqd5bvywkg34q","status":"succeeded","target":"tachyon_serverless_application::services::invoke_async::dispatch"}
{"timestamp":"2026-09-18T04:09:12.485274Z","level":"INFO","message":"async dispatch: delivery handled","message_id":"inv_01m2sb85z1g6tmqd5bvywkg34q.g1","sequence":14,"delivery_count":1,"outcome":"Completed { status: \"succeeded\" }","target":"tachyon_serverless_application::services::invoke_async::dispatch"}
{"timestamp":"2026-09-18T04:09:14.223991Z","level":"INFO","message":"object retention pass","report":"GcReport { examined: 5, collected_expired: 0, collected_orphans: 1, kept_in_use: 0, kept_referenced: 4, incomplete_removed: 0, tombstones_purged: 0, failed: 0 }","target":"tachyon_serverless_gateway"}
{"timestamp":"2026-09-18T04:09:15.659536Z","level":"INFO","message":"bridge spawned","environment_id":"env_01m2sb8hzqkbjbzja5av2zxcjs","pid":803494,"target":"tachyon_serverless_provider_process"}
{"timestamp":"2026-09-18T04:09:15.684289Z","level":"INFO","message":"invocation finished","invocation_id":"inv_01m2sb8hznxrabcpamadpbm5a5","status":"succeeded","handler_ms":6,"environment_boot_ms":1,"runtime_init_ms":3,"target":"tachyon_serverless_application::services::invoke"}
{"timestamp":"2026-09-18T04:09:15.686146Z","level":"INFO","message":"terminating bridge","environment_id":"env_01m2sb8hzqkbjbzja5av2zxcjs","pid":803494,"reason":"Completed","graceful":true,"target":"tachyon_serverless_provider_process"}
{"timestamp":"2026-09-18T04:09:15.711588Z","level":"INFO","message":"asynchronous invocation accepted","invocation_id":"inv_01m2sb8k5yg3accva2wx0ma6ze","tenant_id":"tn_01hzzzzzzzzzzzzzzzzzzzzzza","revision_id":"rev_01m2sb7v3js1vs6vq6mbdmcz4n","input_bytes":48,"input_storage":"inline","target":"tachyon_serverless_application::services::invoke_async"}
{"timestamp":"2026-09-18T04:09:15.715308Z","level":"INFO","message":"asynchronous run claimed","invocation_id":"inv_01m2sb8k5yg3accva2wx0ma6ze","attempt":1,"generation":0,"delivery_count":1,"target":"tachyon_serverless_application::services::invoke_async::dispatch"}
{"timestamp":"2026-09-18T04:09:15.737219Z","level":"INFO","message":"asynchronous invocation accepted","invocation_id":"inv_01m2sb8k6ndsc4x65sg73xvfp2","tenant_id":"tn_01hzzzzzzzzzzzzzzzzzzzzzza","revision_id":"rev_01m2sb7v3js1vs6vq6mbdmcz4n","input_bytes":4128,"input_storage":"object","target":"tachyon_serverless_application::services::invoke_async"}
{"timestamp":"2026-09-18T04:09:15.740469Z","level":"INFO","message":"asynchronous run claimed","invocation_id":"inv_01m2sb8k6ndsc4x65sg73xvfp2","attempt":1,"generation":0,"delivery_count":1,"target":"tachyon_serverless_application::services::invoke_async::dispatch"}
{"timestamp":"2026-09-18T04:09:15.754114Z","level":"INFO","message":"asynchronous invocation accepted","invocation_id":"inv_01m2sb8k79cg7abkk2pams8agf","tenant_id":"tn_01hzzzzzzzzzzzzzzzzzzzzzza","revision_id":"rev_01m2sb7ymvm90b6adgknkd31dk","input_bytes":191,"input_storage":"inline","target":"tachyon_serverless_application::services::invoke_async"}
{"timestamp":"2026-09-18T04:09:15.754153Z","level":"INFO","message":"webhook trigger fired","trigger_id":"trg_01m2sb83ebd19rfgn6sf4mg0a0","event_id":"evt-post-w1","invocation_id":"inv_01m2sb8k79cg7abkk2pams8agf","revision_id":"rev_01m2sb7ymvm90b6adgknkd31dk","replayed":false,"target":"tachyon_serverless_application::services::triggers"}
{"timestamp":"2026-09-18T04:09:15.764054Z","level":"INFO","message":"trigger updated","trigger_id":"trg_01m2sb83e53qzbzz8fcgbjbjgj","generation":3,"status":"disabled","next_fire_at":"None","rotated_secret":false,"target":"tachyon_serverless_application::services::triggers"}
{"timestamp":"2026-09-18T04:09:16.220182Z","level":"INFO","message":"object retention pass","report":"GcReport { examined: 4, collected_expired: 0, collected_orphans: 0, kept_in_use: 0, kept_referenced: 4, incomplete_removed: 0, tombstones_purged: 0, failed: 0 }","target":"tachyon_serverless_gateway"}
{"timestamp":"2026-09-18T04:09:16.958507Z","level":"INFO","message":"bridge spawned","environment_id":"env_01m2sb8k6xvdjnvhtkag2ezeyh","pid":803655,"target":"tachyon_serverless_provider_process"}
{"timestamp":"2026-09-18T04:09:16.990331Z","level":"INFO","message":"bridge spawned","environment_id":"env_01m2sb8k63chn3971rmccngh81","pid":803665,"target":"tachyon_serverless_provider_process"}
{"timestamp":"2026-09-18T04:09:17.004902Z","level":"INFO","message":"invocation finished","invocation_id":"inv_01m2sb8k6ndsc4x65sg73xvfp2","status":"succeeded (async run)","handler_ms":5,"environment_boot_ms":2,"runtime_init_ms":19,"target":"tachyon_serverless_application::services::invoke"}
{"timestamp":"2026-09-18T04:09:17.007537Z","level":"INFO","message":"terminating bridge","environment_id":"env_01m2sb8k6xvdjnvhtkag2ezeyh","pid":803655,"reason":"Completed","graceful":true,"target":"tachyon_serverless_provider_process"}
{"timestamp":"2026-09-18T04:09:17.025703Z","level":"INFO","message":"invocation finished","invocation_id":"inv_01m2sb8k5yg3accva2wx0ma6ze","status":"succeeded (async run)","handler_ms":10,"environment_boot_ms":2,"runtime_init_ms":15,"target":"tachyon_serverless_application::services::invoke"}
{"timestamp":"2026-09-18T04:09:17.026360Z","level":"INFO","message":"asynchronous invocation settled","invocation_id":"inv_01m2sb8k6ndsc4x65sg73xvfp2","status":"succeeded","target":"tachyon_serverless_application::services::invoke_async::dispatch"}
{"timestamp":"2026-09-18T04:09:17.027318Z","level":"INFO","message":"async dispatch: delivery handled","message_id":"inv_01m2sb8k6ndsc4x65sg73xvfp2","sequence":16,"delivery_count":1,"outcome":"Completed { status: \"succeeded\" }","target":"tachyon_serverless_application::services::invoke_async::dispatch"}
{"timestamp":"2026-09-18T04:09:17.027418Z","level":"INFO","message":"terminating bridge","environment_id":"env_01m2sb8k63chn3971rmccngh81","pid":803665,"reason":"Completed","graceful":true,"target":"tachyon_serverless_provider_process"}
{"timestamp":"2026-09-18T04:09:17.028306Z","level":"INFO","message":"asynchronous run claimed","invocation_id":"inv_01m2sb8k79cg7abkk2pams8agf","attempt":1,"generation":0,"delivery_count":1,"target":"tachyon_serverless_application::services::invoke_async::dispatch"}
{"timestamp":"2026-09-18T04:09:17.031715Z","level":"INFO","message":"asynchronous invocation settled","invocation_id":"inv_01m2sb8k5yg3accva2wx0ma6ze","status":"succeeded","target":"tachyon_serverless_application::services::invoke_async::dispatch"}
{"timestamp":"2026-09-18T04:09:17.032803Z","level":"INFO","message":"async dispatch: delivery handled","message_id":"inv_01m2sb8k5yg3accva2wx0ma6ze","sequence":15,"delivery_count":1,"outcome":"Completed { status: \"succeeded\" }","target":"tachyon_serverless_application::services::invoke_async::dispatch"}
{"timestamp":"2026-09-18T04:09:18.219248Z","level":"INFO","message":"object retention pass","report":"GcReport { examined: 4, collected_expired: 0, collected_orphans: 0, kept_in_use: 0, kept_referenced: 4, incomplete_removed: 0, tombstones_purged: 0, failed: 0 }","target":"tachyon_serverless_gateway"}
{"timestamp":"2026-09-18T04:09:18.251734Z","level":"INFO","message":"bridge spawned","environment_id":"env_01m2sb8mf4d02cxfs65rh4jp41","pid":803715,"target":"tachyon_serverless_provider_process"}
{"timestamp":"2026-09-18T04:09:18.276573Z","level":"INFO","message":"invocation finished","invocation_id":"inv_01m2sb8k79cg7abkk2pams8agf","status":"succeeded (async run)","handler_ms":6,"environment_boot_ms":1,"runtime_init_ms":3,"target":"tachyon_serverless_application::services::invoke"}
{"timestamp":"2026-09-18T04:09:18.278560Z","level":"INFO","message":"terminating bridge","environment_id":"env_01m2sb8mf4d02cxfs65rh4jp41","pid":803715,"reason":"Completed","graceful":true,"target":"tachyon_serverless_provider_process"}
{"timestamp":"2026-09-18T04:09:18.281898Z","level":"INFO","message":"asynchronous invocation settled","invocation_id":"inv_01m2sb8k79cg7abkk2pams8agf","status":"succeeded","target":"tachyon_serverless_application::services::invoke_async::dispatch"}
{"timestamp":"2026-09-18T04:09:18.282985Z","level":"INFO","message":"async dispatch: delivery handled","message_id":"inv_01m2sb8k79cg7abkk2pams8agf","sequence":17,"delivery_count":1,"outcome":"Completed { status: \"succeeded\" }","target":"tachyon_serverless_application::services::invoke_async::dispatch"}
{"timestamp":"2026-09-18T04:09:18.784581Z","level":"INFO","message":"SIGTERM received","target":"tachyon_serverless_gateway"}
{"timestamp":"2026-09-18T04:09:18.784614Z","level":"INFO","message":"shutdown requested; cancelling in-flight invocations","target":"tachyon_serverless_gateway"}
{"timestamp":"2026-09-18T04:09:18.784930Z","level":"INFO","message":"final usage collection","report":"CollectReport { batches: 0, read: 0, inserted: 0, duplicates: 0, cursor_seq: 89 }","target":"tachyon_serverless_gateway"}
{"timestamp":"2026-09-18T04:09:18.787668Z","level":"INFO","message":"gateway stopped","target":"tachyon_serverless_gateway"}
{"timestamp":"2026-09-18T04:09:18.787830Z","level":"INFO","message":"event: closed","target":"async_nats"}
