
===== a start (failpoints: none) 11:31:43 =====
{"timestamp":"2026-09-17T11:31:43.403652Z","level":"INFO","message":"configuration loaded","config":"/private/var/folders/z7/khzdjrt95cg_fcmcnh4j1b5h0000gn/T/tsls-chaos.IV7zeW/gw-a.toml","target":"tachyon_serverless_gateway"}
{"timestamp":"2026-09-17T11:31:43.405883Z","level":"INFO","message":"connected successfully","server":"54212","max_payload":"1048576","target":"async_nats::connector"}
{"timestamp":"2026-09-17T11:31:43.405991Z","level":"INFO","message":"event: connected","target":"async_nats"}
{"timestamp":"2026-09-17T11:31:43.419329Z","level":"INFO","message":"JetStream queue connected and stream bootstrapped","url":"nats://127.0.0.1:54212","stream":"TACHYON_EVENTS","target":"tachyon_serverless_gateway::durable"}
{"timestamp":"2026-09-17T11:31:43.436335Z","level":"INFO","message":"state store opened","path":"/private/var/folders/z7/khzdjrt95cg_fcmcnh4j1b5h0000gn/T/tsls-chaos.IV7zeW/data/state.db","schema_version":8,"migrations_applied":"[1, 2, 3, 4, 5, 6, 7, 8]","imported_state_json":"None","settled_invocations":0,"settled_attempts":0,"settled_environments":0,"released_leases":0,"dropped_idempotency_keys":0,"purged_idempotency_keys":0,"outputs_purged":0,"target":"tachyon_serverless_application::app"}
{"timestamp":"2026-09-17T11:31:43.436601Z","level":"INFO","message":"dispatcher registered","dispatcher_id":"dsp_01m2qj61pcg5wkfy93dwwk0zdp","instance":"chaos-a","pid":50211,"lease_ttl_seconds":6,"target":"tachyon_serverless_application::services::dispatcher"}
{"timestamp":"2026-09-17T11:31:43.439381Z","level":"INFO","message":"application bootstrapped","profile":"dev","provider":"process","dev_only":true,"environment_reuse":false,"reuse_verified":false,"reuse_reason":"[pool] enabled is false","reuse_disabled":"Some(Configuration)","idle_quiesce":"unsupported","idle_resume":"unsupported","data_dir":"/private/var/folders/z7/khzdjrt95cg_fcmcnh4j1b5h0000gn/T/tsls-chaos.IV7zeW/data","store":"sqlite","dispatcher_id":"dsp_01m2qj61pcg5wkfy93dwwk0zdp","node":"local","node_region":"none","node_memory_mib":"None","max_concurrency":8,"queue":"nats","objects":"filesystem","invoke_async":true,"triggers":true,"target":"tachyon_serverless_application::app"}
{"timestamp":"2026-09-17T11:31:43.439584Z","level":"INFO","message":"startup reconcile finished","provider":"process","found":0,"adopted":0,"terminated":0,"disowned":0,"failed":0,"lost":0,"foreign":0,"reclaimed_dispatchers":0,"fenced_terminated":0,"fenced_pending":0,"target":"tachyon_serverless_application::services::reconcile"}
{"timestamp":"2026-09-17T11:31:43.439661Z","level":"INFO","message":"gateway listening","addr":"127.0.0.1:54216","profile":"dev","provider":"process","target":"tachyon_serverless_gateway"}
{"timestamp":"2026-09-17T11:31:43.441019Z","level":"INFO","message":"asynchronous dispatcher started","workers":2,"owner":"dsp_01m2qj61pcg5wkfy93dwwk0zdp","target":"tachyon_serverless_gateway"}
{"timestamp":"2026-09-17T11:31:44.302218Z","level":"INFO","message":"revision ready","revision_id":"rev_01m2qj62bf5yme3hxybfewprfj","function_id":"fn_01m2qj61zmxrynkn5qec2n81cf","target":"tachyon_serverless_application::services::revision"}
{"timestamp":"2026-09-17T11:31:45.059644Z","level":"INFO","message":"revision ready","revision_id":"rev_01m2qj632q2ckdnw7j8ngcx1ev","function_id":"fn_01m2qj62nssyjzdtfan2xdskxn","target":"tachyon_serverless_application::services::revision"}
{"timestamp":"2026-09-17T11:31:45.989825Z","level":"INFO","message":"revision ready","revision_id":"rev_01m2qj63wxj33fsvmawhqz1tjr","function_id":"fn_01m2qj63attmk19zqrnez304sw","target":"tachyon_serverless_application::services::revision"}
{"timestamp":"2026-09-17T11:31:46.076445Z","level":"INFO","message":"trigger created","trigger_id":"trg_01m2qj648vrv1rc4kyr6vy572w","function_id":"fn_01m2qj62nssyjzdtfan2xdskxn","kind":"cron","enabled":true,"next_fire_at":"Some(2026-09-17T11:31:48Z)","target":"tachyon_serverless_application::services::triggers"}
{"timestamp":"2026-09-17T11:31:46.097835Z","level":"INFO","message":"trigger created","trigger_id":"trg_01m2qj649h6ryxxtfrnbs7bqj1","function_id":"fn_01m2qj62nssyjzdtfan2xdskxn","kind":"webhook","enabled":true,"next_fire_at":"None","target":"tachyon_serverless_application::services::triggers"}
{"timestamp":"2026-09-17T11:31:46.394501Z","level":"INFO","message":"bridge spawned","environment_id":"env_01m2qj64at72hghye668nwj8g8","pid":50548,"target":"tachyon_serverless_provider_process"}
{"timestamp":"2026-09-17T11:31:46.690447Z","level":"INFO","message":"invocation finished","invocation_id":"inv_01m2qj64as10xhvden93nwbyyd","status":"succeeded","handler_ms":0,"environment_boot_ms":8,"runtime_init_ms":285,"target":"tachyon_serverless_application::services::invoke"}
{"timestamp":"2026-09-17T11:31:46.692205Z","level":"INFO","message":"terminating bridge","environment_id":"env_01m2qj64at72hghye668nwj8g8","pid":50548,"reason":"Completed","graceful":true,"target":"tachyon_serverless_provider_process"}
{"timestamp":"2026-09-17T11:31:46.774141Z","level":"INFO","message":"asynchronous invocation accepted","invocation_id":"inv_01m2qj64ynsppjrp86svx899nz","tenant_id":"tn_01hzzzzzzzzzzzzzzzzzzzzzza","revision_id":"rev_01m2qj62bf5yme3hxybfewprfj","input_bytes":47,"input_storage":"inline","target":"tachyon_serverless_application::services::invoke_async"}
{"timestamp":"2026-09-17T11:31:46.787618Z","level":"INFO","message":"asynchronous run claimed","invocation_id":"inv_01m2qj64ynsppjrp86svx899nz","attempt":1,"generation":0,"delivery_count":1,"target":"tachyon_serverless_application::services::invoke_async::dispatch"}
{"timestamp":"2026-09-17T11:31:46.867101Z","level":"INFO","message":"asynchronous invocation accepted","invocation_id":"inv_01m2qj6511984cg6ejnmfyjhf6","tenant_id":"tn_01hzzzzzzzzzzzzzzzzzzzzzza","revision_id":"rev_01m2qj62bf5yme3hxybfewprfj","input_bytes":4127,"input_storage":"object","target":"tachyon_serverless_application::services::invoke_async"}
{"timestamp":"2026-09-17T11:31:46.873030Z","level":"INFO","message":"asynchronous run claimed","invocation_id":"inv_01m2qj6511984cg6ejnmfyjhf6","attempt":1,"generation":0,"delivery_count":1,"target":"tachyon_serverless_application::services::invoke_async::dispatch"}
{"timestamp":"2026-09-17T11:31:46.914252Z","level":"INFO","message":"asynchronous invocation accepted","invocation_id":"inv_01m2qj6531zwf77vsx3pf084r3","tenant_id":"tn_01hzzzzzzzzzzzzzzzzzzzzzza","revision_id":"rev_01m2qj632q2ckdnw7j8ngcx1ev","input_bytes":189,"input_storage":"inline","target":"tachyon_serverless_application::services::invoke_async"}
{"timestamp":"2026-09-17T11:31:46.914315Z","level":"INFO","message":"webhook trigger fired","trigger_id":"trg_01m2qj649h6ryxxtfrnbs7bqj1","event_id":"evt-pre-w1","invocation_id":"inv_01m2qj6531zwf77vsx3pf084r3","revision_id":"rev_01m2qj632q2ckdnw7j8ngcx1ev","replayed":false,"target":"tachyon_serverless_application::services::triggers"}
{"timestamp":"2026-09-17T11:31:47.055090Z","level":"INFO","message":"bridge spawned","environment_id":"env_01m2qj64z7cpx8ybp7563zrxrb","pid":50628,"target":"tachyon_serverless_provider_process"}
{"timestamp":"2026-09-17T11:31:47.162989Z","level":"INFO","message":"bridge spawned","environment_id":"env_01m2qj651vcvzgx57gfvsa83kq","pid":50631,"target":"tachyon_serverless_provider_process"}
{"timestamp":"2026-09-17T11:31:47.232510Z","level":"INFO","message":"bridge spawned","environment_id":"env_01m2qj653x9fq858mgkyqnzt5f","pid":50633,"target":"tachyon_serverless_provider_process"}
{"timestamp":"2026-09-17T11:31:47.251809Z","level":"INFO","message":"invocation finished","invocation_id":"inv_01m2qj653w97b2v9cq0n8g1v1w","status":"succeeded","handler_ms":0,"environment_boot_ms":7,"runtime_init_ms":9,"target":"tachyon_serverless_application::services::invoke"}
{"timestamp":"2026-09-17T11:31:47.253730Z","level":"INFO","message":"terminating bridge","environment_id":"env_01m2qj653x9fq858mgkyqnzt5f","pid":50633,"reason":"Completed","graceful":true,"target":"tachyon_serverless_provider_process"}
{"timestamp":"2026-09-17T11:31:47.356299Z","level":"INFO","message":"asynchronous invocation accepted","invocation_id":"inv_01m2qj65gvn5q10wcpj1ew6n8w","tenant_id":"tn_01hzzzzzzzzzzzzzzzzzzzzzza","revision_id":"rev_01m2qj62bf5yme3hxybfewprfj","input_bytes":47,"input_storage":"inline","target":"tachyon_serverless_application::services::invoke_async"}
{"timestamp":"2026-09-17T11:31:47.377809Z","level":"INFO","message":"invocation finished","invocation_id":"inv_01m2qj64ynsppjrp86svx899nz","status":"succeeded (async run)","handler_ms":2,"environment_boot_ms":7,"runtime_init_ms":311,"target":"tachyon_serverless_application::services::invoke"}
{"timestamp":"2026-09-17T11:31:47.378837Z","level":"INFO","message":"invocation finished","invocation_id":"inv_01m2qj6511984cg6ejnmfyjhf6","status":"succeeded (async run)","handler_ms":1,"environment_boot_ms":7,"runtime_init_ms":205,"target":"tachyon_serverless_application::services::invoke"}
{"timestamp":"2026-09-17T11:31:47.379450Z","level":"INFO","message":"terminating bridge","environment_id":"env_01m2qj64z7cpx8ybp7563zrxrb","pid":50628,"reason":"Completed","graceful":true,"target":"tachyon_serverless_provider_process"}
{"timestamp":"2026-09-17T11:31:47.380557Z","level":"INFO","message":"terminating bridge","environment_id":"env_01m2qj651vcvzgx57gfvsa83kq","pid":50631,"reason":"Completed","graceful":true,"target":"tachyon_serverless_provider_process"}
{"timestamp":"2026-09-17T11:31:47.384202Z","level":"INFO","message":"asynchronous invocation settled","invocation_id":"inv_01m2qj64ynsppjrp86svx899nz","status":"succeeded","target":"tachyon_serverless_application::services::invoke_async::dispatch"}
{"timestamp":"2026-09-17T11:31:47.390518Z","level":"INFO","message":"async dispatch: delivery handled","message_id":"inv_01m2qj64ynsppjrp86svx899nz","sequence":1,"delivery_count":1,"outcome":"Completed { status: \"succeeded\" }","target":"tachyon_serverless_application::services::invoke_async::dispatch"}
{"timestamp":"2026-09-17T11:31:47.390957Z","level":"INFO","message":"asynchronous invocation settled","invocation_id":"inv_01m2qj6511984cg6ejnmfyjhf6","status":"succeeded","target":"tachyon_serverless_application::services::invoke_async::dispatch"}
{"timestamp":"2026-09-17T11:31:47.394892Z","level":"INFO","message":"asynchronous run claimed","invocation_id":"inv_01m2qj6531zwf77vsx3pf084r3","attempt":1,"generation":0,"delivery_count":1,"target":"tachyon_serverless_application::services::invoke_async::dispatch"}
{"timestamp":"2026-09-17T11:31:47.398115Z","level":"INFO","message":"async dispatch: delivery handled","message_id":"inv_01m2qj6511984cg6ejnmfyjhf6","sequence":2,"delivery_count":1,"outcome":"Completed { status: \"succeeded\" }","target":"tachyon_serverless_application::services::invoke_async::dispatch"}
{"timestamp":"2026-09-17T11:31:47.398842Z","level":"INFO","message":"asynchronous run claimed","invocation_id":"inv_01m2qj65gvn5q10wcpj1ew6n8w","attempt":1,"generation":0,"delivery_count":1,"target":"tachyon_serverless_application::services::invoke_async::dispatch"}
{"timestamp":"2026-09-17T11:31:47.475268Z","level":"INFO","message":"asynchronous invocation accepted","invocation_id":"inv_01m2qj65m16bcdeg2xn070whap","tenant_id":"tn_01hzzzzzzzzzzzzzzzzzzzzzza","revision_id":"rev_01m2qj62bf5yme3hxybfewprfj","input_bytes":4127,"input_storage":"object","target":"tachyon_serverless_application::services::invoke_async"}
{"timestamp":"2026-09-17T11:31:47.535367Z","level":"INFO","message":"asynchronous invocation accepted","invocation_id":"inv_01m2qj65pewt5an9pq6g00xtzv","tenant_id":"tn_01hzzzzzzzzzzzzzzzzzzzzzza","revision_id":"rev_01m2qj632q2ckdnw7j8ngcx1ev","input_bytes":189,"input_storage":"inline","target":"tachyon_serverless_application::services::invoke_async"}
{"timestamp":"2026-09-17T11:31:47.535431Z","level":"INFO","message":"webhook trigger fired","trigger_id":"trg_01m2qj649h6ryxxtfrnbs7bqj1","event_id":"evt-pre-w2","invocation_id":"inv_01m2qj65pewt5an9pq6g00xtzv","revision_id":"rev_01m2qj632q2ckdnw7j8ngcx1ev","replayed":false,"target":"tachyon_serverless_application::services::triggers"}
{"timestamp":"2026-09-17T11:31:47.576667Z","level":"INFO","message":"trigger updated","trigger_id":"trg_01m2qj648vrv1rc4kyr6vy572w","generation":2,"status":"disabled","next_fire_at":"None","rotated_secret":false,"target":"tachyon_serverless_application::services::triggers"}
{"timestamp":"2026-09-17T11:31:47.748199Z","level":"INFO","message":"bridge spawned","environment_id":"env_01m2qj65j3g8qfwdkb1pjmzmsk","pid":50710,"target":"tachyon_serverless_provider_process"}
{"timestamp":"2026-09-17T11:31:47.757808Z","level":"INFO","message":"bridge spawned","environment_id":"env_01m2qj65j7dm8bdtnqj4fy83z2","pid":50711,"target":"tachyon_serverless_provider_process"}
{"timestamp":"2026-09-17T11:31:47.770052Z","level":"INFO","message":"invocation finished","invocation_id":"inv_01m2qj6531zwf77vsx3pf084r3","status":"succeeded (async run)","handler_ms":1,"environment_boot_ms":9,"runtime_init_ms":10,"target":"tachyon_serverless_application::services::invoke"}
{"timestamp":"2026-09-17T11:31:47.771961Z","level":"INFO","message":"terminating bridge","environment_id":"env_01m2qj65j3g8qfwdkb1pjmzmsk","pid":50710,"reason":"Completed","graceful":true,"target":"tachyon_serverless_provider_process"}
{"timestamp":"2026-09-17T11:31:47.777675Z","level":"INFO","message":"asynchronous invocation settled","invocation_id":"inv_01m2qj6531zwf77vsx3pf084r3","status":"succeeded","target":"tachyon_serverless_application::services::invoke_async::dispatch"}
{"timestamp":"2026-09-17T11:31:47.783503Z","level":"INFO","message":"async dispatch: delivery handled","message_id":"inv_01m2qj6531zwf77vsx3pf084r3","sequence":3,"delivery_count":1,"outcome":"Completed { status: \"succeeded\" }","target":"tachyon_serverless_application::services::invoke_async::dispatch"}
{"timestamp":"2026-09-17T11:31:47.788328Z","level":"INFO","message":"asynchronous run claimed","invocation_id":"inv_01m2qj65m16bcdeg2xn070whap","attempt":1,"generation":0,"delivery_count":1,"target":"tachyon_serverless_application::services::invoke_async::dispatch"}
{"timestamp":"2026-09-17T11:31:47.790257Z","level":"INFO","message":"invocation finished","invocation_id":"inv_01m2qj65gvn5q10wcpj1ew6n8w","status":"succeeded (async run)","handler_ms":5,"environment_boot_ms":8,"runtime_init_ms":13,"target":"tachyon_serverless_application::services::invoke"}
{"timestamp":"2026-09-17T11:31:47.791663Z","level":"INFO","message":"terminating bridge","environment_id":"env_01m2qj65j7dm8bdtnqj4fy83z2","pid":50711,"reason":"Completed","graceful":true,"target":"tachyon_serverless_provider_process"}
{"timestamp":"2026-09-17T11:31:47.797282Z","level":"INFO","message":"asynchronous invocation settled","invocation_id":"inv_01m2qj65gvn5q10wcpj1ew6n8w","status":"succeeded","target":"tachyon_serverless_application::services::invoke_async::dispatch"}
{"timestamp":"2026-09-17T11:31:47.803236Z","level":"INFO","message":"async dispatch: delivery handled","message_id":"inv_01m2qj65gvn5q10wcpj1ew6n8w","sequence":4,"delivery_count":1,"outcome":"Completed { status: \"succeeded\" }","target":"tachyon_serverless_application::services::invoke_async::dispatch"}
{"timestamp":"2026-09-17T11:31:47.804096Z","level":"INFO","message":"asynchronous run claimed","invocation_id":"inv_01m2qj65pewt5an9pq6g00xtzv","attempt":1,"generation":0,"delivery_count":1,"target":"tachyon_serverless_application::services::invoke_async::dispatch"}
{"timestamp":"2026-09-17T11:31:48.154139Z","level":"INFO","message":"bridge spawned","environment_id":"env_01m2qj65yfegk3tz81e9q9keqp","pid":50714,"target":"tachyon_serverless_provider_process"}
{"timestamp":"2026-09-17T11:31:48.156273Z","level":"INFO","message":"bridge spawned","environment_id":"env_01m2qj65yws23xj4hkx8p23e8m","pid":50715,"target":"tachyon_serverless_provider_process"}
{"timestamp":"2026-09-17T11:31:48.181747Z","level":"INFO","message":"invocation finished","invocation_id":"inv_01m2qj65m16bcdeg2xn070whap","status":"succeeded (async run)","handler_ms":2,"environment_boot_ms":10,"runtime_init_ms":12,"target":"tachyon_serverless_application::services::invoke"}
{"timestamp":"2026-09-17T11:31:48.182892Z","level":"INFO","message":"invocation finished","invocation_id":"inv_01m2qj65pewt5an9pq6g00xtzv","status":"succeeded (async run)","handler_ms":2,"environment_boot_ms":9,"runtime_init_ms":11,"target":"tachyon_serverless_application::services::invoke"}
{"timestamp":"2026-09-17T11:31:48.183578Z","level":"INFO","message":"terminating bridge","environment_id":"env_01m2qj65yfegk3tz81e9q9keqp","pid":50714,"reason":"Completed","graceful":true,"target":"tachyon_serverless_provider_process"}
{"timestamp":"2026-09-17T11:31:48.184950Z","level":"INFO","message":"terminating bridge","environment_id":"env_01m2qj65yws23xj4hkx8p23e8m","pid":50715,"reason":"Completed","graceful":true,"target":"tachyon_serverless_provider_process"}
{"timestamp":"2026-09-17T11:31:48.191676Z","level":"INFO","message":"asynchronous invocation settled","invocation_id":"inv_01m2qj65m16bcdeg2xn070whap","status":"succeeded","target":"tachyon_serverless_application::services::invoke_async::dispatch"}
{"timestamp":"2026-09-17T11:31:48.193423Z","level":"INFO","message":"asynchronous invocation settled","invocation_id":"inv_01m2qj65pewt5an9pq6g00xtzv","status":"succeeded","target":"tachyon_serverless_application::services::invoke_async::dispatch"}
{"timestamp":"2026-09-17T11:31:48.198469Z","level":"INFO","message":"async dispatch: delivery handled","message_id":"inv_01m2qj65m16bcdeg2xn070whap","sequence":5,"delivery_count":1,"outcome":"Completed { status: \"succeeded\" }","target":"tachyon_serverless_application::services::invoke_async::dispatch"}
{"timestamp":"2026-09-17T11:31:48.206441Z","level":"INFO","message":"async dispatch: delivery handled","message_id":"inv_01m2qj65pewt5an9pq6g00xtzv","sequence":6,"delivery_count":1,"outcome":"Completed { status: \"succeeded\" }","target":"tachyon_serverless_application::services::invoke_async::dispatch"}
{"timestamp":"2026-09-17T11:31:48.667071Z","level":"INFO","message":"SIGTERM received","target":"tachyon_serverless_gateway"}
{"timestamp":"2026-09-17T11:31:48.667169Z","level":"INFO","message":"shutdown requested; cancelling in-flight invocations","target":"tachyon_serverless_gateway"}
{"timestamp":"2026-09-17T11:31:48.667779Z","level":"INFO","message":"final usage collection","report":"CollectReport { batches: 0, read: 0, inserted: 0, duplicates: 0, cursor_seq: 40 }","target":"tachyon_serverless_gateway"}
{"timestamp":"2026-09-17T11:31:48.669785Z","level":"INFO","message":"gateway stopped","target":"tachyon_serverless_gateway"}
{"timestamp":"2026-09-17T11:31:48.669995Z","level":"INFO","message":"event: closed","target":"async_nats"}

===== a start (failpoints: outbox.after_publish=kill) 11:31:48 =====
{"timestamp":"2026-09-17T11:31:48.810016Z","level":"INFO","message":"configuration loaded","config":"/private/var/folders/z7/khzdjrt95cg_fcmcnh4j1b5h0000gn/T/tsls-chaos.IV7zeW/gw-a.toml","target":"tachyon_serverless_gateway"}
{"timestamp":"2026-09-17T11:31:48.812875Z","level":"INFO","message":"connected successfully","server":"54212","max_payload":"1048576","target":"async_nats::connector"}
{"timestamp":"2026-09-17T11:31:48.813098Z","level":"INFO","message":"event: connected","target":"async_nats"}
{"timestamp":"2026-09-17T11:31:48.828463Z","level":"INFO","message":"JetStream queue connected and stream bootstrapped","url":"nats://127.0.0.1:54212","stream":"TACHYON_EVENTS","target":"tachyon_serverless_gateway::durable"}
{"timestamp":"2026-09-17T11:31:48.831142Z","level":"INFO","message":"state store opened","path":"/private/var/folders/z7/khzdjrt95cg_fcmcnh4j1b5h0000gn/T/tsls-chaos.IV7zeW/data/state.db","schema_version":8,"migrations_applied":"[]","imported_state_json":"None","settled_invocations":0,"settled_attempts":0,"settled_environments":0,"released_leases":0,"dropped_idempotency_keys":0,"purged_idempotency_keys":0,"outputs_purged":0,"target":"tachyon_serverless_application::app"}
{"timestamp":"2026-09-17T11:31:48.831776Z","level":"INFO","message":"dispatcher registered","dispatcher_id":"dsp_01m2qj66yzxxv31w5fmw1zpyvn","instance":"chaos-a","pid":50739,"lease_ttl_seconds":6,"target":"tachyon_serverless_application::services::dispatcher"}
{"timestamp":"2026-09-17T11:31:48.832389Z","level":"WARN","message":"reclaimed the work of dispatchers that lost their lease","dispatcher_id":"dsp_01m2qj66yzxxv31w5fmw1zpyvn","reclaimed_dispatchers":"[DispatcherId(dsp_01m2qj61pcg5wkfy93dwwk0zdp)]","leases":0,"invocations":0,"attempts":0,"fenced":0,"target":"tachyon_serverless_application::services::dispatcher"}
{"timestamp":"2026-09-17T11:31:48.834056Z","level":"WARN","message":"failpoint armed from TSLS_FAILPOINTS","name":"outbox.after_publish","action":"Kill","count":"None","target":"tachyon_serverless_application::failpoints"}
{"timestamp":"2026-09-17T11:31:48.834195Z","level":"INFO","message":"application bootstrapped","profile":"dev","provider":"process","dev_only":true,"environment_reuse":false,"reuse_verified":false,"reuse_reason":"[pool] enabled is false","reuse_disabled":"Some(Configuration)","idle_quiesce":"unsupported","idle_resume":"unsupported","data_dir":"/private/var/folders/z7/khzdjrt95cg_fcmcnh4j1b5h0000gn/T/tsls-chaos.IV7zeW/data","store":"sqlite","dispatcher_id":"dsp_01m2qj66yzxxv31w5fmw1zpyvn","node":"local","node_region":"none","node_memory_mib":"None","max_concurrency":8,"queue":"nats","objects":"filesystem","invoke_async":true,"triggers":true,"target":"tachyon_serverless_application::app"}
{"timestamp":"2026-09-17T11:31:48.834701Z","level":"INFO","message":"startup reconcile finished","provider":"process","found":0,"adopted":0,"terminated":0,"disowned":0,"failed":0,"lost":0,"foreign":0,"reclaimed_dispatchers":0,"fenced_terminated":0,"fenced_pending":0,"target":"tachyon_serverless_application::services::reconcile"}
{"timestamp":"2026-09-17T11:31:48.834817Z","level":"INFO","message":"gateway listening","addr":"127.0.0.1:54216","profile":"dev","provider":"process","target":"tachyon_serverless_gateway"}
{"timestamp":"2026-09-17T11:31:48.836993Z","level":"INFO","message":"asynchronous dispatcher started","workers":2,"owner":"dsp_01m2qj66yzxxv31w5fmw1zpyvn","target":"tachyon_serverless_gateway"}
{"timestamp":"2026-09-17T11:31:49.203974Z","level":"INFO","message":"asynchronous invocation accepted","invocation_id":"inv_01m2qj679ymh2496dg2nsk5b67","tenant_id":"tn_01hzzzzzzzzzzzzzzzzzzzzzza","revision_id":"rev_01m2qj62bf5yme3hxybfewprfj","input_bytes":4163,"input_storage":"object","target":"tachyon_serverless_application::services::invoke_async"}
{"timestamp":"2026-09-17T11:31:49.209464Z","level":"ERROR","message":"failpoint fired: SIGKILL","name":"outbox.after_publish","target":"tachyon_serverless_application::failpoints"}

===== a start (failpoints: none) 11:31:49 =====
{"timestamp":"2026-09-17T11:31:49.493690Z","level":"INFO","message":"configuration loaded","config":"/private/var/folders/z7/khzdjrt95cg_fcmcnh4j1b5h0000gn/T/tsls-chaos.IV7zeW/gw-a.toml","target":"tachyon_serverless_gateway"}
{"timestamp":"2026-09-17T11:31:49.495946Z","level":"INFO","message":"connected successfully","server":"54212","max_payload":"1048576","target":"async_nats::connector"}
{"timestamp":"2026-09-17T11:31:49.496080Z","level":"INFO","message":"event: connected","target":"async_nats"}
{"timestamp":"2026-09-17T11:31:49.509560Z","level":"INFO","message":"JetStream queue connected and stream bootstrapped","url":"nats://127.0.0.1:54212","stream":"TACHYON_EVENTS","target":"tachyon_serverless_gateway::durable"}
{"timestamp":"2026-09-17T11:31:49.511713Z","level":"INFO","message":"state store opened","path":"/private/var/folders/z7/khzdjrt95cg_fcmcnh4j1b5h0000gn/T/tsls-chaos.IV7zeW/data/state.db","schema_version":8,"migrations_applied":"[]","imported_state_json":"None","settled_invocations":0,"settled_attempts":0,"settled_environments":0,"released_leases":0,"dropped_idempotency_keys":0,"purged_idempotency_keys":0,"outputs_purged":0,"target":"tachyon_serverless_application::app"}
{"timestamp":"2026-09-17T11:31:49.512190Z","level":"INFO","message":"dispatcher registered","dispatcher_id":"dsp_01m2qj67m74t5tdne9bfcs1n3f","instance":"chaos-a","pid":50811,"lease_ttl_seconds":6,"target":"tachyon_serverless_application::services::dispatcher"}
{"timestamp":"2026-09-17T11:31:49.512721Z","level":"WARN","message":"reclaimed the work of dispatchers that lost their lease","dispatcher_id":"dsp_01m2qj67m74t5tdne9bfcs1n3f","reclaimed_dispatchers":"[DispatcherId(dsp_01m2qj66yzxxv31w5fmw1zpyvn)]","leases":0,"invocations":0,"attempts":0,"fenced":0,"target":"tachyon_serverless_application::services::dispatcher"}
{"timestamp":"2026-09-17T11:31:49.514342Z","level":"INFO","message":"application bootstrapped","profile":"dev","provider":"process","dev_only":true,"environment_reuse":false,"reuse_verified":false,"reuse_reason":"[pool] enabled is false","reuse_disabled":"Some(Configuration)","idle_quiesce":"unsupported","idle_resume":"unsupported","data_dir":"/private/var/folders/z7/khzdjrt95cg_fcmcnh4j1b5h0000gn/T/tsls-chaos.IV7zeW/data","store":"sqlite","dispatcher_id":"dsp_01m2qj67m74t5tdne9bfcs1n3f","node":"local","node_region":"none","node_memory_mib":"None","max_concurrency":8,"queue":"nats","objects":"filesystem","invoke_async":true,"triggers":true,"target":"tachyon_serverless_application::app"}
{"timestamp":"2026-09-17T11:31:49.514851Z","level":"INFO","message":"startup reconcile finished","provider":"process","found":0,"adopted":0,"terminated":0,"disowned":0,"failed":0,"lost":0,"foreign":0,"reclaimed_dispatchers":0,"fenced_terminated":0,"fenced_pending":0,"target":"tachyon_serverless_application::services::reconcile"}
{"timestamp":"2026-09-17T11:31:49.514976Z","level":"INFO","message":"gateway listening","addr":"127.0.0.1:54216","profile":"dev","provider":"process","target":"tachyon_serverless_gateway"}
{"timestamp":"2026-09-17T11:31:49.516634Z","level":"INFO","message":"asynchronous dispatcher started","workers":2,"owner":"dsp_01m2qj67m74t5tdne9bfcs1n3f","target":"tachyon_serverless_gateway"}
{"timestamp":"2026-09-17T11:31:52.283208Z","level":"INFO","message":"outbox: re-published events the broker already had, or whose claim moved on","duplicates":1,"lost_claims":0,"marked":1,"target":"tachyon_serverless_application::services::invoke_async::publisher"}
{"timestamp":"2026-09-17T11:31:53.217796Z","level":"INFO","message":"asynchronous run claimed","invocation_id":"inv_01m2qj679ymh2496dg2nsk5b67","attempt":1,"generation":0,"delivery_count":2,"target":"tachyon_serverless_application::services::invoke_async::dispatch"}
{"timestamp":"2026-09-17T11:31:53.397098Z","level":"INFO","message":"bridge spawned","environment_id":"env_01m2qj6b8agnhe9sj1w4y3bbek","pid":50913,"target":"tachyon_serverless_provider_process"}
{"timestamp":"2026-09-17T11:31:53.519017Z","level":"INFO","message":"object retention pass","report":"GcReport { examined: 2, collected_expired: 0, collected_orphans: 0, kept_in_use: 0, kept_referenced: 2, incomplete_removed: 0, tombstones_purged: 0, failed: 0 }","target":"tachyon_serverless_gateway"}
{"timestamp":"2026-09-17T11:31:53.712852Z","level":"INFO","message":"invocation finished","invocation_id":"inv_01m2qj679ymh2496dg2nsk5b67","status":"succeeded (async run)","handler_ms":305,"environment_boot_ms":3,"runtime_init_ms":4,"target":"tachyon_serverless_application::services::invoke"}
{"timestamp":"2026-09-17T11:31:53.715340Z","level":"INFO","message":"terminating bridge","environment_id":"env_01m2qj6b8agnhe9sj1w4y3bbek","pid":50913,"reason":"Completed","graceful":true,"target":"tachyon_serverless_provider_process"}
{"timestamp":"2026-09-17T11:31:53.723448Z","level":"INFO","message":"asynchronous invocation settled","invocation_id":"inv_01m2qj679ymh2496dg2nsk5b67","status":"succeeded","target":"tachyon_serverless_application::services::invoke_async::dispatch"}
{"timestamp":"2026-09-17T11:31:53.733848Z","level":"INFO","message":"async dispatch: delivery handled","message_id":"inv_01m2qj679ymh2496dg2nsk5b67","sequence":7,"delivery_count":2,"outcome":"Completed { status: \"succeeded\" }","target":"tachyon_serverless_application::services::invoke_async::dispatch"}
{"timestamp":"2026-09-17T11:31:54.097552Z","level":"INFO","message":"bridge spawned","environment_id":"env_01m2qj6bzd1qpfqzkrgtjy460d","pid":50956,"target":"tachyon_serverless_provider_process"}
{"timestamp":"2026-09-17T11:31:54.107302Z","level":"INFO","message":"invocation finished","invocation_id":"inv_01m2qj6bzdwb8tyjc860dtkt4p","status":"succeeded","handler_ms":0,"environment_boot_ms":3,"runtime_init_ms":4,"target":"tachyon_serverless_application::services::invoke"}
{"timestamp":"2026-09-17T11:31:54.108949Z","level":"INFO","message":"terminating bridge","environment_id":"env_01m2qj6bzd1qpfqzkrgtjy460d","pid":50956,"reason":"Completed","graceful":true,"target":"tachyon_serverless_provider_process"}
{"timestamp":"2026-09-17T11:31:54.154428Z","level":"INFO","message":"asynchronous invocation accepted","invocation_id":"inv_01m2qj6c599qx9prkgmx9mgyah","tenant_id":"tn_01hzzzzzzzzzzzzzzzzzzzzzza","revision_id":"rev_01m2qj62bf5yme3hxybfewprfj","input_bytes":48,"input_storage":"inline","target":"tachyon_serverless_application::services::invoke_async"}
{"timestamp":"2026-09-17T11:31:54.164787Z","level":"INFO","message":"asynchronous run claimed","invocation_id":"inv_01m2qj6c599qx9prkgmx9mgyah","attempt":1,"generation":0,"delivery_count":1,"target":"tachyon_serverless_application::services::invoke_async::dispatch"}
{"timestamp":"2026-09-17T11:31:54.215440Z","level":"INFO","message":"asynchronous invocation accepted","invocation_id":"inv_01m2qj6c6rskh5chamsj691bv4","tenant_id":"tn_01hzzzzzzzzzzzzzzzzzzzzzza","revision_id":"rev_01m2qj62bf5yme3hxybfewprfj","input_bytes":4128,"input_storage":"object","target":"tachyon_serverless_application::services::invoke_async"}
{"timestamp":"2026-09-17T11:31:54.222159Z","level":"INFO","message":"asynchronous run claimed","invocation_id":"inv_01m2qj6c6rskh5chamsj691bv4","attempt":1,"generation":0,"delivery_count":1,"target":"tachyon_serverless_application::services::invoke_async::dispatch"}
{"timestamp":"2026-09-17T11:31:54.244516Z","level":"INFO","message":"asynchronous invocation accepted","invocation_id":"inv_01m2qj6c83dy2y60cnqn8yrrfp","tenant_id":"tn_01hzzzzzzzzzzzzzzzzzzzzzza","revision_id":"rev_01m2qj632q2ckdnw7j8ngcx1ev","input_bytes":191,"input_storage":"inline","target":"tachyon_serverless_application::services::invoke_async"}
{"timestamp":"2026-09-17T11:31:54.244551Z","level":"INFO","message":"webhook trigger fired","trigger_id":"trg_01m2qj649h6ryxxtfrnbs7bqj1","event_id":"evt-post-w1","invocation_id":"inv_01m2qj6c83dy2y60cnqn8yrrfp","revision_id":"rev_01m2qj632q2ckdnw7j8ngcx1ev","replayed":false,"target":"tachyon_serverless_application::services::triggers"}
{"timestamp":"2026-09-17T11:31:54.265968Z","level":"INFO","message":"trigger updated","trigger_id":"trg_01m2qj648vrv1rc4kyr6vy572w","generation":3,"status":"disabled","next_fire_at":"None","rotated_secret":false,"target":"tachyon_serverless_application::services::triggers"}
{"timestamp":"2026-09-17T11:31:54.308250Z","level":"INFO","message":"bridge spawned","environment_id":"env_01m2qj6c5n0xkvgxvsgydmsjfp","pid":51067,"target":"tachyon_serverless_provider_process"}
{"timestamp":"2026-09-17T11:31:54.318064Z","level":"INFO","message":"invocation finished","invocation_id":"inv_01m2qj6c599qx9prkgmx9mgyah","status":"succeeded (async run)","handler_ms":0,"environment_boot_ms":4,"runtime_init_ms":4,"target":"tachyon_serverless_application::services::invoke"}
{"timestamp":"2026-09-17T11:31:54.320575Z","level":"INFO","message":"terminating bridge","environment_id":"env_01m2qj6c5n0xkvgxvsgydmsjfp","pid":51067,"reason":"Completed","graceful":true,"target":"tachyon_serverless_provider_process"}
{"timestamp":"2026-09-17T11:31:54.323087Z","level":"INFO","message":"asynchronous invocation settled","invocation_id":"inv_01m2qj6c599qx9prkgmx9mgyah","status":"succeeded","target":"tachyon_serverless_application::services::invoke_async::dispatch"}
{"timestamp":"2026-09-17T11:31:54.328509Z","level":"INFO","message":"async dispatch: delivery handled","message_id":"inv_01m2qj6c599qx9prkgmx9mgyah","sequence":8,"delivery_count":1,"outcome":"Completed { status: \"succeeded\" }","target":"tachyon_serverless_application::services::invoke_async::dispatch"}
{"timestamp":"2026-09-17T11:31:54.329111Z","level":"INFO","message":"asynchronous run claimed","invocation_id":"inv_01m2qj6c83dy2y60cnqn8yrrfp","attempt":1,"generation":0,"delivery_count":1,"target":"tachyon_serverless_application::services::invoke_async::dispatch"}
{"timestamp":"2026-09-17T11:31:54.368257Z","level":"INFO","message":"bridge spawned","environment_id":"env_01m2qj6c7f29a5kaec1ywnzb5v","pid":51075,"target":"tachyon_serverless_provider_process"}
{"timestamp":"2026-09-17T11:31:54.382881Z","level":"INFO","message":"invocation finished","invocation_id":"inv_01m2qj6c6rskh5chamsj691bv4","status":"succeeded (async run)","handler_ms":0,"environment_boot_ms":3,"runtime_init_ms":8,"target":"tachyon_serverless_application::services::invoke"}
{"timestamp":"2026-09-17T11:31:54.384453Z","level":"INFO","message":"terminating bridge","environment_id":"env_01m2qj6c7f29a5kaec1ywnzb5v","pid":51075,"reason":"Completed","graceful":true,"target":"tachyon_serverless_provider_process"}
{"timestamp":"2026-09-17T11:31:54.386856Z","level":"INFO","message":"asynchronous invocation settled","invocation_id":"inv_01m2qj6c6rskh5chamsj691bv4","status":"succeeded","target":"tachyon_serverless_application::services::invoke_async::dispatch"}
{"timestamp":"2026-09-17T11:31:54.392783Z","level":"INFO","message":"async dispatch: delivery handled","message_id":"inv_01m2qj6c6rskh5chamsj691bv4","sequence":9,"delivery_count":1,"outcome":"Completed { status: \"succeeded\" }","target":"tachyon_serverless_application::services::invoke_async::dispatch"}
{"timestamp":"2026-09-17T11:31:54.472656Z","level":"INFO","message":"bridge spawned","environment_id":"env_01m2qj6cas24ngc0cmyjyzw0kb","pid":51080,"target":"tachyon_serverless_provider_process"}
{"timestamp":"2026-09-17T11:31:54.488770Z","level":"INFO","message":"invocation finished","invocation_id":"inv_01m2qj6c83dy2y60cnqn8yrrfp","status":"succeeded (async run)","handler_ms":0,"environment_boot_ms":4,"runtime_init_ms":5,"target":"tachyon_serverless_application::services::invoke"}
{"timestamp":"2026-09-17T11:31:54.490322Z","level":"INFO","message":"terminating bridge","environment_id":"env_01m2qj6cas24ngc0cmyjyzw0kb","pid":51080,"reason":"Completed","graceful":true,"target":"tachyon_serverless_provider_process"}
{"timestamp":"2026-09-17T11:31:54.492772Z","level":"INFO","message":"asynchronous invocation settled","invocation_id":"inv_01m2qj6c83dy2y60cnqn8yrrfp","status":"succeeded","target":"tachyon_serverless_application::services::invoke_async::dispatch"}
{"timestamp":"2026-09-17T11:31:54.499936Z","level":"INFO","message":"async dispatch: delivery handled","message_id":"inv_01m2qj6c83dy2y60cnqn8yrrfp","sequence":10,"delivery_count":1,"outcome":"Completed { status: \"succeeded\" }","target":"tachyon_serverless_application::services::invoke_async::dispatch"}
{"timestamp":"2026-09-17T11:31:55.520065Z","level":"INFO","message":"object retention pass","report":"GcReport { examined: 3, collected_expired: 0, collected_orphans: 0, kept_in_use: 0, kept_referenced: 3, incomplete_removed: 0, tombstones_purged: 0, failed: 0 }","target":"tachyon_serverless_gateway"}
{"timestamp":"2026-09-17T11:31:56.370251Z","level":"INFO","message":"SIGTERM received","target":"tachyon_serverless_gateway"}
{"timestamp":"2026-09-17T11:31:56.370318Z","level":"INFO","message":"shutdown requested; cancelling in-flight invocations","target":"tachyon_serverless_gateway"}
{"timestamp":"2026-09-17T11:31:56.370911Z","level":"INFO","message":"final usage collection","report":"CollectReport { batches: 0, read: 0, inserted: 0, duplicates: 0, cursor_seq: 65 }","target":"tachyon_serverless_gateway"}
{"timestamp":"2026-09-17T11:31:56.374508Z","level":"INFO","message":"gateway stopped","target":"tachyon_serverless_gateway"}
{"timestamp":"2026-09-17T11:31:56.374853Z","level":"INFO","message":"event: closed","target":"async_nats"}
