{"timestamp":"2026-09-17T11:01:03.646052Z","level":"INFO","message":"configuration loaded","config":"/var/folders/z7/khzdjrt95cg_fcmcnh4j1b5h0000gn/T//tsls-e2e.AURqrI/gateway.toml","target":"tachyon_serverless_gateway"}
{"timestamp":"2026-09-17T11:01:03.666337Z","level":"INFO","message":"state store opened","path":"/var/folders/z7/khzdjrt95cg_fcmcnh4j1b5h0000gn/T//tsls-e2e.AURqrI/data/state.db","schema_version":8,"migrations_applied":"[1, 2, 3, 4, 5, 6, 7, 8]","imported_state_json":"None","settled_invocations":0,"settled_attempts":0,"settled_environments":0,"released_leases":0,"dropped_idempotency_keys":0,"purged_idempotency_keys":0,"outputs_purged":0,"target":"tachyon_serverless_application::app"}
{"timestamp":"2026-09-17T11:01:03.667484Z","level":"INFO","message":"dispatcher registered","dispatcher_id":"dsp_01m2qgdx1j1xgjfejyy86dn8v4","instance":"gateway@127.0.0.1:60826","pid":83055,"lease_ttl_seconds":30,"target":"tachyon_serverless_application::services::dispatcher"}
{"timestamp":"2026-09-17T11:01:03.676963Z","level":"INFO","message":"application bootstrapped","profile":"dev","provider":"process","dev_only":true,"environment_reuse":false,"reuse_verified":false,"reuse_reason":"[pool] enabled is false","reuse_disabled":"Some(Configuration)","idle_quiesce":"unsupported","idle_resume":"unsupported","data_dir":"/var/folders/z7/khzdjrt95cg_fcmcnh4j1b5h0000gn/T//tsls-e2e.AURqrI/data","store":"sqlite","dispatcher_id":"dsp_01m2qgdx1j1xgjfejyy86dn8v4","node":"local","node_region":"none","node_memory_mib":"None","max_concurrency":8,"queue":"none","objects":"none","invoke_async":false,"triggers":false,"target":"tachyon_serverless_application::app"}
{"timestamp":"2026-09-17T11:01:03.677624Z","level":"INFO","message":"startup reconcile finished","provider":"process","found":0,"adopted":0,"terminated":0,"disowned":0,"failed":0,"lost":0,"foreign":0,"reclaimed_dispatchers":0,"fenced_terminated":0,"fenced_pending":0,"target":"tachyon_serverless_application::services::reconcile"}
{"timestamp":"2026-09-17T11:01:03.677821Z","level":"INFO","message":"gateway listening","addr":"127.0.0.1:60826","profile":"dev","provider":"process","target":"tachyon_serverless_gateway"}
{"timestamp":"2026-09-17T11:01:06.747549Z","level":"INFO","message":"revision ready","revision_id":"rev_01m2qgdzpg4qrk1t36r8ejtnjh","function_id":"fn_01m2qgdys9drq2y3vn0cxp1w6q","target":"tachyon_serverless_application::services::revision"}
{"timestamp":"2026-09-17T11:01:08.657427Z","level":"INFO","message":"revision ready","revision_id":"rev_01m2qge1bzqmh82qag0svva70t","function_id":"fn_01m2qgdyv9rvg6s5ap35avbcb7","target":"tachyon_serverless_application::services::revision"}
{"timestamp":"2026-09-17T11:01:10.030256Z","level":"INFO","message":"revision ready","revision_id":"rev_01m2qge2wwc3bcmwze0s1dv4kq","function_id":"fn_01m2qgdyxjmvjwc585a1eks7dk","target":"tachyon_serverless_application::services::revision"}
{"timestamp":"2026-09-17T11:01:10.631585Z","level":"INFO","message":"bridge spawned","environment_id":"env_01m2qge3fvhc544yvdv15cmvwj","pid":83829,"target":"tachyon_serverless_provider_process"}
{"timestamp":"2026-09-17T11:01:11.955651Z","level":"INFO","message":"invocation finished","invocation_id":"inv_01m2qge3fs04g2sfzjt83fgh2x","status":"succeeded","handler_ms":1,"environment_boot_ms":827,"runtime_init_ms":494,"target":"tachyon_serverless_application::services::invoke"}
{"timestamp":"2026-09-17T11:01:11.957508Z","level":"INFO","message":"terminating bridge","environment_id":"env_01m2qge3fvhc544yvdv15cmvwj","pid":83829,"reason":"Completed","graceful":true,"target":"tachyon_serverless_provider_process"}
{"timestamp":"2026-09-17T11:01:12.441294Z","level":"INFO","message":"bridge spawned","environment_id":"env_01m2qge58gvjffk8f4gqaqsfb5","pid":83980,"target":"tachyon_serverless_provider_process"}
{"timestamp":"2026-09-17T11:01:12.465160Z","level":"INFO","message":"invocation finished","invocation_id":"inv_01m2qge58gt1w0ybmfrgzrtjdc","status":"failed","handler_ms":1,"environment_boot_ms":8,"runtime_init_ms":11,"target":"tachyon_serverless_application::services::invoke"}
{"timestamp":"2026-09-17T11:01:12.467135Z","level":"INFO","message":"terminating bridge","environment_id":"env_01m2qge58gvjffk8f4gqaqsfb5","pid":83980,"reason":"Completed","graceful":true,"target":"tachyon_serverless_provider_process"}
{"timestamp":"2026-09-17T11:01:12.960470Z","level":"INFO","message":"bridge spawned","environment_id":"env_01m2qge5rjry8zb5s0xnkrwjsd","pid":84082,"target":"tachyon_serverless_provider_process"}
{"timestamp":"2026-09-17T11:01:12.983988Z","level":"INFO","message":"invocation finished","invocation_id":"inv_01m2qge5rhr21df6wkyd695dbc","status":"failed","handler_ms":1,"environment_boot_ms":8,"runtime_init_ms":11,"target":"tachyon_serverless_application::services::invoke"}
{"timestamp":"2026-09-17T11:01:12.984688Z","level":"INFO","message":"terminating bridge","environment_id":"env_01m2qge5rjry8zb5s0xnkrwjsd","pid":84082,"reason":"Completed","graceful":true,"target":"tachyon_serverless_provider_process"}
{"timestamp":"2026-09-17T11:01:14.255242Z","level":"INFO","message":"revision ready","revision_id":"rev_01m2qge710p39q874dx2qz49b9","function_id":"fn_01m2qgdys9drq2y3vn0cxp1w6q","target":"tachyon_serverless_application::services::revision"}
{"timestamp":"2026-09-17T11:01:14.798089Z","level":"INFO","message":"bridge spawned","environment_id":"env_01m2qge7j9cpssa4qw0prpwahp","pid":84198,"target":"tachyon_serverless_provider_process"}
{"timestamp":"2026-09-17T11:01:14.815995Z","level":"INFO","message":"terminating bridge","environment_id":"env_01m2qge7j9cpssa4qw0prpwahp","pid":84198,"reason":"InitFailed","graceful":false,"target":"tachyon_serverless_provider_process"}
{"timestamp":"2026-09-17T11:01:14.818013Z","level":"INFO","message":"invocation failed","invocation_id":"inv_01m2qge7j806tjsh67qdq64884","class":"init_error","error_type":"Runtime.InitError","target":"tachyon_serverless_application::services::invoke"}
{"timestamp":"2026-09-17T11:01:15.368259Z","level":"INFO","message":"bridge spawned","environment_id":"env_01m2qge80rxd9jh26tbegt5g15","pid":84224,"target":"tachyon_serverless_provider_process"}
{"timestamp":"2026-09-17T11:01:15.846523Z","level":"INFO","message":"invocation finished","invocation_id":"inv_01m2qge80q4prwc0j6pg17q4j7","status":"succeeded","handler_ms":1,"environment_boot_ms":7,"runtime_init_ms":468,"target":"tachyon_serverless_application::services::invoke"}
{"timestamp":"2026-09-17T11:01:15.848242Z","level":"INFO","message":"terminating bridge","environment_id":"env_01m2qge80rxd9jh26tbegt5g15","pid":84224,"reason":"Completed","graceful":true,"target":"tachyon_serverless_provider_process"}
{"timestamp":"2026-09-17T11:01:16.369486Z","level":"INFO","message":"bridge spawned","environment_id":"env_01m2qge904sr1f4w5ytg4hkgcg","pid":84286,"target":"tachyon_serverless_provider_process"}
{"timestamp":"2026-09-17T11:01:16.387018Z","level":"INFO","message":"invocation finished","invocation_id":"inv_01m2qge90397f8t6j4mgm6yfkp","status":"succeeded","handler_ms":1,"environment_boot_ms":6,"runtime_init_ms":8,"target":"tachyon_serverless_application::services::invoke"}
{"timestamp":"2026-09-17T11:01:16.388905Z","level":"INFO","message":"terminating bridge","environment_id":"env_01m2qge904sr1f4w5ytg4hkgcg","pid":84286,"reason":"Completed","graceful":true,"target":"tachyon_serverless_provider_process"}
{"timestamp":"2026-09-17T11:01:16.925896Z","level":"INFO","message":"bridge spawned","environment_id":"env_01m2qge9h205q2fyssdwrcvtyg","pid":84337,"target":"tachyon_serverless_provider_process"}
{"timestamp":"2026-09-17T11:01:16.944617Z","level":"INFO","message":"invocation finished","invocation_id":"inv_01m2qge9h1t19r5gd2j8r282d4","status":"succeeded","handler_ms":1,"environment_boot_ms":7,"runtime_init_ms":9,"target":"tachyon_serverless_application::services::invoke"}
{"timestamp":"2026-09-17T11:01:16.946523Z","level":"INFO","message":"terminating bridge","environment_id":"env_01m2qge9h205q2fyssdwrcvtyg","pid":84337,"reason":"Completed","graceful":true,"target":"tachyon_serverless_provider_process"}
{"timestamp":"2026-09-17T11:01:17.464772Z","level":"INFO","message":"bridge spawned","environment_id":"env_01m2qgea292c9hxg8j2h1b7a14","pid":84368,"target":"tachyon_serverless_provider_process"}
{"timestamp":"2026-09-17T11:01:17.483233Z","level":"INFO","message":"invocation finished","invocation_id":"inv_01m2qgea28p67tb7h8a3py63fh","status":"succeeded","handler_ms":1,"environment_boot_ms":6,"runtime_init_ms":8,"target":"tachyon_serverless_application::services::invoke"}
{"timestamp":"2026-09-17T11:01:17.485002Z","level":"INFO","message":"terminating bridge","environment_id":"env_01m2qgea292c9hxg8j2h1b7a14","pid":84368,"reason":"Completed","graceful":true,"target":"tachyon_serverless_provider_process"}
{"timestamp":"2026-09-17T11:01:17.855514Z","level":"INFO","message":"bridge spawned","environment_id":"env_01m2qgeakncdym34pjfpn26p5g","pid":84399,"target":"tachyon_serverless_provider_process"}
{"timestamp":"2026-09-17T11:01:19.353145Z","level":"INFO","message":"invocation finished","invocation_id":"inv_01m2qgeakn6a72c195dctcsgbr","status":"succeeded","handler_ms":1002,"environment_boot_ms":6,"runtime_init_ms":485,"target":"tachyon_serverless_application::services::invoke"}
{"timestamp":"2026-09-17T11:01:19.355016Z","level":"INFO","message":"terminating bridge","environment_id":"env_01m2qgeakncdym34pjfpn26p5g","pid":84399,"reason":"Completed","graceful":true,"target":"tachyon_serverless_provider_process"}
{"timestamp":"2026-09-17T11:01:20.404795Z","level":"INFO","message":"revision ready","revision_id":"rev_01m2qged23qw4wsxaqz5a17ae9","function_id":"fn_01m2qgdyxjmvjwc585a1eks7dk","target":"tachyon_serverless_application::services::revision"}
{"timestamp":"2026-09-17T11:01:20.915077Z","level":"INFO","message":"bridge spawned","environment_id":"env_01m2qgedk6g2vm5qxw2resce5m","pid":84514,"target":"tachyon_serverless_provider_process"}
{"timestamp":"2026-09-17T11:01:23.940986Z","level":"INFO","message":"invocation finished","invocation_id":"inv_01m2qgedk6p8k8sjw066962ycc","status":"failed","handler_ms":2003,"environment_boot_ms":7,"runtime_init_ms":8,"target":"tachyon_serverless_application::services::invoke"}
{"timestamp":"2026-09-17T11:01:27.125093Z","level":"INFO","message":"revision ready","revision_id":"rev_01m2qgeknbvskye1z0vg7d60t7","function_id":"fn_01m2qgdys9drq2y3vn0cxp1w6q","target":"tachyon_serverless_application::services::revision"}
{"timestamp":"2026-09-17T11:01:27.647194Z","level":"INFO","message":"bridge spawned","environment_id":"env_01m2qgem66wny8q1x41jh9frpp","pid":84815,"target":"tachyon_serverless_provider_process"}
{"timestamp":"2026-09-17T11:01:27.665369Z","level":"INFO","message":"invocation finished","invocation_id":"inv_01m2qgem669akwr0wsqgn6x42v","status":"succeeded","handler_ms":0,"environment_boot_ms":6,"runtime_init_ms":8,"target":"tachyon_serverless_application::services::invoke"}
{"timestamp":"2026-09-17T11:01:27.667201Z","level":"INFO","message":"terminating bridge","environment_id":"env_01m2qgem66wny8q1x41jh9frpp","pid":84815,"reason":"Completed","graceful":true,"target":"tachyon_serverless_provider_process"}
{"timestamp":"2026-09-17T11:01:27.686640Z","level":"INFO","message":"draining revision: new work goes elsewhere (or is refused), running work completes","revision_id":"rev_01m2qgdzpg4qrk1t36r8ejtnjh","reason":"alias_switch","target":"tachyon_serverless_application::services::scaling"}
{"timestamp":"2026-09-17T11:01:28.054737Z","level":"INFO","message":"bridge spawned","environment_id":"env_01m2qgemj9srvv4hpkzevvsfqm","pid":84869,"target":"tachyon_serverless_provider_process"}
{"timestamp":"2026-09-17T11:01:28.074237Z","level":"INFO","message":"invocation finished","invocation_id":"inv_01m2qgemj9xdz4qhkbvc85g521","status":"succeeded","handler_ms":0,"environment_boot_ms":8,"runtime_init_ms":9,"target":"tachyon_serverless_application::services::invoke"}
{"timestamp":"2026-09-17T11:01:28.076054Z","level":"INFO","message":"terminating bridge","environment_id":"env_01m2qgemj9srvv4hpkzevvsfqm","pid":84869,"reason":"Completed","graceful":true,"target":"tachyon_serverless_provider_process"}
{"timestamp":"2026-09-17T11:01:28.551725Z","level":"INFO","message":"bridge spawned","environment_id":"env_01m2qgen1se92f55kzz0gqpdsn","pid":84990,"target":"tachyon_serverless_provider_process"}
{"timestamp":"2026-09-17T11:01:28.552169Z","level":"INFO","message":"terminating bridge","environment_id":"env_01m2qgen1se92f55kzz0gqpdsn","pid":84990,"reason":"Cancelled","graceful":false,"target":"tachyon_serverless_provider_process"}
{"timestamp":"2026-09-17T11:01:28.552936Z","level":"INFO","message":"invocation failed","invocation_id":"inv_01m2qgen1rr9rgg8qbj868skkw","class":"cancelled","error_type":"Host.Cancelled","target":"tachyon_serverless_application::services::invoke"}
{"timestamp":"2026-09-17T11:01:28.685318Z","level":"INFO","message":"draining revision: new work goes elsewhere (or is refused), running work completes","revision_id":"rev_01m2qgeknbvskye1z0vg7d60t7","reason":"alias_switch","target":"tachyon_serverless_application::services::scaling"}
{"timestamp":"2026-09-17T11:01:28.934222Z","level":"INFO","message":"SIGTERM received","target":"tachyon_serverless_gateway"}
{"timestamp":"2026-09-17T11:01:28.934297Z","level":"INFO","message":"shutdown requested; cancelling in-flight invocations","target":"tachyon_serverless_gateway"}
{"timestamp":"2026-09-17T11:01:28.934877Z","level":"INFO","message":"final usage collection","report":"CollectReport { batches: 0, read: 0, inserted: 0, duplicates: 0, cursor_seq: 58 }","target":"tachyon_serverless_gateway"}
{"timestamp":"2026-09-17T11:01:28.936356Z","level":"INFO","message":"gateway stopped","target":"tachyon_serverless_gateway"}
