{"timestamp":"2026-09-17T07:56:00.335786Z","level":"INFO","message":"configuration loaded","config":"/var/folders/z7/khzdjrt95cg_fcmcnh4j1b5h0000gn/T//tsls-e2e.dH82zC/gateway.toml","target":"tachyon_serverless_gateway"}
{"timestamp":"2026-09-17T07:56:00.343430Z","level":"INFO","message":"state store opened","path":"/var/folders/z7/khzdjrt95cg_fcmcnh4j1b5h0000gn/T//tsls-e2e.dH82zC/data/state.db","schema_version":6,"migrations_applied":"[1, 2, 3, 4, 5, 6]","imported_state_json":"None","settled_invocations":0,"settled_attempts":0,"settled_environments":0,"released_leases":0,"dropped_idempotency_keys":0,"purged_idempotency_keys":0,"outputs_purged":0,"target":"tachyon_serverless_application::app"}
{"timestamp":"2026-09-17T07:56:00.343953Z","level":"INFO","message":"dispatcher registered","dispatcher_id":"dsp_01m2q5v1yqgrd8gv9qm6v360mr","instance":"gateway@127.0.0.1:53942","pid":21778,"lease_ttl_seconds":30,"target":"tachyon_serverless_application::services::dispatcher"}
{"timestamp":"2026-09-17T07:56:00.346828Z","level":"INFO","message":"application bootstrapped","profile":"dev","provider":"process","dev_only":true,"environment_reuse":false,"reuse_verified":false,"reuse_reason":"[pool] enabled is false","reuse_disabled":"Some(Configuration)","idle_quiesce":"unsupported","idle_resume":"unsupported","data_dir":"/var/folders/z7/khzdjrt95cg_fcmcnh4j1b5h0000gn/T//tsls-e2e.dH82zC/data","store":"sqlite","dispatcher_id":"dsp_01m2q5v1yqgrd8gv9qm6v360mr","node":"local","node_region":"none","node_memory_mib":"None","max_concurrency":8,"queue":"none","objects":"none","invoke_async":false,"target":"tachyon_serverless_application::app"}
{"timestamp":"2026-09-17T07:56:00.347075Z","level":"INFO","message":"startup reconcile finished","provider":"process","found":0,"adopted":0,"terminated":0,"disowned":0,"failed":0,"lost":0,"foreign":0,"reclaimed_dispatchers":0,"fenced_terminated":0,"fenced_pending":0,"target":"tachyon_serverless_application::services::reconcile"}
{"timestamp":"2026-09-17T07:56:00.347169Z","level":"INFO","message":"gateway listening","addr":"127.0.0.1:53942","profile":"dev","provider":"process","target":"tachyon_serverless_gateway"}
{"timestamp":"2026-09-17T07:56:01.720119Z","level":"INFO","message":"revision ready","revision_id":"rev_01m2q5v34tn4rt1bh4kc6q5ss3","function_id":"fn_01m2q5v2qvw1r0ykjc7gjnyhws","target":"tachyon_serverless_application::services::revision"}
{"timestamp":"2026-09-17T07:56:02.583820Z","level":"INFO","message":"revision ready","revision_id":"rev_01m2q5v3vyff9sf98wgrx31wdy","function_id":"fn_01m2q5v2scf05nx9w1ydv2mb62","target":"tachyon_serverless_application::services::revision"}
{"timestamp":"2026-09-17T07:56:03.150969Z","level":"INFO","message":"revision ready","revision_id":"rev_01m2q5v4h8pk3y0j1f6nm98beq","function_id":"fn_01m2q5v2tf3tr456ebvd08vnq9","target":"tachyon_serverless_application::services::revision"}
{"timestamp":"2026-09-17T07:56:03.460677Z","level":"INFO","message":"bridge spawned","environment_id":"env_01m2q5v4txrf8vmqdf9rqzf2hj","pid":22768,"target":"tachyon_serverless_provider_process"}
{"timestamp":"2026-09-17T07:56:04.322732Z","level":"INFO","message":"invocation finished","invocation_id":"inv_01m2q5v4tr9vbj97mgatg0jp00","status":"succeeded","handler_ms":0,"environment_boot_ms":516,"runtime_init_ms":345,"target":"tachyon_serverless_application::services::invoke"}
{"timestamp":"2026-09-17T07:56:04.324292Z","level":"INFO","message":"terminating bridge","environment_id":"env_01m2q5v4txrf8vmqdf9rqzf2hj","pid":22768,"reason":"Completed","graceful":true,"target":"tachyon_serverless_provider_process"}
{"timestamp":"2026-09-17T07:56:04.515893Z","level":"INFO","message":"bridge spawned","environment_id":"env_01m2q5v5wrhqzbnwxy05df7t55","pid":22832,"target":"tachyon_serverless_provider_process"}
{"timestamp":"2026-09-17T07:56:04.525723Z","level":"INFO","message":"invocation finished","invocation_id":"inv_01m2q5v5wr4170ma4twhqzf7re","status":"failed","handler_ms":0,"environment_boot_ms":4,"runtime_init_ms":4,"target":"tachyon_serverless_application::services::invoke"}
{"timestamp":"2026-09-17T07:56:04.527308Z","level":"INFO","message":"terminating bridge","environment_id":"env_01m2q5v5wrhqzbnwxy05df7t55","pid":22832,"reason":"Completed","graceful":true,"target":"tachyon_serverless_provider_process"}
{"timestamp":"2026-09-17T07:56:04.711254Z","level":"INFO","message":"bridge spawned","environment_id":"env_01m2q5v62yny59eg5ewvpn59zn","pid":22865,"target":"tachyon_serverless_provider_process"}
{"timestamp":"2026-09-17T07:56:04.720825Z","level":"INFO","message":"invocation finished","invocation_id":"inv_01m2q5v62x618fdttxdyhcs3er","status":"failed","handler_ms":0,"environment_boot_ms":4,"runtime_init_ms":4,"target":"tachyon_serverless_application::services::invoke"}
{"timestamp":"2026-09-17T07:56:04.721079Z","level":"INFO","message":"terminating bridge","environment_id":"env_01m2q5v62yny59eg5ewvpn59zn","pid":22865,"reason":"Completed","graceful":true,"target":"tachyon_serverless_provider_process"}
{"timestamp":"2026-09-17T07:56:05.169105Z","level":"INFO","message":"revision ready","revision_id":"rev_01m2q5v6h8fkh1v38024xf45gc","function_id":"fn_01m2q5v2qvw1r0ykjc7gjnyhws","target":"tachyon_serverless_application::services::revision"}
{"timestamp":"2026-09-17T07:56:05.452914Z","level":"INFO","message":"bridge spawned","environment_id":"env_01m2q5v6t1g641nvww1zt7dsw6","pid":22957,"target":"tachyon_serverless_provider_process"}
{"timestamp":"2026-09-17T07:56:05.461052Z","level":"INFO","message":"terminating bridge","environment_id":"env_01m2q5v6t1g641nvww1zt7dsw6","pid":22957,"reason":"InitFailed","graceful":false,"target":"tachyon_serverless_provider_process"}
{"timestamp":"2026-09-17T07:56:05.462031Z","level":"INFO","message":"invocation failed","invocation_id":"inv_01m2q5v6t1h9axqax835k9haz7","class":"init_error","error_type":"Runtime.InitError","target":"tachyon_serverless_application::services::invoke"}
{"timestamp":"2026-09-17T07:56:05.712915Z","level":"INFO","message":"bridge spawned","environment_id":"env_01m2q5v6zva00q4n50je84gnd6","pid":22985,"target":"tachyon_serverless_provider_process"}
{"timestamp":"2026-09-17T07:56:06.086638Z","level":"INFO","message":"invocation finished","invocation_id":"inv_01m2q5v6zv635hr3vwmmrm71yr","status":"succeeded","handler_ms":1,"environment_boot_ms":3,"runtime_init_ms":364,"target":"tachyon_serverless_application::services::invoke"}
{"timestamp":"2026-09-17T07:56:06.088775Z","level":"INFO","message":"terminating bridge","environment_id":"env_01m2q5v6zva00q4n50je84gnd6","pid":22985,"reason":"Completed","graceful":true,"target":"tachyon_serverless_provider_process"}
{"timestamp":"2026-09-17T07:56:06.348675Z","level":"INFO","message":"bridge spawned","environment_id":"env_01m2q5v7kjm4nxc0g8qx2xn76f","pid":23015,"target":"tachyon_serverless_provider_process"}
{"timestamp":"2026-09-17T07:56:06.358558Z","level":"INFO","message":"invocation finished","invocation_id":"inv_01m2q5v7khqxrf9aka1my8snxb","status":"succeeded","handler_ms":0,"environment_boot_ms":4,"runtime_init_ms":4,"target":"tachyon_serverless_application::services::invoke"}
{"timestamp":"2026-09-17T07:56:06.360226Z","level":"INFO","message":"terminating bridge","environment_id":"env_01m2q5v7kjm4nxc0g8qx2xn76f","pid":23015,"reason":"Completed","graceful":true,"target":"tachyon_serverless_provider_process"}
{"timestamp":"2026-09-17T07:56:06.603356Z","level":"INFO","message":"bridge spawned","environment_id":"env_01m2q5v7vq16584r94tgd3tkqd","pid":23034,"target":"tachyon_serverless_provider_process"}
{"timestamp":"2026-09-17T07:56:06.613281Z","level":"INFO","message":"invocation finished","invocation_id":"inv_01m2q5v7vpysxv541gcetm9a0k","status":"succeeded","handler_ms":0,"environment_boot_ms":4,"runtime_init_ms":4,"target":"tachyon_serverless_application::services::invoke"}
{"timestamp":"2026-09-17T07:56:06.614777Z","level":"INFO","message":"terminating bridge","environment_id":"env_01m2q5v7vq16584r94tgd3tkqd","pid":23034,"reason":"Completed","graceful":true,"target":"tachyon_serverless_provider_process"}
{"timestamp":"2026-09-17T07:56:06.858241Z","level":"INFO","message":"bridge spawned","environment_id":"env_01m2q5v83jttaawe8r7x7da665","pid":23063,"target":"tachyon_serverless_provider_process"}
{"timestamp":"2026-09-17T07:56:06.868609Z","level":"INFO","message":"invocation finished","invocation_id":"inv_01m2q5v83jtr60znt64g43hpa0","status":"succeeded","handler_ms":0,"environment_boot_ms":4,"runtime_init_ms":5,"target":"tachyon_serverless_application::services::invoke"}
{"timestamp":"2026-09-17T07:56:06.870204Z","level":"INFO","message":"terminating bridge","environment_id":"env_01m2q5v83jttaawe8r7x7da665","pid":23063,"reason":"Completed","graceful":true,"target":"tachyon_serverless_provider_process"}
{"timestamp":"2026-09-17T07:56:07.046249Z","level":"INFO","message":"bridge spawned","environment_id":"env_01m2q5v8bwwrsw5py6hznk84qq","pid":23096,"target":"tachyon_serverless_provider_process"}
{"timestamp":"2026-09-17T07:56:08.417812Z","level":"INFO","message":"invocation finished","invocation_id":"inv_01m2q5v8bv2szxxf52a8jpcx2m","status":"succeeded","handler_ms":1001,"environment_boot_ms":4,"runtime_init_ms":362,"target":"tachyon_serverless_application::services::invoke"}
{"timestamp":"2026-09-17T07:56:08.419374Z","level":"INFO","message":"terminating bridge","environment_id":"env_01m2q5v8bwwrsw5py6hznk84qq","pid":23096,"reason":"Completed","graceful":true,"target":"tachyon_serverless_provider_process"}
{"timestamp":"2026-09-17T07:56:08.863878Z","level":"INFO","message":"revision ready","revision_id":"rev_01m2q5va4qc8hqxynv0nevjghr","function_id":"fn_01m2q5v2tf3tr456ebvd08vnq9","target":"tachyon_serverless_application::services::revision"}
{"timestamp":"2026-09-17T07:56:09.146365Z","level":"INFO","message":"bridge spawned","environment_id":"env_01m2q5vadgcy1bg0vz73z4dgzn","pid":23136,"target":"tachyon_serverless_provider_process"}
{"timestamp":"2026-09-17T07:56:12.161424Z","level":"INFO","message":"invocation finished","invocation_id":"inv_01m2q5vadg96r14fg2p9k8860s","status":"failed","handler_ms":2002,"environment_boot_ms":4,"runtime_init_ms":4,"target":"tachyon_serverless_application::services::invoke"}
{"timestamp":"2026-09-17T07:56:14.768947Z","level":"INFO","message":"revision ready","revision_id":"rev_01m2q5vfx9z76p847w397bm29p","function_id":"fn_01m2q5v2qvw1r0ykjc7gjnyhws","target":"tachyon_serverless_application::services::revision"}
{"timestamp":"2026-09-17T07:56:15.051198Z","level":"INFO","message":"bridge spawned","environment_id":"env_01m2q5vg62443t37mx6eyfmjj3","pid":23303,"target":"tachyon_serverless_provider_process"}
{"timestamp":"2026-09-17T07:56:15.061315Z","level":"INFO","message":"invocation finished","invocation_id":"inv_01m2q5vg62v8m19907c3tf317r","status":"succeeded","handler_ms":0,"environment_boot_ms":4,"runtime_init_ms":4,"target":"tachyon_serverless_application::services::invoke"}
{"timestamp":"2026-09-17T07:56:15.062891Z","level":"INFO","message":"terminating bridge","environment_id":"env_01m2q5vg62443t37mx6eyfmjj3","pid":23303,"reason":"Completed","graceful":true,"target":"tachyon_serverless_provider_process"}
{"timestamp":"2026-09-17T07:56:15.245140Z","level":"INFO","message":"bridge spawned","environment_id":"env_01m2q5vgc5b3k6e66pksqxf5hh","pid":23325,"target":"tachyon_serverless_provider_process"}
{"timestamp":"2026-09-17T07:56:15.254832Z","level":"INFO","message":"invocation finished","invocation_id":"inv_01m2q5vgc579pm0kgeprrz3w1j","status":"succeeded","handler_ms":0,"environment_boot_ms":4,"runtime_init_ms":4,"target":"tachyon_serverless_application::services::invoke"}
{"timestamp":"2026-09-17T07:56:15.256344Z","level":"INFO","message":"terminating bridge","environment_id":"env_01m2q5vgc5b3k6e66pksqxf5hh","pid":23325,"reason":"Completed","graceful":true,"target":"tachyon_serverless_provider_process"}
{"timestamp":"2026-09-17T07:56:15.478107Z","level":"INFO","message":"invocation failed","invocation_id":"inv_01m2q5vgkb1f3b3hyb5mw0h7c7","class":"cancelled","error_type":"Host.Cancelled","target":"tachyon_serverless_application::services::invoke"}
{"timestamp":"2026-09-17T07:56:15.662603Z","level":"INFO","message":"SIGTERM received","target":"tachyon_serverless_gateway"}
{"timestamp":"2026-09-17T07:56:15.662637Z","level":"INFO","message":"shutdown requested; cancelling in-flight invocations","target":"tachyon_serverless_gateway"}
{"timestamp":"2026-09-17T07:56:15.663394Z","level":"INFO","message":"final usage collection","report":"CollectReport { batches: 1, read: 1, inserted: 1, duplicates: 0, cursor_seq: 58 }","target":"tachyon_serverless_gateway"}
{"timestamp":"2026-09-17T07:56:15.663983Z","level":"INFO","message":"gateway stopped","target":"tachyon_serverless_gateway"}
