
===== a start (failpoints: none) 04:38:30 =====
{"timestamp":"2026-09-18T04:38:30.271038Z","level":"INFO","message":"configuration loaded","config":"/home/takanorifukuyama.guest/w/tsls-chaos.VVTpQh/gw-a.toml","target":"tachyon_serverless_gateway"}
{"timestamp":"2026-09-18T04:38:30.273459Z","level":"INFO","message":"connected successfully","server":"46019","max_payload":"1048576","target":"async_nats::connector"}
{"timestamp":"2026-09-18T04:38:30.273558Z","level":"INFO","message":"event: connected","target":"async_nats"}
{"timestamp":"2026-09-18T04:38:30.278745Z","level":"INFO","message":"JetStream queue connected and stream bootstrapped","url":"nats://127.0.0.1:46019","stream":"TACHYON_EVENTS","target":"tachyon_serverless_gateway::durable"}
{"timestamp":"2026-09-18T04:38:30.288273Z","level":"INFO","message":"state store opened","path":"/home/takanorifukuyama.guest/w/tsls-chaos.VVTpQh/data/state.db","schema_version":8,"migrations_applied":"[1, 2, 3, 4, 5, 6, 7, 8]","imported_state_json":"None","settled_invocations":0,"settled_attempts":0,"settled_environments":0,"released_leases":0,"dropped_idempotency_keys":0,"purged_idempotency_keys":0,"outputs_purged":0,"target":"tachyon_serverless_application::app"}
{"timestamp":"2026-09-18T04:38:30.293674Z","level":"INFO","message":"log store opened","path":"/home/takanorifukuyama.guest/w/tsls-chaos.VVTpQh/data/logs/logs.db","healthy":true,"retention_seconds":604800,"max_total_bytes":1073741824,"target":"tachyon_serverless_application::app"}
{"timestamp":"2026-09-18T04:38:30.294141Z","level":"INFO","message":"dispatcher registered","dispatcher_id":"dsp_01m2scy4mn19ar371myfq94c7t","instance":"chaos-a","pid":857896,"lease_ttl_seconds":6,"target":"tachyon_serverless_application::services::dispatcher"}
{"timestamp":"2026-09-18T04:38:30.302501Z","level":"INFO","message":"application bootstrapped","profile":"dev","provider":"process","dev_only":true,"environment_reuse":false,"reuse_verified":false,"reuse_reason":"[pool] enabled is false","reuse_disabled":"Some(Configuration)","idle_quiesce":"unsupported","idle_resume":"unsupported","data_dir":"/home/takanorifukuyama.guest/w/tsls-chaos.VVTpQh/data","store":"sqlite","dispatcher_id":"dsp_01m2scy4mn19ar371myfq94c7t","node":"local","node_region":"none","node_memory_mib":"None","max_concurrency":8,"queue":"nats","objects":"filesystem","invoke_async":true,"triggers":true,"target":"tachyon_serverless_application::app"}
{"timestamp":"2026-09-18T04:38:30.302678Z","level":"INFO","message":"startup reconcile finished","provider":"process","found":0,"adopted":0,"terminated":0,"disowned":0,"failed":0,"lost":0,"foreign":0,"reclaimed_dispatchers":0,"fenced_terminated":0,"fenced_pending":0,"target":"tachyon_serverless_application::services::reconcile"}
{"timestamp":"2026-09-18T04:38:30.302735Z","level":"INFO","message":"gateway listening","addr":"127.0.0.1:50705","profile":"dev","provider":"process","target":"tachyon_serverless_gateway"}
{"timestamp":"2026-09-18T04:38:30.303772Z","level":"INFO","message":"asynchronous dispatcher started","workers":2,"owner":"dsp_01m2scy4mn19ar371myfq94c7t","target":"tachyon_serverless_gateway"}
{"timestamp":"2026-09-18T04:38:34.186990Z","level":"INFO","message":"revision ready","revision_id":"rev_01m2scy792w37dn5gp20drqsv8","function_id":"fn_01m2scy4xa3d23xc7kkhdg0p4r","target":"tachyon_serverless_application::services::revision"}
{"timestamp":"2026-09-18T04:38:37.673499Z","level":"INFO","message":"revision ready","revision_id":"rev_01m2scyasz3x47eagcs6mzs3cg","function_id":"fn_01m2scy8fr2m3yjtv9jx8ws3vg","target":"tachyon_serverless_application::services::revision"}
{"timestamp":"2026-09-18T04:38:41.318629Z","level":"INFO","message":"revision ready","revision_id":"rev_01m2scye8j5pqg82c2t4a4v7w1","function_id":"fn_01m2scyby12hh1tmja94jha0qj","target":"tachyon_serverless_application::services::revision"}
{"timestamp":"2026-09-18T04:38:41.385013Z","level":"INFO","message":"trigger created","trigger_id":"trg_01m2scyff8cktn7t7vkpp6zbw7","function_id":"fn_01m2scy8fr2m3yjtv9jx8ws3vg","kind":"cron","enabled":true,"next_fire_at":"Some(2026-09-18T04:38:42Z)","target":"tachyon_serverless_application::services::triggers"}
{"timestamp":"2026-09-18T04:38:41.390056Z","level":"INFO","message":"trigger created","trigger_id":"trg_01m2scyffd89ypzvs20jtk4x41","function_id":"fn_01m2scy8fr2m3yjtv9jx8ws3vg","kind":"webhook","enabled":true,"next_fire_at":"None","target":"tachyon_serverless_application::services::triggers"}
{"timestamp":"2026-09-18T04:38:42.003046Z","level":"INFO","message":"asynchronous invocation accepted","invocation_id":"inv_01m2scyg2hw3bb2fv6yypx5aw0","tenant_id":"tn_01hzzzzzzzzzzzzzzzzzzzzzza","revision_id":"rev_01m2scyasz3x47eagcs6mzs3cg","input_bytes":180,"input_storage":"inline","target":"tachyon_serverless_application::services::invoke_async"}
{"timestamp":"2026-09-18T04:38:42.003092Z","level":"INFO","message":"cron trigger fired","trigger_id":"trg_01m2scyff8cktn7t7vkpp6zbw7","scheduled_at":"2026-09-18T04:38:42Z","invocation_id":"inv_01m2scyg2hw3bb2fv6yypx5aw0","revision_id":"rev_01m2scyasz3x47eagcs6mzs3cg","replayed":false,"target":"tachyon_serverless_application::services::triggers"}
{"timestamp":"2026-09-18T04:38:42.007562Z","level":"INFO","message":"asynchronous run claimed","invocation_id":"inv_01m2scyg2hw3bb2fv6yypx5aw0","attempt":1,"generation":0,"delivery_count":1,"target":"tachyon_serverless_application::services::invoke_async::dispatch"}
{"timestamp":"2026-09-18T04:38:42.568920Z","level":"INFO","message":"bridge spawned","environment_id":"env_01m2scyffrra9gk31w471dz3rd","pid":858565,"target":"tachyon_serverless_provider_process"}
{"timestamp":"2026-09-18T04:38:42.592769Z","level":"INFO","message":"invocation finished","invocation_id":"inv_01m2scyffqc734q7bttvaz69n9","status":"succeeded","handler_ms":4,"environment_boot_ms":2,"runtime_init_ms":5,"target":"tachyon_serverless_application::services::invoke"}
{"timestamp":"2026-09-18T04:38:42.594605Z","level":"INFO","message":"terminating bridge","environment_id":"env_01m2scyffrra9gk31w471dz3rd","pid":858565,"reason":"Completed","graceful":true,"target":"tachyon_serverless_provider_process"}
{"timestamp":"2026-09-18T04:38:42.619240Z","level":"INFO","message":"asynchronous invocation accepted","invocation_id":"inv_01m2scygnt74aft9nre39qe2ev","tenant_id":"tn_01hzzzzzzzzzzzzzzzzzzzzzza","revision_id":"rev_01m2scy792w37dn5gp20drqsv8","input_bytes":47,"input_storage":"inline","target":"tachyon_serverless_application::services::invoke_async"}
{"timestamp":"2026-09-18T04:38:42.622077Z","level":"INFO","message":"asynchronous run claimed","invocation_id":"inv_01m2scygnt74aft9nre39qe2ev","attempt":1,"generation":0,"delivery_count":1,"target":"tachyon_serverless_application::services::invoke_async::dispatch"}
{"timestamp":"2026-09-18T04:38:42.643845Z","level":"INFO","message":"asynchronous invocation accepted","invocation_id":"inv_01m2scygpgc5c5x5hp84z7tvzx","tenant_id":"tn_01hzzzzzzzzzzzzzzzzzzzzzza","revision_id":"rev_01m2scy792w37dn5gp20drqsv8","input_bytes":4127,"input_storage":"object","target":"tachyon_serverless_application::services::invoke_async"}
{"timestamp":"2026-09-18T04:38:42.659581Z","level":"INFO","message":"asynchronous invocation accepted","invocation_id":"inv_01m2scygq23m11faw6jwk0va8m","tenant_id":"tn_01hzzzzzzzzzzzzzzzzzzzzzza","revision_id":"rev_01m2scyasz3x47eagcs6mzs3cg","input_bytes":189,"input_storage":"inline","target":"tachyon_serverless_application::services::invoke_async"}
{"timestamp":"2026-09-18T04:38:42.659622Z","level":"INFO","message":"webhook trigger fired","trigger_id":"trg_01m2scyffd89ypzvs20jtk4x41","event_id":"evt-pre-w1","invocation_id":"inv_01m2scygq23m11faw6jwk0va8m","revision_id":"rev_01m2scyasz3x47eagcs6mzs3cg","replayed":false,"target":"tachyon_serverless_application::services::triggers"}
{"timestamp":"2026-09-18T04:38:42.669209Z","level":"INFO","message":"trigger updated","trigger_id":"trg_01m2scyff8cktn7t7vkpp6zbw7","generation":2,"status":"disabled","next_fire_at":"None","rotated_secret":false,"target":"tachyon_serverless_application::services::triggers"}
{"timestamp":"2026-09-18T04:38:42.685497Z","level":"INFO","message":"asynchronous invocation accepted","invocation_id":"inv_01m2scygqwjf99xaphh596qj16","tenant_id":"tn_01hzzzzzzzzzzzzzzzzzzzzzza","revision_id":"rev_01m2scy792w37dn5gp20drqsv8","input_bytes":65,"input_storage":"inline","target":"tachyon_serverless_application::services::invoke_async"}
{"timestamp":"2026-09-18T04:38:43.197246Z","level":"INFO","message":"bridge spawned","environment_id":"env_01m2scyg2qchq96gswd69fz2kb","pid":858672,"target":"tachyon_serverless_provider_process"}
{"timestamp":"2026-09-18T04:38:43.219182Z","level":"INFO","message":"invocation finished","invocation_id":"inv_01m2scyg2hw3bb2fv6yypx5aw0","status":"succeeded (async run)","handler_ms":6,"environment_boot_ms":1,"runtime_init_ms":4,"target":"tachyon_serverless_application::services::invoke"}
{"timestamp":"2026-09-18T04:38:43.221625Z","level":"INFO","message":"terminating bridge","environment_id":"env_01m2scyg2qchq96gswd69fz2kb","pid":858672,"reason":"Completed","graceful":true,"target":"tachyon_serverless_provider_process"}
{"timestamp":"2026-09-18T04:38:43.225073Z","level":"INFO","message":"asynchronous invocation settled","invocation_id":"inv_01m2scyg2hw3bb2fv6yypx5aw0","status":"succeeded","target":"tachyon_serverless_application::services::invoke_async::dispatch"}
{"timestamp":"2026-09-18T04:38:43.226206Z","level":"INFO","message":"async dispatch: delivery handled","message_id":"inv_01m2scyg2hw3bb2fv6yypx5aw0","sequence":1,"delivery_count":1,"outcome":"Completed { status: \"succeeded\" }","target":"tachyon_serverless_application::services::invoke_async::dispatch"}
{"timestamp":"2026-09-18T04:38:43.227124Z","level":"INFO","message":"asynchronous run claimed","invocation_id":"inv_01m2scygpgc5c5x5hp84z7tvzx","attempt":1,"generation":0,"delivery_count":1,"target":"tachyon_serverless_application::services::invoke_async::dispatch"}
{"timestamp":"2026-09-18T04:38:43.878415Z","level":"INFO","message":"bridge spawned","environment_id":"env_01m2scygnykjwrz28rpzmey5pt","pid":858691,"target":"tachyon_serverless_provider_process"}
{"timestamp":"2026-09-18T04:38:43.930091Z","level":"INFO","message":"invocation finished","invocation_id":"inv_01m2scygnt74aft9nre39qe2ev","status":"succeeded (async run)","handler_ms":8,"environment_boot_ms":1,"runtime_init_ms":24,"target":"tachyon_serverless_application::services::invoke"}
{"timestamp":"2026-09-18T04:38:43.941291Z","level":"INFO","message":"terminating bridge","environment_id":"env_01m2scygnykjwrz28rpzmey5pt","pid":858691,"reason":"Completed","graceful":true,"target":"tachyon_serverless_provider_process"}
{"timestamp":"2026-09-18T04:38:43.950496Z","level":"INFO","message":"asynchronous invocation settled","invocation_id":"inv_01m2scygnt74aft9nre39qe2ev","status":"succeeded","target":"tachyon_serverless_application::services::invoke_async::dispatch"}
{"timestamp":"2026-09-18T04:38:43.951133Z","level":"INFO","message":"async dispatch: delivery handled","message_id":"inv_01m2scygnt74aft9nre39qe2ev","sequence":2,"delivery_count":1,"outcome":"Completed { status: \"succeeded\" }","target":"tachyon_serverless_application::services::invoke_async::dispatch"}
{"timestamp":"2026-09-18T04:38:43.952027Z","level":"INFO","message":"asynchronous run claimed","invocation_id":"inv_01m2scygq23m11faw6jwk0va8m","attempt":1,"generation":0,"delivery_count":1,"target":"tachyon_serverless_application::services::invoke_async::dispatch"}
{"timestamp":"2026-09-18T04:38:44.464365Z","level":"INFO","message":"bridge spawned","environment_id":"env_01m2scyh8wtk1rssevbkbrngaz","pid":858707,"target":"tachyon_serverless_provider_process"}
{"timestamp":"2026-09-18T04:38:44.514222Z","level":"INFO","message":"invocation finished","invocation_id":"inv_01m2scygpgc5c5x5hp84z7tvzx","status":"succeeded (async run)","handler_ms":6,"environment_boot_ms":1,"runtime_init_ms":20,"target":"tachyon_serverless_application::services::invoke"}
{"timestamp":"2026-09-18T04:38:44.524352Z","level":"INFO","message":"terminating bridge","environment_id":"env_01m2scyh8wtk1rssevbkbrngaz","pid":858707,"reason":"Completed","graceful":true,"target":"tachyon_serverless_provider_process"}
{"timestamp":"2026-09-18T04:38:44.534711Z","level":"INFO","message":"asynchronous invocation settled","invocation_id":"inv_01m2scygpgc5c5x5hp84z7tvzx","status":"succeeded","target":"tachyon_serverless_application::services::invoke_async::dispatch"}
{"timestamp":"2026-09-18T04:38:44.535558Z","level":"INFO","message":"async dispatch: delivery handled","message_id":"inv_01m2scygpgc5c5x5hp84z7tvzx","sequence":3,"delivery_count":1,"outcome":"Completed { status: \"succeeded\" }","target":"tachyon_serverless_application::services::invoke_async::dispatch"}
{"timestamp":"2026-09-18T04:38:44.536343Z","level":"INFO","message":"asynchronous run claimed","invocation_id":"inv_01m2scygqwjf99xaphh596qj16","attempt":1,"generation":0,"delivery_count":1,"target":"tachyon_serverless_application::services::invoke_async::dispatch"}
{"timestamp":"2026-09-18T04:38:45.157298Z","level":"INFO","message":"bridge spawned","environment_id":"env_01m2scyhzgzv2ar5h9pm3pnaxy","pid":858726,"target":"tachyon_serverless_provider_process"}
{"timestamp":"2026-09-18T04:38:45.232419Z","level":"INFO","message":"invocation finished","invocation_id":"inv_01m2scygq23m11faw6jwk0va8m","status":"succeeded (async run)","handler_ms":8,"environment_boot_ms":1,"runtime_init_ms":12,"target":"tachyon_serverless_application::services::invoke"}
{"timestamp":"2026-09-18T04:38:45.234320Z","level":"INFO","message":"terminating bridge","environment_id":"env_01m2scyhzgzv2ar5h9pm3pnaxy","pid":858726,"reason":"Completed","graceful":true,"target":"tachyon_serverless_provider_process"}
{"timestamp":"2026-09-18T04:38:45.237771Z","level":"INFO","message":"asynchronous invocation settled","invocation_id":"inv_01m2scygq23m11faw6jwk0va8m","status":"succeeded","target":"tachyon_serverless_application::services::invoke_async::dispatch"}
{"timestamp":"2026-09-18T04:38:45.238765Z","level":"INFO","message":"async dispatch: delivery handled","message_id":"inv_01m2scygq23m11faw6jwk0va8m","sequence":4,"delivery_count":1,"outcome":"Completed { status: \"succeeded\" }","target":"tachyon_serverless_application::services::invoke_async::dispatch"}
{"timestamp":"2026-09-18T04:38:45.801036Z","level":"INFO","message":"bridge spawned","environment_id":"env_01m2scyjhre7mpja0r6mdzgn1e","pid":858745,"target":"tachyon_serverless_provider_process"}
{"timestamp":"2026-09-18T04:38:46.868116Z","level":"INFO","message":"invocation finished","invocation_id":"inv_01m2scygqwjf99xaphh596qj16","status":"failed (async run)","handler_ms":1039,"environment_boot_ms":1,"runtime_init_ms":14,"target":"tachyon_serverless_application::services::invoke"}
{"timestamp":"2026-09-18T04:38:46.880325Z","level":"INFO","message":"asynchronous invocation rescheduled","invocation_id":"inv_01m2scygqwjf99xaphh596qj16","next_attempt_at":"2026-09-18T04:38:47.156524179+00:00","counted":true,"error_type":"Host.OutcomeUnknown","target":"tachyon_serverless_application::services::invoke_async::dispatch"}
{"timestamp":"2026-09-18T04:38:46.882981Z","level":"INFO","message":"async dispatch: delivery handled","message_id":"inv_01m2scygqwjf99xaphh596qj16","sequence":5,"delivery_count":1,"outcome":"Rescheduled { next_attempt_at: 2026-09-18T04:38:47.156524179Z, counted: true }","target":"tachyon_serverless_application::services::invoke_async::dispatch"}
{"timestamp":"2026-09-18T04:38:47.195082Z","level":"INFO","message":"asynchronous run claimed","invocation_id":"inv_01m2scygqwjf99xaphh596qj16","attempt":2,"generation":1,"delivery_count":1,"target":"tachyon_serverless_application::services::invoke_async::dispatch"}
{"timestamp":"2026-09-18T04:38:48.424659Z","level":"INFO","message":"bridge spawned","environment_id":"env_01m2scyn4vf4zj8h6ejcrd652d","pid":858782,"target":"tachyon_serverless_provider_process"}
{"timestamp":"2026-09-18T04:38:50.207808Z","level":"INFO","message":"object retention pass","report":"GcReport { examined: 1, collected_expired: 0, collected_orphans: 0, kept_in_use: 0, kept_referenced: 1, incomplete_removed: 0, tombstones_purged: 0, failed: 0 }","target":"tachyon_serverless_gateway"}
{"timestamp":"2026-09-18T04:38:51.198738Z","level":"INFO","message":"async dispatch: delivery handled","message_id":"inv_01m2scygqwjf99xaphh596qj16.g1","sequence":6,"delivery_count":2,"outcome":"Skipped(\"claimed\")","target":"tachyon_serverless_application::services::invoke_async::dispatch"}
{"timestamp":"2026-09-18T04:38:52.207802Z","level":"INFO","message":"object retention pass","report":"GcReport { examined: 1, collected_expired: 0, collected_orphans: 0, kept_in_use: 0, kept_referenced: 1, incomplete_removed: 0, tombstones_purged: 0, failed: 0 }","target":"tachyon_serverless_gateway"}
{"timestamp":"2026-09-18T04:38:54.208231Z","level":"INFO","message":"object retention pass","report":"GcReport { examined: 1, collected_expired: 0, collected_orphans: 0, kept_in_use: 0, kept_referenced: 1, incomplete_removed: 0, tombstones_purged: 0, failed: 0 }","target":"tachyon_serverless_gateway"}
{"timestamp":"2026-09-18T04:38:54.463638Z","level":"INFO","message":"invocation finished","invocation_id":"inv_01m2scygqwjf99xaphh596qj16","status":"succeeded (async run)","handler_ms":6005,"environment_boot_ms":1,"runtime_init_ms":7,"target":"tachyon_serverless_application::services::invoke"}
{"timestamp":"2026-09-18T04:38:54.468253Z","level":"INFO","message":"terminating bridge","environment_id":"env_01m2scyn4vf4zj8h6ejcrd652d","pid":858782,"reason":"Completed","graceful":true,"target":"tachyon_serverless_provider_process"}
{"timestamp":"2026-09-18T04:38:54.481309Z","level":"INFO","message":"asynchronous invocation settled","invocation_id":"inv_01m2scygqwjf99xaphh596qj16","status":"succeeded","target":"tachyon_serverless_application::services::invoke_async::dispatch"}
{"timestamp":"2026-09-18T04:38:54.482178Z","level":"INFO","message":"async dispatch: delivery handled","message_id":"inv_01m2scygqwjf99xaphh596qj16.g1","sequence":6,"delivery_count":1,"outcome":"Completed { status: \"succeeded\" }","target":"tachyon_serverless_application::services::invoke_async::dispatch"}
{"timestamp":"2026-09-18T04:38:54.557658Z","level":"INFO","message":"trigger updated","trigger_id":"trg_01m2scyff8cktn7t7vkpp6zbw7","generation":3,"status":"disabled","next_fire_at":"None","rotated_secret":false,"target":"tachyon_serverless_application::services::triggers"}
{"timestamp":"2026-09-18T04:38:54.838895Z","level":"INFO","message":"SIGTERM received","target":"tachyon_serverless_gateway"}
{"timestamp":"2026-09-18T04:38:54.838922Z","level":"INFO","message":"shutdown requested; cancelling in-flight invocations","target":"tachyon_serverless_gateway"}
{"timestamp":"2026-09-18T04:38:54.839206Z","level":"INFO","message":"final usage collection","report":"CollectReport { batches: 0, read: 0, inserted: 0, duplicates: 0, cursor_seq: 35 }","target":"tachyon_serverless_gateway"}
{"timestamp":"2026-09-18T04:38:54.841590Z","level":"INFO","message":"gateway stopped","target":"tachyon_serverless_gateway"}
{"timestamp":"2026-09-18T04:38:54.841711Z","level":"INFO","message":"event: closed","target":"async_nats"}
