
===== a start (failpoints: none) 11:59:22 =====
{"timestamp":"2026-09-17T11:59:22.814592Z","level":"INFO","message":"configuration loaded","config":"/private/var/folders/z7/khzdjrt95cg_fcmcnh4j1b5h0000gn/T/tsls-chaos.JFVj64/gw-a.toml","target":"tachyon_serverless_gateway"}
{"timestamp":"2026-09-17T11:59:22.817030Z","level":"INFO","message":"connected successfully","server":"61585","max_payload":"1048576","target":"async_nats::connector"}
{"timestamp":"2026-09-17T11:59:22.817154Z","level":"INFO","message":"event: connected","target":"async_nats"}
{"timestamp":"2026-09-17T11:59:22.851521Z","level":"INFO","message":"JetStream queue connected and stream bootstrapped","url":"nats://127.0.0.1:61585","stream":"TACHYON_EVENTS","target":"tachyon_serverless_gateway::durable"}
{"timestamp":"2026-09-17T11:59:22.861820Z","level":"INFO","message":"state store opened","path":"/private/var/folders/z7/khzdjrt95cg_fcmcnh4j1b5h0000gn/T/tsls-chaos.JFVj64/data/state.db","schema_version":8,"migrations_applied":"[1, 2, 3, 4, 5, 6, 7, 8]","imported_state_json":"None","settled_invocations":0,"settled_attempts":0,"settled_environments":0,"released_leases":0,"dropped_idempotency_keys":0,"purged_idempotency_keys":0,"outputs_purged":0,"target":"tachyon_serverless_application::app"}
{"timestamp":"2026-09-17T11:59:22.862147Z","level":"INFO","message":"dispatcher registered","dispatcher_id":"dsp_01m2qkrp7dzabhgtxeqm2pxqmw","instance":"chaos-a","pid":5708,"lease_ttl_seconds":6,"target":"tachyon_serverless_application::services::dispatcher"}
{"timestamp":"2026-09-17T11:59:22.867730Z","level":"INFO","message":"application bootstrapped","profile":"dev","provider":"process","dev_only":true,"environment_reuse":false,"reuse_verified":false,"reuse_reason":"[pool] enabled is false","reuse_disabled":"Some(Configuration)","idle_quiesce":"unsupported","idle_resume":"unsupported","data_dir":"/private/var/folders/z7/khzdjrt95cg_fcmcnh4j1b5h0000gn/T/tsls-chaos.JFVj64/data","store":"sqlite","dispatcher_id":"dsp_01m2qkrp7dzabhgtxeqm2pxqmw","node":"local","node_region":"none","node_memory_mib":"None","max_concurrency":8,"queue":"nats","objects":"filesystem","invoke_async":true,"triggers":true,"target":"tachyon_serverless_application::app"}
{"timestamp":"2026-09-17T11:59:22.868005Z","level":"INFO","message":"startup reconcile finished","provider":"process","found":0,"adopted":0,"terminated":0,"disowned":0,"failed":0,"lost":0,"foreign":0,"reclaimed_dispatchers":0,"fenced_terminated":0,"fenced_pending":0,"target":"tachyon_serverless_application::services::reconcile"}
{"timestamp":"2026-09-17T11:59:22.868097Z","level":"INFO","message":"gateway listening","addr":"127.0.0.1:61589","profile":"dev","provider":"process","target":"tachyon_serverless_gateway"}
{"timestamp":"2026-09-17T11:59:22.870673Z","level":"INFO","message":"asynchronous dispatcher started","workers":2,"owner":"dsp_01m2qkrp7dzabhgtxeqm2pxqmw","target":"tachyon_serverless_gateway"}
{"timestamp":"2026-09-17T11:59:23.931183Z","level":"INFO","message":"revision ready","revision_id":"rev_01m2qkrpznk40k8zc4b3svcj02","function_id":"fn_01m2qkrpfq5wmcd3mp1sje2bv0","target":"tachyon_serverless_application::services::revision"}
{"timestamp":"2026-09-17T11:59:24.936319Z","level":"INFO","message":"revision ready","revision_id":"rev_01m2qkrqy0zxdr0n32c6qqnehs","function_id":"fn_01m2qkrqb12r3e86dv8psntm5r","target":"tachyon_serverless_application::services::revision"}
{"timestamp":"2026-09-17T11:59:26.125548Z","level":"INFO","message":"revision ready","revision_id":"rev_01m2qkrs3ykxbem8q7yhgf6gmh","function_id":"fn_01m2qkrrchz8ka9yffe7d5pswv","target":"tachyon_serverless_application::services::revision"}
{"timestamp":"2026-09-17T11:59:26.601301Z","level":"INFO","message":"bridge spawned","environment_id":"env_01m2qkrsjw8r0n98c5j712vx7a","pid":6057,"target":"tachyon_serverless_provider_process"}
{"timestamp":"2026-09-17T11:59:27.059286Z","level":"INFO","message":"invocation finished","invocation_id":"inv_01m2qkrsjvhbzg81wm3qybt2h3","status":"succeeded","handler_ms":0,"environment_boot_ms":7,"runtime_init_ms":448,"target":"tachyon_serverless_application::services::invoke"}
{"timestamp":"2026-09-17T11:59:27.061041Z","level":"INFO","message":"terminating bridge","environment_id":"env_01m2qkrsjw8r0n98c5j712vx7a","pid":6057,"reason":"Completed","graceful":true,"target":"tachyon_serverless_provider_process"}
{"timestamp":"2026-09-17T11:59:27.376059Z","level":"INFO","message":"bridge spawned","environment_id":"env_01m2qkrtcxsns45d7qd1xj9yze","pid":6091,"target":"tachyon_serverless_provider_process"}
{"timestamp":"2026-09-17T11:59:27.392395Z","level":"INFO","message":"invocation finished","invocation_id":"inv_01m2qkrtcxv9c6d1st2j6kva7m","status":"succeeded","handler_ms":0,"environment_boot_ms":6,"runtime_init_ms":7,"target":"tachyon_serverless_application::services::invoke"}
{"timestamp":"2026-09-17T11:59:27.394112Z","level":"INFO","message":"terminating bridge","environment_id":"env_01m2qkrtcxsns45d7qd1xj9yze","pid":6091,"reason":"Completed","graceful":true,"target":"tachyon_serverless_provider_process"}
{"timestamp":"2026-09-17T11:59:27.738415Z","level":"INFO","message":"bridge spawned","environment_id":"env_01m2qkrtqgags4gmdhkv5330tp","pid":6112,"target":"tachyon_serverless_provider_process"}
{"timestamp":"2026-09-17T11:59:27.758109Z","level":"INFO","message":"invocation finished","invocation_id":"inv_01m2qkrtqfpqy2yw3b6nnwvf1z","status":"succeeded","handler_ms":0,"environment_boot_ms":7,"runtime_init_ms":8,"target":"tachyon_serverless_application::services::invoke"}
{"timestamp":"2026-09-17T11:59:27.759923Z","level":"INFO","message":"terminating bridge","environment_id":"env_01m2qkrtqgags4gmdhkv5330tp","pid":6112,"reason":"Completed","graceful":true,"target":"tachyon_serverless_provider_process"}
{"timestamp":"2026-09-17T11:59:28.138437Z","level":"INFO","message":"bridge spawned","environment_id":"env_01m2qkrv3f9rfewqsvxs7aew04","pid":6132,"target":"tachyon_serverless_provider_process"}
{"timestamp":"2026-09-17T11:59:28.156598Z","level":"INFO","message":"invocation finished","invocation_id":"inv_01m2qkrv3ehjt3y0b9sqxbq9qc","status":"succeeded","handler_ms":0,"environment_boot_ms":6,"runtime_init_ms":9,"target":"tachyon_serverless_application::services::invoke"}
{"timestamp":"2026-09-17T11:59:28.158346Z","level":"INFO","message":"terminating bridge","environment_id":"env_01m2qkrv3f9rfewqsvxs7aew04","pid":6132,"reason":"Completed","graceful":true,"target":"tachyon_serverless_provider_process"}
{"timestamp":"2026-09-17T11:59:28.503627Z","level":"INFO","message":"bridge spawned","environment_id":"env_01m2qkrvfj966d2f3byp9m8xwn","pid":6151,"target":"tachyon_serverless_provider_process"}
{"timestamp":"2026-09-17T11:59:28.521354Z","level":"INFO","message":"invocation finished","invocation_id":"inv_01m2qkrvfhn07d2x25k0j7fn54","status":"succeeded","handler_ms":0,"environment_boot_ms":7,"runtime_init_ms":8,"target":"tachyon_serverless_application::services::invoke"}
{"timestamp":"2026-09-17T11:59:28.523174Z","level":"INFO","message":"terminating bridge","environment_id":"env_01m2qkrvfj966d2f3byp9m8xwn","pid":6151,"reason":"Completed","graceful":true,"target":"tachyon_serverless_provider_process"}
{"timestamp":"2026-09-17T11:59:28.911190Z","level":"INFO","message":"bridge spawned","environment_id":"env_01m2qkrvtz1p88dcjegy4p6r13","pid":6181,"target":"tachyon_serverless_provider_process"}
{"timestamp":"2026-09-17T11:59:28.933039Z","level":"INFO","message":"invocation finished","invocation_id":"inv_01m2qkrvty37eq1ddpyvzqkm5j","status":"succeeded","handler_ms":0,"environment_boot_ms":8,"runtime_init_ms":11,"target":"tachyon_serverless_application::services::invoke"}
{"timestamp":"2026-09-17T11:59:28.934839Z","level":"INFO","message":"terminating bridge","environment_id":"env_01m2qkrvtz1p88dcjegy4p6r13","pid":6181,"reason":"Completed","graceful":true,"target":"tachyon_serverless_provider_process"}
{"timestamp":"2026-09-17T11:59:29.317453Z","level":"INFO","message":"bridge spawned","environment_id":"env_01m2qkrw87rh046b31tgtnnfkv","pid":6201,"target":"tachyon_serverless_provider_process"}
{"timestamp":"2026-09-17T11:59:29.337210Z","level":"INFO","message":"invocation finished","invocation_id":"inv_01m2qkrw86mfbqznrkfnmn0kts","status":"succeeded","handler_ms":0,"environment_boot_ms":8,"runtime_init_ms":9,"target":"tachyon_serverless_application::services::invoke"}
{"timestamp":"2026-09-17T11:59:29.339030Z","level":"INFO","message":"terminating bridge","environment_id":"env_01m2qkrw87rh046b31tgtnnfkv","pid":6201,"reason":"Completed","graceful":true,"target":"tachyon_serverless_provider_process"}
{"timestamp":"2026-09-17T11:59:29.680117Z","level":"INFO","message":"bridge spawned","environment_id":"env_01m2qkrwmmcerfsxnwt1c7kb2t","pid":6220,"target":"tachyon_serverless_provider_process"}
{"timestamp":"2026-09-17T11:59:29.695649Z","level":"INFO","message":"invocation finished","invocation_id":"inv_01m2qkrwmk59h0ywe2q1ttgwp5","status":"succeeded","handler_ms":0,"environment_boot_ms":6,"runtime_init_ms":7,"target":"tachyon_serverless_application::services::invoke"}
{"timestamp":"2026-09-17T11:59:29.697378Z","level":"INFO","message":"terminating bridge","environment_id":"env_01m2qkrwmmcerfsxnwt1c7kb2t","pid":6220,"reason":"Completed","graceful":true,"target":"tachyon_serverless_provider_process"}
{"timestamp":"2026-09-17T11:59:30.036575Z","level":"INFO","message":"bridge spawned","environment_id":"env_01m2qkrwzgcnae9dw7n9k5te1k","pid":6248,"target":"tachyon_serverless_provider_process"}
{"timestamp":"2026-09-17T11:59:30.053947Z","level":"INFO","message":"invocation finished","invocation_id":"inv_01m2qkrwzf7q6jps480bt4qwck","status":"succeeded","handler_ms":0,"environment_boot_ms":6,"runtime_init_ms":8,"target":"tachyon_serverless_application::services::invoke"}
{"timestamp":"2026-09-17T11:59:30.055703Z","level":"INFO","message":"terminating bridge","environment_id":"env_01m2qkrwzgcnae9dw7n9k5te1k","pid":6248,"reason":"Completed","graceful":true,"target":"tachyon_serverless_provider_process"}
{"timestamp":"2026-09-17T11:59:30.399644Z","level":"INFO","message":"bridge spawned","environment_id":"env_01m2qkrxaw30k024hbrf14qw1a","pid":6267,"target":"tachyon_serverless_provider_process"}
{"timestamp":"2026-09-17T11:59:30.416116Z","level":"INFO","message":"invocation finished","invocation_id":"inv_01m2qkrxavjd6zyjbk3njsmpn6","status":"succeeded","handler_ms":0,"environment_boot_ms":6,"runtime_init_ms":8,"target":"tachyon_serverless_application::services::invoke"}
{"timestamp":"2026-09-17T11:59:30.417840Z","level":"INFO","message":"terminating bridge","environment_id":"env_01m2qkrxaw30k024hbrf14qw1a","pid":6267,"reason":"Completed","graceful":true,"target":"tachyon_serverless_provider_process"}
{"timestamp":"2026-09-17T11:59:30.943527Z","level":"INFO","message":"asynchronous invocation accepted","invocation_id":"inv_01m2qkry3xbpzb9a7a2ppkyjdb","tenant_id":"tn_01hzzzzzzzzzzzzzzzzzzzzzza","revision_id":"rev_01m2qkrpznk40k8zc4b3svcj02","input_bytes":53,"input_storage":"inline","target":"tachyon_serverless_application::services::invoke_async"}
{"timestamp":"2026-09-17T11:59:30.993798Z","level":"INFO","message":"asynchronous run claimed","invocation_id":"inv_01m2qkry3xbpzb9a7a2ppkyjdb","attempt":1,"generation":0,"delivery_count":1,"target":"tachyon_serverless_application::services::invoke_async::dispatch"}
{"timestamp":"2026-09-17T11:59:30.995320Z","level":"INFO","message":"asynchronous invocation rescheduled","invocation_id":"inv_01m2qkry3xbpzb9a7a2ppkyjdb","next_attempt_at":"2026-09-17T11:59:31.157675+00:00","counted":false,"error_type":"Host.UsageJournalFull","target":"tachyon_serverless_application::services::invoke_async::dispatch"}
{"timestamp":"2026-09-17T11:59:31.007323Z","level":"INFO","message":"async dispatch: delivery handled","message_id":"inv_01m2qkry3xbpzb9a7a2ppkyjdb","sequence":1,"delivery_count":1,"outcome":"Rescheduled { next_attempt_at: 2026-09-17T11:59:31.157675Z, counted: false }","target":"tachyon_serverless_application::services::invoke_async::dispatch"}
{"timestamp":"2026-09-17T11:59:31.207800Z","level":"INFO","message":"asynchronous run claimed","invocation_id":"inv_01m2qkry3xbpzb9a7a2ppkyjdb","attempt":1,"generation":1,"delivery_count":1,"target":"tachyon_serverless_application::services::invoke_async::dispatch"}
{"timestamp":"2026-09-17T11:59:31.213253Z","level":"INFO","message":"asynchronous invocation rescheduled","invocation_id":"inv_01m2qkry3xbpzb9a7a2ppkyjdb","next_attempt_at":"2026-09-17T11:59:31.698100+00:00","counted":false,"error_type":"Host.UsageJournalFull","target":"tachyon_serverless_application::services::invoke_async::dispatch"}
{"timestamp":"2026-09-17T11:59:31.219951Z","level":"INFO","message":"async dispatch: delivery handled","message_id":"inv_01m2qkry3xbpzb9a7a2ppkyjdb.g1","sequence":2,"delivery_count":1,"outcome":"Rescheduled { next_attempt_at: 2026-09-17T11:59:31.698100Z, counted: false }","target":"tachyon_serverless_application::services::invoke_async::dispatch"}
{"timestamp":"2026-09-17T11:59:31.472437Z","level":"INFO","message":"configuration loaded","config":"/private/var/folders/z7/khzdjrt95cg_fcmcnh4j1b5h0000gn/T/tsls-chaos.JFVj64/gw-a.toml","target":"tachyon_serverless_gateway"}
{"timestamp":"2026-09-17T11:59:31.475074Z","level":"INFO","message":"connected successfully","server":"61585","max_payload":"1048576","target":"async_nats::connector"}
{"timestamp":"2026-09-17T11:59:31.475265Z","level":"INFO","message":"event: connected","target":"async_nats"}
{"timestamp":"2026-09-17T11:59:31.487813Z","level":"INFO","message":"JetStream queue connected and stream bootstrapped","url":"nats://127.0.0.1:61585","stream":"TACHYON_EVENTS","target":"tachyon_serverless_gateway::durable"}
{"timestamp":"2026-09-17T11:59:31.490391Z","level":"INFO","message":"state store opened","path":"/private/var/folders/z7/khzdjrt95cg_fcmcnh4j1b5h0000gn/T/tsls-chaos.JFVj64/data/state.db","schema_version":8,"migrations_applied":"[]","imported_state_json":"None","settled_invocations":0,"settled_attempts":0,"settled_environments":0,"released_leases":0,"dropped_idempotency_keys":0,"purged_idempotency_keys":0,"outputs_purged":0,"target":"tachyon_serverless_application::app"}
{"timestamp":"2026-09-17T11:59:31.490769Z","level":"INFO","message":"dispatcher registered","dispatcher_id":"dsp_01m2qkryn2eh4a37f22krrqtg5","instance":"chaos-a","pid":6419,"lease_ttl_seconds":6,"target":"tachyon_serverless_application::services::dispatcher"}
{"timestamp":"2026-09-17T11:59:31.491205Z","level":"WARN","message":"reclaimed the work of dispatchers that lost their lease","dispatcher_id":"dsp_01m2qkryn2eh4a37f22krrqtg5","reclaimed_dispatchers":"[DispatcherId(dsp_01m2qkrp7dzabhgtxeqm2pxqmw)]","leases":0,"invocations":0,"attempts":0,"fenced":0,"target":"tachyon_serverless_application::services::dispatcher"}
{"timestamp":"2026-09-17T11:59:31.493475Z","level":"WARN","message":"usage collector crash point armed (dev profile, test only)","crash_point":"collector.after_ledger_commit","target":"tachyon_serverless_application::usage"}
{"timestamp":"2026-09-17T11:59:31.494613Z","level":"INFO","message":"application bootstrapped","profile":"dev","provider":"process","dev_only":true,"environment_reuse":false,"reuse_verified":false,"reuse_reason":"[pool] enabled is false","reuse_disabled":"Some(Configuration)","idle_quiesce":"unsupported","idle_resume":"unsupported","data_dir":"/private/var/folders/z7/khzdjrt95cg_fcmcnh4j1b5h0000gn/T/tsls-chaos.JFVj64/data","store":"sqlite","dispatcher_id":"dsp_01m2qkryn2eh4a37f22krrqtg5","node":"local","node_region":"none","node_memory_mib":"None","max_concurrency":8,"queue":"nats","objects":"filesystem","invoke_async":true,"triggers":true,"target":"tachyon_serverless_application::app"}
{"timestamp":"2026-09-17T11:59:31.495017Z","level":"INFO","message":"startup reconcile finished","provider":"process","found":0,"adopted":0,"terminated":0,"disowned":0,"failed":0,"lost":0,"foreign":0,"reclaimed_dispatchers":0,"fenced_terminated":0,"fenced_pending":0,"target":"tachyon_serverless_application::services::reconcile"}
{"timestamp":"2026-09-17T11:59:31.495105Z","level":"INFO","message":"gateway listening","addr":"127.0.0.1:61589","profile":"dev","provider":"process","target":"tachyon_serverless_gateway"}
{"timestamp":"2026-09-17T11:59:31.496849Z","level":"INFO","message":"asynchronous dispatcher started","workers":2,"owner":"dsp_01m2qkryn2eh4a37f22krrqtg5","target":"tachyon_serverless_gateway"}
{"timestamp":"2026-09-17T11:59:31.507074Z","level":"ERROR","message":"usage crash point: SIGKILL after the ledger commit, before the cursor","last_seq":25,"target":"tachyon_serverless_application::usage"}

===== a start (failpoints: none) 11:59:31 =====
{"timestamp":"2026-09-17T11:59:31.616474Z","level":"INFO","message":"configuration loaded","config":"/private/var/folders/z7/khzdjrt95cg_fcmcnh4j1b5h0000gn/T/tsls-chaos.JFVj64/gw-a.toml","target":"tachyon_serverless_gateway"}
{"timestamp":"2026-09-17T11:59:31.618694Z","level":"INFO","message":"connected successfully","server":"61585","max_payload":"1048576","target":"async_nats::connector"}
{"timestamp":"2026-09-17T11:59:31.618819Z","level":"INFO","message":"event: connected","target":"async_nats"}
{"timestamp":"2026-09-17T11:59:31.629708Z","level":"INFO","message":"JetStream queue connected and stream bootstrapped","url":"nats://127.0.0.1:61585","stream":"TACHYON_EVENTS","target":"tachyon_serverless_gateway::durable"}
{"timestamp":"2026-09-17T11:59:31.632130Z","level":"INFO","message":"state store opened","path":"/private/var/folders/z7/khzdjrt95cg_fcmcnh4j1b5h0000gn/T/tsls-chaos.JFVj64/data/state.db","schema_version":8,"migrations_applied":"[]","imported_state_json":"None","settled_invocations":0,"settled_attempts":0,"settled_environments":0,"released_leases":0,"dropped_idempotency_keys":0,"purged_idempotency_keys":0,"outputs_purged":0,"target":"tachyon_serverless_application::app"}
{"timestamp":"2026-09-17T11:59:31.632470Z","level":"INFO","message":"dispatcher registered","dispatcher_id":"dsp_01m2qkrysghsqn0d85tj94mx6b","instance":"chaos-a","pid":6430,"lease_ttl_seconds":6,"target":"tachyon_serverless_application::services::dispatcher"}
{"timestamp":"2026-09-17T11:59:31.633038Z","level":"WARN","message":"reclaimed the work of dispatchers that lost their lease","dispatcher_id":"dsp_01m2qkrysghsqn0d85tj94mx6b","reclaimed_dispatchers":"[DispatcherId(dsp_01m2qkryn2eh4a37f22krrqtg5)]","leases":0,"invocations":0,"attempts":0,"fenced":0,"target":"tachyon_serverless_application::services::dispatcher"}
{"timestamp":"2026-09-17T11:59:31.635530Z","level":"INFO","message":"application bootstrapped","profile":"dev","provider":"process","dev_only":true,"environment_reuse":false,"reuse_verified":false,"reuse_reason":"[pool] enabled is false","reuse_disabled":"Some(Configuration)","idle_quiesce":"unsupported","idle_resume":"unsupported","data_dir":"/private/var/folders/z7/khzdjrt95cg_fcmcnh4j1b5h0000gn/T/tsls-chaos.JFVj64/data","store":"sqlite","dispatcher_id":"dsp_01m2qkrysghsqn0d85tj94mx6b","node":"local","node_region":"none","node_memory_mib":"None","max_concurrency":8,"queue":"nats","objects":"filesystem","invoke_async":true,"triggers":true,"target":"tachyon_serverless_application::app"}
{"timestamp":"2026-09-17T11:59:31.636017Z","level":"INFO","message":"startup reconcile finished","provider":"process","found":0,"adopted":0,"terminated":0,"disowned":0,"failed":0,"lost":0,"foreign":0,"reclaimed_dispatchers":0,"fenced_terminated":0,"fenced_pending":0,"target":"tachyon_serverless_application::services::reconcile"}
{"timestamp":"2026-09-17T11:59:31.636091Z","level":"INFO","message":"gateway listening","addr":"127.0.0.1:61589","profile":"dev","provider":"process","target":"tachyon_serverless_gateway"}
{"timestamp":"2026-09-17T11:59:31.637930Z","level":"INFO","message":"asynchronous dispatcher started","workers":2,"owner":"dsp_01m2qkrysghsqn0d85tj94mx6b","target":"tachyon_serverless_gateway"}
{"timestamp":"2026-09-17T11:59:31.746650Z","level":"INFO","message":"asynchronous run claimed","invocation_id":"inv_01m2qkry3xbpzb9a7a2ppkyjdb","attempt":1,"generation":2,"delivery_count":1,"target":"tachyon_serverless_application::services::invoke_async::dispatch"}
{"timestamp":"2026-09-17T11:59:32.031540Z","level":"INFO","message":"bridge spawned","environment_id":"env_01m2qkryx342qjxjmrqbqbkjpr","pid":6516,"target":"tachyon_serverless_provider_process"}
{"timestamp":"2026-09-17T11:59:32.365628Z","level":"INFO","message":"invocation finished","invocation_id":"inv_01m2qkry3xbpzb9a7a2ppkyjdb","status":"succeeded (async run)","handler_ms":1,"environment_boot_ms":6,"runtime_init_ms":324,"target":"tachyon_serverless_application::services::invoke"}
{"timestamp":"2026-09-17T11:59:32.367495Z","level":"INFO","message":"terminating bridge","environment_id":"env_01m2qkryx342qjxjmrqbqbkjpr","pid":6516,"reason":"Completed","graceful":true,"target":"tachyon_serverless_provider_process"}
{"timestamp":"2026-09-17T11:59:32.372242Z","level":"INFO","message":"asynchronous invocation settled","invocation_id":"inv_01m2qkry3xbpzb9a7a2ppkyjdb","status":"succeeded","target":"tachyon_serverless_application::services::invoke_async::dispatch"}
{"timestamp":"2026-09-17T11:59:32.379576Z","level":"INFO","message":"async dispatch: delivery handled","message_id":"inv_01m2qkry3xbpzb9a7a2ppkyjdb.g2","sequence":3,"delivery_count":1,"outcome":"Completed { status: \"succeeded\" }","target":"tachyon_serverless_application::services::invoke_async::dispatch"}
{"timestamp":"2026-09-17T11:59:32.482883Z","level":"INFO","message":"bridge spawned","environment_id":"env_01m2qkrzaqtx3ae9j36jzbw6ye","pid":6662,"target":"tachyon_serverless_provider_process"}
{"timestamp":"2026-09-17T11:59:32.500873Z","level":"INFO","message":"invocation finished","invocation_id":"inv_01m2qkrzapvzt1v6gvexyawx1r","status":"succeeded","handler_ms":0,"environment_boot_ms":6,"runtime_init_ms":9,"target":"tachyon_serverless_application::services::invoke"}
{"timestamp":"2026-09-17T11:59:32.502747Z","level":"INFO","message":"terminating bridge","environment_id":"env_01m2qkrzaqtx3ae9j36jzbw6ye","pid":6662,"reason":"Completed","graceful":true,"target":"tachyon_serverless_provider_process"}
{"timestamp":"2026-09-17T11:59:33.606806Z","level":"INFO","message":"SIGTERM received","target":"tachyon_serverless_gateway"}
{"timestamp":"2026-09-17T11:59:33.606850Z","level":"INFO","message":"shutdown requested; cancelling in-flight invocations","target":"tachyon_serverless_gateway"}
{"timestamp":"2026-09-17T11:59:33.607161Z","level":"INFO","message":"final usage collection","report":"CollectReport { batches: 0, read: 0, inserted: 0, duplicates: 0, cursor_seq: 60 }","target":"tachyon_serverless_gateway"}
{"timestamp":"2026-09-17T11:59:33.608422Z","level":"INFO","message":"gateway stopped","target":"tachyon_serverless_gateway"}
{"timestamp":"2026-09-17T11:59:33.608559Z","level":"INFO","message":"event: closed","target":"async_nats"}
