
===== a start (failpoints: none) 11:31:24 =====
{"timestamp":"2026-09-17T11:31:24.198022Z","level":"INFO","message":"configuration loaded","config":"/private/var/folders/z7/khzdjrt95cg_fcmcnh4j1b5h0000gn/T/tsls-chaos.tdWvGy/gw-a.toml","target":"tachyon_serverless_gateway"}
{"timestamp":"2026-09-17T11:31:24.200408Z","level":"INFO","message":"connected successfully","server":"53933","max_payload":"1048576","target":"async_nats::connector"}
{"timestamp":"2026-09-17T11:31:24.200521Z","level":"INFO","message":"event: connected","target":"async_nats"}
{"timestamp":"2026-09-17T11:31:24.214675Z","level":"INFO","message":"JetStream queue connected and stream bootstrapped","url":"nats://127.0.0.1:53933","stream":"TACHYON_EVENTS","target":"tachyon_serverless_gateway::durable"}
{"timestamp":"2026-09-17T11:31:24.223001Z","level":"INFO","message":"state store opened","path":"/private/var/folders/z7/khzdjrt95cg_fcmcnh4j1b5h0000gn/T/tsls-chaos.tdWvGy/data/state.db","schema_version":8,"migrations_applied":"[1, 2, 3, 4, 5, 6, 7, 8]","imported_state_json":"None","settled_invocations":0,"settled_attempts":0,"settled_environments":0,"released_leases":0,"dropped_idempotency_keys":0,"purged_idempotency_keys":0,"outputs_purged":0,"target":"tachyon_serverless_application::app"}
{"timestamp":"2026-09-17T11:31:24.223290Z","level":"INFO","message":"dispatcher registered","dispatcher_id":"dsp_01m2qj5exzmex9am34ft9x1gh3","instance":"chaos-a","pid":47987,"lease_ttl_seconds":6,"target":"tachyon_serverless_application::services::dispatcher"}
{"timestamp":"2026-09-17T11:31:24.226175Z","level":"INFO","message":"application bootstrapped","profile":"dev","provider":"process","dev_only":true,"environment_reuse":false,"reuse_verified":false,"reuse_reason":"[pool] enabled is false","reuse_disabled":"Some(Configuration)","idle_quiesce":"unsupported","idle_resume":"unsupported","data_dir":"/private/var/folders/z7/khzdjrt95cg_fcmcnh4j1b5h0000gn/T/tsls-chaos.tdWvGy/data","store":"sqlite","dispatcher_id":"dsp_01m2qj5exzmex9am34ft9x1gh3","node":"local","node_region":"none","node_memory_mib":"None","max_concurrency":8,"queue":"nats","objects":"filesystem","invoke_async":true,"triggers":true,"target":"tachyon_serverless_application::app"}
{"timestamp":"2026-09-17T11:31:24.226379Z","level":"INFO","message":"startup reconcile finished","provider":"process","found":0,"adopted":0,"terminated":0,"disowned":0,"failed":0,"lost":0,"foreign":0,"reclaimed_dispatchers":0,"fenced_terminated":0,"fenced_pending":0,"target":"tachyon_serverless_application::services::reconcile"}
{"timestamp":"2026-09-17T11:31:24.226446Z","level":"INFO","message":"gateway listening","addr":"127.0.0.1:53937","profile":"dev","provider":"process","target":"tachyon_serverless_gateway"}
{"timestamp":"2026-09-17T11:31:24.227799Z","level":"INFO","message":"asynchronous dispatcher started","workers":2,"owner":"dsp_01m2qj5exzmex9am34ft9x1gh3","target":"tachyon_serverless_gateway"}
{"timestamp":"2026-09-17T11:31:25.139643Z","level":"INFO","message":"revision ready","revision_id":"rev_01m2qj5fm1qv93zcvg5yqtb60m","function_id":"fn_01m2qj5f6pz92bk5fmxsxqkn9g","target":"tachyon_serverless_application::services::revision"}
{"timestamp":"2026-09-17T11:31:25.951291Z","level":"INFO","message":"revision ready","revision_id":"rev_01m2qj5gcwfw7sc2dqnv8x9fm0","function_id":"fn_01m2qj5fyn06p1fpjned63qhvs","target":"tachyon_serverless_application::services::revision"}
{"timestamp":"2026-09-17T11:31:26.810431Z","level":"INFO","message":"revision ready","revision_id":"rev_01m2qj5h7nw2emww5yp8jtmx3h","function_id":"fn_01m2qj5gqvhqrtqa9q5eg4s2xe","target":"tachyon_serverless_application::services::revision"}
{"timestamp":"2026-09-17T11:31:26.933644Z","level":"INFO","message":"trigger created","trigger_id":"trg_01m2qj5hjnrg3e9sgz1j6hyjsv","function_id":"fn_01m2qj5fyn06p1fpjned63qhvs","kind":"cron","enabled":true,"next_fire_at":"Some(2026-09-17T11:31:28Z)","target":"tachyon_serverless_application::services::triggers"}
{"timestamp":"2026-09-17T11:31:26.950674Z","level":"INFO","message":"trigger created","trigger_id":"trg_01m2qj5hk6yb5d94f4kp3w355r","function_id":"fn_01m2qj5fyn06p1fpjned63qhvs","kind":"webhook","enabled":true,"next_fire_at":"None","target":"tachyon_serverless_application::services::triggers"}
{"timestamp":"2026-09-17T11:31:27.209336Z","level":"INFO","message":"bridge spawned","environment_id":"env_01m2qj5hm6s519smseywb7m1r2","pid":48298,"target":"tachyon_serverless_provider_process"}
{"timestamp":"2026-09-17T11:31:27.482029Z","level":"INFO","message":"invocation finished","invocation_id":"inv_01m2qj5hm5jn53wvmp6wwv5tj6","status":"succeeded","handler_ms":0,"environment_boot_ms":6,"runtime_init_ms":264,"target":"tachyon_serverless_application::services::invoke"}
{"timestamp":"2026-09-17T11:31:27.483716Z","level":"INFO","message":"terminating bridge","environment_id":"env_01m2qj5hm6s519smseywb7m1r2","pid":48298,"reason":"Completed","graceful":true,"target":"tachyon_serverless_provider_process"}
{"timestamp":"2026-09-17T11:31:27.559307Z","level":"INFO","message":"asynchronous invocation accepted","invocation_id":"inv_01m2qj5j66t3gprpzhr7thnst3","tenant_id":"tn_01hzzzzzzzzzzzzzzzzzzzzzza","revision_id":"rev_01m2qj5fm1qv93zcvg5yqtb60m","input_bytes":47,"input_storage":"inline","target":"tachyon_serverless_application::services::invoke_async"}
{"timestamp":"2026-09-17T11:31:27.570342Z","level":"INFO","message":"asynchronous run claimed","invocation_id":"inv_01m2qj5j66t3gprpzhr7thnst3","attempt":1,"generation":0,"delivery_count":1,"target":"tachyon_serverless_application::services::invoke_async::dispatch"}
{"timestamp":"2026-09-17T11:31:27.648002Z","level":"INFO","message":"asynchronous invocation accepted","invocation_id":"inv_01m2qj5j8f052e9hafbj40jngf","tenant_id":"tn_01hzzzzzzzzzzzzzzzzzzzzzza","revision_id":"rev_01m2qj5fm1qv93zcvg5yqtb60m","input_bytes":4127,"input_storage":"object","target":"tachyon_serverless_application::services::invoke_async"}
{"timestamp":"2026-09-17T11:31:27.653200Z","level":"INFO","message":"asynchronous run claimed","invocation_id":"inv_01m2qj5j8f052e9hafbj40jngf","attempt":1,"generation":0,"delivery_count":1,"target":"tachyon_serverless_application::services::invoke_async::dispatch"}
{"timestamp":"2026-09-17T11:31:27.701676Z","level":"INFO","message":"asynchronous invocation accepted","invocation_id":"inv_01m2qj5jam24gf2205mp35jmh9","tenant_id":"tn_01hzzzzzzzzzzzzzzzzzzzzzza","revision_id":"rev_01m2qj5gcwfw7sc2dqnv8x9fm0","input_bytes":189,"input_storage":"inline","target":"tachyon_serverless_application::services::invoke_async"}
{"timestamp":"2026-09-17T11:31:27.701740Z","level":"INFO","message":"webhook trigger fired","trigger_id":"trg_01m2qj5hk6yb5d94f4kp3w355r","event_id":"evt-pre-w1","invocation_id":"inv_01m2qj5jam24gf2205mp35jmh9","revision_id":"rev_01m2qj5gcwfw7sc2dqnv8x9fm0","replayed":false,"target":"tachyon_serverless_application::services::triggers"}
{"timestamp":"2026-09-17T11:31:27.822327Z","level":"INFO","message":"bridge spawned","environment_id":"env_01m2qj5j6jtx54ked2wkh803zb","pid":48372,"target":"tachyon_serverless_provider_process"}
{"timestamp":"2026-09-17T11:31:27.930722Z","level":"INFO","message":"bridge spawned","environment_id":"env_01m2qj5j976qq5wscg7r1h1ppe","pid":48374,"target":"tachyon_serverless_provider_process"}
{"timestamp":"2026-09-17T11:31:28.004115Z","level":"INFO","message":"asynchronous invocation accepted","invocation_id":"inv_01m2qj5jm3tgyxe62pyj0d2zk1","tenant_id":"tn_01hzzzzzzzzzzzzzzzzzzzzzza","revision_id":"rev_01m2qj5gcwfw7sc2dqnv8x9fm0","input_bytes":180,"input_storage":"inline","target":"tachyon_serverless_application::services::invoke_async"}
{"timestamp":"2026-09-17T11:31:28.004184Z","level":"INFO","message":"cron trigger fired","trigger_id":"trg_01m2qj5hjnrg3e9sgz1j6hyjsv","scheduled_at":"2026-09-17T11:31:28Z","invocation_id":"inv_01m2qj5jm3tgyxe62pyj0d2zk1","revision_id":"rev_01m2qj5gcwfw7sc2dqnv8x9fm0","replayed":false,"target":"tachyon_serverless_application::services::triggers"}
{"timestamp":"2026-09-17T11:31:28.012961Z","level":"INFO","message":"bridge spawned","environment_id":"env_01m2qj5jbjks9ptn477mr65brv","pid":48376,"target":"tachyon_serverless_provider_process"}
{"timestamp":"2026-09-17T11:31:28.031053Z","level":"INFO","message":"invocation finished","invocation_id":"inv_01m2qj5jbhg00atpzw99wn6pc5","status":"succeeded","handler_ms":0,"environment_boot_ms":7,"runtime_init_ms":8,"target":"tachyon_serverless_application::services::invoke"}
{"timestamp":"2026-09-17T11:31:28.032937Z","level":"INFO","message":"terminating bridge","environment_id":"env_01m2qj5jbjks9ptn477mr65brv","pid":48376,"reason":"Completed","graceful":true,"target":"tachyon_serverless_provider_process"}
{"timestamp":"2026-09-17T11:31:28.127778Z","level":"INFO","message":"asynchronous invocation accepted","invocation_id":"inv_01m2qj5jqyg7wa1f6qcrgqdkbx","tenant_id":"tn_01hzzzzzzzzzzzzzzzzzzzzzza","revision_id":"rev_01m2qj5fm1qv93zcvg5yqtb60m","input_bytes":47,"input_storage":"inline","target":"tachyon_serverless_application::services::invoke_async"}
{"timestamp":"2026-09-17T11:31:28.137386Z","level":"INFO","message":"invocation finished","invocation_id":"inv_01m2qj5j66t3gprpzhr7thnst3","status":"succeeded (async run)","handler_ms":1,"environment_boot_ms":7,"runtime_init_ms":305,"target":"tachyon_serverless_application::services::invoke"}
{"timestamp":"2026-09-17T11:31:28.138246Z","level":"INFO","message":"terminating bridge","environment_id":"env_01m2qj5j6jtx54ked2wkh803zb","pid":48372,"reason":"Completed","graceful":true,"target":"tachyon_serverless_provider_process"}
{"timestamp":"2026-09-17T11:31:28.139087Z","level":"INFO","message":"invocation finished","invocation_id":"inv_01m2qj5j8f052e9hafbj40jngf","status":"succeeded (async run)","handler_ms":1,"environment_boot_ms":7,"runtime_init_ms":197,"target":"tachyon_serverless_application::services::invoke"}
{"timestamp":"2026-09-17T11:31:28.140464Z","level":"INFO","message":"terminating bridge","environment_id":"env_01m2qj5j976qq5wscg7r1h1ppe","pid":48374,"reason":"Completed","graceful":true,"target":"tachyon_serverless_provider_process"}
{"timestamp":"2026-09-17T11:31:28.143139Z","level":"INFO","message":"asynchronous invocation settled","invocation_id":"inv_01m2qj5j66t3gprpzhr7thnst3","status":"succeeded","target":"tachyon_serverless_application::services::invoke_async::dispatch"}
{"timestamp":"2026-09-17T11:31:28.147365Z","level":"INFO","message":"async dispatch: delivery handled","message_id":"inv_01m2qj5j66t3gprpzhr7thnst3","sequence":1,"delivery_count":1,"outcome":"Completed { status: \"succeeded\" }","target":"tachyon_serverless_application::services::invoke_async::dispatch"}
{"timestamp":"2026-09-17T11:31:28.151267Z","level":"INFO","message":"asynchronous invocation settled","invocation_id":"inv_01m2qj5j8f052e9hafbj40jngf","status":"succeeded","target":"tachyon_serverless_application::services::invoke_async::dispatch"}
{"timestamp":"2026-09-17T11:31:28.151698Z","level":"INFO","message":"asynchronous run claimed","invocation_id":"inv_01m2qj5jam24gf2205mp35jmh9","attempt":1,"generation":0,"delivery_count":1,"target":"tachyon_serverless_application::services::invoke_async::dispatch"}
{"timestamp":"2026-09-17T11:31:28.155606Z","level":"INFO","message":"async dispatch: delivery handled","message_id":"inv_01m2qj5j8f052e9hafbj40jngf","sequence":2,"delivery_count":1,"outcome":"Completed { status: \"succeeded\" }","target":"tachyon_serverless_application::services::invoke_async::dispatch"}
{"timestamp":"2026-09-17T11:31:28.156343Z","level":"INFO","message":"asynchronous run claimed","invocation_id":"inv_01m2qj5jm3tgyxe62pyj0d2zk1","attempt":1,"generation":0,"delivery_count":1,"target":"tachyon_serverless_application::services::invoke_async::dispatch"}
{"timestamp":"2026-09-17T11:31:28.242309Z","level":"INFO","message":"asynchronous invocation accepted","invocation_id":"inv_01m2qj5jv0p18p727qst8hpc7x","tenant_id":"tn_01hzzzzzzzzzzzzzzzzzzzzzza","revision_id":"rev_01m2qj5fm1qv93zcvg5yqtb60m","input_bytes":4127,"input_storage":"object","target":"tachyon_serverless_application::services::invoke_async"}
{"timestamp":"2026-09-17T11:31:28.297323Z","level":"INFO","message":"asynchronous invocation accepted","invocation_id":"inv_01m2qj5jx84h1z659zcapxqeg6","tenant_id":"tn_01hzzzzzzzzzzzzzzzzzzzzzza","revision_id":"rev_01m2qj5gcwfw7sc2dqnv8x9fm0","input_bytes":189,"input_storage":"inline","target":"tachyon_serverless_application::services::invoke_async"}
{"timestamp":"2026-09-17T11:31:28.297391Z","level":"INFO","message":"webhook trigger fired","trigger_id":"trg_01m2qj5hk6yb5d94f4kp3w355r","event_id":"evt-pre-w2","invocation_id":"inv_01m2qj5jx84h1z659zcapxqeg6","revision_id":"rev_01m2qj5gcwfw7sc2dqnv8x9fm0","replayed":false,"target":"tachyon_serverless_application::services::triggers"}
{"timestamp":"2026-09-17T11:31:28.452757Z","level":"INFO","message":"bridge spawned","environment_id":"env_01m2qj5jrrpj25a02mzxewa4ad","pid":48470,"target":"tachyon_serverless_provider_process"}
{"timestamp":"2026-09-17T11:31:28.453338Z","level":"INFO","message":"bridge spawned","environment_id":"env_01m2qj5jrw1rd2x0p5gmrt5thn","pid":48471,"target":"tachyon_serverless_provider_process"}
{"timestamp":"2026-09-17T11:31:28.474068Z","level":"INFO","message":"invocation finished","invocation_id":"inv_01m2qj5jam24gf2205mp35jmh9","status":"succeeded (async run)","handler_ms":1,"environment_boot_ms":7,"runtime_init_ms":8,"target":"tachyon_serverless_application::services::invoke"}
{"timestamp":"2026-09-17T11:31:28.475045Z","level":"INFO","message":"invocation finished","invocation_id":"inv_01m2qj5jm3tgyxe62pyj0d2zk1","status":"succeeded (async run)","handler_ms":1,"environment_boot_ms":6,"runtime_init_ms":8,"target":"tachyon_serverless_application::services::invoke"}
{"timestamp":"2026-09-17T11:31:28.475561Z","level":"INFO","message":"terminating bridge","environment_id":"env_01m2qj5jrrpj25a02mzxewa4ad","pid":48470,"reason":"Completed","graceful":true,"target":"tachyon_serverless_provider_process"}
{"timestamp":"2026-09-17T11:31:28.476716Z","level":"INFO","message":"terminating bridge","environment_id":"env_01m2qj5jrw1rd2x0p5gmrt5thn","pid":48471,"reason":"Completed","graceful":true,"target":"tachyon_serverless_provider_process"}
{"timestamp":"2026-09-17T11:31:28.480612Z","level":"INFO","message":"asynchronous invocation settled","invocation_id":"inv_01m2qj5jam24gf2205mp35jmh9","status":"succeeded","target":"tachyon_serverless_application::services::invoke_async::dispatch"}
{"timestamp":"2026-09-17T11:31:28.486705Z","level":"INFO","message":"async dispatch: delivery handled","message_id":"inv_01m2qj5jam24gf2205mp35jmh9","sequence":3,"delivery_count":1,"outcome":"Completed { status: \"succeeded\" }","target":"tachyon_serverless_application::services::invoke_async::dispatch"}
{"timestamp":"2026-09-17T11:31:28.490584Z","level":"INFO","message":"asynchronous invocation settled","invocation_id":"inv_01m2qj5jm3tgyxe62pyj0d2zk1","status":"succeeded","target":"tachyon_serverless_application::services::invoke_async::dispatch"}
{"timestamp":"2026-09-17T11:31:28.491062Z","level":"INFO","message":"asynchronous run claimed","invocation_id":"inv_01m2qj5jqyg7wa1f6qcrgqdkbx","attempt":1,"generation":0,"delivery_count":1,"target":"tachyon_serverless_application::services::invoke_async::dispatch"}
{"timestamp":"2026-09-17T11:31:28.494347Z","level":"INFO","message":"async dispatch: delivery handled","message_id":"inv_01m2qj5jm3tgyxe62pyj0d2zk1","sequence":4,"delivery_count":1,"outcome":"Completed { status: \"succeeded\" }","target":"tachyon_serverless_application::services::invoke_async::dispatch"}
{"timestamp":"2026-09-17T11:31:28.495074Z","level":"INFO","message":"asynchronous run claimed","invocation_id":"inv_01m2qj5jv0p18p727qst8hpc7x","attempt":1,"generation":0,"delivery_count":1,"target":"tachyon_serverless_application::services::invoke_async::dispatch"}
{"timestamp":"2026-09-17T11:31:28.856998Z","level":"INFO","message":"bridge spawned","environment_id":"env_01m2qj5k3bsh6s9vyv2vvbwesk","pid":48482,"target":"tachyon_serverless_provider_process"}
{"timestamp":"2026-09-17T11:31:28.861821Z","level":"INFO","message":"bridge spawned","environment_id":"env_01m2qj5k3jgb0v7vw3sn9514mx","pid":48483,"target":"tachyon_serverless_provider_process"}
{"timestamp":"2026-09-17T11:31:28.881831Z","level":"INFO","message":"invocation finished","invocation_id":"inv_01m2qj5jqyg7wa1f6qcrgqdkbx","status":"succeeded (async run)","handler_ms":4,"environment_boot_ms":8,"runtime_init_ms":10,"target":"tachyon_serverless_application::services::invoke"}
{"timestamp":"2026-09-17T11:31:28.883082Z","level":"INFO","message":"invocation finished","invocation_id":"inv_01m2qj5jv0p18p727qst8hpc7x","status":"succeeded (async run)","handler_ms":2,"environment_boot_ms":7,"runtime_init_ms":9,"target":"tachyon_serverless_application::services::invoke"}
{"timestamp":"2026-09-17T11:31:28.883709Z","level":"INFO","message":"terminating bridge","environment_id":"env_01m2qj5k3bsh6s9vyv2vvbwesk","pid":48482,"reason":"Completed","graceful":true,"target":"tachyon_serverless_provider_process"}
{"timestamp":"2026-09-17T11:31:28.885082Z","level":"INFO","message":"terminating bridge","environment_id":"env_01m2qj5k3jgb0v7vw3sn9514mx","pid":48483,"reason":"Completed","graceful":true,"target":"tachyon_serverless_provider_process"}
{"timestamp":"2026-09-17T11:31:28.889356Z","level":"INFO","message":"asynchronous invocation settled","invocation_id":"inv_01m2qj5jqyg7wa1f6qcrgqdkbx","status":"succeeded","target":"tachyon_serverless_application::services::invoke_async::dispatch"}
{"timestamp":"2026-09-17T11:31:28.894615Z","level":"INFO","message":"async dispatch: delivery handled","message_id":"inv_01m2qj5jqyg7wa1f6qcrgqdkbx","sequence":5,"delivery_count":1,"outcome":"Completed { status: \"succeeded\" }","target":"tachyon_serverless_application::services::invoke_async::dispatch"}
{"timestamp":"2026-09-17T11:31:28.900541Z","level":"INFO","message":"asynchronous invocation settled","invocation_id":"inv_01m2qj5jv0p18p727qst8hpc7x","status":"succeeded","target":"tachyon_serverless_application::services::invoke_async::dispatch"}
{"timestamp":"2026-09-17T11:31:28.900969Z","level":"INFO","message":"asynchronous run claimed","invocation_id":"inv_01m2qj5jx84h1z659zcapxqeg6","attempt":1,"generation":0,"delivery_count":1,"target":"tachyon_serverless_application::services::invoke_async::dispatch"}
{"timestamp":"2026-09-17T11:31:28.905650Z","level":"INFO","message":"async dispatch: delivery handled","message_id":"inv_01m2qj5jv0p18p727qst8hpc7x","sequence":6,"delivery_count":1,"outcome":"Completed { status: \"succeeded\" }","target":"tachyon_serverless_application::services::invoke_async::dispatch"}
{"timestamp":"2026-09-17T11:31:29.257844Z","level":"INFO","message":"bridge spawned","environment_id":"env_01m2qj5kg5sd7mpy3rr3gh0wcx","pid":48514,"target":"tachyon_serverless_provider_process"}
{"timestamp":"2026-09-17T11:31:29.279428Z","level":"INFO","message":"invocation finished","invocation_id":"inv_01m2qj5jx84h1z659zcapxqeg6","status":"succeeded (async run)","handler_ms":1,"environment_boot_ms":9,"runtime_init_ms":10,"target":"tachyon_serverless_application::services::invoke"}
{"timestamp":"2026-09-17T11:31:29.281488Z","level":"INFO","message":"terminating bridge","environment_id":"env_01m2qj5kg5sd7mpy3rr3gh0wcx","pid":48514,"reason":"Completed","graceful":true,"target":"tachyon_serverless_provider_process"}
{"timestamp":"2026-09-17T11:31:29.286665Z","level":"INFO","message":"asynchronous invocation settled","invocation_id":"inv_01m2qj5jx84h1z659zcapxqeg6","status":"succeeded","target":"tachyon_serverless_application::services::invoke_async::dispatch"}
{"timestamp":"2026-09-17T11:31:29.293640Z","level":"INFO","message":"async dispatch: delivery handled","message_id":"inv_01m2qj5jx84h1z659zcapxqeg6","sequence":7,"delivery_count":1,"outcome":"Completed { status: \"succeeded\" }","target":"tachyon_serverless_application::services::invoke_async::dispatch"}
{"timestamp":"2026-09-17T11:31:29.450366Z","level":"INFO","message":"revision ready","revision_id":"rev_01m2qj5kp8n519vyr6wtmdyv9y","function_id":"fn_01m2qj5jykeqye029js8v4rdf7","target":"tachyon_serverless_application::services::revision"}
{"timestamp":"2026-09-17T11:31:29.529224Z","level":"INFO","message":"trigger updated","trigger_id":"trg_01m2qj5hjnrg3e9sgz1j6hyjsv","generation":2,"status":"disabled","next_fire_at":"None","rotated_secret":false,"target":"tachyon_serverless_application::services::triggers"}
{"timestamp":"2026-09-17T11:31:29.865369Z","level":"INFO","message":"bridge spawned","environment_id":"env_01m2qj5m4h3cykf7ajbwpjqkfb","pid":48563,"target":"tachyon_serverless_provider_process"}

===== a start (failpoints: none) 11:31:31 =====
{"timestamp":"2026-09-17T11:31:31.565581Z","level":"INFO","message":"configuration loaded","config":"/private/var/folders/z7/khzdjrt95cg_fcmcnh4j1b5h0000gn/T/tsls-chaos.tdWvGy/gw-a.toml","target":"tachyon_serverless_gateway"}
{"timestamp":"2026-09-17T11:31:31.567974Z","level":"INFO","message":"connected successfully","server":"53933","max_payload":"1048576","target":"async_nats::connector"}
{"timestamp":"2026-09-17T11:31:31.568124Z","level":"INFO","message":"event: connected","target":"async_nats"}
{"timestamp":"2026-09-17T11:31:31.580497Z","level":"INFO","message":"JetStream queue connected and stream bootstrapped","url":"nats://127.0.0.1:53933","stream":"TACHYON_EVENTS","target":"tachyon_serverless_gateway::durable"}
{"timestamp":"2026-09-17T11:31:31.584006Z","level":"INFO","message":"state store opened","path":"/private/var/folders/z7/khzdjrt95cg_fcmcnh4j1b5h0000gn/T/tsls-chaos.tdWvGy/data/state.db","schema_version":8,"migrations_applied":"[]","imported_state_json":"None","settled_invocations":0,"settled_attempts":0,"settled_environments":0,"released_leases":0,"dropped_idempotency_keys":0,"purged_idempotency_keys":0,"outputs_purged":0,"target":"tachyon_serverless_application::app"}
{"timestamp":"2026-09-17T11:31:31.584419Z","level":"INFO","message":"dispatcher registered","dispatcher_id":"dsp_01m2qj5p40n00csjfy1c8zx1w0","instance":"chaos-a","pid":48636,"lease_ttl_seconds":6,"target":"tachyon_serverless_application::services::dispatcher"}
{"timestamp":"2026-09-17T11:31:31.586174Z","level":"WARN","message":"reclaimed the work of dispatchers that lost their lease","dispatcher_id":"dsp_01m2qj5p40n00csjfy1c8zx1w0","reclaimed_dispatchers":"[DispatcherId(dsp_01m2qj5exzmex9am34ft9x1gh3)]","leases":1,"invocations":2,"attempts":1,"fenced":1,"target":"tachyon_serverless_application::services::dispatcher"}
{"timestamp":"2026-09-17T11:31:31.589236Z","level":"INFO","message":"application bootstrapped","profile":"dev","provider":"process","dev_only":true,"environment_reuse":false,"reuse_verified":false,"reuse_reason":"[pool] enabled is false","reuse_disabled":"Some(Configuration)","idle_quiesce":"unsupported","idle_resume":"unsupported","data_dir":"/private/var/folders/z7/khzdjrt95cg_fcmcnh4j1b5h0000gn/T/tsls-chaos.tdWvGy/data","store":"sqlite","dispatcher_id":"dsp_01m2qj5p40n00csjfy1c8zx1w0","node":"local","node_region":"none","node_memory_mib":"None","max_concurrency":8,"queue":"nats","objects":"filesystem","invoke_async":true,"triggers":true,"target":"tachyon_serverless_application::app"}
{"timestamp":"2026-09-17T11:31:31.590272Z","level":"INFO","message":"fenced environment terminated and settled","environment_id":"env_01m2qj5m4h3cykf7ajbwpjqkfb","owner":"Some(DispatcherId(dsp_01m2qj5exzmex9am34ft9x1gh3))","was_running":false,"target":"tachyon_serverless_application::services::reconcile"}
{"timestamp":"2026-09-17T11:31:31.590445Z","level":"INFO","message":"startup reconcile finished","provider":"process","found":0,"adopted":0,"terminated":0,"disowned":0,"failed":0,"lost":0,"foreign":0,"reclaimed_dispatchers":0,"fenced_terminated":1,"fenced_pending":0,"target":"tachyon_serverless_application::services::reconcile"}
{"timestamp":"2026-09-17T11:31:31.590542Z","level":"INFO","message":"gateway listening","addr":"127.0.0.1:53937","profile":"dev","provider":"process","target":"tachyon_serverless_gateway"}
{"timestamp":"2026-09-17T11:31:31.592172Z","level":"INFO","message":"asynchronous dispatcher started","workers":2,"owner":"dsp_01m2qj5p40n00csjfy1c8zx1w0","target":"tachyon_serverless_gateway"}
{"timestamp":"2026-09-17T11:31:32.405404Z","level":"INFO","message":"bridge spawned","environment_id":"env_01m2qj5pp0k385grmgxs4ze68p","pid":48775,"target":"tachyon_serverless_provider_process"}
{"timestamp":"2026-09-17T11:31:32.624640Z","level":"INFO","message":"invocation finished","invocation_id":"inv_01m2qj5pnzcq67b41fyp2zbvpy","status":"succeeded","handler_ms":201,"environment_boot_ms":6,"runtime_init_ms":9,"target":"tachyon_serverless_application::services::invoke"}
{"timestamp":"2026-09-17T11:31:32.626488Z","level":"INFO","message":"terminating bridge","environment_id":"env_01m2qj5pp0k385grmgxs4ze68p","pid":48775,"reason":"Completed","graceful":true,"target":"tachyon_serverless_provider_process"}
{"timestamp":"2026-09-17T11:31:32.757770Z","level":"INFO","message":"trigger updated","trigger_id":"trg_01m2qj5hjnrg3e9sgz1j6hyjsv","generation":3,"status":"disabled","next_fire_at":"None","rotated_secret":false,"target":"tachyon_serverless_application::services::triggers"}
{"timestamp":"2026-09-17T11:31:34.053005Z","level":"INFO","message":"SIGTERM received","target":"tachyon_serverless_gateway"}
{"timestamp":"2026-09-17T11:31:34.053045Z","level":"INFO","message":"shutdown requested; cancelling in-flight invocations","target":"tachyon_serverless_gateway"}
{"timestamp":"2026-09-17T11:31:34.053275Z","level":"INFO","message":"final usage collection","report":"CollectReport { batches: 0, read: 0, inserted: 0, duplicates: 0, cursor_seq: 52 }","target":"tachyon_serverless_gateway"}
{"timestamp":"2026-09-17T11:31:34.054460Z","level":"INFO","message":"gateway stopped","target":"tachyon_serverless_gateway"}
{"timestamp":"2026-09-17T11:31:34.054569Z","level":"INFO","message":"event: closed","target":"async_nats"}
