
===== a start (failpoints: none) 18:31:15 =====
{"timestamp":"2026-09-17T18:31:15.995764Z","level":"INFO","message":"configuration loaded","config":"/private/var/folders/z7/khzdjrt95cg_fcmcnh4j1b5h0000gn/T/tsls-chaos.3EbBzR/gw-a.toml","target":"tachyon_serverless_gateway"}
{"timestamp":"2026-09-17T18:31:15.997809Z","level":"INFO","message":"connected successfully","server":"53578","max_payload":"1048576","target":"async_nats::connector"}
{"timestamp":"2026-09-17T18:31:15.997898Z","level":"INFO","message":"event: connected","target":"async_nats"}
{"timestamp":"2026-09-17T18:31:16.013565Z","level":"INFO","message":"JetStream queue connected and stream bootstrapped","url":"nats://127.0.0.1:53578","stream":"TACHYON_EVENTS","target":"tachyon_serverless_gateway::durable"}
{"timestamp":"2026-09-17T18:31:16.021257Z","level":"INFO","message":"state store opened","path":"/private/var/folders/z7/khzdjrt95cg_fcmcnh4j1b5h0000gn/T/tsls-chaos.3EbBzR/data/state.db","schema_version":8,"migrations_applied":"[1, 2, 3, 4, 5, 6, 7, 8]","imported_state_json":"None","settled_invocations":0,"settled_attempts":0,"settled_environments":0,"released_leases":0,"dropped_idempotency_keys":0,"purged_idempotency_keys":0,"outputs_purged":0,"target":"tachyon_serverless_application::app"}
{"timestamp":"2026-09-17T18:31:16.023502Z","level":"INFO","message":"log store opened","path":"/private/var/folders/z7/khzdjrt95cg_fcmcnh4j1b5h0000gn/T/tsls-chaos.3EbBzR/data/logs/logs.db","healthy":true,"retention_seconds":604800,"max_total_bytes":1073741824,"target":"tachyon_serverless_application::app"}
{"timestamp":"2026-09-17T18:31:16.023737Z","level":"INFO","message":"dispatcher registered","dispatcher_id":"dsp_01m2ra689qbv8je3etptk5zp1d","instance":"chaos-a","pid":80511,"lease_ttl_seconds":6,"target":"tachyon_serverless_application::services::dispatcher"}
{"timestamp":"2026-09-17T18:31:16.027113Z","level":"INFO","message":"application bootstrapped","profile":"dev","provider":"process","dev_only":true,"environment_reuse":false,"reuse_verified":false,"reuse_reason":"[pool] enabled is false","reuse_disabled":"Some(Configuration)","idle_quiesce":"unsupported","idle_resume":"unsupported","data_dir":"/private/var/folders/z7/khzdjrt95cg_fcmcnh4j1b5h0000gn/T/tsls-chaos.3EbBzR/data","store":"sqlite","dispatcher_id":"dsp_01m2ra689qbv8je3etptk5zp1d","node":"local","node_region":"none","node_memory_mib":"None","max_concurrency":8,"queue":"nats","objects":"filesystem","invoke_async":true,"triggers":true,"target":"tachyon_serverless_application::app"}
{"timestamp":"2026-09-17T18:31:16.027301Z","level":"INFO","message":"startup reconcile finished","provider":"process","found":0,"adopted":0,"terminated":0,"disowned":0,"failed":0,"lost":0,"foreign":0,"reclaimed_dispatchers":0,"fenced_terminated":0,"fenced_pending":0,"target":"tachyon_serverless_application::services::reconcile"}
{"timestamp":"2026-09-17T18:31:16.027367Z","level":"INFO","message":"gateway listening","addr":"127.0.0.1:53582","profile":"dev","provider":"process","target":"tachyon_serverless_gateway"}
{"timestamp":"2026-09-17T18:31:16.028451Z","level":"INFO","message":"asynchronous dispatcher started","workers":2,"owner":"dsp_01m2ra689qbv8je3etptk5zp1d","target":"tachyon_serverless_gateway"}
{"timestamp":"2026-09-17T18:31:16.777404Z","level":"INFO","message":"revision ready","revision_id":"rev_01m2ra68wkg89tfpcx8s79ewa5","function_id":"fn_01m2ra68j3khe7qk9p7qpwgg76","target":"tachyon_serverless_application::services::revision"}
{"timestamp":"2026-09-17T18:31:17.256981Z","level":"INFO","message":"revision ready","revision_id":"rev_01m2ra69by6senek4htryfhhb6","function_id":"fn_01m2ra6926khq5gb9tj1qrsrez","target":"tachyon_serverless_application::services::revision"}
{"timestamp":"2026-09-17T18:31:17.740706Z","level":"INFO","message":"revision ready","revision_id":"rev_01m2ra69v308mrgc5737mzgrkd","function_id":"fn_01m2ra69hg0k69hbys6mr1q20h","target":"tachyon_serverless_application::services::revision"}
{"timestamp":"2026-09-17T18:31:17.772266Z","level":"INFO","message":"trigger created","trigger_id":"trg_01m2ra6a0bcrrqnvegebgsd8q5","function_id":"fn_01m2ra6926khq5gb9tj1qrsrez","kind":"cron","enabled":true,"next_fire_at":"Some(2026-09-17T18:31:18Z)","target":"tachyon_serverless_application::services::triggers"}
{"timestamp":"2026-09-17T18:31:17.782896Z","level":"INFO","message":"trigger created","trigger_id":"trg_01m2ra6a0pd2k42j67pb42zvt8","function_id":"fn_01m2ra6926khq5gb9tj1qrsrez","kind":"webhook","enabled":true,"next_fire_at":"None","target":"tachyon_serverless_application::services::triggers"}
{"timestamp":"2026-09-17T18:31:18.005359Z","level":"INFO","message":"asynchronous invocation accepted","invocation_id":"inv_01m2ra6a7mecrwe0hs9p99e94n","tenant_id":"tn_01hzzzzzzzzzzzzzzzzzzzzzza","revision_id":"rev_01m2ra69by6senek4htryfhhb6","input_bytes":180,"input_storage":"inline","target":"tachyon_serverless_application::services::invoke_async"}
{"timestamp":"2026-09-17T18:31:18.005400Z","level":"INFO","message":"cron trigger fired","trigger_id":"trg_01m2ra6a0bcrrqnvegebgsd8q5","scheduled_at":"2026-09-17T18:31:18Z","invocation_id":"inv_01m2ra6a7mecrwe0hs9p99e94n","revision_id":"rev_01m2ra69by6senek4htryfhhb6","replayed":false,"target":"tachyon_serverless_application::services::triggers"}
{"timestamp":"2026-09-17T18:31:18.266173Z","level":"INFO","message":"bridge spawned","environment_id":"env_01m2ra6abeym0cn1h97sw44wts","pid":80798,"target":"tachyon_serverless_provider_process"}
{"timestamp":"2026-09-17T18:31:18.316335Z","level":"INFO","message":"invocation finished","invocation_id":"inv_01m2ra6abdagn2sa29zyk1ewvn","status":"succeeded","handler_ms":0,"environment_boot_ms":4,"runtime_init_ms":43,"target":"tachyon_serverless_application::services::invoke"}
{"timestamp":"2026-09-17T18:31:18.317865Z","level":"INFO","message":"terminating bridge","environment_id":"env_01m2ra6abeym0cn1h97sw44wts","pid":80798,"reason":"Completed","graceful":true,"target":"tachyon_serverless_provider_process"}
{"timestamp":"2026-09-17T18:31:18.370213Z","level":"INFO","message":"asynchronous invocation accepted","invocation_id":"inv_01m2ra6ak1mmjwh0kw7cs1a0eq","tenant_id":"tn_01hzzzzzzzzzzzzzzzzzzzzzza","revision_id":"rev_01m2ra68wkg89tfpcx8s79ewa5","input_bytes":49,"input_storage":"inline","target":"tachyon_serverless_application::services::invoke_async"}
{"timestamp":"2026-09-17T18:31:18.432003Z","level":"INFO","message":"asynchronous invocation accepted","invocation_id":"inv_01m2ra6amhrx683jdknkvyg385","tenant_id":"tn_01hzzzzzzzzzzzzzzzzzzzzzza","revision_id":"rev_01m2ra68wkg89tfpcx8s79ewa5","input_bytes":4129,"input_storage":"object","target":"tachyon_serverless_application::services::invoke_async"}
{"timestamp":"2026-09-17T18:31:18.440677Z","level":"INFO","message":"asynchronous run claimed","invocation_id":"inv_01m2ra6amhrx683jdknkvyg385","attempt":1,"generation":0,"delivery_count":1,"target":"tachyon_serverless_application::services::invoke_async::dispatch"}
{"timestamp":"2026-09-17T18:31:18.470781Z","level":"INFO","message":"asynchronous invocation accepted","invocation_id":"inv_01m2ra6ap36hh549pyqw3932nq","tenant_id":"tn_01hzzzzzzzzzzzzzzzzzzzzzza","revision_id":"rev_01m2ra69by6senek4htryfhhb6","input_bytes":193,"input_storage":"inline","target":"tachyon_serverless_application::services::invoke_async"}
{"timestamp":"2026-09-17T18:31:18.470821Z","level":"INFO","message":"webhook trigger fired","trigger_id":"trg_01m2ra6a0pd2k42j67pb42zvt8","event_id":"evt-pre-a-w1","invocation_id":"inv_01m2ra6ap36hh549pyqw3932nq","revision_id":"rev_01m2ra69by6senek4htryfhhb6","replayed":false,"target":"tachyon_serverless_application::services::triggers"}
{"timestamp":"2026-09-17T18:31:18.477410Z","level":"INFO","message":"asynchronous run claimed","invocation_id":"inv_01m2ra6ap36hh549pyqw3932nq","attempt":1,"generation":0,"delivery_count":1,"target":"tachyon_serverless_application::services::invoke_async::dispatch"}
{"timestamp":"2026-09-17T18:31:18.601757Z","level":"INFO","message":"bridge spawned","environment_id":"env_01m2ra6anagksqs834fk2p2hcw","pid":80875,"target":"tachyon_serverless_provider_process"}
{"timestamp":"2026-09-17T18:31:18.628532Z","level":"INFO","message":"bridge spawned","environment_id":"env_01m2ra6apdt8gdn00a8bx0q1n2","pid":80877,"target":"tachyon_serverless_provider_process"}
{"timestamp":"2026-09-17T18:31:18.644176Z","level":"INFO","message":"invocation finished","invocation_id":"inv_01m2ra6ap36hh549pyqw3932nq","status":"succeeded (async run)","handler_ms":0,"environment_boot_ms":6,"runtime_init_ms":6,"target":"tachyon_serverless_application::services::invoke"}
{"timestamp":"2026-09-17T18:31:18.645765Z","level":"INFO","message":"terminating bridge","environment_id":"env_01m2ra6apdt8gdn00a8bx0q1n2","pid":80877,"reason":"Completed","graceful":true,"target":"tachyon_serverless_provider_process"}
{"timestamp":"2026-09-17T18:31:18.649320Z","level":"INFO","message":"asynchronous invocation settled","invocation_id":"inv_01m2ra6ap36hh549pyqw3932nq","status":"succeeded","target":"tachyon_serverless_application::services::invoke_async::dispatch"}
{"timestamp":"2026-09-17T18:31:18.656698Z","level":"INFO","message":"async dispatch: delivery handled","message_id":"inv_01m2ra6ap36hh549pyqw3932nq","sequence":4,"delivery_count":1,"outcome":"Completed { status: \"succeeded\" }","target":"tachyon_serverless_application::services::invoke_async::dispatch"}
{"timestamp":"2026-09-17T18:31:18.694927Z","level":"INFO","message":"invocation finished","invocation_id":"inv_01m2ra6amhrx683jdknkvyg385","status":"succeeded (async run)","handler_ms":1,"environment_boot_ms":6,"runtime_init_ms":82,"target":"tachyon_serverless_application::services::invoke"}
{"timestamp":"2026-09-17T18:31:18.696451Z","level":"INFO","message":"terminating bridge","environment_id":"env_01m2ra6anagksqs834fk2p2hcw","pid":80875,"reason":"Completed","graceful":true,"target":"tachyon_serverless_provider_process"}
{"timestamp":"2026-09-17T18:31:18.706165Z","level":"INFO","message":"asynchronous invocation settled","invocation_id":"inv_01m2ra6amhrx683jdknkvyg385","status":"succeeded","target":"tachyon_serverless_application::services::invoke_async::dispatch"}
{"timestamp":"2026-09-17T18:31:18.711751Z","level":"INFO","message":"async dispatch: delivery handled","message_id":"inv_01m2ra6amhrx683jdknkvyg385","sequence":3,"delivery_count":1,"outcome":"Completed { status: \"succeeded\" }","target":"tachyon_serverless_application::services::invoke_async::dispatch"}
{"timestamp":"2026-09-17T18:31:18.798763Z","level":"INFO","message":"asynchronous run claimed","invocation_id":"inv_01m2ra6azraa1m74xteys9zw5e","attempt":1,"generation":0,"delivery_count":1,"target":"tachyon_serverless_application::services::invoke_async::dispatch"}
{"timestamp":"2026-09-17T18:31:18.847372Z","level":"INFO","message":"trigger updated","trigger_id":"trg_01m2ra6a0bcrrqnvegebgsd8q5","generation":2,"status":"disabled","next_fire_at":"None","rotated_secret":false,"target":"tachyon_serverless_application::services::triggers"}
{"timestamp":"2026-09-17T18:31:18.961305Z","level":"INFO","message":"bridge spawned","environment_id":"env_01m2ra6b0grw014xkzaxwv3529","pid":80966,"target":"tachyon_serverless_provider_process"}
{"timestamp":"2026-09-17T18:31:18.976524Z","level":"INFO","message":"invocation finished","invocation_id":"inv_01m2ra6azraa1m74xteys9zw5e","status":"succeeded (async run)","handler_ms":1,"environment_boot_ms":4,"runtime_init_ms":7,"target":"tachyon_serverless_application::services::invoke"}
{"timestamp":"2026-09-17T18:31:18.978137Z","level":"INFO","message":"terminating bridge","environment_id":"env_01m2ra6b0grw014xkzaxwv3529","pid":80966,"reason":"Completed","graceful":true,"target":"tachyon_serverless_provider_process"}
{"timestamp":"2026-09-17T18:31:18.981955Z","level":"INFO","message":"asynchronous invocation settled","invocation_id":"inv_01m2ra6azraa1m74xteys9zw5e","status":"succeeded","target":"tachyon_serverless_application::services::invoke_async::dispatch"}
{"timestamp":"2026-09-17T18:31:18.989606Z","level":"INFO","message":"async dispatch: delivery handled","message_id":"inv_01m2ra6azraa1m74xteys9zw5e","sequence":6,"delivery_count":1,"outcome":"Completed { status: \"succeeded\" }","target":"tachyon_serverless_application::services::invoke_async::dispatch"}
{"timestamp":"2026-09-17T18:31:19.019697Z","level":"INFO","message":"bridge spawned","environment_id":"env_01m2ra6b2wcq6r8bex49ms55nf","pid":80970,"target":"tachyon_serverless_provider_process"}
{"timestamp":"2026-09-17T18:31:29.121373Z","level":"WARN","message":"this process was not running for a while (stopped, frozen or starved): a lease that passed meanwhile is not taken back","stalled_ms":9764,"target":"tachyon_serverless_application::services::dispatcher"}
{"timestamp":"2026-09-17T18:31:29.121699Z","level":"ERROR","message":"dispatcher lease lost: refusing new invocations; in-flight completions will be refused if another dispatcher reclaimed them","dispatcher_id":"dsp_01m2ra689qbv8je3etptk5zp1d","target":"tachyon_serverless_application::services::dispatcher"}
{"timestamp":"2026-09-17T18:31:29.122117Z","level":"WARN","message":"cannot record invocation outcome","error":"Invocation is already in a terminal state (outcome_unknown); further updates are rejected","invocation_id":"inv_01m2ra6b2v91w7w6s2qs8z0qkb","target":"tachyon_serverless_application::services::invoke"}
{"timestamp":"2026-09-17T18:31:29.123393Z","level":"WARN","message":"stale completion refused: another dispatcher reclaimed this slot","invocation_id":"inv_01m2ra6b2v91w7w6s2qs8z0qkb","attempt_id":"att_01m2ra6bcbazg1ferw72146mxk","epoch":1,"reason":"lease lse_01m2ra6bcb6n2f5p1b9mcttrk3 is already released","target":"tachyon_serverless_application::services::invoke"}
{"timestamp":"2026-09-17T18:31:29.123746Z","level":"INFO","message":"object retention pass","report":"GcReport { examined: 2, collected_expired: 0, collected_orphans: 0, kept_in_use: 0, kept_referenced: 2, incomplete_removed: 0, tombstones_purged: 0, failed: 0 }","target":"tachyon_serverless_gateway"}
{"timestamp":"2026-09-17T18:31:29.124218Z","level":"WARN","message":"environment update failed","error":"refused: environment env_01m2ra6b2wcq6r8bex49ms55nf is lost and final","environment_id":"env_01m2ra6b2wcq6r8bex49ms55nf","target":"tachyon_serverless_application::services::invoke"}
{"timestamp":"2026-09-17T18:31:29.124288Z","level":"INFO","message":"environment fenced by a reclaim: its stop is reported by the reclaimer","environment_id":"env_01m2ra6b2wcq6r8bex49ms55nf","target":"tachyon_serverless_application::services::invoke"}
{"timestamp":"2026-09-17T18:31:30.031235Z","level":"INFO","message":"object retention pass","report":"GcReport { examined: 2, collected_expired: 0, collected_orphans: 0, kept_in_use: 0, kept_referenced: 2, incomplete_removed: 0, tombstones_purged: 0, failed: 0 }","target":"tachyon_serverless_gateway"}
{"timestamp":"2026-09-17T18:31:32.032019Z","level":"INFO","message":"object retention pass","report":"GcReport { examined: 2, collected_expired: 0, collected_orphans: 0, kept_in_use: 0, kept_referenced: 2, incomplete_removed: 0, tombstones_purged: 0, failed: 0 }","target":"tachyon_serverless_gateway"}
{"timestamp":"2026-09-17T18:31:34.030787Z","level":"INFO","message":"object retention pass","report":"GcReport { examined: 2, collected_expired: 0, collected_orphans: 0, kept_in_use: 0, kept_referenced: 2, incomplete_removed: 0, tombstones_purged: 0, failed: 0 }","target":"tachyon_serverless_gateway"}
{"timestamp":"2026-09-17T18:31:34.498487Z","level":"INFO","message":"SIGTERM received","target":"tachyon_serverless_gateway"}
{"timestamp":"2026-09-17T18:31:34.498519Z","level":"INFO","message":"shutdown requested; cancelling in-flight invocations","target":"tachyon_serverless_gateway"}
{"timestamp":"2026-09-17T18:31:34.499899Z","level":"INFO","message":"final usage collection","report":"CollectReport { batches: 1, read: 5, inserted: 5, duplicates: 0, cursor_seq: 55 }","target":"tachyon_serverless_gateway"}
{"timestamp":"2026-09-17T18:31:34.500707Z","level":"INFO","message":"gateway stopped","target":"tachyon_serverless_gateway"}
{"timestamp":"2026-09-17T18:31:34.500828Z","level":"INFO","message":"event: closed","target":"async_nats"}

===== a start (failpoints: none) 18:31:34 =====
{"timestamp":"2026-09-17T18:31:34.620617Z","level":"INFO","message":"configuration loaded","config":"/private/var/folders/z7/khzdjrt95cg_fcmcnh4j1b5h0000gn/T/tsls-chaos.3EbBzR/gw-a.toml","target":"tachyon_serverless_gateway"}
{"timestamp":"2026-09-17T18:31:34.622859Z","level":"INFO","message":"connected successfully","server":"53578","max_payload":"1048576","target":"async_nats::connector"}
{"timestamp":"2026-09-17T18:31:34.622981Z","level":"INFO","message":"event: connected","target":"async_nats"}
{"timestamp":"2026-09-17T18:31:34.634840Z","level":"INFO","message":"JetStream queue connected and stream bootstrapped","url":"nats://127.0.0.1:53578","stream":"TACHYON_EVENTS","target":"tachyon_serverless_gateway::durable"}
{"timestamp":"2026-09-17T18:31:34.636158Z","level":"INFO","message":"state store opened","path":"/private/var/folders/z7/khzdjrt95cg_fcmcnh4j1b5h0000gn/T/tsls-chaos.3EbBzR/data/state.db","schema_version":8,"migrations_applied":"[]","imported_state_json":"None","settled_invocations":0,"settled_attempts":0,"settled_environments":0,"released_leases":0,"dropped_idempotency_keys":0,"purged_idempotency_keys":0,"outputs_purged":0,"target":"tachyon_serverless_application::app"}
{"timestamp":"2026-09-17T18:31:34.636708Z","level":"INFO","message":"log store opened","path":"/private/var/folders/z7/khzdjrt95cg_fcmcnh4j1b5h0000gn/T/tsls-chaos.3EbBzR/data/logs/logs.db","healthy":true,"retention_seconds":604800,"max_total_bytes":1073741824,"target":"tachyon_serverless_application::app"}
{"timestamp":"2026-09-17T18:31:34.636984Z","level":"INFO","message":"dispatcher registered","dispatcher_id":"dsp_01m2ra6tfcncjhafrybht2ntxv","instance":"chaos-a","pid":81291,"lease_ttl_seconds":6,"target":"tachyon_serverless_application::services::dispatcher"}
{"timestamp":"2026-09-17T18:31:34.638470Z","level":"INFO","message":"application bootstrapped","profile":"dev","provider":"process","dev_only":true,"environment_reuse":false,"reuse_verified":false,"reuse_reason":"[pool] enabled is false","reuse_disabled":"Some(Configuration)","idle_quiesce":"unsupported","idle_resume":"unsupported","data_dir":"/private/var/folders/z7/khzdjrt95cg_fcmcnh4j1b5h0000gn/T/tsls-chaos.3EbBzR/data","store":"sqlite","dispatcher_id":"dsp_01m2ra6tfcncjhafrybht2ntxv","node":"local","node_region":"none","node_memory_mib":"None","max_concurrency":8,"queue":"nats","objects":"filesystem","invoke_async":true,"triggers":true,"target":"tachyon_serverless_application::app"}
{"timestamp":"2026-09-17T18:31:34.638764Z","level":"INFO","message":"startup reconcile finished","provider":"process","found":0,"adopted":0,"terminated":0,"disowned":0,"failed":0,"lost":0,"foreign":0,"reclaimed_dispatchers":0,"fenced_terminated":0,"fenced_pending":0,"target":"tachyon_serverless_application::services::reconcile"}
{"timestamp":"2026-09-17T18:31:34.638834Z","level":"INFO","message":"gateway listening","addr":"127.0.0.1:53582","profile":"dev","provider":"process","target":"tachyon_serverless_gateway"}
{"timestamp":"2026-09-17T18:31:34.639944Z","level":"INFO","message":"asynchronous dispatcher started","workers":2,"owner":"dsp_01m2ra6tfcncjhafrybht2ntxv","target":"tachyon_serverless_gateway"}
{"timestamp":"2026-09-17T18:31:34.641532Z","level":"INFO","message":"object retention pass","report":"GcReport { examined: 2, collected_expired: 0, collected_orphans: 0, kept_in_use: 0, kept_referenced: 2, incomplete_removed: 0, tombstones_purged: 0, failed: 0 }","target":"tachyon_serverless_gateway"}
{"timestamp":"2026-09-17T18:31:35.056162Z","level":"INFO","message":"bridge spawned","environment_id":"env_01m2ra6tr67pxanwr9r05p2n2h","pid":81315,"target":"tachyon_serverless_provider_process"}
{"timestamp":"2026-09-17T18:31:35.067256Z","level":"INFO","message":"invocation finished","invocation_id":"inv_01m2ra6tr62s4cta643y9bghsy","status":"succeeded","handler_ms":0,"environment_boot_ms":4,"runtime_init_ms":5,"target":"tachyon_serverless_application::services::invoke"}
{"timestamp":"2026-09-17T18:31:35.068870Z","level":"INFO","message":"terminating bridge","environment_id":"env_01m2ra6tr67pxanwr9r05p2n2h","pid":81315,"reason":"Completed","graceful":true,"target":"tachyon_serverless_provider_process"}
{"timestamp":"2026-09-17T18:31:35.119211Z","level":"INFO","message":"asynchronous invocation accepted","invocation_id":"inv_01m2ra6tyegrndvjd0sjaya1cq","tenant_id":"tn_01hzzzzzzzzzzzzzzzzzzzzzza","revision_id":"rev_01m2ra68wkg89tfpcx8s79ewa5","input_bytes":50,"input_storage":"inline","target":"tachyon_serverless_application::services::invoke_async"}
{"timestamp":"2026-09-17T18:31:35.190705Z","level":"INFO","message":"asynchronous invocation accepted","invocation_id":"inv_01m2ra6v02za2r6cat4mjdzjjc","tenant_id":"tn_01hzzzzzzzzzzzzzzzzzzzzzza","revision_id":"rev_01m2ra68wkg89tfpcx8s79ewa5","input_bytes":4130,"input_storage":"object","target":"tachyon_serverless_application::services::invoke_async"}
{"timestamp":"2026-09-17T18:31:35.198206Z","level":"INFO","message":"asynchronous run claimed","invocation_id":"inv_01m2ra6v02za2r6cat4mjdzjjc","attempt":1,"generation":0,"delivery_count":1,"target":"tachyon_serverless_application::services::invoke_async::dispatch"}
{"timestamp":"2026-09-17T18:31:35.219398Z","level":"INFO","message":"asynchronous invocation accepted","invocation_id":"inv_01m2ra6v1jchgty8hff4fggmkz","tenant_id":"tn_01hzzzzzzzzzzzzzzzzzzzzzza","revision_id":"rev_01m2ra69by6senek4htryfhhb6","input_bytes":195,"input_storage":"inline","target":"tachyon_serverless_application::services::invoke_async"}
{"timestamp":"2026-09-17T18:31:35.219436Z","level":"INFO","message":"webhook trigger fired","trigger_id":"trg_01m2ra6a0pd2k42j67pb42zvt8","event_id":"evt-post-a-w1","invocation_id":"inv_01m2ra6v1jchgty8hff4fggmkz","revision_id":"rev_01m2ra69by6senek4htryfhhb6","replayed":false,"target":"tachyon_serverless_application::services::triggers"}
{"timestamp":"2026-09-17T18:31:35.226178Z","level":"INFO","message":"asynchronous run claimed","invocation_id":"inv_01m2ra6v1jchgty8hff4fggmkz","attempt":1,"generation":0,"delivery_count":1,"target":"tachyon_serverless_application::services::invoke_async::dispatch"}
{"timestamp":"2026-09-17T18:31:35.365101Z","level":"INFO","message":"bridge spawned","environment_id":"env_01m2ra6v10cg6m34xyhmyy871b","pid":81397,"target":"tachyon_serverless_provider_process"}
{"timestamp":"2026-09-17T18:31:35.368091Z","level":"INFO","message":"trigger updated","trigger_id":"trg_01m2ra6a0bcrrqnvegebgsd8q5","generation":3,"status":"disabled","next_fire_at":"None","rotated_secret":false,"target":"tachyon_serverless_application::services::triggers"}
{"timestamp":"2026-09-17T18:31:35.371919Z","level":"INFO","message":"bridge spawned","environment_id":"env_01m2ra6v1tvgyvj6ss24sdmjrh","pid":81405,"target":"tachyon_serverless_provider_process"}
{"timestamp":"2026-09-17T18:31:35.380932Z","level":"INFO","message":"invocation finished","invocation_id":"inv_01m2ra6v02za2r6cat4mjdzjjc","status":"succeeded (async run)","handler_ms":1,"environment_boot_ms":4,"runtime_init_ms":7,"target":"tachyon_serverless_application::services::invoke"}
{"timestamp":"2026-09-17T18:31:35.382247Z","level":"INFO","message":"terminating bridge","environment_id":"env_01m2ra6v10cg6m34xyhmyy871b","pid":81397,"reason":"Completed","graceful":true,"target":"tachyon_serverless_provider_process"}
{"timestamp":"2026-09-17T18:31:35.385644Z","level":"INFO","message":"asynchronous invocation settled","invocation_id":"inv_01m2ra6v02za2r6cat4mjdzjjc","status":"succeeded","target":"tachyon_serverless_application::services::invoke_async::dispatch"}
{"timestamp":"2026-09-17T18:31:35.386295Z","level":"INFO","message":"invocation finished","invocation_id":"inv_01m2ra6v1jchgty8hff4fggmkz","status":"succeeded (async run)","handler_ms":2,"environment_boot_ms":4,"runtime_init_ms":6,"target":"tachyon_serverless_application::services::invoke"}
{"timestamp":"2026-09-17T18:31:35.387869Z","level":"INFO","message":"terminating bridge","environment_id":"env_01m2ra6v1tvgyvj6ss24sdmjrh","pid":81405,"reason":"Completed","graceful":true,"target":"tachyon_serverless_provider_process"}
{"timestamp":"2026-09-17T18:31:35.391353Z","level":"INFO","message":"async dispatch: delivery handled","message_id":"inv_01m2ra6v02za2r6cat4mjdzjjc","sequence":9,"delivery_count":1,"outcome":"Completed { status: \"succeeded\" }","target":"tachyon_serverless_application::services::invoke_async::dispatch"}
{"timestamp":"2026-09-17T18:31:35.393819Z","level":"INFO","message":"asynchronous invocation settled","invocation_id":"inv_01m2ra6v1jchgty8hff4fggmkz","status":"succeeded","target":"tachyon_serverless_application::services::invoke_async::dispatch"}
{"timestamp":"2026-09-17T18:31:35.398396Z","level":"INFO","message":"async dispatch: delivery handled","message_id":"inv_01m2ra6v1jchgty8hff4fggmkz","sequence":10,"delivery_count":1,"outcome":"Completed { status: \"succeeded\" }","target":"tachyon_serverless_application::services::invoke_async::dispatch"}
{"timestamp":"2026-09-17T18:31:35.539920Z","level":"INFO","message":"asynchronous run claimed","invocation_id":"inv_01m2ra6tyegrndvjd0sjaya1cq","attempt":1,"generation":1,"delivery_count":1,"target":"tachyon_serverless_application::services::invoke_async::dispatch"}
{"timestamp":"2026-09-17T18:31:35.643844Z","level":"WARN","message":"reclaimed the work of dispatchers that lost their lease","dispatcher_id":"dsp_01m2ra6tfcncjhafrybht2ntxv","reclaimed_dispatchers":"[DispatcherId(dsp_01m2ra6a2p6gm2bzjpydcax87f)]","leases":0,"invocations":0,"attempts":0,"fenced":0,"target":"tachyon_serverless_application::services::dispatcher"}
{"timestamp":"2026-09-17T18:31:35.690011Z","level":"INFO","message":"bridge spawned","environment_id":"env_01m2ra6vbm5qnfjc5wpwvray96","pid":81435,"target":"tachyon_serverless_provider_process"}
{"timestamp":"2026-09-17T18:31:35.699939Z","level":"INFO","message":"invocation finished","invocation_id":"inv_01m2ra6tyegrndvjd0sjaya1cq","status":"succeeded (async run)","handler_ms":0,"environment_boot_ms":4,"runtime_init_ms":4,"target":"tachyon_serverless_application::services::invoke"}
{"timestamp":"2026-09-17T18:31:35.701499Z","level":"INFO","message":"terminating bridge","environment_id":"env_01m2ra6vbm5qnfjc5wpwvray96","pid":81435,"reason":"Completed","graceful":true,"target":"tachyon_serverless_provider_process"}
{"timestamp":"2026-09-17T18:31:35.703844Z","level":"INFO","message":"asynchronous invocation settled","invocation_id":"inv_01m2ra6tyegrndvjd0sjaya1cq","status":"succeeded","target":"tachyon_serverless_application::services::invoke_async::dispatch"}
{"timestamp":"2026-09-17T18:31:35.709371Z","level":"INFO","message":"async dispatch: delivery handled","message_id":"inv_01m2ra6tyegrndvjd0sjaya1cq.g1","sequence":11,"delivery_count":1,"outcome":"Completed { status: \"succeeded\" }","target":"tachyon_serverless_application::services::invoke_async::dispatch"}
{"timestamp":"2026-09-17T18:31:36.644584Z","level":"INFO","message":"object retention pass","report":"GcReport { examined: 2, collected_expired: 0, collected_orphans: 0, kept_in_use: 0, kept_referenced: 2, incomplete_removed: 0, tombstones_purged: 0, failed: 0 }","target":"tachyon_serverless_gateway"}
{"timestamp":"2026-09-17T18:31:36.953646Z","level":"INFO","message":"SIGTERM received","target":"tachyon_serverless_gateway"}
{"timestamp":"2026-09-17T18:31:36.953691Z","level":"INFO","message":"shutdown requested; cancelling in-flight invocations","target":"tachyon_serverless_gateway"}
{"timestamp":"2026-09-17T18:31:36.953971Z","level":"INFO","message":"final usage collection","report":"CollectReport { batches: 0, read: 0, inserted: 0, duplicates: 0, cursor_seq: 76 }","target":"tachyon_serverless_gateway"}
{"timestamp":"2026-09-17T18:31:36.954810Z","level":"INFO","message":"gateway stopped","target":"tachyon_serverless_gateway"}
{"timestamp":"2026-09-17T18:31:36.954966Z","level":"INFO","message":"event: closed","target":"async_nats"}
