
===== b start (failpoints: none) 11:55:46 =====
{"timestamp":"2026-09-17T11:55:46.723105Z","level":"INFO","message":"configuration loaded","config":"/private/var/folders/z7/khzdjrt95cg_fcmcnh4j1b5h0000gn/T/tsls-chaos.WKbeh3/gw-b.toml","target":"tachyon_serverless_gateway"}
{"timestamp":"2026-09-17T11:55:46.725824Z","level":"INFO","message":"connected successfully","server":"59982","max_payload":"1048576","target":"async_nats::connector"}
{"timestamp":"2026-09-17T11:55:46.726049Z","level":"INFO","message":"event: connected","target":"async_nats"}
{"timestamp":"2026-09-17T11:55:46.740760Z","level":"INFO","message":"JetStream queue connected and stream bootstrapped","url":"nats://127.0.0.1:59982","stream":"TACHYON_EVENTS","target":"tachyon_serverless_gateway::durable"}
{"timestamp":"2026-09-17T11:55:46.744223Z","level":"INFO","message":"state store opened","path":"/private/var/folders/z7/khzdjrt95cg_fcmcnh4j1b5h0000gn/T/tsls-chaos.WKbeh3/data/state.db","schema_version":8,"migrations_applied":"[]","imported_state_json":"None","settled_invocations":0,"settled_attempts":1,"settled_environments":0,"released_leases":0,"dropped_idempotency_keys":0,"purged_idempotency_keys":0,"outputs_purged":0,"target":"tachyon_serverless_application::app"}
{"timestamp":"2026-09-17T11:55:46.744631Z","level":"INFO","message":"dispatcher registered","dispatcher_id":"dsp_01m2qkj35rh9deht245n9gcmg8","instance":"chaos-b","pid":93481,"lease_ttl_seconds":6,"target":"tachyon_serverless_application::services::dispatcher"}
{"timestamp":"2026-09-17T11:55:46.747551Z","level":"INFO","message":"application bootstrapped","profile":"dev","provider":"process","dev_only":true,"environment_reuse":false,"reuse_verified":false,"reuse_reason":"[pool] enabled is false","reuse_disabled":"Some(Configuration)","idle_quiesce":"unsupported","idle_resume":"unsupported","data_dir":"/private/var/folders/z7/khzdjrt95cg_fcmcnh4j1b5h0000gn/T/tsls-chaos.WKbeh3/data","store":"sqlite","dispatcher_id":"dsp_01m2qkj35rh9deht245n9gcmg8","node":"local","node_region":"none","node_memory_mib":"None","max_concurrency":8,"queue":"nats","objects":"filesystem","invoke_async":true,"triggers":true,"target":"tachyon_serverless_application::app"}
{"timestamp":"2026-09-17T11:55:46.748357Z","level":"INFO","message":"startup reconcile finished","provider":"process","found":1,"adopted":0,"terminated":0,"disowned":0,"failed":0,"lost":0,"foreign":1,"reclaimed_dispatchers":0,"fenced_terminated":0,"fenced_pending":0,"target":"tachyon_serverless_application::services::reconcile"}
{"timestamp":"2026-09-17T11:55:46.748494Z","level":"INFO","message":"gateway listening","addr":"127.0.0.1:60011","profile":"dev","provider":"process","target":"tachyon_serverless_gateway"}
{"timestamp":"2026-09-17T11:55:46.751074Z","level":"INFO","message":"asynchronous dispatcher started","workers":2,"owner":"dsp_01m2qkj35rh9deht245n9gcmg8","target":"tachyon_serverless_gateway"}
{"timestamp":"2026-09-17T11:55:49.766928Z","level":"INFO","message":"async dispatch: delivery handled","message_id":"inv_01m2qkj26fchkzeccpe54bp82p","sequence":5,"delivery_count":2,"outcome":"Skipped(\"claimed\")","target":"tachyon_serverless_application::services::invoke_async::dispatch"}
{"timestamp":"2026-09-17T11:55:50.754603Z","level":"INFO","message":"object retention pass","report":"GcReport { examined: 1, collected_expired: 0, collected_orphans: 0, kept_in_use: 0, kept_referenced: 1, incomplete_removed: 0, tombstones_purged: 0, failed: 0 }","target":"tachyon_serverless_gateway"}
{"timestamp":"2026-09-17T11:55:50.756074Z","level":"INFO","message":"asynchronous invocation rescheduled","invocation_id":"inv_01m2qkj26fchkzeccpe54bp82p","next_attempt_at":"2026-09-17T11:55:50.851827+00:00","counted":true,"error_type":"Host.AsyncRunAbandoned","target":"tachyon_serverless_application::services::invoke_async::dispatch"}
{"timestamp":"2026-09-17T11:55:50.756152Z","level":"INFO","message":"async reaper pass","report":"ReapReport { examined: 1, abandoned: 1, republished: 0, dead_lettered: 0, lost: 0, failed: 0 }","target":"tachyon_serverless_application::services::invoke_async::dispatch"}
{"timestamp":"2026-09-17T11:55:50.883693Z","level":"INFO","message":"asynchronous run claimed","invocation_id":"inv_01m2qkj26fchkzeccpe54bp82p","attempt":2,"generation":1,"delivery_count":1,"target":"tachyon_serverless_application::services::invoke_async::dispatch"}
{"timestamp":"2026-09-17T11:55:51.267201Z","level":"INFO","message":"bridge spawned","environment_id":"env_01m2qkj774j1570bsf4yfzztfb","pid":93589,"target":"tachyon_serverless_provider_process"}
{"timestamp":"2026-09-17T11:55:52.763601Z","level":"WARN","message":"reclaimed the work of dispatchers that lost their lease","dispatcher_id":"dsp_01m2qkj35rh9deht245n9gcmg8","reclaimed_dispatchers":"[DispatcherId(dsp_01m2qkhrrs475czkvc5fybf0x7)]","leases":1,"invocations":0,"attempts":0,"fenced":1,"target":"tachyon_serverless_application::services::dispatcher"}
{"timestamp":"2026-09-17T11:55:52.768529Z","level":"INFO","message":"object retention pass","report":"GcReport { examined: 1, collected_expired: 0, collected_orphans: 0, kept_in_use: 0, kept_referenced: 1, incomplete_removed: 0, tombstones_purged: 0, failed: 0 }","target":"tachyon_serverless_gateway"}
{"timestamp":"2026-09-17T11:55:52.769216Z","level":"WARN","message":"terminating orphaned bridge","environment_id":"env_01m2qkj2767h3h3tcfm86evd0g","pid":93458,"target":"tachyon_serverless_provider_process"}
{"timestamp":"2026-09-17T11:55:54.757117Z","level":"INFO","message":"object retention pass","report":"GcReport { examined: 1, collected_expired: 0, collected_orphans: 0, kept_in_use: 0, kept_referenced: 1, incomplete_removed: 0, tombstones_purged: 0, failed: 0 }","target":"tachyon_serverless_gateway"}
{"timestamp":"2026-09-17T11:55:54.914221Z","level":"INFO","message":"async dispatch: delivery handled","message_id":"inv_01m2qkj26fchkzeccpe54bp82p.g1","sequence":6,"delivery_count":2,"outcome":"Skipped(\"claimed\")","target":"tachyon_serverless_application::services::invoke_async::dispatch"}
{"timestamp":"2026-09-17T11:55:55.784865Z","level":"INFO","message":"fenced environment terminated and settled","environment_id":"env_01m2qkj2767h3h3tcfm86evd0g","owner":"Some(DispatcherId(dsp_01m2qkhrrs475czkvc5fybf0x7))","was_running":true,"target":"tachyon_serverless_application::services::reconcile"}
{"timestamp":"2026-09-17T11:55:56.777881Z","level":"INFO","message":"object retention pass","report":"GcReport { examined: 1, collected_expired: 0, collected_orphans: 0, kept_in_use: 0, kept_referenced: 1, incomplete_removed: 0, tombstones_purged: 0, failed: 0 }","target":"tachyon_serverless_gateway"}
{"timestamp":"2026-09-17T11:55:58.755854Z","level":"INFO","message":"object retention pass","report":"GcReport { examined: 1, collected_expired: 0, collected_orphans: 0, kept_in_use: 0, kept_referenced: 1, incomplete_removed: 0, tombstones_purged: 0, failed: 0 }","target":"tachyon_serverless_gateway"}
{"timestamp":"2026-09-17T11:56:00.321626Z","level":"INFO","message":"invocation finished","invocation_id":"inv_01m2qkj26fchkzeccpe54bp82p","status":"succeeded (async run)","handler_ms":9008,"environment_boot_ms":26,"runtime_init_ms":16,"target":"tachyon_serverless_application::services::invoke"}
{"timestamp":"2026-09-17T11:56:00.325869Z","level":"INFO","message":"terminating bridge","environment_id":"env_01m2qkj774j1570bsf4yfzztfb","pid":93589,"reason":"Completed","graceful":true,"target":"tachyon_serverless_provider_process"}
{"timestamp":"2026-09-17T11:56:00.342073Z","level":"INFO","message":"asynchronous invocation settled","invocation_id":"inv_01m2qkj26fchkzeccpe54bp82p","status":"succeeded","target":"tachyon_serverless_application::services::invoke_async::dispatch"}
{"timestamp":"2026-09-17T11:56:00.345709Z","level":"INFO","message":"async dispatch: delivery handled","message_id":"inv_01m2qkj26fchkzeccpe54bp82p.g1","sequence":6,"delivery_count":1,"outcome":"Completed { status: \"succeeded\" }","target":"tachyon_serverless_application::services::invoke_async::dispatch"}
{"timestamp":"2026-09-17T11:56:00.756472Z","level":"INFO","message":"object retention pass","report":"GcReport { examined: 1, collected_expired: 0, collected_orphans: 0, kept_in_use: 0, kept_referenced: 1, incomplete_removed: 0, tombstones_purged: 0, failed: 0 }","target":"tachyon_serverless_gateway"}
{"timestamp":"2026-09-17T11:56:02.758601Z","level":"INFO","message":"object retention pass","report":"GcReport { examined: 1, collected_expired: 0, collected_orphans: 0, kept_in_use: 0, kept_referenced: 1, incomplete_removed: 0, tombstones_purged: 0, failed: 0 }","target":"tachyon_serverless_gateway"}
{"timestamp":"2026-09-17T11:56:04.758416Z","level":"INFO","message":"object retention pass","report":"GcReport { examined: 1, collected_expired: 0, collected_orphans: 0, kept_in_use: 0, kept_referenced: 1, incomplete_removed: 0, tombstones_purged: 0, failed: 0 }","target":"tachyon_serverless_gateway"}
{"timestamp":"2026-09-17T11:56:06.768786Z","level":"INFO","message":"object retention pass","report":"GcReport { examined: 1, collected_expired: 0, collected_orphans: 0, kept_in_use: 0, kept_referenced: 1, incomplete_removed: 0, tombstones_purged: 0, failed: 0 }","target":"tachyon_serverless_gateway"}
{"timestamp":"2026-09-17T11:56:08.765606Z","level":"INFO","message":"object retention pass","report":"GcReport { examined: 1, collected_expired: 0, collected_orphans: 0, kept_in_use: 0, kept_referenced: 1, incomplete_removed: 0, tombstones_purged: 0, failed: 0 }","target":"tachyon_serverless_gateway"}
{"timestamp":"2026-09-17T11:56:10.765118Z","level":"INFO","message":"object retention pass","report":"GcReport { examined: 1, collected_expired: 0, collected_orphans: 0, kept_in_use: 0, kept_referenced: 1, incomplete_removed: 0, tombstones_purged: 0, failed: 0 }","target":"tachyon_serverless_gateway"}
{"timestamp":"2026-09-17T11:56:12.764562Z","level":"INFO","message":"object retention pass","report":"GcReport { examined: 1, collected_expired: 0, collected_orphans: 0, kept_in_use: 0, kept_referenced: 1, incomplete_removed: 0, tombstones_purged: 0, failed: 0 }","target":"tachyon_serverless_gateway"}
{"timestamp":"2026-09-17T11:56:14.765940Z","level":"INFO","message":"object retention pass","report":"GcReport { examined: 1, collected_expired: 0, collected_orphans: 0, kept_in_use: 0, kept_referenced: 1, incomplete_removed: 0, tombstones_purged: 0, failed: 0 }","target":"tachyon_serverless_gateway"}
{"timestamp":"2026-09-17T11:56:16.757780Z","level":"INFO","message":"object retention pass","report":"GcReport { examined: 1, collected_expired: 0, collected_orphans: 0, kept_in_use: 0, kept_referenced: 1, incomplete_removed: 0, tombstones_purged: 0, failed: 0 }","target":"tachyon_serverless_gateway"}
{"timestamp":"2026-09-17T11:56:18.753306Z","level":"INFO","message":"object retention pass","report":"GcReport { examined: 1, collected_expired: 0, collected_orphans: 0, kept_in_use: 0, kept_referenced: 1, incomplete_removed: 0, tombstones_purged: 0, failed: 0 }","target":"tachyon_serverless_gateway"}
{"timestamp":"2026-09-17T11:56:20.781439Z","level":"INFO","message":"object retention pass","report":"GcReport { examined: 1, collected_expired: 0, collected_orphans: 0, kept_in_use: 0, kept_referenced: 1, incomplete_removed: 0, tombstones_purged: 0, failed: 0 }","target":"tachyon_serverless_gateway"}
{"timestamp":"2026-09-17T11:56:22.752420Z","level":"INFO","message":"object retention pass","report":"GcReport { examined: 1, collected_expired: 0, collected_orphans: 0, kept_in_use: 0, kept_referenced: 1, incomplete_removed: 0, tombstones_purged: 0, failed: 0 }","target":"tachyon_serverless_gateway"}
{"timestamp":"2026-09-17T11:56:24.753798Z","level":"INFO","message":"object retention pass","report":"GcReport { examined: 1, collected_expired: 0, collected_orphans: 0, kept_in_use: 0, kept_referenced: 1, incomplete_removed: 0, tombstones_purged: 0, failed: 0 }","target":"tachyon_serverless_gateway"}
{"timestamp":"2026-09-17T11:56:26.752288Z","level":"INFO","message":"object retention pass","report":"GcReport { examined: 1, collected_expired: 0, collected_orphans: 0, kept_in_use: 0, kept_referenced: 1, incomplete_removed: 0, tombstones_purged: 0, failed: 0 }","target":"tachyon_serverless_gateway"}
{"timestamp":"2026-09-17T11:56:28.753794Z","level":"INFO","message":"object retention pass","report":"GcReport { examined: 1, collected_expired: 0, collected_orphans: 0, kept_in_use: 0, kept_referenced: 1, incomplete_removed: 0, tombstones_purged: 0, failed: 0 }","target":"tachyon_serverless_gateway"}
{"timestamp":"2026-09-17T11:56:29.640562Z","level":"INFO","message":"asynchronous run claimed","invocation_id":"inv_01m2qkkd17mt1bwjhvcxkgre6d","attempt":1,"generation":0,"delivery_count":1,"target":"tachyon_serverless_application::services::invoke_async::dispatch"}
{"timestamp":"2026-09-17T11:56:29.752304Z","level":"INFO","message":"SIGTERM received","target":"tachyon_serverless_gateway"}
{"timestamp":"2026-09-17T11:56:29.752411Z","level":"INFO","message":"shutdown requested; cancelling in-flight invocations","target":"tachyon_serverless_gateway"}
{"timestamp":"2026-09-17T11:56:29.752456Z","level":"INFO","message":"cancelling in-flight invocations for shutdown","count":1,"target":"tachyon_serverless_application::services::invoke"}
{"timestamp":"2026-09-17T11:56:30.054199Z","level":"INFO","message":"bridge spawned","environment_id":"env_01m2qkkd29m4vdg0ymapc6zfvv","pid":94607,"target":"tachyon_serverless_provider_process"}
{"timestamp":"2026-09-17T11:56:30.055811Z","level":"INFO","message":"terminating bridge","environment_id":"env_01m2qkkd29m4vdg0ymapc6zfvv","pid":94607,"reason":"Shutdown","graceful":true,"target":"tachyon_serverless_provider_process"}
{"timestamp":"2026-09-17T11:56:30.776725Z","level":"INFO","message":"object retention pass","report":"GcReport { examined: 1, collected_expired: 0, collected_orphans: 0, kept_in_use: 0, kept_referenced: 1, incomplete_removed: 0, tombstones_purged: 0, failed: 0 }","target":"tachyon_serverless_gateway"}
{"timestamp":"2026-09-17T11:56:32.566549Z","level":"INFO","message":"asynchronous invocation rescheduled","invocation_id":"inv_01m2qkkd17mt1bwjhvcxkgre6d","next_attempt_at":"2026-09-17T11:56:32.698719+00:00","counted":false,"error_type":"Host.GatewayShutdown","target":"tachyon_serverless_application::services::invoke_async::dispatch"}
{"timestamp":"2026-09-17T11:56:32.595630Z","level":"INFO","message":"async dispatch: delivery handled","message_id":"inv_01m2qkkd17mt1bwjhvcxkgre6d","sequence":9,"delivery_count":1,"outcome":"Rescheduled { next_attempt_at: 2026-09-17T11:56:32.698719Z, counted: false }","target":"tachyon_serverless_application::services::invoke_async::dispatch"}
{"timestamp":"2026-09-17T11:56:32.600457Z","level":"INFO","message":"final usage collection","report":"CollectReport { batches: 1, read: 1, inserted: 1, duplicates: 0, cursor_seq: 51 }","target":"tachyon_serverless_gateway"}
{"timestamp":"2026-09-17T11:56:32.602677Z","level":"INFO","message":"gateway stopped","target":"tachyon_serverless_gateway"}
{"timestamp":"2026-09-17T11:56:32.602951Z","level":"INFO","message":"event: closed","target":"async_nats"}
