
===== a start (failpoints: none) 04:07:49 =====
{"timestamp":"2026-09-18T04:07:49.586079Z","level":"INFO","message":"configuration loaded","config":"/home/takanorifukuyama.guest/w/tsls-chaos.34hX8U/gw-a.toml","target":"tachyon_serverless_gateway"}
{"timestamp":"2026-09-18T04:07:49.588204Z","level":"INFO","message":"connected successfully","server":"36769","max_payload":"1048576","target":"async_nats::connector"}
{"timestamp":"2026-09-18T04:07:49.588305Z","level":"INFO","message":"event: connected","target":"async_nats"}
{"timestamp":"2026-09-18T04:07:49.594623Z","level":"INFO","message":"JetStream queue connected and stream bootstrapped","url":"nats://127.0.0.1:36769","stream":"TACHYON_EVENTS","target":"tachyon_serverless_gateway::durable"}
{"timestamp":"2026-09-18T04:07:49.604690Z","level":"INFO","message":"state store opened","path":"/home/takanorifukuyama.guest/w/tsls-chaos.34hX8U/data/state.db","schema_version":8,"migrations_applied":"[1, 2, 3, 4, 5, 6, 7, 8]","imported_state_json":"None","settled_invocations":0,"settled_attempts":0,"settled_environments":0,"released_leases":0,"dropped_idempotency_keys":0,"purged_idempotency_keys":0,"outputs_purged":0,"target":"tachyon_serverless_application::app"}
{"timestamp":"2026-09-18T04:07:49.610410Z","level":"INFO","message":"log store opened","path":"/home/takanorifukuyama.guest/w/tsls-chaos.34hX8U/data/logs/logs.db","healthy":true,"retention_seconds":604800,"max_total_bytes":1073741824,"target":"tachyon_serverless_application::app"}
{"timestamp":"2026-09-18T04:07:49.610887Z","level":"INFO","message":"dispatcher registered","dispatcher_id":"dsp_01m2sb5z3a4ac6wbqc1at05cnn","instance":"chaos-a","pid":798214,"lease_ttl_seconds":6,"target":"tachyon_serverless_application::services::dispatcher"}
{"timestamp":"2026-09-18T04:07:49.620416Z","level":"INFO","message":"application bootstrapped","profile":"dev","provider":"process","dev_only":true,"environment_reuse":false,"reuse_verified":false,"reuse_reason":"[pool] enabled is false","reuse_disabled":"Some(Configuration)","idle_quiesce":"unsupported","idle_resume":"unsupported","data_dir":"/home/takanorifukuyama.guest/w/tsls-chaos.34hX8U/data","store":"sqlite","dispatcher_id":"dsp_01m2sb5z3a4ac6wbqc1at05cnn","node":"local","node_region":"none","node_memory_mib":"None","max_concurrency":8,"queue":"nats","objects":"filesystem","invoke_async":true,"triggers":true,"target":"tachyon_serverless_application::app"}
{"timestamp":"2026-09-18T04:07:49.620627Z","level":"INFO","message":"startup reconcile finished","provider":"process","found":0,"adopted":0,"terminated":0,"disowned":0,"failed":0,"lost":0,"foreign":0,"reclaimed_dispatchers":0,"fenced_terminated":0,"fenced_pending":0,"target":"tachyon_serverless_application::services::reconcile"}
{"timestamp":"2026-09-18T04:07:49.620687Z","level":"INFO","message":"gateway listening","addr":"127.0.0.1:40491","profile":"dev","provider":"process","target":"tachyon_serverless_gateway"}
{"timestamp":"2026-09-18T04:07:49.621732Z","level":"INFO","message":"asynchronous dispatcher started","workers":2,"owner":"dsp_01m2sb5z3a4ac6wbqc1at05cnn","target":"tachyon_serverless_gateway"}
{"timestamp":"2026-09-18T04:07:53.591933Z","level":"INFO","message":"revision ready","revision_id":"rev_01m2sb61s9a8ftrz4h627ef3wr","function_id":"fn_01m2sb5zbyh484gkyp6hhkcx82","target":"tachyon_serverless_application::services::revision"}
{"timestamp":"2026-09-18T04:07:57.193362Z","level":"INFO","message":"revision ready","revision_id":"rev_01m2sb65be0j082qew3h68j946","function_id":"fn_01m2sb6304kttpwjryj1b1tnsz","target":"tachyon_serverless_application::services::revision"}
{"timestamp":"2026-09-18T04:08:00.890337Z","level":"INFO","message":"revision ready","revision_id":"rev_01m2sb68ykevcwkqn8963x1vm7","function_id":"fn_01m2sb66jj53eymqjtysswhzmb","target":"tachyon_serverless_application::services::revision"}
{"timestamp":"2026-09-18T04:08:00.946921Z","level":"INFO","message":"trigger created","trigger_id":"trg_01m2sb6a5jhjc16dn8yrwzcevy","function_id":"fn_01m2sb6304kttpwjryj1b1tnsz","kind":"cron","enabled":true,"next_fire_at":"Some(2026-09-18T04:08:02Z)","target":"tachyon_serverless_application::services::triggers"}
{"timestamp":"2026-09-18T04:08:00.951983Z","level":"INFO","message":"trigger created","trigger_id":"trg_01m2sb6a5qn5h171emy9apawxb","function_id":"fn_01m2sb6304kttpwjryj1b1tnsz","kind":"webhook","enabled":true,"next_fire_at":"None","target":"tachyon_serverless_application::services::triggers"}
{"timestamp":"2026-09-18T04:08:02.003541Z","level":"INFO","message":"asynchronous invocation accepted","invocation_id":"inv_01m2sb6b6jfpwvsqbe8za11f2b","tenant_id":"tn_01hzzzzzzzzzzzzzzzzzzzzzza","revision_id":"rev_01m2sb65be0j082qew3h68j946","input_bytes":180,"input_storage":"inline","target":"tachyon_serverless_application::services::invoke_async"}
{"timestamp":"2026-09-18T04:08:02.003580Z","level":"INFO","message":"cron trigger fired","trigger_id":"trg_01m2sb6a5jhjc16dn8yrwzcevy","scheduled_at":"2026-09-18T04:08:02Z","invocation_id":"inv_01m2sb6b6jfpwvsqbe8za11f2b","revision_id":"rev_01m2sb65be0j082qew3h68j946","replayed":false,"target":"tachyon_serverless_application::services::triggers"}
{"timestamp":"2026-09-18T04:08:02.006781Z","level":"INFO","message":"asynchronous run claimed","invocation_id":"inv_01m2sb6b6jfpwvsqbe8za11f2b","attempt":1,"generation":0,"delivery_count":1,"target":"tachyon_serverless_application::services::invoke_async::dispatch"}
{"timestamp":"2026-09-18T04:08:02.136695Z","level":"INFO","message":"bridge spawned","environment_id":"env_01m2sb6a63jhja57c5b3behbme","pid":798906,"target":"tachyon_serverless_provider_process"}
{"timestamp":"2026-09-18T04:08:02.155294Z","level":"INFO","message":"invocation finished","invocation_id":"inv_01m2sb6a625vhf0refng21yeds","status":"succeeded","handler_ms":7,"environment_boot_ms":1,"runtime_init_ms":4,"target":"tachyon_serverless_application::services::invoke"}
{"timestamp":"2026-09-18T04:08:02.160491Z","level":"INFO","message":"terminating bridge","environment_id":"env_01m2sb6a63jhja57c5b3behbme","pid":798906,"reason":"Completed","graceful":true,"target":"tachyon_serverless_provider_process"}
{"timestamp":"2026-09-18T04:08:02.185536Z","level":"INFO","message":"asynchronous invocation accepted","invocation_id":"inv_01m2sb6bc8194xxsx8d4d38aks","tenant_id":"tn_01hzzzzzzzzzzzzzzzzzzzzzza","revision_id":"rev_01m2sb61s9a8ftrz4h627ef3wr","input_bytes":47,"input_storage":"inline","target":"tachyon_serverless_application::services::invoke_async"}
{"timestamp":"2026-09-18T04:08:02.189158Z","level":"INFO","message":"asynchronous run claimed","invocation_id":"inv_01m2sb6bc8194xxsx8d4d38aks","attempt":1,"generation":0,"delivery_count":1,"target":"tachyon_serverless_application::services::invoke_async::dispatch"}
{"timestamp":"2026-09-18T04:08:02.216092Z","level":"INFO","message":"asynchronous invocation accepted","invocation_id":"inv_01m2sb6bd4db28hgp8j4s3v6mk","tenant_id":"tn_01hzzzzzzzzzzzzzzzzzzzzzza","revision_id":"rev_01m2sb61s9a8ftrz4h627ef3wr","input_bytes":4127,"input_storage":"object","target":"tachyon_serverless_application::services::invoke_async"}
{"timestamp":"2026-09-18T04:08:02.234541Z","level":"INFO","message":"asynchronous invocation accepted","invocation_id":"inv_01m2sb6bdsgeqz8v0heb5rxxnq","tenant_id":"tn_01hzzzzzzzzzzzzzzzzzzzzzza","revision_id":"rev_01m2sb65be0j082qew3h68j946","input_bytes":189,"input_storage":"inline","target":"tachyon_serverless_application::services::invoke_async"}
{"timestamp":"2026-09-18T04:08:02.234580Z","level":"INFO","message":"webhook trigger fired","trigger_id":"trg_01m2sb6a5qn5h171emy9apawxb","event_id":"evt-pre-w1","invocation_id":"inv_01m2sb6bdsgeqz8v0heb5rxxnq","revision_id":"rev_01m2sb65be0j082qew3h68j946","replayed":false,"target":"tachyon_serverless_application::services::triggers"}
{"timestamp":"2026-09-18T04:08:03.208200Z","level":"INFO","message":"bridge spawned","environment_id":"env_01m2sb6b6psc2kdn74qanq6bzw","pid":798984,"target":"tachyon_serverless_provider_process"}
{"timestamp":"2026-09-18T04:08:03.226420Z","level":"INFO","message":"invocation finished","invocation_id":"inv_01m2sb6b6jfpwvsqbe8za11f2b","status":"succeeded (async run)","handler_ms":2,"environment_boot_ms":1,"runtime_init_ms":6,"target":"tachyon_serverless_application::services::invoke"}
{"timestamp":"2026-09-18T04:08:03.228639Z","level":"INFO","message":"terminating bridge","environment_id":"env_01m2sb6b6psc2kdn74qanq6bzw","pid":798984,"reason":"Completed","graceful":true,"target":"tachyon_serverless_provider_process"}
{"timestamp":"2026-09-18T04:08:03.232210Z","level":"INFO","message":"asynchronous invocation settled","invocation_id":"inv_01m2sb6b6jfpwvsqbe8za11f2b","status":"succeeded","target":"tachyon_serverless_application::services::invoke_async::dispatch"}
{"timestamp":"2026-09-18T04:08:03.233243Z","level":"INFO","message":"async dispatch: delivery handled","message_id":"inv_01m2sb6b6jfpwvsqbe8za11f2b","sequence":1,"delivery_count":1,"outcome":"Completed { status: \"succeeded\" }","target":"tachyon_serverless_application::services::invoke_async::dispatch"}
{"timestamp":"2026-09-18T04:08:03.234045Z","level":"INFO","message":"asynchronous run claimed","invocation_id":"inv_01m2sb6bd4db28hgp8j4s3v6mk","attempt":1,"generation":0,"delivery_count":1,"target":"tachyon_serverless_application::services::invoke_async::dispatch"}
{"timestamp":"2026-09-18T04:08:03.429285Z","level":"INFO","message":"bridge spawned","environment_id":"env_01m2sb6bcdzcasma9hhghbt3ba","pid":798994,"target":"tachyon_serverless_provider_process"}
{"timestamp":"2026-09-18T04:08:03.457108Z","level":"INFO","message":"invocation finished","invocation_id":"inv_01m2sb6bc8194xxsx8d4d38aks","status":"succeeded (async run)","handler_ms":3,"environment_boot_ms":1,"runtime_init_ms":5,"target":"tachyon_serverless_application::services::invoke"}
{"timestamp":"2026-09-18T04:08:03.458987Z","level":"INFO","message":"terminating bridge","environment_id":"env_01m2sb6bcdzcasma9hhghbt3ba","pid":798994,"reason":"Completed","graceful":true,"target":"tachyon_serverless_provider_process"}
{"timestamp":"2026-09-18T04:08:03.463550Z","level":"INFO","message":"asynchronous invocation settled","invocation_id":"inv_01m2sb6bc8194xxsx8d4d38aks","status":"succeeded","target":"tachyon_serverless_application::services::invoke_async::dispatch"}
{"timestamp":"2026-09-18T04:08:03.464456Z","level":"INFO","message":"async dispatch: delivery handled","message_id":"inv_01m2sb6bc8194xxsx8d4d38aks","sequence":2,"delivery_count":1,"outcome":"Completed { status: \"succeeded\" }","target":"tachyon_serverless_application::services::invoke_async::dispatch"}
{"timestamp":"2026-09-18T04:08:03.465223Z","level":"INFO","message":"asynchronous run claimed","invocation_id":"inv_01m2sb6bdsgeqz8v0heb5rxxnq","attempt":1,"generation":0,"delivery_count":1,"target":"tachyon_serverless_application::services::invoke_async::dispatch"}
{"timestamp":"2026-09-18T04:08:03.477636Z","level":"INFO","message":"bridge spawned","environment_id":"env_01m2sb6be3yanpjqx8tbcmakve","pid":799004,"target":"tachyon_serverless_provider_process"}
{"timestamp":"2026-09-18T04:08:03.520802Z","level":"INFO","message":"invocation finished","invocation_id":"inv_01m2sb6be2y4vgz5f7x4v6sbk6","status":"succeeded","handler_ms":2,"environment_boot_ms":1,"runtime_init_ms":23,"target":"tachyon_serverless_application::services::invoke"}
{"timestamp":"2026-09-18T04:08:03.522618Z","level":"INFO","message":"terminating bridge","environment_id":"env_01m2sb6be3yanpjqx8tbcmakve","pid":799004,"reason":"Completed","graceful":true,"target":"tachyon_serverless_provider_process"}
{"timestamp":"2026-09-18T04:08:03.547843Z","level":"INFO","message":"asynchronous invocation accepted","invocation_id":"inv_01m2sb6cpt82hj51tbj7swnqn8","tenant_id":"tn_01hzzzzzzzzzzzzzzzzzzzzzza","revision_id":"rev_01m2sb61s9a8ftrz4h627ef3wr","input_bytes":47,"input_storage":"inline","target":"tachyon_serverless_application::services::invoke_async"}
{"timestamp":"2026-09-18T04:08:03.574349Z","level":"INFO","message":"asynchronous invocation accepted","invocation_id":"inv_01m2sb6cqkjmz6vzrf1p8jdrvt","tenant_id":"tn_01hzzzzzzzzzzzzzzzzzzzzzza","revision_id":"rev_01m2sb61s9a8ftrz4h627ef3wr","input_bytes":4127,"input_storage":"object","target":"tachyon_serverless_application::services::invoke_async"}
{"timestamp":"2026-09-18T04:08:03.592262Z","level":"INFO","message":"asynchronous invocation accepted","invocation_id":"inv_01m2sb6cr7nx8b701fxvb55a6p","tenant_id":"tn_01hzzzzzzzzzzzzzzzzzzzzzza","revision_id":"rev_01m2sb65be0j082qew3h68j946","input_bytes":189,"input_storage":"inline","target":"tachyon_serverless_application::services::invoke_async"}
{"timestamp":"2026-09-18T04:08:03.592300Z","level":"INFO","message":"webhook trigger fired","trigger_id":"trg_01m2sb6a5qn5h171emy9apawxb","event_id":"evt-pre-w2","invocation_id":"inv_01m2sb6cr7nx8b701fxvb55a6p","revision_id":"rev_01m2sb65be0j082qew3h68j946","replayed":false,"target":"tachyon_serverless_application::services::triggers"}
{"timestamp":"2026-09-18T04:08:03.603546Z","level":"INFO","message":"trigger updated","trigger_id":"trg_01m2sb6a5jhjc16dn8yrwzcevy","generation":2,"status":"disabled","next_fire_at":"None","rotated_secret":false,"target":"tachyon_serverless_application::services::triggers"}
{"timestamp":"2026-09-18T04:08:03.605473Z","level":"INFO","message":"SIGTERM received","target":"tachyon_serverless_gateway"}
{"timestamp":"2026-09-18T04:08:03.605487Z","level":"INFO","message":"shutdown requested; cancelling in-flight invocations","target":"tachyon_serverless_gateway"}
{"timestamp":"2026-09-18T04:08:03.605500Z","level":"INFO","message":"cancelling in-flight invocations for shutdown","count":2,"target":"tachyon_serverless_application::services::invoke"}
{"timestamp":"2026-09-18T04:08:04.462231Z","level":"INFO","message":"bridge spawned","environment_id":"env_01m2sb6cd3ss2gn2xy3v5rdn86","pid":799100,"target":"tachyon_serverless_provider_process"}
{"timestamp":"2026-09-18T04:08:04.463692Z","level":"INFO","message":"terminating bridge","environment_id":"env_01m2sb6cd3ss2gn2xy3v5rdn86","pid":799100,"reason":"Shutdown","graceful":true,"target":"tachyon_serverless_provider_process"}
{"timestamp":"2026-09-18T04:08:04.659277Z","level":"INFO","message":"asynchronous invocation rescheduled","invocation_id":"inv_01m2sb6bdsgeqz8v0heb5rxxnq","next_attempt_at":"2026-09-18T04:08:04.799625237+00:00","counted":false,"error_type":"Host.GatewayShutdown","target":"tachyon_serverless_application::services::invoke_async::dispatch"}
{"timestamp":"2026-09-18T04:08:04.660045Z","level":"INFO","message":"async dispatch: delivery handled","message_id":"inv_01m2sb6bdsgeqz8v0heb5rxxnq","sequence":4,"delivery_count":1,"outcome":"Rescheduled { next_attempt_at: 2026-09-18T04:08:04.799625237Z, counted: false }","target":"tachyon_serverless_application::services::invoke_async::dispatch"}
{"timestamp":"2026-09-18T04:08:06.973700Z","level":"INFO","message":"asynchronous invocation rescheduled","invocation_id":"inv_01m2sb6bd4db28hgp8j4s3v6mk","next_attempt_at":"2026-09-18T04:08:07.071752342+00:00","counted":false,"error_type":"Host.GatewayShutdown","target":"tachyon_serverless_application::services::invoke_async::dispatch"}
{"timestamp":"2026-09-18T04:08:06.975690Z","level":"INFO","message":"async dispatch: delivery handled","message_id":"inv_01m2sb6bd4db28hgp8j4s3v6mk","sequence":3,"delivery_count":1,"outcome":"Rescheduled { next_attempt_at: 2026-09-18T04:08:07.071752342Z, counted: false }","target":"tachyon_serverless_application::services::invoke_async::dispatch"}
{"timestamp":"2026-09-18T04:08:06.979420Z","level":"INFO","message":"final usage collection","report":"CollectReport { batches: 1, read: 1, inserted: 1, duplicates: 0, cursor_seq: 22 }","target":"tachyon_serverless_gateway"}
{"timestamp":"2026-09-18T04:08:06.985333Z","level":"INFO","message":"gateway stopped","target":"tachyon_serverless_gateway"}
{"timestamp":"2026-09-18T04:08:06.985941Z","level":"INFO","message":"event: closed","target":"async_nats"}

===== a start (failpoints: accept.after_object_put=kill) 04:08:07 =====
{"timestamp":"2026-09-18T04:08:07.090493Z","level":"INFO","message":"configuration loaded","config":"/home/takanorifukuyama.guest/w/tsls-chaos.34hX8U/gw-a.toml","target":"tachyon_serverless_gateway"}
{"timestamp":"2026-09-18T04:08:07.093093Z","level":"INFO","message":"connected successfully","server":"36769","max_payload":"1048576","target":"async_nats::connector"}
{"timestamp":"2026-09-18T04:08:07.093247Z","level":"INFO","message":"event: connected","target":"async_nats"}
{"timestamp":"2026-09-18T04:08:07.098613Z","level":"INFO","message":"JetStream queue connected and stream bootstrapped","url":"nats://127.0.0.1:36769","stream":"TACHYON_EVENTS","target":"tachyon_serverless_gateway::durable"}
{"timestamp":"2026-09-18T04:08:07.100589Z","level":"INFO","message":"state store opened","path":"/home/takanorifukuyama.guest/w/tsls-chaos.34hX8U/data/state.db","schema_version":8,"migrations_applied":"[]","imported_state_json":"None","settled_invocations":0,"settled_attempts":0,"settled_environments":0,"released_leases":0,"dropped_idempotency_keys":0,"purged_idempotency_keys":0,"outputs_purged":0,"target":"tachyon_serverless_application::app"}
{"timestamp":"2026-09-18T04:08:07.102655Z","level":"INFO","message":"log store opened","path":"/home/takanorifukuyama.guest/w/tsls-chaos.34hX8U/data/logs/logs.db","healthy":true,"retention_seconds":604800,"max_total_bytes":1073741824,"target":"tachyon_serverless_application::app"}
{"timestamp":"2026-09-18T04:08:07.103793Z","level":"INFO","message":"dispatcher registered","dispatcher_id":"dsp_01m2sb6g5y41fzkz0v03ynwwm4","instance":"chaos-a","pid":799136,"lease_ttl_seconds":6,"target":"tachyon_serverless_application::services::dispatcher"}
{"timestamp":"2026-09-18T04:08:07.104749Z","level":"WARN","message":"reclaimed the work of dispatchers that lost their lease","dispatcher_id":"dsp_01m2sb6g5y41fzkz0v03ynwwm4","reclaimed_dispatchers":"[DispatcherId(dsp_01m2sb5z3a4ac6wbqc1at05cnn)]","leases":0,"invocations":0,"attempts":0,"fenced":0,"target":"tachyon_serverless_application::services::dispatcher"}
{"timestamp":"2026-09-18T04:08:07.105890Z","level":"WARN","message":"failpoint armed from TSLS_FAILPOINTS","name":"accept.after_object_put","action":"Kill","count":"None","target":"tachyon_serverless_application::failpoints"}
{"timestamp":"2026-09-18T04:08:07.105953Z","level":"INFO","message":"application bootstrapped","profile":"dev","provider":"process","dev_only":true,"environment_reuse":false,"reuse_verified":false,"reuse_reason":"[pool] enabled is false","reuse_disabled":"Some(Configuration)","idle_quiesce":"unsupported","idle_resume":"unsupported","data_dir":"/home/takanorifukuyama.guest/w/tsls-chaos.34hX8U/data","store":"sqlite","dispatcher_id":"dsp_01m2sb6g5y41fzkz0v03ynwwm4","node":"local","node_region":"none","node_memory_mib":"None","max_concurrency":8,"queue":"nats","objects":"filesystem","invoke_async":true,"triggers":true,"target":"tachyon_serverless_application::app"}
{"timestamp":"2026-09-18T04:08:07.106305Z","level":"INFO","message":"startup reconcile finished","provider":"process","found":0,"adopted":0,"terminated":0,"disowned":0,"failed":0,"lost":0,"foreign":0,"reclaimed_dispatchers":0,"fenced_terminated":0,"fenced_pending":0,"target":"tachyon_serverless_application::services::reconcile"}
{"timestamp":"2026-09-18T04:08:07.106422Z","level":"INFO","message":"gateway listening","addr":"127.0.0.1:40491","profile":"dev","provider":"process","target":"tachyon_serverless_gateway"}
{"timestamp":"2026-09-18T04:08:07.107962Z","level":"INFO","message":"asynchronous dispatcher started","workers":2,"owner":"dsp_01m2sb6g5y41fzkz0v03ynwwm4","target":"tachyon_serverless_gateway"}
{"timestamp":"2026-09-18T04:08:07.113788Z","level":"INFO","message":"asynchronous run claimed","invocation_id":"inv_01m2sb6cpt82hj51tbj7swnqn8","attempt":1,"generation":0,"delivery_count":1,"target":"tachyon_serverless_application::services::invoke_async::dispatch"}
{"timestamp":"2026-09-18T04:08:07.115284Z","level":"INFO","message":"asynchronous run claimed","invocation_id":"inv_01m2sb6cqkjmz6vzrf1p8jdrvt","attempt":1,"generation":0,"delivery_count":1,"target":"tachyon_serverless_application::services::invoke_async::dispatch"}
{"timestamp":"2026-09-18T04:08:07.367007Z","level":"ERROR","message":"failpoint fired: SIGKILL","name":"accept.after_object_put","target":"tachyon_serverless_application::failpoints"}

===== a start (failpoints: none) 04:08:07 =====
{"timestamp":"2026-09-18T04:08:07.377955Z","level":"INFO","message":"configuration loaded","config":"/home/takanorifukuyama.guest/w/tsls-chaos.34hX8U/gw-a.toml","target":"tachyon_serverless_gateway"}
{"timestamp":"2026-09-18T04:08:07.378625Z","level":"INFO","message":"connected successfully","server":"36769","max_payload":"1048576","target":"async_nats::connector"}
{"timestamp":"2026-09-18T04:08:07.378706Z","level":"INFO","message":"event: connected","target":"async_nats"}
{"timestamp":"2026-09-18T04:08:07.381394Z","level":"INFO","message":"JetStream queue connected and stream bootstrapped","url":"nats://127.0.0.1:36769","stream":"TACHYON_EVENTS","target":"tachyon_serverless_gateway::durable"}
{"timestamp":"2026-09-18T04:08:07.382611Z","level":"INFO","message":"state store opened","path":"/home/takanorifukuyama.guest/w/tsls-chaos.34hX8U/data/state.db","schema_version":8,"migrations_applied":"[]","imported_state_json":"None","settled_invocations":0,"settled_attempts":0,"settled_environments":0,"released_leases":0,"dropped_idempotency_keys":0,"purged_idempotency_keys":0,"outputs_purged":0,"target":"tachyon_serverless_application::app"}
{"timestamp":"2026-09-18T04:08:07.383436Z","level":"INFO","message":"log store opened","path":"/home/takanorifukuyama.guest/w/tsls-chaos.34hX8U/data/logs/logs.db","healthy":true,"retention_seconds":604800,"max_total_bytes":1073741824,"target":"tachyon_serverless_application::app"}
{"timestamp":"2026-09-18T04:08:07.383918Z","level":"INFO","message":"dispatcher registered","dispatcher_id":"dsp_01m2sb6geqnjwg4db9xbjwbsyx","instance":"chaos-a","pid":799169,"lease_ttl_seconds":6,"target":"tachyon_serverless_application::services::dispatcher"}
{"timestamp":"2026-09-18T04:08:07.384791Z","level":"WARN","message":"reclaimed the work of dispatchers that lost their lease","dispatcher_id":"dsp_01m2sb6geqnjwg4db9xbjwbsyx","reclaimed_dispatchers":"[DispatcherId(dsp_01m2sb6g5y41fzkz0v03ynwwm4)]","leases":0,"invocations":0,"attempts":0,"fenced":2,"target":"tachyon_serverless_application::services::dispatcher"}
{"timestamp":"2026-09-18T04:08:07.385573Z","level":"INFO","message":"application bootstrapped","profile":"dev","provider":"process","dev_only":true,"environment_reuse":false,"reuse_verified":false,"reuse_reason":"[pool] enabled is false","reuse_disabled":"Some(Configuration)","idle_quiesce":"unsupported","idle_resume":"unsupported","data_dir":"/home/takanorifukuyama.guest/w/tsls-chaos.34hX8U/data","store":"sqlite","dispatcher_id":"dsp_01m2sb6geqnjwg4db9xbjwbsyx","node":"local","node_region":"none","node_memory_mib":"None","max_concurrency":8,"queue":"nats","objects":"filesystem","invoke_async":true,"triggers":true,"target":"tachyon_serverless_application::app"}
{"timestamp":"2026-09-18T04:08:07.385885Z","level":"INFO","message":"environment stop metered by a path that did not drive it","environment_id":"env_01m2sb6g6bwv45bvns8b66rpsv","stopped_by":"reclaim","cgroup_cpu_usec":"unknown","lifetime_ms":"Some(270)","target":"tachyon_serverless_application::services::stopped"}
{"timestamp":"2026-09-18T04:08:07.387347Z","level":"INFO","message":"fenced environment terminated and settled","environment_id":"env_01m2sb6g6bwv45bvns8b66rpsv","owner":"Some(DispatcherId(dsp_01m2sb6g5y41fzkz0v03ynwwm4))","was_running":false,"target":"tachyon_serverless_application::services::reconcile"}
{"timestamp":"2026-09-18T04:08:07.387427Z","level":"INFO","message":"environment stop metered by a path that did not drive it","environment_id":"env_01m2sb6g6drzcjqwnvp9xkpjw2","stopped_by":"reclaim","cgroup_cpu_usec":"unknown","lifetime_ms":"Some(270)","target":"tachyon_serverless_application::services::stopped"}
{"timestamp":"2026-09-18T04:08:07.388463Z","level":"INFO","message":"fenced environment terminated and settled","environment_id":"env_01m2sb6g6drzcjqwnvp9xkpjw2","owner":"Some(DispatcherId(dsp_01m2sb6g5y41fzkz0v03ynwwm4))","was_running":false,"target":"tachyon_serverless_application::services::reconcile"}
{"timestamp":"2026-09-18T04:08:07.388578Z","level":"INFO","message":"startup reconcile finished","provider":"process","found":0,"adopted":0,"terminated":0,"disowned":0,"failed":0,"lost":0,"foreign":0,"reclaimed_dispatchers":0,"fenced_terminated":2,"fenced_pending":0,"target":"tachyon_serverless_application::services::reconcile"}
{"timestamp":"2026-09-18T04:08:07.388632Z","level":"INFO","message":"gateway listening","addr":"127.0.0.1:40491","profile":"dev","provider":"process","target":"tachyon_serverless_gateway"}
{"timestamp":"2026-09-18T04:08:07.389693Z","level":"INFO","message":"asynchronous dispatcher started","workers":2,"owner":"dsp_01m2sb6geqnjwg4db9xbjwbsyx","target":"tachyon_serverless_gateway"}
{"timestamp":"2026-09-18T04:08:07.393812Z","level":"INFO","message":"asynchronous run claimed","invocation_id":"inv_01m2sb6cr7nx8b701fxvb55a6p","attempt":1,"generation":0,"delivery_count":1,"target":"tachyon_serverless_application::services::invoke_async::dispatch"}
{"timestamp":"2026-09-18T04:08:07.394359Z","level":"INFO","message":"asynchronous run claimed","invocation_id":"inv_01m2sb6bdsgeqz8v0heb5rxxnq","attempt":1,"generation":1,"delivery_count":1,"target":"tachyon_serverless_application::services::invoke_async::dispatch"}
{"timestamp":"2026-09-18T04:08:07.679980Z","level":"INFO","message":"asynchronous invocation accepted","invocation_id":"inv_01m2sb6gqwj65z0qsamd0vfcjc","tenant_id":"tn_01hzzzzzzzzzzzzzzzzzzzzzza","revision_id":"rev_01m2sb61s9a8ftrz4h627ef3wr","input_bytes":4127,"input_storage":"object","target":"tachyon_serverless_application::services::invoke_async"}
{"timestamp":"2026-09-18T04:08:07.711960Z","level":"INFO","message":"asynchronous invocation accepted","invocation_id":"inv_01m2sb6grwkmc7z4y42b77a601","tenant_id":"tn_01hzzzzzzzzzzzzzzzzzzzzzza","revision_id":"rev_01m2sb61s9a8ftrz4h627ef3wr","input_bytes":4131,"input_storage":"object","target":"tachyon_serverless_application::services::invoke_async"}
{"timestamp":"2026-09-18T04:08:07.735407Z","level":"INFO","message":"asynchronous invocation accepted","invocation_id":"inv_01m2sb6gspxd6qqf4zfvm7mre7","tenant_id":"tn_01hzzzzzzzzzzzzzzzzzzzzzza","revision_id":"rev_01m2sb61s9a8ftrz4h627ef3wr","input_bytes":53,"input_storage":"inline","target":"tachyon_serverless_application::services::invoke_async"}
{"timestamp":"2026-09-18T04:08:08.584385Z","level":"INFO","message":"bridge spawned","environment_id":"env_01m2sb6gf2ysevq8ngmheebjad","pid":799290,"target":"tachyon_serverless_provider_process"}
{"timestamp":"2026-09-18T04:08:08.584825Z","level":"INFO","message":"bridge spawned","environment_id":"env_01m2sb6gf259qzm74x8n7s732e","pid":799291,"target":"tachyon_serverless_provider_process"}
{"timestamp":"2026-09-18T04:08:08.623518Z","level":"INFO","message":"invocation finished","invocation_id":"inv_01m2sb6cr7nx8b701fxvb55a6p","status":"succeeded (async run)","handler_ms":0,"environment_boot_ms":2,"runtime_init_ms":4,"target":"tachyon_serverless_application::services::invoke"}
{"timestamp":"2026-09-18T04:08:08.624133Z","level":"INFO","message":"invocation finished","invocation_id":"inv_01m2sb6bdsgeqz8v0heb5rxxnq","status":"succeeded (async run)","handler_ms":0,"environment_boot_ms":3,"runtime_init_ms":4,"target":"tachyon_serverless_application::services::invoke"}
{"timestamp":"2026-09-18T04:08:08.625591Z","level":"INFO","message":"terminating bridge","environment_id":"env_01m2sb6gf2ysevq8ngmheebjad","pid":799290,"reason":"Completed","graceful":true,"target":"tachyon_serverless_provider_process"}
{"timestamp":"2026-09-18T04:08:08.625591Z","level":"INFO","message":"terminating bridge","environment_id":"env_01m2sb6gf259qzm74x8n7s732e","pid":799291,"reason":"Completed","graceful":true,"target":"tachyon_serverless_provider_process"}
{"timestamp":"2026-09-18T04:08:08.629406Z","level":"INFO","message":"asynchronous invocation settled","invocation_id":"inv_01m2sb6bdsgeqz8v0heb5rxxnq","status":"succeeded","target":"tachyon_serverless_application::services::invoke_async::dispatch"}
{"timestamp":"2026-09-18T04:08:08.630026Z","level":"INFO","message":"async dispatch: delivery handled","message_id":"inv_01m2sb6bdsgeqz8v0heb5rxxnq.g1","sequence":8,"delivery_count":1,"outcome":"Completed { status: \"succeeded\" }","target":"tachyon_serverless_application::services::invoke_async::dispatch"}
{"timestamp":"2026-09-18T04:08:08.630172Z","level":"INFO","message":"asynchronous invocation settled","invocation_id":"inv_01m2sb6cr7nx8b701fxvb55a6p","status":"succeeded","target":"tachyon_serverless_application::services::invoke_async::dispatch"}
{"timestamp":"2026-09-18T04:08:08.630822Z","level":"INFO","message":"async dispatch: delivery handled","message_id":"inv_01m2sb6cr7nx8b701fxvb55a6p","sequence":7,"delivery_count":1,"outcome":"Completed { status: \"succeeded\" }","target":"tachyon_serverless_application::services::invoke_async::dispatch"}
{"timestamp":"2026-09-18T04:08:08.630941Z","level":"INFO","message":"asynchronous run claimed","invocation_id":"inv_01m2sb6bd4db28hgp8j4s3v6mk","attempt":1,"generation":1,"delivery_count":1,"target":"tachyon_serverless_application::services::invoke_async::dispatch"}
{"timestamp":"2026-09-18T04:08:08.631541Z","level":"INFO","message":"asynchronous run claimed","invocation_id":"inv_01m2sb6gqwj65z0qsamd0vfcjc","attempt":1,"generation":0,"delivery_count":1,"target":"tachyon_serverless_application::services::invoke_async::dispatch"}
{"timestamp":"2026-09-18T04:08:09.392381Z","level":"INFO","message":"object retention pass","report":"GcReport { examined: 1, collected_expired: 0, collected_orphans: 0, kept_in_use: 1, kept_referenced: 0, incomplete_removed: 0, tombstones_purged: 0, failed: 0 }","target":"tachyon_serverless_gateway"}
{"timestamp":"2026-09-18T04:08:09.848178Z","level":"INFO","message":"bridge spawned","environment_id":"env_01m2sb6hns5y1njeqztfnv4tsx","pid":799313,"target":"tachyon_serverless_provider_process"}
{"timestamp":"2026-09-18T04:08:09.848442Z","level":"INFO","message":"bridge spawned","environment_id":"env_01m2sb6hnrf69dhnwj30cfdd6r","pid":799314,"target":"tachyon_serverless_provider_process"}
{"timestamp":"2026-09-18T04:08:09.882009Z","level":"INFO","message":"invocation finished","invocation_id":"inv_01m2sb6gqwj65z0qsamd0vfcjc","status":"succeeded (async run)","handler_ms":10,"environment_boot_ms":1,"runtime_init_ms":3,"target":"tachyon_serverless_application::services::invoke"}
{"timestamp":"2026-09-18T04:08:09.888468Z","level":"INFO","message":"invocation finished","invocation_id":"inv_01m2sb6bd4db28hgp8j4s3v6mk","status":"succeeded (async run)","handler_ms":11,"environment_boot_ms":1,"runtime_init_ms":5,"target":"tachyon_serverless_application::services::invoke"}
{"timestamp":"2026-09-18T04:08:09.889531Z","level":"INFO","message":"terminating bridge","environment_id":"env_01m2sb6hns5y1njeqztfnv4tsx","pid":799313,"reason":"Completed","graceful":true,"target":"tachyon_serverless_provider_process"}
{"timestamp":"2026-09-18T04:08:09.889531Z","level":"INFO","message":"terminating bridge","environment_id":"env_01m2sb6hnrf69dhnwj30cfdd6r","pid":799314,"reason":"Completed","graceful":true,"target":"tachyon_serverless_provider_process"}
{"timestamp":"2026-09-18T04:08:09.893064Z","level":"INFO","message":"asynchronous invocation settled","invocation_id":"inv_01m2sb6gqwj65z0qsamd0vfcjc","status":"succeeded","target":"tachyon_serverless_application::services::invoke_async::dispatch"}
{"timestamp":"2026-09-18T04:08:09.893792Z","level":"INFO","message":"async dispatch: delivery handled","message_id":"inv_01m2sb6gqwj65z0qsamd0vfcjc","sequence":10,"delivery_count":1,"outcome":"Completed { status: \"succeeded\" }","target":"tachyon_serverless_application::services::invoke_async::dispatch"}
{"timestamp":"2026-09-18T04:08:09.895153Z","level":"INFO","message":"asynchronous run claimed","invocation_id":"inv_01m2sb6grwkmc7z4y42b77a601","attempt":1,"generation":0,"delivery_count":1,"target":"tachyon_serverless_application::services::invoke_async::dispatch"}
{"timestamp":"2026-09-18T04:08:09.895961Z","level":"INFO","message":"asynchronous invocation settled","invocation_id":"inv_01m2sb6bd4db28hgp8j4s3v6mk","status":"succeeded","target":"tachyon_serverless_application::services::invoke_async::dispatch"}
{"timestamp":"2026-09-18T04:08:09.897093Z","level":"INFO","message":"async dispatch: delivery handled","message_id":"inv_01m2sb6bd4db28hgp8j4s3v6mk.g1","sequence":9,"delivery_count":1,"outcome":"Completed { status: \"succeeded\" }","target":"tachyon_serverless_application::services::invoke_async::dispatch"}
{"timestamp":"2026-09-18T04:08:09.898197Z","level":"INFO","message":"asynchronous run claimed","invocation_id":"inv_01m2sb6gspxd6qqf4zfvm7mre7","attempt":1,"generation":0,"delivery_count":1,"target":"tachyon_serverless_application::services::invoke_async::dispatch"}
{"timestamp":"2026-09-18T04:08:11.110528Z","level":"INFO","message":"bridge spawned","environment_id":"env_01m2sb6jx8ytrs6whf1y8e6bd9","pid":799333,"target":"tachyon_serverless_provider_process"}
{"timestamp":"2026-09-18T04:08:11.115566Z","level":"INFO","message":"bridge spawned","environment_id":"env_01m2sb6jxaqxkrff2y8243ndm6","pid":799338,"target":"tachyon_serverless_provider_process"}
{"timestamp":"2026-09-18T04:08:11.173753Z","level":"INFO","message":"invocation finished","invocation_id":"inv_01m2sb6grwkmc7z4y42b77a601","status":"succeeded (async run)","handler_ms":8,"environment_boot_ms":1,"runtime_init_ms":22,"target":"tachyon_serverless_application::services::invoke"}
{"timestamp":"2026-09-18T04:08:11.180257Z","level":"INFO","message":"invocation finished","invocation_id":"inv_01m2sb6gspxd6qqf4zfvm7mre7","status":"succeeded (async run)","handler_ms":9,"environment_boot_ms":1,"runtime_init_ms":23,"target":"tachyon_serverless_application::services::invoke"}
{"timestamp":"2026-09-18T04:08:11.181588Z","level":"INFO","message":"terminating bridge","environment_id":"env_01m2sb6jx8ytrs6whf1y8e6bd9","pid":799333,"reason":"Completed","graceful":true,"target":"tachyon_serverless_provider_process"}
{"timestamp":"2026-09-18T04:08:11.185551Z","level":"INFO","message":"terminating bridge","environment_id":"env_01m2sb6jxaqxkrff2y8243ndm6","pid":799338,"reason":"Completed","graceful":true,"target":"tachyon_serverless_provider_process"}
{"timestamp":"2026-09-18T04:08:11.190367Z","level":"INFO","message":"asynchronous invocation settled","invocation_id":"inv_01m2sb6grwkmc7z4y42b77a601","status":"succeeded","target":"tachyon_serverless_application::services::invoke_async::dispatch"}
{"timestamp":"2026-09-18T04:08:11.191259Z","level":"INFO","message":"async dispatch: delivery handled","message_id":"inv_01m2sb6grwkmc7z4y42b77a601","sequence":11,"delivery_count":1,"outcome":"Completed { status: \"succeeded\" }","target":"tachyon_serverless_application::services::invoke_async::dispatch"}
{"timestamp":"2026-09-18T04:08:11.191375Z","level":"INFO","message":"asynchronous invocation settled","invocation_id":"inv_01m2sb6gspxd6qqf4zfvm7mre7","status":"succeeded","target":"tachyon_serverless_application::services::invoke_async::dispatch"}
{"timestamp":"2026-09-18T04:08:11.192062Z","level":"INFO","message":"async dispatch: delivery handled","message_id":"inv_01m2sb6gspxd6qqf4zfvm7mre7","sequence":12,"delivery_count":1,"outcome":"Completed { status: \"succeeded\" }","target":"tachyon_serverless_application::services::invoke_async::dispatch"}
{"timestamp":"2026-09-18T04:08:11.192232Z","level":"INFO","message":"asynchronous run claimed","invocation_id":"inv_01m2sb6cpt82hj51tbj7swnqn8","attempt":2,"generation":0,"delivery_count":2,"target":"tachyon_serverless_application::services::invoke_async::dispatch"}
{"timestamp":"2026-09-18T04:08:11.192825Z","level":"INFO","message":"asynchronous run claimed","invocation_id":"inv_01m2sb6cqkjmz6vzrf1p8jdrvt","attempt":2,"generation":0,"delivery_count":2,"target":"tachyon_serverless_application::services::invoke_async::dispatch"}
{"timestamp":"2026-09-18T04:08:11.392644Z","level":"INFO","message":"object retention pass","report":"GcReport { examined: 2, collected_expired: 0, collected_orphans: 0, kept_in_use: 1, kept_referenced: 1, incomplete_removed: 0, tombstones_purged: 0, failed: 0 }","target":"tachyon_serverless_gateway"}
{"timestamp":"2026-09-18T04:08:12.408411Z","level":"INFO","message":"bridge spawned","environment_id":"env_01m2sb6m5rjwdsb4m9t44a612y","pid":799353,"target":"tachyon_serverless_provider_process"}
{"timestamp":"2026-09-18T04:08:12.408738Z","level":"INFO","message":"bridge spawned","environment_id":"env_01m2sb6m5t4sf60b038qz9zfwt","pid":799354,"target":"tachyon_serverless_provider_process"}
{"timestamp":"2026-09-18T04:08:12.439889Z","level":"INFO","message":"invocation finished","invocation_id":"inv_01m2sb6cqkjmz6vzrf1p8jdrvt","status":"succeeded (async run)","handler_ms":8,"environment_boot_ms":1,"runtime_init_ms":4,"target":"tachyon_serverless_application::services::invoke"}
{"timestamp":"2026-09-18T04:08:12.440596Z","level":"INFO","message":"invocation finished","invocation_id":"inv_01m2sb6cpt82hj51tbj7swnqn8","status":"succeeded (async run)","handler_ms":4,"environment_boot_ms":1,"runtime_init_ms":5,"target":"tachyon_serverless_application::services::invoke"}
{"timestamp":"2026-09-18T04:08:12.441971Z","level":"INFO","message":"terminating bridge","environment_id":"env_01m2sb6m5t4sf60b038qz9zfwt","pid":799354,"reason":"Completed","graceful":true,"target":"tachyon_serverless_provider_process"}
{"timestamp":"2026-09-18T04:08:12.442592Z","level":"INFO","message":"terminating bridge","environment_id":"env_01m2sb6m5rjwdsb4m9t44a612y","pid":799353,"reason":"Completed","graceful":true,"target":"tachyon_serverless_provider_process"}
{"timestamp":"2026-09-18T04:08:12.445473Z","level":"INFO","message":"asynchronous invocation settled","invocation_id":"inv_01m2sb6cqkjmz6vzrf1p8jdrvt","status":"succeeded","target":"tachyon_serverless_application::services::invoke_async::dispatch"}
{"timestamp":"2026-09-18T04:08:12.447269Z","level":"INFO","message":"async dispatch: delivery handled","message_id":"inv_01m2sb6cqkjmz6vzrf1p8jdrvt","sequence":6,"delivery_count":2,"outcome":"Completed { status: \"succeeded\" }","target":"tachyon_serverless_application::services::invoke_async::dispatch"}
{"timestamp":"2026-09-18T04:08:12.448960Z","level":"INFO","message":"asynchronous invocation settled","invocation_id":"inv_01m2sb6cpt82hj51tbj7swnqn8","status":"succeeded","target":"tachyon_serverless_application::services::invoke_async::dispatch"}
{"timestamp":"2026-09-18T04:08:12.449783Z","level":"INFO","message":"async dispatch: delivery handled","message_id":"inv_01m2sb6cpt82hj51tbj7swnqn8","sequence":5,"delivery_count":2,"outcome":"Completed { status: \"succeeded\" }","target":"tachyon_serverless_application::services::invoke_async::dispatch"}
{"timestamp":"2026-09-18T04:08:13.400605Z","level":"INFO","message":"object retention pass","report":"GcReport { examined: 3, collected_expired: 0, collected_orphans: 1, kept_in_use: 0, kept_referenced: 2, incomplete_removed: 0, tombstones_purged: 0, failed: 0 }","target":"tachyon_serverless_gateway"}
{"timestamp":"2026-09-18T04:08:15.083031Z","level":"INFO","message":"bridge spawned","environment_id":"env_01m2sb6pttekrr4cpe7xqg3nc6","pid":799527,"target":"tachyon_serverless_provider_process"}
{"timestamp":"2026-09-18T04:08:15.104202Z","level":"INFO","message":"invocation finished","invocation_id":"inv_01m2sb6ptsez2hrvv7dph3bh0h","status":"succeeded","handler_ms":4,"environment_boot_ms":1,"runtime_init_ms":3,"target":"tachyon_serverless_application::services::invoke"}
{"timestamp":"2026-09-18T04:08:15.106342Z","level":"INFO","message":"terminating bridge","environment_id":"env_01m2sb6pttekrr4cpe7xqg3nc6","pid":799527,"reason":"Completed","graceful":true,"target":"tachyon_serverless_provider_process"}
{"timestamp":"2026-09-18T04:08:15.132217Z","level":"INFO","message":"asynchronous invocation accepted","invocation_id":"inv_01m2sb6r0vyddq5fx8v0ty79sc","tenant_id":"tn_01hzzzzzzzzzzzzzzzzzzzzzza","revision_id":"rev_01m2sb61s9a8ftrz4h627ef3wr","input_bytes":48,"input_storage":"inline","target":"tachyon_serverless_application::services::invoke_async"}
{"timestamp":"2026-09-18T04:08:15.135808Z","level":"INFO","message":"asynchronous run claimed","invocation_id":"inv_01m2sb6r0vyddq5fx8v0ty79sc","attempt":1,"generation":0,"delivery_count":1,"target":"tachyon_serverless_application::services::invoke_async::dispatch"}
{"timestamp":"2026-09-18T04:08:15.159831Z","level":"INFO","message":"asynchronous invocation accepted","invocation_id":"inv_01m2sb6r1j938bs20cnr13b686","tenant_id":"tn_01hzzzzzzzzzzzzzzzzzzzzzza","revision_id":"rev_01m2sb61s9a8ftrz4h627ef3wr","input_bytes":4128,"input_storage":"object","target":"tachyon_serverless_application::services::invoke_async"}
{"timestamp":"2026-09-18T04:08:15.163333Z","level":"INFO","message":"asynchronous run claimed","invocation_id":"inv_01m2sb6r1j938bs20cnr13b686","attempt":1,"generation":0,"delivery_count":1,"target":"tachyon_serverless_application::services::invoke_async::dispatch"}
{"timestamp":"2026-09-18T04:08:15.180863Z","level":"INFO","message":"asynchronous invocation accepted","invocation_id":"inv_01m2sb6r2bey2mtmc7nsvv1vp7","tenant_id":"tn_01hzzzzzzzzzzzzzzzzzzzzzza","revision_id":"rev_01m2sb65be0j082qew3h68j946","input_bytes":191,"input_storage":"inline","target":"tachyon_serverless_application::services::invoke_async"}
{"timestamp":"2026-09-18T04:08:15.180906Z","level":"INFO","message":"webhook trigger fired","trigger_id":"trg_01m2sb6a5qn5h171emy9apawxb","event_id":"evt-post-w1","invocation_id":"inv_01m2sb6r2bey2mtmc7nsvv1vp7","revision_id":"rev_01m2sb65be0j082qew3h68j946","replayed":false,"target":"tachyon_serverless_application::services::triggers"}
{"timestamp":"2026-09-18T04:08:15.192435Z","level":"INFO","message":"trigger updated","trigger_id":"trg_01m2sb6a5jhjc16dn8yrwzcevy","generation":3,"status":"disabled","next_fire_at":"None","rotated_secret":false,"target":"tachyon_serverless_application::services::triggers"}
{"timestamp":"2026-09-18T04:08:15.392541Z","level":"INFO","message":"object retention pass","report":"GcReport { examined: 4, collected_expired: 0, collected_orphans: 0, kept_in_use: 0, kept_referenced: 4, incomplete_removed: 0, tombstones_purged: 0, failed: 0 }","target":"tachyon_serverless_gateway"}
{"timestamp":"2026-09-18T04:08:16.354645Z","level":"INFO","message":"bridge spawned","environment_id":"env_01m2sb6r10vb1f10mqkdjhsn7x","pid":799688,"target":"tachyon_serverless_provider_process"}
{"timestamp":"2026-09-18T04:08:16.387916Z","level":"INFO","message":"bridge spawned","environment_id":"env_01m2sb6r1w07t6mmemch4tf76a","pid":799698,"target":"tachyon_serverless_provider_process"}
{"timestamp":"2026-09-18T04:08:16.397863Z","level":"INFO","message":"invocation finished","invocation_id":"inv_01m2sb6r0vyddq5fx8v0ty79sc","status":"succeeded (async run)","handler_ms":8,"environment_boot_ms":1,"runtime_init_ms":17,"target":"tachyon_serverless_application::services::invoke"}
{"timestamp":"2026-09-18T04:08:16.399194Z","level":"INFO","message":"terminating bridge","environment_id":"env_01m2sb6r10vb1f10mqkdjhsn7x","pid":799688,"reason":"Completed","graceful":true,"target":"tachyon_serverless_provider_process"}
{"timestamp":"2026-09-18T04:08:16.421238Z","level":"INFO","message":"invocation finished","invocation_id":"inv_01m2sb6r1j938bs20cnr13b686","status":"succeeded (async run)","handler_ms":1,"environment_boot_ms":0,"runtime_init_ms":13,"target":"tachyon_serverless_application::services::invoke"}
{"timestamp":"2026-09-18T04:08:16.421849Z","level":"INFO","message":"asynchronous invocation settled","invocation_id":"inv_01m2sb6r0vyddq5fx8v0ty79sc","status":"succeeded","target":"tachyon_serverless_application::services::invoke_async::dispatch"}
{"timestamp":"2026-09-18T04:08:16.422632Z","level":"INFO","message":"async dispatch: delivery handled","message_id":"inv_01m2sb6r0vyddq5fx8v0ty79sc","sequence":13,"delivery_count":1,"outcome":"Completed { status: \"succeeded\" }","target":"tachyon_serverless_application::services::invoke_async::dispatch"}
{"timestamp":"2026-09-18T04:08:16.422691Z","level":"INFO","message":"terminating bridge","environment_id":"env_01m2sb6r1w07t6mmemch4tf76a","pid":799698,"reason":"Completed","graceful":true,"target":"tachyon_serverless_provider_process"}
{"timestamp":"2026-09-18T04:08:16.423442Z","level":"INFO","message":"asynchronous run claimed","invocation_id":"inv_01m2sb6r2bey2mtmc7nsvv1vp7","attempt":1,"generation":0,"delivery_count":1,"target":"tachyon_serverless_application::services::invoke_async::dispatch"}
{"timestamp":"2026-09-18T04:08:16.428091Z","level":"INFO","message":"asynchronous invocation settled","invocation_id":"inv_01m2sb6r1j938bs20cnr13b686","status":"succeeded","target":"tachyon_serverless_application::services::invoke_async::dispatch"}
{"timestamp":"2026-09-18T04:08:16.428596Z","level":"INFO","message":"async dispatch: delivery handled","message_id":"inv_01m2sb6r1j938bs20cnr13b686","sequence":14,"delivery_count":1,"outcome":"Completed { status: \"succeeded\" }","target":"tachyon_serverless_application::services::invoke_async::dispatch"}
{"timestamp":"2026-09-18T04:08:17.392635Z","level":"INFO","message":"object retention pass","report":"GcReport { examined: 4, collected_expired: 0, collected_orphans: 0, kept_in_use: 0, kept_referenced: 4, incomplete_removed: 0, tombstones_purged: 0, failed: 0 }","target":"tachyon_serverless_gateway"}
{"timestamp":"2026-09-18T04:08:17.597965Z","level":"INFO","message":"bridge spawned","environment_id":"env_01m2sb6s97464rtqtf8brsn72x","pid":799749,"target":"tachyon_serverless_provider_process"}
{"timestamp":"2026-09-18T04:08:17.659252Z","level":"INFO","message":"invocation finished","invocation_id":"inv_01m2sb6r2bey2mtmc7nsvv1vp7","status":"succeeded (async run)","handler_ms":14,"environment_boot_ms":1,"runtime_init_ms":16,"target":"tachyon_serverless_application::services::invoke"}
{"timestamp":"2026-09-18T04:08:17.668582Z","level":"INFO","message":"terminating bridge","environment_id":"env_01m2sb6s97464rtqtf8brsn72x","pid":799749,"reason":"Completed","graceful":true,"target":"tachyon_serverless_provider_process"}
{"timestamp":"2026-09-18T04:08:17.682646Z","level":"INFO","message":"asynchronous invocation settled","invocation_id":"inv_01m2sb6r2bey2mtmc7nsvv1vp7","status":"succeeded","target":"tachyon_serverless_application::services::invoke_async::dispatch"}
{"timestamp":"2026-09-18T04:08:17.683627Z","level":"INFO","message":"async dispatch: delivery handled","message_id":"inv_01m2sb6r2bey2mtmc7nsvv1vp7","sequence":15,"delivery_count":1,"outcome":"Completed { status: \"succeeded\" }","target":"tachyon_serverless_application::services::invoke_async::dispatch"}
{"timestamp":"2026-09-18T04:08:18.229125Z","level":"INFO","message":"SIGTERM received","target":"tachyon_serverless_gateway"}
{"timestamp":"2026-09-18T04:08:18.229152Z","level":"INFO","message":"shutdown requested; cancelling in-flight invocations","target":"tachyon_serverless_gateway"}
{"timestamp":"2026-09-18T04:08:18.229438Z","level":"INFO","message":"final usage collection","report":"CollectReport { batches: 0, read: 0, inserted: 0, duplicates: 0, cursor_seq: 84 }","target":"tachyon_serverless_gateway"}
{"timestamp":"2026-09-18T04:08:18.232241Z","level":"INFO","message":"gateway stopped","target":"tachyon_serverless_gateway"}
{"timestamp":"2026-09-18T04:08:18.232390Z","level":"INFO","message":"event: closed","target":"async_nats"}
