
===== a start (failpoints: none) 04:03:20 =====
{"timestamp":"2026-09-18T04:03:20.087303Z","level":"INFO","message":"configuration loaded","config":"/home/takanorifukuyama.guest/w/tsls-chaos.Iwl9dH/gw-a.toml","target":"tachyon_serverless_gateway"}
{"timestamp":"2026-09-18T04:03:20.091081Z","level":"INFO","message":"connected successfully","server":"47737","max_payload":"1048576","target":"async_nats::connector"}
{"timestamp":"2026-09-18T04:03:20.091308Z","level":"INFO","message":"event: connected","target":"async_nats"}
{"timestamp":"2026-09-18T04:03:20.106416Z","level":"INFO","message":"JetStream queue connected and stream bootstrapped","url":"nats://127.0.0.1:47737","stream":"TACHYON_EVENTS","target":"tachyon_serverless_gateway::durable"}
{"timestamp":"2026-09-18T04:03:20.129869Z","level":"INFO","message":"state store opened","path":"/home/takanorifukuyama.guest/w/tsls-chaos.Iwl9dH/data/state.db","schema_version":8,"migrations_applied":"[1, 2, 3, 4, 5, 6, 7, 8]","imported_state_json":"None","settled_invocations":0,"settled_attempts":0,"settled_environments":0,"released_leases":0,"dropped_idempotency_keys":0,"purged_idempotency_keys":0,"outputs_purged":0,"target":"tachyon_serverless_application::app"}
{"timestamp":"2026-09-18T04:03:20.154769Z","level":"INFO","message":"log store opened","path":"/home/takanorifukuyama.guest/w/tsls-chaos.Iwl9dH/data/logs/logs.db","healthy":true,"retention_seconds":604800,"max_total_bytes":1073741824,"target":"tachyon_serverless_application::app"}
{"timestamp":"2026-09-18T04:03:20.158035Z","level":"INFO","message":"dispatcher registered","dispatcher_id":"dsp_01m2saxqythec3vnmd335pkn8y","instance":"chaos-a","pid":785270,"lease_ttl_seconds":6,"target":"tachyon_serverless_application::services::dispatcher"}
{"timestamp":"2026-09-18T04:03:20.212113Z","level":"INFO","message":"application bootstrapped","profile":"dev","provider":"process","dev_only":true,"environment_reuse":false,"reuse_verified":false,"reuse_reason":"[pool] enabled is false","reuse_disabled":"Some(Configuration)","idle_quiesce":"unsupported","idle_resume":"unsupported","data_dir":"/home/takanorifukuyama.guest/w/tsls-chaos.Iwl9dH/data","store":"sqlite","dispatcher_id":"dsp_01m2saxqythec3vnmd335pkn8y","node":"local","node_region":"none","node_memory_mib":"None","max_concurrency":8,"queue":"nats","objects":"filesystem","invoke_async":true,"triggers":true,"target":"tachyon_serverless_application::app"}
{"timestamp":"2026-09-18T04:03:20.212921Z","level":"INFO","message":"startup reconcile finished","provider":"process","found":0,"adopted":0,"terminated":0,"disowned":0,"failed":0,"lost":0,"foreign":0,"reclaimed_dispatchers":0,"fenced_terminated":0,"fenced_pending":0,"target":"tachyon_serverless_application::services::reconcile"}
{"timestamp":"2026-09-18T04:03:20.213139Z","level":"INFO","message":"gateway listening","addr":"127.0.0.1:33807","profile":"dev","provider":"process","target":"tachyon_serverless_gateway"}
{"timestamp":"2026-09-18T04:03:20.216318Z","level":"INFO","message":"asynchronous dispatcher started","workers":2,"owner":"dsp_01m2saxqythec3vnmd335pkn8y","target":"tachyon_serverless_gateway"}
{"timestamp":"2026-09-18T04:03:27.498103Z","level":"INFO","message":"revision ready","revision_id":"rev_01m2saxx114j26xa3gy44swj4s","function_id":"fn_01m2saxr67w2g7z7ke2zbnte7r","target":"tachyon_serverless_application::services::revision"}
{"timestamp":"2026-09-18T04:03:33.026602Z","level":"INFO","message":"revision ready","revision_id":"rev_01m2say2r7vgaen60hy4xqrehj","function_id":"fn_01m2saxz8959pmb3frys0g6q54","target":"tachyon_serverless_application::services::revision"}
{"timestamp":"2026-09-18T04:03:38.541812Z","level":"INFO","message":"revision ready","revision_id":"rev_01m2say8492aw76v5vsh2p4t36","function_id":"fn_01m2say4n4c4tfph4myg9kds60","target":"tachyon_serverless_application::services::revision"}
{"timestamp":"2026-09-18T04:03:38.662506Z","level":"INFO","message":"trigger created","trigger_id":"trg_01m2saya14t8e0pfg23gmmyyzh","function_id":"fn_01m2saxz8959pmb3frys0g6q54","kind":"cron","enabled":true,"next_fire_at":"Some(2026-09-18T04:03:40Z)","target":"tachyon_serverless_application::services::triggers"}
{"timestamp":"2026-09-18T04:03:38.671616Z","level":"INFO","message":"trigger created","trigger_id":"trg_01m2saya1es522vakcmwhr13n9","function_id":"fn_01m2saxz8959pmb3frys0g6q54","kind":"webhook","enabled":true,"next_fire_at":"None","target":"tachyon_serverless_application::services::triggers"}
{"timestamp":"2026-09-18T04:03:40.005362Z","level":"INFO","message":"asynchronous invocation accepted","invocation_id":"inv_01m2saybb29gwsshze9trsgpn0","tenant_id":"tn_01hzzzzzzzzzzzzzzzzzzzzzza","revision_id":"rev_01m2say2r7vgaen60hy4xqrehj","input_bytes":180,"input_storage":"inline","target":"tachyon_serverless_application::services::invoke_async"}
{"timestamp":"2026-09-18T04:03:40.005416Z","level":"INFO","message":"cron trigger fired","trigger_id":"trg_01m2saya14t8e0pfg23gmmyyzh","scheduled_at":"2026-09-18T04:03:40Z","invocation_id":"inv_01m2saybb29gwsshze9trsgpn0","revision_id":"rev_01m2say2r7vgaen60hy4xqrehj","replayed":false,"target":"tachyon_serverless_application::services::triggers"}
{"timestamp":"2026-09-18T04:03:40.013002Z","level":"INFO","message":"asynchronous run claimed","invocation_id":"inv_01m2saybb29gwsshze9trsgpn0","attempt":1,"generation":0,"delivery_count":1,"target":"tachyon_serverless_application::services::invoke_async::dispatch"}
{"timestamp":"2026-09-18T04:03:40.472815Z","level":"INFO","message":"bridge spawned","environment_id":"env_01m2saya2jq99dmcvaybew5gp6","pid":786187,"target":"tachyon_serverless_provider_process"}
{"timestamp":"2026-09-18T04:03:40.506930Z","level":"INFO","message":"invocation finished","invocation_id":"inv_01m2saya2h8nw9j61csey29qew","status":"succeeded","handler_ms":1,"environment_boot_ms":2,"runtime_init_ms":9,"target":"tachyon_serverless_application::services::invoke"}
{"timestamp":"2026-09-18T04:03:40.509926Z","level":"INFO","message":"terminating bridge","environment_id":"env_01m2saya2jq99dmcvaybew5gp6","pid":786187,"reason":"Completed","graceful":true,"target":"tachyon_serverless_provider_process"}
{"timestamp":"2026-09-18T04:03:40.556651Z","level":"INFO","message":"asynchronous invocation accepted","invocation_id":"inv_01m2saybwaabw45gm170c6ecme","tenant_id":"tn_01hzzzzzzzzzzzzzzzzzzzzzza","revision_id":"rev_01m2saxx114j26xa3gy44swj4s","input_bytes":47,"input_storage":"inline","target":"tachyon_serverless_application::services::invoke_async"}
{"timestamp":"2026-09-18T04:03:40.563351Z","level":"INFO","message":"asynchronous run claimed","invocation_id":"inv_01m2saybwaabw45gm170c6ecme","attempt":1,"generation":0,"delivery_count":1,"target":"tachyon_serverless_application::services::invoke_async::dispatch"}
{"timestamp":"2026-09-18T04:03:40.606489Z","level":"INFO","message":"asynchronous invocation accepted","invocation_id":"inv_01m2saybxqqzayfkpwzk2w2epy","tenant_id":"tn_01hzzzzzzzzzzzzzzzzzzzzzza","revision_id":"rev_01m2saxx114j26xa3gy44swj4s","input_bytes":4127,"input_storage":"object","target":"tachyon_serverless_application::services::invoke_async"}
{"timestamp":"2026-09-18T04:03:40.642324Z","level":"INFO","message":"asynchronous invocation accepted","invocation_id":"inv_01m2saybz0zx3yxp0x0yfpjkdn","tenant_id":"tn_01hzzzzzzzzzzzzzzzzzzzzzza","revision_id":"rev_01m2say2r7vgaen60hy4xqrehj","input_bytes":189,"input_storage":"inline","target":"tachyon_serverless_application::services::invoke_async"}
{"timestamp":"2026-09-18T04:03:40.642412Z","level":"INFO","message":"webhook trigger fired","trigger_id":"trg_01m2saya1es522vakcmwhr13n9","event_id":"evt-pre-w1","invocation_id":"inv_01m2saybz0zx3yxp0x0yfpjkdn","revision_id":"rev_01m2say2r7vgaen60hy4xqrehj","replayed":false,"target":"tachyon_serverless_application::services::triggers"}
{"timestamp":"2026-09-18T04:03:40.657640Z","level":"INFO","message":"trigger updated","trigger_id":"trg_01m2saya14t8e0pfg23gmmyyzh","generation":2,"status":"disabled","next_fire_at":"None","rotated_secret":false,"target":"tachyon_serverless_application::services::triggers"}
{"timestamp":"2026-09-18T04:03:42.012872Z","level":"INFO","message":"bridge spawned","environment_id":"env_01m2saybbd1cy8q2krdpepbcvw","pid":786283,"target":"tachyon_serverless_provider_process"}
{"timestamp":"2026-09-18T04:03:42.065319Z","level":"INFO","message":"invocation finished","invocation_id":"inv_01m2saybb29gwsshze9trsgpn0","status":"succeeded (async run)","handler_ms":2,"environment_boot_ms":1,"runtime_init_ms":25,"target":"tachyon_serverless_application::services::invoke"}
{"timestamp":"2026-09-18T04:03:42.068522Z","level":"INFO","message":"terminating bridge","environment_id":"env_01m2saybbd1cy8q2krdpepbcvw","pid":786283,"reason":"Completed","graceful":true,"target":"tachyon_serverless_provider_process"}
{"timestamp":"2026-09-18T04:03:42.076607Z","level":"INFO","message":"asynchronous invocation settled","invocation_id":"inv_01m2saybb29gwsshze9trsgpn0","status":"succeeded","target":"tachyon_serverless_application::services::invoke_async::dispatch"}
{"timestamp":"2026-09-18T04:03:42.078237Z","level":"INFO","message":"async dispatch: delivery handled","message_id":"inv_01m2saybb29gwsshze9trsgpn0","sequence":1,"delivery_count":1,"outcome":"Completed { status: \"succeeded\" }","target":"tachyon_serverless_application::services::invoke_async::dispatch"}
{"timestamp":"2026-09-18T04:03:42.081399Z","level":"INFO","message":"asynchronous run claimed","invocation_id":"inv_01m2saybxqqzayfkpwzk2w2epy","attempt":1,"generation":0,"delivery_count":1,"target":"tachyon_serverless_application::services::invoke_async::dispatch"}
{"timestamp":"2026-09-18T04:03:42.677340Z","level":"INFO","message":"bridge spawned","environment_id":"env_01m2saybwkt8mrf5nhr0bsq2kv","pid":786300,"target":"tachyon_serverless_provider_process"}
{"timestamp":"2026-09-18T04:03:42.705839Z","level":"INFO","message":"invocation finished","invocation_id":"inv_01m2saybwaabw45gm170c6ecme","status":"succeeded (async run)","handler_ms":1,"environment_boot_ms":2,"runtime_init_ms":6,"target":"tachyon_serverless_application::services::invoke"}
{"timestamp":"2026-09-18T04:03:42.708717Z","level":"INFO","message":"terminating bridge","environment_id":"env_01m2saybwkt8mrf5nhr0bsq2kv","pid":786300,"reason":"Completed","graceful":true,"target":"tachyon_serverless_provider_process"}
{"timestamp":"2026-09-18T04:03:42.717533Z","level":"INFO","message":"asynchronous invocation settled","invocation_id":"inv_01m2saybwaabw45gm170c6ecme","status":"succeeded","target":"tachyon_serverless_application::services::invoke_async::dispatch"}
{"timestamp":"2026-09-18T04:03:42.719495Z","level":"INFO","message":"async dispatch: delivery handled","message_id":"inv_01m2saybwaabw45gm170c6ecme","sequence":2,"delivery_count":1,"outcome":"Completed { status: \"succeeded\" }","target":"tachyon_serverless_application::services::invoke_async::dispatch"}
{"timestamp":"2026-09-18T04:03:42.722146Z","level":"INFO","message":"asynchronous run claimed","invocation_id":"inv_01m2saybz0zx3yxp0x0yfpjkdn","attempt":1,"generation":0,"delivery_count":1,"target":"tachyon_serverless_application::services::invoke_async::dispatch"}
{"timestamp":"2026-09-18T04:03:44.150204Z","level":"INFO","message":"bridge spawned","environment_id":"env_01m2saydc3vqj19j9ceg5x2axv","pid":786326,"target":"tachyon_serverless_provider_process"}
{"timestamp":"2026-09-18T04:03:44.200126Z","level":"INFO","message":"invocation finished","invocation_id":"inv_01m2saybxqqzayfkpwzk2w2epy","status":"succeeded (async run)","handler_ms":6,"environment_boot_ms":2,"runtime_init_ms":21,"target":"tachyon_serverless_application::services::invoke"}
{"timestamp":"2026-09-18T04:03:44.203105Z","level":"INFO","message":"terminating bridge","environment_id":"env_01m2saydc3vqj19j9ceg5x2axv","pid":786326,"reason":"Completed","graceful":true,"target":"tachyon_serverless_provider_process"}
{"timestamp":"2026-09-18T04:03:44.210995Z","level":"INFO","message":"asynchronous invocation settled","invocation_id":"inv_01m2saybxqqzayfkpwzk2w2epy","status":"succeeded","target":"tachyon_serverless_application::services::invoke_async::dispatch"}
{"timestamp":"2026-09-18T04:03:44.212486Z","level":"INFO","message":"async dispatch: delivery handled","message_id":"inv_01m2saybxqqzayfkpwzk2w2epy","sequence":3,"delivery_count":1,"outcome":"Completed { status: \"succeeded\" }","target":"tachyon_serverless_application::services::invoke_async::dispatch"}
{"timestamp":"2026-09-18T04:03:44.684121Z","level":"INFO","message":"bridge spawned","environment_id":"env_01m2saye037722rdgvs10cf3p6","pid":786342,"target":"tachyon_serverless_provider_process"}
{"timestamp":"2026-09-18T04:03:44.725404Z","level":"INFO","message":"invocation finished","invocation_id":"inv_01m2saybz0zx3yxp0x0yfpjkdn","status":"succeeded (async run)","handler_ms":1,"environment_boot_ms":2,"runtime_init_ms":34,"target":"tachyon_serverless_application::services::invoke"}
{"timestamp":"2026-09-18T04:03:44.728121Z","level":"INFO","message":"terminating bridge","environment_id":"env_01m2saye037722rdgvs10cf3p6","pid":786342,"reason":"Completed","graceful":true,"target":"tachyon_serverless_provider_process"}
{"timestamp":"2026-09-18T04:03:44.736862Z","level":"INFO","message":"asynchronous invocation settled","invocation_id":"inv_01m2saybz0zx3yxp0x0yfpjkdn","status":"succeeded","target":"tachyon_serverless_application::services::invoke_async::dispatch"}
{"timestamp":"2026-09-18T04:03:44.739299Z","level":"INFO","message":"async dispatch: delivery handled","message_id":"inv_01m2saybz0zx3yxp0x0yfpjkdn","sequence":4,"delivery_count":1,"outcome":"Completed { status: \"succeeded\" }","target":"tachyon_serverless_application::services::invoke_async::dispatch"}
{"timestamp":"2026-09-18T04:03:45.012036Z","level":"INFO","message":"asynchronous invocation accepted","invocation_id":"inv_01m2sayg7htde8yjc7ngsvq4ea","tenant_id":"tn_01hzzzzzzzzzzzzzzzzzzzzzza","revision_id":"rev_01m2saxx114j26xa3gy44swj4s","input_bytes":64,"input_storage":"inline","target":"tachyon_serverless_application::services::invoke_async"}
{"timestamp":"2026-09-18T04:03:45.019154Z","level":"INFO","message":"asynchronous run claimed","invocation_id":"inv_01m2sayg7htde8yjc7ngsvq4ea","attempt":1,"generation":0,"delivery_count":1,"target":"tachyon_serverless_application::services::invoke_async::dispatch"}
{"timestamp":"2026-09-18T04:03:46.679389Z","level":"INFO","message":"bridge spawned","environment_id":"env_01m2sayg7vkcf9ekt93jehhfcd","pid":786408,"target":"tachyon_serverless_provider_process"}
{"timestamp":"2026-09-18T04:04:21.270646Z","level":"WARN","message":"this process was not running for a while (stopped, frozen or starved): a lease that passed meanwhile is not taken back","stalled_ms":34200,"target":"tachyon_serverless_application::services::dispatcher"}
{"timestamp":"2026-09-18T04:04:21.270820Z","level":"ERROR","message":"dispatcher lease lost: refusing new invocations; in-flight completions will be refused if another dispatcher reclaimed them","dispatcher_id":"dsp_01m2saxqythec3vnmd335pkn8y","target":"tachyon_serverless_application::services::dispatcher"}
{"timestamp":"2026-09-18T04:04:21.270929Z","level":"WARN","message":"async dispatch: the claim was taken over while running; this run's outcome will be refused","invocation_id":"inv_01m2sayg7htde8yjc7ngsvq4ea","target":"tachyon_serverless_application::services::invoke_async::dispatch"}
{"timestamp":"2026-09-18T04:04:21.273795Z","level":"INFO","message":"object retention pass","report":"GcReport { examined: 1, collected_expired: 0, collected_orphans: 0, kept_in_use: 0, kept_referenced: 1, incomplete_removed: 0, tombstones_purged: 0, failed: 0 }","target":"tachyon_serverless_gateway"}
{"timestamp":"2026-09-18T04:04:21.274051Z","level":"WARN","message":"stale completion refused: another dispatcher reclaimed this slot","invocation_id":"inv_01m2sayg7htde8yjc7ngsvq4ea","attempt_id":"att_01m2sayhwcv7d1tnxehvw531qb","epoch":1,"reason":"lease lse_01m2sayhwcrby9ztpdc2xe1418 is already released","target":"tachyon_serverless_application::services::invoke"}
{"timestamp":"2026-09-18T04:04:21.276998Z","level":"WARN","message":"environment update failed","error":"refused: environment env_01m2sayg7vkcf9ekt93jehhfcd is lost and final","environment_id":"env_01m2sayg7vkcf9ekt93jehhfcd","target":"tachyon_serverless_application::services::invoke"}
{"timestamp":"2026-09-18T04:04:21.277085Z","level":"INFO","message":"environment fenced by a reclaim: its stop is reported by the reclaimer","environment_id":"env_01m2sayg7vkcf9ekt93jehhfcd","target":"tachyon_serverless_application::services::invoke"}
{"timestamp":"2026-09-18T04:04:21.277265Z","level":"WARN","message":"async dispatch: the ledger failed; the message is redelivered","message_id":"inv_01m2sayg7htde8yjc7ngsvq4ea","error":"platform error: cannot requeue invocation inv_01m2sayg7htde8yjc7ngsvq4ea: Invocation is already in a terminal state (succeeded); further updates are rejected","target":"tachyon_serverless_application::services::invoke_async::dispatch"}
{"timestamp":"2026-09-18T04:04:22.100374Z","level":"INFO","message":"object retention pass","report":"GcReport { examined: 1, collected_expired: 0, collected_orphans: 0, kept_in_use: 0, kept_referenced: 1, incomplete_removed: 0, tombstones_purged: 0, failed: 0 }","target":"tachyon_serverless_gateway"}
{"timestamp":"2026-09-18T04:04:24.096856Z","level":"INFO","message":"object retention pass","report":"GcReport { examined: 1, collected_expired: 0, collected_orphans: 0, kept_in_use: 0, kept_referenced: 1, incomplete_removed: 0, tombstones_purged: 0, failed: 0 }","target":"tachyon_serverless_gateway"}
{"timestamp":"2026-09-18T04:04:26.105562Z","level":"INFO","message":"object retention pass","report":"GcReport { examined: 1, collected_expired: 0, collected_orphans: 0, kept_in_use: 0, kept_referenced: 1, incomplete_removed: 0, tombstones_purged: 0, failed: 0 }","target":"tachyon_serverless_gateway"}
{"timestamp":"2026-09-18T04:04:27.381386Z","level":"INFO","message":"SIGTERM received","target":"tachyon_serverless_gateway"}
{"timestamp":"2026-09-18T04:04:27.381415Z","level":"INFO","message":"shutdown requested; cancelling in-flight invocations","target":"tachyon_serverless_gateway"}
{"timestamp":"2026-09-18T04:04:27.381705Z","level":"INFO","message":"final usage collection","report":"CollectReport { batches: 0, read: 0, inserted: 0, duplicates: 0, cursor_seq: 35 }","target":"tachyon_serverless_gateway"}
{"timestamp":"2026-09-18T04:04:27.385030Z","level":"INFO","message":"gateway stopped","target":"tachyon_serverless_gateway"}
{"timestamp":"2026-09-18T04:04:27.385186Z","level":"INFO","message":"event: closed","target":"async_nats"}

===== a start (failpoints: none) 04:04:27 =====
{"timestamp":"2026-09-18T04:04:27.494430Z","level":"INFO","message":"configuration loaded","config":"/home/takanorifukuyama.guest/w/tsls-chaos.Iwl9dH/gw-a.toml","target":"tachyon_serverless_gateway"}
{"timestamp":"2026-09-18T04:04:27.496746Z","level":"INFO","message":"connected successfully","server":"47737","max_payload":"1048576","target":"async_nats::connector"}
{"timestamp":"2026-09-18T04:04:27.496899Z","level":"INFO","message":"event: connected","target":"async_nats"}
{"timestamp":"2026-09-18T04:04:27.503100Z","level":"INFO","message":"JetStream queue connected and stream bootstrapped","url":"nats://127.0.0.1:47737","stream":"TACHYON_EVENTS","target":"tachyon_serverless_gateway::durable"}
{"timestamp":"2026-09-18T04:04:27.504278Z","level":"INFO","message":"state store opened","path":"/home/takanorifukuyama.guest/w/tsls-chaos.Iwl9dH/data/state.db","schema_version":8,"migrations_applied":"[]","imported_state_json":"None","settled_invocations":0,"settled_attempts":0,"settled_environments":0,"released_leases":0,"dropped_idempotency_keys":0,"purged_idempotency_keys":0,"outputs_purged":0,"target":"tachyon_serverless_application::app"}
{"timestamp":"2026-09-18T04:04:27.505298Z","level":"INFO","message":"log store opened","path":"/home/takanorifukuyama.guest/w/tsls-chaos.Iwl9dH/data/logs/logs.db","healthy":true,"retention_seconds":604800,"max_total_bytes":1073741824,"target":"tachyon_serverless_application::app"}
{"timestamp":"2026-09-18T04:04:27.508124Z","level":"INFO","message":"dispatcher registered","dispatcher_id":"dsp_01m2sazsqhrn8t7tsz5jex1bbp","instance":"chaos-a","pid":786993,"lease_ttl_seconds":6,"target":"tachyon_serverless_application::services::dispatcher"}
{"timestamp":"2026-09-18T04:04:27.509032Z","level":"INFO","message":"application bootstrapped","profile":"dev","provider":"process","dev_only":true,"environment_reuse":false,"reuse_verified":false,"reuse_reason":"[pool] enabled is false","reuse_disabled":"Some(Configuration)","idle_quiesce":"unsupported","idle_resume":"unsupported","data_dir":"/home/takanorifukuyama.guest/w/tsls-chaos.Iwl9dH/data","store":"sqlite","dispatcher_id":"dsp_01m2sazsqhrn8t7tsz5jex1bbp","node":"local","node_region":"none","node_memory_mib":"None","max_concurrency":8,"queue":"nats","objects":"filesystem","invoke_async":true,"triggers":true,"target":"tachyon_serverless_application::app"}
{"timestamp":"2026-09-18T04:04:27.509298Z","level":"INFO","message":"startup reconcile finished","provider":"process","found":0,"adopted":0,"terminated":0,"disowned":0,"failed":0,"lost":0,"foreign":0,"reclaimed_dispatchers":0,"fenced_terminated":0,"fenced_pending":0,"target":"tachyon_serverless_application::services::reconcile"}
{"timestamp":"2026-09-18T04:04:27.509365Z","level":"INFO","message":"gateway listening","addr":"127.0.0.1:33807","profile":"dev","provider":"process","target":"tachyon_serverless_gateway"}
{"timestamp":"2026-09-18T04:04:27.510588Z","level":"INFO","message":"asynchronous dispatcher started","workers":2,"owner":"dsp_01m2sazsqhrn8t7tsz5jex1bbp","target":"tachyon_serverless_gateway"}
{"timestamp":"2026-09-18T04:04:27.515020Z","level":"INFO","message":"object retention pass","report":"GcReport { examined: 1, collected_expired: 0, collected_orphans: 0, kept_in_use: 0, kept_referenced: 1, incomplete_removed: 0, tombstones_purged: 0, failed: 0 }","target":"tachyon_serverless_gateway"}
{"timestamp":"2026-09-18T04:04:29.244091Z","level":"INFO","message":"bridge spawned","environment_id":"env_01m2sazt0hsjzvygxxn298ckp0","pid":787019,"target":"tachyon_serverless_provider_process"}
{"timestamp":"2026-09-18T04:04:29.280719Z","level":"INFO","message":"invocation finished","invocation_id":"inv_01m2sazt0fefk5c5hwp0wwnard","status":"succeeded","handler_ms":11,"environment_boot_ms":2,"runtime_init_ms":6,"target":"tachyon_serverless_application::services::invoke"}
{"timestamp":"2026-09-18T04:04:29.283052Z","level":"INFO","message":"terminating bridge","environment_id":"env_01m2sazt0hsjzvygxxn298ckp0","pid":787019,"reason":"Completed","graceful":true,"target":"tachyon_serverless_provider_process"}
{"timestamp":"2026-09-18T04:04:29.319076Z","level":"INFO","message":"asynchronous invocation accepted","invocation_id":"inv_01m2sazvg5tnh0q00kkn202t7r","tenant_id":"tn_01hzzzzzzzzzzzzzzzzzzzzzza","revision_id":"rev_01m2saxx114j26xa3gy44swj4s","input_bytes":48,"input_storage":"inline","target":"tachyon_serverless_application::services::invoke_async"}
{"timestamp":"2026-09-18T04:04:29.326241Z","level":"INFO","message":"asynchronous run claimed","invocation_id":"inv_01m2sazvg5tnh0q00kkn202t7r","attempt":1,"generation":0,"delivery_count":1,"target":"tachyon_serverless_application::services::invoke_async::dispatch"}
{"timestamp":"2026-09-18T04:04:29.354838Z","level":"INFO","message":"asynchronous invocation accepted","invocation_id":"inv_01m2sazvh55kccwyq7gvb00yr3","tenant_id":"tn_01hzzzzzzzzzzzzzzzzzzzzzza","revision_id":"rev_01m2saxx114j26xa3gy44swj4s","input_bytes":4128,"input_storage":"object","target":"tachyon_serverless_application::services::invoke_async"}
{"timestamp":"2026-09-18T04:04:29.393483Z","level":"INFO","message":"asynchronous invocation accepted","invocation_id":"inv_01m2sazvjfdedzzhhdg9ycvqe8","tenant_id":"tn_01hzzzzzzzzzzzzzzzzzzzzzza","revision_id":"rev_01m2say2r7vgaen60hy4xqrehj","input_bytes":191,"input_storage":"inline","target":"tachyon_serverless_application::services::invoke_async"}
{"timestamp":"2026-09-18T04:04:29.393633Z","level":"INFO","message":"webhook trigger fired","trigger_id":"trg_01m2saya1es522vakcmwhr13n9","event_id":"evt-post-w1","invocation_id":"inv_01m2sazvjfdedzzhhdg9ycvqe8","revision_id":"rev_01m2say2r7vgaen60hy4xqrehj","replayed":false,"target":"tachyon_serverless_application::services::triggers"}
{"timestamp":"2026-09-18T04:04:29.402055Z","level":"INFO","message":"asynchronous run claimed","invocation_id":"inv_01m2sazvjfdedzzhhdg9ycvqe8","attempt":1,"generation":0,"delivery_count":1,"target":"tachyon_serverless_application::services::invoke_async::dispatch"}
{"timestamp":"2026-09-18T04:04:29.519469Z","level":"INFO","message":"object retention pass","report":"GcReport { examined: 1, collected_expired: 0, collected_orphans: 0, kept_in_use: 0, kept_referenced: 1, incomplete_removed: 0, tombstones_purged: 0, failed: 0 }","target":"tachyon_serverless_gateway"}
{"timestamp":"2026-09-18T04:04:31.432061Z","level":"INFO","message":"bridge spawned","environment_id":"env_01m2sazvge4c90z1ewkk5n0fac","pid":787123,"target":"tachyon_serverless_provider_process"}
{"timestamp":"2026-09-18T04:04:31.458132Z","level":"INFO","message":"bridge spawned","environment_id":"env_01m2sazvjvk64tqe23444g1mmb","pid":787133,"target":"tachyon_serverless_provider_process"}
{"timestamp":"2026-09-18T04:04:31.461540Z","level":"INFO","message":"invocation finished","invocation_id":"inv_01m2sazvg5tnh0q00kkn202t7r","status":"succeeded (async run)","handler_ms":2,"environment_boot_ms":5,"runtime_init_ms":11,"target":"tachyon_serverless_application::services::invoke"}
{"timestamp":"2026-09-18T04:04:31.466026Z","level":"INFO","message":"terminating bridge","environment_id":"env_01m2sazvge4c90z1ewkk5n0fac","pid":787123,"reason":"Completed","graceful":true,"target":"tachyon_serverless_provider_process"}
{"timestamp":"2026-09-18T04:04:31.515681Z","level":"INFO","message":"asynchronous invocation settled","invocation_id":"inv_01m2sazvg5tnh0q00kkn202t7r","status":"succeeded","target":"tachyon_serverless_application::services::invoke_async::dispatch"}
{"timestamp":"2026-09-18T04:04:31.518058Z","level":"INFO","message":"object retention pass","report":"GcReport { examined: 1, collected_expired: 0, collected_orphans: 0, kept_in_use: 0, kept_referenced: 1, incomplete_removed: 0, tombstones_purged: 0, failed: 0 }","target":"tachyon_serverless_gateway"}
{"timestamp":"2026-09-18T04:04:31.518168Z","level":"INFO","message":"async dispatch: delivery handled","message_id":"inv_01m2sazvg5tnh0q00kkn202t7r","sequence":7,"delivery_count":1,"outcome":"Completed { status: \"succeeded\" }","target":"tachyon_serverless_application::services::invoke_async::dispatch"}
{"timestamp":"2026-09-18T04:04:31.519980Z","level":"INFO","message":"invocation finished","invocation_id":"inv_01m2sazvjfdedzzhhdg9ycvqe8","status":"succeeded (async run)","handler_ms":3,"environment_boot_ms":2,"runtime_init_ms":29,"target":"tachyon_serverless_application::services::invoke"}
{"timestamp":"2026-09-18T04:04:31.523060Z","level":"INFO","message":"terminating bridge","environment_id":"env_01m2sazvjvk64tqe23444g1mmb","pid":787133,"reason":"Completed","graceful":true,"target":"tachyon_serverless_provider_process"}
{"timestamp":"2026-09-18T04:04:31.532548Z","level":"INFO","message":"asynchronous invocation settled","invocation_id":"inv_01m2sazvjfdedzzhhdg9ycvqe8","status":"succeeded","target":"tachyon_serverless_application::services::invoke_async::dispatch"}
{"timestamp":"2026-09-18T04:04:31.533981Z","level":"INFO","message":"async dispatch: delivery handled","message_id":"inv_01m2sazvjfdedzzhhdg9ycvqe8","sequence":9,"delivery_count":1,"outcome":"Completed { status: \"succeeded\" }","target":"tachyon_serverless_application::services::invoke_async::dispatch"}
{"timestamp":"2026-09-18T04:04:31.584890Z","level":"INFO","message":"trigger updated","trigger_id":"trg_01m2saya14t8e0pfg23gmmyyzh","generation":3,"status":"disabled","next_fire_at":"None","rotated_secret":false,"target":"tachyon_serverless_application::services::triggers"}
{"timestamp":"2026-09-18T04:04:31.848011Z","level":"INFO","message":"asynchronous run claimed","invocation_id":"inv_01m2sazvh55kccwyq7gvb00yr3","attempt":1,"generation":1,"delivery_count":1,"target":"tachyon_serverless_application::services::invoke_async::dispatch"}
{"timestamp":"2026-09-18T04:04:32.519252Z","level":"WARN","message":"reclaimed the work of dispatchers that lost their lease","dispatcher_id":"dsp_01m2sazsqhrn8t7tsz5jex1bbp","reclaimed_dispatchers":"[DispatcherId(dsp_01m2sayj4w6ey6391g7rc6p5bx)]","leases":0,"invocations":0,"attempts":0,"fenced":0,"target":"tachyon_serverless_application::services::dispatcher"}
{"timestamp":"2026-09-18T04:04:33.480001Z","level":"INFO","message":"bridge spawned","environment_id":"env_01m2sazxzbdbxymttbhak7krtw","pid":787250,"target":"tachyon_serverless_provider_process"}
{"timestamp":"2026-09-18T04:04:33.507885Z","level":"INFO","message":"invocation finished","invocation_id":"inv_01m2sazvh55kccwyq7gvb00yr3","status":"succeeded (async run)","handler_ms":2,"environment_boot_ms":2,"runtime_init_ms":7,"target":"tachyon_serverless_application::services::invoke"}
{"timestamp":"2026-09-18T04:04:33.515714Z","level":"INFO","message":"object retention pass","report":"GcReport { examined: 1, collected_expired: 0, collected_orphans: 0, kept_in_use: 0, kept_referenced: 1, incomplete_removed: 0, tombstones_purged: 0, failed: 0 }","target":"tachyon_serverless_gateway"}
{"timestamp":"2026-09-18T04:04:33.516032Z","level":"INFO","message":"terminating bridge","environment_id":"env_01m2sazxzbdbxymttbhak7krtw","pid":787250,"reason":"Completed","graceful":true,"target":"tachyon_serverless_provider_process"}
{"timestamp":"2026-09-18T04:04:33.530496Z","level":"INFO","message":"asynchronous invocation settled","invocation_id":"inv_01m2sazvh55kccwyq7gvb00yr3","status":"succeeded","target":"tachyon_serverless_application::services::invoke_async::dispatch"}
{"timestamp":"2026-09-18T04:04:33.536041Z","level":"INFO","message":"async dispatch: delivery handled","message_id":"inv_01m2sazvh55kccwyq7gvb00yr3.g1","sequence":10,"delivery_count":1,"outcome":"Completed { status: \"succeeded\" }","target":"tachyon_serverless_application::services::invoke_async::dispatch"}
{"timestamp":"2026-09-18T04:04:34.389554Z","level":"INFO","message":"SIGTERM received","target":"tachyon_serverless_gateway"}
{"timestamp":"2026-09-18T04:04:34.389606Z","level":"INFO","message":"shutdown requested; cancelling in-flight invocations","target":"tachyon_serverless_gateway"}
{"timestamp":"2026-09-18T04:04:34.390153Z","level":"INFO","message":"final usage collection","report":"CollectReport { batches: 0, read: 0, inserted: 0, duplicates: 0, cursor_seq: 56 }","target":"tachyon_serverless_gateway"}
{"timestamp":"2026-09-18T04:04:34.395037Z","level":"INFO","message":"gateway stopped","target":"tachyon_serverless_gateway"}
{"timestamp":"2026-09-18T04:04:34.395347Z","level":"INFO","message":"event: closed","target":"async_nats"}
