{"timestamp":"2026-09-18T02:06:56.310791Z","level":"INFO","message":"SIGTERM received","target":"tachyon_serverless_gateway"}
{"timestamp":"2026-09-18T02:06:56.310870Z","level":"INFO","message":"shutdown requested; cancelling in-flight invocations","target":"tachyon_serverless_gateway"}
{"timestamp":"2026-09-18T02:06:56.310912Z","level":"INFO","message":"cancelling in-flight invocations for shutdown","count":2,"target":"tachyon_serverless_application::services::invoke"}
{"timestamp":"2026-09-18T02:06:56.319820Z","level":"INFO","message":"draining revision: new work goes elsewhere (or is refused), running work completes","revision_id":"rev_01m2s45p29hddf2ydnhye4fcch","reason":"alias_switch","target":"tachyon_serverless_application::services::scaling"}
{"timestamp":"2026-09-18T02:06:56.577411Z","level":"INFO","message":"cgroup stats at teardown","env_id":"env_01m2s48dnha2y3zs2dxqneqxhh","cgroup":"/sys/fs/cgroup/tsls-lab-515d0a36/env_01m2s48dnha2y3zs2dxqneqxhh","stats":"{\"cpu.max\":\"50000 100000\",\"cpu.stat\":{\"burst_usec\":0,\"core_sched.force_idle_usec\":0,\"nice_usec\":0,\"nr_bursts\":0,\"nr_periods\":64,\"nr_throttled\":64,\"system_usec\":1838195,\"throttled_usec\":3162719,\"usage_usec\":3221342,\"user_usec\":1383146},\"memory.current\":4079616,\"memory.events\":{\"high\":0,\"low\":0,\"max\":0,\"oom\":0,\"oom_group_kill\":0,\"oom_kill\":0,\"sock_throttled\":0},\"memory.max\":335544320,\"memory.peak\":42078208,\"pids.max\":64,\"pids.peak\":3}","target":"tachyon_serverless_provider_firecracker::provider"}
{"timestamp":"2026-09-18T02:06:56.582920Z","level":"INFO","message":"environment terminated","env_id":"env_01m2s48dnha2y3zs2dxqneqxhh","reason":"Shutdown","was_running":true,"target":"tachyon_serverless_provider_firecracker::provider"}
{"timestamp":"2026-09-18T02:06:56.607634Z","level":"INFO","message":"asynchronous invocation rescheduled","invocation_id":"inv_01m2s48dmqt0qrpj8m5r378zkk","next_attempt_at":"2026-09-18T02:06:56.904281711+00:00","counted":false,"error_type":"Host.GatewayShutdown","target":"tachyon_serverless_application::services::invoke_async::dispatch"}
{"timestamp":"2026-09-18T02:06:56.614300Z","level":"INFO","message":"async dispatch: delivery handled","message_id":"inv_01m2s48dmqt0qrpj8m5r378zkk","sequence":1,"delivery_count":1,"outcome":"Rescheduled { next_attempt_at: 2026-09-18T02:06:56.904281711Z, counted: false }","target":"tachyon_serverless_application::services::invoke_async::dispatch"}
{"timestamp":"2026-09-18T02:06:58.395315Z","level":"INFO","message":"cgroup stats at teardown","env_id":"env_01m2s48jh9kq9w5sdfrhk36fcy","cgroup":"/sys/fs/cgroup/tsls-lab-515d0a36/env_01m2s48jh9kq9w5sdfrhk36fcy","stats":"{\"cpu.max\":\"50000 100000\",\"cpu.stat\":{\"burst_usec\":0,\"core_sched.force_idle_usec\":0,\"nice_usec\":0,\"nr_bursts\":0,\"nr_periods\":33,\"nr_throttled\":32,\"system_usec\":991377,\"throttled_usec\":1577788,\"usage_usec\":1610609,\"user_usec\":619232},\"memory.current\":3960832,\"memory.events\":{\"high\":0,\"low\":0,\"max\":0,\"oom\":0,\"oom_group_kill\":0,\"oom_kill\":0,\"sock_throttled\":0},\"memory.max\":335544320,\"memory.peak\":30695424,\"pids.max\":64,\"pids.peak\":3}","target":"tachyon_serverless_provider_firecracker::provider"}
{"timestamp":"2026-09-18T02:06:58.397458Z","level":"INFO","message":"environment terminated","env_id":"env_01m2s48jh9kq9w5sdfrhk36fcy","reason":"Shutdown","was_running":true,"target":"tachyon_serverless_provider_firecracker::provider"}
{"timestamp":"2026-09-18T02:06:58.402822Z","level":"INFO","message":"asynchronous invocation rescheduled","invocation_id":"inv_01m2s48jgzz7y9dz3pj369gdx6","next_attempt_at":"2026-09-18T02:06:58.542672075+00:00","counted":false,"error_type":"Host.GatewayShutdown","target":"tachyon_serverless_application::services::invoke_async::dispatch"}
{"timestamp":"2026-09-18T02:06:58.403778Z","level":"INFO","message":"async dispatch: delivery handled","message_id":"inv_01m2s48jgzz7y9dz3pj369gdx6","sequence":2,"delivery_count":1,"outcome":"Rescheduled { next_attempt_at: 2026-09-18T02:06:58.542672075Z, counted: false }","target":"tachyon_serverless_application::services::invoke_async::dispatch"}
{"timestamp":"2026-09-18T02:06:58.407509Z","level":"INFO","message":"final usage collection","report":"CollectReport { batches: 1, read: 1, inserted: 1, duplicates: 0, cursor_seq: 88 }","target":"tachyon_serverless_gateway"}
{"timestamp":"2026-09-18T02:06:58.412400Z","level":"INFO","message":"gateway stopped","target":"tachyon_serverless_gateway"}
{"timestamp":"2026-09-18T02:06:58.412781Z","level":"INFO","message":"event: closed","target":"async_nats"}

===== gateway start 2026-09-18T02:06:58Z (lab lab-515d0a36) =====
{"timestamp":"2026-09-18T02:06:58.736414Z","level":"INFO","message":"configuration loaded","config":"/home/takanorifukuyama.guest/lab/.lab/config/gateway.toml","target":"tachyon_serverless_gateway"}
{"timestamp":"2026-09-18T02:06:58.737475Z","level":"INFO","message":"egress restricted / public-web are unavailable on this host (egress none is unaffected)","reason":"net.ipv4.ip_forward is not 1 (guests could not reach anything)","target":"tachyon_serverless_provider_firecracker::provider"}
{"timestamp":"2026-09-18T02:06:58.740835Z","level":"INFO","message":"connected successfully","server":"39535","max_payload":"1048576","target":"async_nats::connector"}
{"timestamp":"2026-09-18T02:06:58.741022Z","level":"INFO","message":"event: connected","target":"async_nats"}
{"timestamp":"2026-09-18T02:06:58.750023Z","level":"INFO","message":"JetStream queue connected and stream bootstrapped","url":"nats://127.0.0.1:39535","stream":"TACHYON_EVENTS","target":"tachyon_serverless_gateway::durable"}
{"timestamp":"2026-09-18T02:06:58.752074Z","level":"INFO","message":"state store opened","path":"/home/takanorifukuyama.guest/lab/.lab/data/state.db","schema_version":8,"migrations_applied":"[]","imported_state_json":"None","settled_invocations":0,"settled_attempts":0,"settled_environments":0,"released_leases":0,"dropped_idempotency_keys":0,"purged_idempotency_keys":0,"outputs_purged":0,"target":"tachyon_serverless_application::app"}
{"timestamp":"2026-09-18T02:06:58.755232Z","level":"INFO","message":"log store opened","path":"/home/takanorifukuyama.guest/lab/.lab/data/logs/logs.db","healthy":true,"retention_seconds":604800,"max_total_bytes":1073741824,"target":"tachyon_serverless_application::app"}
{"timestamp":"2026-09-18T02:06:58.760092Z","level":"INFO","message":"dispatcher registered","dispatcher_id":"dsp_01m2s48p63vh5vtrjkzcgbmsw8","instance":"lab-515d0a36","pid":629428,"lease_ttl_seconds":30,"target":"tachyon_serverless_application::services::dispatcher"}
{"timestamp":"2026-09-18T02:06:58.761916Z","level":"WARN","message":"reclaimed the work of dispatchers that lost their lease","dispatcher_id":"dsp_01m2s48p63vh5vtrjkzcgbmsw8","reclaimed_dispatchers":"[DispatcherId(dsp_01m2s41zr1vngvcf87mtegw4dj)]","leases":0,"invocations":0,"attempts":0,"fenced":0,"target":"tachyon_serverless_application::services::dispatcher"}
{"timestamp":"2026-09-18T02:06:58.763940Z","level":"INFO","message":"application bootstrapped","profile":"production","provider":"firecracker","dev_only":false,"environment_reuse":false,"reuse_verified":true,"reuse_reason":"[pool] enabled is false","reuse_disabled":"Some(Configuration)","idle_quiesce":"supported","idle_resume":"supported","data_dir":"/home/takanorifukuyama.guest/lab/.lab/data","store":"sqlite","dispatcher_id":"dsp_01m2s48p63vh5vtrjkzcgbmsw8","node":"lab-515d0a36","node_region":"jp","node_memory_mib":"None","max_concurrency":8,"queue":"nats","objects":"filesystem","invoke_async":true,"triggers":true,"target":"tachyon_serverless_application::app"}
{"timestamp":"2026-09-18T02:06:58.768843Z","level":"INFO","message":"startup reconcile finished","provider":"firecracker","found":0,"adopted":0,"terminated":0,"disowned":0,"failed":0,"lost":0,"foreign":0,"reclaimed_dispatchers":0,"fenced_terminated":0,"fenced_pending":0,"target":"tachyon_serverless_application::services::reconcile"}
{"timestamp":"2026-09-18T02:06:58.769029Z","level":"INFO","message":"gateway listening","addr":"127.0.0.1:45553","profile":"production","provider":"firecracker","target":"tachyon_serverless_gateway"}
{"timestamp":"2026-09-18T02:06:58.772139Z","level":"INFO","message":"asynchronous dispatcher started","workers":2,"owner":"dsp_01m2s48p63vh5vtrjkzcgbmsw8","target":"tachyon_serverless_gateway"}
{"timestamp":"2026-09-18T02:06:58.786654Z","level":"INFO","message":"asynchronous run claimed","invocation_id":"inv_01m2s48knzdhagr049k4dtb4c8","attempt":1,"generation":0,"delivery_count":1,"target":"tachyon_serverless_application::services::invoke_async::dispatch"}
{"timestamp":"2026-09-18T02:06:58.790940Z","level":"INFO","message":"asynchronous run claimed","invocation_id":"inv_01m2s48kpj0yvvd0ccx1z59gw0","attempt":1,"generation":0,"delivery_count":1,"target":"tachyon_serverless_application::services::invoke_async::dispatch"}
{"timestamp":"2026-09-18T02:06:58.927137Z","level":"INFO","message":"firecracker spawned","env_id":"env_01m2s48p77cex3ew7yg8tgzde2","pid":629442,"instance_id":"env-01m2s48p77cex3ew7yg8tgzde2","jailed":true,"cgroup":"/sys/fs/cgroup/tsls-lab-515d0a36/env_01m2s48p77cex3ew7yg8tgzde2","target":"tachyon_serverless_provider_firecracker::provider"}
{"timestamp":"2026-09-18T02:06:58.952790Z","level":"INFO","message":"InstanceStart accepted","env_id":"env_01m2s48p77cex3ew7yg8tgzde2","vcpus":1,"mem_mib":256,"scratch_bytes":268435456,"target":"tachyon_serverless_provider_firecracker::provider"}
{"timestamp":"2026-09-18T02:07:00.004149Z","level":"INFO","message":"asynchronous invocation accepted","invocation_id":"inv_01m2s48qd2k5x8g9z2q13g1r7r","tenant_id":"tn_01hzzzzzzzzzzzzzzzzzzzzzza","revision_id":"rev_01m2s42d16g7qqn4t0sg8q0rwv","input_bytes":212,"input_storage":"inline","target":"tachyon_serverless_application::services::invoke_async"}
{"timestamp":"2026-09-18T02:07:00.004194Z","level":"INFO","message":"cron trigger fired","trigger_id":"trg_01m2s48dc9kr42w3j0eggz984r","scheduled_at":"2026-09-18T02:07:00Z","invocation_id":"inv_01m2s48qd2k5x8g9z2q13g1r7r","revision_id":"rev_01m2s42d16g7qqn4t0sg8q0rwv","replayed":false,"target":"tachyon_serverless_application::services::triggers"}
{"timestamp":"2026-09-18T02:07:00.815045Z","level":"INFO","message":"asynchronous invocation rescheduled","invocation_id":"inv_01m2s48kpj0yvvd0ccx1z59gw0","next_attempt_at":"2026-09-18T02:07:00.913410840+00:00","counted":false,"error_type":"Host.QuotaWaitTimeout","target":"tachyon_serverless_application::services::invoke_async::dispatch"}
{"timestamp":"2026-09-18T02:07:00.816291Z","level":"INFO","message":"async dispatch: delivery handled","message_id":"inv_01m2s48kpj0yvvd0ccx1z59gw0","sequence":4,"delivery_count":1,"outcome":"Rescheduled { next_attempt_at: 2026-09-18T02:07:00.913410840Z, counted: false }","target":"tachyon_serverless_application::services::invoke_async::dispatch"}
{"timestamp":"2026-09-18T02:07:00.818281Z","level":"INFO","message":"asynchronous run claimed","invocation_id":"inv_01m2s48kqfwkjpwr65qk4b2p2p","attempt":1,"generation":0,"delivery_count":1,"target":"tachyon_serverless_application::services::invoke_async::dispatch"}
{"timestamp":"2026-09-18T02:07:02.843418Z","level":"INFO","message":"asynchronous invocation rescheduled","invocation_id":"inv_01m2s48kqfwkjpwr65qk4b2p2p","next_attempt_at":"2026-09-18T02:07:03.050234639+00:00","counted":false,"error_type":"Host.QuotaWaitTimeout","target":"tachyon_serverless_application::services::invoke_async::dispatch"}
{"timestamp":"2026-09-18T02:07:02.845198Z","level":"INFO","message":"async dispatch: delivery handled","message_id":"inv_01m2s48kqfwkjpwr65qk4b2p2p","sequence":5,"delivery_count":1,"outcome":"Rescheduled { next_attempt_at: 2026-09-18T02:07:03.050234639Z, counted: false }","target":"tachyon_serverless_application::services::invoke_async::dispatch"}
{"timestamp":"2026-09-18T02:07:02.848474Z","level":"INFO","message":"asynchronous run claimed","invocation_id":"inv_01m2s48kr87pnpqeqa2r1jjcqq","attempt":1,"generation":0,"delivery_count":1,"target":"tachyon_serverless_application::services::invoke_async::dispatch"}
{"timestamp":"2026-09-18T02:07:04.868088Z","level":"INFO","message":"asynchronous invocation rescheduled","invocation_id":"inv_01m2s48kr87pnpqeqa2r1jjcqq","next_attempt_at":"2026-09-18T02:07:04.964897926+00:00","counted":false,"error_type":"Host.QuotaWaitTimeout","target":"tachyon_serverless_application::services::invoke_async::dispatch"}
{"timestamp":"2026-09-18T02:07:04.870978Z","level":"INFO","message":"async dispatch: delivery handled","message_id":"inv_01m2s48kr87pnpqeqa2r1jjcqq","sequence":6,"delivery_count":1,"outcome":"Rescheduled { next_attempt_at: 2026-09-18T02:07:04.964897926Z, counted: false }","target":"tachyon_serverless_application::services::invoke_async::dispatch"}
{"timestamp":"2026-09-18T02:07:04.876410Z","level":"INFO","message":"asynchronous run claimed","invocation_id":"inv_01m2s48dmqt0qrpj8m5r378zkk","attempt":1,"generation":1,"delivery_count":1,"target":"tachyon_serverless_application::services::invoke_async::dispatch"}
