[e2e] run 20260918T043855Z-split-process: management http://127.0.0.1:38285, data plane http://127.0.0.1:58817 (process provider, no isolation)
[e2e] step 1: build
[e2e]   PASS (5 ms)
[e2e] step 2: management gateway up (combined)
[e2e]   PASS (294 ms)
[e2e] step 3: deploy hello v1 and cpu-burn via management; internal endpoint auth
[e2e]   PASS (7264 ms)
[e2e] step 4: data plane gateway up, first delivery
[e2e]   PASS (297 ms)
[e2e] step 5: invoke through the data plane (tenant A 200, tenant B 404)
[e2e]   PASS (1212 ms)
[e2e] step 6: management API on the data plane -> 503 control_plane_unavailable
[e2e]   PASS (15 ms)
[e2e] step 7: deploy v2 via management; data plane converges
[e2e]   PASS (4811 ms)
[e2e] step 8: a long invocation is running on the data plane
[e2e]   PASS (1269 ms)
[e2e] management stopped (exit 0)
[e2e] step 9: management stops on SIGTERM with exit 0
[e2e]   PASS (5 ms)
[e2e] step 10: control plane down: invokes continue within the TTL
[e2e]   PASS (2478 ms)
[e2e] step 11: config TTL passed: new invocations 503 Host.ConfigExpired; existing continue
[e2e]   PASS (5870 ms)
[e2e] step 12: the invocation running across the outage completed
[e2e]   PASS (2297 ms)
[e2e] step 13: auth lease passed: 503 Host.AuthLeaseExpired
[e2e]   PASS (3229 ms)
[e2e] step 14: management restarts without tenant B's token
[e2e]   PASS (28 ms)
[e2e] step 15: data plane reconnects, converges, B revoked, A invokes
[e2e]   PASS (2366 ms)
[e2e] step 16: data plane stops on SIGTERM with exit 0
[e2e]   PASS (17 ms)
[e2e] step 17: restarted management stops on SIGTERM with exit 0
[e2e]   PASS (11 ms)
[e2e] step 18: no secret or internal credential in logs and evidence
[e2e]   PASS (9 ms)
[e2e] step 19: no orphan bridge processes
[e2e]   PASS (19 ms)
[e2e] summary: /home/takanorifukuyama.guest/plt4649/runs/chaos-process/matrix/scenarios/control_plane_outage/attempt-1/20260918T043855Z-split-process/summary.json

#    STATUS MS        STEP
---- ------ --------- ----------------------------------------
1    PASS   5         build
2    PASS   294       management gateway up (combined)
3    PASS   7264      deploy hello v1 and cpu-burn via management; internal endpoint auth
4    PASS   297       data plane gateway up, first delivery
5    PASS   1212      invoke through the data plane (tenant A 200, tenant B 404)
6    PASS   15        management API on the data plane -> 503 control_plane_unavailable
7    PASS   4811      deploy v2 via management; data plane converges
8    PASS   1269      a long invocation is running on the data plane
9    PASS   5         management stops on SIGTERM with exit 0
10   PASS   2478      control plane down: invokes continue within the TTL
11   PASS   5870      config TTL passed: new invocations 503 Host.ConfigExpired; existing continue
12   PASS   2297      the invocation running across the outage completed
13   PASS   3229      auth lease passed: 503 Host.AuthLeaseExpired
14   PASS   28        management restarts without tenant B's token
15   PASS   2366      data plane reconnects, converges, B revoked, A invokes
16   PASS   17        data plane stops on SIGTERM with exit 0
17   PASS   11        restarted management stops on SIGTERM with exit 0
18   PASS   9         no secret or internal credential in logs and evidence
19   PASS   19        no orphan bridge processes

19 steps, 0 failed
