[chaos async_kill_before_commit] begin (SIGKILL at failpoint dispatch.before_commit (side effect done, outcome not committed)) work=/home/takanorifukuyama.guest/w/tsls-chaos.YaZi7T
[chaos async_kill_before_commit]   ok   workload.sync_ok sync_200_with_secret=2/2
[chaos async_kill_before_commit]   ok   workload.async_accepted accepted=6 refused=0
[chaos async_kill_before_commit] fault injected
[chaos async_kill_before_commit]   ok   fault.failpoint_killed_gateway failpoint=dispatch.before_commit first_answer=202
[chaos async_kill_before_commit]   ok   fault.gateway_died_of_sigkill exit=137
[chaos async_kill_before_commit]   ok   fault.accepted_before_crash code=202 invocation=inv_01m2scdtbbvb8rjz2zdybh0fnf
[chaos async_kill_before_commit]   ok   at_crash.no_ack_before_terminal status=running unacked_messages=1 unsent_outbox=0
[chaos async_kill_before_commit] fault removed
[chaos async_kill_before_commit] converged
[chaos async_kill_before_commit]   ok   converge.invocation_succeeded status=succeeded attempts=2 dispatch_attempts=2 executions=2
[chaos async_kill_before_commit]   ok   workload.sync_ok sync_200_with_secret=1/1
[chaos async_kill_before_commit]   ok   workload.async_accepted accepted=3 refused=0
[chaos async_kill_before_commit]   ok   cv.accepted_never_lost accepted=10 missing_rows=0
[chaos async_kill_before_commit]   ok   cv.accepted_all_terminal accepted=10 not_terminal=0
[chaos async_kill_before_commit]   ok   cv.outcome_per_policy unexpected_outcomes=0 expected_failures=0
[chaos async_kill_before_commit]   ok   cv.one_outcome_per_invocation invocations_with_>1_dead_letter=0 succeeded_but_dead_lettered=0 invocations_with_>1_succeeded_attempt=1 (re-executions, recorded)
[chaos async_kill_before_commit]   ok   cv.side_effect_exactly_once orders_not_applied_exactly_once=0 executions=8
[chaos async_kill_before_commit]   ok   cv.outbox_drained unsent_outbox_rows=0
[chaos async_kill_before_commit]   ok   cv.ledger_all_terminal invocations=14 non_terminal=0 by_status=succeeded:14
[chaos async_kill_before_commit]   ok   cv.jetstream_drained pending=0 ack_pending=0 stream_messages=0 redelivered=0
[chaos async_kill_before_commit]   ok   cv.cron_each_time_once fires=1 distinct_times=1
[chaos async_kill_before_commit]   ok   cv.usage_counted_once journal_pending=0 ledger_events=75 distinct=75 attempts_settled_twice=0 duplicates_ignored=0
[chaos async_kill_before_commit]   ok   cv.every_terminal_environment_metered_once terminal environments=15 without a stop event=0 environments with a stop=15 (pooled ones report when they stop, after this check)
[chaos async_kill_before_commit]   ok   cv.graceful_stop_exit_0 exit=0
[chaos async_kill_before_commit]   ok   cv.no_orphan_processes bridge_or_user_processes=0 env_dirs=0
[chaos async_kill_before_commit]   ok   cv.no_open_environments non_terminal_environment_rows=0
[chaos async_kill_before_commit]   ok   cv.no_secret_value_on_disk files_containing_the_secret_value=0 (config excluded; /home/takanorifukuyama.guest/w/tsls-chaos.YaZi7T)
