[2m2026-09-17T07:25:41.109062Z[0m [32m INFO[0m [2mtachyon_serverless_gateway[0m[2m:[0m configuration loaded [3mconfig[0m[2m=[0m/var/folders/z7/khzdjrt95cg_fcmcnh4j1b5h0000gn/T//tsls-load.kaiB51/gateway.toml
[2m2026-09-17T07:25:41.125294Z[0m [32m INFO[0m [2mtachyon_serverless_application::app[0m[2m:[0m state store opened [3mpath[0m[2m=[0m/var/folders/z7/khzdjrt95cg_fcmcnh4j1b5h0000gn/T//tsls-load.kaiB51/data/state.db [3mschema_version[0m[2m=[0m6 [3mmigrations_applied[0m[2m=[0m[1, 2, 3, 4, 5, 6] [3mimported_state_json[0m[2m=[0mNone [3msettled_invocations[0m[2m=[0m0 [3msettled_attempts[0m[2m=[0m0 [3msettled_environments[0m[2m=[0m0 [3mreleased_leases[0m[2m=[0m0 [3mdropped_idempotency_keys[0m[2m=[0m0 [3mpurged_idempotency_keys[0m[2m=[0m0 [3moutputs_purged[0m[2m=[0m0
[2m2026-09-17T07:25:41.126130Z[0m [32m INFO[0m [2mtachyon_serverless_application::services::dispatcher[0m[2m:[0m dispatcher registered [3mdispatcher_id[0m[2m=[0mdsp_01m2q43hc50mhznantwdrp8frq [3minstance[0m[2m=[0mgateway@127.0.0.1:64112 [3mpid[0m[2m=[0m63145 [3mlease_ttl_seconds[0m[2m=[0m30
[2m2026-09-17T07:25:41.126638Z[0m [32m INFO[0m [2mtachyon_serverless_application::app[0m[2m:[0m application bootstrapped [3mprofile[0m[2m=[0m"dev" [3mprovider[0m[2m=[0m"process" [3mdev_only[0m[2m=[0mtrue [3menvironment_reuse[0m[2m=[0mfalse [3mreuse_verified[0m[2m=[0mfalse [3mreuse_reason[0m[2m=[0m"[pool] enabled is false" [3mreuse_disabled[0m[2m=[0mSome(Configuration) [3midle_quiesce[0m[2m=[0m"unsupported" [3midle_resume[0m[2m=[0m"unsupported" [3mdata_dir[0m[2m=[0m/var/folders/z7/khzdjrt95cg_fcmcnh4j1b5h0000gn/T//tsls-load.kaiB51/data [3mstore[0m[2m=[0m"sqlite" [3mdispatcher_id[0m[2m=[0mdsp_01m2q43hc50mhznantwdrp8frq [3mnode[0m[2m=[0mlocal [3mnode_region[0m[2m=[0m"none" [3mnode_memory_mib[0m[2m=[0mNone [3mmax_concurrency[0m[2m=[0m4 [3mqueue[0m[2m=[0m"none" [3mobjects[0m[2m=[0m"none" [3minvoke_async[0m[2m=[0mfalse
[2m2026-09-17T07:25:41.127339Z[0m [32m INFO[0m [2mtachyon_serverless_application::services::reconcile[0m[2m:[0m startup reconcile finished [3mprovider[0m[2m=[0m"process" [3mfound[0m[2m=[0m0 [3madopted[0m[2m=[0m0 [3mterminated[0m[2m=[0m0 [3mdisowned[0m[2m=[0m0 [3mfailed[0m[2m=[0m0 [3mlost[0m[2m=[0m0 [3mforeign[0m[2m=[0m0 [3mreclaimed_dispatchers[0m[2m=[0m0 [3mfenced_terminated[0m[2m=[0m0 [3mfenced_pending[0m[2m=[0m0
[2m2026-09-17T07:25:41.127455Z[0m [32m INFO[0m [2mtachyon_serverless_gateway[0m[2m:[0m gateway listening [3maddr[0m[2m=[0m127.0.0.1:64112 [3mprofile[0m[2m=[0m"dev" [3mprovider[0m[2m=[0m"process"
[2m2026-09-17T07:25:47.463128Z[0m [32m INFO[0m [2mtachyon_serverless_application::services::revision[0m[2m:[0m revision ready [3mrevision_id[0m[2m=[0mrev_01m2q43ng29gppxh7h889bbh31 [3mfunction_id[0m[2m=[0mfn_01m2q43hexavzq4a7db5tjfn4t
[2m2026-09-17T07:25:50.856535Z[0m [32m INFO[0m [2mtachyon_serverless_application::services::revision[0m[2m:[0m revision ready [3mrevision_id[0m[2m=[0mrev_01m2q43syqtx3camhz1wsv8q8q [3mfunction_id[0m[2m=[0mfn_01m2q43qs9ejtpkdy9h95mvxne
[2m2026-09-17T07:25:52.685868Z[0m [32m INFO[0m [2mtachyon_serverless_provider_process[0m[2m:[0m bridge spawned [3menvironment_id[0m[2m=[0menv_01m2q43w70mr4erwedt6q79cvx [3mpid[0m[2m=[0m63355
[2m2026-09-17T07:25:53.404374Z[0m [32m INFO[0m [2mtachyon_serverless_application::services::invoke[0m[2m:[0m invocation finished [3minvocation_id[0m[2m=[0minv_01m2q43w70y6ppsd088an7mvjr [3mstatus[0m[2m=[0m"succeeded" [3mhandler_ms[0m[2m=[0m403 [3menvironment_boot_ms[0m[2m=[0m23 [3mruntime_init_ms[0m[2m=[0m289
[2m2026-09-17T07:25:53.410342Z[0m [32m INFO[0m [2mtachyon_serverless_provider_process[0m[2m:[0m terminating bridge [3menvironment_id[0m[2m=[0menv_01m2q43w70mr4erwedt6q79cvx [3mpid[0m[2m=[0m63355 [3mreason[0m[2m=[0mCompleted [3mgraceful[0m[2m=[0mtrue
[2m2026-09-17T07:25:53.843814Z[0m [32m INFO[0m [2mtachyon_serverless_provider_process[0m[2m:[0m bridge spawned [3menvironment_id[0m[2m=[0menv_01m2q43xdhqqaqnjspvjpw3jc4 [3mpid[0m[2m=[0m63366
[2m2026-09-17T07:25:54.338251Z[0m [32m INFO[0m [2mtachyon_serverless_application::services::invoke[0m[2m:[0m invocation finished [3minvocation_id[0m[2m=[0minv_01m2q43xdg9xwv9y7bjqmbjtk0 [3mstatus[0m[2m=[0m"succeeded" [3mhandler_ms[0m[2m=[0m470 [3menvironment_boot_ms[0m[2m=[0m7 [3mruntime_init_ms[0m[2m=[0m14
[2m2026-09-17T07:25:54.339737Z[0m [32m INFO[0m [2mtachyon_serverless_provider_process[0m[2m:[0m terminating bridge [3menvironment_id[0m[2m=[0menv_01m2q43xdhqqaqnjspvjpw3jc4 [3mpid[0m[2m=[0m63366 [3mreason[0m[2m=[0mCompleted [3mgraceful[0m[2m=[0mtrue
[2m2026-09-17T07:25:54.870537Z[0m [32m INFO[0m [2mtachyon_serverless_provider_process[0m[2m:[0m bridge spawned [3menvironment_id[0m[2m=[0menv_01m2q43yc4mfzftnabpv5dje13 [3mpid[0m[2m=[0m63370
[2m2026-09-17T07:25:55.332382Z[0m [32m INFO[0m [2mtachyon_serverless_application::services::invoke[0m[2m:[0m invocation finished [3minvocation_id[0m[2m=[0minv_01m2q43yc3vf5pz14d2hdnd025 [3mstatus[0m[2m=[0m"succeeded" [3mhandler_ms[0m[2m=[0m438 [3menvironment_boot_ms[0m[2m=[0m10 [3mruntime_init_ms[0m[2m=[0m12
[2m2026-09-17T07:25:55.333823Z[0m [32m INFO[0m [2mtachyon_serverless_provider_process[0m[2m:[0m terminating bridge [3menvironment_id[0m[2m=[0menv_01m2q43yc4mfzftnabpv5dje13 [3mpid[0m[2m=[0m63370 [3mreason[0m[2m=[0mCompleted [3mgraceful[0m[2m=[0mtrue
[2m2026-09-17T07:25:56.284562Z[0m [32m INFO[0m [2mtachyon_serverless_provider_process[0m[2m:[0m bridge spawned [3menvironment_id[0m[2m=[0menv_01m2q43za4pfaxpkxk4tr4htn4 [3mpid[0m[2m=[0m63377
[2m2026-09-17T07:25:56.298289Z[0m [32m INFO[0m [2mtachyon_serverless_provider_process[0m[2m:[0m bridge spawned [3menvironment_id[0m[2m=[0menv_01m2q43z970bw6p3s64w554fb1 [3mpid[0m[2m=[0m63378
[2m2026-09-17T07:25:56.763709Z[0m [32m INFO[0m [2mtachyon_serverless_application::services::invoke[0m[2m:[0m invocation finished [3minvocation_id[0m[2m=[0minv_01m2q43za4wecs1cc0j92da021 [3mstatus[0m[2m=[0m"succeeded" [3mhandler_ms[0m[2m=[0m449 [3menvironment_boot_ms[0m[2m=[0m10 [3mruntime_init_ms[0m[2m=[0m18
[2m2026-09-17T07:25:56.765375Z[0m [32m INFO[0m [2mtachyon_serverless_provider_process[0m[2m:[0m terminating bridge [3menvironment_id[0m[2m=[0menv_01m2q43za4pfaxpkxk4tr4htn4 [3mpid[0m[2m=[0m63377 [3mreason[0m[2m=[0mCompleted [3mgraceful[0m[2m=[0mtrue
[2m2026-09-17T07:25:56.798559Z[0m [32m INFO[0m [2mtachyon_serverless_application::services::invoke[0m[2m:[0m invocation finished [3minvocation_id[0m[2m=[0minv_01m2q43z90zv8bpdhe2ap0dqdc [3mstatus[0m[2m=[0m"succeeded" [3mhandler_ms[0m[2m=[0m475 [3menvironment_boot_ms[0m[2m=[0m9 [3mruntime_init_ms[0m[2m=[0m14
[2m2026-09-17T07:25:56.798721Z[0m [32m INFO[0m [2mtachyon_serverless_provider_process[0m[2m:[0m terminating bridge [3menvironment_id[0m[2m=[0menv_01m2q43z970bw6p3s64w554fb1 [3mpid[0m[2m=[0m63378 [3mreason[0m[2m=[0mCompleted [3mgraceful[0m[2m=[0mtrue
[2m2026-09-17T07:25:57.608608Z[0m [32m INFO[0m [2mtachyon_serverless_provider_process[0m[2m:[0m bridge spawned [3menvironment_id[0m[2m=[0menv_01m2q440pxbmthb2dgghq2k66x [3mpid[0m[2m=[0m63384
[2m2026-09-17T07:25:57.636215Z[0m [32m INFO[0m [2mtachyon_serverless_provider_process[0m[2m:[0m bridge spawned [3menvironment_id[0m[2m=[0menv_01m2q440q88tdmhv2ez6kg1rbw [3mpid[0m[2m=[0m63386
[2m2026-09-17T07:25:58.121672Z[0m [32m INFO[0m [2mtachyon_serverless_application::services::invoke[0m[2m:[0m invocation finished [3minvocation_id[0m[2m=[0minv_01m2q440pw73rayw6m3radzdg4 [3mstatus[0m[2m=[0m"succeeded" [3mhandler_ms[0m[2m=[0m489 [3menvironment_boot_ms[0m[2m=[0m8 [3mruntime_init_ms[0m[2m=[0m12
[2m2026-09-17T07:25:58.123158Z[0m [32m INFO[0m [2mtachyon_serverless_provider_process[0m[2m:[0m terminating bridge [3menvironment_id[0m[2m=[0menv_01m2q440pxbmthb2dgghq2k66x [3mpid[0m[2m=[0m63384 [3mreason[0m[2m=[0mCompleted [3mgraceful[0m[2m=[0mtrue
[2m2026-09-17T07:25:58.139535Z[0m [32m INFO[0m [2mtachyon_serverless_application::services::invoke[0m[2m:[0m invocation finished [3minvocation_id[0m[2m=[0minv_01m2q440q7v9a0q9jhbg63z58c [3mstatus[0m[2m=[0m"succeeded" [3mhandler_ms[0m[2m=[0m479 [3menvironment_boot_ms[0m[2m=[0m9 [3mruntime_init_ms[0m[2m=[0m12
[2m2026-09-17T07:25:58.147371Z[0m [32m INFO[0m [2mtachyon_serverless_provider_process[0m[2m:[0m terminating bridge [3menvironment_id[0m[2m=[0menv_01m2q440q88tdmhv2ez6kg1rbw [3mpid[0m[2m=[0m63386 [3mreason[0m[2m=[0mCompleted [3mgraceful[0m[2m=[0mtrue
[2m2026-09-17T07:25:59.123036Z[0m [32m INFO[0m [2mtachyon_serverless_provider_process[0m[2m:[0m bridge spawned [3menvironment_id[0m[2m=[0menv_01m2q4423t2mjcb6damhvbnecv [3mpid[0m[2m=[0m63401
[2m2026-09-17T07:25:59.175192Z[0m [32m INFO[0m [2mtachyon_serverless_provider_process[0m[2m:[0m bridge spawned [3menvironment_id[0m[2m=[0menv_01m2q44253z8dmayw3zz5jbwdv [3mpid[0m[2m=[0m63404
[2m2026-09-17T07:25:59.656160Z[0m [32m INFO[0m [2mtachyon_serverless_application::services::invoke[0m[2m:[0m invocation finished [3minvocation_id[0m[2m=[0minv_01m2q4423jk1hkzczkdxjj8yd2 [3mstatus[0m[2m=[0m"succeeded" [3mhandler_ms[0m[2m=[0m442 [3menvironment_boot_ms[0m[2m=[0m20 [3mruntime_init_ms[0m[2m=[0m40
[2m2026-09-17T07:25:59.657589Z[0m [32m INFO[0m [2mtachyon_serverless_provider_process[0m[2m:[0m terminating bridge [3menvironment_id[0m[2m=[0menv_01m2q4423t2mjcb6damhvbnecv [3mpid[0m[2m=[0m63401 [3mreason[0m[2m=[0mCompleted [3mgraceful[0m[2m=[0mtrue
[2m2026-09-17T07:25:59.715665Z[0m [32m INFO[0m [2mtachyon_serverless_application::services::invoke[0m[2m:[0m invocation finished [3minvocation_id[0m[2m=[0minv_01m2q4424rkn8s5xd110x7jxgm [3mstatus[0m[2m=[0m"succeeded" [3mhandler_ms[0m[2m=[0m470 [3menvironment_boot_ms[0m[2m=[0m37 [3mruntime_init_ms[0m[2m=[0m56
[2m2026-09-17T07:25:59.717118Z[0m [32m INFO[0m [2mtachyon_serverless_provider_process[0m[2m:[0m terminating bridge [3menvironment_id[0m[2m=[0menv_01m2q44253z8dmayw3zz5jbwdv [3mpid[0m[2m=[0m63404 [3mreason[0m[2m=[0mCompleted [3mgraceful[0m[2m=[0mtrue
[2m2026-09-17T07:26:00.551636Z[0m [32m INFO[0m [2mtachyon_serverless_provider_process[0m[2m:[0m bridge spawned [3menvironment_id[0m[2m=[0menv_01m2q443k7e9gb9wscw8dkjhcv [3mpid[0m[2m=[0m63441
[2m2026-09-17T07:26:00.571375Z[0m [32m INFO[0m [2mtachyon_serverless_provider_process[0m[2m:[0m bridge spawned [3menvironment_id[0m[2m=[0menv_01m2q443j2h3fydjftgv6xa8a6 [3mpid[0m[2m=[0m63443
[2m2026-09-17T07:26:00.587207Z[0m [32m INFO[0m [2mtachyon_serverless_provider_process[0m[2m:[0m bridge spawned [3menvironment_id[0m[2m=[0menv_01m2q443k252nm9dfndwn87dme [3mpid[0m[2m=[0m63445
[2m2026-09-17T07:26:01.223601Z[0m [32m INFO[0m [2mtachyon_serverless_application::services::invoke[0m[2m:[0m invocation finished [3minvocation_id[0m[2m=[0minv_01m2q443j1y4sg1d898km8ma2v [3mstatus[0m[2m=[0m"succeeded" [3mhandler_ms[0m[2m=[0m621 [3menvironment_boot_ms[0m[2m=[0m9 [3mruntime_init_ms[0m[2m=[0m12
[2m2026-09-17T07:26:01.225060Z[0m [32m INFO[0m [2mtachyon_serverless_provider_process[0m[2m:[0m terminating bridge [3menvironment_id[0m[2m=[0menv_01m2q443j2h3fydjftgv6xa8a6 [3mpid[0m[2m=[0m63443 [3mreason[0m[2m=[0mCompleted [3mgraceful[0m[2m=[0mtrue
[2m2026-09-17T07:26:01.254556Z[0m [32m INFO[0m [2mtachyon_serverless_application::services::invoke[0m[2m:[0m invocation finished [3minvocation_id[0m[2m=[0minv_01m2q443k77qh90qtwtyha06pk [3mstatus[0m[2m=[0m"succeeded" [3mhandler_ms[0m[2m=[0m676 [3menvironment_boot_ms[0m[2m=[0m8 [3mruntime_init_ms[0m[2m=[0m15
[2m2026-09-17T07:26:01.254704Z[0m [32m INFO[0m [2mtachyon_serverless_provider_process[0m[2m:[0m terminating bridge [3menvironment_id[0m[2m=[0menv_01m2q443k7e9gb9wscw8dkjhcv [3mpid[0m[2m=[0m63441 [3mreason[0m[2m=[0mCompleted [3mgraceful[0m[2m=[0mtrue
[2m2026-09-17T07:26:01.298814Z[0m [32m INFO[0m [2mtachyon_serverless_application::services::invoke[0m[2m:[0m invocation finished [3minvocation_id[0m[2m=[0minv_01m2q443k15gkrw8vdb340dgk9 [3mstatus[0m[2m=[0m"succeeded" [3mhandler_ms[0m[2m=[0m678 [3menvironment_boot_ms[0m[2m=[0m16 [3mruntime_init_ms[0m[2m=[0m15
[2m2026-09-17T07:26:01.300241Z[0m [32m INFO[0m [2mtachyon_serverless_provider_process[0m[2m:[0m terminating bridge [3menvironment_id[0m[2m=[0menv_01m2q443k252nm9dfndwn87dme [3mpid[0m[2m=[0m63445 [3mreason[0m[2m=[0mCompleted [3mgraceful[0m[2m=[0mtrue
[2m2026-09-17T07:26:01.529511Z[0m [32m INFO[0m [2mtachyon_serverless_provider_process[0m[2m:[0m bridge spawned [3menvironment_id[0m[2m=[0menv_01m2q4450fs16zb3qmq64xwb0s [3mpid[0m[2m=[0m63453
[2m2026-09-17T07:26:01.562467Z[0m [32m INFO[0m [2mtachyon_serverless_provider_process[0m[2m:[0m bridge spawned [3menvironment_id[0m[2m=[0menv_01m2q4451bc2yfm7jrrkww0rkg [3mpid[0m[2m=[0m63455
[2m2026-09-17T07:26:01.615163Z[0m [32m INFO[0m [2mtachyon_serverless_provider_process[0m[2m:[0m bridge spawned [3menvironment_id[0m[2m=[0menv_01m2q44532g4pv3xdqndfzh5e3 [3mpid[0m[2m=[0m63457
[2m2026-09-17T07:26:02.190173Z[0m [32m INFO[0m [2mtachyon_serverless_application::services::invoke[0m[2m:[0m invocation finished [3minvocation_id[0m[2m=[0minv_01m2q443kdnfw9ppcjxs3b6yw6 [3mstatus[0m[2m=[0m"succeeded" [3mhandler_ms[0m[2m=[0m605 [3menvironment_boot_ms[0m[2m=[0m8 [3mruntime_init_ms[0m[2m=[0m11
[2m2026-09-17T07:26:02.191759Z[0m [32m INFO[0m [2mtachyon_serverless_provider_process[0m[2m:[0m terminating bridge [3menvironment_id[0m[2m=[0menv_01m2q4451bc2yfm7jrrkww0rkg [3mpid[0m[2m=[0m63455 [3mreason[0m[2m=[0mCompleted [3mgraceful[0m[2m=[0mtrue
[2m2026-09-17T07:26:02.197964Z[0m [32m INFO[0m [2mtachyon_serverless_application::services::invoke[0m[2m:[0m invocation finished [3minvocation_id[0m[2m=[0minv_01m2q443ka344acm50610p7pks [3mstatus[0m[2m=[0m"succeeded" [3mhandler_ms[0m[2m=[0m646 [3menvironment_boot_ms[0m[2m=[0m7 [3mruntime_init_ms[0m[2m=[0m12
[2m2026-09-17T07:26:02.198811Z[0m [32m INFO[0m [2mtachyon_serverless_provider_process[0m[2m:[0m terminating bridge [3menvironment_id[0m[2m=[0menv_01m2q4450fs16zb3qmq64xwb0s [3mpid[0m[2m=[0m63453 [3mreason[0m[2m=[0mCompleted [3mgraceful[0m[2m=[0mtrue
[2m2026-09-17T07:26:02.323937Z[0m [32m INFO[0m [2mtachyon_serverless_application::services::invoke[0m[2m:[0m invocation finished [3minvocation_id[0m[2m=[0minv_01m2q443kjemn7sqrqfgx384p1 [3mstatus[0m[2m=[0m"succeeded" [3mhandler_ms[0m[2m=[0m683 [3menvironment_boot_ms[0m[2m=[0m8 [3mruntime_init_ms[0m[2m=[0m15
[2m2026-09-17T07:26:02.325369Z[0m [32m INFO[0m [2mtachyon_serverless_provider_process[0m[2m:[0m terminating bridge [3menvironment_id[0m[2m=[0menv_01m2q44532g4pv3xdqndfzh5e3 [3mpid[0m[2m=[0m63457 [3mreason[0m[2m=[0mCompleted [3mgraceful[0m[2m=[0mtrue
[2m2026-09-17T07:26:02.520280Z[0m [32m INFO[0m [2mtachyon_serverless_provider_process[0m[2m:[0m bridge spawned [3menvironment_id[0m[2m=[0menv_01m2q445yrjqw6aadesmrwdrzj [3mpid[0m[2m=[0m63464
[2m2026-09-17T07:26:02.529139Z[0m [32m INFO[0m [2mtachyon_serverless_provider_process[0m[2m:[0m bridge spawned [3menvironment_id[0m[2m=[0menv_01m2q445ywm776dx13aqyfabrk [3mpid[0m[2m=[0m63465
[2m2026-09-17T07:26:02.648853Z[0m [32m INFO[0m [2mtachyon_serverless_provider_process[0m[2m:[0m bridge spawned [3menvironment_id[0m[2m=[0menv_01m2q4462yqz66hg2z5pgysqfv [3mpid[0m[2m=[0m63470
[2m2026-09-17T07:26:03.155582Z[0m [32m INFO[0m [2mtachyon_serverless_application::services::invoke[0m[2m:[0m invocation finished [3minvocation_id[0m[2m=[0minv_01m2q443kzptr0t8rqda8x6pkk [3mstatus[0m[2m=[0m"succeeded" [3mhandler_ms[0m[2m=[0m607 [3menvironment_boot_ms[0m[2m=[0m17 [3mruntime_init_ms[0m[2m=[0m11
[2m2026-09-17T07:26:03.157048Z[0m [32m INFO[0m [2mtachyon_serverless_provider_process[0m[2m:[0m terminating bridge [3menvironment_id[0m[2m=[0menv_01m2q445yrjqw6aadesmrwdrzj [3mpid[0m[2m=[0m63464 [3mreason[0m[2m=[0mCompleted [3mgraceful[0m[2m=[0mtrue
[2m2026-09-17T07:26:03.165050Z[0m [32m INFO[0m [2mtachyon_serverless_application::services::invoke[0m[2m:[0m invocation finished [3minvocation_id[0m[2m=[0minv_01m2q443n0dqf2xdxg4n9v5rhk [3mstatus[0m[2m=[0m"succeeded" [3mhandler_ms[0m[2m=[0m612 [3menvironment_boot_ms[0m[2m=[0m8 [3mruntime_init_ms[0m[2m=[0m12
[2m2026-09-17T07:26:03.166527Z[0m [32m INFO[0m [2mtachyon_serverless_provider_process[0m[2m:[0m terminating bridge [3menvironment_id[0m[2m=[0menv_01m2q445ywm776dx13aqyfabrk [3mpid[0m[2m=[0m63465 [3mreason[0m[2m=[0mCompleted [3mgraceful[0m[2m=[0mtrue
[2m2026-09-17T07:26:03.386059Z[0m [32m INFO[0m [2mtachyon_serverless_application::services::invoke[0m[2m:[0m invocation finished [3minvocation_id[0m[2m=[0minv_01m2q4451j2k6dwatgak2f4w6q [3mstatus[0m[2m=[0m"succeeded" [3mhandler_ms[0m[2m=[0m698 [3menvironment_boot_ms[0m[2m=[0m20 [3mruntime_init_ms[0m[2m=[0m16
[2m2026-09-17T07:26:03.387494Z[0m [32m INFO[0m [2mtachyon_serverless_provider_process[0m[2m:[0m terminating bridge [3menvironment_id[0m[2m=[0menv_01m2q4462yqz66hg2z5pgysqfv [3mpid[0m[2m=[0m63470 [3mreason[0m[2m=[0mCompleted [3mgraceful[0m[2m=[0mtrue
[2m2026-09-17T07:26:03.484064Z[0m [32m INFO[0m [2mtachyon_serverless_provider_process[0m[2m:[0m bridge spawned [3menvironment_id[0m[2m=[0menv_01m2q446x2aqmf9mnsf6s3gvqx [3mpid[0m[2m=[0m63474
[2m2026-09-17T07:26:03.484478Z[0m [32m INFO[0m [2mtachyon_serverless_provider_process[0m[2m:[0m bridge spawned [3menvironment_id[0m[2m=[0menv_01m2q446wsqh1c51bt3fs1f1qq [3mpid[0m[2m=[0m63475
[2m2026-09-17T07:26:03.754603Z[0m [32m INFO[0m [2mtachyon_serverless_provider_process[0m[2m:[0m bridge spawned [3menvironment_id[0m[2m=[0menv_01m2q447412c04m9y8xt2jjf3v [3mpid[0m[2m=[0m63491
[2m2026-09-17T07:26:04.141326Z[0m [32m INFO[0m [2mtachyon_serverless_application::services::invoke[0m[2m:[0m invocation finished [3minvocation_id[0m[2m=[0minv_01m2q4451rnfmaccmg45d4s2j0 [3mstatus[0m[2m=[0m"succeeded" [3mhandler_ms[0m[2m=[0m637 [3menvironment_boot_ms[0m[2m=[0m7 [3mruntime_init_ms[0m[2m=[0m9
[2m2026-09-17T07:26:04.142774Z[0m [32m INFO[0m [2mtachyon_serverless_provider_process[0m[2m:[0m terminating bridge [3menvironment_id[0m[2m=[0menv_01m2q446wsqh1c51bt3fs1f1qq [3mpid[0m[2m=[0m63475 [3mreason[0m[2m=[0mCompleted [3mgraceful[0m[2m=[0mtrue
[2m2026-09-17T07:26:04.166872Z[0m [32m INFO[0m [2mtachyon_serverless_application::services::invoke[0m[2m:[0m invocation finished [3minvocation_id[0m[2m=[0minv_01m2q4453wbhm6ar3f6syh9vs4 [3mstatus[0m[2m=[0m"succeeded" [3mhandler_ms[0m[2m=[0m660 [3menvironment_boot_ms[0m[2m=[0m9 [3mruntime_init_ms[0m[2m=[0m12
[2m2026-09-17T07:26:04.168310Z[0m [32m INFO[0m [2mtachyon_serverless_provider_process[0m[2m:[0m terminating bridge [3menvironment_id[0m[2m=[0menv_01m2q446x2aqmf9mnsf6s3gvqx [3mpid[0m[2m=[0m63474 [3mreason[0m[2m=[0mCompleted [3mgraceful[0m[2m=[0mtrue
[2m2026-09-17T07:26:04.406470Z[0m [32m INFO[0m [2mtachyon_serverless_application::services::invoke[0m[2m:[0m invocation finished [3minvocation_id[0m[2m=[0minv_01m2q4460230mvsvvce3mwsc6y [3mstatus[0m[2m=[0m"succeeded" [3mhandler_ms[0m[2m=[0m628 [3menvironment_boot_ms[0m[2m=[0m12 [3mruntime_init_ms[0m[2m=[0m10
[2m2026-09-17T07:26:04.407917Z[0m [32m INFO[0m [2mtachyon_serverless_provider_process[0m[2m:[0m terminating bridge [3menvironment_id[0m[2m=[0menv_01m2q447412c04m9y8xt2jjf3v [3mpid[0m[2m=[0m63491 [3mreason[0m[2m=[0mCompleted [3mgraceful[0m[2m=[0mtrue
[2m2026-09-17T07:26:04.500612Z[0m [32m INFO[0m [2mtachyon_serverless_provider_process[0m[2m:[0m bridge spawned [3menvironment_id[0m[2m=[0menv_01m2q447vmffafkwdw2yrw6ykx [3mpid[0m[2m=[0m63494
[2m2026-09-17T07:26:04.514036Z[0m [32m INFO[0m [2mtachyon_serverless_provider_process[0m[2m:[0m bridge spawned [3menvironment_id[0m[2m=[0menv_01m2q447we8sz9a24qs2m8yc4q [3mpid[0m[2m=[0m63496
[2m2026-09-17T07:26:04.774969Z[0m [32m INFO[0m [2mtachyon_serverless_provider_process[0m[2m:[0m bridge spawned [3menvironment_id[0m[2m=[0menv_01m2q4483xjsrnrq3rtwf1e1j2 [3mpid[0m[2m=[0m63498
[2m2026-09-17T07:26:05.130481Z[0m [32m INFO[0m [2mtachyon_serverless_application::services::invoke[0m[2m:[0m invocation finished [3minvocation_id[0m[2m=[0minv_01m2q446191ntez6cdvvapyv81 [3mstatus[0m[2m=[0m"succeeded" [3mhandler_ms[0m[2m=[0m609 [3menvironment_boot_ms[0m[2m=[0m8 [3mruntime_init_ms[0m[2m=[0m10
[2m2026-09-17T07:26:05.130848Z[0m [32m INFO[0m [2mtachyon_serverless_provider_process[0m[2m:[0m terminating bridge [3menvironment_id[0m[2m=[0menv_01m2q447vmffafkwdw2yrw6ykx [3mpid[0m[2m=[0m63494 [3mreason[0m[2m=[0mCompleted [3mgraceful[0m[2m=[0mtrue
[2m2026-09-17T07:26:05.230067Z[0m [32m INFO[0m [2mtachyon_serverless_application::services::invoke[0m[2m:[0m invocation finished [3minvocation_id[0m[2m=[0minv_01m2q4464tq4n7rckhcdjfg53z [3mstatus[0m[2m=[0m"succeeded" [3mhandler_ms[0m[2m=[0m694 [3menvironment_boot_ms[0m[2m=[0m8 [3mruntime_init_ms[0m[2m=[0m11
[2m2026-09-17T07:26:05.231526Z[0m [32m INFO[0m [2mtachyon_serverless_provider_process[0m[2m:[0m terminating bridge [3menvironment_id[0m[2m=[0menv_01m2q447we8sz9a24qs2m8yc4q [3mpid[0m[2m=[0m63496 [3mreason[0m[2m=[0mCompleted [3mgraceful[0m[2m=[0mtrue
[2m2026-09-17T07:26:05.469131Z[0m [32m INFO[0m [2mtachyon_serverless_provider_process[0m[2m:[0m bridge spawned [3menvironment_id[0m[2m=[0menv_01m2q448tec33btj78fgs39eks [3mpid[0m[2m=[0m63500
[2m2026-09-17T07:26:05.475458Z[0m [32m INFO[0m [2mtachyon_serverless_application::services::invoke[0m[2m:[0m invocation finished [3minvocation_id[0m[2m=[0minv_01m2q446xbx5j13xpz59vexvqm [3mstatus[0m[2m=[0m"succeeded" [3mhandler_ms[0m[2m=[0m675 [3menvironment_boot_ms[0m[2m=[0m10 [3mruntime_init_ms[0m[2m=[0m13
[2m2026-09-17T07:26:05.479339Z[0m [32m INFO[0m [2mtachyon_serverless_provider_process[0m[2m:[0m terminating bridge [3menvironment_id[0m[2m=[0menv_01m2q4483xjsrnrq3rtwf1e1j2 [3mpid[0m[2m=[0m63498 [3mreason[0m[2m=[0mCompleted [3mgraceful[0m[2m=[0mtrue
[2m2026-09-17T07:26:05.586987Z[0m [32m INFO[0m [2mtachyon_serverless_provider_process[0m[2m:[0m bridge spawned [3menvironment_id[0m[2m=[0menv_01m2q448xktv26qcp1dsmm6mpv [3mpid[0m[2m=[0m63502
[2m2026-09-17T07:26:05.886020Z[0m [32m INFO[0m [2mtachyon_serverless_provider_process[0m[2m:[0m bridge spawned [3menvironment_id[0m[2m=[0menv_01m2q4495hnsdhy90avpsd1s7p [3mpid[0m[2m=[0m63504
[2m2026-09-17T07:26:06.193054Z[0m [32m INFO[0m [2mtachyon_serverless_application::services::invoke[0m[2m:[0m invocation finished [3minvocation_id[0m[2m=[0minv_01m2q44700x8qrf4m5sbeye2z7 [3mstatus[0m[2m=[0m"succeeded" [3mhandler_ms[0m[2m=[0m691 [3menvironment_boot_ms[0m[2m=[0m12 [3mruntime_init_ms[0m[2m=[0m17
[2m2026-09-17T07:26:06.194750Z[0m [32m INFO[0m [2mtachyon_serverless_provider_process[0m[2m:[0m terminating bridge [3menvironment_id[0m[2m=[0menv_01m2q448tec33btj78fgs39eks [3mpid[0m[2m=[0m63500 [3mreason[0m[2m=[0mCompleted [3mgraceful[0m[2m=[0mtrue
[2m2026-09-17T07:26:06.377772Z[0m [32m INFO[0m [2mtachyon_serverless_application::services::invoke[0m[2m:[0m invocation finished [3minvocation_id[0m[2m=[0minv_01m2q4475fcan9d9pm13m9epfa [3mstatus[0m[2m=[0m"succeeded" [3mhandler_ms[0m[2m=[0m707 [3menvironment_boot_ms[0m[2m=[0m11 [3mruntime_init_ms[0m[2m=[0m71
[2m2026-09-17T07:26:06.379202Z[0m [32m INFO[0m [2mtachyon_serverless_provider_process[0m[2m:[0m terminating bridge [3menvironment_id[0m[2m=[0menv_01m2q448xktv26qcp1dsmm6mpv [3mpid[0m[2m=[0m63502 [3mreason[0m[2m=[0mCompleted [3mgraceful[0m[2m=[0mtrue
[2m2026-09-17T07:26:06.520567Z[0m [32m INFO[0m [2mtachyon_serverless_application::services::invoke[0m[2m:[0m invocation finished [3minvocation_id[0m[2m=[0minv_01m2q447wpsg9nh37jpzaczm8y [3mstatus[0m[2m=[0m"succeeded" [3mhandler_ms[0m[2m=[0m610 [3menvironment_boot_ms[0m[2m=[0m9 [3mruntime_init_ms[0m[2m=[0m13
[2m2026-09-17T07:26:06.522077Z[0m [32m INFO[0m [2mtachyon_serverless_provider_process[0m[2m:[0m terminating bridge [3menvironment_id[0m[2m=[0menv_01m2q4495hnsdhy90avpsd1s7p [3mpid[0m[2m=[0m63504 [3mreason[0m[2m=[0mCompleted [3mgraceful[0m[2m=[0mtrue
[2m2026-09-17T07:26:06.572837Z[0m [32m INFO[0m [2mtachyon_serverless_provider_process[0m[2m:[0m bridge spawned [3menvironment_id[0m[2m=[0menv_01m2q449vsnbh06038mc93n0cf [3mpid[0m[2m=[0m63509
[2m2026-09-17T07:26:06.807919Z[0m [32m INFO[0m [2mtachyon_serverless_provider_process[0m[2m:[0m bridge spawned [3menvironment_id[0m[2m=[0menv_01m2q44a1fm0rv2vbaar3ymzw8 [3mpid[0m[2m=[0m63511
[2m2026-09-17T07:26:06.950874Z[0m [32m INFO[0m [2mtachyon_serverless_provider_process[0m[2m:[0m bridge spawned [3menvironment_id[0m[2m=[0menv_01m2q44a683r59jrkhmcrdakk0 [3mpid[0m[2m=[0m63513
[2m2026-09-17T07:26:07.201966Z[0m [32m INFO[0m [2mtachyon_serverless_application::services::invoke[0m[2m:[0m invocation finished [3minvocation_id[0m[2m=[0minv_01m2q447yf9twnttfybrwt3695 [3mstatus[0m[2m=[0m"succeeded" [3mhandler_ms[0m[2m=[0m609 [3menvironment_boot_ms[0m[2m=[0m8 [3mruntime_init_ms[0m[2m=[0m10
[2m2026-09-17T07:26:07.203408Z[0m [32m INFO[0m [2mtachyon_serverless_provider_process[0m[2m:[0m terminating bridge [3menvironment_id[0m[2m=[0menv_01m2q449vsnbh06038mc93n0cf [3mpid[0m[2m=[0m63509 [3mreason[0m[2m=[0mCompleted [3mgraceful[0m[2m=[0mtrue
[2m2026-09-17T07:26:07.514633Z[0m [32m INFO[0m [2mtachyon_serverless_application::services::invoke[0m[2m:[0m invocation finished [3minvocation_id[0m[2m=[0minv_01m2q4486f328y2f5wf9t2zn7d [3mstatus[0m[2m=[0m"succeeded" [3mhandler_ms[0m[2m=[0m686 [3menvironment_boot_ms[0m[2m=[0m10 [3mruntime_init_ms[0m[2m=[0m9
[2m2026-09-17T07:26:07.516203Z[0m [32m INFO[0m [2mtachyon_serverless_provider_process[0m[2m:[0m terminating bridge [3menvironment_id[0m[2m=[0menv_01m2q44a1fm0rv2vbaar3ymzw8 [3mpid[0m[2m=[0m63511 [3mreason[0m[2m=[0mCompleted [3mgraceful[0m[2m=[0mtrue
[2m2026-09-17T07:26:07.590203Z[0m [32m INFO[0m [2mtachyon_serverless_provider_process[0m[2m:[0m bridge spawned [3menvironment_id[0m[2m=[0menv_01m2q44avjqpg8pw96z7dkhfy6 [3mpid[0m[2m=[0m63516
[2m2026-09-17T07:26:07.665279Z[0m [32m INFO[0m [2mtachyon_serverless_application::services::invoke[0m[2m:[0m invocation finished [3minvocation_id[0m[2m=[0minv_01m2q448v7mm5zaf6s29nnwgd7 [3mstatus[0m[2m=[0m"succeeded" [3mhandler_ms[0m[2m=[0m694 [3menvironment_boot_ms[0m[2m=[0m8 [3mruntime_init_ms[0m[2m=[0m9
[2m2026-09-17T07:26:07.666738Z[0m [32m INFO[0m [2mtachyon_serverless_provider_process[0m[2m:[0m terminating bridge [3menvironment_id[0m[2m=[0menv_01m2q44a683r59jrkhmcrdakk0 [3mpid[0m[2m=[0m63513 [3mreason[0m[2m=[0mCompleted [3mgraceful[0m[2m=[0mtrue
[2m2026-09-17T07:26:08.014664Z[0m [32m INFO[0m [2mtachyon_serverless_provider_process[0m[2m:[0m bridge spawned [3menvironment_id[0m[2m=[0menv_01m2q44b51nth83bthjxhjx1dp [3mpid[0m[2m=[0m63518
[2m2026-09-17T07:26:08.295515Z[0m [32m INFO[0m [2mtachyon_serverless_application::services::invoke[0m[2m:[0m invocation finished [3minvocation_id[0m[2m=[0minv_01m2q4490hgw4a357rm7edn7nx [3mstatus[0m[2m=[0m"succeeded" [3mhandler_ms[0m[2m=[0m684 [3menvironment_boot_ms[0m[2m=[0m9 [3mruntime_init_ms[0m[2m=[0m11
[2m2026-09-17T07:26:08.296984Z[0m [32m INFO[0m [2mtachyon_serverless_provider_process[0m[2m:[0m terminating bridge [3menvironment_id[0m[2m=[0menv_01m2q44avjqpg8pw96z7dkhfy6 [3mpid[0m[2m=[0m63516 [3mreason[0m[2m=[0mCompleted [3mgraceful[0m[2m=[0mtrue
[2m2026-09-17T07:26:08.321957Z[0m [32m INFO[0m [2mtachyon_serverless_provider_process[0m[2m:[0m bridge spawned [3menvironment_id[0m[2m=[0menv_01m2q44b9r0t71ebbc0wryrm2w [3mpid[0m[2m=[0m63521
[2m2026-09-17T07:26:08.650436Z[0m [32m INFO[0m [2mtachyon_serverless_application::services::invoke[0m[2m:[0m invocation finished [3minvocation_id[0m[2m=[0minv_01m2q44965z3jh269603hhq6v9 [3mstatus[0m[2m=[0m"succeeded" [3mhandler_ms[0m[2m=[0m614 [3menvironment_boot_ms[0m[2m=[0m14 [3mruntime_init_ms[0m[2m=[0m11
[2m2026-09-17T07:26:08.651896Z[0m [32m INFO[0m [2mtachyon_serverless_provider_process[0m[2m:[0m terminating bridge [3menvironment_id[0m[2m=[0menv_01m2q44b51nth83bthjxhjx1dp [3mpid[0m[2m=[0m63518 [3mreason[0m[2m=[0mCompleted [3mgraceful[0m[2m=[0mtrue
[2m2026-09-17T07:26:08.975444Z[0m [32m INFO[0m [2mtachyon_serverless_application::services::invoke[0m[2m:[0m invocation finished [3minvocation_id[0m[2m=[0minv_01m2q449yw1adrn3gt0mn82q0q [3mstatus[0m[2m=[0m"succeeded" [3mhandler_ms[0m[2m=[0m632 [3menvironment_boot_ms[0m[2m=[0m9 [3mruntime_init_ms[0m[2m=[0m10
[2m2026-09-17T07:26:08.976924Z[0m [32m INFO[0m [2mtachyon_serverless_provider_process[0m[2m:[0m terminating bridge [3menvironment_id[0m[2m=[0menv_01m2q44b9r0t71ebbc0wryrm2w [3mpid[0m[2m=[0m63521 [3mreason[0m[2m=[0mCompleted [3mgraceful[0m[2m=[0mtrue
[2m2026-09-17T07:26:09.564573Z[0m [32m INFO[0m [2mtachyon_serverless_provider_process[0m[2m:[0m bridge spawned [3menvironment_id[0m[2m=[0menv_01m2q44cp3eg9697qy17v75xm5 [3mpid[0m[2m=[0m63540
[2m2026-09-17T07:26:10.020656Z[0m [32m INFO[0m [2mtachyon_serverless_application::services::invoke[0m[2m:[0m invocation finished [3minvocation_id[0m[2m=[0minv_01m2q44cp27pbgx0khyhp2dzxh [3mstatus[0m[2m=[0m"succeeded" [3mhandler_ms[0m[2m=[0m434 [3menvironment_boot_ms[0m[2m=[0m10 [3mruntime_init_ms[0m[2m=[0m12
[2m2026-09-17T07:26:10.023452Z[0m [32m INFO[0m [2mtachyon_serverless_provider_process[0m[2m:[0m terminating bridge [3menvironment_id[0m[2m=[0menv_01m2q44cp3eg9697qy17v75xm5 [3mpid[0m[2m=[0m63540 [3mreason[0m[2m=[0mCompleted [3mgraceful[0m[2m=[0mtrue
[2m2026-09-17T07:26:10.636645Z[0m [32m INFO[0m [2mtachyon_serverless_provider_process[0m[2m:[0m bridge spawned [3menvironment_id[0m[2m=[0menv_01m2q44dr7sxp9995hweat5cxt [3mpid[0m[2m=[0m63544
[2m2026-09-17T07:26:11.130953Z[0m [32m INFO[0m [2mtachyon_serverless_application::services::invoke[0m[2m:[0m invocation finished [3minvocation_id[0m[2m=[0minv_01m2q44dr6r8pkg7k2xw0fkz5j [3mstatus[0m[2m=[0m"succeeded" [3mhandler_ms[0m[2m=[0m471 [3menvironment_boot_ms[0m[2m=[0m10 [3mruntime_init_ms[0m[2m=[0m10
[2m2026-09-17T07:26:11.131751Z[0m [32m INFO[0m [2mtachyon_serverless_provider_process[0m[2m:[0m terminating bridge [3menvironment_id[0m[2m=[0menv_01m2q44dr7sxp9995hweat5cxt [3mpid[0m[2m=[0m63544 [3mreason[0m[2m=[0mCompleted [3mgraceful[0m[2m=[0mtrue
[2m2026-09-17T07:26:11.598070Z[0m [32m INFO[0m [2mtachyon_serverless_provider_process[0m[2m:[0m bridge spawned [3menvironment_id[0m[2m=[0menv_01m2q44esqf2a0m42gskfzxhk8 [3mpid[0m[2m=[0m63546
[2m2026-09-17T07:26:12.042782Z[0m [32m INFO[0m [2mtachyon_serverless_application::services::invoke[0m[2m:[0m invocation finished [3minvocation_id[0m[2m=[0minv_01m2q44espr3yv1q22z2gygnqy [3mstatus[0m[2m=[0m"succeeded" [3mhandler_ms[0m[2m=[0m417 [3menvironment_boot_ms[0m[2m=[0m15 [3mruntime_init_ms[0m[2m=[0m10
[2m2026-09-17T07:26:12.044275Z[0m [32m INFO[0m [2mtachyon_serverless_provider_process[0m[2m:[0m terminating bridge [3menvironment_id[0m[2m=[0menv_01m2q44esqf2a0m42gskfzxhk8 [3mpid[0m[2m=[0m63546 [3mreason[0m[2m=[0mCompleted [3mgraceful[0m[2m=[0mtrue
[2m2026-09-17T07:26:15.126067Z[0m [32m INFO[0m [2mtachyon_serverless_gateway[0m[2m:[0m SIGTERM received
[2m2026-09-17T07:26:15.126834Z[0m [32m INFO[0m [2mtachyon_serverless_gateway[0m[2m:[0m shutdown requested; cancelling in-flight invocations
[2m2026-09-17T07:26:15.130658Z[0m [32m INFO[0m [2mtachyon_serverless_gateway[0m[2m:[0m gateway stopped
[2m2026-09-17T07:26:17.409063Z[0m [32m INFO[0m [2mtachyon_serverless_gateway[0m[2m:[0m configuration loaded [3mconfig[0m[2m=[0m/var/folders/z7/khzdjrt95cg_fcmcnh4j1b5h0000gn/T//tsls-load.kaiB51/gateway.toml
[2m2026-09-17T07:26:17.412270Z[0m [32m INFO[0m [2mtachyon_serverless_application::app[0m[2m:[0m state store opened [3mpath[0m[2m=[0m/var/folders/z7/khzdjrt95cg_fcmcnh4j1b5h0000gn/T//tsls-load.kaiB51/data/state.db [3mschema_version[0m[2m=[0m6 [3mmigrations_applied[0m[2m=[0m[] [3mimported_state_json[0m[2m=[0mNone [3msettled_invocations[0m[2m=[0m0 [3msettled_attempts[0m[2m=[0m0 [3msettled_environments[0m[2m=[0m0 [3mreleased_leases[0m[2m=[0m0 [3mdropped_idempotency_keys[0m[2m=[0m0 [3mpurged_idempotency_keys[0m[2m=[0m0 [3moutputs_purged[0m[2m=[0m0
[2m2026-09-17T07:26:17.412832Z[0m [32m INFO[0m [2mtachyon_serverless_application::services::dispatcher[0m[2m:[0m dispatcher registered [3mdispatcher_id[0m[2m=[0mdsp_01m2q44mt45jprt979ttv5qxqj [3minstance[0m[2m=[0mgateway@127.0.0.1:64112 [3mpid[0m[2m=[0m63586 [3mlease_ttl_seconds[0m[2m=[0m30
[2m2026-09-17T07:26:17.413419Z[0m [33m WARN[0m [2mtachyon_serverless_application::services::dispatcher[0m[2m:[0m reclaimed the work of dispatchers that lost their lease [3mdispatcher_id[0m[2m=[0mdsp_01m2q44mt45jprt979ttv5qxqj [3mreclaimed_dispatchers[0m[2m=[0m[DispatcherId(dsp_01m2q43hc50mhznantwdrp8frq)] [3mleases[0m[2m=[0m0 [3minvocations[0m[2m=[0m0 [3mattempts[0m[2m=[0m0 [3mfenced[0m[2m=[0m0
[2m2026-09-17T07:26:17.413739Z[0m [32m INFO[0m [2mtachyon_serverless_application::app[0m[2m:[0m application bootstrapped [3mprofile[0m[2m=[0m"dev" [3mprovider[0m[2m=[0m"process" [3mdev_only[0m[2m=[0mtrue [3menvironment_reuse[0m[2m=[0mfalse [3mreuse_verified[0m[2m=[0mfalse [3mreuse_reason[0m[2m=[0m"[pool] enabled is false" [3mreuse_disabled[0m[2m=[0mSome(Configuration) [3midle_quiesce[0m[2m=[0m"unsupported" [3midle_resume[0m[2m=[0m"unsupported" [3mdata_dir[0m[2m=[0m/var/folders/z7/khzdjrt95cg_fcmcnh4j1b5h0000gn/T//tsls-load.kaiB51/data [3mstore[0m[2m=[0m"sqlite" [3mdispatcher_id[0m[2m=[0mdsp_01m2q44mt45jprt979ttv5qxqj [3mnode[0m[2m=[0mlocal [3mnode_region[0m[2m=[0m"none" [3mnode_memory_mib[0m[2m=[0mNone [3mmax_concurrency[0m[2m=[0m4 [3mqueue[0m[2m=[0m"none" [3mobjects[0m[2m=[0m"none" [3minvoke_async[0m[2m=[0mfalse
[2m2026-09-17T07:26:17.414559Z[0m [32m INFO[0m [2mtachyon_serverless_application::services::reconcile[0m[2m:[0m startup reconcile finished [3mprovider[0m[2m=[0m"process" [3mfound[0m[2m=[0m0 [3madopted[0m[2m=[0m0 [3mterminated[0m[2m=[0m0 [3mdisowned[0m[2m=[0m0 [3mfailed[0m[2m=[0m0 [3mlost[0m[2m=[0m0 [3mforeign[0m[2m=[0m0 [3mreclaimed_dispatchers[0m[2m=[0m0 [3mfenced_terminated[0m[2m=[0m0 [3mfenced_pending[0m[2m=[0m0
[2m2026-09-17T07:26:17.414689Z[0m [32m INFO[0m [2mtachyon_serverless_gateway[0m[2m:[0m gateway listening [3maddr[0m[2m=[0m127.0.0.1:64112 [3mprofile[0m[2m=[0m"dev" [3mprovider[0m[2m=[0m"process"
[2m2026-09-17T07:26:17.840660Z[0m [32m INFO[0m [2mtachyon_serverless_provider_process[0m[2m:[0m bridge spawned [3menvironment_id[0m[2m=[0menv_01m2q44mv8fp4y2v660vcymg4y [3mpid[0m[2m=[0m63591
[2m2026-09-17T07:26:17.880002Z[0m [32m INFO[0m [2mtachyon_serverless_provider_process[0m[2m:[0m bridge spawned [3menvironment_id[0m[2m=[0menv_01m2q44mwks6ez2g65tmb3r9w1 [3mpid[0m[2m=[0m63593
[2m2026-09-17T07:26:18.359249Z[0m [32m INFO[0m [2mtachyon_serverless_application::services::invoke[0m[2m:[0m invocation finished [3minvocation_id[0m[2m=[0minv_01m2q44mv6t8yymv39dgnw3drx [3mstatus[0m[2m=[0m"succeeded" [3mhandler_ms[0m[2m=[0m498 [3menvironment_boot_ms[0m[2m=[0m9 [3mruntime_init_ms[0m[2m=[0m8
[2m2026-09-17T07:26:18.361109Z[0m [32m INFO[0m [2mtachyon_serverless_provider_process[0m[2m:[0m terminating bridge [3menvironment_id[0m[2m=[0menv_01m2q44mv8fp4y2v660vcymg4y [3mpid[0m[2m=[0m63591 [3mreason[0m[2m=[0mCompleted [3mgraceful[0m[2m=[0mtrue
[2m2026-09-17T07:26:18.435147Z[0m [32m INFO[0m [2mtachyon_serverless_application::services::invoke[0m[2m:[0m invocation finished [3minvocation_id[0m[2m=[0minv_01m2q44mwk6b7kegs5efekbm4v [3mstatus[0m[2m=[0m"succeeded" [3mhandler_ms[0m[2m=[0m502 [3menvironment_boot_ms[0m[2m=[0m13 [3mruntime_init_ms[0m[2m=[0m36
[2m2026-09-17T07:26:18.435337Z[0m [32m INFO[0m [2mtachyon_serverless_provider_process[0m[2m:[0m terminating bridge [3menvironment_id[0m[2m=[0menv_01m2q44mwks6ez2g65tmb3r9w1 [3mpid[0m[2m=[0m63593 [3mreason[0m[2m=[0mCompleted [3mgraceful[0m[2m=[0mtrue
[2m2026-09-17T07:26:18.803527Z[0m [32m INFO[0m [2mtachyon_serverless_provider_process[0m[2m:[0m bridge spawned [3menvironment_id[0m[2m=[0menv_01m2q44nv41f17es6qbx4wc02t [3mpid[0m[2m=[0m63602
[2m2026-09-17T07:26:18.859030Z[0m [32m INFO[0m [2mtachyon_serverless_provider_process[0m[2m:[0m bridge spawned [3menvironment_id[0m[2m=[0menv_01m2q44nwdbep8aqxcc42xe7ac [3mpid[0m[2m=[0m63605
[2m2026-09-17T07:26:19.280467Z[0m [32m INFO[0m [2mtachyon_serverless_application::services::invoke[0m[2m:[0m invocation finished [3minvocation_id[0m[2m=[0minv_01m2q44nv356qft02h0qjem2wm [3mstatus[0m[2m=[0m"succeeded" [3mhandler_ms[0m[2m=[0m439 [3menvironment_boot_ms[0m[2m=[0m13 [3mruntime_init_ms[0m[2m=[0m17
[2m2026-09-17T07:26:19.283335Z[0m [32m INFO[0m [2mtachyon_serverless_provider_process[0m[2m:[0m terminating bridge [3menvironment_id[0m[2m=[0menv_01m2q44nv41f17es6qbx4wc02t [3mpid[0m[2m=[0m63602 [3mreason[0m[2m=[0mCompleted [3mgraceful[0m[2m=[0mtrue
[2m2026-09-17T07:26:19.342998Z[0m [32m INFO[0m [2mtachyon_serverless_application::services::invoke[0m[2m:[0m invocation finished [3minvocation_id[0m[2m=[0minv_01m2q44nwc6pvc9ar0hk99208e [3mstatus[0m[2m=[0m"succeeded" [3mhandler_ms[0m[2m=[0m464 [3menvironment_boot_ms[0m[2m=[0m8 [3mruntime_init_ms[0m[2m=[0m9
[2m2026-09-17T07:26:19.346712Z[0m [32m INFO[0m [2mtachyon_serverless_provider_process[0m[2m:[0m terminating bridge [3menvironment_id[0m[2m=[0menv_01m2q44nwdbep8aqxcc42xe7ac [3mpid[0m[2m=[0m63605 [3mreason[0m[2m=[0mCompleted [3mgraceful[0m[2m=[0mtrue
[2m2026-09-17T07:26:19.824727Z[0m [32m INFO[0m [2mtachyon_serverless_provider_process[0m[2m:[0m bridge spawned [3menvironment_id[0m[2m=[0menv_01m2q44pptc49wmyk456xwbg2d [3mpid[0m[2m=[0m63623
[2m2026-09-17T07:26:19.856394Z[0m [32m INFO[0m [2mtachyon_serverless_provider_process[0m[2m:[0m bridge spawned [3menvironment_id[0m[2m=[0menv_01m2q44prhgx0nbvbns0yaqt5a [3mpid[0m[2m=[0m63625
[2m2026-09-17T07:26:20.282387Z[0m [32m INFO[0m [2mtachyon_serverless_application::services::invoke[0m[2m:[0m invocation finished [3minvocation_id[0m[2m=[0minv_01m2q44pps76wzjymd1ys23k5w [3mstatus[0m[2m=[0m"succeeded" [3mhandler_ms[0m[2m=[0m437 [3menvironment_boot_ms[0m[2m=[0m8 [3mruntime_init_ms[0m[2m=[0m10
[2m2026-09-17T07:26:20.283821Z[0m [32m INFO[0m [2mtachyon_serverless_provider_process[0m[2m:[0m terminating bridge [3menvironment_id[0m[2m=[0menv_01m2q44pptc49wmyk456xwbg2d [3mpid[0m[2m=[0m63623 [3mreason[0m[2m=[0mCompleted [3mgraceful[0m[2m=[0mtrue
[2m2026-09-17T07:26:20.363241Z[0m [32m INFO[0m [2mtachyon_serverless_application::services::invoke[0m[2m:[0m invocation finished [3minvocation_id[0m[2m=[0minv_01m2q44prggpgg0qhj36as5a1a [3mstatus[0m[2m=[0m"succeeded" [3mhandler_ms[0m[2m=[0m426 [3menvironment_boot_ms[0m[2m=[0m12 [3mruntime_init_ms[0m[2m=[0m63
[2m2026-09-17T07:26:20.364679Z[0m [32m INFO[0m [2mtachyon_serverless_provider_process[0m[2m:[0m terminating bridge [3menvironment_id[0m[2m=[0menv_01m2q44prhgx0nbvbns0yaqt5a [3mpid[0m[2m=[0m63625 [3mreason[0m[2m=[0mCompleted [3mgraceful[0m[2m=[0mtrue
[2m2026-09-17T07:26:22.121985Z[0m [32m INFO[0m [2mtachyon_serverless_gateway[0m[2m:[0m SIGTERM received
[2m2026-09-17T07:26:22.122217Z[0m [32m INFO[0m [2mtachyon_serverless_gateway[0m[2m:[0m shutdown requested; cancelling in-flight invocations
[2m2026-09-17T07:26:22.123858Z[0m [32m INFO[0m [2mtachyon_serverless_gateway[0m[2m:[0m gateway stopped
