{"timestamp":"2026-09-17T11:19:33.428458Z","level":"INFO","message":"configuration loaded","config":"/var/folders/z7/khzdjrt95cg_fcmcnh4j1b5h0000gn/T//tsls-split.xaf2aG/management.toml","target":"tachyon_serverless_gateway"}
{"timestamp":"2026-09-17T11:19:33.439574Z","level":"INFO","message":"state store opened","path":"/var/folders/z7/khzdjrt95cg_fcmcnh4j1b5h0000gn/T//tsls-split.xaf2aG/data/state.db","schema_version":8,"migrations_applied":"[1, 2, 3, 4, 5, 6, 7, 8]","imported_state_json":"None","settled_invocations":0,"settled_attempts":0,"settled_environments":0,"released_leases":0,"dropped_idempotency_keys":0,"purged_idempotency_keys":0,"outputs_purged":0,"target":"tachyon_serverless_application::app"}
{"timestamp":"2026-09-17T11:19:33.439982Z","level":"INFO","message":"dispatcher registered","dispatcher_id":"dsp_01m2qhfrsz56jcj05hypteg0pn","instance":"management","pid":36506,"lease_ttl_seconds":30,"target":"tachyon_serverless_application::services::dispatcher"}
{"timestamp":"2026-09-17T11:19:33.444017Z","level":"INFO","message":"application bootstrapped","profile":"dev","provider":"process","dev_only":true,"environment_reuse":false,"reuse_verified":false,"reuse_reason":"[pool] enabled is false","reuse_disabled":"Some(Configuration)","idle_quiesce":"unsupported","idle_resume":"unsupported","data_dir":"/var/folders/z7/khzdjrt95cg_fcmcnh4j1b5h0000gn/T//tsls-split.xaf2aG/data","store":"sqlite","dispatcher_id":"dsp_01m2qhfrsz56jcj05hypteg0pn","node":"local","node_region":"none","node_memory_mib":"None","max_concurrency":8,"queue":"none","objects":"none","invoke_async":false,"triggers":false,"target":"tachyon_serverless_application::app"}
{"timestamp":"2026-09-17T11:19:33.444304Z","level":"INFO","message":"startup reconcile finished","provider":"process","found":0,"adopted":0,"terminated":0,"disowned":0,"failed":0,"lost":0,"foreign":0,"reclaimed_dispatchers":0,"fenced_terminated":0,"fenced_pending":0,"target":"tachyon_serverless_application::services::reconcile"}
{"timestamp":"2026-09-17T11:19:33.444406Z","level":"INFO","message":"gateway listening","addr":"127.0.0.1:52019","profile":"dev","provider":"process","target":"tachyon_serverless_gateway"}
{"timestamp":"2026-09-17T11:19:34.285853Z","level":"INFO","message":"revision ready","revision_id":"rev_01m2qhfsckm5kytc27eadxmpym","function_id":"fn_01m2qhfrvtfvbrgj580rjmyras","target":"tachyon_serverless_application::services::revision"}
{"timestamp":"2026-09-17T11:19:35.025758Z","level":"INFO","message":"revision ready","revision_id":"rev_01m2qhft410t3jnnhqk3js6z5t","function_id":"fn_01m2qhfrw5x24pc3x9vtm021mh","target":"tachyon_serverless_application::services::revision"}
{"timestamp":"2026-09-17T11:19:36.533229Z","level":"INFO","message":"revision ready","revision_id":"rev_01m2qhfvk7zqz0sfk6hzg31xnc","function_id":"fn_01m2qhfrvtfvbrgj580rjmyras","target":"tachyon_serverless_application::services::revision"}
{"timestamp":"2026-09-17T11:19:37.449402Z","level":"INFO","message":"draining revision: new work goes elsewhere (or is refused), running work completes","revision_id":"rev_01m2qhfsckm5kytc27eadxmpym","reason":"alias_switch","target":"tachyon_serverless_application::services::scaling"}
{"timestamp":"2026-09-17T11:19:38.087660Z","level":"INFO","message":"SIGTERM received","target":"tachyon_serverless_gateway"}
{"timestamp":"2026-09-17T11:19:38.087706Z","level":"INFO","message":"shutdown requested; cancelling in-flight invocations","target":"tachyon_serverless_gateway"}
{"timestamp":"2026-09-17T11:19:38.089153Z","level":"INFO","message":"final usage collection","report":"CollectReport { batches: 1, read: 2, inserted: 2, duplicates: 0, cursor_seq: 17 }","target":"tachyon_serverless_gateway"}
{"timestamp":"2026-09-17T11:19:38.090286Z","level":"INFO","message":"gateway stopped","target":"tachyon_serverless_gateway"}
{"timestamp":"2026-09-17T11:19:51.701953Z","level":"INFO","message":"configuration loaded","config":"/var/folders/z7/khzdjrt95cg_fcmcnh4j1b5h0000gn/T//tsls-split.xaf2aG/management.toml","target":"tachyon_serverless_gateway"}
{"timestamp":"2026-09-17T11:19:51.703249Z","level":"INFO","message":"state store opened","path":"/var/folders/z7/khzdjrt95cg_fcmcnh4j1b5h0000gn/T//tsls-split.xaf2aG/data/state.db","schema_version":8,"migrations_applied":"[]","imported_state_json":"None","settled_invocations":0,"settled_attempts":0,"settled_environments":0,"released_leases":0,"dropped_idempotency_keys":0,"purged_idempotency_keys":0,"outputs_purged":0,"target":"tachyon_serverless_application::app"}
{"timestamp":"2026-09-17T11:19:51.703519Z","level":"INFO","message":"dispatcher registered","dispatcher_id":"dsp_01m2qhgamqy68rjrtzecdg89qg","instance":"management","pid":37142,"lease_ttl_seconds":30,"target":"tachyon_serverless_application::services::dispatcher"}
{"timestamp":"2026-09-17T11:19:51.704410Z","level":"INFO","message":"application bootstrapped","profile":"dev","provider":"process","dev_only":true,"environment_reuse":false,"reuse_verified":false,"reuse_reason":"[pool] enabled is false","reuse_disabled":"Some(Configuration)","idle_quiesce":"unsupported","idle_resume":"unsupported","data_dir":"/var/folders/z7/khzdjrt95cg_fcmcnh4j1b5h0000gn/T//tsls-split.xaf2aG/data","store":"sqlite","dispatcher_id":"dsp_01m2qhgamqy68rjrtzecdg89qg","node":"local","node_region":"none","node_memory_mib":"None","max_concurrency":8,"queue":"none","objects":"none","invoke_async":false,"triggers":false,"target":"tachyon_serverless_application::app"}
{"timestamp":"2026-09-17T11:19:51.704713Z","level":"INFO","message":"startup reconcile finished","provider":"process","found":0,"adopted":0,"terminated":0,"disowned":0,"failed":0,"lost":0,"foreign":0,"reclaimed_dispatchers":0,"fenced_terminated":0,"fenced_pending":0,"target":"tachyon_serverless_application::services::reconcile"}
{"timestamp":"2026-09-17T11:19:51.704777Z","level":"INFO","message":"gateway listening","addr":"127.0.0.1:52019","profile":"dev","provider":"process","target":"tachyon_serverless_gateway"}
{"timestamp":"2026-09-17T11:19:52.542907Z","level":"INFO","message":"SIGTERM received","target":"tachyon_serverless_gateway"}
{"timestamp":"2026-09-17T11:19:52.542962Z","level":"INFO","message":"shutdown requested; cancelling in-flight invocations","target":"tachyon_serverless_gateway"}
{"timestamp":"2026-09-17T11:19:52.543352Z","level":"INFO","message":"final usage collection","report":"CollectReport { batches: 0, read: 0, inserted: 0, duplicates: 0, cursor_seq: 95 }","target":"tachyon_serverless_gateway"}
{"timestamp":"2026-09-17T11:19:52.543987Z","level":"INFO","message":"gateway stopped","target":"tachyon_serverless_gateway"}
