error: init_error (HTTP 502): invocation inv_01m2q4as5zc5hsaf7ct3dnbwt1 failed: Host.EnvironmentBootFailed: boot failed: timeout waiting for guest bridge on /srv/jailer/firecracker/env-01m2q4as7zgbggytrwcy3xjfc9/root/v.sock_5000 after 30s
--- console.log (tail) ---
...'user_space'
[    9.549511] audit: type=2000 audit(0.700:1): state=initialized audit_enabled=0 res=1
[    9.858124] cpuidle: using governor menu
[    9.904270] hw-breakpoint: found 6 breakpoint and 4 watchpoint registers.
[   10.039634] ASID allocator initialised with 65536 entries
[   10.435209] HugeTLB: registered 1.00 GiB page size, pre-allocated 0 pages
[   10.545715] HugeTLB: 0 KiB vmemmap can be freed for a 1.00 GiB page
[   10.567295] HugeTLB: registered 32.0 MiB page size, pre-allocated 0 pages
[   10.942052] HugeTLB: 0 KiB vmemmap can be freed for a 32.0 MiB page
[   11.063593] HugeTLB: registered 2.00 MiB page size, pre-allocated 0 pages
[   11.271194] HugeTLB: 0 KiB vmemmap can be freed for a 2.00 MiB page
[   11.373794] HugeTLB: registered 64.0 KiB page size, pre-allocated 0 pages
[   11.439795] HugeTLB: 0 KiB vmemmap can be freed for a 64.0 KiB page
[   11.828732] ACPI: Interpreter disabled.
[   11.955199] iommu: Default domain type: Translated 
[   12.067750] iommu: DMA domain TLB invalidation policy: strict mode 
[   12.240867] SCSI subsystem initialized
[   12.250604] pps_core: LinuxPPS API ver. 1 registered
[   12.327128] pps_core: Software ver. 5.3.6 - Copyright 2005-2007 Rodolfo Giometti <giometti@linux.it>
[   12.575014] PTP clock support registered
[   12.782284] NetLabel: Initializing
[   12.790531] NetLabel:  domain hash size = 128
[   12.960169] NetLabel:  protocols = UNLABELED CIPSOv4 CALIPSO
[   13.345934] NetLabel:  unlabeled traffic allowed by default
[   13.465121] vgaarb: loaded
[   13.599747] clocksource: Switched to clocksource arch_sys_counter
[   13.843572] VFS: Disk quotas dquot_6.6.0
[   13.873101] VFS: Dquot-cache hash table entries: 512 (order 0, 4096 bytes)
[   14.316834] pnp: PnP ACPI: disabled
[   14.505970] NET: Registered PF_INET protocol family
[   14.711778] IP idents hash table entries: 4096 (order: 3, 32768 bytes, linear)
[   15.134382] tcp_listen_portaddr_hash hash table entries: 256 (order: 0, 4096 bytes, linear)
[   15.250434] Table-perturb hash table entries: 65536 (order: 6, 262144 bytes, linear)
[   15.528226] TCP established hash table entries: 2048 (order: 2, 16384 bytes, linear)
[   15.857185] TCP bind hash table entries: 2048 (order: 4, 65536 bytes, linear)
[   16.062987] TCP: Hash tables configured (established 2048 bind 2048)
[   16.411548] MPTCP token hash table entries: 256 (order: 0, 6144 bytes, linear)
[   16.594282] UDP hash table entries: 256 (order: 1, 8192 bytes, linear)
[   16.708393] UDP-Lite hash table entries: 256 (order: 1, 8192 bytes, linear)
[   16.942375] NET: Registered PF_UNIX/PF_LOCAL protocol family
[   17.263447] RPC: Registered named UNIX socket transport module.
[   17.496258] RPC: Registered udp transport module.
[   17.799507] RPC: Registered tcp transport module.
[   17.819700] RPC: Registered tcp NFSv4.1 backchannel transport module.
[   17.907262] NET: Registered PF_XDP protocol family
[   18.098283] PCI: CLS 0 bytes, default 64
[   18.290935] Initialise system trusted keyrings
[   18.411125] workingset: timestamp_bits=36 max_order=16 bucket_order=0
[   18.916835] zbud: loaded
[   19.428726] squashfs: version 4.0 (2009/01/31) Phillip Lougher
[   19.586095] NFS: Registering the id_resolver key type
[   19.824192] Key type id_resolver registered
[   19.878036] Key type id_legacy registered
[   20.081544] nfs4filelayout_init: NFSv4 File Layout Driver Registering...
[   20.282031] SGI XFS with ACLs, security attributes, quota, no debug enabled
[   20.887852] Key type asymmetric registered
[   21.226187] Asymmetric key parser 'x509' registered
[   21.286070] Block layer SCSI generic (bsg) driver version 0.4 loaded (major 247)
[   21.715705] io scheduler mq-deadline registered
[   21.785112] io scheduler kyber registered
[   22.032435] io scheduler bfq registered
[   22.215030] Serial: 8250/16550 driver, 1 ports, IRQ sharing disabled
[   22.287327] printk: console [ttyS0] disabled
[   22.488319] 40002000.uart: ttyS0 at MMIO 0x40002000 (irq = 13, base_baud = 1500000) is a 16550A

--- fc.log (tail) ---
2026-09-17T07:29:40.279872674 [env-01m2q4as7zgbggytrwcy3xjfc9:main] If the VM was restored from snapshot, boot-source, machine-config.smt, and machine-config.cpu_template will all be empty.
2026-09-17T07:29:40.738021386 [env-01m2q4as7zgbggytrwcy3xjfc9:main] Could not read the coherency line size, size, number of sets for cache level 1.
2026-09-17T07:29:40.738429582 [env-01m2q4as7zgbggytrwcy3xjfc9:main] Could not read the coherency line size, size, number of sets for cache level 1.
2026-09-17T07:29:40.953572277 [env-01m2q4as7zgbggytrwcy3xjfc9:fc_vcpu 0] Received a VcpuEvent::Resume message with immediate_exit enabled. immediate_exit was disabled before proceeding
 [type=Host.EnvironmentBootFailed] [invocation=inv_01m2q4as5zc5hsaf7ct3dnbwt1] [request=01m2q4as5yra0bwep8zths6hx9]
ASSERT_EQ failed (jq .error.code): expected [crash] got [init_error]
