
===== a start (failpoints: none) 18:30:58 =====
{"timestamp":"2026-09-17T18:30:59.684246Z","level":"INFO","message":"configuration loaded","config":"/private/var/folders/z7/khzdjrt95cg_fcmcnh4j1b5h0000gn/T/tsls-chaos.Rk7l3I/gw-a.toml","target":"tachyon_serverless_gateway"}
{"timestamp":"2026-09-17T18:30:59.687677Z","level":"INFO","message":"connected successfully","server":"53331","max_payload":"1048576","target":"async_nats::connector"}
{"timestamp":"2026-09-17T18:30:59.688169Z","level":"INFO","message":"event: connected","target":"async_nats"}
{"timestamp":"2026-09-17T18:30:59.707940Z","level":"INFO","message":"JetStream queue connected and stream bootstrapped","url":"nats://127.0.0.1:53331","stream":"TACHYON_EVENTS","target":"tachyon_serverless_gateway::durable"}
{"timestamp":"2026-09-17T18:30:59.715047Z","level":"INFO","message":"state store opened","path":"/private/var/folders/z7/khzdjrt95cg_fcmcnh4j1b5h0000gn/T/tsls-chaos.Rk7l3I/data/state.db","schema_version":8,"migrations_applied":"[1, 2, 3, 4, 5, 6, 7, 8]","imported_state_json":"None","settled_invocations":0,"settled_attempts":0,"settled_environments":0,"released_leases":0,"dropped_idempotency_keys":0,"purged_idempotency_keys":0,"outputs_purged":0,"target":"tachyon_serverless_application::app"}
{"timestamp":"2026-09-17T18:30:59.717556Z","level":"INFO","message":"log store opened","path":"/private/var/folders/z7/khzdjrt95cg_fcmcnh4j1b5h0000gn/T/tsls-chaos.Rk7l3I/data/logs/logs.db","healthy":true,"retention_seconds":604800,"max_total_bytes":1073741824,"target":"tachyon_serverless_application::app"}
{"timestamp":"2026-09-17T18:30:59.718003Z","level":"INFO","message":"dispatcher registered","dispatcher_id":"dsp_01m2ra5rc5wehnkbme8rygx5me","instance":"chaos-a","pid":78511,"lease_ttl_seconds":6,"target":"tachyon_serverless_application::services::dispatcher"}
{"timestamp":"2026-09-17T18:30:59.722127Z","level":"INFO","message":"application bootstrapped","profile":"dev","provider":"process","dev_only":true,"environment_reuse":false,"reuse_verified":false,"reuse_reason":"[pool] enabled is false","reuse_disabled":"Some(Configuration)","idle_quiesce":"unsupported","idle_resume":"unsupported","data_dir":"/private/var/folders/z7/khzdjrt95cg_fcmcnh4j1b5h0000gn/T/tsls-chaos.Rk7l3I/data","store":"sqlite","dispatcher_id":"dsp_01m2ra5rc5wehnkbme8rygx5me","node":"local","node_region":"none","node_memory_mib":"None","max_concurrency":8,"queue":"nats","objects":"filesystem","invoke_async":true,"triggers":true,"target":"tachyon_serverless_application::app"}
{"timestamp":"2026-09-17T18:30:59.722355Z","level":"INFO","message":"startup reconcile finished","provider":"process","found":0,"adopted":0,"terminated":0,"disowned":0,"failed":0,"lost":0,"foreign":0,"reclaimed_dispatchers":0,"fenced_terminated":0,"fenced_pending":0,"target":"tachyon_serverless_application::services::reconcile"}
{"timestamp":"2026-09-17T18:30:59.722424Z","level":"INFO","message":"gateway listening","addr":"127.0.0.1:53335","profile":"dev","provider":"process","target":"tachyon_serverless_gateway"}
{"timestamp":"2026-09-17T18:30:59.724062Z","level":"INFO","message":"asynchronous dispatcher started","workers":2,"owner":"dsp_01m2ra5rc5wehnkbme8rygx5me","target":"tachyon_serverless_gateway"}
{"timestamp":"2026-09-17T18:31:00.413619Z","level":"INFO","message":"revision ready","revision_id":"rev_01m2ra5rx82cjeyvmz8mbmrgh6","function_id":"fn_01m2ra5rjpn5x02mh9664etvn1","target":"tachyon_serverless_application::services::revision"}
{"timestamp":"2026-09-17T18:31:01.006296Z","level":"INFO","message":"revision ready","revision_id":"rev_01m2ra5sg4wg3wchxcf4ya5bj9","function_id":"fn_01m2ra5s6d3r7pd45xv06s90b1","target":"tachyon_serverless_application::services::revision"}
{"timestamp":"2026-09-17T18:31:01.490620Z","level":"INFO","message":"revision ready","revision_id":"rev_01m2ra5sz8gcv60jk1v8f4vk3g","function_id":"fn_01m2ra5snnm0p3z0whd734tdsy","target":"tachyon_serverless_application::services::revision"}
{"timestamp":"2026-09-17T18:31:02.050787Z","level":"INFO","message":"trigger created","trigger_id":"trg_01m2ra5tn2ecsakw75pprryxbh","function_id":"fn_01m2ra5s6d3r7pd45xv06s90b1","kind":"cron","enabled":true,"next_fire_at":"Some(2026-09-17T18:31:04Z)","target":"tachyon_serverless_application::services::triggers"}
{"timestamp":"2026-09-17T18:31:02.062907Z","level":"INFO","message":"trigger created","trigger_id":"trg_01m2ra5tne5y26w0gmefz6wsnr","function_id":"fn_01m2ra5s6d3r7pd45xv06s90b1","kind":"webhook","enabled":true,"next_fire_at":"None","target":"tachyon_serverless_application::services::triggers"}
{"timestamp":"2026-09-17T18:31:02.222694Z","level":"INFO","message":"bridge spawned","environment_id":"env_01m2ra5tp2zkeajwdyxfar1q1f","pid":78801,"target":"tachyon_serverless_provider_process"}
{"timestamp":"2026-09-17T18:31:02.833238Z","level":"INFO","message":"invocation finished","invocation_id":"inv_01m2ra5tp2va01wrghcvfd2263","status":"succeeded","handler_ms":0,"environment_boot_ms":473,"runtime_init_ms":136,"target":"tachyon_serverless_application::services::invoke"}
{"timestamp":"2026-09-17T18:31:02.834826Z","level":"INFO","message":"terminating bridge","environment_id":"env_01m2ra5tp2zkeajwdyxfar1q1f","pid":78801,"reason":"Completed","graceful":true,"target":"tachyon_serverless_provider_process"}
{"timestamp":"2026-09-17T18:31:02.886616Z","level":"INFO","message":"asynchronous invocation accepted","invocation_id":"inv_01m2ra5vf6ktpvaqt8mcxjj8cn","tenant_id":"tn_01hzzzzzzzzzzzzzzzzzzzzzza","revision_id":"rev_01m2ra5rx82cjeyvmz8mbmrgh6","input_bytes":48,"input_storage":"inline","target":"tachyon_serverless_application::services::invoke_async"}
{"timestamp":"2026-09-17T18:31:02.902277Z","level":"INFO","message":"asynchronous run claimed","invocation_id":"inv_01m2ra5vf6ktpvaqt8mcxjj8cn","attempt":1,"generation":0,"delivery_count":1,"target":"tachyon_serverless_application::services::invoke_async::dispatch"}
{"timestamp":"2026-09-17T18:31:02.964683Z","level":"INFO","message":"asynchronous invocation accepted","invocation_id":"inv_01m2ra5vh2rmavqxv6ygq3tc4j","tenant_id":"tn_01hzzzzzzzzzzzzzzzzzzzzzza","revision_id":"rev_01m2ra5rx82cjeyvmz8mbmrgh6","input_bytes":4128,"input_storage":"object","target":"tachyon_serverless_application::services::invoke_async"}
{"timestamp":"2026-09-17T18:31:02.969752Z","level":"INFO","message":"asynchronous run claimed","invocation_id":"inv_01m2ra5vh2rmavqxv6ygq3tc4j","attempt":1,"generation":0,"delivery_count":1,"target":"tachyon_serverless_application::services::invoke_async::dispatch"}
{"timestamp":"2026-09-17T18:31:02.997298Z","level":"INFO","message":"asynchronous invocation accepted","invocation_id":"inv_01m2ra5vjk3p21hzhf0j6h23hw","tenant_id":"tn_01hzzzzzzzzzzzzzzzzzzzzzza","revision_id":"rev_01m2ra5sg4wg3wchxcf4ya5bj9","input_bytes":191,"input_storage":"inline","target":"tachyon_serverless_application::services::invoke_async"}
{"timestamp":"2026-09-17T18:31:02.997342Z","level":"INFO","message":"webhook trigger fired","trigger_id":"trg_01m2ra5tne5y26w0gmefz6wsnr","event_id":"evt-base-w1","invocation_id":"inv_01m2ra5vjk3p21hzhf0j6h23hw","revision_id":"rev_01m2ra5sg4wg3wchxcf4ya5bj9","replayed":false,"target":"tachyon_serverless_application::services::triggers"}
{"timestamp":"2026-09-17T18:31:03.061065Z","level":"INFO","message":"bridge spawned","environment_id":"env_01m2ra5vfpabg80vvs8j03yzkn","pid":78878,"target":"tachyon_serverless_provider_process"}
{"timestamp":"2026-09-17T18:31:03.121806Z","level":"INFO","message":"bridge spawned","environment_id":"env_01m2ra5vhve3famtpnpbnh0dm9","pid":78880,"target":"tachyon_serverless_provider_process"}
{"timestamp":"2026-09-17T18:31:03.165155Z","level":"INFO","message":"bridge spawned","environment_id":"env_01m2ra5vkjb7npyx732hyx76c7","pid":78883,"target":"tachyon_serverless_provider_process"}
{"timestamp":"2026-09-17T18:31:03.174683Z","level":"INFO","message":"invocation finished","invocation_id":"inv_01m2ra5vkhqesrwaaa6yayhy1r","status":"succeeded","handler_ms":0,"environment_boot_ms":3,"runtime_init_ms":4,"target":"tachyon_serverless_application::services::invoke"}
{"timestamp":"2026-09-17T18:31:03.176244Z","level":"INFO","message":"terminating bridge","environment_id":"env_01m2ra5vkjb7npyx732hyx76c7","pid":78883,"reason":"Completed","graceful":true,"target":"tachyon_serverless_provider_process"}
{"timestamp":"2026-09-17T18:31:03.224093Z","level":"INFO","message":"invocation finished","invocation_id":"inv_01m2ra5vf6ktpvaqt8mcxjj8cn","status":"succeeded (async run)","handler_ms":1,"environment_boot_ms":5,"runtime_init_ms":155,"target":"tachyon_serverless_application::services::invoke"}
{"timestamp":"2026-09-17T18:31:03.224763Z","level":"INFO","message":"invocation finished","invocation_id":"inv_01m2ra5vh2rmavqxv6ygq3tc4j","status":"succeeded (async run)","handler_ms":1,"environment_boot_ms":4,"runtime_init_ms":97,"target":"tachyon_serverless_application::services::invoke"}
{"timestamp":"2026-09-17T18:31:03.225258Z","level":"INFO","message":"terminating bridge","environment_id":"env_01m2ra5vfpabg80vvs8j03yzkn","pid":78878,"reason":"Completed","graceful":true,"target":"tachyon_serverless_provider_process"}
{"timestamp":"2026-09-17T18:31:03.226191Z","level":"INFO","message":"terminating bridge","environment_id":"env_01m2ra5vhve3famtpnpbnh0dm9","pid":78880,"reason":"Completed","graceful":true,"target":"tachyon_serverless_provider_process"}
{"timestamp":"2026-09-17T18:31:03.228683Z","level":"INFO","message":"asynchronous invocation settled","invocation_id":"inv_01m2ra5vf6ktpvaqt8mcxjj8cn","status":"succeeded","target":"tachyon_serverless_application::services::invoke_async::dispatch"}
{"timestamp":"2026-09-17T18:31:03.234329Z","level":"INFO","message":"async dispatch: delivery handled","message_id":"inv_01m2ra5vf6ktpvaqt8mcxjj8cn","sequence":1,"delivery_count":1,"outcome":"Completed { status: \"succeeded\" }","target":"tachyon_serverless_application::services::invoke_async::dispatch"}
{"timestamp":"2026-09-17T18:31:03.234634Z","level":"INFO","message":"asynchronous invocation accepted","invocation_id":"inv_01m2ra5vsxb37t04h57bw4rfsh","tenant_id":"tn_01hzzzzzzzzzzzzzzzzzzzzzza","revision_id":"rev_01m2ra5rx82cjeyvmz8mbmrgh6","input_bytes":48,"input_storage":"inline","target":"tachyon_serverless_application::services::invoke_async"}
{"timestamp":"2026-09-17T18:31:03.238448Z","level":"INFO","message":"asynchronous invocation settled","invocation_id":"inv_01m2ra5vh2rmavqxv6ygq3tc4j","status":"succeeded","target":"tachyon_serverless_application::services::invoke_async::dispatch"}
{"timestamp":"2026-09-17T18:31:03.242487Z","level":"INFO","message":"async dispatch: delivery handled","message_id":"inv_01m2ra5vh2rmavqxv6ygq3tc4j","sequence":2,"delivery_count":1,"outcome":"Completed { status: \"succeeded\" }","target":"tachyon_serverless_application::services::invoke_async::dispatch"}
{"timestamp":"2026-09-17T18:31:03.242902Z","level":"INFO","message":"asynchronous run claimed","invocation_id":"inv_01m2ra5vjk3p21hzhf0j6h23hw","attempt":1,"generation":0,"delivery_count":1,"target":"tachyon_serverless_application::services::invoke_async::dispatch"}
{"timestamp":"2026-09-17T18:31:03.246932Z","level":"INFO","message":"asynchronous run claimed","invocation_id":"inv_01m2ra5vsxb37t04h57bw4rfsh","attempt":1,"generation":0,"delivery_count":1,"target":"tachyon_serverless_application::services::invoke_async::dispatch"}
{"timestamp":"2026-09-17T18:31:03.313411Z","level":"INFO","message":"asynchronous invocation accepted","invocation_id":"inv_01m2ra5vw19g9v32ge7c83vk93","tenant_id":"tn_01hzzzzzzzzzzzzzzzzzzzzzza","revision_id":"rev_01m2ra5rx82cjeyvmz8mbmrgh6","input_bytes":4128,"input_storage":"object","target":"tachyon_serverless_application::services::invoke_async"}
{"timestamp":"2026-09-17T18:31:03.353075Z","level":"INFO","message":"asynchronous invocation accepted","invocation_id":"inv_01m2ra5vxr84nb937wxwzpv20d","tenant_id":"tn_01hzzzzzzzzzzzzzzzzzzzzzza","revision_id":"rev_01m2ra5sg4wg3wchxcf4ya5bj9","input_bytes":191,"input_storage":"inline","target":"tachyon_serverless_application::services::invoke_async"}
{"timestamp":"2026-09-17T18:31:03.353111Z","level":"INFO","message":"webhook trigger fired","trigger_id":"trg_01m2ra5tne5y26w0gmefz6wsnr","event_id":"evt-base-w2","invocation_id":"inv_01m2ra5vxr84nb937wxwzpv20d","revision_id":"rev_01m2ra5sg4wg3wchxcf4ya5bj9","replayed":false,"target":"tachyon_serverless_application::services::triggers"}
{"timestamp":"2026-09-17T18:31:03.410567Z","level":"INFO","message":"bridge spawned","environment_id":"env_01m2ra5vtbf423ybr902k2w846","pid":78958,"target":"tachyon_serverless_provider_process"}
{"timestamp":"2026-09-17T18:31:03.419719Z","level":"INFO","message":"bridge spawned","environment_id":"env_01m2ra5vtf9yh9bs5bj3dn9m2e","pid":78960,"target":"tachyon_serverless_provider_process"}
{"timestamp":"2026-09-17T18:31:03.423591Z","level":"INFO","message":"invocation finished","invocation_id":"inv_01m2ra5vjk3p21hzhf0j6h23hw","status":"succeeded (async run)","handler_ms":0,"environment_boot_ms":3,"runtime_init_ms":7,"target":"tachyon_serverless_application::services::invoke"}
{"timestamp":"2026-09-17T18:31:03.425026Z","level":"INFO","message":"terminating bridge","environment_id":"env_01m2ra5vtbf423ybr902k2w846","pid":78958,"reason":"Completed","graceful":true,"target":"tachyon_serverless_provider_process"}
{"timestamp":"2026-09-17T18:31:03.428586Z","level":"INFO","message":"asynchronous invocation settled","invocation_id":"inv_01m2ra5vjk3p21hzhf0j6h23hw","status":"succeeded","target":"tachyon_serverless_application::services::invoke_async::dispatch"}
{"timestamp":"2026-09-17T18:31:03.434358Z","level":"INFO","message":"async dispatch: delivery handled","message_id":"inv_01m2ra5vjk3p21hzhf0j6h23hw","sequence":3,"delivery_count":1,"outcome":"Completed { status: \"succeeded\" }","target":"tachyon_serverless_application::services::invoke_async::dispatch"}
{"timestamp":"2026-09-17T18:31:03.434778Z","level":"INFO","message":"asynchronous run claimed","invocation_id":"inv_01m2ra5vw19g9v32ge7c83vk93","attempt":1,"generation":0,"delivery_count":1,"target":"tachyon_serverless_application::services::invoke_async::dispatch"}
{"timestamp":"2026-09-17T18:31:03.435701Z","level":"INFO","message":"invocation finished","invocation_id":"inv_01m2ra5vsxb37t04h57bw4rfsh","status":"succeeded (async run)","handler_ms":0,"environment_boot_ms":4,"runtime_init_ms":9,"target":"tachyon_serverless_application::services::invoke"}
{"timestamp":"2026-09-17T18:31:03.437538Z","level":"INFO","message":"terminating bridge","environment_id":"env_01m2ra5vtf9yh9bs5bj3dn9m2e","pid":78960,"reason":"Completed","graceful":true,"target":"tachyon_serverless_provider_process"}
{"timestamp":"2026-09-17T18:31:03.441449Z","level":"INFO","message":"asynchronous invocation settled","invocation_id":"inv_01m2ra5vsxb37t04h57bw4rfsh","status":"succeeded","target":"tachyon_serverless_application::services::invoke_async::dispatch"}
{"timestamp":"2026-09-17T18:31:03.446249Z","level":"INFO","message":"async dispatch: delivery handled","message_id":"inv_01m2ra5vsxb37t04h57bw4rfsh","sequence":4,"delivery_count":1,"outcome":"Completed { status: \"succeeded\" }","target":"tachyon_serverless_application::services::invoke_async::dispatch"}
{"timestamp":"2026-09-17T18:31:03.450379Z","level":"INFO","message":"asynchronous run claimed","invocation_id":"inv_01m2ra5vxr84nb937wxwzpv20d","attempt":1,"generation":0,"delivery_count":1,"target":"tachyon_serverless_application::services::invoke_async::dispatch"}
{"timestamp":"2026-09-17T18:31:03.526024Z","level":"INFO","message":"bridge spawned","environment_id":"env_01m2ra5vynsmnb7cbe0qy5at9s","pid":78962,"target":"tachyon_serverless_provider_process"}
{"timestamp":"2026-09-17T18:31:03.541644Z","level":"INFO","message":"invocation finished","invocation_id":"inv_01m2ra5vymetr3kj068dwrywyj","status":"succeeded","handler_ms":0,"environment_boot_ms":6,"runtime_init_ms":7,"target":"tachyon_serverless_application::services::invoke"}
{"timestamp":"2026-09-17T18:31:03.543226Z","level":"INFO","message":"terminating bridge","environment_id":"env_01m2ra5vynsmnb7cbe0qy5at9s","pid":78962,"reason":"Completed","graceful":true,"target":"tachyon_serverless_provider_process"}
{"timestamp":"2026-09-17T18:31:03.588991Z","level":"INFO","message":"bridge spawned","environment_id":"env_01m2ra5w0cabgndfb7pzaq6drk","pid":78977,"target":"tachyon_serverless_provider_process"}
{"timestamp":"2026-09-17T18:31:03.596678Z","level":"INFO","message":"bridge spawned","environment_id":"env_01m2ra5w0tapb2xchhfpkaw66h","pid":78979,"target":"tachyon_serverless_provider_process"}
{"timestamp":"2026-09-17T18:31:03.602561Z","level":"INFO","message":"invocation finished","invocation_id":"inv_01m2ra5vw19g9v32ge7c83vk93","status":"succeeded (async run)","handler_ms":1,"environment_boot_ms":3,"runtime_init_ms":7,"target":"tachyon_serverless_application::services::invoke"}
{"timestamp":"2026-09-17T18:31:03.604782Z","level":"INFO","message":"terminating bridge","environment_id":"env_01m2ra5w0cabgndfb7pzaq6drk","pid":78977,"reason":"Completed","graceful":true,"target":"tachyon_serverless_provider_process"}
{"timestamp":"2026-09-17T18:31:03.608787Z","level":"INFO","message":"asynchronous invocation settled","invocation_id":"inv_01m2ra5vw19g9v32ge7c83vk93","status":"succeeded","target":"tachyon_serverless_application::services::invoke_async::dispatch"}
{"timestamp":"2026-09-17T18:31:03.617203Z","level":"INFO","message":"async dispatch: delivery handled","message_id":"inv_01m2ra5vw19g9v32ge7c83vk93","sequence":5,"delivery_count":1,"outcome":"Completed { status: \"succeeded\" }","target":"tachyon_serverless_application::services::invoke_async::dispatch"}
{"timestamp":"2026-09-17T18:31:03.618258Z","level":"INFO","message":"invocation finished","invocation_id":"inv_01m2ra5vxr84nb937wxwzpv20d","status":"succeeded (async run)","handler_ms":0,"environment_boot_ms":4,"runtime_init_ms":8,"target":"tachyon_serverless_application::services::invoke"}
{"timestamp":"2026-09-17T18:31:03.619829Z","level":"INFO","message":"terminating bridge","environment_id":"env_01m2ra5w0tapb2xchhfpkaw66h","pid":78979,"reason":"Completed","graceful":true,"target":"tachyon_serverless_provider_process"}
{"timestamp":"2026-09-17T18:31:03.620746Z","level":"INFO","message":"asynchronous invocation accepted","invocation_id":"inv_01m2ra5w643sgk5vwhn8rr853j","tenant_id":"tn_01hzzzzzzzzzzzzzzzzzzzzzza","revision_id":"rev_01m2ra5rx82cjeyvmz8mbmrgh6","input_bytes":48,"input_storage":"inline","target":"tachyon_serverless_application::services::invoke_async"}
{"timestamp":"2026-09-17T18:31:03.630018Z","level":"INFO","message":"asynchronous invocation settled","invocation_id":"inv_01m2ra5vxr84nb937wxwzpv20d","status":"succeeded","target":"tachyon_serverless_application::services::invoke_async::dispatch"}
{"timestamp":"2026-09-17T18:31:03.637367Z","level":"INFO","message":"async dispatch: delivery handled","message_id":"inv_01m2ra5vxr84nb937wxwzpv20d","sequence":6,"delivery_count":1,"outcome":"Completed { status: \"succeeded\" }","target":"tachyon_serverless_application::services::invoke_async::dispatch"}
{"timestamp":"2026-09-17T18:31:03.637622Z","level":"INFO","message":"asynchronous run claimed","invocation_id":"inv_01m2ra5w643sgk5vwhn8rr853j","attempt":1,"generation":0,"delivery_count":1,"target":"tachyon_serverless_application::services::invoke_async::dispatch"}
{"timestamp":"2026-09-17T18:31:03.695805Z","level":"INFO","message":"asynchronous invocation accepted","invocation_id":"inv_01m2ra5w81knzkg8nm7ek11kd7","tenant_id":"tn_01hzzzzzzzzzzzzzzzzzzzzzza","revision_id":"rev_01m2ra5rx82cjeyvmz8mbmrgh6","input_bytes":4128,"input_storage":"object","target":"tachyon_serverless_application::services::invoke_async"}
{"timestamp":"2026-09-17T18:31:03.701545Z","level":"INFO","message":"asynchronous run claimed","invocation_id":"inv_01m2ra5w81knzkg8nm7ek11kd7","attempt":1,"generation":0,"delivery_count":1,"target":"tachyon_serverless_application::services::invoke_async::dispatch"}
{"timestamp":"2026-09-17T18:31:03.734560Z","level":"INFO","message":"asynchronous invocation accepted","invocation_id":"inv_01m2ra5w9pppgzz4g346gsez5n","tenant_id":"tn_01hzzzzzzzzzzzzzzzzzzzzzza","revision_id":"rev_01m2ra5sg4wg3wchxcf4ya5bj9","input_bytes":191,"input_storage":"inline","target":"tachyon_serverless_application::services::invoke_async"}
{"timestamp":"2026-09-17T18:31:03.734591Z","level":"INFO","message":"webhook trigger fired","trigger_id":"trg_01m2ra5tne5y26w0gmefz6wsnr","event_id":"evt-base-w3","invocation_id":"inv_01m2ra5w9pppgzz4g346gsez5n","revision_id":"rev_01m2ra5sg4wg3wchxcf4ya5bj9","replayed":false,"target":"tachyon_serverless_application::services::triggers"}
{"timestamp":"2026-09-17T18:31:03.791307Z","level":"INFO","message":"bridge spawned","environment_id":"env_01m2ra5w6naghqdkxr3h3te12t","pid":79039,"target":"tachyon_serverless_provider_process"}
{"timestamp":"2026-09-17T18:31:03.801514Z","level":"INFO","message":"invocation finished","invocation_id":"inv_01m2ra5w643sgk5vwhn8rr853j","status":"succeeded (async run)","handler_ms":0,"environment_boot_ms":3,"runtime_init_ms":5,"target":"tachyon_serverless_application::services::invoke"}
{"timestamp":"2026-09-17T18:31:03.803110Z","level":"INFO","message":"terminating bridge","environment_id":"env_01m2ra5w6naghqdkxr3h3te12t","pid":79039,"reason":"Completed","graceful":true,"target":"tachyon_serverless_provider_process"}
{"timestamp":"2026-09-17T18:31:03.806458Z","level":"INFO","message":"asynchronous invocation settled","invocation_id":"inv_01m2ra5w643sgk5vwhn8rr853j","status":"succeeded","target":"tachyon_serverless_application::services::invoke_async::dispatch"}
{"timestamp":"2026-09-17T18:31:03.811286Z","level":"INFO","message":"async dispatch: delivery handled","message_id":"inv_01m2ra5w643sgk5vwhn8rr853j","sequence":7,"delivery_count":1,"outcome":"Completed { status: \"succeeded\" }","target":"tachyon_serverless_application::services::invoke_async::dispatch"}
{"timestamp":"2026-09-17T18:31:03.812040Z","level":"INFO","message":"asynchronous run claimed","invocation_id":"inv_01m2ra5w9pppgzz4g346gsez5n","attempt":1,"generation":0,"delivery_count":1,"target":"tachyon_serverless_application::services::invoke_async::dispatch"}
{"timestamp":"2026-09-17T18:31:03.863238Z","level":"INFO","message":"bridge spawned","environment_id":"env_01m2ra5w8rpgbvhnhweev76a65","pid":79041,"target":"tachyon_serverless_provider_process"}
{"timestamp":"2026-09-17T18:31:03.878072Z","level":"INFO","message":"invocation finished","invocation_id":"inv_01m2ra5w81knzkg8nm7ek11kd7","status":"succeeded (async run)","handler_ms":5,"environment_boot_ms":3,"runtime_init_ms":4,"target":"tachyon_serverless_application::services::invoke"}
{"timestamp":"2026-09-17T18:31:03.879589Z","level":"INFO","message":"terminating bridge","environment_id":"env_01m2ra5w8rpgbvhnhweev76a65","pid":79041,"reason":"Completed","graceful":true,"target":"tachyon_serverless_provider_process"}
{"timestamp":"2026-09-17T18:31:03.882011Z","level":"INFO","message":"asynchronous invocation settled","invocation_id":"inv_01m2ra5w81knzkg8nm7ek11kd7","status":"succeeded","target":"tachyon_serverless_application::services::invoke_async::dispatch"}
{"timestamp":"2026-09-17T18:31:03.887213Z","level":"INFO","message":"async dispatch: delivery handled","message_id":"inv_01m2ra5w81knzkg8nm7ek11kd7","sequence":8,"delivery_count":1,"outcome":"Completed { status: \"succeeded\" }","target":"tachyon_serverless_application::services::invoke_async::dispatch"}
{"timestamp":"2026-09-17T18:31:03.949325Z","level":"INFO","message":"bridge spawned","environment_id":"env_01m2ra5wc4jc18y41fk1hynnjx","pid":79043,"target":"tachyon_serverless_provider_process"}
{"timestamp":"2026-09-17T18:31:03.958763Z","level":"INFO","message":"invocation finished","invocation_id":"inv_01m2ra5w9pppgzz4g346gsez5n","status":"succeeded (async run)","handler_ms":0,"environment_boot_ms":4,"runtime_init_ms":4,"target":"tachyon_serverless_application::services::invoke"}
{"timestamp":"2026-09-17T18:31:03.960304Z","level":"INFO","message":"terminating bridge","environment_id":"env_01m2ra5wc4jc18y41fk1hynnjx","pid":79043,"reason":"Completed","graceful":true,"target":"tachyon_serverless_provider_process"}
{"timestamp":"2026-09-17T18:31:03.962572Z","level":"INFO","message":"asynchronous invocation settled","invocation_id":"inv_01m2ra5w9pppgzz4g346gsez5n","status":"succeeded","target":"tachyon_serverless_application::services::invoke_async::dispatch"}
{"timestamp":"2026-09-17T18:31:03.968336Z","level":"INFO","message":"async dispatch: delivery handled","message_id":"inv_01m2ra5w9pppgzz4g346gsez5n","sequence":9,"delivery_count":1,"outcome":"Completed { status: \"succeeded\" }","target":"tachyon_serverless_application::services::invoke_async::dispatch"}
{"timestamp":"2026-09-17T18:31:04.002992Z","level":"INFO","message":"asynchronous invocation accepted","invocation_id":"inv_01m2ra5wj2g6e7f8v14g8y1mxf","tenant_id":"tn_01hzzzzzzzzzzzzzzzzzzzzzza","revision_id":"rev_01m2ra5sg4wg3wchxcf4ya5bj9","input_bytes":180,"input_storage":"inline","target":"tachyon_serverless_application::services::invoke_async"}
{"timestamp":"2026-09-17T18:31:04.003031Z","level":"INFO","message":"cron trigger fired","trigger_id":"trg_01m2ra5tn2ecsakw75pprryxbh","scheduled_at":"2026-09-17T18:31:04Z","invocation_id":"inv_01m2ra5wj2g6e7f8v14g8y1mxf","revision_id":"rev_01m2ra5sg4wg3wchxcf4ya5bj9","replayed":false,"target":"tachyon_serverless_application::services::triggers"}
{"timestamp":"2026-09-17T18:31:04.007985Z","level":"INFO","message":"asynchronous run claimed","invocation_id":"inv_01m2ra5wj2g6e7f8v14g8y1mxf","attempt":1,"generation":0,"delivery_count":1,"target":"tachyon_serverless_application::services::invoke_async::dispatch"}
{"timestamp":"2026-09-17T18:31:04.145269Z","level":"INFO","message":"bridge spawned","environment_id":"env_01m2ra5wj82p8j17mnqgtxvvj2","pid":79051,"target":"tachyon_serverless_provider_process"}
{"timestamp":"2026-09-17T18:31:04.158448Z","level":"INFO","message":"invocation finished","invocation_id":"inv_01m2ra5wj2g6e7f8v14g8y1mxf","status":"succeeded (async run)","handler_ms":0,"environment_boot_ms":4,"runtime_init_ms":7,"target":"tachyon_serverless_application::services::invoke"}
{"timestamp":"2026-09-17T18:31:04.160059Z","level":"INFO","message":"terminating bridge","environment_id":"env_01m2ra5wj82p8j17mnqgtxvvj2","pid":79051,"reason":"Completed","graceful":true,"target":"tachyon_serverless_provider_process"}
{"timestamp":"2026-09-17T18:31:04.163455Z","level":"INFO","message":"asynchronous invocation settled","invocation_id":"inv_01m2ra5wj2g6e7f8v14g8y1mxf","status":"succeeded","target":"tachyon_serverless_application::services::invoke_async::dispatch"}
{"timestamp":"2026-09-17T18:31:04.169357Z","level":"INFO","message":"async dispatch: delivery handled","message_id":"inv_01m2ra5wj2g6e7f8v14g8y1mxf","sequence":10,"delivery_count":1,"outcome":"Completed { status: \"succeeded\" }","target":"tachyon_serverless_application::services::invoke_async::dispatch"}
{"timestamp":"2026-09-17T18:31:06.004080Z","level":"INFO","message":"asynchronous invocation accepted","invocation_id":"inv_01m2ra5ygkc8e0nddh6khf6j5p","tenant_id":"tn_01hzzzzzzzzzzzzzzzzzzzzzza","revision_id":"rev_01m2ra5sg4wg3wchxcf4ya5bj9","input_bytes":180,"input_storage":"inline","target":"tachyon_serverless_application::services::invoke_async"}
{"timestamp":"2026-09-17T18:31:06.004125Z","level":"INFO","message":"cron trigger fired","trigger_id":"trg_01m2ra5tn2ecsakw75pprryxbh","scheduled_at":"2026-09-17T18:31:06Z","invocation_id":"inv_01m2ra5ygkc8e0nddh6khf6j5p","revision_id":"rev_01m2ra5sg4wg3wchxcf4ya5bj9","replayed":false,"target":"tachyon_serverless_application::services::triggers"}
{"timestamp":"2026-09-17T18:31:06.015975Z","level":"INFO","message":"asynchronous run claimed","invocation_id":"inv_01m2ra5ygkc8e0nddh6khf6j5p","attempt":1,"generation":0,"delivery_count":1,"target":"tachyon_serverless_application::services::invoke_async::dispatch"}
{"timestamp":"2026-09-17T18:31:06.153230Z","level":"INFO","message":"bridge spawned","environment_id":"env_01m2ra5yh0rmqycsjay3cp1hbc","pid":79059,"target":"tachyon_serverless_provider_process"}
{"timestamp":"2026-09-17T18:31:06.162960Z","level":"INFO","message":"invocation finished","invocation_id":"inv_01m2ra5ygkc8e0nddh6khf6j5p","status":"succeeded (async run)","handler_ms":0,"environment_boot_ms":4,"runtime_init_ms":4,"target":"tachyon_serverless_application::services::invoke"}
{"timestamp":"2026-09-17T18:31:06.164590Z","level":"INFO","message":"terminating bridge","environment_id":"env_01m2ra5yh0rmqycsjay3cp1hbc","pid":79059,"reason":"Completed","graceful":true,"target":"tachyon_serverless_provider_process"}
{"timestamp":"2026-09-17T18:31:06.166874Z","level":"INFO","message":"asynchronous invocation settled","invocation_id":"inv_01m2ra5ygkc8e0nddh6khf6j5p","status":"succeeded","target":"tachyon_serverless_application::services::invoke_async::dispatch"}
{"timestamp":"2026-09-17T18:31:06.172780Z","level":"INFO","message":"async dispatch: delivery handled","message_id":"inv_01m2ra5ygkc8e0nddh6khf6j5p","sequence":11,"delivery_count":1,"outcome":"Completed { status: \"succeeded\" }","target":"tachyon_serverless_application::services::invoke_async::dispatch"}
{"timestamp":"2026-09-17T18:31:06.764113Z","level":"INFO","message":"trigger updated","trigger_id":"trg_01m2ra5tn2ecsakw75pprryxbh","generation":2,"status":"disabled","next_fire_at":"None","rotated_secret":false,"target":"tachyon_serverless_application::services::triggers"}
{"timestamp":"2026-09-17T18:31:08.251624Z","level":"INFO","message":"SIGTERM received","target":"tachyon_serverless_gateway"}
{"timestamp":"2026-09-17T18:31:08.251658Z","level":"INFO","message":"shutdown requested; cancelling in-flight invocations","target":"tachyon_serverless_gateway"}
{"timestamp":"2026-09-17T18:31:08.251944Z","level":"INFO","message":"final usage collection","report":"CollectReport { batches: 0, read: 0, inserted: 0, duplicates: 0, cursor_seq: 70 }","target":"tachyon_serverless_gateway"}
{"timestamp":"2026-09-17T18:31:08.252873Z","level":"INFO","message":"gateway stopped","target":"tachyon_serverless_gateway"}
{"timestamp":"2026-09-17T18:31:08.252994Z","level":"INFO","message":"event: closed","target":"async_nats"}
