
===== a start (failpoints: none) 11:37:52 =====
{"timestamp":"2026-09-17T11:37:52.620245Z","level":"INFO","message":"configuration loaded","config":"/private/var/folders/z7/khzdjrt95cg_fcmcnh4j1b5h0000gn/T/tsls-chaos.YFvmY4/gw-a.toml","target":"tachyon_serverless_gateway"}
{"timestamp":"2026-09-17T11:37:52.622656Z","level":"INFO","message":"connected successfully","server":"56731","max_payload":"1048576","target":"async_nats::connector"}
{"timestamp":"2026-09-17T11:37:52.622774Z","level":"INFO","message":"event: connected","target":"async_nats"}
{"timestamp":"2026-09-17T11:37:52.643831Z","level":"INFO","message":"JetStream queue connected and stream bootstrapped","url":"nats://127.0.0.1:56731","stream":"TACHYON_EVENTS","target":"tachyon_serverless_gateway::durable"}
{"timestamp":"2026-09-17T11:37:52.653933Z","level":"INFO","message":"state store opened","path":"/private/var/folders/z7/khzdjrt95cg_fcmcnh4j1b5h0000gn/T/tsls-chaos.YFvmY4/data/state.db","schema_version":8,"migrations_applied":"[1, 2, 3, 4, 5, 6, 7, 8]","imported_state_json":"None","settled_invocations":0,"settled_attempts":0,"settled_environments":0,"released_leases":0,"dropped_idempotency_keys":0,"purged_idempotency_keys":0,"outputs_purged":0,"target":"tachyon_serverless_application::app"}
{"timestamp":"2026-09-17T11:37:52.654216Z","level":"INFO","message":"dispatcher registered","dispatcher_id":"dsp_01m2qjha8d7bex267qa81nnt9c","instance":"chaos-a","pid":69687,"lease_ttl_seconds":6,"target":"tachyon_serverless_application::services::dispatcher"}
{"timestamp":"2026-09-17T11:37:52.657370Z","level":"INFO","message":"application bootstrapped","profile":"dev","provider":"process","dev_only":true,"environment_reuse":false,"reuse_verified":false,"reuse_reason":"[pool] enabled is false","reuse_disabled":"Some(Configuration)","idle_quiesce":"unsupported","idle_resume":"unsupported","data_dir":"/private/var/folders/z7/khzdjrt95cg_fcmcnh4j1b5h0000gn/T/tsls-chaos.YFvmY4/data","store":"sqlite","dispatcher_id":"dsp_01m2qjha8d7bex267qa81nnt9c","node":"local","node_region":"none","node_memory_mib":"None","max_concurrency":8,"queue":"nats","objects":"filesystem","invoke_async":true,"triggers":true,"target":"tachyon_serverless_application::app"}
{"timestamp":"2026-09-17T11:37:52.657577Z","level":"INFO","message":"startup reconcile finished","provider":"process","found":0,"adopted":0,"terminated":0,"disowned":0,"failed":0,"lost":0,"foreign":0,"reclaimed_dispatchers":0,"fenced_terminated":0,"fenced_pending":0,"target":"tachyon_serverless_application::services::reconcile"}
{"timestamp":"2026-09-17T11:37:52.657648Z","level":"INFO","message":"gateway listening","addr":"127.0.0.1:56735","profile":"dev","provider":"process","target":"tachyon_serverless_gateway"}
{"timestamp":"2026-09-17T11:37:52.659112Z","level":"INFO","message":"asynchronous dispatcher started","workers":2,"owner":"dsp_01m2qjha8d7bex267qa81nnt9c","target":"tachyon_serverless_gateway"}
{"timestamp":"2026-09-17T11:37:53.597163Z","level":"INFO","message":"revision ready","revision_id":"rev_01m2qjhazaabkj5anwq5qmqqf7","function_id":"fn_01m2qjhahv5dx06y465jphgnk5","target":"tachyon_serverless_application::services::revision"}
{"timestamp":"2026-09-17T11:37:54.376866Z","level":"INFO","message":"revision ready","revision_id":"rev_01m2qjhbqbb9jqad6y3aydagys","function_id":"fn_01m2qjhb9t4wvp0zkzggaks58d","target":"tachyon_serverless_application::services::revision"}
{"timestamp":"2026-09-17T11:37:55.278013Z","level":"INFO","message":"revision ready","revision_id":"rev_01m2qjhch873kwn0fxn3mjt998","function_id":"fn_01m2qjhc1zycf60tq953md8wcq","target":"tachyon_serverless_application::services::revision"}
{"timestamp":"2026-09-17T11:37:55.365250Z","level":"INFO","message":"trigger created","trigger_id":"trg_01m2qjhcx4jxp1c28yht38yh99","function_id":"fn_01m2qjhb9t4wvp0zkzggaks58d","kind":"cron","enabled":true,"next_fire_at":"Some(2026-09-17T11:37:56Z)","target":"tachyon_serverless_application::services::triggers"}
{"timestamp":"2026-09-17T11:37:55.384808Z","level":"INFO","message":"trigger created","trigger_id":"trg_01m2qjhcxr1c002dr9myqyfnkk","function_id":"fn_01m2qjhb9t4wvp0zkzggaks58d","kind":"webhook","enabled":true,"next_fire_at":"None","target":"tachyon_serverless_application::services::triggers"}
{"timestamp":"2026-09-17T11:37:55.677947Z","level":"INFO","message":"bridge spawned","environment_id":"env_01m2qjhcyxxctmyjn00t384evx","pid":70005,"target":"tachyon_serverless_provider_process"}
{"timestamp":"2026-09-17T11:37:56.004835Z","level":"INFO","message":"asynchronous invocation accepted","invocation_id":"inv_01m2qjhdh2bwzbm4pygc3gvy3y","tenant_id":"tn_01hzzzzzzzzzzzzzzzzzzzzzza","revision_id":"rev_01m2qjhbqbb9jqad6y3aydagys","input_bytes":180,"input_storage":"inline","target":"tachyon_serverless_application::services::invoke_async"}
{"timestamp":"2026-09-17T11:37:56.005028Z","level":"INFO","message":"cron trigger fired","trigger_id":"trg_01m2qjhcx4jxp1c28yht38yh99","scheduled_at":"2026-09-17T11:37:56Z","invocation_id":"inv_01m2qjhdh2bwzbm4pygc3gvy3y","revision_id":"rev_01m2qjhbqbb9jqad6y3aydagys","replayed":false,"target":"tachyon_serverless_application::services::triggers"}
{"timestamp":"2026-09-17T11:37:56.024735Z","level":"INFO","message":"asynchronous run claimed","invocation_id":"inv_01m2qjhdh2bwzbm4pygc3gvy3y","attempt":1,"generation":0,"delivery_count":1,"target":"tachyon_serverless_application::services::invoke_async::dispatch"}
{"timestamp":"2026-09-17T11:37:56.256632Z","level":"INFO","message":"invocation finished","invocation_id":"inv_01m2qjhcywa9ac8wbh5j4ja645","status":"succeeded","handler_ms":0,"environment_boot_ms":8,"runtime_init_ms":568,"target":"tachyon_serverless_application::services::invoke"}
{"timestamp":"2026-09-17T11:37:56.258335Z","level":"INFO","message":"terminating bridge","environment_id":"env_01m2qjhcyxxctmyjn00t384evx","pid":70005,"reason":"Completed","graceful":true,"target":"tachyon_serverless_provider_process"}
{"timestamp":"2026-09-17T11:37:56.265541Z","level":"INFO","message":"bridge spawned","environment_id":"env_01m2qjhdhs2jjzhwz6w1c9sfm9","pid":70010,"target":"tachyon_serverless_provider_process"}
{"timestamp":"2026-09-17T11:37:56.280299Z","level":"INFO","message":"invocation finished","invocation_id":"inv_01m2qjhdh2bwzbm4pygc3gvy3y","status":"succeeded (async run)","handler_ms":0,"environment_boot_ms":5,"runtime_init_ms":7,"target":"tachyon_serverless_application::services::invoke"}
{"timestamp":"2026-09-17T11:37:56.282050Z","level":"INFO","message":"terminating bridge","environment_id":"env_01m2qjhdhs2jjzhwz6w1c9sfm9","pid":70010,"reason":"Completed","graceful":true,"target":"tachyon_serverless_provider_process"}
{"timestamp":"2026-09-17T11:37:56.285793Z","level":"INFO","message":"asynchronous invocation settled","invocation_id":"inv_01m2qjhdh2bwzbm4pygc3gvy3y","status":"succeeded","target":"tachyon_serverless_application::services::invoke_async::dispatch"}
{"timestamp":"2026-09-17T11:37:56.292752Z","level":"INFO","message":"async dispatch: delivery handled","message_id":"inv_01m2qjhdh2bwzbm4pygc3gvy3y","sequence":1,"delivery_count":1,"outcome":"Completed { status: \"succeeded\" }","target":"tachyon_serverless_application::services::invoke_async::dispatch"}
{"timestamp":"2026-09-17T11:37:56.336797Z","level":"INFO","message":"asynchronous invocation accepted","invocation_id":"inv_01m2qjhdvfarz1rwczcwp1bw0j","tenant_id":"tn_01hzzzzzzzzzzzzzzzzzzzzzza","revision_id":"rev_01m2qjhazaabkj5anwq5qmqqf7","input_bytes":47,"input_storage":"inline","target":"tachyon_serverless_application::services::invoke_async"}
{"timestamp":"2026-09-17T11:37:56.342801Z","level":"INFO","message":"asynchronous run claimed","invocation_id":"inv_01m2qjhdvfarz1rwczcwp1bw0j","attempt":1,"generation":0,"delivery_count":1,"target":"tachyon_serverless_application::services::invoke_async::dispatch"}
{"timestamp":"2026-09-17T11:37:56.426585Z","level":"INFO","message":"asynchronous invocation accepted","invocation_id":"inv_01m2qjhdxv3e5c00cfgkkbmg2t","tenant_id":"tn_01hzzzzzzzzzzzzzzzzzzzzzza","revision_id":"rev_01m2qjhazaabkj5anwq5qmqqf7","input_bytes":4127,"input_storage":"object","target":"tachyon_serverless_application::services::invoke_async"}
{"timestamp":"2026-09-17T11:37:56.431793Z","level":"INFO","message":"asynchronous run claimed","invocation_id":"inv_01m2qjhdxv3e5c00cfgkkbmg2t","attempt":1,"generation":0,"delivery_count":1,"target":"tachyon_serverless_application::services::invoke_async::dispatch"}
{"timestamp":"2026-09-17T11:37:56.471755Z","level":"INFO","message":"asynchronous invocation accepted","invocation_id":"inv_01m2qjhdzpyp731fmtevxq5atj","tenant_id":"tn_01hzzzzzzzzzzzzzzzzzzzzzza","revision_id":"rev_01m2qjhbqbb9jqad6y3aydagys","input_bytes":189,"input_storage":"inline","target":"tachyon_serverless_application::services::invoke_async"}
{"timestamp":"2026-09-17T11:37:56.471814Z","level":"INFO","message":"webhook trigger fired","trigger_id":"trg_01m2qjhcxr1c002dr9myqyfnkk","event_id":"evt-pre-w1","invocation_id":"inv_01m2qjhdzpyp731fmtevxq5atj","revision_id":"rev_01m2qjhbqbb9jqad6y3aydagys","replayed":false,"target":"tachyon_serverless_application::services::triggers"}
{"timestamp":"2026-09-17T11:37:56.617491Z","level":"INFO","message":"bridge spawned","environment_id":"env_01m2qjhdvqxzgsm11c1k22rn2g","pid":70087,"target":"tachyon_serverless_provider_process"}
{"timestamp":"2026-09-17T11:37:56.725547Z","level":"INFO","message":"bridge spawned","environment_id":"env_01m2qjhdyjzaf9cpe0sqtcr65k","pid":70089,"target":"tachyon_serverless_provider_process"}
{"timestamp":"2026-09-17T11:37:56.797576Z","level":"INFO","message":"bridge spawned","environment_id":"env_01m2qjhe0qzfv1ym328psfzvm2","pid":70091,"target":"tachyon_serverless_provider_process"}
{"timestamp":"2026-09-17T11:37:57.553050Z","level":"INFO","message":"invocation finished","invocation_id":"inv_01m2qjhdvfarz1rwczcwp1bw0j","status":"succeeded (async run)","handler_ms":1,"environment_boot_ms":6,"runtime_init_ms":925,"target":"tachyon_serverless_application::services::invoke"}
{"timestamp":"2026-09-17T11:37:57.553845Z","level":"INFO","message":"invocation finished","invocation_id":"inv_01m2qjhdxv3e5c00cfgkkbmg2t","status":"succeeded (async run)","handler_ms":1,"environment_boot_ms":7,"runtime_init_ms":817,"target":"tachyon_serverless_application::services::invoke"}
{"timestamp":"2026-09-17T11:37:57.554262Z","level":"INFO","message":"terminating bridge","environment_id":"env_01m2qjhdvqxzgsm11c1k22rn2g","pid":70087,"reason":"Completed","graceful":true,"target":"tachyon_serverless_provider_process"}
{"timestamp":"2026-09-17T11:37:57.556020Z","level":"INFO","message":"terminating bridge","environment_id":"env_01m2qjhdyjzaf9cpe0sqtcr65k","pid":70089,"reason":"Completed","graceful":true,"target":"tachyon_serverless_provider_process"}
{"timestamp":"2026-09-17T11:37:57.558211Z","level":"INFO","message":"asynchronous invocation settled","invocation_id":"inv_01m2qjhdvfarz1rwczcwp1bw0j","status":"succeeded","target":"tachyon_serverless_application::services::invoke_async::dispatch"}
{"timestamp":"2026-09-17T11:37:57.564255Z","level":"INFO","message":"async dispatch: delivery handled","message_id":"inv_01m2qjhdvfarz1rwczcwp1bw0j","sequence":2,"delivery_count":1,"outcome":"Completed { status: \"succeeded\" }","target":"tachyon_serverless_application::services::invoke_async::dispatch"}
{"timestamp":"2026-09-17T11:37:57.569212Z","level":"INFO","message":"asynchronous invocation settled","invocation_id":"inv_01m2qjhdxv3e5c00cfgkkbmg2t","status":"succeeded","target":"tachyon_serverless_application::services::invoke_async::dispatch"}
{"timestamp":"2026-09-17T11:37:57.569520Z","level":"INFO","message":"asynchronous run claimed","invocation_id":"inv_01m2qjhdzpyp731fmtevxq5atj","attempt":1,"generation":0,"delivery_count":1,"target":"tachyon_serverless_application::services::invoke_async::dispatch"}
{"timestamp":"2026-09-17T11:37:57.573142Z","level":"INFO","message":"async dispatch: delivery handled","message_id":"inv_01m2qjhdxv3e5c00cfgkkbmg2t","sequence":3,"delivery_count":1,"outcome":"Completed { status: \"succeeded\" }","target":"tachyon_serverless_application::services::invoke_async::dispatch"}
{"timestamp":"2026-09-17T11:37:57.807022Z","level":"INFO","message":"bridge spawned","environment_id":"env_01m2qjhf210bt3xmvm34y2yd71","pid":70106,"target":"tachyon_serverless_provider_process"}
{"timestamp":"2026-09-17T11:37:57.822426Z","level":"INFO","message":"invocation finished","invocation_id":"inv_01m2qjhdzpyp731fmtevxq5atj","status":"succeeded (async run)","handler_ms":0,"environment_boot_ms":7,"runtime_init_ms":6,"target":"tachyon_serverless_application::services::invoke"}
{"timestamp":"2026-09-17T11:37:57.824177Z","level":"INFO","message":"terminating bridge","environment_id":"env_01m2qjhf210bt3xmvm34y2yd71","pid":70106,"reason":"Completed","graceful":true,"target":"tachyon_serverless_provider_process"}
{"timestamp":"2026-09-17T11:37:57.828140Z","level":"INFO","message":"asynchronous invocation settled","invocation_id":"inv_01m2qjhdzpyp731fmtevxq5atj","status":"succeeded","target":"tachyon_serverless_application::services::invoke_async::dispatch"}
{"timestamp":"2026-09-17T11:37:57.833651Z","level":"INFO","message":"async dispatch: delivery handled","message_id":"inv_01m2qjhdzpyp731fmtevxq5atj","sequence":4,"delivery_count":1,"outcome":"Completed { status: \"succeeded\" }","target":"tachyon_serverless_application::services::invoke_async::dispatch"}
{"timestamp":"2026-09-17T11:37:58.002989Z","level":"INFO","message":"asynchronous invocation accepted","invocation_id":"inv_01m2qjhffj21dncqbwb0r6jqs6","tenant_id":"tn_01hzzzzzzzzzzzzzzzzzzzzzza","revision_id":"rev_01m2qjhbqbb9jqad6y3aydagys","input_bytes":180,"input_storage":"inline","target":"tachyon_serverless_application::services::invoke_async"}
{"timestamp":"2026-09-17T11:37:58.003047Z","level":"INFO","message":"cron trigger fired","trigger_id":"trg_01m2qjhcx4jxp1c28yht38yh99","scheduled_at":"2026-09-17T11:37:58Z","invocation_id":"inv_01m2qjhffj21dncqbwb0r6jqs6","revision_id":"rev_01m2qjhbqbb9jqad6y3aydagys","replayed":false,"target":"tachyon_serverless_application::services::triggers"}
{"timestamp":"2026-09-17T11:37:58.008743Z","level":"INFO","message":"asynchronous run claimed","invocation_id":"inv_01m2qjhffj21dncqbwb0r6jqs6","attempt":1,"generation":0,"delivery_count":1,"target":"tachyon_serverless_application::services::invoke_async::dispatch"}
{"timestamp":"2026-09-17T11:37:58.277101Z","level":"INFO","message":"bridge spawned","environment_id":"env_01m2qjhffseaqzkmnj0nv02eqf","pid":70117,"target":"tachyon_serverless_provider_process"}
{"timestamp":"2026-09-17T11:37:58.295485Z","level":"INFO","message":"invocation finished","invocation_id":"inv_01m2qjhffj21dncqbwb0r6jqs6","status":"succeeded (async run)","handler_ms":1,"environment_boot_ms":7,"runtime_init_ms":8,"target":"tachyon_serverless_application::services::invoke"}
{"timestamp":"2026-09-17T11:37:58.297314Z","level":"INFO","message":"terminating bridge","environment_id":"env_01m2qjhffseaqzkmnj0nv02eqf","pid":70117,"reason":"Completed","graceful":true,"target":"tachyon_serverless_provider_process"}
{"timestamp":"2026-09-17T11:37:58.302021Z","level":"INFO","message":"asynchronous invocation settled","invocation_id":"inv_01m2qjhffj21dncqbwb0r6jqs6","status":"succeeded","target":"tachyon_serverless_application::services::invoke_async::dispatch"}
{"timestamp":"2026-09-17T11:37:58.310343Z","level":"INFO","message":"async dispatch: delivery handled","message_id":"inv_01m2qjhffj21dncqbwb0r6jqs6","sequence":5,"delivery_count":1,"outcome":"Completed { status: \"succeeded\" }","target":"tachyon_serverless_application::services::invoke_async::dispatch"}
{"timestamp":"2026-09-17T11:37:59.224396Z","level":"INFO","message":"invocation finished","invocation_id":"inv_01m2qjhe0pyb5ay6z3s8kt1qrr","status":"failed","handler_ms":1410,"environment_boot_ms":7,"runtime_init_ms":1006,"target":"tachyon_serverless_application::services::invoke"}
{"timestamp":"2026-09-17T11:37:59.836113Z","level":"INFO","message":"bridge spawned","environment_id":"env_01m2qjhh1rm466fg58h85a84bk","pid":70211,"target":"tachyon_serverless_provider_process"}
{"timestamp":"2026-09-17T11:38:00.003552Z","level":"INFO","message":"asynchronous invocation accepted","invocation_id":"inv_01m2qjhhe1tdx9ehfkcamp5w22","tenant_id":"tn_01hzzzzzzzzzzzzzzzzzzzzzza","revision_id":"rev_01m2qjhbqbb9jqad6y3aydagys","input_bytes":180,"input_storage":"inline","target":"tachyon_serverless_application::services::invoke_async"}
{"timestamp":"2026-09-17T11:38:00.003618Z","level":"INFO","message":"cron trigger fired","trigger_id":"trg_01m2qjhcx4jxp1c28yht38yh99","scheduled_at":"2026-09-17T11:38:00Z","invocation_id":"inv_01m2qjhhe1tdx9ehfkcamp5w22","revision_id":"rev_01m2qjhbqbb9jqad6y3aydagys","replayed":false,"target":"tachyon_serverless_application::services::triggers"}
{"timestamp":"2026-09-17T11:38:00.012448Z","level":"INFO","message":"asynchronous run claimed","invocation_id":"inv_01m2qjhhe1tdx9ehfkcamp5w22","attempt":1,"generation":0,"delivery_count":1,"target":"tachyon_serverless_application::services::invoke_async::dispatch"}
{"timestamp":"2026-09-17T11:38:00.052619Z","level":"INFO","message":"invocation finished","invocation_id":"inv_01m2qjhh1rnf3b2c7agptxcqa0","status":"succeeded","handler_ms":202,"environment_boot_ms":6,"runtime_init_ms":7,"target":"tachyon_serverless_application::services::invoke"}
{"timestamp":"2026-09-17T11:38:00.054296Z","level":"INFO","message":"terminating bridge","environment_id":"env_01m2qjhh1rm466fg58h85a84bk","pid":70211,"reason":"Completed","graceful":true,"target":"tachyon_serverless_provider_process"}
{"timestamp":"2026-09-17T11:38:00.086657Z","level":"INFO","message":"trigger updated","trigger_id":"trg_01m2qjhcx4jxp1c28yht38yh99","generation":2,"status":"disabled","next_fire_at":"None","rotated_secret":false,"target":"tachyon_serverless_application::services::triggers"}
{"timestamp":"2026-09-17T11:38:00.262185Z","level":"INFO","message":"bridge spawned","environment_id":"env_01m2qjhhecrx2kaehnckwqvsgb","pid":70276,"target":"tachyon_serverless_provider_process"}
{"timestamp":"2026-09-17T11:38:00.277535Z","level":"INFO","message":"invocation finished","invocation_id":"inv_01m2qjhhe1tdx9ehfkcamp5w22","status":"succeeded (async run)","handler_ms":0,"environment_boot_ms":5,"runtime_init_ms":7,"target":"tachyon_serverless_application::services::invoke"}
{"timestamp":"2026-09-17T11:38:00.279363Z","level":"INFO","message":"terminating bridge","environment_id":"env_01m2qjhhecrx2kaehnckwqvsgb","pid":70276,"reason":"Completed","graceful":true,"target":"tachyon_serverless_provider_process"}
{"timestamp":"2026-09-17T11:38:00.284105Z","level":"INFO","message":"asynchronous invocation settled","invocation_id":"inv_01m2qjhhe1tdx9ehfkcamp5w22","status":"succeeded","target":"tachyon_serverless_application::services::invoke_async::dispatch"}
{"timestamp":"2026-09-17T11:38:00.291547Z","level":"INFO","message":"async dispatch: delivery handled","message_id":"inv_01m2qjhhe1tdx9ehfkcamp5w22","sequence":6,"delivery_count":1,"outcome":"Completed { status: \"succeeded\" }","target":"tachyon_serverless_application::services::invoke_async::dispatch"}
{"timestamp":"2026-09-17T11:38:01.306957Z","level":"INFO","message":"SIGTERM received","target":"tachyon_serverless_gateway"}
{"timestamp":"2026-09-17T11:38:01.307007Z","level":"INFO","message":"shutdown requested; cancelling in-flight invocations","target":"tachyon_serverless_gateway"}
{"timestamp":"2026-09-17T11:38:01.307359Z","level":"INFO","message":"final usage collection","report":"CollectReport { batches: 0, read: 0, inserted: 0, duplicates: 0, cursor_seq: 45 }","target":"tachyon_serverless_gateway"}
{"timestamp":"2026-09-17T11:38:01.308691Z","level":"INFO","message":"gateway stopped","target":"tachyon_serverless_gateway"}
{"timestamp":"2026-09-17T11:38:01.308829Z","level":"INFO","message":"event: closed","target":"async_nats"}
