
===== a start (failpoints: none) 11:13:05 =====
{"timestamp":"2026-09-17T11:13:05.713813Z","level":"INFO","message":"configuration loaded","config":"/private/var/folders/z7/khzdjrt95cg_fcmcnh4j1b5h0000gn/T/tsls-chaos.hItNVu/gw-a.toml","target":"tachyon_serverless_gateway"}
{"timestamp":"2026-09-17T11:13:05.718437Z","level":"INFO","message":"connected successfully","server":"49409","max_payload":"1048576","target":"async_nats::connector"}
{"timestamp":"2026-09-17T11:13:05.718906Z","level":"INFO","message":"event: connected","target":"async_nats"}
{"timestamp":"2026-09-17T11:13:05.744935Z","level":"INFO","message":"JetStream queue connected and stream bootstrapped","url":"nats://127.0.0.1:49409","stream":"TACHYON_EVENTS","target":"tachyon_serverless_gateway::durable"}
{"timestamp":"2026-09-17T11:13:05.763483Z","level":"INFO","message":"state store opened","path":"/private/var/folders/z7/khzdjrt95cg_fcmcnh4j1b5h0000gn/T/tsls-chaos.hItNVu/data/state.db","schema_version":8,"migrations_applied":"[1, 2, 3, 4, 5, 6, 7, 8]","imported_state_json":"None","settled_invocations":0,"settled_attempts":0,"settled_environments":0,"released_leases":0,"dropped_idempotency_keys":0,"purged_idempotency_keys":0,"outputs_purged":0,"target":"tachyon_serverless_application::app"}
{"timestamp":"2026-09-17T11:13:05.764164Z","level":"INFO","message":"dispatcher registered","dispatcher_id":"dsp_01m2qh3y73vrf194sc5cebgent","instance":"chaos-a","pid":15420,"lease_ttl_seconds":6,"target":"tachyon_serverless_application::services::dispatcher"}
{"timestamp":"2026-09-17T11:13:05.770748Z","level":"INFO","message":"application bootstrapped","profile":"dev","provider":"process","dev_only":true,"environment_reuse":false,"reuse_verified":false,"reuse_reason":"[pool] enabled is false","reuse_disabled":"Some(Configuration)","idle_quiesce":"unsupported","idle_resume":"unsupported","data_dir":"/private/var/folders/z7/khzdjrt95cg_fcmcnh4j1b5h0000gn/T/tsls-chaos.hItNVu/data","store":"sqlite","dispatcher_id":"dsp_01m2qh3y73vrf194sc5cebgent","node":"local","node_region":"none","node_memory_mib":"None","max_concurrency":8,"queue":"nats","objects":"filesystem","invoke_async":true,"triggers":true,"target":"tachyon_serverless_application::app"}
{"timestamp":"2026-09-17T11:13:05.771220Z","level":"INFO","message":"startup reconcile finished","provider":"process","found":0,"adopted":0,"terminated":0,"disowned":0,"failed":0,"lost":0,"foreign":0,"reclaimed_dispatchers":0,"fenced_terminated":0,"fenced_pending":0,"target":"tachyon_serverless_application::services::reconcile"}
{"timestamp":"2026-09-17T11:13:05.771410Z","level":"INFO","message":"gateway listening","addr":"127.0.0.1:49413","profile":"dev","provider":"process","target":"tachyon_serverless_gateway"}
{"timestamp":"2026-09-17T11:13:05.774040Z","level":"INFO","message":"asynchronous dispatcher started","workers":2,"owner":"dsp_01m2qh3y73vrf194sc5cebgent","target":"tachyon_serverless_gateway"}
{"timestamp":"2026-09-17T11:13:08.256037Z","level":"INFO","message":"revision ready","revision_id":"rev_01m2qh3zkxbsp6873dq7ch3wnw","function_id":"fn_01m2qh3yje68qzw07hh6tvmw2w","target":"tachyon_serverless_application::services::revision"}
{"timestamp":"2026-09-17T11:13:10.135709Z","level":"INFO","message":"revision ready","revision_id":"rev_01m2qh421vf4z84hpmj9ve573c","function_id":"fn_01m2qh41142xsfx3z9j18kafk7","target":"tachyon_serverless_application::services::revision"}
{"timestamp":"2026-09-17T11:13:11.579517Z","level":"INFO","message":"revision ready","revision_id":"rev_01m2qh43h9cfxyymk6emgzr285","function_id":"fn_01m2qh42mbvmdrsvfp8tqg6ahh","target":"tachyon_serverless_application::services::revision"}
{"timestamp":"2026-09-17T11:13:11.792738Z","level":"INFO","message":"trigger created","trigger_id":"trg_01m2qh443gxdcvjms00d173z1g","function_id":"fn_01m2qh41142xsfx3z9j18kafk7","kind":"cron","enabled":true,"next_fire_at":"Some(2026-09-17T11:13:12Z)","target":"tachyon_serverless_application::services::triggers"}
{"timestamp":"2026-09-17T11:13:11.832091Z","level":"INFO","message":"trigger created","trigger_id":"trg_01m2qh444qjbsfe0ygx34bnre1","function_id":"fn_01m2qh41142xsfx3z9j18kafk7","kind":"webhook","enabled":true,"next_fire_at":"None","target":"tachyon_serverless_application::services::triggers"}
{"timestamp":"2026-09-17T11:13:12.004310Z","level":"INFO","message":"asynchronous invocation accepted","invocation_id":"inv_01m2qh44a2xvg774wczm24qtcb","tenant_id":"tn_01hzzzzzzzzzzzzzzzzzzzzzza","revision_id":"rev_01m2qh421vf4z84hpmj9ve573c","input_bytes":180,"input_storage":"inline","target":"tachyon_serverless_application::services::invoke_async"}
{"timestamp":"2026-09-17T11:13:12.004399Z","level":"INFO","message":"cron trigger fired","trigger_id":"trg_01m2qh443gxdcvjms00d173z1g","scheduled_at":"2026-09-17T11:13:12Z","invocation_id":"inv_01m2qh44a2xvg774wczm24qtcb","revision_id":"rev_01m2qh421vf4z84hpmj9ve573c","replayed":false,"target":"tachyon_serverless_application::services::triggers"}
{"timestamp":"2026-09-17T11:13:12.033146Z","level":"INFO","message":"asynchronous run claimed","invocation_id":"inv_01m2qh44a2xvg774wczm24qtcb","attempt":1,"generation":0,"delivery_count":1,"target":"tachyon_serverless_application::services::invoke_async::dispatch"}
{"timestamp":"2026-09-17T11:13:12.399612Z","level":"INFO","message":"bridge spawned","environment_id":"env_01m2qh44amha7ffkrebjhetbvy","pid":15782,"target":"tachyon_serverless_provider_process"}
{"timestamp":"2026-09-17T11:13:12.410460Z","level":"INFO","message":"bridge spawned","environment_id":"env_01m2qh44b56jgebyyz9bj267w9","pid":15783,"target":"tachyon_serverless_provider_process"}
{"timestamp":"2026-09-17T11:13:14.004671Z","level":"INFO","message":"asynchronous invocation accepted","invocation_id":"inv_01m2qh468k5dw5ex946hf32ct7","tenant_id":"tn_01hzzzzzzzzzzzzzzzzzzzzzza","revision_id":"rev_01m2qh421vf4z84hpmj9ve573c","input_bytes":180,"input_storage":"inline","target":"tachyon_serverless_application::services::invoke_async"}
{"timestamp":"2026-09-17T11:13:14.004758Z","level":"INFO","message":"cron trigger fired","trigger_id":"trg_01m2qh443gxdcvjms00d173z1g","scheduled_at":"2026-09-17T11:13:14Z","invocation_id":"inv_01m2qh468k5dw5ex946hf32ct7","revision_id":"rev_01m2qh421vf4z84hpmj9ve573c","replayed":false,"target":"tachyon_serverless_application::services::triggers"}
{"timestamp":"2026-09-17T11:13:14.018334Z","level":"INFO","message":"asynchronous run claimed","invocation_id":"inv_01m2qh468k5dw5ex946hf32ct7","attempt":1,"generation":0,"delivery_count":1,"target":"tachyon_serverless_application::services::invoke_async::dispatch"}
{"timestamp":"2026-09-17T11:13:14.379100Z","level":"INFO","message":"bridge spawned","environment_id":"env_01m2qh4692hvasbzvkp8d92a49","pid":15800,"target":"tachyon_serverless_provider_process"}
{"timestamp":"2026-09-17T11:13:14.459014Z","level":"INFO","message":"invocation finished","invocation_id":"inv_01m2qh468k5dw5ex946hf32ct7","status":"succeeded (async run)","handler_ms":1,"environment_boot_ms":12,"runtime_init_ms":62,"target":"tachyon_serverless_application::services::invoke"}
{"timestamp":"2026-09-17T11:13:14.460066Z","level":"INFO","message":"invocation finished","invocation_id":"inv_01m2qh44af75r90q9srf2x5cy5","status":"succeeded","handler_ms":1,"environment_boot_ms":32,"runtime_init_ms":2022,"target":"tachyon_serverless_application::services::invoke"}
{"timestamp":"2026-09-17T11:13:14.460749Z","level":"INFO","message":"invocation finished","invocation_id":"inv_01m2qh44a2xvg774wczm24qtcb","status":"succeeded (async run)","handler_ms":1,"environment_boot_ms":20,"runtime_init_ms":2022,"target":"tachyon_serverless_application::services::invoke"}
{"timestamp":"2026-09-17T11:13:14.461056Z","level":"INFO","message":"terminating bridge","environment_id":"env_01m2qh4692hvasbzvkp8d92a49","pid":15800,"reason":"Completed","graceful":true,"target":"tachyon_serverless_provider_process"}
{"timestamp":"2026-09-17T11:13:14.462523Z","level":"INFO","message":"terminating bridge","environment_id":"env_01m2qh44b56jgebyyz9bj267w9","pid":15783,"reason":"Completed","graceful":true,"target":"tachyon_serverless_provider_process"}
{"timestamp":"2026-09-17T11:13:14.462583Z","level":"INFO","message":"terminating bridge","environment_id":"env_01m2qh44amha7ffkrebjhetbvy","pid":15782,"reason":"Completed","graceful":true,"target":"tachyon_serverless_provider_process"}
{"timestamp":"2026-09-17T11:13:14.468464Z","level":"INFO","message":"asynchronous invocation settled","invocation_id":"inv_01m2qh468k5dw5ex946hf32ct7","status":"succeeded","target":"tachyon_serverless_application::services::invoke_async::dispatch"}
{"timestamp":"2026-09-17T11:13:14.474557Z","level":"INFO","message":"async dispatch: delivery handled","message_id":"inv_01m2qh468k5dw5ex946hf32ct7","sequence":2,"delivery_count":1,"outcome":"Completed { status: \"succeeded\" }","target":"tachyon_serverless_application::services::invoke_async::dispatch"}
{"timestamp":"2026-09-17T11:13:14.481545Z","level":"INFO","message":"asynchronous invocation settled","invocation_id":"inv_01m2qh44a2xvg774wczm24qtcb","status":"succeeded","target":"tachyon_serverless_application::services::invoke_async::dispatch"}
{"timestamp":"2026-09-17T11:13:14.488489Z","level":"INFO","message":"async dispatch: delivery handled","message_id":"inv_01m2qh44a2xvg774wczm24qtcb","sequence":1,"delivery_count":1,"outcome":"Completed { status: \"succeeded\" }","target":"tachyon_serverless_application::services::invoke_async::dispatch"}
{"timestamp":"2026-09-17T11:13:14.767997Z","level":"INFO","message":"asynchronous invocation accepted","invocation_id":"inv_01m2qh470ek26dd547tffrkyc3","tenant_id":"tn_01hzzzzzzzzzzzzzzzzzzzzzza","revision_id":"rev_01m2qh3zkxbsp6873dq7ch3wnw","input_bytes":47,"input_storage":"inline","target":"tachyon_serverless_application::services::invoke_async"}
{"timestamp":"2026-09-17T11:13:14.787355Z","level":"INFO","message":"asynchronous run claimed","invocation_id":"inv_01m2qh470ek26dd547tffrkyc3","attempt":1,"generation":0,"delivery_count":1,"target":"tachyon_serverless_application::services::invoke_async::dispatch"}
{"timestamp":"2026-09-17T11:13:15.016097Z","level":"INFO","message":"asynchronous invocation accepted","invocation_id":"inv_01m2qh477k7wz26y5k4f0smv20","tenant_id":"tn_01hzzzzzzzzzzzzzzzzzzzzzza","revision_id":"rev_01m2qh3zkxbsp6873dq7ch3wnw","input_bytes":4127,"input_storage":"object","target":"tachyon_serverless_application::services::invoke_async"}
{"timestamp":"2026-09-17T11:13:15.029168Z","level":"INFO","message":"asynchronous run claimed","invocation_id":"inv_01m2qh477k7wz26y5k4f0smv20","attempt":1,"generation":0,"delivery_count":1,"target":"tachyon_serverless_application::services::invoke_async::dispatch"}
{"timestamp":"2026-09-17T11:13:15.171987Z","level":"INFO","message":"asynchronous invocation accepted","invocation_id":"inv_01m2qh47d2v35dsqg4t7fvre9b","tenant_id":"tn_01hzzzzzzzzzzzzzzzzzzzzzza","revision_id":"rev_01m2qh421vf4z84hpmj9ve573c","input_bytes":189,"input_storage":"inline","target":"tachyon_serverless_application::services::invoke_async"}
{"timestamp":"2026-09-17T11:13:15.172091Z","level":"INFO","message":"webhook trigger fired","trigger_id":"trg_01m2qh444qjbsfe0ygx34bnre1","event_id":"evt-pre-w1","invocation_id":"inv_01m2qh47d2v35dsqg4t7fvre9b","revision_id":"rev_01m2qh421vf4z84hpmj9ve573c","replayed":false,"target":"tachyon_serverless_application::services::triggers"}
{"timestamp":"2026-09-17T11:13:15.188335Z","level":"INFO","message":"bridge spawned","environment_id":"env_01m2qh4714kmyww7atmhmwpza6","pid":15876,"target":"tachyon_serverless_provider_process"}
{"timestamp":"2026-09-17T11:13:15.222865Z","level":"INFO","message":"trigger updated","trigger_id":"trg_01m2qh443gxdcvjms00d173z1g","generation":2,"status":"disabled","next_fire_at":"None","rotated_secret":false,"target":"tachyon_serverless_application::services::triggers"}
{"timestamp":"2026-09-17T11:13:15.411294Z","level":"INFO","message":"bridge spawned","environment_id":"env_01m2qh478sy8883peyy2bagbfb","pid":15885,"target":"tachyon_serverless_provider_process"}
{"timestamp":"2026-09-17T11:13:15.717619Z","level":"INFO","message":"invocation finished","invocation_id":"inv_01m2qh470ek26dd547tffrkyc3","status":"succeeded (async run)","handler_ms":4,"environment_boot_ms":9,"runtime_init_ms":510,"target":"tachyon_serverless_application::services::invoke"}
{"timestamp":"2026-09-17T11:13:15.718512Z","level":"INFO","message":"terminating bridge","environment_id":"env_01m2qh4714kmyww7atmhmwpza6","pid":15876,"reason":"Completed","graceful":true,"target":"tachyon_serverless_provider_process"}
{"timestamp":"2026-09-17T11:13:15.719436Z","level":"INFO","message":"invocation finished","invocation_id":"inv_01m2qh477k7wz26y5k4f0smv20","status":"succeeded (async run)","handler_ms":7,"environment_boot_ms":12,"runtime_init_ms":285,"target":"tachyon_serverless_application::services::invoke"}
{"timestamp":"2026-09-17T11:13:15.721170Z","level":"INFO","message":"terminating bridge","environment_id":"env_01m2qh478sy8883peyy2bagbfb","pid":15885,"reason":"Completed","graceful":true,"target":"tachyon_serverless_provider_process"}
{"timestamp":"2026-09-17T11:13:15.732385Z","level":"INFO","message":"asynchronous invocation settled","invocation_id":"inv_01m2qh470ek26dd547tffrkyc3","status":"succeeded","target":"tachyon_serverless_application::services::invoke_async::dispatch"}
{"timestamp":"2026-09-17T11:13:15.734556Z","level":"INFO","message":"asynchronous invocation settled","invocation_id":"inv_01m2qh477k7wz26y5k4f0smv20","status":"succeeded","target":"tachyon_serverless_application::services::invoke_async::dispatch"}
{"timestamp":"2026-09-17T11:13:15.740045Z","level":"INFO","message":"async dispatch: delivery handled","message_id":"inv_01m2qh470ek26dd547tffrkyc3","sequence":3,"delivery_count":1,"outcome":"Completed { status: \"succeeded\" }","target":"tachyon_serverless_application::services::invoke_async::dispatch"}
{"timestamp":"2026-09-17T11:13:15.748536Z","level":"INFO","message":"async dispatch: delivery handled","message_id":"inv_01m2qh477k7wz26y5k4f0smv20","sequence":4,"delivery_count":1,"outcome":"Completed { status: \"succeeded\" }","target":"tachyon_serverless_application::services::invoke_async::dispatch"}
{"timestamp":"2026-09-17T11:13:15.749587Z","level":"INFO","message":"asynchronous run claimed","invocation_id":"inv_01m2qh47d2v35dsqg4t7fvre9b","attempt":1,"generation":0,"delivery_count":1,"target":"tachyon_serverless_application::services::invoke_async::dispatch"}
{"timestamp":"2026-09-17T11:13:16.115193Z","level":"INFO","message":"bridge spawned","environment_id":"env_01m2qh47z6ft95drw1sp996v3v","pid":15893,"target":"tachyon_serverless_provider_process"}
{"timestamp":"2026-09-17T11:13:16.147516Z","level":"INFO","message":"invocation finished","invocation_id":"inv_01m2qh47d2v35dsqg4t7fvre9b","status":"succeeded (async run)","handler_ms":1,"environment_boot_ms":12,"runtime_init_ms":16,"target":"tachyon_serverless_application::services::invoke"}
{"timestamp":"2026-09-17T11:13:16.149602Z","level":"INFO","message":"terminating bridge","environment_id":"env_01m2qh47z6ft95drw1sp996v3v","pid":15893,"reason":"Completed","graceful":true,"target":"tachyon_serverless_provider_process"}
{"timestamp":"2026-09-17T11:13:16.157345Z","level":"INFO","message":"asynchronous invocation settled","invocation_id":"inv_01m2qh47d2v35dsqg4t7fvre9b","status":"succeeded","target":"tachyon_serverless_application::services::invoke_async::dispatch"}
{"timestamp":"2026-09-17T11:13:16.165250Z","level":"INFO","message":"async dispatch: delivery handled","message_id":"inv_01m2qh47d2v35dsqg4t7fvre9b","sequence":5,"delivery_count":1,"outcome":"Completed { status: \"succeeded\" }","target":"tachyon_serverless_application::services::invoke_async::dispatch"}
{"timestamp":"2026-09-17T11:13:16.467525Z","level":"INFO","message":"asynchronous invocation accepted","invocation_id":"inv_01m2qh48njehfkwqyg6d966dp1","tenant_id":"tn_01hzzzzzzzzzzzzzzzzzzzzzza","revision_id":"rev_01m2qh3zkxbsp6873dq7ch3wnw","input_bytes":64,"input_storage":"inline","target":"tachyon_serverless_application::services::invoke_async"}
{"timestamp":"2026-09-17T11:13:16.478752Z","level":"INFO","message":"asynchronous run claimed","invocation_id":"inv_01m2qh48njehfkwqyg6d966dp1","attempt":1,"generation":0,"delivery_count":1,"target":"tachyon_serverless_application::services::invoke_async::dispatch"}
{"timestamp":"2026-09-17T11:13:16.849977Z","level":"INFO","message":"bridge spawned","environment_id":"env_01m2qh48nzz6r8rt816mfkndsh","pid":15929,"target":"tachyon_serverless_provider_process"}
{"timestamp":"2026-09-17T11:13:40.188188Z","level":"ERROR","message":"dispatcher lease lost: refusing new invocations; in-flight completions will be refused if another dispatcher reclaimed them","dispatcher_id":"dsp_01m2qh3y73vrf194sc5cebgent","target":"tachyon_serverless_application::services::dispatcher"}
{"timestamp":"2026-09-17T11:13:40.188351Z","level":"WARN","message":"async dispatch: the claim was taken over while running; this run's outcome will be refused","invocation_id":"inv_01m2qh48njehfkwqyg6d966dp1","target":"tachyon_serverless_application::services::invoke_async::dispatch"}
{"timestamp":"2026-09-17T11:13:40.189067Z","level":"WARN","message":"stale completion refused: another dispatcher reclaimed this slot","invocation_id":"inv_01m2qh48njehfkwqyg6d966dp1","attempt_id":"att_01m2qh492cr2qm5kvns9hxztm1","epoch":1,"reason":"lease lse_01m2qh492c19e9xp2je1s06a9r is already released","target":"tachyon_serverless_application::services::invoke"}
{"timestamp":"2026-09-17T11:13:40.190690Z","level":"WARN","message":"environment update failed","error":"refused: environment env_01m2qh48nzz6r8rt816mfkndsh is lost and final","environment_id":"env_01m2qh48nzz6r8rt816mfkndsh","target":"tachyon_serverless_application::services::invoke"}
{"timestamp":"2026-09-17T11:13:40.190725Z","level":"INFO","message":"object retention pass","report":"GcReport { examined: 1, collected_expired: 0, collected_orphans: 0, kept_in_use: 0, kept_referenced: 1, incomplete_removed: 0, tombstones_purged: 0, failed: 0 }","target":"tachyon_serverless_gateway"}
{"timestamp":"2026-09-17T11:13:40.193190Z","level":"WARN","message":"async dispatch: the ledger failed; the message is redelivered","message_id":"inv_01m2qh48njehfkwqyg6d966dp1","error":"platform error: cannot requeue invocation inv_01m2qh48njehfkwqyg6d966dp1: Invocation is already in a terminal state (succeeded); further updates are rejected","target":"tachyon_serverless_application::services::invoke_async::dispatch"}
{"timestamp":"2026-09-17T11:13:41.780114Z","level":"INFO","message":"object retention pass","report":"GcReport { examined: 1, collected_expired: 0, collected_orphans: 0, kept_in_use: 0, kept_referenced: 1, incomplete_removed: 0, tombstones_purged: 0, failed: 0 }","target":"tachyon_serverless_gateway"}
{"timestamp":"2026-09-17T11:13:43.779934Z","level":"INFO","message":"object retention pass","report":"GcReport { examined: 1, collected_expired: 0, collected_orphans: 0, kept_in_use: 0, kept_referenced: 1, incomplete_removed: 0, tombstones_purged: 0, failed: 0 }","target":"tachyon_serverless_gateway"}
{"timestamp":"2026-09-17T11:13:45.781265Z","level":"INFO","message":"object retention pass","report":"GcReport { examined: 1, collected_expired: 0, collected_orphans: 0, kept_in_use: 0, kept_referenced: 1, incomplete_removed: 0, tombstones_purged: 0, failed: 0 }","target":"tachyon_serverless_gateway"}
{"timestamp":"2026-09-17T11:13:46.878419Z","level":"INFO","message":"SIGTERM received","target":"tachyon_serverless_gateway"}
{"timestamp":"2026-09-17T11:13:46.878561Z","level":"INFO","message":"shutdown requested; cancelling in-flight invocations","target":"tachyon_serverless_gateway"}
{"timestamp":"2026-09-17T11:13:46.879425Z","level":"INFO","message":"final usage collection","report":"CollectReport { batches: 0, read: 0, inserted: 0, duplicates: 0, cursor_seq: 45 }","target":"tachyon_serverless_gateway"}
{"timestamp":"2026-09-17T11:13:46.882299Z","level":"INFO","message":"gateway stopped","target":"tachyon_serverless_gateway"}
{"timestamp":"2026-09-17T11:13:46.882666Z","level":"INFO","message":"event: closed","target":"async_nats"}

===== a start (failpoints: none) 11:13:47 =====
{"timestamp":"2026-09-17T11:13:47.056316Z","level":"INFO","message":"configuration loaded","config":"/private/var/folders/z7/khzdjrt95cg_fcmcnh4j1b5h0000gn/T/tsls-chaos.hItNVu/gw-a.toml","target":"tachyon_serverless_gateway"}
{"timestamp":"2026-09-17T11:13:47.059237Z","level":"INFO","message":"connected successfully","server":"49409","max_payload":"1048576","target":"async_nats::connector"}
{"timestamp":"2026-09-17T11:13:47.059446Z","level":"INFO","message":"event: connected","target":"async_nats"}
{"timestamp":"2026-09-17T11:13:47.072984Z","level":"INFO","message":"JetStream queue connected and stream bootstrapped","url":"nats://127.0.0.1:49409","stream":"TACHYON_EVENTS","target":"tachyon_serverless_gateway::durable"}
{"timestamp":"2026-09-17T11:13:47.075850Z","level":"INFO","message":"state store opened","path":"/private/var/folders/z7/khzdjrt95cg_fcmcnh4j1b5h0000gn/T/tsls-chaos.hItNVu/data/state.db","schema_version":8,"migrations_applied":"[]","imported_state_json":"None","settled_invocations":0,"settled_attempts":0,"settled_environments":0,"released_leases":0,"dropped_idempotency_keys":0,"purged_idempotency_keys":0,"outputs_purged":0,"target":"tachyon_serverless_application::app"}
{"timestamp":"2026-09-17T11:13:47.076665Z","level":"INFO","message":"dispatcher registered","dispatcher_id":"dsp_01m2qh56j3z37hcq4xtx3dkgpx","instance":"chaos-a","pid":16362,"lease_ttl_seconds":6,"target":"tachyon_serverless_application::services::dispatcher"}
{"timestamp":"2026-09-17T11:13:47.079543Z","level":"INFO","message":"application bootstrapped","profile":"dev","provider":"process","dev_only":true,"environment_reuse":false,"reuse_verified":false,"reuse_reason":"[pool] enabled is false","reuse_disabled":"Some(Configuration)","idle_quiesce":"unsupported","idle_resume":"unsupported","data_dir":"/private/var/folders/z7/khzdjrt95cg_fcmcnh4j1b5h0000gn/T/tsls-chaos.hItNVu/data","store":"sqlite","dispatcher_id":"dsp_01m2qh56j3z37hcq4xtx3dkgpx","node":"local","node_region":"none","node_memory_mib":"None","max_concurrency":8,"queue":"nats","objects":"filesystem","invoke_async":true,"triggers":true,"target":"tachyon_serverless_application::app"}
{"timestamp":"2026-09-17T11:13:47.080377Z","level":"INFO","message":"startup reconcile finished","provider":"process","found":0,"adopted":0,"terminated":0,"disowned":0,"failed":0,"lost":0,"foreign":0,"reclaimed_dispatchers":0,"fenced_terminated":0,"fenced_pending":0,"target":"tachyon_serverless_application::services::reconcile"}
{"timestamp":"2026-09-17T11:13:47.080515Z","level":"INFO","message":"gateway listening","addr":"127.0.0.1:49413","profile":"dev","provider":"process","target":"tachyon_serverless_gateway"}
{"timestamp":"2026-09-17T11:13:47.082976Z","level":"INFO","message":"asynchronous dispatcher started","workers":2,"owner":"dsp_01m2qh56j3z37hcq4xtx3dkgpx","target":"tachyon_serverless_gateway"}
{"timestamp":"2026-09-17T11:13:47.090777Z","level":"INFO","message":"object retention pass","report":"GcReport { examined: 1, collected_expired: 0, collected_orphans: 0, kept_in_use: 0, kept_referenced: 1, incomplete_removed: 0, tombstones_purged: 0, failed: 0 }","target":"tachyon_serverless_gateway"}
{"timestamp":"2026-09-17T11:13:47.788728Z","level":"INFO","message":"bridge spawned","environment_id":"env_01m2qh56x39z3ye6darmd39caj","pid":16385,"target":"tachyon_serverless_provider_process"}
{"timestamp":"2026-09-17T11:13:47.824899Z","level":"INFO","message":"invocation finished","invocation_id":"inv_01m2qh56x26wfky6zydqkdr9c5","status":"succeeded","handler_ms":1,"environment_boot_ms":11,"runtime_init_ms":17,"target":"tachyon_serverless_application::services::invoke"}
{"timestamp":"2026-09-17T11:13:47.827021Z","level":"INFO","message":"terminating bridge","environment_id":"env_01m2qh56x39z3ye6darmd39caj","pid":16385,"reason":"Completed","graceful":true,"target":"tachyon_serverless_provider_process"}
{"timestamp":"2026-09-17T11:13:47.988262Z","level":"INFO","message":"asynchronous invocation accepted","invocation_id":"inv_01m2qh57ejpyheavxs0ge39106","tenant_id":"tn_01hzzzzzzzzzzzzzzzzzzzzzza","revision_id":"rev_01m2qh3zkxbsp6873dq7ch3wnw","input_bytes":48,"input_storage":"inline","target":"tachyon_serverless_application::services::invoke_async"}
{"timestamp":"2026-09-17T11:13:48.149421Z","level":"INFO","message":"asynchronous invocation accepted","invocation_id":"inv_01m2qh57jyshpwh4t219cmyxj1","tenant_id":"tn_01hzzzzzzzzzzzzzzzzzzzzzza","revision_id":"rev_01m2qh3zkxbsp6873dq7ch3wnw","input_bytes":4128,"input_storage":"object","target":"tachyon_serverless_application::services::invoke_async"}
{"timestamp":"2026-09-17T11:13:48.161543Z","level":"INFO","message":"asynchronous run claimed","invocation_id":"inv_01m2qh57jyshpwh4t219cmyxj1","attempt":1,"generation":0,"delivery_count":1,"target":"tachyon_serverless_application::services::invoke_async::dispatch"}
{"timestamp":"2026-09-17T11:13:48.316153Z","level":"INFO","message":"asynchronous invocation accepted","invocation_id":"inv_01m2qh57rsx45vr442ra0v50s2","tenant_id":"tn_01hzzzzzzzzzzzzzzzzzzzzzza","revision_id":"rev_01m2qh421vf4z84hpmj9ve573c","input_bytes":191,"input_storage":"inline","target":"tachyon_serverless_application::services::invoke_async"}
{"timestamp":"2026-09-17T11:13:48.316284Z","level":"INFO","message":"webhook trigger fired","trigger_id":"trg_01m2qh444qjbsfe0ygx34bnre1","event_id":"evt-post-w1","invocation_id":"inv_01m2qh57rsx45vr442ra0v50s2","revision_id":"rev_01m2qh421vf4z84hpmj9ve573c","replayed":false,"target":"tachyon_serverless_application::services::triggers"}
{"timestamp":"2026-09-17T11:13:48.568384Z","level":"INFO","message":"bridge spawned","environment_id":"env_01m2qh57m70f1s0ya7c944ty7p","pid":16465,"target":"tachyon_serverless_provider_process"}
{"timestamp":"2026-09-17T11:13:48.608456Z","level":"INFO","message":"invocation finished","invocation_id":"inv_01m2qh57jyshpwh4t219cmyxj1","status":"succeeded (async run)","handler_ms":4,"environment_boot_ms":13,"runtime_init_ms":18,"target":"tachyon_serverless_application::services::invoke"}
{"timestamp":"2026-09-17T11:13:48.610499Z","level":"INFO","message":"terminating bridge","environment_id":"env_01m2qh57m70f1s0ya7c944ty7p","pid":16465,"reason":"Completed","graceful":true,"target":"tachyon_serverless_provider_process"}
{"timestamp":"2026-09-17T11:13:48.618038Z","level":"INFO","message":"asynchronous invocation settled","invocation_id":"inv_01m2qh57jyshpwh4t219cmyxj1","status":"succeeded","target":"tachyon_serverless_application::services::invoke_async::dispatch"}
{"timestamp":"2026-09-17T11:13:48.624712Z","level":"INFO","message":"async dispatch: delivery handled","message_id":"inv_01m2qh57jyshpwh4t219cmyxj1","sequence":9,"delivery_count":1,"outcome":"Completed { status: \"succeeded\" }","target":"tachyon_serverless_application::services::invoke_async::dispatch"}
{"timestamp":"2026-09-17T11:13:48.942440Z","level":"INFO","message":"asynchronous run claimed","invocation_id":"inv_01m2qh57rsx45vr442ra0v50s2","attempt":1,"generation":1,"delivery_count":1,"target":"tachyon_serverless_application::services::invoke_async::dispatch"}
{"timestamp":"2026-09-17T11:13:49.089453Z","level":"INFO","message":"object retention pass","report":"GcReport { examined: 1, collected_expired: 0, collected_orphans: 0, kept_in_use: 0, kept_referenced: 1, incomplete_removed: 0, tombstones_purged: 0, failed: 0 }","target":"tachyon_serverless_gateway"}
{"timestamp":"2026-09-17T11:13:49.305083Z","level":"INFO","message":"bridge spawned","environment_id":"env_01m2qh58cfpynwrj8kvr9cdwnp","pid":16475,"target":"tachyon_serverless_provider_process"}
{"timestamp":"2026-09-17T11:13:49.335520Z","level":"INFO","message":"invocation finished","invocation_id":"inv_01m2qh57rsx45vr442ra0v50s2","status":"succeeded (async run)","handler_ms":1,"environment_boot_ms":10,"runtime_init_ms":13,"target":"tachyon_serverless_application::services::invoke"}
{"timestamp":"2026-09-17T11:13:49.337603Z","level":"INFO","message":"terminating bridge","environment_id":"env_01m2qh58cfpynwrj8kvr9cdwnp","pid":16475,"reason":"Completed","graceful":true,"target":"tachyon_serverless_provider_process"}
{"timestamp":"2026-09-17T11:13:49.344767Z","level":"INFO","message":"asynchronous invocation settled","invocation_id":"inv_01m2qh57rsx45vr442ra0v50s2","status":"succeeded","target":"tachyon_serverless_application::services::invoke_async::dispatch"}
{"timestamp":"2026-09-17T11:13:49.351241Z","level":"INFO","message":"async dispatch: delivery handled","message_id":"inv_01m2qh57rsx45vr442ra0v50s2.g1","sequence":11,"delivery_count":1,"outcome":"Completed { status: \"succeeded\" }","target":"tachyon_serverless_application::services::invoke_async::dispatch"}
{"timestamp":"2026-09-17T11:13:51.058351Z","level":"INFO","message":"trigger updated","trigger_id":"trg_01m2qh443gxdcvjms00d173z1g","generation":3,"status":"disabled","next_fire_at":"None","rotated_secret":false,"target":"tachyon_serverless_application::services::triggers"}
{"timestamp":"2026-09-17T11:13:51.089241Z","level":"WARN","message":"reclaimed the work of dispatchers that lost their lease","dispatcher_id":"dsp_01m2qh56j3z37hcq4xtx3dkgpx","reclaimed_dispatchers":"[DispatcherId(dsp_01m2qh49jwknw71pmz00hq47ee)]","leases":1,"invocations":0,"attempts":0,"fenced":0,"target":"tachyon_serverless_application::services::dispatcher"}
{"timestamp":"2026-09-17T11:13:51.089331Z","level":"INFO","message":"object retention pass","report":"GcReport { examined: 1, collected_expired: 0, collected_orphans: 0, kept_in_use: 0, kept_referenced: 1, incomplete_removed: 0, tombstones_purged: 0, failed: 0 }","target":"tachyon_serverless_gateway"}
{"timestamp":"2026-09-17T11:13:51.130786Z","level":"INFO","message":"asynchronous run claimed","invocation_id":"inv_01m2qh57ejpyheavxs0ge39106","attempt":1,"generation":1,"delivery_count":1,"target":"tachyon_serverless_application::services::invoke_async::dispatch"}
{"timestamp":"2026-09-17T11:13:51.504312Z","level":"INFO","message":"bridge spawned","environment_id":"env_01m2qh5agvb7pzwsvq9m43ewka","pid":16533,"target":"tachyon_serverless_provider_process"}
{"timestamp":"2026-09-17T11:13:51.531579Z","level":"INFO","message":"invocation finished","invocation_id":"inv_01m2qh57ejpyheavxs0ge39106","status":"succeeded (async run)","handler_ms":2,"environment_boot_ms":10,"runtime_init_ms":12,"target":"tachyon_serverless_application::services::invoke"}
{"timestamp":"2026-09-17T11:13:51.533614Z","level":"INFO","message":"terminating bridge","environment_id":"env_01m2qh5agvb7pzwsvq9m43ewka","pid":16533,"reason":"Completed","graceful":true,"target":"tachyon_serverless_provider_process"}
{"timestamp":"2026-09-17T11:13:51.539970Z","level":"INFO","message":"asynchronous invocation settled","invocation_id":"inv_01m2qh57ejpyheavxs0ge39106","status":"succeeded","target":"tachyon_serverless_application::services::invoke_async::dispatch"}
{"timestamp":"2026-09-17T11:13:51.547640Z","level":"INFO","message":"async dispatch: delivery handled","message_id":"inv_01m2qh57ejpyheavxs0ge39106.g1","sequence":12,"delivery_count":1,"outcome":"Completed { status: \"succeeded\" }","target":"tachyon_serverless_application::services::invoke_async::dispatch"}
{"timestamp":"2026-09-17T11:13:53.086802Z","level":"INFO","message":"object retention pass","report":"GcReport { examined: 1, collected_expired: 0, collected_orphans: 0, kept_in_use: 0, kept_referenced: 1, incomplete_removed: 0, tombstones_purged: 0, failed: 0 }","target":"tachyon_serverless_gateway"}
{"timestamp":"2026-09-17T11:13:54.590049Z","level":"INFO","message":"SIGTERM received","target":"tachyon_serverless_gateway"}
{"timestamp":"2026-09-17T11:13:54.590134Z","level":"INFO","message":"shutdown requested; cancelling in-flight invocations","target":"tachyon_serverless_gateway"}
{"timestamp":"2026-09-17T11:13:54.590680Z","level":"INFO","message":"final usage collection","report":"CollectReport { batches: 0, read: 0, inserted: 0, duplicates: 0, cursor_seq: 67 }","target":"tachyon_serverless_gateway"}
{"timestamp":"2026-09-17T11:13:54.592532Z","level":"INFO","message":"gateway stopped","target":"tachyon_serverless_gateway"}
{"timestamp":"2026-09-17T11:13:54.592846Z","level":"INFO","message":"event: closed","target":"async_nats"}
