
===== b start (failpoints: none) 11:13:17 =====
{"timestamp":"2026-09-17T11:13:17.383570Z","level":"INFO","message":"configuration loaded","config":"/private/var/folders/z7/khzdjrt95cg_fcmcnh4j1b5h0000gn/T/tsls-chaos.hItNVu/gw-b.toml","target":"tachyon_serverless_gateway"}
{"timestamp":"2026-09-17T11:13:17.386383Z","level":"INFO","message":"connected successfully","server":"49409","max_payload":"1048576","target":"async_nats::connector"}
{"timestamp":"2026-09-17T11:13:17.386679Z","level":"INFO","message":"event: connected","target":"async_nats"}
{"timestamp":"2026-09-17T11:13:17.400123Z","level":"INFO","message":"JetStream queue connected and stream bootstrapped","url":"nats://127.0.0.1:49409","stream":"TACHYON_EVENTS","target":"tachyon_serverless_gateway::durable"}
{"timestamp":"2026-09-17T11:13:17.404423Z","level":"INFO","message":"state store opened","path":"/private/var/folders/z7/khzdjrt95cg_fcmcnh4j1b5h0000gn/T/tsls-chaos.hItNVu/data/state.db","schema_version":8,"migrations_applied":"[]","imported_state_json":"None","settled_invocations":0,"settled_attempts":1,"settled_environments":0,"released_leases":0,"dropped_idempotency_keys":0,"purged_idempotency_keys":0,"outputs_purged":0,"target":"tachyon_serverless_application::app"}
{"timestamp":"2026-09-17T11:13:17.405053Z","level":"INFO","message":"dispatcher registered","dispatcher_id":"dsp_01m2qh49jwknw71pmz00hq47ee","instance":"chaos-b","pid":15960,"lease_ttl_seconds":6,"target":"tachyon_serverless_application::services::dispatcher"}
{"timestamp":"2026-09-17T11:13:17.407074Z","level":"INFO","message":"application bootstrapped","profile":"dev","provider":"process","dev_only":true,"environment_reuse":false,"reuse_verified":false,"reuse_reason":"[pool] enabled is false","reuse_disabled":"Some(Configuration)","idle_quiesce":"unsupported","idle_resume":"unsupported","data_dir":"/private/var/folders/z7/khzdjrt95cg_fcmcnh4j1b5h0000gn/T/tsls-chaos.hItNVu/data","store":"sqlite","dispatcher_id":"dsp_01m2qh49jwknw71pmz00hq47ee","node":"local","node_region":"none","node_memory_mib":"None","max_concurrency":8,"queue":"nats","objects":"filesystem","invoke_async":true,"triggers":true,"target":"tachyon_serverless_application::app"}
{"timestamp":"2026-09-17T11:13:17.407781Z","level":"INFO","message":"startup reconcile finished","provider":"process","found":1,"adopted":0,"terminated":0,"disowned":0,"failed":0,"lost":0,"foreign":1,"reclaimed_dispatchers":0,"fenced_terminated":0,"fenced_pending":0,"target":"tachyon_serverless_application::services::reconcile"}
{"timestamp":"2026-09-17T11:13:17.407910Z","level":"INFO","message":"gateway listening","addr":"127.0.0.1:49452","profile":"dev","provider":"process","target":"tachyon_serverless_gateway"}
{"timestamp":"2026-09-17T11:13:17.410435Z","level":"INFO","message":"asynchronous dispatcher started","workers":2,"owner":"dsp_01m2qh49jwknw71pmz00hq47ee","target":"tachyon_serverless_gateway"}
{"timestamp":"2026-09-17T11:13:20.477981Z","level":"INFO","message":"asynchronous run claimed","invocation_id":"inv_01m2qh48njehfkwqyg6d966dp1","attempt":2,"generation":0,"delivery_count":2,"target":"tachyon_serverless_application::services::invoke_async::dispatch"}
{"timestamp":"2026-09-17T11:13:20.853700Z","level":"INFO","message":"bridge spawned","environment_id":"env_01m2qh4cjz916bkpp6b6grt35j","pid":16014,"target":"tachyon_serverless_provider_process"}
{"timestamp":"2026-09-17T11:13:20.884586Z","level":"WARN","message":"cannot record the invocation as running","error":"illegal state transition for Invocation: running -> running","target":"tachyon_serverless_application::services::invoke"}
{"timestamp":"2026-09-17T11:13:21.414627Z","level":"INFO","message":"object retention pass","report":"GcReport { examined: 1, collected_expired: 0, collected_orphans: 0, kept_in_use: 0, kept_referenced: 1, incomplete_removed: 0, tombstones_purged: 0, failed: 0 }","target":"tachyon_serverless_gateway"}
{"timestamp":"2026-09-17T11:13:23.419494Z","level":"INFO","message":"object retention pass","report":"GcReport { examined: 1, collected_expired: 0, collected_orphans: 0, kept_in_use: 0, kept_referenced: 1, incomplete_removed: 0, tombstones_purged: 0, failed: 0 }","target":"tachyon_serverless_gateway"}
{"timestamp":"2026-09-17T11:13:23.421730Z","level":"WARN","message":"reclaimed the work of dispatchers that lost their lease","dispatcher_id":"dsp_01m2qh49jwknw71pmz00hq47ee","reclaimed_dispatchers":"[DispatcherId(dsp_01m2qh3y73vrf194sc5cebgent)]","leases":1,"invocations":0,"attempts":1,"fenced":1,"target":"tachyon_serverless_application::services::dispatcher"}
{"timestamp":"2026-09-17T11:13:23.422260Z","level":"WARN","message":"terminating orphaned bridge","environment_id":"env_01m2qh48nzz6r8rt816mfkndsh","pid":15929,"target":"tachyon_serverless_provider_process"}
{"timestamp":"2026-09-17T11:13:24.492316Z","level":"INFO","message":"async dispatch: delivery handled","message_id":"inv_01m2qh48njehfkwqyg6d966dp1","sequence":6,"delivery_count":3,"outcome":"Skipped(\"claimed\")","target":"tachyon_serverless_application::services::invoke_async::dispatch"}
{"timestamp":"2026-09-17T11:13:25.412290Z","level":"INFO","message":"object retention pass","report":"GcReport { examined: 1, collected_expired: 0, collected_orphans: 0, kept_in_use: 0, kept_referenced: 1, incomplete_removed: 0, tombstones_purged: 0, failed: 0 }","target":"tachyon_serverless_gateway"}
{"timestamp":"2026-09-17T11:13:26.455454Z","level":"INFO","message":"fenced environment terminated and settled","environment_id":"env_01m2qh48nzz6r8rt816mfkndsh","owner":"Some(DispatcherId(dsp_01m2qh3y73vrf194sc5cebgent))","was_running":true,"target":"tachyon_serverless_application::services::reconcile"}
{"timestamp":"2026-09-17T11:13:27.412903Z","level":"INFO","message":"object retention pass","report":"GcReport { examined: 1, collected_expired: 0, collected_orphans: 0, kept_in_use: 0, kept_referenced: 1, incomplete_removed: 0, tombstones_purged: 0, failed: 0 }","target":"tachyon_serverless_gateway"}
{"timestamp":"2026-09-17T11:13:29.414890Z","level":"INFO","message":"object retention pass","report":"GcReport { examined: 1, collected_expired: 0, collected_orphans: 0, kept_in_use: 0, kept_referenced: 1, incomplete_removed: 0, tombstones_purged: 0, failed: 0 }","target":"tachyon_serverless_gateway"}
{"timestamp":"2026-09-17T11:13:29.892759Z","level":"WARN","message":"stale completion refused: another dispatcher reclaimed this slot","invocation_id":"inv_01m2qh48njehfkwqyg6d966dp1","attempt_id":"att_01m2qh4czmvcngzcqjby3zwapg","epoch":1,"reason":"attempt att_01m2qh4czmvcngzcqjby3zwapg is already settled","target":"tachyon_serverless_application::services::invoke"}
{"timestamp":"2026-09-17T11:13:29.893386Z","level":"INFO","message":"terminating bridge","environment_id":"env_01m2qh4cjz916bkpp6b6grt35j","pid":16014,"reason":"Completed","graceful":true,"target":"tachyon_serverless_provider_process"}
{"timestamp":"2026-09-17T11:13:29.899827Z","level":"INFO","message":"asynchronous invocation rescheduled","invocation_id":"inv_01m2qh48njehfkwqyg6d966dp1","next_attempt_at":"2026-09-17T11:13:30.403601+00:00","counted":true,"error_type":"Host.SlotReclaimed","target":"tachyon_serverless_application::services::invoke_async::dispatch"}
{"timestamp":"2026-09-17T11:13:29.900209Z","level":"INFO","message":"async dispatch: delivery handled","message_id":"inv_01m2qh48njehfkwqyg6d966dp1","sequence":6,"delivery_count":2,"outcome":"Rescheduled { next_attempt_at: 2026-09-17T11:13:30.403601Z, counted: true }","target":"tachyon_serverless_application::services::invoke_async::dispatch"}
{"timestamp":"2026-09-17T11:13:30.425117Z","level":"INFO","message":"asynchronous run claimed","invocation_id":"inv_01m2qh48njehfkwqyg6d966dp1","attempt":3,"generation":1,"delivery_count":1,"target":"tachyon_serverless_application::services::invoke_async::dispatch"}
{"timestamp":"2026-09-17T11:13:30.794351Z","level":"INFO","message":"bridge spawned","environment_id":"env_01m2qh4p9sk5etyhfe2zmaradg","pid":16138,"target":"tachyon_serverless_provider_process"}
{"timestamp":"2026-09-17T11:13:31.413719Z","level":"INFO","message":"object retention pass","report":"GcReport { examined: 1, collected_expired: 0, collected_orphans: 0, kept_in_use: 0, kept_referenced: 1, incomplete_removed: 0, tombstones_purged: 0, failed: 0 }","target":"tachyon_serverless_gateway"}
{"timestamp":"2026-09-17T11:13:33.418257Z","level":"INFO","message":"object retention pass","report":"GcReport { examined: 1, collected_expired: 0, collected_orphans: 0, kept_in_use: 0, kept_referenced: 1, incomplete_removed: 0, tombstones_purged: 0, failed: 0 }","target":"tachyon_serverless_gateway"}
{"timestamp":"2026-09-17T11:13:34.431960Z","level":"INFO","message":"async dispatch: delivery handled","message_id":"inv_01m2qh48njehfkwqyg6d966dp1.g1","sequence":7,"delivery_count":2,"outcome":"Skipped(\"claimed\")","target":"tachyon_serverless_application::services::invoke_async::dispatch"}
{"timestamp":"2026-09-17T11:13:35.416844Z","level":"INFO","message":"object retention pass","report":"GcReport { examined: 1, collected_expired: 0, collected_orphans: 0, kept_in_use: 0, kept_referenced: 1, incomplete_removed: 0, tombstones_purged: 0, failed: 0 }","target":"tachyon_serverless_gateway"}
{"timestamp":"2026-09-17T11:13:37.415455Z","level":"INFO","message":"object retention pass","report":"GcReport { examined: 1, collected_expired: 0, collected_orphans: 0, kept_in_use: 0, kept_referenced: 1, incomplete_removed: 0, tombstones_purged: 0, failed: 0 }","target":"tachyon_serverless_gateway"}
{"timestamp":"2026-09-17T11:13:39.413422Z","level":"INFO","message":"object retention pass","report":"GcReport { examined: 1, collected_expired: 0, collected_orphans: 0, kept_in_use: 0, kept_referenced: 1, incomplete_removed: 0, tombstones_purged: 0, failed: 0 }","target":"tachyon_serverless_gateway"}
{"timestamp":"2026-09-17T11:13:39.823173Z","level":"INFO","message":"invocation finished","invocation_id":"inv_01m2qh48njehfkwqyg6d966dp1","status":"succeeded (async run)","handler_ms":9004,"environment_boot_ms":9,"runtime_init_ms":11,"target":"tachyon_serverless_application::services::invoke"}
{"timestamp":"2026-09-17T11:13:39.825235Z","level":"INFO","message":"terminating bridge","environment_id":"env_01m2qh4p9sk5etyhfe2zmaradg","pid":16138,"reason":"Completed","graceful":true,"target":"tachyon_serverless_provider_process"}
{"timestamp":"2026-09-17T11:13:39.832205Z","level":"INFO","message":"asynchronous invocation settled","invocation_id":"inv_01m2qh48njehfkwqyg6d966dp1","status":"succeeded","target":"tachyon_serverless_application::services::invoke_async::dispatch"}
{"timestamp":"2026-09-17T11:13:39.832567Z","level":"INFO","message":"async dispatch: delivery handled","message_id":"inv_01m2qh48njehfkwqyg6d966dp1.g1","sequence":7,"delivery_count":1,"outcome":"Completed { status: \"succeeded\" }","target":"tachyon_serverless_application::services::invoke_async::dispatch"}
{"timestamp":"2026-09-17T11:13:41.413190Z","level":"INFO","message":"object retention pass","report":"GcReport { examined: 1, collected_expired: 0, collected_orphans: 0, kept_in_use: 0, kept_referenced: 1, incomplete_removed: 0, tombstones_purged: 0, failed: 0 }","target":"tachyon_serverless_gateway"}
{"timestamp":"2026-09-17T11:13:43.416089Z","level":"INFO","message":"object retention pass","report":"GcReport { examined: 1, collected_expired: 0, collected_orphans: 0, kept_in_use: 0, kept_referenced: 1, incomplete_removed: 0, tombstones_purged: 0, failed: 0 }","target":"tachyon_serverless_gateway"}
{"timestamp":"2026-09-17T11:13:45.414514Z","level":"INFO","message":"object retention pass","report":"GcReport { examined: 1, collected_expired: 0, collected_orphans: 0, kept_in_use: 0, kept_referenced: 1, incomplete_removed: 0, tombstones_purged: 0, failed: 0 }","target":"tachyon_serverless_gateway"}
{"timestamp":"2026-09-17T11:13:47.412943Z","level":"INFO","message":"object retention pass","report":"GcReport { examined: 1, collected_expired: 0, collected_orphans: 0, kept_in_use: 0, kept_referenced: 1, incomplete_removed: 0, tombstones_purged: 0, failed: 0 }","target":"tachyon_serverless_gateway"}
{"timestamp":"2026-09-17T11:13:48.001316Z","level":"INFO","message":"asynchronous run claimed","invocation_id":"inv_01m2qh57ejpyheavxs0ge39106","attempt":1,"generation":0,"delivery_count":1,"target":"tachyon_serverless_application::services::invoke_async::dispatch"}
{"timestamp":"2026-09-17T11:13:48.341768Z","level":"INFO","message":"asynchronous run claimed","invocation_id":"inv_01m2qh57rsx45vr442ra0v50s2","attempt":1,"generation":0,"delivery_count":1,"target":"tachyon_serverless_application::services::invoke_async::dispatch"}
{"timestamp":"2026-09-17T11:13:48.410829Z","level":"INFO","message":"bridge spawned","environment_id":"env_01m2qh57f1jvrz1x2edgn578bv","pid":16460,"target":"tachyon_serverless_provider_process"}
{"timestamp":"2026-09-17T11:13:48.413162Z","level":"INFO","message":"SIGTERM received","target":"tachyon_serverless_gateway"}
{"timestamp":"2026-09-17T11:13:48.413245Z","level":"INFO","message":"shutdown requested; cancelling in-flight invocations","target":"tachyon_serverless_gateway"}
{"timestamp":"2026-09-17T11:13:48.413293Z","level":"INFO","message":"cancelling in-flight invocations for shutdown","count":2,"target":"tachyon_serverless_application::services::invoke"}
{"timestamp":"2026-09-17T11:13:48.414221Z","level":"INFO","message":"terminating bridge","environment_id":"env_01m2qh57f1jvrz1x2edgn578bv","pid":16460,"reason":"Shutdown","graceful":true,"target":"tachyon_serverless_provider_process"}
{"timestamp":"2026-09-17T11:13:48.722139Z","level":"INFO","message":"asynchronous invocation rescheduled","invocation_id":"inv_01m2qh57rsx45vr442ra0v50s2","next_attempt_at":"2026-09-17T11:13:48.854264+00:00","counted":false,"error_type":"Host.GatewayShutdown","target":"tachyon_serverless_application::services::invoke_async::dispatch"}
{"timestamp":"2026-09-17T11:13:48.726842Z","level":"INFO","message":"async dispatch: delivery handled","message_id":"inv_01m2qh57rsx45vr442ra0v50s2","sequence":10,"delivery_count":1,"outcome":"Rescheduled { next_attempt_at: 2026-09-17T11:13:48.854264Z, counted: false }","target":"tachyon_serverless_application::services::invoke_async::dispatch"}
{"timestamp":"2026-09-17T11:13:49.414800Z","level":"INFO","message":"object retention pass","report":"GcReport { examined: 1, collected_expired: 0, collected_orphans: 0, kept_in_use: 0, kept_referenced: 1, incomplete_removed: 0, tombstones_purged: 0, failed: 0 }","target":"tachyon_serverless_gateway"}
{"timestamp":"2026-09-17T11:13:50.923387Z","level":"INFO","message":"asynchronous invocation rescheduled","invocation_id":"inv_01m2qh57ejpyheavxs0ge39106","next_attempt_at":"2026-09-17T11:13:51.104407+00:00","counted":false,"error_type":"Host.GatewayShutdown","target":"tachyon_serverless_application::services::invoke_async::dispatch"}
{"timestamp":"2026-09-17T11:13:50.931612Z","level":"INFO","message":"async dispatch: delivery handled","message_id":"inv_01m2qh57ejpyheavxs0ge39106","sequence":8,"delivery_count":1,"outcome":"Rescheduled { next_attempt_at: 2026-09-17T11:13:51.104407Z, counted: false }","target":"tachyon_serverless_application::services::invoke_async::dispatch"}
{"timestamp":"2026-09-17T11:13:50.936401Z","level":"INFO","message":"final usage collection","report":"CollectReport { batches: 1, read: 1, inserted: 1, duplicates: 0, cursor_seq: 62 }","target":"tachyon_serverless_gateway"}
{"timestamp":"2026-09-17T11:13:50.938239Z","level":"INFO","message":"gateway stopped","target":"tachyon_serverless_gateway"}
{"timestamp":"2026-09-17T11:13:50.938798Z","level":"INFO","message":"event: closed","target":"async_nats"}
