2026-09-17T17:10:14.550130127 [anonymous-instance:main:INFO] Running Firecracker v1.17.0
2026-09-17T17:10:14.550221344 [anonymous-instance:main:INFO] Listening on API socket ("api.sock").
2026-09-17T17:10:14.550741730 [anonymous-instance:fc_api:INFO] API server started.
2026-09-17T17:10:14.557120860 [anonymous-instance:fc_api:INFO] The API server received a Put request on "/machine-config" with body "{\"vcpu_count\":1,\"mem_size_mib\":256}".
2026-09-17T17:10:14.557186960 [anonymous-instance:fc_api:INFO] The request was executed successfully. Status code: 204 No Content.
2026-09-17T17:10:14.566582577 [anonymous-instance:fc_api:INFO] The API server received a Put request on "/boot-source" with body "{\"kernel_image_path\":\"/home/takanorifukuyama.guest/tsls/.kvm/vmlinux\",\"boot_args\":\"console=ttyS0 reboot=k panic=1 pci=off keep_bootcon init=/sbin/tachyon-init tachyon.env_id=env_x1restore tachyon.vsock_port=5000 tachyon.function_dev=/dev/vdb tachyon.scratch_dev=/dev/vdc\"}".
2026-09-17T17:10:14.566654454 [anonymous-instance:fc_api:INFO] The request was executed successfully. Status code: 204 No Content.
2026-09-17T17:10:14.575251052 [anonymous-instance:fc_api:INFO] The API server received a Put request on "/drives/rootfs" with body "{\"drive_id\":\"rootfs\",\"path_on_host\":\"rootfs.ext4\",\"is_root_device\":true,\"is_read_only\":true}".
2026-09-17T17:10:14.575354033 [anonymous-instance:fc_api:INFO] The request was executed successfully. Status code: 204 No Content.
2026-09-17T17:10:14.584867407 [anonymous-instance:fc_api:INFO] The API server received a Put request on "/drives/function" with body "{\"drive_id\":\"function\",\"path_on_host\":\"function.ext4\",\"is_root_device\":false,\"is_read_only\":true}".
2026-09-17T17:10:14.584948745 [anonymous-instance:fc_api:INFO] The request was executed successfully. Status code: 204 No Content.
2026-09-17T17:10:14.593453247 [anonymous-instance:fc_api:INFO] The API server received a Put request on "/drives/scratch" with body "{\"drive_id\":\"scratch\",\"path_on_host\":\"scratch.ext4\",\"is_root_device\":false,\"is_read_only\":false}".
2026-09-17T17:10:14.593558906 [anonymous-instance:fc_api:INFO] The request was executed successfully. Status code: 204 No Content.
2026-09-17T17:10:14.602745507 [anonymous-instance:fc_api:INFO] The API server received a Put request on "/vsock" with body "{\"guest_cid\":3,\"uds_path\":\"v.sock\"}".
2026-09-17T17:10:14.602943639 [anonymous-instance:fc_api:INFO] The request was executed successfully. Status code: 204 No Content.
2026-09-17T17:10:14.614687543 [anonymous-instance:fc_api:INFO] The API server received a Put request on "/actions" with body "{\"action_type\":\"InstanceStart\"}".
2026-09-17T17:10:14.620610211 [anonymous-instance:main:WARN] Could not read the coherency line size, size, number of sets for cache level 1.
2026-09-17T17:10:14.620675055 [anonymous-instance:main:WARN] Could not read the coherency line size, size, number of sets for cache level 1.
2026-09-17T17:10:14.620807255 [anonymous-instance:main:INFO] Artificially kick devices
2026-09-17T17:10:14.620916933 [anonymous-instance:fc_vcpu 0:WARN] Received a VcpuEvent::Resume message with immediate_exit enabled. immediate_exit was disabled before proceeding
2026-09-17T17:10:14.620974912 [anonymous-instance:fc_api:INFO] The request was executed successfully. Status code: 204 No Content.
2026-09-17T17:10:16.344050968 [anonymous-instance:fc_vcpu 0:INFO] [Block:rootfs] notifying queues
2026-09-17T17:10:16.391704077 [anonymous-instance:fc_vcpu 0:INFO] [Block:function] notifying queues
2026-09-17T17:10:16.427739160 [anonymous-instance:fc_vcpu 0:INFO] [Block:scratch] notifying queues
2026-09-17T17:10:16.725511476 [anonymous-instance:fc_vcpu 0:INFO] [Vsock:vsock] notifying queues
2026-09-17T17:10:17.526471044 [anonymous-instance:fc_vcpu 0:INFO] Received KVM_SYSTEM_EVENT: type: 1, event: [0]
2026-09-17T17:10:17.526523162 [anonymous-instance:main:INFO] Vmm is stopping.
2026-09-17T17:10:17.526594955 [anonymous-instance:main:INFO] Killing vCPU threads
2026-09-17T17:10:17.528748207 [anonymous-instance:main:INFO] Firecracker exiting successfully. exit_code=0
