
===== a start (failpoints: none) 11:31:58 =====
{"timestamp":"2026-09-17T11:31:58.954362Z","level":"INFO","message":"configuration loaded","config":"/private/var/folders/z7/khzdjrt95cg_fcmcnh4j1b5h0000gn/T/tsls-chaos.0ooiCD/gw-a.toml","target":"tachyon_serverless_gateway"}
{"timestamp":"2026-09-17T11:31:58.959267Z","level":"INFO","message":"connected successfully","server":"54363","max_payload":"1048576","target":"async_nats::connector"}
{"timestamp":"2026-09-17T11:31:58.959798Z","level":"INFO","message":"event: connected","target":"async_nats"}
{"timestamp":"2026-09-17T11:31:58.989316Z","level":"INFO","message":"JetStream queue connected and stream bootstrapped","url":"nats://127.0.0.1:54363","stream":"TACHYON_EVENTS","target":"tachyon_serverless_gateway::durable"}
{"timestamp":"2026-09-17T11:31:59.014585Z","level":"INFO","message":"state store opened","path":"/private/var/folders/z7/khzdjrt95cg_fcmcnh4j1b5h0000gn/T/tsls-chaos.0ooiCD/data/state.db","schema_version":8,"migrations_applied":"[1, 2, 3, 4, 5, 6, 7, 8]","imported_state_json":"None","settled_invocations":0,"settled_attempts":0,"settled_environments":0,"released_leases":0,"dropped_idempotency_keys":0,"purged_idempotency_keys":0,"outputs_purged":0,"target":"tachyon_serverless_application::app"}
{"timestamp":"2026-09-17T11:31:59.015762Z","level":"INFO","message":"dispatcher registered","dispatcher_id":"dsp_01m2qj6gx6h96rns0e930s12bp","instance":"chaos-a","pid":51456,"lease_ttl_seconds":6,"target":"tachyon_serverless_application::services::dispatcher"}
{"timestamp":"2026-09-17T11:31:59.026201Z","level":"INFO","message":"application bootstrapped","profile":"dev","provider":"process","dev_only":true,"environment_reuse":false,"reuse_verified":false,"reuse_reason":"[pool] enabled is false","reuse_disabled":"Some(Configuration)","idle_quiesce":"unsupported","idle_resume":"unsupported","data_dir":"/private/var/folders/z7/khzdjrt95cg_fcmcnh4j1b5h0000gn/T/tsls-chaos.0ooiCD/data","store":"sqlite","dispatcher_id":"dsp_01m2qj6gx6h96rns0e930s12bp","node":"local","node_region":"none","node_memory_mib":"None","max_concurrency":8,"queue":"nats","objects":"filesystem","invoke_async":true,"triggers":true,"target":"tachyon_serverless_application::app"}
{"timestamp":"2026-09-17T11:31:59.026933Z","level":"INFO","message":"startup reconcile finished","provider":"process","found":0,"adopted":0,"terminated":0,"disowned":0,"failed":0,"lost":0,"foreign":0,"reclaimed_dispatchers":0,"fenced_terminated":0,"fenced_pending":0,"target":"tachyon_serverless_application::services::reconcile"}
{"timestamp":"2026-09-17T11:31:59.027178Z","level":"INFO","message":"gateway listening","addr":"127.0.0.1:54367","profile":"dev","provider":"process","target":"tachyon_serverless_gateway"}
{"timestamp":"2026-09-17T11:31:59.030315Z","level":"INFO","message":"asynchronous dispatcher started","workers":2,"owner":"dsp_01m2qj6gx6h96rns0e930s12bp","target":"tachyon_serverless_gateway"}
{"timestamp":"2026-09-17T11:32:00.709038Z","level":"INFO","message":"revision ready","revision_id":"rev_01m2qj6j5t4cr9yw47c67tj4km","function_id":"fn_01m2qj6h7zd6f959bvqwh24bwy","target":"tachyon_serverless_application::services::revision"}
{"timestamp":"2026-09-17T11:32:02.063133Z","level":"INFO","message":"revision ready","revision_id":"rev_01m2qj6kh2yvgwy5q5yfrycz88","function_id":"fn_01m2qj6jpr13ms7nwer6d24cbe","target":"tachyon_serverless_application::services::revision"}
{"timestamp":"2026-09-17T11:32:03.415373Z","level":"INFO","message":"revision ready","revision_id":"rev_01m2qj6mvgjqb37tbqkedvrh5h","function_id":"fn_01m2qj6m19yhje99k41tdjw9nv","target":"tachyon_serverless_application::services::revision"}
{"timestamp":"2026-09-17T11:32:03.507324Z","level":"INFO","message":"trigger created","trigger_id":"trg_01m2qj6n9jqs8r96pkw8dhzt3k","function_id":"fn_01m2qj6jpr13ms7nwer6d24cbe","kind":"cron","enabled":true,"next_fire_at":"Some(2026-09-17T11:32:04Z)","target":"tachyon_serverless_application::services::triggers"}
{"timestamp":"2026-09-17T11:32:03.533873Z","level":"INFO","message":"trigger created","trigger_id":"trg_01m2qj6nad2p7syg0y5jcz281v","function_id":"fn_01m2qj6jpr13ms7nwer6d24cbe","kind":"webhook","enabled":true,"next_fire_at":"None","target":"tachyon_serverless_application::services::triggers"}
{"timestamp":"2026-09-17T11:32:03.938218Z","level":"INFO","message":"bridge spawned","environment_id":"env_01m2qj6nc04kd9fd7286147wcs","pid":51794,"target":"tachyon_serverless_provider_process"}
{"timestamp":"2026-09-17T11:32:04.004058Z","level":"INFO","message":"asynchronous invocation accepted","invocation_id":"inv_01m2qj6ns2ssjhvqehyvy57z3p","tenant_id":"tn_01hzzzzzzzzzzzzzzzzzzzzzza","revision_id":"rev_01m2qj6kh2yvgwy5q5yfrycz88","input_bytes":180,"input_storage":"inline","target":"tachyon_serverless_application::services::invoke_async"}
{"timestamp":"2026-09-17T11:32:04.004152Z","level":"INFO","message":"cron trigger fired","trigger_id":"trg_01m2qj6n9jqs8r96pkw8dhzt3k","scheduled_at":"2026-09-17T11:32:04Z","invocation_id":"inv_01m2qj6ns2ssjhvqehyvy57z3p","revision_id":"rev_01m2qj6kh2yvgwy5q5yfrycz88","replayed":false,"target":"tachyon_serverless_application::services::triggers"}
{"timestamp":"2026-09-17T11:32:04.016177Z","level":"INFO","message":"asynchronous run claimed","invocation_id":"inv_01m2qj6ns2ssjhvqehyvy57z3p","attempt":1,"generation":0,"delivery_count":1,"target":"tachyon_serverless_application::services::invoke_async::dispatch"}
{"timestamp":"2026-09-17T11:32:04.279810Z","level":"INFO","message":"invocation finished","invocation_id":"inv_01m2qj6nbzqfm4wvz5f27cw2ak","status":"succeeded","handler_ms":1,"environment_boot_ms":9,"runtime_init_ms":329,"target":"tachyon_serverless_application::services::invoke"}
{"timestamp":"2026-09-17T11:32:04.281718Z","level":"INFO","message":"terminating bridge","environment_id":"env_01m2qj6nc04kd9fd7286147wcs","pid":51794,"reason":"Completed","graceful":true,"target":"tachyon_serverless_provider_process"}
{"timestamp":"2026-09-17T11:32:04.333624Z","level":"INFO","message":"bridge spawned","environment_id":"env_01m2qj6nsgrj8whsdmv1frznjv","pid":51809,"target":"tachyon_serverless_provider_process"}
{"timestamp":"2026-09-17T11:32:04.353796Z","level":"INFO","message":"invocation finished","invocation_id":"inv_01m2qj6ns2ssjhvqehyvy57z3p","status":"succeeded (async run)","handler_ms":0,"environment_boot_ms":8,"runtime_init_ms":10,"target":"tachyon_serverless_application::services::invoke"}
{"timestamp":"2026-09-17T11:32:04.355662Z","level":"INFO","message":"terminating bridge","environment_id":"env_01m2qj6nsgrj8whsdmv1frznjv","pid":51809,"reason":"Completed","graceful":true,"target":"tachyon_serverless_provider_process"}
{"timestamp":"2026-09-17T11:32:04.360798Z","level":"INFO","message":"asynchronous invocation settled","invocation_id":"inv_01m2qj6ns2ssjhvqehyvy57z3p","status":"succeeded","target":"tachyon_serverless_application::services::invoke_async::dispatch"}
{"timestamp":"2026-09-17T11:32:04.369356Z","level":"INFO","message":"async dispatch: delivery handled","message_id":"inv_01m2qj6ns2ssjhvqehyvy57z3p","sequence":1,"delivery_count":1,"outcome":"Completed { status: \"succeeded\" }","target":"tachyon_serverless_application::services::invoke_async::dispatch"}
{"timestamp":"2026-09-17T11:32:04.395558Z","level":"INFO","message":"asynchronous invocation accepted","invocation_id":"inv_01m2qj6p5a55s20n509v7x0bs7","tenant_id":"tn_01hzzzzzzzzzzzzzzzzzzzzzza","revision_id":"rev_01m2qj6j5t4cr9yw47c67tj4km","input_bytes":47,"input_storage":"inline","target":"tachyon_serverless_application::services::invoke_async"}
{"timestamp":"2026-09-17T11:32:04.401787Z","level":"INFO","message":"asynchronous run claimed","invocation_id":"inv_01m2qj6p5a55s20n509v7x0bs7","attempt":1,"generation":0,"delivery_count":1,"target":"tachyon_serverless_application::services::invoke_async::dispatch"}
{"timestamp":"2026-09-17T11:32:04.512271Z","level":"INFO","message":"asynchronous invocation accepted","invocation_id":"inv_01m2qj6p8f1x1gjyn09594dcre","tenant_id":"tn_01hzzzzzzzzzzzzzzzzzzzzzza","revision_id":"rev_01m2qj6j5t4cr9yw47c67tj4km","input_bytes":4127,"input_storage":"object","target":"tachyon_serverless_application::services::invoke_async"}
{"timestamp":"2026-09-17T11:32:04.518694Z","level":"INFO","message":"asynchronous run claimed","invocation_id":"inv_01m2qj6p8f1x1gjyn09594dcre","attempt":1,"generation":0,"delivery_count":1,"target":"tachyon_serverless_application::services::invoke_async::dispatch"}
{"timestamp":"2026-09-17T11:32:04.575264Z","level":"INFO","message":"asynchronous invocation accepted","invocation_id":"inv_01m2qj6paxva8ggsk45dgeh5cd","tenant_id":"tn_01hzzzzzzzzzzzzzzzzzzzzzza","revision_id":"rev_01m2qj6kh2yvgwy5q5yfrycz88","input_bytes":189,"input_storage":"inline","target":"tachyon_serverless_application::services::invoke_async"}
{"timestamp":"2026-09-17T11:32:04.575346Z","level":"INFO","message":"webhook trigger fired","trigger_id":"trg_01m2qj6nad2p7syg0y5jcz281v","event_id":"evt-pre-w1","invocation_id":"inv_01m2qj6paxva8ggsk45dgeh5cd","revision_id":"rev_01m2qj6kh2yvgwy5q5yfrycz88","replayed":false,"target":"tachyon_serverless_application::services::triggers"}
{"timestamp":"2026-09-17T11:32:04.744473Z","level":"INFO","message":"bridge spawned","environment_id":"env_01m2qj6p5j477qtkaybse8b2ks","pid":51870,"target":"tachyon_serverless_provider_process"}
{"timestamp":"2026-09-17T11:32:04.885529Z","level":"INFO","message":"bridge spawned","environment_id":"env_01m2qj6p995stcqam3ye182mwc","pid":51872,"target":"tachyon_serverless_provider_process"}
{"timestamp":"2026-09-17T11:32:04.971454Z","level":"INFO","message":"bridge spawned","environment_id":"env_01m2qj6pc6bzm6jzsb93ga288m","pid":51874,"target":"tachyon_serverless_provider_process"}
{"timestamp":"2026-09-17T11:32:04.995620Z","level":"INFO","message":"invocation finished","invocation_id":"inv_01m2qj6pc6y9k6698gn96m3m19","status":"succeeded","handler_ms":1,"environment_boot_ms":9,"runtime_init_ms":11,"target":"tachyon_serverless_application::services::invoke"}
{"timestamp":"2026-09-17T11:32:04.997638Z","level":"INFO","message":"terminating bridge","environment_id":"env_01m2qj6pc6bzm6jzsb93ga288m","pid":51874,"reason":"Completed","graceful":true,"target":"tachyon_serverless_provider_process"}
{"timestamp":"2026-09-17T11:32:05.118523Z","level":"INFO","message":"asynchronous invocation accepted","invocation_id":"inv_01m2qj6pvxcs18wqpys3zd4qnh","tenant_id":"tn_01hzzzzzzzzzzzzzzzzzzzzzza","revision_id":"rev_01m2qj6j5t4cr9yw47c67tj4km","input_bytes":47,"input_storage":"inline","target":"tachyon_serverless_application::services::invoke_async"}
{"timestamp":"2026-09-17T11:32:05.144117Z","level":"INFO","message":"invocation finished","invocation_id":"inv_01m2qj6p5a55s20n509v7x0bs7","status":"succeeded (async run)","handler_ms":2,"environment_boot_ms":8,"runtime_init_ms":386,"target":"tachyon_serverless_application::services::invoke"}
{"timestamp":"2026-09-17T11:32:05.145410Z","level":"INFO","message":"invocation finished","invocation_id":"inv_01m2qj6p8f1x1gjyn09594dcre","status":"succeeded (async run)","handler_ms":2,"environment_boot_ms":8,"runtime_init_ms":245,"target":"tachyon_serverless_application::services::invoke"}
{"timestamp":"2026-09-17T11:32:05.146014Z","level":"INFO","message":"terminating bridge","environment_id":"env_01m2qj6p5j477qtkaybse8b2ks","pid":51870,"reason":"Completed","graceful":true,"target":"tachyon_serverless_provider_process"}
{"timestamp":"2026-09-17T11:32:05.147427Z","level":"INFO","message":"terminating bridge","environment_id":"env_01m2qj6p995stcqam3ye182mwc","pid":51872,"reason":"Completed","graceful":true,"target":"tachyon_serverless_provider_process"}
{"timestamp":"2026-09-17T11:32:05.152792Z","level":"INFO","message":"asynchronous invocation settled","invocation_id":"inv_01m2qj6p5a55s20n509v7x0bs7","status":"succeeded","target":"tachyon_serverless_application::services::invoke_async::dispatch"}
{"timestamp":"2026-09-17T11:32:05.153753Z","level":"INFO","message":"asynchronous invocation settled","invocation_id":"inv_01m2qj6p8f1x1gjyn09594dcre","status":"succeeded","target":"tachyon_serverless_application::services::invoke_async::dispatch"}
{"timestamp":"2026-09-17T11:32:05.157475Z","level":"INFO","message":"async dispatch: delivery handled","message_id":"inv_01m2qj6p5a55s20n509v7x0bs7","sequence":2,"delivery_count":1,"outcome":"Completed { status: \"succeeded\" }","target":"tachyon_serverless_application::services::invoke_async::dispatch"}
{"timestamp":"2026-09-17T11:32:05.161300Z","level":"INFO","message":"async dispatch: delivery handled","message_id":"inv_01m2qj6p8f1x1gjyn09594dcre","sequence":3,"delivery_count":1,"outcome":"Completed { status: \"succeeded\" }","target":"tachyon_serverless_application::services::invoke_async::dispatch"}
{"timestamp":"2026-09-17T11:32:05.165228Z","level":"INFO","message":"asynchronous run claimed","invocation_id":"inv_01m2qj6paxva8ggsk45dgeh5cd","attempt":1,"generation":0,"delivery_count":1,"target":"tachyon_serverless_application::services::invoke_async::dispatch"}
{"timestamp":"2026-09-17T11:32:05.165729Z","level":"INFO","message":"asynchronous run claimed","invocation_id":"inv_01m2qj6pvxcs18wqpys3zd4qnh","attempt":1,"generation":0,"delivery_count":1,"target":"tachyon_serverless_application::services::invoke_async::dispatch"}
{"timestamp":"2026-09-17T11:32:05.255685Z","level":"INFO","message":"asynchronous invocation accepted","invocation_id":"inv_01m2qj6pzn5c5aqsne4s685wt8","tenant_id":"tn_01hzzzzzzzzzzzzzzzzzzzzzza","revision_id":"rev_01m2qj6j5t4cr9yw47c67tj4km","input_bytes":4127,"input_storage":"object","target":"tachyon_serverless_application::services::invoke_async"}
{"timestamp":"2026-09-17T11:32:05.327607Z","level":"INFO","message":"asynchronous invocation accepted","invocation_id":"inv_01m2qj6q2e2c74ysghjm8fwv6n","tenant_id":"tn_01hzzzzzzzzzzzzzzzzzzzzzza","revision_id":"rev_01m2qj6kh2yvgwy5q5yfrycz88","input_bytes":189,"input_storage":"inline","target":"tachyon_serverless_application::services::invoke_async"}
{"timestamp":"2026-09-17T11:32:05.327692Z","level":"INFO","message":"webhook trigger fired","trigger_id":"trg_01m2qj6nad2p7syg0y5jcz281v","event_id":"evt-pre-w2","invocation_id":"inv_01m2qj6q2e2c74ysghjm8fwv6n","revision_id":"rev_01m2qj6kh2yvgwy5q5yfrycz88","replayed":false,"target":"tachyon_serverless_application::services::triggers"}
{"timestamp":"2026-09-17T11:32:05.383323Z","level":"INFO","message":"trigger updated","trigger_id":"trg_01m2qj6n9jqs8r96pkw8dhzt3k","generation":2,"status":"disabled","next_fire_at":"None","rotated_secret":false,"target":"tachyon_serverless_application::services::triggers"}
{"timestamp":"2026-09-17T11:32:05.522883Z","level":"INFO","message":"bridge spawned","environment_id":"env_01m2qj6pxdv7k8zqpzzqa5ph2v","pid":51953,"target":"tachyon_serverless_provider_process"}
{"timestamp":"2026-09-17T11:32:05.532910Z","level":"INFO","message":"bridge spawned","environment_id":"env_01m2qj6pxeqvq4p4qq4gx7rhxf","pid":51954,"target":"tachyon_serverless_provider_process"}
{"timestamp":"2026-09-17T11:32:05.545820Z","level":"INFO","message":"invocation finished","invocation_id":"inv_01m2qj6paxva8ggsk45dgeh5cd","status":"succeeded (async run)","handler_ms":1,"environment_boot_ms":9,"runtime_init_ms":11,"target":"tachyon_serverless_application::services::invoke"}
{"timestamp":"2026-09-17T11:32:05.547783Z","level":"INFO","message":"terminating bridge","environment_id":"env_01m2qj6pxdv7k8zqpzzqa5ph2v","pid":51953,"reason":"Completed","graceful":true,"target":"tachyon_serverless_provider_process"}
{"timestamp":"2026-09-17T11:32:05.553799Z","level":"INFO","message":"asynchronous invocation settled","invocation_id":"inv_01m2qj6paxva8ggsk45dgeh5cd","status":"succeeded","target":"tachyon_serverless_application::services::invoke_async::dispatch"}
{"timestamp":"2026-09-17T11:32:05.559212Z","level":"INFO","message":"async dispatch: delivery handled","message_id":"inv_01m2qj6paxva8ggsk45dgeh5cd","sequence":4,"delivery_count":1,"outcome":"Completed { status: \"succeeded\" }","target":"tachyon_serverless_application::services::invoke_async::dispatch"}
{"timestamp":"2026-09-17T11:32:05.563179Z","level":"INFO","message":"asynchronous run claimed","invocation_id":"inv_01m2qj6pzn5c5aqsne4s685wt8","attempt":1,"generation":0,"delivery_count":1,"target":"tachyon_serverless_application::services::invoke_async::dispatch"}
{"timestamp":"2026-09-17T11:32:05.565632Z","level":"INFO","message":"invocation finished","invocation_id":"inv_01m2qj6pvxcs18wqpys3zd4qnh","status":"succeeded (async run)","handler_ms":2,"environment_boot_ms":8,"runtime_init_ms":13,"target":"tachyon_serverless_application::services::invoke"}
{"timestamp":"2026-09-17T11:32:05.567967Z","level":"INFO","message":"terminating bridge","environment_id":"env_01m2qj6pxeqvq4p4qq4gx7rhxf","pid":51954,"reason":"Completed","graceful":true,"target":"tachyon_serverless_provider_process"}
{"timestamp":"2026-09-17T11:32:05.576246Z","level":"INFO","message":"asynchronous invocation settled","invocation_id":"inv_01m2qj6pvxcs18wqpys3zd4qnh","status":"succeeded","target":"tachyon_serverless_application::services::invoke_async::dispatch"}
{"timestamp":"2026-09-17T11:32:05.582118Z","level":"INFO","message":"async dispatch: delivery handled","message_id":"inv_01m2qj6pvxcs18wqpys3zd4qnh","sequence":5,"delivery_count":1,"outcome":"Completed { status: \"succeeded\" }","target":"tachyon_serverless_application::services::invoke_async::dispatch"}
{"timestamp":"2026-09-17T11:32:05.583123Z","level":"INFO","message":"asynchronous run claimed","invocation_id":"inv_01m2qj6q2e2c74ysghjm8fwv6n","attempt":1,"generation":0,"delivery_count":1,"target":"tachyon_serverless_application::services::invoke_async::dispatch"}
{"timestamp":"2026-09-17T11:32:05.930842Z","level":"INFO","message":"bridge spawned","environment_id":"env_01m2qj6q9yx9s0rjte3x7zmgek","pid":51957,"target":"tachyon_serverless_provider_process"}
{"timestamp":"2026-09-17T11:32:05.939472Z","level":"INFO","message":"bridge spawned","environment_id":"env_01m2qj6qaf624dd67t40cha78g","pid":51958,"target":"tachyon_serverless_provider_process"}
{"timestamp":"2026-09-17T11:32:05.955129Z","level":"INFO","message":"invocation finished","invocation_id":"inv_01m2qj6pzn5c5aqsne4s685wt8","status":"succeeded (async run)","handler_ms":2,"environment_boot_ms":9,"runtime_init_ms":11,"target":"tachyon_serverless_application::services::invoke"}
{"timestamp":"2026-09-17T11:32:05.957145Z","level":"INFO","message":"terminating bridge","environment_id":"env_01m2qj6q9yx9s0rjte3x7zmgek","pid":51957,"reason":"Completed","graceful":true,"target":"tachyon_serverless_provider_process"}
{"timestamp":"2026-09-17T11:32:05.962216Z","level":"INFO","message":"invocation finished","invocation_id":"inv_01m2qj6q2e2c74ysghjm8fwv6n","status":"succeeded (async run)","handler_ms":1,"environment_boot_ms":8,"runtime_init_ms":11,"target":"tachyon_serverless_application::services::invoke"}
{"timestamp":"2026-09-17T11:32:05.964183Z","level":"INFO","message":"terminating bridge","environment_id":"env_01m2qj6qaf624dd67t40cha78g","pid":51958,"reason":"Completed","graceful":true,"target":"tachyon_serverless_provider_process"}
{"timestamp":"2026-09-17T11:32:05.964995Z","level":"INFO","message":"asynchronous invocation settled","invocation_id":"inv_01m2qj6pzn5c5aqsne4s685wt8","status":"succeeded","target":"tachyon_serverless_application::services::invoke_async::dispatch"}
{"timestamp":"2026-09-17T11:32:05.973098Z","level":"INFO","message":"async dispatch: delivery handled","message_id":"inv_01m2qj6pzn5c5aqsne4s685wt8","sequence":6,"delivery_count":1,"outcome":"Completed { status: \"succeeded\" }","target":"tachyon_serverless_application::services::invoke_async::dispatch"}
{"timestamp":"2026-09-17T11:32:05.979677Z","level":"INFO","message":"asynchronous invocation settled","invocation_id":"inv_01m2qj6q2e2c74ysghjm8fwv6n","status":"succeeded","target":"tachyon_serverless_application::services::invoke_async::dispatch"}
{"timestamp":"2026-09-17T11:32:05.984022Z","level":"INFO","message":"async dispatch: delivery handled","message_id":"inv_01m2qj6q2e2c74ysghjm8fwv6n","sequence":7,"delivery_count":1,"outcome":"Completed { status: \"succeeded\" }","target":"tachyon_serverless_application::services::invoke_async::dispatch"}
{"timestamp":"2026-09-17T11:32:06.446571Z","level":"INFO","message":"SIGTERM received","target":"tachyon_serverless_gateway"}
{"timestamp":"2026-09-17T11:32:06.446634Z","level":"INFO","message":"shutdown requested; cancelling in-flight invocations","target":"tachyon_serverless_gateway"}
{"timestamp":"2026-09-17T11:32:06.447110Z","level":"INFO","message":"final usage collection","report":"CollectReport { batches: 0, read: 0, inserted: 0, duplicates: 0, cursor_seq: 45 }","target":"tachyon_serverless_gateway"}
{"timestamp":"2026-09-17T11:32:06.448433Z","level":"INFO","message":"gateway stopped","target":"tachyon_serverless_gateway"}
{"timestamp":"2026-09-17T11:32:06.448604Z","level":"INFO","message":"event: closed","target":"async_nats"}

===== a start (failpoints: dispatch.after_claim=kill) 11:32:06 =====
{"timestamp":"2026-09-17T11:32:06.588262Z","level":"INFO","message":"configuration loaded","config":"/private/var/folders/z7/khzdjrt95cg_fcmcnh4j1b5h0000gn/T/tsls-chaos.0ooiCD/gw-a.toml","target":"tachyon_serverless_gateway"}
{"timestamp":"2026-09-17T11:32:06.590627Z","level":"INFO","message":"connected successfully","server":"54363","max_payload":"1048576","target":"async_nats::connector"}
{"timestamp":"2026-09-17T11:32:06.590787Z","level":"INFO","message":"event: connected","target":"async_nats"}
{"timestamp":"2026-09-17T11:32:06.602255Z","level":"INFO","message":"JetStream queue connected and stream bootstrapped","url":"nats://127.0.0.1:54363","stream":"TACHYON_EVENTS","target":"tachyon_serverless_gateway::durable"}
{"timestamp":"2026-09-17T11:32:06.604490Z","level":"INFO","message":"state store opened","path":"/private/var/folders/z7/khzdjrt95cg_fcmcnh4j1b5h0000gn/T/tsls-chaos.0ooiCD/data/state.db","schema_version":8,"migrations_applied":"[]","imported_state_json":"None","settled_invocations":0,"settled_attempts":0,"settled_environments":0,"released_leases":0,"dropped_idempotency_keys":0,"purged_idempotency_keys":0,"outputs_purged":0,"target":"tachyon_serverless_application::app"}
{"timestamp":"2026-09-17T11:32:06.605083Z","level":"INFO","message":"dispatcher registered","dispatcher_id":"dsp_01m2qj6racvr7xp4camy38zrnk","instance":"chaos-a","pid":51973,"lease_ttl_seconds":6,"target":"tachyon_serverless_application::services::dispatcher"}
{"timestamp":"2026-09-17T11:32:06.605686Z","level":"WARN","message":"reclaimed the work of dispatchers that lost their lease","dispatcher_id":"dsp_01m2qj6racvr7xp4camy38zrnk","reclaimed_dispatchers":"[DispatcherId(dsp_01m2qj6gx6h96rns0e930s12bp)]","leases":0,"invocations":0,"attempts":0,"fenced":0,"target":"tachyon_serverless_application::services::dispatcher"}
{"timestamp":"2026-09-17T11:32:06.607149Z","level":"WARN","message":"failpoint armed from TSLS_FAILPOINTS","name":"dispatch.after_claim","action":"Kill","count":"None","target":"tachyon_serverless_application::failpoints"}
{"timestamp":"2026-09-17T11:32:06.607269Z","level":"INFO","message":"application bootstrapped","profile":"dev","provider":"process","dev_only":true,"environment_reuse":false,"reuse_verified":false,"reuse_reason":"[pool] enabled is false","reuse_disabled":"Some(Configuration)","idle_quiesce":"unsupported","idle_resume":"unsupported","data_dir":"/private/var/folders/z7/khzdjrt95cg_fcmcnh4j1b5h0000gn/T/tsls-chaos.0ooiCD/data","store":"sqlite","dispatcher_id":"dsp_01m2qj6racvr7xp4camy38zrnk","node":"local","node_region":"none","node_memory_mib":"None","max_concurrency":8,"queue":"nats","objects":"filesystem","invoke_async":true,"triggers":true,"target":"tachyon_serverless_application::app"}
{"timestamp":"2026-09-17T11:32:06.607717Z","level":"INFO","message":"startup reconcile finished","provider":"process","found":0,"adopted":0,"terminated":0,"disowned":0,"failed":0,"lost":0,"foreign":0,"reclaimed_dispatchers":0,"fenced_terminated":0,"fenced_pending":0,"target":"tachyon_serverless_application::services::reconcile"}
{"timestamp":"2026-09-17T11:32:06.607821Z","level":"INFO","message":"gateway listening","addr":"127.0.0.1:54367","profile":"dev","provider":"process","target":"tachyon_serverless_gateway"}
{"timestamp":"2026-09-17T11:32:06.609757Z","level":"INFO","message":"asynchronous dispatcher started","workers":2,"owner":"dsp_01m2qj6racvr7xp4camy38zrnk","target":"tachyon_serverless_gateway"}
{"timestamp":"2026-09-17T11:32:06.927847Z","level":"INFO","message":"asynchronous invocation accepted","invocation_id":"inv_01m2qj6rmemsvceas9fahhe9yp","tenant_id":"tn_01hzzzzzzzzzzzzzzzzzzzzzza","revision_id":"rev_01m2qj6j5t4cr9yw47c67tj4km","input_bytes":81,"input_storage":"inline","target":"tachyon_serverless_application::services::invoke_async"}
{"timestamp":"2026-09-17T11:32:06.937205Z","level":"INFO","message":"asynchronous run claimed","invocation_id":"inv_01m2qj6rmemsvceas9fahhe9yp","attempt":1,"generation":0,"delivery_count":1,"target":"tachyon_serverless_application::services::invoke_async::dispatch"}
{"timestamp":"2026-09-17T11:32:06.937263Z","level":"ERROR","message":"failpoint fired: SIGKILL","name":"dispatch.after_claim","target":"tachyon_serverless_application::failpoints"}

===== a start (failpoints: none) 11:32:07 =====
{"timestamp":"2026-09-17T11:32:07.207180Z","level":"INFO","message":"configuration loaded","config":"/private/var/folders/z7/khzdjrt95cg_fcmcnh4j1b5h0000gn/T/tsls-chaos.0ooiCD/gw-a.toml","target":"tachyon_serverless_gateway"}
{"timestamp":"2026-09-17T11:32:07.209468Z","level":"INFO","message":"connected successfully","server":"54363","max_payload":"1048576","target":"async_nats::connector"}
{"timestamp":"2026-09-17T11:32:07.209606Z","level":"INFO","message":"event: connected","target":"async_nats"}
{"timestamp":"2026-09-17T11:32:07.221437Z","level":"INFO","message":"JetStream queue connected and stream bootstrapped","url":"nats://127.0.0.1:54363","stream":"TACHYON_EVENTS","target":"tachyon_serverless_gateway::durable"}
{"timestamp":"2026-09-17T11:32:07.223633Z","level":"INFO","message":"state store opened","path":"/private/var/folders/z7/khzdjrt95cg_fcmcnh4j1b5h0000gn/T/tsls-chaos.0ooiCD/data/state.db","schema_version":8,"migrations_applied":"[]","imported_state_json":"None","settled_invocations":0,"settled_attempts":0,"settled_environments":0,"released_leases":0,"dropped_idempotency_keys":0,"purged_idempotency_keys":0,"outputs_purged":0,"target":"tachyon_serverless_application::app"}
{"timestamp":"2026-09-17T11:32:07.224080Z","level":"INFO","message":"dispatcher registered","dispatcher_id":"dsp_01m2qj6rxqhnms8qv143e8nx22","instance":"chaos-a","pid":52042,"lease_ttl_seconds":6,"target":"tachyon_serverless_application::services::dispatcher"}
{"timestamp":"2026-09-17T11:32:07.224588Z","level":"WARN","message":"reclaimed the work of dispatchers that lost their lease","dispatcher_id":"dsp_01m2qj6rxqhnms8qv143e8nx22","reclaimed_dispatchers":"[DispatcherId(dsp_01m2qj6racvr7xp4camy38zrnk)]","leases":0,"invocations":0,"attempts":0,"fenced":0,"target":"tachyon_serverless_application::services::dispatcher"}
{"timestamp":"2026-09-17T11:32:07.226093Z","level":"INFO","message":"application bootstrapped","profile":"dev","provider":"process","dev_only":true,"environment_reuse":false,"reuse_verified":false,"reuse_reason":"[pool] enabled is false","reuse_disabled":"Some(Configuration)","idle_quiesce":"unsupported","idle_resume":"unsupported","data_dir":"/private/var/folders/z7/khzdjrt95cg_fcmcnh4j1b5h0000gn/T/tsls-chaos.0ooiCD/data","store":"sqlite","dispatcher_id":"dsp_01m2qj6rxqhnms8qv143e8nx22","node":"local","node_region":"none","node_memory_mib":"None","max_concurrency":8,"queue":"nats","objects":"filesystem","invoke_async":true,"triggers":true,"target":"tachyon_serverless_application::app"}
{"timestamp":"2026-09-17T11:32:07.226536Z","level":"INFO","message":"startup reconcile finished","provider":"process","found":0,"adopted":0,"terminated":0,"disowned":0,"failed":0,"lost":0,"foreign":0,"reclaimed_dispatchers":0,"fenced_terminated":0,"fenced_pending":0,"target":"tachyon_serverless_application::services::reconcile"}
{"timestamp":"2026-09-17T11:32:07.226620Z","level":"INFO","message":"gateway listening","addr":"127.0.0.1:54367","profile":"dev","provider":"process","target":"tachyon_serverless_gateway"}
{"timestamp":"2026-09-17T11:32:07.228235Z","level":"INFO","message":"asynchronous dispatcher started","workers":2,"owner":"dsp_01m2qj6rxqhnms8qv143e8nx22","target":"tachyon_serverless_gateway"}
{"timestamp":"2026-09-17T11:32:10.943397Z","level":"INFO","message":"asynchronous run claimed","invocation_id":"inv_01m2qj6rmemsvceas9fahhe9yp","attempt":2,"generation":0,"delivery_count":2,"target":"tachyon_serverless_application::services::invoke_async::dispatch"}
{"timestamp":"2026-09-17T11:32:11.230912Z","level":"INFO","message":"object retention pass","report":"GcReport { examined: 1, collected_expired: 0, collected_orphans: 0, kept_in_use: 0, kept_referenced: 1, incomplete_removed: 0, tombstones_purged: 0, failed: 0 }","target":"tachyon_serverless_gateway"}
{"timestamp":"2026-09-17T11:32:11.279976Z","level":"INFO","message":"bridge spawned","environment_id":"env_01m2qj6whz9h4k4gx10f2jm1be","pid":52126,"target":"tachyon_serverless_provider_process"}
{"timestamp":"2026-09-17T11:32:11.609254Z","level":"INFO","message":"invocation finished","invocation_id":"inv_01m2qj6rmemsvceas9fahhe9yp","status":"succeeded (async run)","handler_ms":305,"environment_boot_ms":9,"runtime_init_ms":12,"target":"tachyon_serverless_application::services::invoke"}
{"timestamp":"2026-09-17T11:32:11.611486Z","level":"INFO","message":"terminating bridge","environment_id":"env_01m2qj6whz9h4k4gx10f2jm1be","pid":52126,"reason":"Completed","graceful":true,"target":"tachyon_serverless_provider_process"}
{"timestamp":"2026-09-17T11:32:11.621618Z","level":"INFO","message":"asynchronous invocation settled","invocation_id":"inv_01m2qj6rmemsvceas9fahhe9yp","status":"succeeded","target":"tachyon_serverless_application::services::invoke_async::dispatch"}
{"timestamp":"2026-09-17T11:32:11.637092Z","level":"INFO","message":"async dispatch: delivery handled","message_id":"inv_01m2qj6rmemsvceas9fahhe9yp","sequence":8,"delivery_count":2,"outcome":"Completed { status: \"succeeded\" }","target":"tachyon_serverless_application::services::invoke_async::dispatch"}
{"timestamp":"2026-09-17T11:32:12.603427Z","level":"INFO","message":"bridge spawned","environment_id":"env_01m2qj6xp725e499s25qfdw0me","pid":52174,"target":"tachyon_serverless_provider_process"}
{"timestamp":"2026-09-17T11:32:12.670207Z","level":"INFO","message":"invocation finished","invocation_id":"inv_01m2qj6xp5cqxd23t4a1a5e2dw","status":"succeeded","handler_ms":18,"environment_boot_ms":26,"runtime_init_ms":23,"target":"tachyon_serverless_application::services::invoke"}
{"timestamp":"2026-09-17T11:32:12.673808Z","level":"INFO","message":"terminating bridge","environment_id":"env_01m2qj6xp725e499s25qfdw0me","pid":52174,"reason":"Completed","graceful":true,"target":"tachyon_serverless_provider_process"}
{"timestamp":"2026-09-17T11:32:12.948647Z","level":"INFO","message":"asynchronous invocation accepted","invocation_id":"inv_01m2qj6ygjbg786pz7p6x4bvpv","tenant_id":"tn_01hzzzzzzzzzzzzzzzzzzzzzza","revision_id":"rev_01m2qj6j5t4cr9yw47c67tj4km","input_bytes":48,"input_storage":"inline","target":"tachyon_serverless_application::services::invoke_async"}
{"timestamp":"2026-09-17T11:32:12.975740Z","level":"INFO","message":"asynchronous run claimed","invocation_id":"inv_01m2qj6ygjbg786pz7p6x4bvpv","attempt":1,"generation":0,"delivery_count":1,"target":"tachyon_serverless_application::services::invoke_async::dispatch"}
{"timestamp":"2026-09-17T11:32:13.243245Z","level":"INFO","message":"object retention pass","report":"GcReport { examined: 2, collected_expired: 0, collected_orphans: 0, kept_in_use: 0, kept_referenced: 2, incomplete_removed: 0, tombstones_purged: 0, failed: 0 }","target":"tachyon_serverless_gateway"}
{"timestamp":"2026-09-17T11:32:13.315048Z","level":"INFO","message":"asynchronous invocation accepted","invocation_id":"inv_01m2qj6ytqb7hebqqas5chhk4t","tenant_id":"tn_01hzzzzzzzzzzzzzzzzzzzzzza","revision_id":"rev_01m2qj6j5t4cr9yw47c67tj4km","input_bytes":4128,"input_storage":"object","target":"tachyon_serverless_application::services::invoke_async"}
{"timestamp":"2026-09-17T11:32:13.354404Z","level":"INFO","message":"asynchronous run claimed","invocation_id":"inv_01m2qj6ytqb7hebqqas5chhk4t","attempt":1,"generation":0,"delivery_count":1,"target":"tachyon_serverless_application::services::invoke_async::dispatch"}
{"timestamp":"2026-09-17T11:32:13.502083Z","level":"INFO","message":"asynchronous invocation accepted","invocation_id":"inv_01m2qj6z1w5mrpy58qvg2edb06","tenant_id":"tn_01hzzzzzzzzzzzzzzzzzzzzzza","revision_id":"rev_01m2qj6kh2yvgwy5q5yfrycz88","input_bytes":191,"input_storage":"inline","target":"tachyon_serverless_application::services::invoke_async"}
{"timestamp":"2026-09-17T11:32:13.502317Z","level":"INFO","message":"webhook trigger fired","trigger_id":"trg_01m2qj6nad2p7syg0y5jcz281v","event_id":"evt-post-w1","invocation_id":"inv_01m2qj6z1w5mrpy58qvg2edb06","revision_id":"rev_01m2qj6kh2yvgwy5q5yfrycz88","replayed":false,"target":"tachyon_serverless_application::services::triggers"}
{"timestamp":"2026-09-17T11:32:13.692962Z","level":"INFO","message":"trigger updated","trigger_id":"trg_01m2qj6n9jqs8r96pkw8dhzt3k","generation":3,"status":"disabled","next_fire_at":"None","rotated_secret":false,"target":"tachyon_serverless_application::services::triggers"}
{"timestamp":"2026-09-17T11:32:13.728368Z","level":"INFO","message":"bridge spawned","environment_id":"env_01m2qj6yhp5jvtyzcr1smefthc","pid":52271,"target":"tachyon_serverless_provider_process"}
{"timestamp":"2026-09-17T11:32:13.776121Z","level":"INFO","message":"invocation finished","invocation_id":"inv_01m2qj6ygjbg786pz7p6x4bvpv","status":"succeeded (async run)","handler_ms":3,"environment_boot_ms":15,"runtime_init_ms":29,"target":"tachyon_serverless_application::services::invoke"}
{"timestamp":"2026-09-17T11:32:13.778679Z","level":"INFO","message":"terminating bridge","environment_id":"env_01m2qj6yhp5jvtyzcr1smefthc","pid":52271,"reason":"Completed","graceful":true,"target":"tachyon_serverless_provider_process"}
{"timestamp":"2026-09-17T11:32:13.788240Z","level":"INFO","message":"asynchronous invocation settled","invocation_id":"inv_01m2qj6ygjbg786pz7p6x4bvpv","status":"succeeded","target":"tachyon_serverless_application::services::invoke_async::dispatch"}
{"timestamp":"2026-09-17T11:32:13.820397Z","level":"INFO","message":"async dispatch: delivery handled","message_id":"inv_01m2qj6ygjbg786pz7p6x4bvpv","sequence":9,"delivery_count":1,"outcome":"Completed { status: \"succeeded\" }","target":"tachyon_serverless_application::services::invoke_async::dispatch"}
{"timestamp":"2026-09-17T11:32:13.825275Z","level":"INFO","message":"asynchronous run claimed","invocation_id":"inv_01m2qj6z1w5mrpy58qvg2edb06","attempt":1,"generation":0,"delivery_count":1,"target":"tachyon_serverless_application::services::invoke_async::dispatch"}
{"timestamp":"2026-09-17T11:32:14.204407Z","level":"INFO","message":"bridge spawned","environment_id":"env_01m2qj6yxfmcz2pd2vmy5vsxa5","pid":52293,"target":"tachyon_serverless_provider_process"}
{"timestamp":"2026-09-17T11:32:14.257310Z","level":"INFO","message":"invocation finished","invocation_id":"inv_01m2qj6ytqb7hebqqas5chhk4t","status":"succeeded (async run)","handler_ms":4,"environment_boot_ms":13,"runtime_init_ms":26,"target":"tachyon_serverless_application::services::invoke"}
{"timestamp":"2026-09-17T11:32:14.259633Z","level":"INFO","message":"terminating bridge","environment_id":"env_01m2qj6yxfmcz2pd2vmy5vsxa5","pid":52293,"reason":"Completed","graceful":true,"target":"tachyon_serverless_provider_process"}
{"timestamp":"2026-09-17T11:32:14.268875Z","level":"INFO","message":"asynchronous invocation settled","invocation_id":"inv_01m2qj6ytqb7hebqqas5chhk4t","status":"succeeded","target":"tachyon_serverless_application::services::invoke_async::dispatch"}
{"timestamp":"2026-09-17T11:32:14.278588Z","level":"INFO","message":"async dispatch: delivery handled","message_id":"inv_01m2qj6ytqb7hebqqas5chhk4t","sequence":10,"delivery_count":1,"outcome":"Completed { status: \"succeeded\" }","target":"tachyon_serverless_application::services::invoke_async::dispatch"}
{"timestamp":"2026-09-17T11:32:14.290295Z","level":"INFO","message":"bridge spawned","environment_id":"env_01m2qj6zc246a3ffvvy6xgzq2f","pid":52296,"target":"tachyon_serverless_provider_process"}
{"timestamp":"2026-09-17T11:32:14.353210Z","level":"INFO","message":"invocation finished","invocation_id":"inv_01m2qj6z1w5mrpy58qvg2edb06","status":"succeeded (async run)","handler_ms":4,"environment_boot_ms":21,"runtime_init_ms":36,"target":"tachyon_serverless_application::services::invoke"}
{"timestamp":"2026-09-17T11:32:14.355110Z","level":"INFO","message":"terminating bridge","environment_id":"env_01m2qj6zc246a3ffvvy6xgzq2f","pid":52296,"reason":"Completed","graceful":true,"target":"tachyon_serverless_provider_process"}
{"timestamp":"2026-09-17T11:32:14.371154Z","level":"INFO","message":"asynchronous invocation settled","invocation_id":"inv_01m2qj6z1w5mrpy58qvg2edb06","status":"succeeded","target":"tachyon_serverless_application::services::invoke_async::dispatch"}
{"timestamp":"2026-09-17T11:32:14.383223Z","level":"INFO","message":"async dispatch: delivery handled","message_id":"inv_01m2qj6z1w5mrpy58qvg2edb06","sequence":11,"delivery_count":1,"outcome":"Completed { status: \"succeeded\" }","target":"tachyon_serverless_application::services::invoke_async::dispatch"}
{"timestamp":"2026-09-17T11:32:15.235223Z","level":"INFO","message":"object retention pass","report":"GcReport { examined: 2, collected_expired: 0, collected_orphans: 0, kept_in_use: 0, kept_referenced: 2, incomplete_removed: 0, tombstones_purged: 0, failed: 0 }","target":"tachyon_serverless_gateway"}
{"timestamp":"2026-09-17T11:32:17.233474Z","level":"INFO","message":"object retention pass","report":"GcReport { examined: 2, collected_expired: 0, collected_orphans: 0, kept_in_use: 0, kept_referenced: 2, incomplete_removed: 0, tombstones_purged: 0, failed: 0 }","target":"tachyon_serverless_gateway"}
{"timestamp":"2026-09-17T11:32:18.556422Z","level":"INFO","message":"SIGTERM received","target":"tachyon_serverless_gateway"}
{"timestamp":"2026-09-17T11:32:18.556721Z","level":"INFO","message":"shutdown requested; cancelling in-flight invocations","target":"tachyon_serverless_gateway"}
{"timestamp":"2026-09-17T11:32:18.557345Z","level":"INFO","message":"final usage collection","report":"CollectReport { batches: 0, read: 0, inserted: 0, duplicates: 0, cursor_seq: 70 }","target":"tachyon_serverless_gateway"}
{"timestamp":"2026-09-17T11:32:18.559483Z","level":"INFO","message":"gateway stopped","target":"tachyon_serverless_gateway"}
{"timestamp":"2026-09-17T11:32:18.559897Z","level":"INFO","message":"event: closed","target":"async_nats"}
