
===== a start (failpoints: none) 11:06:00 =====
{"timestamp":"2026-09-17T11:06:00.109905Z","level":"INFO","message":"configuration loaded","config":"/private/var/folders/z7/khzdjrt95cg_fcmcnh4j1b5h0000gn/T/tsls-chaos.0KLwyj/gw-a.toml","target":"tachyon_serverless_gateway"}
{"timestamp":"2026-09-17T11:06:00.114474Z","level":"INFO","message":"connected successfully","server":"63106","max_payload":"1048576","target":"async_nats::connector"}
{"timestamp":"2026-09-17T11:06:00.114845Z","level":"INFO","message":"event: connected","target":"async_nats"}
{"timestamp":"2026-09-17T11:06:00.147589Z","level":"INFO","message":"JetStream queue connected and stream bootstrapped","url":"nats://127.0.0.1:63106","stream":"TACHYON_EVENTS","target":"tachyon_serverless_gateway::durable"}
{"timestamp":"2026-09-17T11:06:00.171222Z","level":"INFO","message":"state store opened","path":"/private/var/folders/z7/khzdjrt95cg_fcmcnh4j1b5h0000gn/T/tsls-chaos.0KLwyj/data/state.db","schema_version":8,"migrations_applied":"[1, 2, 3, 4, 5, 6, 7, 8]","imported_state_json":"None","settled_invocations":0,"settled_attempts":0,"settled_environments":0,"released_leases":0,"dropped_idempotency_keys":0,"purged_idempotency_keys":0,"outputs_purged":0,"target":"tachyon_serverless_application::app"}
{"timestamp":"2026-09-17T11:06:00.172583Z","level":"INFO","message":"dispatcher registered","dispatcher_id":"dsp_01m2qgpykbbfczhrs235b1xdcc","instance":"chaos-a","pid":98173,"lease_ttl_seconds":6,"target":"tachyon_serverless_application::services::dispatcher"}
{"timestamp":"2026-09-17T11:06:00.182186Z","level":"INFO","message":"application bootstrapped","profile":"dev","provider":"process","dev_only":true,"environment_reuse":false,"reuse_verified":false,"reuse_reason":"[pool] enabled is false","reuse_disabled":"Some(Configuration)","idle_quiesce":"unsupported","idle_resume":"unsupported","data_dir":"/private/var/folders/z7/khzdjrt95cg_fcmcnh4j1b5h0000gn/T/tsls-chaos.0KLwyj/data","store":"sqlite","dispatcher_id":"dsp_01m2qgpykbbfczhrs235b1xdcc","node":"local","node_region":"none","node_memory_mib":"None","max_concurrency":8,"queue":"nats","objects":"filesystem","invoke_async":true,"triggers":true,"target":"tachyon_serverless_application::app"}
{"timestamp":"2026-09-17T11:06:00.182855Z","level":"INFO","message":"startup reconcile finished","provider":"process","found":0,"adopted":0,"terminated":0,"disowned":0,"failed":0,"lost":0,"foreign":0,"reclaimed_dispatchers":0,"fenced_terminated":0,"fenced_pending":0,"target":"tachyon_serverless_application::services::reconcile"}
{"timestamp":"2026-09-17T11:06:00.183172Z","level":"INFO","message":"gateway listening","addr":"127.0.0.1:63116","profile":"dev","provider":"process","target":"tachyon_serverless_gateway"}
{"timestamp":"2026-09-17T11:06:00.186903Z","level":"INFO","message":"asynchronous dispatcher started","workers":2,"owner":"dsp_01m2qgpykbbfczhrs235b1xdcc","target":"tachyon_serverless_gateway"}
{"timestamp":"2026-09-17T11:06:01.908378Z","level":"INFO","message":"revision ready","revision_id":"rev_01m2qgpzw5906ky2kvp3qwct17","function_id":"fn_01m2qgpyx4t97599faa8mw6qjh","target":"tachyon_serverless_application::services::revision"}
{"timestamp":"2026-09-17T11:06:03.315196Z","level":"INFO","message":"revision ready","revision_id":"rev_01m2qgq198vn9f83qww7ans97y","function_id":"fn_01m2qgq0e8q2mzhd7jt4v5223a","target":"tachyon_serverless_application::services::revision"}
{"timestamp":"2026-09-17T11:06:04.728083Z","level":"INFO","message":"revision ready","revision_id":"rev_01m2qgq2nd7pkzf9qrphn4hrkm","function_id":"fn_01m2qgq1tjgdq8sx8x4b4y90re","target":"tachyon_serverless_application::services::revision"}
{"timestamp":"2026-09-17T11:06:04.922517Z","level":"INFO","message":"trigger created","trigger_id":"trg_01m2qgq37sxdgf7rf9y94ea4vk","function_id":"fn_01m2qgq0e8q2mzhd7jt4v5223a","kind":"cron","enabled":true,"next_fire_at":"Some(2026-09-17T11:06:06Z)","target":"tachyon_serverless_application::services::triggers"}
{"timestamp":"2026-09-17T11:06:04.978445Z","level":"INFO","message":"trigger created","trigger_id":"trg_01m2qgq39hk9sky9rv1nmv9v0t","function_id":"fn_01m2qgq0e8q2mzhd7jt4v5223a","kind":"webhook","enabled":true,"next_fire_at":"None","target":"tachyon_serverless_application::services::triggers"}
{"timestamp":"2026-09-17T11:06:05.447565Z","level":"INFO","message":"bridge spawned","environment_id":"env_01m2qgq3c0edp9q571wjbpbft4","pid":98477,"target":"tachyon_serverless_provider_process"}
{"timestamp":"2026-09-17T11:06:05.841640Z","level":"INFO","message":"invocation finished","invocation_id":"inv_01m2qgq3bzhat375v2gx7xa37g","status":"succeeded","handler_ms":1,"environment_boot_ms":20,"runtime_init_ms":377,"target":"tachyon_serverless_application::services::invoke"}
{"timestamp":"2026-09-17T11:06:05.843689Z","level":"INFO","message":"terminating bridge","environment_id":"env_01m2qgq3c0edp9q571wjbpbft4","pid":98477,"reason":"Completed","graceful":true,"target":"tachyon_serverless_provider_process"}
{"timestamp":"2026-09-17T11:06:06.005100Z","level":"INFO","message":"asynchronous invocation accepted","invocation_id":"inv_01m2qgq49kcyf0h92yddrdrd9j","tenant_id":"tn_01hzzzzzzzzzzzzzzzzzzzzzza","revision_id":"rev_01m2qgq198vn9f83qww7ans97y","input_bytes":180,"input_storage":"inline","target":"tachyon_serverless_application::services::invoke_async"}
{"timestamp":"2026-09-17T11:06:06.005190Z","level":"INFO","message":"cron trigger fired","trigger_id":"trg_01m2qgq37sxdgf7rf9y94ea4vk","scheduled_at":"2026-09-17T11:06:06Z","invocation_id":"inv_01m2qgq49kcyf0h92yddrdrd9j","revision_id":"rev_01m2qgq198vn9f83qww7ans97y","replayed":false,"target":"tachyon_serverless_application::services::triggers"}
{"timestamp":"2026-09-17T11:06:06.012344Z","level":"INFO","message":"asynchronous invocation accepted","invocation_id":"inv_01m2qgq49vq5wvt11ghx2a8hrq","tenant_id":"tn_01hzzzzzzzzzzzzzzzzzzzzzza","revision_id":"rev_01m2qgpzw5906ky2kvp3qwct17","input_bytes":47,"input_storage":"inline","target":"tachyon_serverless_application::services::invoke_async"}
{"timestamp":"2026-09-17T11:06:06.025546Z","level":"INFO","message":"asynchronous run claimed","invocation_id":"inv_01m2qgq49kcyf0h92yddrdrd9j","attempt":1,"generation":0,"delivery_count":1,"target":"tachyon_serverless_application::services::invoke_async::dispatch"}
{"timestamp":"2026-09-17T11:06:06.032350Z","level":"INFO","message":"asynchronous run claimed","invocation_id":"inv_01m2qgq49vq5wvt11ghx2a8hrq","attempt":1,"generation":0,"delivery_count":1,"target":"tachyon_serverless_application::services::invoke_async::dispatch"}
{"timestamp":"2026-09-17T11:06:06.209537Z","level":"INFO","message":"asynchronous invocation accepted","invocation_id":"inv_01m2qgq4fbsqwf6ybjjt06fy0y","tenant_id":"tn_01hzzzzzzzzzzzzzzzzzzzzzza","revision_id":"rev_01m2qgpzw5906ky2kvp3qwct17","input_bytes":4127,"input_storage":"object","target":"tachyon_serverless_application::services::invoke_async"}
{"timestamp":"2026-09-17T11:06:06.342337Z","level":"INFO","message":"asynchronous invocation accepted","invocation_id":"inv_01m2qgq4m4kz3pe9fk11qzy1dw","tenant_id":"tn_01hzzzzzzzzzzzzzzzzzzzzzza","revision_id":"rev_01m2qgq198vn9f83qww7ans97y","input_bytes":189,"input_storage":"inline","target":"tachyon_serverless_application::services::invoke_async"}
{"timestamp":"2026-09-17T11:06:06.342470Z","level":"INFO","message":"webhook trigger fired","trigger_id":"trg_01m2qgq39hk9sky9rv1nmv9v0t","event_id":"evt-pre-w1","invocation_id":"inv_01m2qgq4m4kz3pe9fk11qzy1dw","revision_id":"rev_01m2qgq198vn9f83qww7ans97y","replayed":false,"target":"tachyon_serverless_application::services::triggers"}
{"timestamp":"2026-09-17T11:06:06.418354Z","level":"INFO","message":"bridge spawned","environment_id":"env_01m2qgq4aabczv9hs7cr23y0q6","pid":98560,"target":"tachyon_serverless_provider_process"}
{"timestamp":"2026-09-17T11:06:06.426340Z","level":"INFO","message":"bridge spawned","environment_id":"env_01m2qgq4ag7yar38eg71a439ea","pid":98561,"target":"tachyon_serverless_provider_process"}
{"timestamp":"2026-09-17T11:06:06.454581Z","level":"INFO","message":"invocation finished","invocation_id":"inv_01m2qgq49kcyf0h92yddrdrd9j","status":"succeeded (async run)","handler_ms":2,"environment_boot_ms":13,"runtime_init_ms":18,"target":"tachyon_serverless_application::services::invoke"}
{"timestamp":"2026-09-17T11:06:06.456718Z","level":"INFO","message":"terminating bridge","environment_id":"env_01m2qgq4aabczv9hs7cr23y0q6","pid":98560,"reason":"Completed","graceful":true,"target":"tachyon_serverless_provider_process"}
{"timestamp":"2026-09-17T11:06:06.463994Z","level":"INFO","message":"asynchronous invocation settled","invocation_id":"inv_01m2qgq49kcyf0h92yddrdrd9j","status":"succeeded","target":"tachyon_serverless_application::services::invoke_async::dispatch"}
{"timestamp":"2026-09-17T11:06:06.473101Z","level":"INFO","message":"async dispatch: delivery handled","message_id":"inv_01m2qgq49kcyf0h92yddrdrd9j","sequence":1,"delivery_count":1,"outcome":"Completed { status: \"succeeded\" }","target":"tachyon_serverless_application::services::invoke_async::dispatch"}
{"timestamp":"2026-09-17T11:06:06.477891Z","level":"INFO","message":"asynchronous run claimed","invocation_id":"inv_01m2qgq4fbsqwf6ybjjt06fy0y","attempt":1,"generation":0,"delivery_count":1,"target":"tachyon_serverless_application::services::invoke_async::dispatch"}
{"timestamp":"2026-09-17T11:06:06.895225Z","level":"INFO","message":"invocation finished","invocation_id":"inv_01m2qgq49vq5wvt11ghx2a8hrq","status":"succeeded (async run)","handler_ms":17,"environment_boot_ms":15,"runtime_init_ms":433,"target":"tachyon_serverless_application::services::invoke"}
{"timestamp":"2026-09-17T11:06:06.899583Z","level":"INFO","message":"terminating bridge","environment_id":"env_01m2qgq4ag7yar38eg71a439ea","pid":98561,"reason":"Completed","graceful":true,"target":"tachyon_serverless_provider_process"}
{"timestamp":"2026-09-17T11:06:06.934642Z","level":"INFO","message":"bridge spawned","environment_id":"env_01m2qgq4q18srwa530dxk4vc74","pid":98573,"target":"tachyon_serverless_provider_process"}
{"timestamp":"2026-09-17T11:06:06.937707Z","level":"INFO","message":"asynchronous invocation settled","invocation_id":"inv_01m2qgq49vq5wvt11ghx2a8hrq","status":"succeeded","target":"tachyon_serverless_application::services::invoke_async::dispatch"}
{"timestamp":"2026-09-17T11:06:06.955090Z","level":"INFO","message":"async dispatch: delivery handled","message_id":"inv_01m2qgq49vq5wvt11ghx2a8hrq","sequence":2,"delivery_count":1,"outcome":"Completed { status: \"succeeded\" }","target":"tachyon_serverless_application::services::invoke_async::dispatch"}
{"timestamp":"2026-09-17T11:06:06.960023Z","level":"INFO","message":"asynchronous run claimed","invocation_id":"inv_01m2qgq4m4kz3pe9fk11qzy1dw","attempt":1,"generation":0,"delivery_count":1,"target":"tachyon_serverless_application::services::invoke_async::dispatch"}
{"timestamp":"2026-09-17T11:06:07.001319Z","level":"INFO","message":"bridge spawned","environment_id":"env_01m2qgq4rjmqcm2mjqp2p6x6he","pid":98577,"target":"tachyon_serverless_provider_process"}
{"timestamp":"2026-09-17T11:06:07.031553Z","level":"INFO","message":"invocation finished","invocation_id":"inv_01m2qgq4fbsqwf6ybjjt06fy0y","status":"succeeded (async run)","handler_ms":3,"environment_boot_ms":9,"runtime_init_ms":14,"target":"tachyon_serverless_application::services::invoke"}
{"timestamp":"2026-09-17T11:06:07.033694Z","level":"INFO","message":"terminating bridge","environment_id":"env_01m2qgq4rjmqcm2mjqp2p6x6he","pid":98577,"reason":"Completed","graceful":true,"target":"tachyon_serverless_provider_process"}
{"timestamp":"2026-09-17T11:06:07.045172Z","level":"INFO","message":"asynchronous invocation settled","invocation_id":"inv_01m2qgq4fbsqwf6ybjjt06fy0y","status":"succeeded","target":"tachyon_serverless_application::services::invoke_async::dispatch"}
{"timestamp":"2026-09-17T11:06:07.051763Z","level":"INFO","message":"async dispatch: delivery handled","message_id":"inv_01m2qgq4fbsqwf6ybjjt06fy0y","sequence":3,"delivery_count":1,"outcome":"Completed { status: \"succeeded\" }","target":"tachyon_serverless_application::services::invoke_async::dispatch"}
{"timestamp":"2026-09-17T11:06:07.336852Z","level":"INFO","message":"bridge spawned","environment_id":"env_01m2qgq57g1vq0xc0h33xrq9bf","pid":98582,"target":"tachyon_serverless_provider_process"}
{"timestamp":"2026-09-17T11:06:07.370167Z","level":"INFO","message":"invocation finished","invocation_id":"inv_01m2qgq4m4kz3pe9fk11qzy1dw","status":"succeeded (async run)","handler_ms":2,"environment_boot_ms":11,"runtime_init_ms":17,"target":"tachyon_serverless_application::services::invoke"}
{"timestamp":"2026-09-17T11:06:07.372451Z","level":"INFO","message":"terminating bridge","environment_id":"env_01m2qgq57g1vq0xc0h33xrq9bf","pid":98582,"reason":"Completed","graceful":true,"target":"tachyon_serverless_provider_process"}
{"timestamp":"2026-09-17T11:06:07.384615Z","level":"INFO","message":"asynchronous invocation settled","invocation_id":"inv_01m2qgq4m4kz3pe9fk11qzy1dw","status":"succeeded","target":"tachyon_serverless_application::services::invoke_async::dispatch"}
{"timestamp":"2026-09-17T11:06:07.398988Z","level":"INFO","message":"async dispatch: delivery handled","message_id":"inv_01m2qgq4m4kz3pe9fk11qzy1dw","sequence":4,"delivery_count":1,"outcome":"Completed { status: \"succeeded\" }","target":"tachyon_serverless_application::services::invoke_async::dispatch"}
{"timestamp":"2026-09-17T11:06:08.004906Z","level":"INFO","message":"asynchronous invocation accepted","invocation_id":"inv_01m2qgq6838zk4g7mc6fv56hg8","tenant_id":"tn_01hzzzzzzzzzzzzzzzzzzzzzza","revision_id":"rev_01m2qgq198vn9f83qww7ans97y","input_bytes":180,"input_storage":"inline","target":"tachyon_serverless_application::services::invoke_async"}
{"timestamp":"2026-09-17T11:06:08.004999Z","level":"INFO","message":"cron trigger fired","trigger_id":"trg_01m2qgq37sxdgf7rf9y94ea4vk","scheduled_at":"2026-09-17T11:06:08Z","invocation_id":"inv_01m2qgq6838zk4g7mc6fv56hg8","revision_id":"rev_01m2qgq198vn9f83qww7ans97y","replayed":false,"target":"tachyon_serverless_application::services::triggers"}
{"timestamp":"2026-09-17T11:06:08.014333Z","level":"INFO","message":"asynchronous run claimed","invocation_id":"inv_01m2qgq6838zk4g7mc6fv56hg8","attempt":1,"generation":0,"delivery_count":1,"target":"tachyon_serverless_application::services::invoke_async::dispatch"}
{"timestamp":"2026-09-17T11:06:08.416771Z","level":"INFO","message":"bridge spawned","environment_id":"env_01m2qgq68jb5a7zw8axj26js6t","pid":98611,"target":"tachyon_serverless_provider_process"}
{"timestamp":"2026-09-17T11:06:08.457194Z","level":"INFO","message":"invocation finished","invocation_id":"inv_01m2qgq6838zk4g7mc6fv56hg8","status":"succeeded (async run)","handler_ms":4,"environment_boot_ms":13,"runtime_init_ms":22,"target":"tachyon_serverless_application::services::invoke"}
{"timestamp":"2026-09-17T11:06:08.459743Z","level":"INFO","message":"terminating bridge","environment_id":"env_01m2qgq68jb5a7zw8axj26js6t","pid":98611,"reason":"Completed","graceful":true,"target":"tachyon_serverless_provider_process"}
{"timestamp":"2026-09-17T11:06:08.469527Z","level":"INFO","message":"asynchronous invocation settled","invocation_id":"inv_01m2qgq6838zk4g7mc6fv56hg8","status":"succeeded","target":"tachyon_serverless_application::services::invoke_async::dispatch"}
{"timestamp":"2026-09-17T11:06:08.478748Z","level":"INFO","message":"async dispatch: delivery handled","message_id":"inv_01m2qgq6838zk4g7mc6fv56hg8","sequence":5,"delivery_count":1,"outcome":"Completed { status: \"succeeded\" }","target":"tachyon_serverless_application::services::invoke_async::dispatch"}
{"timestamp":"2026-09-17T11:06:08.936016Z","level":"INFO","message":"invocation finished","invocation_id":"inv_01m2qgq4pzxgev0k6xq2kcqq7s","status":"outcome_unknown","handler_ms":1438,"environment_boot_ms":13,"runtime_init_ms":547,"target":"tachyon_serverless_application::services::invoke"}
{"timestamp":"2026-09-17T11:06:10.007545Z","level":"INFO","message":"asynchronous invocation accepted","invocation_id":"inv_01m2qgq86p2shs2w7fdvy2h337","tenant_id":"tn_01hzzzzzzzzzzzzzzzzzzzzzza","revision_id":"rev_01m2qgq198vn9f83qww7ans97y","input_bytes":180,"input_storage":"inline","target":"tachyon_serverless_application::services::invoke_async"}
{"timestamp":"2026-09-17T11:06:10.007651Z","level":"INFO","message":"cron trigger fired","trigger_id":"trg_01m2qgq37sxdgf7rf9y94ea4vk","scheduled_at":"2026-09-17T11:06:10Z","invocation_id":"inv_01m2qgq86p2shs2w7fdvy2h337","revision_id":"rev_01m2qgq198vn9f83qww7ans97y","replayed":false,"target":"tachyon_serverless_application::services::triggers"}
{"timestamp":"2026-09-17T11:06:10.047507Z","level":"INFO","message":"asynchronous run claimed","invocation_id":"inv_01m2qgq86p2shs2w7fdvy2h337","attempt":1,"generation":0,"delivery_count":1,"target":"tachyon_serverless_application::services::invoke_async::dispatch"}
{"timestamp":"2026-09-17T11:06:10.426625Z","level":"INFO","message":"bridge spawned","environment_id":"env_01m2qgq84dhpc5p7ap3par82mx","pid":98755,"target":"tachyon_serverless_provider_process"}
{"timestamp":"2026-09-17T11:06:10.546127Z","level":"INFO","message":"bridge spawned","environment_id":"env_01m2qgq881s662bxc2tg6w745t","pid":98758,"target":"tachyon_serverless_provider_process"}
{"timestamp":"2026-09-17T11:06:10.587436Z","level":"INFO","message":"invocation finished","invocation_id":"inv_01m2qgq86p2shs2w7fdvy2h337","status":"succeeded (async run)","handler_ms":3,"environment_boot_ms":16,"runtime_init_ms":21,"target":"tachyon_serverless_application::services::invoke"}
{"timestamp":"2026-09-17T11:06:10.590325Z","level":"INFO","message":"terminating bridge","environment_id":"env_01m2qgq881s662bxc2tg6w745t","pid":98758,"reason":"Completed","graceful":true,"target":"tachyon_serverless_provider_process"}
{"timestamp":"2026-09-17T11:06:10.614747Z","level":"INFO","message":"asynchronous invocation settled","invocation_id":"inv_01m2qgq86p2shs2w7fdvy2h337","status":"succeeded","target":"tachyon_serverless_application::services::invoke_async::dispatch"}
{"timestamp":"2026-09-17T11:06:10.622599Z","level":"INFO","message":"async dispatch: delivery handled","message_id":"inv_01m2qgq86p2shs2w7fdvy2h337","sequence":6,"delivery_count":1,"outcome":"Completed { status: \"succeeded\" }","target":"tachyon_serverless_application::services::invoke_async::dispatch"}
{"timestamp":"2026-09-17T11:06:10.675306Z","level":"INFO","message":"invocation finished","invocation_id":"inv_01m2qgq84cn5n81h2mcqqv9d08","status":"succeeded","handler_ms":205,"environment_boot_ms":22,"runtime_init_ms":35,"target":"tachyon_serverless_application::services::invoke"}
{"timestamp":"2026-09-17T11:06:10.677693Z","level":"INFO","message":"terminating bridge","environment_id":"env_01m2qgq84dhpc5p7ap3par82mx","pid":98755,"reason":"Completed","graceful":true,"target":"tachyon_serverless_provider_process"}
{"timestamp":"2026-09-17T11:06:10.805635Z","level":"INFO","message":"trigger updated","trigger_id":"trg_01m2qgq37sxdgf7rf9y94ea4vk","generation":2,"status":"disabled","next_fire_at":"None","rotated_secret":false,"target":"tachyon_serverless_application::services::triggers"}
{"timestamp":"2026-09-17T11:06:12.190291Z","level":"INFO","message":"object retention pass","report":"GcReport { examined: 1, collected_expired: 0, collected_orphans: 0, kept_in_use: 0, kept_referenced: 1, incomplete_removed: 0, tombstones_purged: 0, failed: 0 }","target":"tachyon_serverless_gateway"}
{"timestamp":"2026-09-17T11:06:13.224023Z","level":"INFO","message":"SIGTERM received","target":"tachyon_serverless_gateway"}
{"timestamp":"2026-09-17T11:06:13.224104Z","level":"INFO","message":"shutdown requested; cancelling in-flight invocations","target":"tachyon_serverless_gateway"}
{"timestamp":"2026-09-17T11:06:13.224662Z","level":"INFO","message":"final usage collection","report":"CollectReport { batches: 0, read: 0, inserted: 0, duplicates: 0, cursor_seq: 45 }","target":"tachyon_serverless_gateway"}
{"timestamp":"2026-09-17T11:06:13.226531Z","level":"INFO","message":"gateway stopped","target":"tachyon_serverless_gateway"}
{"timestamp":"2026-09-17T11:06:13.226798Z","level":"INFO","message":"event: closed","target":"async_nats"}
