
===== a start (failpoints: none) 11:38:02 =====
{"timestamp":"2026-09-17T11:38:02.473895Z","level":"INFO","message":"configuration loaded","config":"/private/var/folders/z7/khzdjrt95cg_fcmcnh4j1b5h0000gn/T/tsls-chaos.AqfDCU/gw-a.toml","target":"tachyon_serverless_gateway"}
{"timestamp":"2026-09-17T11:38:02.476399Z","level":"INFO","message":"connected successfully","server":"56822","max_payload":"1048576","target":"async_nats::connector"}
{"timestamp":"2026-09-17T11:38:02.476524Z","level":"INFO","message":"event: connected","target":"async_nats"}
{"timestamp":"2026-09-17T11:38:02.491393Z","level":"INFO","message":"JetStream queue connected and stream bootstrapped","url":"nats://127.0.0.1:56822","stream":"TACHYON_EVENTS","target":"tachyon_serverless_gateway::durable"}
{"timestamp":"2026-09-17T11:38:02.500944Z","level":"INFO","message":"state store opened","path":"/private/var/folders/z7/khzdjrt95cg_fcmcnh4j1b5h0000gn/T/tsls-chaos.AqfDCU/data/state.db","schema_version":8,"migrations_applied":"[1, 2, 3, 4, 5, 6, 7, 8]","imported_state_json":"None","settled_invocations":0,"settled_attempts":0,"settled_environments":0,"released_leases":0,"dropped_idempotency_keys":0,"purged_idempotency_keys":0,"outputs_purged":0,"target":"tachyon_serverless_application::app"}
{"timestamp":"2026-09-17T11:38:02.501276Z","level":"INFO","message":"dispatcher registered","dispatcher_id":"dsp_01m2qjhkw46v3zvxbqb0x3fyac","instance":"chaos-a","pid":70547,"lease_ttl_seconds":6,"target":"tachyon_serverless_application::services::dispatcher"}
{"timestamp":"2026-09-17T11:38:02.504699Z","level":"INFO","message":"application bootstrapped","profile":"dev","provider":"process","dev_only":true,"environment_reuse":false,"reuse_verified":false,"reuse_reason":"[pool] enabled is false","reuse_disabled":"Some(Configuration)","idle_quiesce":"unsupported","idle_resume":"unsupported","data_dir":"/private/var/folders/z7/khzdjrt95cg_fcmcnh4j1b5h0000gn/T/tsls-chaos.AqfDCU/data","store":"sqlite","dispatcher_id":"dsp_01m2qjhkw46v3zvxbqb0x3fyac","node":"local","node_region":"none","node_memory_mib":"None","max_concurrency":8,"queue":"nats","objects":"filesystem","invoke_async":true,"triggers":true,"target":"tachyon_serverless_application::app"}
{"timestamp":"2026-09-17T11:38:02.504940Z","level":"INFO","message":"startup reconcile finished","provider":"process","found":0,"adopted":0,"terminated":0,"disowned":0,"failed":0,"lost":0,"foreign":0,"reclaimed_dispatchers":0,"fenced_terminated":0,"fenced_pending":0,"target":"tachyon_serverless_application::services::reconcile"}
{"timestamp":"2026-09-17T11:38:02.505023Z","level":"INFO","message":"gateway listening","addr":"127.0.0.1:56826","profile":"dev","provider":"process","target":"tachyon_serverless_gateway"}
{"timestamp":"2026-09-17T11:38:02.506488Z","level":"INFO","message":"asynchronous dispatcher started","workers":2,"owner":"dsp_01m2qjhkw46v3zvxbqb0x3fyac","target":"tachyon_serverless_gateway"}
{"timestamp":"2026-09-17T11:38:03.470451Z","level":"INFO","message":"revision ready","revision_id":"rev_01m2qjhmk6r8wedxv8xfqwfq01","function_id":"fn_01m2qjhm5t1g5mp9m8jmmx7j0t","target":"tachyon_serverless_application::services::revision"}
{"timestamp":"2026-09-17T11:38:04.321761Z","level":"INFO","message":"revision ready","revision_id":"rev_01m2qjhndxxdvcja74wpcpcgzw","function_id":"fn_01m2qjhmy4ttfaac93jdq2t2vy","target":"tachyon_serverless_application::services::revision"}
{"timestamp":"2026-09-17T11:38:05.215164Z","level":"INFO","message":"revision ready","revision_id":"rev_01m2qjhp8yma62k7xs519qqe7y","function_id":"fn_01m2qjhnryz65xjgkphb1as32f","target":"tachyon_serverless_application::services::revision"}
{"timestamp":"2026-09-17T11:38:05.321340Z","level":"INFO","message":"trigger created","trigger_id":"trg_01m2qjhpm81sr3s2tf0n5esarx","function_id":"fn_01m2qjhmy4ttfaac93jdq2t2vy","kind":"cron","enabled":true,"next_fire_at":"Some(2026-09-17T11:38:06Z)","target":"tachyon_serverless_application::services::triggers"}
{"timestamp":"2026-09-17T11:38:05.340879Z","level":"INFO","message":"trigger created","trigger_id":"trg_01m2qjhpmwp6wr14gmf87xwk9w","function_id":"fn_01m2qjhmy4ttfaac93jdq2t2vy","kind":"webhook","enabled":true,"next_fire_at":"None","target":"tachyon_serverless_application::services::triggers"}
{"timestamp":"2026-09-17T11:38:05.620681Z","level":"INFO","message":"bridge spawned","environment_id":"env_01m2qjhpp000wdbk1gckq55dr3","pid":70884,"target":"tachyon_serverless_provider_process"}
{"timestamp":"2026-09-17T11:38:06.008434Z","level":"INFO","message":"asynchronous invocation accepted","invocation_id":"inv_01m2qjhq9pnaem4y0mm92thndx","tenant_id":"tn_01hzzzzzzzzzzzzzzzzzzzzzza","revision_id":"rev_01m2qjhndxxdvcja74wpcpcgzw","input_bytes":180,"input_storage":"inline","target":"tachyon_serverless_application::services::invoke_async"}
{"timestamp":"2026-09-17T11:38:06.008585Z","level":"INFO","message":"cron trigger fired","trigger_id":"trg_01m2qjhpm81sr3s2tf0n5esarx","scheduled_at":"2026-09-17T11:38:06Z","invocation_id":"inv_01m2qjhq9pnaem4y0mm92thndx","revision_id":"rev_01m2qjhndxxdvcja74wpcpcgzw","replayed":false,"target":"tachyon_serverless_application::services::triggers"}
{"timestamp":"2026-09-17T11:38:06.027031Z","level":"INFO","message":"asynchronous run claimed","invocation_id":"inv_01m2qjhq9pnaem4y0mm92thndx","attempt":1,"generation":0,"delivery_count":1,"target":"tachyon_serverless_application::services::invoke_async::dispatch"}
{"timestamp":"2026-09-17T11:38:06.238987Z","level":"INFO","message":"bridge spawned","environment_id":"env_01m2qjhqab38ax64ec5p64t2k9","pid":70891,"target":"tachyon_serverless_provider_process"}
{"timestamp":"2026-09-17T11:38:08.007092Z","level":"INFO","message":"asynchronous invocation accepted","invocation_id":"inv_01m2qjhs84717wzgw7xf5zcbwv","tenant_id":"tn_01hzzzzzzzzzzzzzzzzzzzzzza","revision_id":"rev_01m2qjhndxxdvcja74wpcpcgzw","input_bytes":180,"input_storage":"inline","target":"tachyon_serverless_application::services::invoke_async"}
{"timestamp":"2026-09-17T11:38:08.007253Z","level":"INFO","message":"cron trigger fired","trigger_id":"trg_01m2qjhpm81sr3s2tf0n5esarx","scheduled_at":"2026-09-17T11:38:08Z","invocation_id":"inv_01m2qjhs84717wzgw7xf5zcbwv","revision_id":"rev_01m2qjhndxxdvcja74wpcpcgzw","replayed":false,"target":"tachyon_serverless_application::services::triggers"}
{"timestamp":"2026-09-17T11:38:08.021470Z","level":"INFO","message":"asynchronous run claimed","invocation_id":"inv_01m2qjhs84717wzgw7xf5zcbwv","attempt":1,"generation":0,"delivery_count":1,"target":"tachyon_serverless_application::services::invoke_async::dispatch"}
{"timestamp":"2026-09-17T11:38:08.174984Z","level":"INFO","message":"bridge spawned","environment_id":"env_01m2qjhs8pdymy7bwzkfdwtbg0","pid":70904,"target":"tachyon_serverless_provider_process"}
{"timestamp":"2026-09-17T11:38:08.516809Z","level":"INFO","message":"invocation finished","invocation_id":"inv_01m2qjhq9pnaem4y0mm92thndx","status":"succeeded (async run)","handler_ms":2,"environment_boot_ms":5,"runtime_init_ms":2263,"target":"tachyon_serverless_application::services::invoke"}
{"timestamp":"2026-09-17T11:38:08.517570Z","level":"INFO","message":"invocation finished","invocation_id":"inv_01m2qjhpnzrfnqwcvgaapyxhtd","status":"succeeded","handler_ms":2,"environment_boot_ms":7,"runtime_init_ms":2879,"target":"tachyon_serverless_application::services::invoke"}
{"timestamp":"2026-09-17T11:38:08.518041Z","level":"INFO","message":"invocation finished","invocation_id":"inv_01m2qjhs84717wzgw7xf5zcbwv","status":"succeeded (async run)","handler_ms":1,"environment_boot_ms":4,"runtime_init_ms":328,"target":"tachyon_serverless_application::services::invoke"}
{"timestamp":"2026-09-17T11:38:08.518716Z","level":"INFO","message":"terminating bridge","environment_id":"env_01m2qjhqab38ax64ec5p64t2k9","pid":70891,"reason":"Completed","graceful":true,"target":"tachyon_serverless_provider_process"}
{"timestamp":"2026-09-17T11:38:08.518720Z","level":"INFO","message":"terminating bridge","environment_id":"env_01m2qjhpp000wdbk1gckq55dr3","pid":70884,"reason":"Completed","graceful":true,"target":"tachyon_serverless_provider_process"}
{"timestamp":"2026-09-17T11:38:08.518718Z","level":"INFO","message":"terminating bridge","environment_id":"env_01m2qjhs8pdymy7bwzkfdwtbg0","pid":70904,"reason":"Completed","graceful":true,"target":"tachyon_serverless_provider_process"}
{"timestamp":"2026-09-17T11:38:08.525489Z","level":"INFO","message":"asynchronous invocation settled","invocation_id":"inv_01m2qjhs84717wzgw7xf5zcbwv","status":"succeeded","target":"tachyon_serverless_application::services::invoke_async::dispatch"}
{"timestamp":"2026-09-17T11:38:08.526748Z","level":"INFO","message":"asynchronous invocation settled","invocation_id":"inv_01m2qjhq9pnaem4y0mm92thndx","status":"succeeded","target":"tachyon_serverless_application::services::invoke_async::dispatch"}
{"timestamp":"2026-09-17T11:38:08.530991Z","level":"INFO","message":"async dispatch: delivery handled","message_id":"inv_01m2qjhs84717wzgw7xf5zcbwv","sequence":2,"delivery_count":1,"outcome":"Completed { status: \"succeeded\" }","target":"tachyon_serverless_application::services::invoke_async::dispatch"}
{"timestamp":"2026-09-17T11:38:08.538857Z","level":"INFO","message":"async dispatch: delivery handled","message_id":"inv_01m2qjhq9pnaem4y0mm92thndx","sequence":1,"delivery_count":1,"outcome":"Completed { status: \"succeeded\" }","target":"tachyon_serverless_application::services::invoke_async::dispatch"}
{"timestamp":"2026-09-17T11:38:08.596996Z","level":"INFO","message":"asynchronous invocation accepted","invocation_id":"inv_01m2qjhstmvcm0f52beh0bpvjc","tenant_id":"tn_01hzzzzzzzzzzzzzzzzzzzzzza","revision_id":"rev_01m2qjhmk6r8wedxv8xfqwfq01","input_bytes":47,"input_storage":"inline","target":"tachyon_serverless_application::services::invoke_async"}
{"timestamp":"2026-09-17T11:38:08.602497Z","level":"INFO","message":"asynchronous run claimed","invocation_id":"inv_01m2qjhstmvcm0f52beh0bpvjc","attempt":1,"generation":0,"delivery_count":1,"target":"tachyon_serverless_application::services::invoke_async::dispatch"}
{"timestamp":"2026-09-17T11:38:08.656168Z","level":"INFO","message":"asynchronous invocation accepted","invocation_id":"inv_01m2qjhsw1hcscpbwg72x0n1my","tenant_id":"tn_01hzzzzzzzzzzzzzzzzzzzzzza","revision_id":"rev_01m2qjhmk6r8wedxv8xfqwfq01","input_bytes":4127,"input_storage":"object","target":"tachyon_serverless_application::services::invoke_async"}
{"timestamp":"2026-09-17T11:38:08.661561Z","level":"INFO","message":"asynchronous run claimed","invocation_id":"inv_01m2qjhsw1hcscpbwg72x0n1my","attempt":1,"generation":0,"delivery_count":1,"target":"tachyon_serverless_application::services::invoke_async::dispatch"}
{"timestamp":"2026-09-17T11:38:08.683889Z","level":"INFO","message":"asynchronous invocation accepted","invocation_id":"inv_01m2qjhsxb2j5jqn0q5pe9bzm8","tenant_id":"tn_01hzzzzzzzzzzzzzzzzzzzzzza","revision_id":"rev_01m2qjhndxxdvcja74wpcpcgzw","input_bytes":189,"input_storage":"inline","target":"tachyon_serverless_application::services::invoke_async"}
{"timestamp":"2026-09-17T11:38:08.683929Z","level":"INFO","message":"webhook trigger fired","trigger_id":"trg_01m2qjhpmwp6wr14gmf87xwk9w","event_id":"evt-pre-w1","invocation_id":"inv_01m2qjhsxb2j5jqn0q5pe9bzm8","revision_id":"rev_01m2qjhndxxdvcja74wpcpcgzw","replayed":false,"target":"tachyon_serverless_application::services::triggers"}
{"timestamp":"2026-09-17T11:38:08.702377Z","level":"INFO","message":"trigger updated","trigger_id":"trg_01m2qjhpm81sr3s2tf0n5esarx","generation":2,"status":"disabled","next_fire_at":"None","rotated_secret":false,"target":"tachyon_serverless_application::services::triggers"}
{"timestamp":"2026-09-17T11:38:08.736827Z","level":"INFO","message":"asynchronous invocation accepted","invocation_id":"inv_01m2qjhsz0za2t9ch4kt1fccts","tenant_id":"tn_01hzzzzzzzzzzzzzzzzzzzzzza","revision_id":"rev_01m2qjhmk6r8wedxv8xfqwfq01","input_bytes":65,"input_storage":"inline","target":"tachyon_serverless_application::services::invoke_async"}
{"timestamp":"2026-09-17T11:38:08.746674Z","level":"INFO","message":"bridge spawned","environment_id":"env_01m2qjhstt6s6rsy7e5ch3ht5b","pid":71004,"target":"tachyon_serverless_provider_process"}
{"timestamp":"2026-09-17T11:38:08.806058Z","level":"INFO","message":"bridge spawned","environment_id":"env_01m2qjhswpv9fmca95afcte6fp","pid":71021,"target":"tachyon_serverless_provider_process"}
{"timestamp":"2026-09-17T11:38:10.028787Z","level":"INFO","message":"invocation finished","invocation_id":"inv_01m2qjhsw1hcscpbwg72x0n1my","status":"succeeded (async run)","handler_ms":1,"environment_boot_ms":3,"runtime_init_ms":1216,"target":"tachyon_serverless_application::services::invoke"}
{"timestamp":"2026-09-17T11:38:10.028998Z","level":"INFO","message":"invocation finished","invocation_id":"inv_01m2qjhstmvcm0f52beh0bpvjc","status":"succeeded (async run)","handler_ms":0,"environment_boot_ms":4,"runtime_init_ms":1278,"target":"tachyon_serverless_application::services::invoke"}
{"timestamp":"2026-09-17T11:38:10.030369Z","level":"INFO","message":"terminating bridge","environment_id":"env_01m2qjhswpv9fmca95afcte6fp","pid":71021,"reason":"Completed","graceful":true,"target":"tachyon_serverless_provider_process"}
{"timestamp":"2026-09-17T11:38:10.030369Z","level":"INFO","message":"terminating bridge","environment_id":"env_01m2qjhstt6s6rsy7e5ch3ht5b","pid":71004,"reason":"Completed","graceful":true,"target":"tachyon_serverless_provider_process"}
{"timestamp":"2026-09-17T11:38:10.033764Z","level":"INFO","message":"asynchronous invocation settled","invocation_id":"inv_01m2qjhstmvcm0f52beh0bpvjc","status":"succeeded","target":"tachyon_serverless_application::services::invoke_async::dispatch"}
{"timestamp":"2026-09-17T11:38:10.034486Z","level":"INFO","message":"asynchronous invocation settled","invocation_id":"inv_01m2qjhsw1hcscpbwg72x0n1my","status":"succeeded","target":"tachyon_serverless_application::services::invoke_async::dispatch"}
{"timestamp":"2026-09-17T11:38:10.046096Z","level":"INFO","message":"async dispatch: delivery handled","message_id":"inv_01m2qjhstmvcm0f52beh0bpvjc","sequence":3,"delivery_count":1,"outcome":"Completed { status: \"succeeded\" }","target":"tachyon_serverless_application::services::invoke_async::dispatch"}
{"timestamp":"2026-09-17T11:38:10.050143Z","level":"INFO","message":"async dispatch: delivery handled","message_id":"inv_01m2qjhsw1hcscpbwg72x0n1my","sequence":4,"delivery_count":1,"outcome":"Completed { status: \"succeeded\" }","target":"tachyon_serverless_application::services::invoke_async::dispatch"}
{"timestamp":"2026-09-17T11:38:10.050393Z","level":"INFO","message":"asynchronous run claimed","invocation_id":"inv_01m2qjhsxb2j5jqn0q5pe9bzm8","attempt":1,"generation":0,"delivery_count":1,"target":"tachyon_serverless_application::services::invoke_async::dispatch"}
{"timestamp":"2026-09-17T11:38:10.050575Z","level":"INFO","message":"asynchronous run claimed","invocation_id":"inv_01m2qjhsz0za2t9ch4kt1fccts","attempt":1,"generation":0,"delivery_count":1,"target":"tachyon_serverless_application::services::invoke_async::dispatch"}
{"timestamp":"2026-09-17T11:38:10.207553Z","level":"INFO","message":"bridge spawned","environment_id":"env_01m2qjhv82pefq4kczhmxcny92","pid":71082,"target":"tachyon_serverless_provider_process"}
{"timestamp":"2026-09-17T11:38:10.211279Z","level":"INFO","message":"bridge spawned","environment_id":"env_01m2qjhv82vh4mgean9xcaxzyz","pid":71083,"target":"tachyon_serverless_provider_process"}
{"timestamp":"2026-09-17T11:38:10.216870Z","level":"INFO","message":"invocation finished","invocation_id":"inv_01m2qjhsxb2j5jqn0q5pe9bzm8","status":"succeeded (async run)","handler_ms":0,"environment_boot_ms":3,"runtime_init_ms":4,"target":"tachyon_serverless_application::services::invoke"}
{"timestamp":"2026-09-17T11:38:10.218411Z","level":"INFO","message":"terminating bridge","environment_id":"env_01m2qjhv82pefq4kczhmxcny92","pid":71082,"reason":"Completed","graceful":true,"target":"tachyon_serverless_provider_process"}
{"timestamp":"2026-09-17T11:38:10.221311Z","level":"INFO","message":"asynchronous invocation settled","invocation_id":"inv_01m2qjhsxb2j5jqn0q5pe9bzm8","status":"succeeded","target":"tachyon_serverless_application::services::invoke_async::dispatch"}
{"timestamp":"2026-09-17T11:38:10.227003Z","level":"INFO","message":"async dispatch: delivery handled","message_id":"inv_01m2qjhsxb2j5jqn0q5pe9bzm8","sequence":5,"delivery_count":1,"outcome":"Completed { status: \"succeeded\" }","target":"tachyon_serverless_application::services::invoke_async::dispatch"}
{"timestamp":"2026-09-17T11:38:11.613206Z","level":"INFO","message":"invocation finished","invocation_id":"inv_01m2qjhsz0za2t9ch4kt1fccts","status":"failed (async run)","handler_ms":1392,"environment_boot_ms":3,"runtime_init_ms":4,"target":"tachyon_serverless_application::services::invoke"}
{"timestamp":"2026-09-17T11:38:11.617460Z","level":"INFO","message":"asynchronous invocation rescheduled","invocation_id":"inv_01m2qjhsz0za2t9ch4kt1fccts","next_attempt_at":"2026-09-17T11:38:11.716625+00:00","counted":true,"error_type":"Host.OutcomeUnknown","target":"tachyon_serverless_application::services::invoke_async::dispatch"}
{"timestamp":"2026-09-17T11:38:11.630458Z","level":"INFO","message":"async dispatch: delivery handled","message_id":"inv_01m2qjhsz0za2t9ch4kt1fccts","sequence":6,"delivery_count":1,"outcome":"Rescheduled { next_attempt_at: 2026-09-17T11:38:11.716625Z, counted: true }","target":"tachyon_serverless_application::services::invoke_async::dispatch"}
{"timestamp":"2026-09-17T11:38:11.731627Z","level":"INFO","message":"asynchronous run claimed","invocation_id":"inv_01m2qjhsz0za2t9ch4kt1fccts","attempt":2,"generation":1,"delivery_count":1,"target":"tachyon_serverless_application::services::invoke_async::dispatch"}
{"timestamp":"2026-09-17T11:38:11.878925Z","level":"INFO","message":"bridge spawned","environment_id":"env_01m2qjhwwknnpe49sxy7d2ks1k","pid":71123,"target":"tachyon_serverless_provider_process"}
{"timestamp":"2026-09-17T11:38:15.741938Z","level":"INFO","message":"async dispatch: delivery handled","message_id":"inv_01m2qjhsz0za2t9ch4kt1fccts.g1","sequence":7,"delivery_count":2,"outcome":"Skipped(\"claimed\")","target":"tachyon_serverless_application::services::invoke_async::dispatch"}
{"timestamp":"2026-09-17T11:38:16.510205Z","level":"INFO","message":"object retention pass","report":"GcReport { examined: 1, collected_expired: 0, collected_orphans: 0, kept_in_use: 0, kept_referenced: 1, incomplete_removed: 0, tombstones_purged: 0, failed: 0 }","target":"tachyon_serverless_gateway"}
{"timestamp":"2026-09-17T11:38:17.893690Z","level":"INFO","message":"invocation finished","invocation_id":"inv_01m2qjhsz0za2t9ch4kt1fccts","status":"succeeded (async run)","handler_ms":6005,"environment_boot_ms":3,"runtime_init_ms":4,"target":"tachyon_serverless_application::services::invoke"}
{"timestamp":"2026-09-17T11:38:17.896273Z","level":"INFO","message":"terminating bridge","environment_id":"env_01m2qjhwwknnpe49sxy7d2ks1k","pid":71123,"reason":"Completed","graceful":true,"target":"tachyon_serverless_provider_process"}
{"timestamp":"2026-09-17T11:38:17.904645Z","level":"INFO","message":"asynchronous invocation settled","invocation_id":"inv_01m2qjhsz0za2t9ch4kt1fccts","status":"succeeded","target":"tachyon_serverless_application::services::invoke_async::dispatch"}
{"timestamp":"2026-09-17T11:38:17.905110Z","level":"INFO","message":"async dispatch: delivery handled","message_id":"inv_01m2qjhsz0za2t9ch4kt1fccts.g1","sequence":7,"delivery_count":1,"outcome":"Completed { status: \"succeeded\" }","target":"tachyon_serverless_application::services::invoke_async::dispatch"}
{"timestamp":"2026-09-17T11:38:18.147575Z","level":"INFO","message":"trigger updated","trigger_id":"trg_01m2qjhpm81sr3s2tf0n5esarx","generation":3,"status":"disabled","next_fire_at":"None","rotated_secret":false,"target":"tachyon_serverless_application::services::triggers"}
{"timestamp":"2026-09-17T11:38:18.509217Z","level":"INFO","message":"object retention pass","report":"GcReport { examined: 1, collected_expired: 0, collected_orphans: 0, kept_in_use: 0, kept_referenced: 1, incomplete_removed: 0, tombstones_purged: 0, failed: 0 }","target":"tachyon_serverless_gateway"}
{"timestamp":"2026-09-17T11:38:18.881220Z","level":"INFO","message":"SIGTERM received","target":"tachyon_serverless_gateway"}
{"timestamp":"2026-09-17T11:38:18.881249Z","level":"INFO","message":"shutdown requested; cancelling in-flight invocations","target":"tachyon_serverless_gateway"}
{"timestamp":"2026-09-17T11:38:18.881456Z","level":"INFO","message":"final usage collection","report":"CollectReport { batches: 0, read: 0, inserted: 0, duplicates: 0, cursor_seq: 40 }","target":"tachyon_serverless_gateway"}
{"timestamp":"2026-09-17T11:38:18.882152Z","level":"INFO","message":"gateway stopped","target":"tachyon_serverless_gateway"}
{"timestamp":"2026-09-17T11:38:18.882370Z","level":"INFO","message":"event: closed","target":"async_nats"}
