
===== a start (failpoints: none) 18:26:13 =====
{"timestamp":"2026-09-17T18:26:13.711790Z","level":"INFO","message":"configuration loaded","config":"/private/var/folders/z7/khzdjrt95cg_fcmcnh4j1b5h0000gn/T/tsls-chaos.oD6rdI/gw-a.toml","target":"tachyon_serverless_gateway"}
{"timestamp":"2026-09-17T18:26:13.713780Z","level":"INFO","message":"connected successfully","server":"51552","max_payload":"1048576","target":"async_nats::connector"}
{"timestamp":"2026-09-17T18:26:13.713865Z","level":"INFO","message":"event: connected","target":"async_nats"}
{"timestamp":"2026-09-17T18:26:13.722889Z","level":"INFO","message":"JetStream queue connected and stream bootstrapped","url":"nats://127.0.0.1:51552","stream":"TACHYON_EVENTS","target":"tachyon_serverless_gateway::durable"}
{"timestamp":"2026-09-17T18:26:13.729562Z","level":"INFO","message":"state store opened","path":"/private/var/folders/z7/khzdjrt95cg_fcmcnh4j1b5h0000gn/T/tsls-chaos.oD6rdI/data/state.db","schema_version":8,"migrations_applied":"[1, 2, 3, 4, 5, 6, 7, 8]","imported_state_json":"None","settled_invocations":0,"settled_attempts":0,"settled_environments":0,"released_leases":0,"dropped_idempotency_keys":0,"purged_idempotency_keys":0,"outputs_purged":0,"target":"tachyon_serverless_application::app"}
{"timestamp":"2026-09-17T18:26:13.731651Z","level":"INFO","message":"log store opened","path":"/private/var/folders/z7/khzdjrt95cg_fcmcnh4j1b5h0000gn/T/tsls-chaos.oD6rdI/data/logs/logs.db","healthy":true,"retention_seconds":604800,"max_total_bytes":1073741824,"target":"tachyon_serverless_application::app"}
{"timestamp":"2026-09-17T18:26:13.731851Z","level":"INFO","message":"dispatcher registered","dispatcher_id":"dsp_01m2r9x133caz7r278yh6npbjb","instance":"chaos-a","pid":57827,"lease_ttl_seconds":6,"target":"tachyon_serverless_application::services::dispatcher"}
{"timestamp":"2026-09-17T18:26:13.735119Z","level":"INFO","message":"application bootstrapped","profile":"dev","provider":"process","dev_only":true,"environment_reuse":false,"reuse_verified":false,"reuse_reason":"[pool] enabled is false","reuse_disabled":"Some(Configuration)","idle_quiesce":"unsupported","idle_resume":"unsupported","data_dir":"/private/var/folders/z7/khzdjrt95cg_fcmcnh4j1b5h0000gn/T/tsls-chaos.oD6rdI/data","store":"sqlite","dispatcher_id":"dsp_01m2r9x133caz7r278yh6npbjb","node":"local","node_region":"none","node_memory_mib":"None","max_concurrency":8,"queue":"nats","objects":"filesystem","invoke_async":true,"triggers":true,"target":"tachyon_serverless_application::app"}
{"timestamp":"2026-09-17T18:26:13.735280Z","level":"INFO","message":"startup reconcile finished","provider":"process","found":0,"adopted":0,"terminated":0,"disowned":0,"failed":0,"lost":0,"foreign":0,"reclaimed_dispatchers":0,"fenced_terminated":0,"fenced_pending":0,"target":"tachyon_serverless_application::services::reconcile"}
{"timestamp":"2026-09-17T18:26:13.735331Z","level":"INFO","message":"gateway listening","addr":"127.0.0.1:51556","profile":"dev","provider":"process","target":"tachyon_serverless_gateway"}
{"timestamp":"2026-09-17T18:26:13.736411Z","level":"INFO","message":"asynchronous dispatcher started","workers":2,"owner":"dsp_01m2r9x133caz7r278yh6npbjb","target":"tachyon_serverless_gateway"}
{"timestamp":"2026-09-17T18:26:14.474702Z","level":"INFO","message":"revision ready","revision_id":"rev_01m2r9x1nqavwgv1tejb90e4tc","function_id":"fn_01m2r9x1bj1fbg2fymkmcftspm","target":"tachyon_serverless_application::services::revision"}
{"timestamp":"2026-09-17T18:26:15.052048Z","level":"INFO","message":"revision ready","revision_id":"rev_01m2r9x285a2r45hy1szghhexk","function_id":"fn_01m2r9x1yswgkvy6prt6s1sbcv","target":"tachyon_serverless_application::services::revision"}
{"timestamp":"2026-09-17T18:26:15.526893Z","level":"INFO","message":"revision ready","revision_id":"rev_01m2r9x2pza1jrkaf3hyywds7z","function_id":"fn_01m2r9x2dk9cbh6rkn0d40pykn","target":"tachyon_serverless_application::services::revision"}
{"timestamp":"2026-09-17T18:26:15.562022Z","level":"INFO","message":"trigger created","trigger_id":"trg_01m2r9x2w9kz43591qsqf6717c","function_id":"fn_01m2r9x1yswgkvy6prt6s1sbcv","kind":"cron","enabled":true,"next_fire_at":"Some(2026-09-17T18:26:16Z)","target":"tachyon_serverless_application::services::triggers"}
{"timestamp":"2026-09-17T18:26:15.572475Z","level":"INFO","message":"trigger created","trigger_id":"trg_01m2r9x2wmr7cjsk9dvm8vaqj9","function_id":"fn_01m2r9x1yswgkvy6prt6s1sbcv","kind":"webhook","enabled":true,"next_fire_at":"None","target":"tachyon_serverless_application::services::triggers"}
{"timestamp":"2026-09-17T18:26:15.726039Z","level":"INFO","message":"bridge spawned","environment_id":"env_01m2r9x2x7djnjk8k56b7v1tb5","pid":58103,"target":"tachyon_serverless_provider_process"}
{"timestamp":"2026-09-17T18:26:15.946813Z","level":"INFO","message":"invocation finished","invocation_id":"inv_01m2r9x2x7k1sjj0ra0rhheh97","status":"succeeded","handler_ms":0,"environment_boot_ms":4,"runtime_init_ms":215,"target":"tachyon_serverless_application::services::invoke"}
{"timestamp":"2026-09-17T18:26:15.948337Z","level":"INFO","message":"terminating bridge","environment_id":"env_01m2r9x2x7djnjk8k56b7v1tb5","pid":58103,"reason":"Completed","graceful":true,"target":"tachyon_serverless_provider_process"}
{"timestamp":"2026-09-17T18:26:15.994869Z","level":"INFO","message":"asynchronous invocation accepted","invocation_id":"inv_01m2r9x39tafkqjpz7bm8xxhyh","tenant_id":"tn_01hzzzzzzzzzzzzzzzzzzzzzza","revision_id":"rev_01m2r9x1nqavwgv1tejb90e4tc","input_bytes":47,"input_storage":"inline","target":"tachyon_serverless_application::services::invoke_async"}
{"timestamp":"2026-09-17T18:26:16.005096Z","level":"INFO","message":"asynchronous run claimed","invocation_id":"inv_01m2r9x39tafkqjpz7bm8xxhyh","attempt":1,"generation":0,"delivery_count":1,"target":"tachyon_serverless_application::services::invoke_async::dispatch"}
{"timestamp":"2026-09-17T18:26:16.005683Z","level":"INFO","message":"asynchronous invocation accepted","invocation_id":"inv_01m2r9x3a5eca8pww1vy6jnqzc","tenant_id":"tn_01hzzzzzzzzzzzzzzzzzzzzzza","revision_id":"rev_01m2r9x285a2r45hy1szghhexk","input_bytes":180,"input_storage":"inline","target":"tachyon_serverless_application::services::invoke_async"}
{"timestamp":"2026-09-17T18:26:16.005710Z","level":"INFO","message":"cron trigger fired","trigger_id":"trg_01m2r9x2w9kz43591qsqf6717c","scheduled_at":"2026-09-17T18:26:16Z","invocation_id":"inv_01m2r9x3a5eca8pww1vy6jnqzc","revision_id":"rev_01m2r9x285a2r45hy1szghhexk","replayed":false,"target":"tachyon_serverless_application::services::triggers"}
{"timestamp":"2026-09-17T18:26:16.010987Z","level":"INFO","message":"asynchronous run claimed","invocation_id":"inv_01m2r9x3a5eca8pww1vy6jnqzc","attempt":1,"generation":0,"delivery_count":1,"target":"tachyon_serverless_application::services::invoke_async::dispatch"}
{"timestamp":"2026-09-17T18:26:16.057630Z","level":"INFO","message":"asynchronous invocation accepted","invocation_id":"inv_01m2r9x3bbfmf2j7h23tfdx6ap","tenant_id":"tn_01hzzzzzzzzzzzzzzzzzzzzzza","revision_id":"rev_01m2r9x1nqavwgv1tejb90e4tc","input_bytes":4127,"input_storage":"object","target":"tachyon_serverless_application::services::invoke_async"}
{"timestamp":"2026-09-17T18:26:16.085681Z","level":"INFO","message":"asynchronous invocation accepted","invocation_id":"inv_01m2r9x3cnnkp8dke04100991x","tenant_id":"tn_01hzzzzzzzzzzzzzzzzzzzzzza","revision_id":"rev_01m2r9x285a2r45hy1szghhexk","input_bytes":189,"input_storage":"inline","target":"tachyon_serverless_application::services::invoke_async"}
{"timestamp":"2026-09-17T18:26:16.085718Z","level":"INFO","message":"webhook trigger fired","trigger_id":"trg_01m2r9x2wmr7cjsk9dvm8vaqj9","event_id":"evt-pre-w1","invocation_id":"inv_01m2r9x3cnnkp8dke04100991x","revision_id":"rev_01m2r9x285a2r45hy1szghhexk","replayed":false,"target":"tachyon_serverless_application::services::triggers"}
{"timestamp":"2026-09-17T18:26:16.147396Z","level":"INFO","message":"bridge spawned","environment_id":"env_01m2r9x3abfrw7cmszf8kjtx3c","pid":58177,"target":"tachyon_serverless_provider_process"}
{"timestamp":"2026-09-17T18:26:16.153741Z","level":"INFO","message":"bridge spawned","environment_id":"env_01m2r9x3a5st7mv0zd6a8wn34w","pid":58179,"target":"tachyon_serverless_provider_process"}
{"timestamp":"2026-09-17T18:26:16.157123Z","level":"INFO","message":"invocation finished","invocation_id":"inv_01m2r9x3a5eca8pww1vy6jnqzc","status":"succeeded (async run)","handler_ms":0,"environment_boot_ms":3,"runtime_init_ms":4,"target":"tachyon_serverless_application::services::invoke"}
{"timestamp":"2026-09-17T18:26:16.158933Z","level":"INFO","message":"terminating bridge","environment_id":"env_01m2r9x3abfrw7cmszf8kjtx3c","pid":58177,"reason":"Completed","graceful":true,"target":"tachyon_serverless_provider_process"}
{"timestamp":"2026-09-17T18:26:16.161337Z","level":"INFO","message":"asynchronous invocation settled","invocation_id":"inv_01m2r9x3a5eca8pww1vy6jnqzc","status":"succeeded","target":"tachyon_serverless_application::services::invoke_async::dispatch"}
{"timestamp":"2026-09-17T18:26:16.166137Z","level":"INFO","message":"async dispatch: delivery handled","message_id":"inv_01m2r9x3a5eca8pww1vy6jnqzc","sequence":2,"delivery_count":1,"outcome":"Completed { status: \"succeeded\" }","target":"tachyon_serverless_application::services::invoke_async::dispatch"}
{"timestamp":"2026-09-17T18:26:16.166534Z","level":"INFO","message":"asynchronous run claimed","invocation_id":"inv_01m2r9x3bbfmf2j7h23tfdx6ap","attempt":1,"generation":0,"delivery_count":1,"target":"tachyon_serverless_application::services::invoke_async::dispatch"}
{"timestamp":"2026-09-17T18:26:16.238806Z","level":"INFO","message":"bridge spawned","environment_id":"env_01m2r9x3d5en1e2503cd7xjey0","pid":58181,"target":"tachyon_serverless_provider_process"}
{"timestamp":"2026-09-17T18:26:16.248676Z","level":"INFO","message":"invocation finished","invocation_id":"inv_01m2r9x3d5y8zc88at2y6yv2pp","status":"succeeded","handler_ms":0,"environment_boot_ms":3,"runtime_init_ms":4,"target":"tachyon_serverless_application::services::invoke"}
{"timestamp":"2026-09-17T18:26:16.250239Z","level":"INFO","message":"terminating bridge","environment_id":"env_01m2r9x3d5en1e2503cd7xjey0","pid":58181,"reason":"Completed","graceful":true,"target":"tachyon_serverless_provider_process"}
{"timestamp":"2026-09-17T18:26:16.297450Z","level":"INFO","message":"asynchronous invocation accepted","invocation_id":"inv_01m2r9x3k8mfss16aa40esa7d2","tenant_id":"tn_01hzzzzzzzzzzzzzzzzzzzzzza","revision_id":"rev_01m2r9x1nqavwgv1tejb90e4tc","input_bytes":47,"input_storage":"inline","target":"tachyon_serverless_application::services::invoke_async"}
{"timestamp":"2026-09-17T18:26:16.320136Z","level":"INFO","message":"bridge spawned","environment_id":"env_01m2r9x3f7yd8qzch3xfkttswa","pid":58214,"target":"tachyon_serverless_provider_process"}
{"timestamp":"2026-09-17T18:26:16.322293Z","level":"INFO","message":"invocation finished","invocation_id":"inv_01m2r9x39tafkqjpz7bm8xxhyh","status":"succeeded (async run)","handler_ms":1,"environment_boot_ms":3,"runtime_init_ms":160,"target":"tachyon_serverless_application::services::invoke"}
{"timestamp":"2026-09-17T18:26:16.323847Z","level":"INFO","message":"terminating bridge","environment_id":"env_01m2r9x3a5st7mv0zd6a8wn34w","pid":58179,"reason":"Completed","graceful":true,"target":"tachyon_serverless_provider_process"}
{"timestamp":"2026-09-17T18:26:16.326611Z","level":"INFO","message":"asynchronous invocation settled","invocation_id":"inv_01m2r9x39tafkqjpz7bm8xxhyh","status":"succeeded","target":"tachyon_serverless_application::services::invoke_async::dispatch"}
{"timestamp":"2026-09-17T18:26:16.332323Z","level":"INFO","message":"async dispatch: delivery handled","message_id":"inv_01m2r9x39tafkqjpz7bm8xxhyh","sequence":1,"delivery_count":1,"outcome":"Completed { status: \"succeeded\" }","target":"tachyon_serverless_application::services::invoke_async::dispatch"}
{"timestamp":"2026-09-17T18:26:16.332808Z","level":"INFO","message":"asynchronous run claimed","invocation_id":"inv_01m2r9x3cnnkp8dke04100991x","attempt":1,"generation":0,"delivery_count":1,"target":"tachyon_serverless_application::services::invoke_async::dispatch"}
{"timestamp":"2026-09-17T18:26:16.333836Z","level":"INFO","message":"invocation finished","invocation_id":"inv_01m2r9x3bbfmf2j7h23tfdx6ap","status":"succeeded (async run)","handler_ms":1,"environment_boot_ms":4,"runtime_init_ms":6,"target":"tachyon_serverless_application::services::invoke"}
{"timestamp":"2026-09-17T18:26:16.335376Z","level":"INFO","message":"terminating bridge","environment_id":"env_01m2r9x3f7yd8qzch3xfkttswa","pid":58214,"reason":"Completed","graceful":true,"target":"tachyon_serverless_provider_process"}
{"timestamp":"2026-09-17T18:26:16.338089Z","level":"INFO","message":"asynchronous invocation settled","invocation_id":"inv_01m2r9x3bbfmf2j7h23tfdx6ap","status":"succeeded","target":"tachyon_serverless_application::services::invoke_async::dispatch"}
{"timestamp":"2026-09-17T18:26:16.343071Z","level":"INFO","message":"async dispatch: delivery handled","message_id":"inv_01m2r9x3bbfmf2j7h23tfdx6ap","sequence":3,"delivery_count":1,"outcome":"Completed { status: \"succeeded\" }","target":"tachyon_serverless_application::services::invoke_async::dispatch"}
{"timestamp":"2026-09-17T18:26:16.343607Z","level":"INFO","message":"asynchronous run claimed","invocation_id":"inv_01m2r9x3k8mfss16aa40esa7d2","attempt":1,"generation":0,"delivery_count":1,"target":"tachyon_serverless_application::services::invoke_async::dispatch"}
{"timestamp":"2026-09-17T18:26:16.358571Z","level":"INFO","message":"asynchronous invocation accepted","invocation_id":"inv_01m2r9x3msk0q42mmmqe38aqnd","tenant_id":"tn_01hzzzzzzzzzzzzzzzzzzzzzza","revision_id":"rev_01m2r9x1nqavwgv1tejb90e4tc","input_bytes":4127,"input_storage":"object","target":"tachyon_serverless_application::services::invoke_async"}
{"timestamp":"2026-09-17T18:26:16.385999Z","level":"INFO","message":"asynchronous invocation accepted","invocation_id":"inv_01m2r9x3p1enn9yy84zytb03kz","tenant_id":"tn_01hzzzzzzzzzzzzzzzzzzzzzza","revision_id":"rev_01m2r9x285a2r45hy1szghhexk","input_bytes":189,"input_storage":"inline","target":"tachyon_serverless_application::services::invoke_async"}
{"timestamp":"2026-09-17T18:26:16.386030Z","level":"INFO","message":"webhook trigger fired","trigger_id":"trg_01m2r9x2wmr7cjsk9dvm8vaqj9","event_id":"evt-pre-w2","invocation_id":"inv_01m2r9x3p1enn9yy84zytb03kz","revision_id":"rev_01m2r9x285a2r45hy1szghhexk","replayed":false,"target":"tachyon_serverless_application::services::triggers"}
{"timestamp":"2026-09-17T18:26:16.470706Z","level":"INFO","message":"bridge spawned","environment_id":"env_01m2r9x3mc8xhw1hrpc6ja0qkd","pid":58256,"target":"tachyon_serverless_provider_process"}
{"timestamp":"2026-09-17T18:26:16.479831Z","level":"INFO","message":"invocation finished","invocation_id":"inv_01m2r9x3cnnkp8dke04100991x","status":"succeeded (async run)","handler_ms":0,"environment_boot_ms":3,"runtime_init_ms":4,"target":"tachyon_serverless_application::services::invoke"}
{"timestamp":"2026-09-17T18:26:16.481412Z","level":"INFO","message":"terminating bridge","environment_id":"env_01m2r9x3mc8xhw1hrpc6ja0qkd","pid":58256,"reason":"Completed","graceful":true,"target":"tachyon_serverless_provider_process"}
{"timestamp":"2026-09-17T18:26:16.483811Z","level":"INFO","message":"asynchronous invocation settled","invocation_id":"inv_01m2r9x3cnnkp8dke04100991x","status":"succeeded","target":"tachyon_serverless_application::services::invoke_async::dispatch"}
{"timestamp":"2026-09-17T18:26:16.489040Z","level":"INFO","message":"async dispatch: delivery handled","message_id":"inv_01m2r9x3cnnkp8dke04100991x","sequence":4,"delivery_count":1,"outcome":"Completed { status: \"succeeded\" }","target":"tachyon_serverless_application::services::invoke_async::dispatch"}
{"timestamp":"2026-09-17T18:26:16.489434Z","level":"INFO","message":"asynchronous run claimed","invocation_id":"inv_01m2r9x3msk0q42mmmqe38aqnd","attempt":1,"generation":0,"delivery_count":1,"target":"tachyon_serverless_application::services::invoke_async::dispatch"}
{"timestamp":"2026-09-17T18:26:16.492834Z","level":"INFO","message":"bridge spawned","environment_id":"env_01m2r9x3mq6e2a5j5ymdjqt3rd","pid":58258,"target":"tachyon_serverless_provider_process"}
{"timestamp":"2026-09-17T18:26:16.501951Z","level":"INFO","message":"invocation finished","invocation_id":"inv_01m2r9x3k8mfss16aa40esa7d2","status":"succeeded (async run)","handler_ms":0,"environment_boot_ms":3,"runtime_init_ms":4,"target":"tachyon_serverless_application::services::invoke"}
{"timestamp":"2026-09-17T18:26:16.503457Z","level":"INFO","message":"terminating bridge","environment_id":"env_01m2r9x3mq6e2a5j5ymdjqt3rd","pid":58258,"reason":"Completed","graceful":true,"target":"tachyon_serverless_provider_process"}
{"timestamp":"2026-09-17T18:26:16.505760Z","level":"INFO","message":"asynchronous invocation settled","invocation_id":"inv_01m2r9x3k8mfss16aa40esa7d2","status":"succeeded","target":"tachyon_serverless_application::services::invoke_async::dispatch"}
{"timestamp":"2026-09-17T18:26:16.511057Z","level":"INFO","message":"async dispatch: delivery handled","message_id":"inv_01m2r9x3k8mfss16aa40esa7d2","sequence":5,"delivery_count":1,"outcome":"Completed { status: \"succeeded\" }","target":"tachyon_serverless_application::services::invoke_async::dispatch"}
{"timestamp":"2026-09-17T18:26:16.511467Z","level":"INFO","message":"asynchronous run claimed","invocation_id":"inv_01m2r9x3p1enn9yy84zytb03kz","attempt":1,"generation":0,"delivery_count":1,"target":"tachyon_serverless_application::services::invoke_async::dispatch"}
{"timestamp":"2026-09-17T18:26:16.638019Z","level":"INFO","message":"bridge spawned","environment_id":"env_01m2r9x3saqw4dev8f64r7ff8q","pid":58260,"target":"tachyon_serverless_provider_process"}
{"timestamp":"2026-09-17T18:26:16.646790Z","level":"INFO","message":"bridge spawned","environment_id":"env_01m2r9x3sz2ryq1az4zp8cxc0y","pid":58262,"target":"tachyon_serverless_provider_process"}
{"timestamp":"2026-09-17T18:26:16.647836Z","level":"INFO","message":"invocation finished","invocation_id":"inv_01m2r9x3msk0q42mmmqe38aqnd","status":"succeeded (async run)","handler_ms":0,"environment_boot_ms":4,"runtime_init_ms":4,"target":"tachyon_serverless_application::services::invoke"}
{"timestamp":"2026-09-17T18:26:16.649383Z","level":"INFO","message":"terminating bridge","environment_id":"env_01m2r9x3saqw4dev8f64r7ff8q","pid":58260,"reason":"Completed","graceful":true,"target":"tachyon_serverless_provider_process"}
{"timestamp":"2026-09-17T18:26:16.651806Z","level":"INFO","message":"asynchronous invocation settled","invocation_id":"inv_01m2r9x3msk0q42mmmqe38aqnd","status":"succeeded","target":"tachyon_serverless_application::services::invoke_async::dispatch"}
{"timestamp":"2026-09-17T18:26:16.658512Z","level":"INFO","message":"async dispatch: delivery handled","message_id":"inv_01m2r9x3msk0q42mmmqe38aqnd","sequence":6,"delivery_count":1,"outcome":"Completed { status: \"succeeded\" }","target":"tachyon_serverless_application::services::invoke_async::dispatch"}
{"timestamp":"2026-09-17T18:26:16.658865Z","level":"INFO","message":"invocation finished","invocation_id":"inv_01m2r9x3p1enn9yy84zytb03kz","status":"succeeded (async run)","handler_ms":0,"environment_boot_ms":3,"runtime_init_ms":7,"target":"tachyon_serverless_application::services::invoke"}
{"timestamp":"2026-09-17T18:26:16.660441Z","level":"INFO","message":"terminating bridge","environment_id":"env_01m2r9x3sz2ryq1az4zp8cxc0y","pid":58262,"reason":"Completed","graceful":true,"target":"tachyon_serverless_provider_process"}
{"timestamp":"2026-09-17T18:26:16.662813Z","level":"INFO","message":"asynchronous invocation settled","invocation_id":"inv_01m2r9x3p1enn9yy84zytb03kz","status":"succeeded","target":"tachyon_serverless_application::services::invoke_async::dispatch"}
{"timestamp":"2026-09-17T18:26:16.668417Z","level":"INFO","message":"async dispatch: delivery handled","message_id":"inv_01m2r9x3p1enn9yy84zytb03kz","sequence":7,"delivery_count":1,"outcome":"Completed { status: \"succeeded\" }","target":"tachyon_serverless_application::services::invoke_async::dispatch"}
{"timestamp":"2026-09-17T18:26:18.003143Z","level":"INFO","message":"asynchronous invocation accepted","invocation_id":"inv_01m2r9x58jwm4sjn19kygjmz7h","tenant_id":"tn_01hzzzzzzzzzzzzzzzzzzzzzza","revision_id":"rev_01m2r9x285a2r45hy1szghhexk","input_bytes":180,"input_storage":"inline","target":"tachyon_serverless_application::services::invoke_async"}
{"timestamp":"2026-09-17T18:26:18.003191Z","level":"INFO","message":"cron trigger fired","trigger_id":"trg_01m2r9x2w9kz43591qsqf6717c","scheduled_at":"2026-09-17T18:26:18Z","invocation_id":"inv_01m2r9x58jwm4sjn19kygjmz7h","revision_id":"rev_01m2r9x285a2r45hy1szghhexk","replayed":false,"target":"tachyon_serverless_application::services::triggers"}
{"timestamp":"2026-09-17T18:26:18.009602Z","level":"INFO","message":"asynchronous run claimed","invocation_id":"inv_01m2r9x58jwm4sjn19kygjmz7h","attempt":1,"generation":0,"delivery_count":1,"target":"tachyon_serverless_application::services::invoke_async::dispatch"}
{"timestamp":"2026-09-17T18:26:18.148371Z","level":"INFO","message":"bridge spawned","environment_id":"env_01m2r9x58sqzzndzqhbgnxp1as","pid":58280,"target":"tachyon_serverless_provider_process"}
{"timestamp":"2026-09-17T18:26:18.157601Z","level":"INFO","message":"invocation finished","invocation_id":"inv_01m2r9x58jwm4sjn19kygjmz7h","status":"succeeded (async run)","handler_ms":0,"environment_boot_ms":3,"runtime_init_ms":4,"target":"tachyon_serverless_application::services::invoke"}
{"timestamp":"2026-09-17T18:26:18.159162Z","level":"INFO","message":"terminating bridge","environment_id":"env_01m2r9x58sqzzndzqhbgnxp1as","pid":58280,"reason":"Completed","graceful":true,"target":"tachyon_serverless_provider_process"}
{"timestamp":"2026-09-17T18:26:18.161417Z","level":"INFO","message":"asynchronous invocation settled","invocation_id":"inv_01m2r9x58jwm4sjn19kygjmz7h","status":"succeeded","target":"tachyon_serverless_application::services::invoke_async::dispatch"}
{"timestamp":"2026-09-17T18:26:18.167581Z","level":"INFO","message":"async dispatch: delivery handled","message_id":"inv_01m2r9x58jwm4sjn19kygjmz7h","sequence":8,"delivery_count":1,"outcome":"Completed { status: \"succeeded\" }","target":"tachyon_serverless_application::services::invoke_async::dispatch"}
{"timestamp":"2026-09-17T18:26:23.938606Z","level":"WARN","message":"cannot take the trigger scheduler lease","error":"store: database is locked","target":"tachyon_serverless_application::services::triggers"}
{"timestamp":"2026-09-17T18:26:28.949129Z","level":"WARN","message":"object gc: claim failed","object":"obj_01m2r9x3msm1jrczdmzw6eyn7v","error":"store: the store connection stayed busy for 5 s (database locked?)","target":"tachyon_serverless_application::durable::gc"}
{"timestamp":"2026-09-17T18:26:28.949129Z","level":"WARN","message":"outbox: claiming failed","error":"store: the store connection stayed busy for 5 s (database locked?)","target":"tachyon_serverless_application::services::invoke_async::publisher"}
{"timestamp":"2026-09-17T18:26:28.949177Z","level":"WARN","message":"cannot take the trigger scheduler lease","error":"store: the store connection stayed busy for 5 s (database locked?)","target":"tachyon_serverless_application::services::triggers"}
{"timestamp":"2026-09-17T18:26:28.949133Z","level":"WARN","message":"async reaper: listing candidates failed","error":"store: the store connection stayed busy for 5 s (database locked?)","target":"tachyon_serverless_application::services::invoke_async::dispatch"}
{"timestamp":"2026-09-17T18:26:29.296499Z","level":"WARN","message":"dispatcher heartbeat failed","error":"store: database is locked","target":"tachyon_serverless_application::app"}
{"timestamp":"2026-09-17T18:26:30.529341Z","level":"INFO","message":"object retention pass","report":"GcReport { examined: 2, collected_expired: 0, collected_orphans: 0, kept_in_use: 0, kept_referenced: 1, incomplete_removed: 0, tombstones_purged: 0, failed: 1 }","target":"tachyon_serverless_gateway"}
{"timestamp":"2026-09-17T18:26:30.530114Z","level":"INFO","message":"late scheduled times skipped by the missed-run policy","trigger_id":"trg_01m2r9x2w9kz43591qsqf6717c","skipped":5,"policy":"Skip","target":"tachyon_serverless_application::services::triggers"}
{"timestamp":"2026-09-17T18:26:30.531665Z","level":"WARN","message":"dispatcher lease renewed after the store was unavailable","dispatcher_id":"dsp_01m2r9x133caz7r278yh6npbjb","outage_started_at":"Some(2026-09-17T18:26:23.938924Z)","failed_heartbeats":1,"revived":true,"leases":0,"target":"tachyon_serverless_application::services::dispatcher"}
{"timestamp":"2026-09-17T18:26:30.532352Z","level":"INFO","message":"object retention pass","report":"GcReport { examined: 2, collected_expired: 0, collected_orphans: 0, kept_in_use: 0, kept_referenced: 2, incomplete_removed: 0, tombstones_purged: 0, failed: 0 }","target":"tachyon_serverless_gateway"}
{"timestamp":"2026-09-17T18:26:30.537766Z","level":"INFO","message":"asynchronous invocation accepted","invocation_id":"inv_01m2r9xhg7wh3tkah71b4smxmg","tenant_id":"tn_01hzzzzzzzzzzzzzzzzzzzzzza","revision_id":"rev_01m2r9x1nqavwgv1tejb90e4tc","input_bytes":49,"input_storage":"inline","target":"tachyon_serverless_application::services::invoke_async"}
{"timestamp":"2026-09-17T18:26:30.542408Z","level":"INFO","message":"asynchronous invocation accepted","invocation_id":"inv_01m2r9xhgawh34k3ptjcygtbm9","tenant_id":"tn_01hzzzzzzzzzzzzzzzzzzzzzza","revision_id":"rev_01m2r9x285a2r45hy1szghhexk","input_bytes":180,"input_storage":"inline","target":"tachyon_serverless_application::services::invoke_async"}
{"timestamp":"2026-09-17T18:26:30.542541Z","level":"INFO","message":"cron trigger fired","trigger_id":"trg_01m2r9x2w9kz43591qsqf6717c","scheduled_at":"2026-09-17T18:26:30Z","invocation_id":"inv_01m2r9xhgawh34k3ptjcygtbm9","revision_id":"rev_01m2r9x285a2r45hy1szghhexk","replayed":false,"target":"tachyon_serverless_application::services::triggers"}
{"timestamp":"2026-09-17T18:26:30.558035Z","level":"INFO","message":"asynchronous run claimed","invocation_id":"inv_01m2r9xhg7wh3tkah71b4smxmg","attempt":1,"generation":0,"delivery_count":1,"target":"tachyon_serverless_application::services::invoke_async::dispatch"}
{"timestamp":"2026-09-17T18:26:30.565979Z","level":"INFO","message":"asynchronous run claimed","invocation_id":"inv_01m2r9xhgawh34k3ptjcygtbm9","attempt":1,"generation":0,"delivery_count":1,"target":"tachyon_serverless_application::services::invoke_async::dispatch"}
{"timestamp":"2026-09-17T18:26:30.694794Z","level":"INFO","message":"bridge spawned","environment_id":"env_01m2r9xhg7qqs7pzftbz3232er","pid":58734,"target":"tachyon_serverless_provider_process"}
{"timestamp":"2026-09-17T18:26:30.705970Z","level":"INFO","message":"invocation finished","invocation_id":"inv_01m2r9xhg5hvy20zs3n5e4x6np","status":"succeeded","handler_ms":0,"environment_boot_ms":4,"runtime_init_ms":5,"target":"tachyon_serverless_application::services::invoke"}
{"timestamp":"2026-09-17T18:26:30.707537Z","level":"INFO","message":"terminating bridge","environment_id":"env_01m2r9xhg7qqs7pzftbz3232er","pid":58734,"reason":"Completed","graceful":true,"target":"tachyon_serverless_provider_process"}
{"timestamp":"2026-09-17T18:26:30.709345Z","level":"INFO","message":"bridge spawned","environment_id":"env_01m2r9xhh6w2fx8vare22fndn7","pid":58737,"target":"tachyon_serverless_provider_process"}
{"timestamp":"2026-09-17T18:26:30.719126Z","level":"INFO","message":"bridge spawned","environment_id":"env_01m2r9xhgyp1vbejb7s0wdphyb","pid":58748,"target":"tachyon_serverless_provider_process"}
{"timestamp":"2026-09-17T18:26:30.720797Z","level":"INFO","message":"invocation finished","invocation_id":"inv_01m2r9xhgawh34k3ptjcygtbm9","status":"succeeded (async run)","handler_ms":0,"environment_boot_ms":3,"runtime_init_ms":4,"target":"tachyon_serverless_application::services::invoke"}
{"timestamp":"2026-09-17T18:26:30.722265Z","level":"INFO","message":"terminating bridge","environment_id":"env_01m2r9xhh6w2fx8vare22fndn7","pid":58737,"reason":"Completed","graceful":true,"target":"tachyon_serverless_provider_process"}
{"timestamp":"2026-09-17T18:26:30.725493Z","level":"INFO","message":"asynchronous invocation settled","invocation_id":"inv_01m2r9xhgawh34k3ptjcygtbm9","status":"succeeded","target":"tachyon_serverless_application::services::invoke_async::dispatch"}
{"timestamp":"2026-09-17T18:26:30.735083Z","level":"INFO","message":"async dispatch: delivery handled","message_id":"inv_01m2r9xhgawh34k3ptjcygtbm9","sequence":10,"delivery_count":1,"outcome":"Completed { status: \"succeeded\" }","target":"tachyon_serverless_application::services::invoke_async::dispatch"}
{"timestamp":"2026-09-17T18:26:30.736215Z","level":"INFO","message":"invocation finished","invocation_id":"inv_01m2r9xhg7wh3tkah71b4smxmg","status":"succeeded (async run)","handler_ms":0,"environment_boot_ms":3,"runtime_init_ms":11,"target":"tachyon_serverless_application::services::invoke"}
{"timestamp":"2026-09-17T18:26:30.737758Z","level":"INFO","message":"terminating bridge","environment_id":"env_01m2r9xhgyp1vbejb7s0wdphyb","pid":58748,"reason":"Completed","graceful":true,"target":"tachyon_serverless_provider_process"}
{"timestamp":"2026-09-17T18:26:30.740810Z","level":"INFO","message":"asynchronous invocation settled","invocation_id":"inv_01m2r9xhg7wh3tkah71b4smxmg","status":"succeeded","target":"tachyon_serverless_application::services::invoke_async::dispatch"}
{"timestamp":"2026-09-17T18:26:30.747090Z","level":"INFO","message":"async dispatch: delivery handled","message_id":"inv_01m2r9xhg7wh3tkah71b4smxmg","sequence":9,"delivery_count":1,"outcome":"Completed { status: \"succeeded\" }","target":"tachyon_serverless_application::services::invoke_async::dispatch"}
{"timestamp":"2026-09-17T18:26:31.180974Z","level":"INFO","message":"bridge spawned","environment_id":"env_01m2r9xj07wsm34wrefqgkzn1f","pid":58805,"target":"tachyon_serverless_provider_process"}
{"timestamp":"2026-09-17T18:26:31.191415Z","level":"INFO","message":"invocation finished","invocation_id":"inv_01m2r9xj076r92dj5mf131v8a1","status":"succeeded","handler_ms":0,"environment_boot_ms":3,"runtime_init_ms":4,"target":"tachyon_serverless_application::services::invoke"}
{"timestamp":"2026-09-17T18:26:31.193047Z","level":"INFO","message":"terminating bridge","environment_id":"env_01m2r9xj07wsm34wrefqgkzn1f","pid":58805,"reason":"Completed","graceful":true,"target":"tachyon_serverless_provider_process"}
{"timestamp":"2026-09-17T18:26:31.440187Z","level":"INFO","message":"bridge spawned","environment_id":"env_01m2r9xj8b2p7hqmdrtzdffkq3","pid":58849,"target":"tachyon_serverless_provider_process"}
{"timestamp":"2026-09-17T18:26:31.450692Z","level":"INFO","message":"invocation finished","invocation_id":"inv_01m2r9xj8a469aqte2jxk2kgs9","status":"succeeded","handler_ms":0,"environment_boot_ms":3,"runtime_init_ms":4,"target":"tachyon_serverless_application::services::invoke"}
{"timestamp":"2026-09-17T18:26:31.452263Z","level":"INFO","message":"terminating bridge","environment_id":"env_01m2r9xj8b2p7hqmdrtzdffkq3","pid":58849,"reason":"Completed","graceful":true,"target":"tachyon_serverless_provider_process"}
{"timestamp":"2026-09-17T18:26:31.501623Z","level":"INFO","message":"asynchronous invocation accepted","invocation_id":"inv_01m2r9xjecnwft0xbrgm0xep8t","tenant_id":"tn_01hzzzzzzzzzzzzzzzzzzzzzza","revision_id":"rev_01m2r9x1nqavwgv1tejb90e4tc","input_bytes":48,"input_storage":"inline","target":"tachyon_serverless_application::services::invoke_async"}
{"timestamp":"2026-09-17T18:26:31.516269Z","level":"INFO","message":"asynchronous run claimed","invocation_id":"inv_01m2r9xjecnwft0xbrgm0xep8t","attempt":1,"generation":0,"delivery_count":1,"target":"tachyon_serverless_application::services::invoke_async::dispatch"}
{"timestamp":"2026-09-17T18:26:31.568393Z","level":"INFO","message":"asynchronous invocation accepted","invocation_id":"inv_01m2r9xjfxqdxk11bwcp1h7g7n","tenant_id":"tn_01hzzzzzzzzzzzzzzzzzzzzzza","revision_id":"rev_01m2r9x1nqavwgv1tejb90e4tc","input_bytes":4128,"input_storage":"object","target":"tachyon_serverless_application::services::invoke_async"}
{"timestamp":"2026-09-17T18:26:31.574250Z","level":"INFO","message":"asynchronous run claimed","invocation_id":"inv_01m2r9xjfxqdxk11bwcp1h7g7n","attempt":1,"generation":0,"delivery_count":1,"target":"tachyon_serverless_application::services::invoke_async::dispatch"}
{"timestamp":"2026-09-17T18:26:31.596719Z","level":"INFO","message":"asynchronous invocation accepted","invocation_id":"inv_01m2r9xjhbb8rk9z6zea6n3xpy","tenant_id":"tn_01hzzzzzzzzzzzzzzzzzzzzzza","revision_id":"rev_01m2r9x285a2r45hy1szghhexk","input_bytes":191,"input_storage":"inline","target":"tachyon_serverless_application::services::invoke_async"}
{"timestamp":"2026-09-17T18:26:31.596766Z","level":"INFO","message":"webhook trigger fired","trigger_id":"trg_01m2r9x2wmr7cjsk9dvm8vaqj9","event_id":"evt-post-w1","invocation_id":"inv_01m2r9xjhbb8rk9z6zea6n3xpy","revision_id":"rev_01m2r9x285a2r45hy1szghhexk","replayed":false,"target":"tachyon_serverless_application::services::triggers"}
{"timestamp":"2026-09-17T18:26:31.665308Z","level":"INFO","message":"bridge spawned","environment_id":"env_01m2r9xjew0ebjd2j46d2nr15x","pid":58923,"target":"tachyon_serverless_provider_process"}
{"timestamp":"2026-09-17T18:26:31.676553Z","level":"INFO","message":"invocation finished","invocation_id":"inv_01m2r9xjecnwft0xbrgm0xep8t","status":"succeeded (async run)","handler_ms":0,"environment_boot_ms":4,"runtime_init_ms":5,"target":"tachyon_serverless_application::services::invoke"}
{"timestamp":"2026-09-17T18:26:31.678065Z","level":"INFO","message":"terminating bridge","environment_id":"env_01m2r9xjew0ebjd2j46d2nr15x","pid":58923,"reason":"Completed","graceful":true,"target":"tachyon_serverless_provider_process"}
{"timestamp":"2026-09-17T18:26:31.680988Z","level":"INFO","message":"asynchronous invocation settled","invocation_id":"inv_01m2r9xjecnwft0xbrgm0xep8t","status":"succeeded","target":"tachyon_serverless_application::services::invoke_async::dispatch"}
{"timestamp":"2026-09-17T18:26:31.686160Z","level":"INFO","message":"async dispatch: delivery handled","message_id":"inv_01m2r9xjecnwft0xbrgm0xep8t","sequence":11,"delivery_count":1,"outcome":"Completed { status: \"succeeded\" }","target":"tachyon_serverless_application::services::invoke_async::dispatch"}
{"timestamp":"2026-09-17T18:26:31.686749Z","level":"INFO","message":"asynchronous run claimed","invocation_id":"inv_01m2r9xjhbb8rk9z6zea6n3xpy","attempt":1,"generation":0,"delivery_count":1,"target":"tachyon_serverless_application::services::invoke_async::dispatch"}
{"timestamp":"2026-09-17T18:26:31.726849Z","level":"INFO","message":"bridge spawned","environment_id":"env_01m2r9xjgq1ywge5feqwxdbk0k","pid":58925,"target":"tachyon_serverless_provider_process"}
{"timestamp":"2026-09-17T18:26:31.737008Z","level":"INFO","message":"invocation finished","invocation_id":"inv_01m2r9xjfxqdxk11bwcp1h7g7n","status":"succeeded (async run)","handler_ms":0,"environment_boot_ms":7,"runtime_init_ms":4,"target":"tachyon_serverless_application::services::invoke"}
{"timestamp":"2026-09-17T18:26:31.737862Z","level":"INFO","message":"terminating bridge","environment_id":"env_01m2r9xjgq1ywge5feqwxdbk0k","pid":58925,"reason":"Completed","graceful":true,"target":"tachyon_serverless_provider_process"}
{"timestamp":"2026-09-17T18:26:31.737905Z","level":"INFO","message":"object retention pass","report":"GcReport { examined: 2, collected_expired: 0, collected_orphans: 0, kept_in_use: 0, kept_referenced: 2, incomplete_removed: 0, tombstones_purged: 0, failed: 0 }","target":"tachyon_serverless_gateway"}
{"timestamp":"2026-09-17T18:26:31.740536Z","level":"INFO","message":"asynchronous invocation settled","invocation_id":"inv_01m2r9xjfxqdxk11bwcp1h7g7n","status":"succeeded","target":"tachyon_serverless_application::services::invoke_async::dispatch"}
{"timestamp":"2026-09-17T18:26:31.745041Z","level":"INFO","message":"async dispatch: delivery handled","message_id":"inv_01m2r9xjfxqdxk11bwcp1h7g7n","sequence":12,"delivery_count":1,"outcome":"Completed { status: \"succeeded\" }","target":"tachyon_serverless_application::services::invoke_async::dispatch"}
{"timestamp":"2026-09-17T18:26:31.748222Z","level":"INFO","message":"bridge spawned","environment_id":"env_01m2r9xjhwsjtnb91j7dpf97gw","pid":58927,"target":"tachyon_serverless_provider_process"}
{"timestamp":"2026-09-17T18:26:31.758610Z","level":"INFO","message":"invocation finished","invocation_id":"inv_01m2r9xjhwk3csj1w99qeshxbq","status":"succeeded","handler_ms":0,"environment_boot_ms":3,"runtime_init_ms":5,"target":"tachyon_serverless_application::services::invoke"}
{"timestamp":"2026-09-17T18:26:31.760147Z","level":"INFO","message":"terminating bridge","environment_id":"env_01m2r9xjhwsjtnb91j7dpf97gw","pid":58927,"reason":"Completed","graceful":true,"target":"tachyon_serverless_provider_process"}
{"timestamp":"2026-09-17T18:26:31.806740Z","level":"INFO","message":"asynchronous invocation accepted","invocation_id":"inv_01m2r9xjqyqjybg6vjzb8k1pmh","tenant_id":"tn_01hzzzzzzzzzzzzzzzzzzzzzza","revision_id":"rev_01m2r9x1nqavwgv1tejb90e4tc","input_bytes":48,"input_storage":"inline","target":"tachyon_serverless_application::services::invoke_async"}
{"timestamp":"2026-09-17T18:26:31.812639Z","level":"INFO","message":"asynchronous run claimed","invocation_id":"inv_01m2r9xjqyqjybg6vjzb8k1pmh","attempt":1,"generation":0,"delivery_count":1,"target":"tachyon_serverless_application::services::invoke_async::dispatch"}
{"timestamp":"2026-09-17T18:26:31.822028Z","level":"INFO","message":"bridge spawned","environment_id":"env_01m2r9xjm6y6jfqr92nen4vvnp","pid":58960,"target":"tachyon_serverless_provider_process"}
{"timestamp":"2026-09-17T18:26:31.833836Z","level":"INFO","message":"invocation finished","invocation_id":"inv_01m2r9xjhbb8rk9z6zea6n3xpy","status":"succeeded (async run)","handler_ms":0,"environment_boot_ms":3,"runtime_init_ms":7,"target":"tachyon_serverless_application::services::invoke"}
{"timestamp":"2026-09-17T18:26:31.835374Z","level":"INFO","message":"terminating bridge","environment_id":"env_01m2r9xjm6y6jfqr92nen4vvnp","pid":58960,"reason":"Completed","graceful":true,"target":"tachyon_serverless_provider_process"}
{"timestamp":"2026-09-17T18:26:31.837807Z","level":"INFO","message":"asynchronous invocation settled","invocation_id":"inv_01m2r9xjhbb8rk9z6zea6n3xpy","status":"succeeded","target":"tachyon_serverless_application::services::invoke_async::dispatch"}
{"timestamp":"2026-09-17T18:26:31.843108Z","level":"INFO","message":"async dispatch: delivery handled","message_id":"inv_01m2r9xjhbb8rk9z6zea6n3xpy","sequence":13,"delivery_count":1,"outcome":"Completed { status: \"succeeded\" }","target":"tachyon_serverless_application::services::invoke_async::dispatch"}
{"timestamp":"2026-09-17T18:26:31.871447Z","level":"INFO","message":"asynchronous invocation accepted","invocation_id":"inv_01m2r9xjsezy4fc80b7dk7f1yc","tenant_id":"tn_01hzzzzzzzzzzzzzzzzzzzzzza","revision_id":"rev_01m2r9x1nqavwgv1tejb90e4tc","input_bytes":4128,"input_storage":"object","target":"tachyon_serverless_application::services::invoke_async"}
{"timestamp":"2026-09-17T18:26:31.876770Z","level":"INFO","message":"asynchronous run claimed","invocation_id":"inv_01m2r9xjsezy4fc80b7dk7f1yc","attempt":1,"generation":0,"delivery_count":1,"target":"tachyon_serverless_application::services::invoke_async::dispatch"}
{"timestamp":"2026-09-17T18:26:31.899060Z","level":"INFO","message":"asynchronous invocation accepted","invocation_id":"inv_01m2r9xjttb1aay0t8efgpqf53","tenant_id":"tn_01hzzzzzzzzzzzzzzzzzzzzzza","revision_id":"rev_01m2r9x285a2r45hy1szghhexk","input_bytes":191,"input_storage":"inline","target":"tachyon_serverless_application::services::invoke_async"}
{"timestamp":"2026-09-17T18:26:31.899095Z","level":"INFO","message":"webhook trigger fired","trigger_id":"trg_01m2r9x2wmr7cjsk9dvm8vaqj9","event_id":"evt-post-w2","invocation_id":"inv_01m2r9xjttb1aay0t8efgpqf53","revision_id":"rev_01m2r9x285a2r45hy1szghhexk","replayed":false,"target":"tachyon_serverless_application::services::triggers"}
{"timestamp":"2026-09-17T18:26:31.960269Z","level":"INFO","message":"bridge spawned","environment_id":"env_01m2r9xjr4d2ymhbwwpe02sr98","pid":59004,"target":"tachyon_serverless_provider_process"}
{"timestamp":"2026-09-17T18:26:31.969464Z","level":"INFO","message":"invocation finished","invocation_id":"inv_01m2r9xjqyqjybg6vjzb8k1pmh","status":"succeeded (async run)","handler_ms":0,"environment_boot_ms":3,"runtime_init_ms":4,"target":"tachyon_serverless_application::services::invoke"}
{"timestamp":"2026-09-17T18:26:31.971002Z","level":"INFO","message":"terminating bridge","environment_id":"env_01m2r9xjr4d2ymhbwwpe02sr98","pid":59004,"reason":"Completed","graceful":true,"target":"tachyon_serverless_provider_process"}
{"timestamp":"2026-09-17T18:26:31.973407Z","level":"INFO","message":"asynchronous invocation settled","invocation_id":"inv_01m2r9xjqyqjybg6vjzb8k1pmh","status":"succeeded","target":"tachyon_serverless_application::services::invoke_async::dispatch"}
{"timestamp":"2026-09-17T18:26:31.979065Z","level":"INFO","message":"async dispatch: delivery handled","message_id":"inv_01m2r9xjqyqjybg6vjzb8k1pmh","sequence":14,"delivery_count":1,"outcome":"Completed { status: \"succeeded\" }","target":"tachyon_serverless_application::services::invoke_async::dispatch"}
{"timestamp":"2026-09-17T18:26:31.979454Z","level":"INFO","message":"asynchronous run claimed","invocation_id":"inv_01m2r9xjttb1aay0t8efgpqf53","attempt":1,"generation":0,"delivery_count":1,"target":"tachyon_serverless_application::services::invoke_async::dispatch"}
{"timestamp":"2026-09-17T18:26:32.004387Z","level":"INFO","message":"asynchronous invocation accepted","invocation_id":"inv_01m2r9xjy3v7gkbksdwcrdya0n","tenant_id":"tn_01hzzzzzzzzzzzzzzzzzzzzzza","revision_id":"rev_01m2r9x285a2r45hy1szghhexk","input_bytes":180,"input_storage":"inline","target":"tachyon_serverless_application::services::invoke_async"}
{"timestamp":"2026-09-17T18:26:32.004412Z","level":"INFO","message":"cron trigger fired","trigger_id":"trg_01m2r9x2w9kz43591qsqf6717c","scheduled_at":"2026-09-17T18:26:32Z","invocation_id":"inv_01m2r9xjy3v7gkbksdwcrdya0n","revision_id":"rev_01m2r9x285a2r45hy1szghhexk","replayed":false,"target":"tachyon_serverless_application::services::triggers"}
{"timestamp":"2026-09-17T18:26:32.025229Z","level":"INFO","message":"bridge spawned","environment_id":"env_01m2r9xjt6fnj8bhn01nta4yk6","pid":59006,"target":"tachyon_serverless_provider_process"}
{"timestamp":"2026-09-17T18:26:32.034877Z","level":"INFO","message":"invocation finished","invocation_id":"inv_01m2r9xjsezy4fc80b7dk7f1yc","status":"succeeded (async run)","handler_ms":0,"environment_boot_ms":3,"runtime_init_ms":4,"target":"tachyon_serverless_application::services::invoke"}
{"timestamp":"2026-09-17T18:26:32.036392Z","level":"INFO","message":"terminating bridge","environment_id":"env_01m2r9xjt6fnj8bhn01nta4yk6","pid":59006,"reason":"Completed","graceful":true,"target":"tachyon_serverless_provider_process"}
{"timestamp":"2026-09-17T18:26:32.038680Z","level":"INFO","message":"asynchronous invocation settled","invocation_id":"inv_01m2r9xjsezy4fc80b7dk7f1yc","status":"succeeded","target":"tachyon_serverless_application::services::invoke_async::dispatch"}
{"timestamp":"2026-09-17T18:26:32.044235Z","level":"INFO","message":"async dispatch: delivery handled","message_id":"inv_01m2r9xjsezy4fc80b7dk7f1yc","sequence":15,"delivery_count":1,"outcome":"Completed { status: \"succeeded\" }","target":"tachyon_serverless_application::services::invoke_async::dispatch"}
{"timestamp":"2026-09-17T18:26:32.044694Z","level":"INFO","message":"asynchronous run claimed","invocation_id":"inv_01m2r9xjy3v7gkbksdwcrdya0n","attempt":1,"generation":0,"delivery_count":1,"target":"tachyon_serverless_application::services::invoke_async::dispatch"}
{"timestamp":"2026-09-17T18:26:32.113716Z","level":"INFO","message":"bridge spawned","environment_id":"env_01m2r9xjxbarsc24bt4a0j9rs5","pid":59008,"target":"tachyon_serverless_provider_process"}
{"timestamp":"2026-09-17T18:26:32.122935Z","level":"INFO","message":"invocation finished","invocation_id":"inv_01m2r9xjttb1aay0t8efgpqf53","status":"succeeded (async run)","handler_ms":0,"environment_boot_ms":3,"runtime_init_ms":4,"target":"tachyon_serverless_application::services::invoke"}
{"timestamp":"2026-09-17T18:26:32.124461Z","level":"INFO","message":"terminating bridge","environment_id":"env_01m2r9xjxbarsc24bt4a0j9rs5","pid":59008,"reason":"Completed","graceful":true,"target":"tachyon_serverless_provider_process"}
{"timestamp":"2026-09-17T18:26:32.126767Z","level":"INFO","message":"asynchronous invocation settled","invocation_id":"inv_01m2r9xjttb1aay0t8efgpqf53","status":"succeeded","target":"tachyon_serverless_application::services::invoke_async::dispatch"}
{"timestamp":"2026-09-17T18:26:32.132133Z","level":"INFO","message":"async dispatch: delivery handled","message_id":"inv_01m2r9xjttb1aay0t8efgpqf53","sequence":16,"delivery_count":1,"outcome":"Completed { status: \"succeeded\" }","target":"tachyon_serverless_application::services::invoke_async::dispatch"}
{"timestamp":"2026-09-17T18:26:32.184945Z","level":"INFO","message":"bridge spawned","environment_id":"env_01m2r9xjzctcc7szaj45e9mk2y","pid":59010,"target":"tachyon_serverless_provider_process"}
{"timestamp":"2026-09-17T18:26:32.193911Z","level":"INFO","message":"invocation finished","invocation_id":"inv_01m2r9xjy3v7gkbksdwcrdya0n","status":"succeeded (async run)","handler_ms":0,"environment_boot_ms":3,"runtime_init_ms":4,"target":"tachyon_serverless_application::services::invoke"}
{"timestamp":"2026-09-17T18:26:32.195515Z","level":"INFO","message":"terminating bridge","environment_id":"env_01m2r9xjzctcc7szaj45e9mk2y","pid":59010,"reason":"Completed","graceful":true,"target":"tachyon_serverless_provider_process"}
{"timestamp":"2026-09-17T18:26:32.197690Z","level":"INFO","message":"asynchronous invocation settled","invocation_id":"inv_01m2r9xjy3v7gkbksdwcrdya0n","status":"succeeded","target":"tachyon_serverless_application::services::invoke_async::dispatch"}
{"timestamp":"2026-09-17T18:26:32.203288Z","level":"INFO","message":"async dispatch: delivery handled","message_id":"inv_01m2r9xjy3v7gkbksdwcrdya0n","sequence":17,"delivery_count":1,"outcome":"Completed { status: \"succeeded\" }","target":"tachyon_serverless_application::services::invoke_async::dispatch"}
{"timestamp":"2026-09-17T18:26:33.741192Z","level":"INFO","message":"object retention pass","report":"GcReport { examined: 2, collected_expired: 0, collected_orphans: 0, kept_in_use: 0, kept_referenced: 2, incomplete_removed: 0, tombstones_purged: 0, failed: 0 }","target":"tachyon_serverless_gateway"}
{"timestamp":"2026-09-17T18:26:34.006371Z","level":"INFO","message":"asynchronous invocation accepted","invocation_id":"inv_01m2r9xmwmd25yjjss7fzb7558","tenant_id":"tn_01hzzzzzzzzzzzzzzzzzzzzzza","revision_id":"rev_01m2r9x285a2r45hy1szghhexk","input_bytes":180,"input_storage":"inline","target":"tachyon_serverless_application::services::invoke_async"}
{"timestamp":"2026-09-17T18:26:34.006508Z","level":"INFO","message":"cron trigger fired","trigger_id":"trg_01m2r9x2w9kz43591qsqf6717c","scheduled_at":"2026-09-17T18:26:34Z","invocation_id":"inv_01m2r9xmwmd25yjjss7fzb7558","revision_id":"rev_01m2r9x285a2r45hy1szghhexk","replayed":false,"target":"tachyon_serverless_application::services::triggers"}
{"timestamp":"2026-09-17T18:26:34.019607Z","level":"INFO","message":"asynchronous run claimed","invocation_id":"inv_01m2r9xmwmd25yjjss7fzb7558","attempt":1,"generation":0,"delivery_count":1,"target":"tachyon_serverless_application::services::invoke_async::dispatch"}
{"timestamp":"2026-09-17T18:26:34.180867Z","level":"INFO","message":"bridge spawned","environment_id":"env_01m2r9xmx49f86xd7dztf42qyk","pid":59019,"target":"tachyon_serverless_provider_process"}
{"timestamp":"2026-09-17T18:26:34.190116Z","level":"INFO","message":"invocation finished","invocation_id":"inv_01m2r9xmwmd25yjjss7fzb7558","status":"succeeded (async run)","handler_ms":0,"environment_boot_ms":3,"runtime_init_ms":4,"target":"tachyon_serverless_application::services::invoke"}
{"timestamp":"2026-09-17T18:26:34.191661Z","level":"INFO","message":"terminating bridge","environment_id":"env_01m2r9xmx49f86xd7dztf42qyk","pid":59019,"reason":"Completed","graceful":true,"target":"tachyon_serverless_provider_process"}
{"timestamp":"2026-09-17T18:26:34.193864Z","level":"INFO","message":"asynchronous invocation settled","invocation_id":"inv_01m2r9xmwmd25yjjss7fzb7558","status":"succeeded","target":"tachyon_serverless_application::services::invoke_async::dispatch"}
{"timestamp":"2026-09-17T18:26:34.200336Z","level":"INFO","message":"async dispatch: delivery handled","message_id":"inv_01m2r9xmwmd25yjjss7fzb7558","sequence":18,"delivery_count":1,"outcome":"Completed { status: \"succeeded\" }","target":"tachyon_serverless_application::services::invoke_async::dispatch"}
{"timestamp":"2026-09-17T18:26:35.739309Z","level":"INFO","message":"object retention pass","report":"GcReport { examined: 2, collected_expired: 0, collected_orphans: 0, kept_in_use: 0, kept_referenced: 2, incomplete_removed: 0, tombstones_purged: 0, failed: 0 }","target":"tachyon_serverless_gateway"}
{"timestamp":"2026-09-17T18:26:36.004481Z","level":"INFO","message":"asynchronous invocation accepted","invocation_id":"inv_01m2r9xpv3ms44416735q09zmz","tenant_id":"tn_01hzzzzzzzzzzzzzzzzzzzzzza","revision_id":"rev_01m2r9x285a2r45hy1szghhexk","input_bytes":180,"input_storage":"inline","target":"tachyon_serverless_application::services::invoke_async"}
{"timestamp":"2026-09-17T18:26:36.004517Z","level":"INFO","message":"cron trigger fired","trigger_id":"trg_01m2r9x2w9kz43591qsqf6717c","scheduled_at":"2026-09-17T18:26:36Z","invocation_id":"inv_01m2r9xpv3ms44416735q09zmz","revision_id":"rev_01m2r9x285a2r45hy1szghhexk","replayed":false,"target":"tachyon_serverless_application::services::triggers"}
{"timestamp":"2026-09-17T18:26:36.019771Z","level":"INFO","message":"asynchronous run claimed","invocation_id":"inv_01m2r9xpv3ms44416735q09zmz","attempt":1,"generation":0,"delivery_count":1,"target":"tachyon_serverless_application::services::invoke_async::dispatch"}
{"timestamp":"2026-09-17T18:26:36.155357Z","level":"INFO","message":"bridge spawned","environment_id":"env_01m2r9xpvk216hdew0j367f0qv","pid":59025,"target":"tachyon_serverless_provider_process"}
{"timestamp":"2026-09-17T18:26:36.166627Z","level":"INFO","message":"invocation finished","invocation_id":"inv_01m2r9xpv3ms44416735q09zmz","status":"succeeded (async run)","handler_ms":0,"environment_boot_ms":5,"runtime_init_ms":5,"target":"tachyon_serverless_application::services::invoke"}
{"timestamp":"2026-09-17T18:26:36.168169Z","level":"INFO","message":"terminating bridge","environment_id":"env_01m2r9xpvk216hdew0j367f0qv","pid":59025,"reason":"Completed","graceful":true,"target":"tachyon_serverless_provider_process"}
{"timestamp":"2026-09-17T18:26:36.170576Z","level":"INFO","message":"asynchronous invocation settled","invocation_id":"inv_01m2r9xpv3ms44416735q09zmz","status":"succeeded","target":"tachyon_serverless_application::services::invoke_async::dispatch"}
{"timestamp":"2026-09-17T18:26:36.178137Z","level":"INFO","message":"async dispatch: delivery handled","message_id":"inv_01m2r9xpv3ms44416735q09zmz","sequence":19,"delivery_count":1,"outcome":"Completed { status: \"succeeded\" }","target":"tachyon_serverless_application::services::invoke_async::dispatch"}
{"timestamp":"2026-09-17T18:26:36.994197Z","level":"INFO","message":"trigger updated","trigger_id":"trg_01m2r9x2w9kz43591qsqf6717c","generation":2,"status":"disabled","next_fire_at":"None","rotated_secret":false,"target":"tachyon_serverless_application::services::triggers"}
{"timestamp":"2026-09-17T18:26:37.739743Z","level":"INFO","message":"object retention pass","report":"GcReport { examined: 3, collected_expired: 0, collected_orphans: 0, kept_in_use: 0, kept_referenced: 3, incomplete_removed: 0, tombstones_purged: 0, failed: 0 }","target":"tachyon_serverless_gateway"}
{"timestamp":"2026-09-17T18:26:38.116234Z","level":"INFO","message":"SIGTERM received","target":"tachyon_serverless_gateway"}
{"timestamp":"2026-09-17T18:26:38.116296Z","level":"INFO","message":"shutdown requested; cancelling in-flight invocations","target":"tachyon_serverless_gateway"}
{"timestamp":"2026-09-17T18:26:38.116716Z","level":"INFO","message":"final usage collection","report":"CollectReport { batches: 0, read: 0, inserted: 0, duplicates: 0, cursor_seq: 125 }","target":"tachyon_serverless_gateway"}
{"timestamp":"2026-09-17T18:26:38.117846Z","level":"INFO","message":"gateway stopped","target":"tachyon_serverless_gateway"}
{"timestamp":"2026-09-17T18:26:38.118006Z","level":"INFO","message":"event: closed","target":"async_nats"}
