
===== a start (failpoints: none) 04:28:20 =====
{"timestamp":"2026-09-18T04:28:20.455362Z","level":"INFO","message":"configuration loaded","config":"/home/takanorifukuyama.guest/w/tsls-chaos.BCxnOh/gw-a.toml","target":"tachyon_serverless_gateway"}
{"timestamp":"2026-09-18T04:28:20.457845Z","level":"INFO","message":"connected successfully","server":"41611","max_payload":"1048576","target":"async_nats::connector"}
{"timestamp":"2026-09-18T04:28:20.457953Z","level":"INFO","message":"event: connected","target":"async_nats"}
{"timestamp":"2026-09-18T04:28:20.461805Z","level":"INFO","message":"JetStream queue connected and stream bootstrapped","url":"nats://127.0.0.1:41611","stream":"TACHYON_EVENTS","target":"tachyon_serverless_gateway::durable"}
{"timestamp":"2026-09-18T04:28:20.472150Z","level":"INFO","message":"state store opened","path":"/home/takanorifukuyama.guest/w/tsls-chaos.BCxnOh/data/state.db","schema_version":8,"migrations_applied":"[1, 2, 3, 4, 5, 6, 7, 8]","imported_state_json":"None","settled_invocations":0,"settled_attempts":0,"settled_environments":0,"released_leases":0,"dropped_idempotency_keys":0,"purged_idempotency_keys":0,"outputs_purged":0,"target":"tachyon_serverless_application::app"}
{"timestamp":"2026-09-18T04:28:20.477691Z","level":"INFO","message":"log store opened","path":"/home/takanorifukuyama.guest/w/tsls-chaos.BCxnOh/data/logs/logs.db","healthy":true,"retention_seconds":604800,"max_total_bytes":1073741824,"target":"tachyon_serverless_application::app"}
{"timestamp":"2026-09-18T04:28:20.478153Z","level":"INFO","message":"dispatcher registered","dispatcher_id":"dsp_01m2scbh3xts9va68a14q26kx5","instance":"chaos-a","pid":826261,"lease_ttl_seconds":6,"target":"tachyon_serverless_application::services::dispatcher"}
{"timestamp":"2026-09-18T04:28:20.487301Z","level":"INFO","message":"application bootstrapped","profile":"dev","provider":"process","dev_only":true,"environment_reuse":false,"reuse_verified":false,"reuse_reason":"[pool] enabled is false","reuse_disabled":"Some(Configuration)","idle_quiesce":"unsupported","idle_resume":"unsupported","data_dir":"/home/takanorifukuyama.guest/w/tsls-chaos.BCxnOh/data","store":"sqlite","dispatcher_id":"dsp_01m2scbh3xts9va68a14q26kx5","node":"local","node_region":"none","node_memory_mib":"None","max_concurrency":8,"queue":"nats","objects":"filesystem","invoke_async":true,"triggers":true,"target":"tachyon_serverless_application::app"}
{"timestamp":"2026-09-18T04:28:20.487485Z","level":"INFO","message":"startup reconcile finished","provider":"process","found":0,"adopted":0,"terminated":0,"disowned":0,"failed":0,"lost":0,"foreign":0,"reclaimed_dispatchers":0,"fenced_terminated":0,"fenced_pending":0,"target":"tachyon_serverless_application::services::reconcile"}
{"timestamp":"2026-09-18T04:28:20.487544Z","level":"INFO","message":"gateway listening","addr":"127.0.0.1:57663","profile":"dev","provider":"process","target":"tachyon_serverless_gateway"}
{"timestamp":"2026-09-18T04:28:20.488579Z","level":"INFO","message":"asynchronous dispatcher started","workers":2,"owner":"dsp_01m2scbh3xts9va68a14q26kx5","target":"tachyon_serverless_gateway"}
{"timestamp":"2026-09-18T04:28:24.314668Z","level":"INFO","message":"revision ready","revision_id":"rev_01m2scbkq7s89p3fyfsesvhet3","function_id":"fn_01m2scbhcmbzk4yye6ntkdmvdk","target":"tachyon_serverless_application::services::revision"}
{"timestamp":"2026-09-18T04:28:27.764577Z","level":"INFO","message":"revision ready","revision_id":"rev_01m2scbq6xsfqwkwkv94pdhwej","function_id":"fn_01m2scbmy0cadk8ed17d78rc7q","target":"tachyon_serverless_application::services::revision"}
{"timestamp":"2026-09-18T04:28:31.360894Z","level":"INFO","message":"revision ready","revision_id":"rev_01m2scbtkwm5k14cb6r87daybc","function_id":"fn_01m2scbramcrem296ksd1qgdxh","target":"tachyon_serverless_application::services::revision"}
{"timestamp":"2026-09-18T04:28:31.440942Z","level":"INFO","message":"trigger created","trigger_id":"trg_01m2scbvtgyg25kd3c49ctj9ww","function_id":"fn_01m2scbmy0cadk8ed17d78rc7q","kind":"cron","enabled":true,"next_fire_at":"Some(2026-09-18T04:28:32Z)","target":"tachyon_serverless_application::services::triggers"}
{"timestamp":"2026-09-18T04:28:31.446124Z","level":"INFO","message":"trigger created","trigger_id":"trg_01m2scbvtnsfm5k2fndqa3egae","function_id":"fn_01m2scbmy0cadk8ed17d78rc7q","kind":"webhook","enabled":true,"next_fire_at":"None","target":"tachyon_serverless_application::services::triggers"}
{"timestamp":"2026-09-18T04:28:32.003616Z","level":"INFO","message":"asynchronous invocation accepted","invocation_id":"inv_01m2scbwc29appbtcjbqfq1t1v","tenant_id":"tn_01hzzzzzzzzzzzzzzzzzzzzzza","revision_id":"rev_01m2scbq6xsfqwkwkv94pdhwej","input_bytes":180,"input_storage":"inline","target":"tachyon_serverless_application::services::invoke_async"}
{"timestamp":"2026-09-18T04:28:32.003662Z","level":"INFO","message":"cron trigger fired","trigger_id":"trg_01m2scbvtgyg25kd3c49ctj9ww","scheduled_at":"2026-09-18T04:28:32Z","invocation_id":"inv_01m2scbwc29appbtcjbqfq1t1v","revision_id":"rev_01m2scbq6xsfqwkwkv94pdhwej","replayed":false,"target":"tachyon_serverless_application::services::triggers"}
{"timestamp":"2026-09-18T04:28:32.006926Z","level":"INFO","message":"asynchronous run claimed","invocation_id":"inv_01m2scbwc29appbtcjbqfq1t1v","attempt":1,"generation":0,"delivery_count":1,"target":"tachyon_serverless_application::services::invoke_async::dispatch"}
{"timestamp":"2026-09-18T04:28:32.616129Z","level":"INFO","message":"bridge spawned","environment_id":"env_01m2scbvtzmma263v9frn99vvz","pid":826930,"target":"tachyon_serverless_provider_process"}
{"timestamp":"2026-09-18T04:28:32.638987Z","level":"INFO","message":"invocation finished","invocation_id":"inv_01m2scbvty6y0rde1wkfhhnb9v","status":"succeeded","handler_ms":6,"environment_boot_ms":2,"runtime_init_ms":4,"target":"tachyon_serverless_application::services::invoke"}
{"timestamp":"2026-09-18T04:28:32.640908Z","level":"INFO","message":"terminating bridge","environment_id":"env_01m2scbvtzmma263v9frn99vvz","pid":826930,"reason":"Completed","graceful":true,"target":"tachyon_serverless_provider_process"}
{"timestamp":"2026-09-18T04:28:32.668575Z","level":"INFO","message":"asynchronous invocation accepted","invocation_id":"inv_01m2scbx0rrbn9fp3why39jw6e","tenant_id":"tn_01hzzzzzzzzzzzzzzzzzzzzzza","revision_id":"rev_01m2scbkq7s89p3fyfsesvhet3","input_bytes":47,"input_storage":"inline","target":"tachyon_serverless_application::services::invoke_async"}
{"timestamp":"2026-09-18T04:28:32.685833Z","level":"INFO","message":"asynchronous run claimed","invocation_id":"inv_01m2scbx0rrbn9fp3why39jw6e","attempt":1,"generation":0,"delivery_count":1,"target":"tachyon_serverless_application::services::invoke_async::dispatch"}
{"timestamp":"2026-09-18T04:28:32.693797Z","level":"INFO","message":"asynchronous invocation accepted","invocation_id":"inv_01m2scbx1jzz5y7j0xc9z5dfcz","tenant_id":"tn_01hzzzzzzzzzzzzzzzzzzzzzza","revision_id":"rev_01m2scbkq7s89p3fyfsesvhet3","input_bytes":4127,"input_storage":"object","target":"tachyon_serverless_application::services::invoke_async"}
{"timestamp":"2026-09-18T04:28:32.709729Z","level":"INFO","message":"asynchronous invocation accepted","invocation_id":"inv_01m2scbx244dtm7j1sk3w3fzvk","tenant_id":"tn_01hzzzzzzzzzzzzzzzzzzzzzza","revision_id":"rev_01m2scbq6xsfqwkwkv94pdhwej","input_bytes":189,"input_storage":"inline","target":"tachyon_serverless_application::services::invoke_async"}
{"timestamp":"2026-09-18T04:28:32.709782Z","level":"INFO","message":"webhook trigger fired","trigger_id":"trg_01m2scbvtnsfm5k2fndqa3egae","event_id":"evt-pre-w1","invocation_id":"inv_01m2scbx244dtm7j1sk3w3fzvk","revision_id":"rev_01m2scbq6xsfqwkwkv94pdhwej","replayed":false,"target":"tachyon_serverless_application::services::triggers"}
{"timestamp":"2026-09-18T04:28:33.193288Z","level":"INFO","message":"bridge spawned","environment_id":"env_01m2scbwc7bt0w021mk9hndnd2","pid":827008,"target":"tachyon_serverless_provider_process"}
{"timestamp":"2026-09-18T04:28:33.211410Z","level":"INFO","message":"invocation finished","invocation_id":"inv_01m2scbwc29appbtcjbqfq1t1v","status":"succeeded (async run)","handler_ms":3,"environment_boot_ms":2,"runtime_init_ms":5,"target":"tachyon_serverless_application::services::invoke"}
{"timestamp":"2026-09-18T04:28:33.213651Z","level":"INFO","message":"terminating bridge","environment_id":"env_01m2scbwc7bt0w021mk9hndnd2","pid":827008,"reason":"Completed","graceful":true,"target":"tachyon_serverless_provider_process"}
{"timestamp":"2026-09-18T04:28:33.217208Z","level":"INFO","message":"asynchronous invocation settled","invocation_id":"inv_01m2scbwc29appbtcjbqfq1t1v","status":"succeeded","target":"tachyon_serverless_application::services::invoke_async::dispatch"}
{"timestamp":"2026-09-18T04:28:33.217905Z","level":"INFO","message":"async dispatch: delivery handled","message_id":"inv_01m2scbwc29appbtcjbqfq1t1v","sequence":1,"delivery_count":1,"outcome":"Completed { status: \"succeeded\" }","target":"tachyon_serverless_application::services::invoke_async::dispatch"}
{"timestamp":"2026-09-18T04:28:33.218926Z","level":"INFO","message":"asynchronous run claimed","invocation_id":"inv_01m2scbx1jzz5y7j0xc9z5dfcz","attempt":1,"generation":0,"delivery_count":1,"target":"tachyon_serverless_application::services::invoke_async::dispatch"}
{"timestamp":"2026-09-18T04:28:33.912058Z","level":"INFO","message":"bridge spawned","environment_id":"env_01m2scbx1ezcdmq8vn0grwhbns","pid":827018,"target":"tachyon_serverless_provider_process"}
{"timestamp":"2026-09-18T04:28:33.937351Z","level":"INFO","message":"bridge spawned","environment_id":"env_01m2scbx2ezsa8tevyd2vqy2e0","pid":827028,"target":"tachyon_serverless_provider_process"}
{"timestamp":"2026-09-18T04:28:33.949505Z","level":"INFO","message":"invocation finished","invocation_id":"inv_01m2scbx0rrbn9fp3why39jw6e","status":"succeeded (async run)","handler_ms":9,"environment_boot_ms":1,"runtime_init_ms":11,"target":"tachyon_serverless_application::services::invoke"}
{"timestamp":"2026-09-18T04:28:33.951457Z","level":"INFO","message":"terminating bridge","environment_id":"env_01m2scbx1ezcdmq8vn0grwhbns","pid":827018,"reason":"Completed","graceful":true,"target":"tachyon_serverless_provider_process"}
{"timestamp":"2026-09-18T04:28:33.954398Z","level":"INFO","message":"invocation finished","invocation_id":"inv_01m2scbx2da6ezey78xc5m0gay","status":"succeeded","handler_ms":0,"environment_boot_ms":1,"runtime_init_ms":13,"target":"tachyon_serverless_application::services::invoke"}
{"timestamp":"2026-09-18T04:28:33.957255Z","level":"INFO","message":"asynchronous invocation settled","invocation_id":"inv_01m2scbx0rrbn9fp3why39jw6e","status":"succeeded","target":"tachyon_serverless_application::services::invoke_async::dispatch"}
{"timestamp":"2026-09-18T04:28:33.957436Z","level":"INFO","message":"terminating bridge","environment_id":"env_01m2scbx2ezsa8tevyd2vqy2e0","pid":827028,"reason":"Completed","graceful":true,"target":"tachyon_serverless_provider_process"}
{"timestamp":"2026-09-18T04:28:33.958148Z","level":"INFO","message":"async dispatch: delivery handled","message_id":"inv_01m2scbx0rrbn9fp3why39jw6e","sequence":2,"delivery_count":1,"outcome":"Completed { status: \"succeeded\" }","target":"tachyon_serverless_application::services::invoke_async::dispatch"}
{"timestamp":"2026-09-18T04:28:33.959081Z","level":"INFO","message":"asynchronous run claimed","invocation_id":"inv_01m2scbx244dtm7j1sk3w3fzvk","attempt":1,"generation":0,"delivery_count":1,"target":"tachyon_serverless_application::services::invoke_async::dispatch"}
{"timestamp":"2026-09-18T04:28:33.983925Z","level":"INFO","message":"asynchronous invocation accepted","invocation_id":"inv_01m2scby9y04sxxam7pa12yynw","tenant_id":"tn_01hzzzzzzzzzzzzzzzzzzzzzza","revision_id":"rev_01m2scbkq7s89p3fyfsesvhet3","input_bytes":47,"input_storage":"inline","target":"tachyon_serverless_application::services::invoke_async"}
{"timestamp":"2026-09-18T04:28:34.008351Z","level":"INFO","message":"asynchronous invocation accepted","invocation_id":"inv_01m2scbyamvwpeh3nkrmcnjpt6","tenant_id":"tn_01hzzzzzzzzzzzzzzzzzzzzzza","revision_id":"rev_01m2scbq6xsfqwkwkv94pdhwej","input_bytes":180,"input_storage":"inline","target":"tachyon_serverless_application::services::invoke_async"}
{"timestamp":"2026-09-18T04:28:34.008391Z","level":"INFO","message":"cron trigger fired","trigger_id":"trg_01m2scbvtgyg25kd3c49ctj9ww","scheduled_at":"2026-09-18T04:28:34Z","invocation_id":"inv_01m2scbyamvwpeh3nkrmcnjpt6","revision_id":"rev_01m2scbq6xsfqwkwkv94pdhwej","replayed":false,"target":"tachyon_serverless_application::services::triggers"}
{"timestamp":"2026-09-18T04:28:34.019260Z","level":"INFO","message":"asynchronous invocation accepted","invocation_id":"inv_01m2scbyazhwtm3wg0r6vrhxk0","tenant_id":"tn_01hzzzzzzzzzzzzzzzzzzzzzza","revision_id":"rev_01m2scbkq7s89p3fyfsesvhet3","input_bytes":4127,"input_storage":"object","target":"tachyon_serverless_application::services::invoke_async"}
{"timestamp":"2026-09-18T04:28:34.035626Z","level":"INFO","message":"asynchronous invocation accepted","invocation_id":"inv_01m2scbybj52ev1m4c5d61f976","tenant_id":"tn_01hzzzzzzzzzzzzzzzzzzzzzza","revision_id":"rev_01m2scbq6xsfqwkwkv94pdhwej","input_bytes":189,"input_storage":"inline","target":"tachyon_serverless_application::services::invoke_async"}
{"timestamp":"2026-09-18T04:28:34.035668Z","level":"INFO","message":"webhook trigger fired","trigger_id":"trg_01m2scbvtnsfm5k2fndqa3egae","event_id":"evt-pre-w2","invocation_id":"inv_01m2scbybj52ev1m4c5d61f976","revision_id":"rev_01m2scbq6xsfqwkwkv94pdhwej","replayed":false,"target":"tachyon_serverless_application::services::triggers"}
{"timestamp":"2026-09-18T04:28:34.045465Z","level":"INFO","message":"trigger updated","trigger_id":"trg_01m2scbvtgyg25kd3c49ctj9ww","generation":2,"status":"disabled","next_fire_at":"None","rotated_secret":false,"target":"tachyon_serverless_application::services::triggers"}
{"timestamp":"2026-09-18T04:28:34.440185Z","level":"INFO","message":"bridge spawned","environment_id":"env_01m2scbxj4dy22mdth66zs5np1","pid":827112,"target":"tachyon_serverless_provider_process"}
{"timestamp":"2026-09-18T04:28:34.472270Z","level":"INFO","message":"invocation finished","invocation_id":"inv_01m2scbx1jzz5y7j0xc9z5dfcz","status":"succeeded (async run)","handler_ms":4,"environment_boot_ms":1,"runtime_init_ms":13,"target":"tachyon_serverless_application::services::invoke"}
{"timestamp":"2026-09-18T04:28:34.477613Z","level":"INFO","message":"terminating bridge","environment_id":"env_01m2scbxj4dy22mdth66zs5np1","pid":827112,"reason":"Completed","graceful":true,"target":"tachyon_serverless_provider_process"}
{"timestamp":"2026-09-18T04:28:34.481939Z","level":"INFO","message":"asynchronous invocation settled","invocation_id":"inv_01m2scbx1jzz5y7j0xc9z5dfcz","status":"succeeded","target":"tachyon_serverless_application::services::invoke_async::dispatch"}
{"timestamp":"2026-09-18T04:28:34.482548Z","level":"INFO","message":"async dispatch: delivery handled","message_id":"inv_01m2scbx1jzz5y7j0xc9z5dfcz","sequence":3,"delivery_count":1,"outcome":"Completed { status: \"succeeded\" }","target":"tachyon_serverless_application::services::invoke_async::dispatch"}
{"timestamp":"2026-09-18T04:28:34.483298Z","level":"INFO","message":"asynchronous run claimed","invocation_id":"inv_01m2scby9y04sxxam7pa12yynw","attempt":1,"generation":0,"delivery_count":1,"target":"tachyon_serverless_application::services::invoke_async::dispatch"}
{"timestamp":"2026-09-18T04:28:35.146432Z","level":"INFO","message":"bridge spawned","environment_id":"env_01m2scby97zymqq4t54bs6n3q2","pid":827125,"target":"tachyon_serverless_provider_process"}
{"timestamp":"2026-09-18T04:28:35.181147Z","level":"INFO","message":"invocation finished","invocation_id":"inv_01m2scbx244dtm7j1sk3w3fzvk","status":"succeeded (async run)","handler_ms":4,"environment_boot_ms":2,"runtime_init_ms":15,"target":"tachyon_serverless_application::services::invoke"}
{"timestamp":"2026-09-18T04:28:35.186339Z","level":"INFO","message":"terminating bridge","environment_id":"env_01m2scby97zymqq4t54bs6n3q2","pid":827125,"reason":"Completed","graceful":true,"target":"tachyon_serverless_provider_process"}
{"timestamp":"2026-09-18T04:28:35.190457Z","level":"INFO","message":"asynchronous invocation settled","invocation_id":"inv_01m2scbx244dtm7j1sk3w3fzvk","status":"succeeded","target":"tachyon_serverless_application::services::invoke_async::dispatch"}
{"timestamp":"2026-09-18T04:28:35.191147Z","level":"INFO","message":"async dispatch: delivery handled","message_id":"inv_01m2scbx244dtm7j1sk3w3fzvk","sequence":4,"delivery_count":1,"outcome":"Completed { status: \"succeeded\" }","target":"tachyon_serverless_application::services::invoke_async::dispatch"}
{"timestamp":"2026-09-18T04:28:35.192072Z","level":"INFO","message":"asynchronous run claimed","invocation_id":"inv_01m2scbyamvwpeh3nkrmcnjpt6","attempt":1,"generation":0,"delivery_count":1,"target":"tachyon_serverless_application::services::invoke_async::dispatch"}
{"timestamp":"2026-09-18T04:28:35.718798Z","level":"INFO","message":"bridge spawned","environment_id":"env_01m2scbyskqdhygjwpbgpmngnc","pid":827141,"target":"tachyon_serverless_provider_process"}
{"timestamp":"2026-09-18T04:28:35.738838Z","level":"INFO","message":"invocation finished","invocation_id":"inv_01m2scby9y04sxxam7pa12yynw","status":"succeeded (async run)","handler_ms":4,"environment_boot_ms":1,"runtime_init_ms":2,"target":"tachyon_serverless_application::services::invoke"}
{"timestamp":"2026-09-18T04:28:35.740675Z","level":"INFO","message":"terminating bridge","environment_id":"env_01m2scbyskqdhygjwpbgpmngnc","pid":827141,"reason":"Completed","graceful":true,"target":"tachyon_serverless_provider_process"}
{"timestamp":"2026-09-18T04:28:35.743553Z","level":"INFO","message":"asynchronous invocation settled","invocation_id":"inv_01m2scby9y04sxxam7pa12yynw","status":"succeeded","target":"tachyon_serverless_application::services::invoke_async::dispatch"}
{"timestamp":"2026-09-18T04:28:35.744294Z","level":"INFO","message":"async dispatch: delivery handled","message_id":"inv_01m2scby9y04sxxam7pa12yynw","sequence":5,"delivery_count":1,"outcome":"Completed { status: \"succeeded\" }","target":"tachyon_serverless_application::services::invoke_async::dispatch"}
{"timestamp":"2026-09-18T04:28:35.744975Z","level":"INFO","message":"asynchronous run claimed","invocation_id":"inv_01m2scbyazhwtm3wg0r6vrhxk0","attempt":1,"generation":0,"delivery_count":1,"target":"tachyon_serverless_application::services::invoke_async::dispatch"}
{"timestamp":"2026-09-18T04:28:36.370527Z","level":"INFO","message":"bridge spawned","environment_id":"env_01m2scbzfrgkh9rjw2w7aefxf3","pid":827163,"target":"tachyon_serverless_provider_process"}
{"timestamp":"2026-09-18T04:28:36.413249Z","level":"INFO","message":"invocation finished","invocation_id":"inv_01m2scbyamvwpeh3nkrmcnjpt6","status":"succeeded (async run)","handler_ms":6,"environment_boot_ms":1,"runtime_init_ms":14,"target":"tachyon_serverless_application::services::invoke"}
{"timestamp":"2026-09-18T04:28:36.418509Z","level":"INFO","message":"terminating bridge","environment_id":"env_01m2scbzfrgkh9rjw2w7aefxf3","pid":827163,"reason":"Completed","graceful":true,"target":"tachyon_serverless_provider_process"}
{"timestamp":"2026-09-18T04:28:36.421471Z","level":"INFO","message":"asynchronous invocation settled","invocation_id":"inv_01m2scbyamvwpeh3nkrmcnjpt6","status":"succeeded","target":"tachyon_serverless_application::services::invoke_async::dispatch"}
{"timestamp":"2026-09-18T04:28:36.422108Z","level":"INFO","message":"async dispatch: delivery handled","message_id":"inv_01m2scbyamvwpeh3nkrmcnjpt6","sequence":6,"delivery_count":1,"outcome":"Completed { status: \"succeeded\" }","target":"tachyon_serverless_application::services::invoke_async::dispatch"}
{"timestamp":"2026-09-18T04:28:36.422787Z","level":"INFO","message":"asynchronous run claimed","invocation_id":"inv_01m2scbybj52ev1m4c5d61f976","attempt":1,"generation":0,"delivery_count":1,"target":"tachyon_serverless_application::services::invoke_async::dispatch"}
{"timestamp":"2026-09-18T04:28:36.983294Z","level":"INFO","message":"bridge spawned","environment_id":"env_01m2scc012va947k49hb51d700","pid":827179,"target":"tachyon_serverless_provider_process"}
{"timestamp":"2026-09-18T04:28:37.018455Z","level":"INFO","message":"invocation finished","invocation_id":"inv_01m2scbyazhwtm3wg0r6vrhxk0","status":"succeeded (async run)","handler_ms":6,"environment_boot_ms":1,"runtime_init_ms":9,"target":"tachyon_serverless_application::services::invoke"}
{"timestamp":"2026-09-18T04:28:37.026010Z","level":"INFO","message":"terminating bridge","environment_id":"env_01m2scc012va947k49hb51d700","pid":827179,"reason":"Completed","graceful":true,"target":"tachyon_serverless_provider_process"}
{"timestamp":"2026-09-18T04:28:37.030253Z","level":"INFO","message":"asynchronous invocation settled","invocation_id":"inv_01m2scbyazhwtm3wg0r6vrhxk0","status":"succeeded","target":"tachyon_serverless_application::services::invoke_async::dispatch"}
{"timestamp":"2026-09-18T04:28:37.031110Z","level":"INFO","message":"async dispatch: delivery handled","message_id":"inv_01m2scbyazhwtm3wg0r6vrhxk0","sequence":7,"delivery_count":1,"outcome":"Completed { status: \"succeeded\" }","target":"tachyon_serverless_application::services::invoke_async::dispatch"}
{"timestamp":"2026-09-18T04:28:37.594217Z","level":"INFO","message":"bridge spawned","environment_id":"env_01m2scc0p6h2s9n3dvgwjy8h4f","pid":827195,"target":"tachyon_serverless_provider_process"}
{"timestamp":"2026-09-18T04:28:37.638120Z","level":"INFO","message":"invocation finished","invocation_id":"inv_01m2scbybj52ev1m4c5d61f976","status":"succeeded (async run)","handler_ms":5,"environment_boot_ms":1,"runtime_init_ms":20,"target":"tachyon_serverless_application::services::invoke"}
{"timestamp":"2026-09-18T04:28:37.640302Z","level":"INFO","message":"terminating bridge","environment_id":"env_01m2scc0p6h2s9n3dvgwjy8h4f","pid":827195,"reason":"Completed","graceful":true,"target":"tachyon_serverless_provider_process"}
{"timestamp":"2026-09-18T04:28:37.643649Z","level":"INFO","message":"asynchronous invocation settled","invocation_id":"inv_01m2scbybj52ev1m4c5d61f976","status":"succeeded","target":"tachyon_serverless_application::services::invoke_async::dispatch"}
{"timestamp":"2026-09-18T04:28:37.645512Z","level":"INFO","message":"async dispatch: delivery handled","message_id":"inv_01m2scbybj52ev1m4c5d61f976","sequence":8,"delivery_count":1,"outcome":"Completed { status: \"succeeded\" }","target":"tachyon_serverless_application::services::invoke_async::dispatch"}
{"timestamp":"2026-09-18T04:28:37.661837Z","level":"INFO","message":"SIGTERM received","target":"tachyon_serverless_gateway"}
{"timestamp":"2026-09-18T04:28:37.661856Z","level":"INFO","message":"shutdown requested; cancelling in-flight invocations","target":"tachyon_serverless_gateway"}
{"timestamp":"2026-09-18T04:28:37.664126Z","level":"INFO","message":"final usage collection","report":"CollectReport { batches: 1, read: 5, inserted: 5, duplicates: 0, cursor_seq: 50 }","target":"tachyon_serverless_gateway"}
{"timestamp":"2026-09-18T04:28:37.666377Z","level":"INFO","message":"gateway stopped","target":"tachyon_serverless_gateway"}
{"timestamp":"2026-09-18T04:28:37.666483Z","level":"INFO","message":"event: closed","target":"async_nats"}

===== a start (failpoints: outbox.after_publish=kill) 04:28:37 =====
{"timestamp":"2026-09-18T04:28:37.773035Z","level":"INFO","message":"configuration loaded","config":"/home/takanorifukuyama.guest/w/tsls-chaos.BCxnOh/gw-a.toml","target":"tachyon_serverless_gateway"}
{"timestamp":"2026-09-18T04:28:37.774959Z","level":"INFO","message":"connected successfully","server":"41611","max_payload":"1048576","target":"async_nats::connector"}
{"timestamp":"2026-09-18T04:28:37.775108Z","level":"INFO","message":"event: connected","target":"async_nats"}
{"timestamp":"2026-09-18T04:28:37.778878Z","level":"INFO","message":"JetStream queue connected and stream bootstrapped","url":"nats://127.0.0.1:41611","stream":"TACHYON_EVENTS","target":"tachyon_serverless_gateway::durable"}
{"timestamp":"2026-09-18T04:28:37.780108Z","level":"INFO","message":"state store opened","path":"/home/takanorifukuyama.guest/w/tsls-chaos.BCxnOh/data/state.db","schema_version":8,"migrations_applied":"[]","imported_state_json":"None","settled_invocations":0,"settled_attempts":0,"settled_environments":0,"released_leases":0,"dropped_idempotency_keys":0,"purged_idempotency_keys":0,"outputs_purged":0,"target":"tachyon_serverless_application::app"}
{"timestamp":"2026-09-18T04:28:37.781433Z","level":"INFO","message":"log store opened","path":"/home/takanorifukuyama.guest/w/tsls-chaos.BCxnOh/data/logs/logs.db","healthy":true,"retention_seconds":604800,"max_total_bytes":1073741824,"target":"tachyon_serverless_application::app"}
{"timestamp":"2026-09-18T04:28:37.782422Z","level":"INFO","message":"dispatcher registered","dispatcher_id":"dsp_01m2scc20nxvwn2pknc4jphwrq","instance":"chaos-a","pid":827216,"lease_ttl_seconds":6,"target":"tachyon_serverless_application::services::dispatcher"}
{"timestamp":"2026-09-18T04:28:37.783063Z","level":"WARN","message":"reclaimed the work of dispatchers that lost their lease","dispatcher_id":"dsp_01m2scc20nxvwn2pknc4jphwrq","reclaimed_dispatchers":"[DispatcherId(dsp_01m2scbh3xts9va68a14q26kx5)]","leases":0,"invocations":0,"attempts":0,"fenced":0,"target":"tachyon_serverless_application::services::dispatcher"}
{"timestamp":"2026-09-18T04:28:37.783840Z","level":"WARN","message":"failpoint armed from TSLS_FAILPOINTS","name":"outbox.after_publish","action":"Kill","count":"None","target":"tachyon_serverless_application::failpoints"}
{"timestamp":"2026-09-18T04:28:37.783884Z","level":"INFO","message":"application bootstrapped","profile":"dev","provider":"process","dev_only":true,"environment_reuse":false,"reuse_verified":false,"reuse_reason":"[pool] enabled is false","reuse_disabled":"Some(Configuration)","idle_quiesce":"unsupported","idle_resume":"unsupported","data_dir":"/home/takanorifukuyama.guest/w/tsls-chaos.BCxnOh/data","store":"sqlite","dispatcher_id":"dsp_01m2scc20nxvwn2pknc4jphwrq","node":"local","node_region":"none","node_memory_mib":"None","max_concurrency":8,"queue":"nats","objects":"filesystem","invoke_async":true,"triggers":true,"target":"tachyon_serverless_application::app"}
{"timestamp":"2026-09-18T04:28:37.784122Z","level":"INFO","message":"startup reconcile finished","provider":"process","found":0,"adopted":0,"terminated":0,"disowned":0,"failed":0,"lost":0,"foreign":0,"reclaimed_dispatchers":0,"fenced_terminated":0,"fenced_pending":0,"target":"tachyon_serverless_application::services::reconcile"}
{"timestamp":"2026-09-18T04:28:37.784198Z","level":"INFO","message":"gateway listening","addr":"127.0.0.1:57663","profile":"dev","provider":"process","target":"tachyon_serverless_gateway"}
{"timestamp":"2026-09-18T04:28:37.785315Z","level":"INFO","message":"asynchronous dispatcher started","workers":2,"owner":"dsp_01m2scc20nxvwn2pknc4jphwrq","target":"tachyon_serverless_gateway"}
{"timestamp":"2026-09-18T04:28:38.097080Z","level":"INFO","message":"asynchronous invocation accepted","invocation_id":"inv_01m2scc2aa0ftvrcch9a695qd9","tenant_id":"tn_01hzzzzzzzzzzzzzzzzzzzzzza","revision_id":"rev_01m2scbkq7s89p3fyfsesvhet3","input_bytes":4163,"input_storage":"object","target":"tachyon_serverless_application::services::invoke_async"}
{"timestamp":"2026-09-18T04:28:38.099244Z","level":"ERROR","message":"failpoint fired: SIGKILL","name":"outbox.after_publish","target":"tachyon_serverless_application::failpoints"}

===== a start (failpoints: none) 04:28:38 =====
{"timestamp":"2026-09-18T04:28:38.168834Z","level":"INFO","message":"configuration loaded","config":"/home/takanorifukuyama.guest/w/tsls-chaos.BCxnOh/gw-a.toml","target":"tachyon_serverless_gateway"}
{"timestamp":"2026-09-18T04:28:38.170834Z","level":"INFO","message":"connected successfully","server":"41611","max_payload":"1048576","target":"async_nats::connector"}
{"timestamp":"2026-09-18T04:28:38.170925Z","level":"INFO","message":"event: connected","target":"async_nats"}
{"timestamp":"2026-09-18T04:28:38.173593Z","level":"INFO","message":"JetStream queue connected and stream bootstrapped","url":"nats://127.0.0.1:41611","stream":"TACHYON_EVENTS","target":"tachyon_serverless_gateway::durable"}
{"timestamp":"2026-09-18T04:28:38.174614Z","level":"INFO","message":"state store opened","path":"/home/takanorifukuyama.guest/w/tsls-chaos.BCxnOh/data/state.db","schema_version":8,"migrations_applied":"[]","imported_state_json":"None","settled_invocations":0,"settled_attempts":0,"settled_environments":0,"released_leases":0,"dropped_idempotency_keys":0,"purged_idempotency_keys":0,"outputs_purged":0,"target":"tachyon_serverless_application::app"}
{"timestamp":"2026-09-18T04:28:38.175781Z","level":"INFO","message":"log store opened","path":"/home/takanorifukuyama.guest/w/tsls-chaos.BCxnOh/data/logs/logs.db","healthy":true,"retention_seconds":604800,"max_total_bytes":1073741824,"target":"tachyon_serverless_application::app"}
{"timestamp":"2026-09-18T04:28:38.176646Z","level":"INFO","message":"dispatcher registered","dispatcher_id":"dsp_01m2scc2cz3t7zzbdkexv6q1p7","instance":"chaos-a","pid":827292,"lease_ttl_seconds":6,"target":"tachyon_serverless_application::services::dispatcher"}
{"timestamp":"2026-09-18T04:28:38.177274Z","level":"WARN","message":"reclaimed the work of dispatchers that lost their lease","dispatcher_id":"dsp_01m2scc2cz3t7zzbdkexv6q1p7","reclaimed_dispatchers":"[DispatcherId(dsp_01m2scc20nxvwn2pknc4jphwrq)]","leases":0,"invocations":0,"attempts":0,"fenced":0,"target":"tachyon_serverless_application::services::dispatcher"}
{"timestamp":"2026-09-18T04:28:38.177999Z","level":"INFO","message":"application bootstrapped","profile":"dev","provider":"process","dev_only":true,"environment_reuse":false,"reuse_verified":false,"reuse_reason":"[pool] enabled is false","reuse_disabled":"Some(Configuration)","idle_quiesce":"unsupported","idle_resume":"unsupported","data_dir":"/home/takanorifukuyama.guest/w/tsls-chaos.BCxnOh/data","store":"sqlite","dispatcher_id":"dsp_01m2scc2cz3t7zzbdkexv6q1p7","node":"local","node_region":"none","node_memory_mib":"None","max_concurrency":8,"queue":"nats","objects":"filesystem","invoke_async":true,"triggers":true,"target":"tachyon_serverless_application::app"}
{"timestamp":"2026-09-18T04:28:38.178259Z","level":"INFO","message":"startup reconcile finished","provider":"process","found":0,"adopted":0,"terminated":0,"disowned":0,"failed":0,"lost":0,"foreign":0,"reclaimed_dispatchers":0,"fenced_terminated":0,"fenced_pending":0,"target":"tachyon_serverless_application::services::reconcile"}
{"timestamp":"2026-09-18T04:28:38.178322Z","level":"INFO","message":"gateway listening","addr":"127.0.0.1:57663","profile":"dev","provider":"process","target":"tachyon_serverless_gateway"}
{"timestamp":"2026-09-18T04:28:38.179350Z","level":"INFO","message":"asynchronous dispatcher started","workers":2,"owner":"dsp_01m2scc2cz3t7zzbdkexv6q1p7","target":"tachyon_serverless_gateway"}
{"timestamp":"2026-09-18T04:28:40.189653Z","level":"INFO","message":"object retention pass","report":"GcReport { examined: 2, collected_expired: 0, collected_orphans: 0, kept_in_use: 0, kept_referenced: 2, incomplete_removed: 0, tombstones_purged: 0, failed: 0 }","target":"tachyon_serverless_gateway"}
{"timestamp":"2026-09-18T04:28:41.180171Z","level":"INFO","message":"outbox: re-published events the broker already had, or whose claim moved on","duplicates":1,"lost_claims":0,"marked":1,"target":"tachyon_serverless_application::services::invoke_async::publisher"}
{"timestamp":"2026-09-18T04:28:42.105585Z","level":"INFO","message":"asynchronous run claimed","invocation_id":"inv_01m2scc2aa0ftvrcch9a695qd9","attempt":1,"generation":0,"delivery_count":2,"target":"tachyon_serverless_application::services::invoke_async::dispatch"}
{"timestamp":"2026-09-18T04:28:42.183724Z","level":"INFO","message":"object retention pass","report":"GcReport { examined: 2, collected_expired: 0, collected_orphans: 0, kept_in_use: 0, kept_referenced: 2, incomplete_removed: 0, tombstones_purged: 0, failed: 0 }","target":"tachyon_serverless_gateway"}
{"timestamp":"2026-09-18T04:28:43.296641Z","level":"INFO","message":"bridge spawned","environment_id":"env_01m2scc680t5je0qendz3sk9vm","pid":827368,"target":"tachyon_serverless_provider_process"}
{"timestamp":"2026-09-18T04:28:43.617757Z","level":"INFO","message":"invocation finished","invocation_id":"inv_01m2scc2aa0ftvrcch9a695qd9","status":"succeeded (async run)","handler_ms":303,"environment_boot_ms":1,"runtime_init_ms":4,"target":"tachyon_serverless_application::services::invoke"}
{"timestamp":"2026-09-18T04:28:43.621399Z","level":"INFO","message":"terminating bridge","environment_id":"env_01m2scc680t5je0qendz3sk9vm","pid":827368,"reason":"Completed","graceful":true,"target":"tachyon_serverless_provider_process"}
{"timestamp":"2026-09-18T04:28:43.631907Z","level":"INFO","message":"asynchronous invocation settled","invocation_id":"inv_01m2scc2aa0ftvrcch9a695qd9","status":"succeeded","target":"tachyon_serverless_application::services::invoke_async::dispatch"}
{"timestamp":"2026-09-18T04:28:43.633970Z","level":"INFO","message":"async dispatch: delivery handled","message_id":"inv_01m2scc2aa0ftvrcch9a695qd9","sequence":9,"delivery_count":2,"outcome":"Completed { status: \"succeeded\" }","target":"tachyon_serverless_application::services::invoke_async::dispatch"}
{"timestamp":"2026-09-18T04:28:44.182384Z","level":"INFO","message":"object retention pass","report":"GcReport { examined: 3, collected_expired: 0, collected_orphans: 0, kept_in_use: 0, kept_referenced: 3, incomplete_removed: 0, tombstones_purged: 0, failed: 0 }","target":"tachyon_serverless_gateway"}
{"timestamp":"2026-09-18T04:28:44.969916Z","level":"INFO","message":"bridge spawned","environment_id":"env_01m2scc7xzb62ts0dde7x01y51","pid":827417,"target":"tachyon_serverless_provider_process"}
{"timestamp":"2026-09-18T04:28:44.992248Z","level":"INFO","message":"invocation finished","invocation_id":"inv_01m2scc7xy17tpt3a78yy9ybd0","status":"succeeded","handler_ms":5,"environment_boot_ms":1,"runtime_init_ms":3,"target":"tachyon_serverless_application::services::invoke"}
{"timestamp":"2026-09-18T04:28:44.994208Z","level":"INFO","message":"terminating bridge","environment_id":"env_01m2scc7xzb62ts0dde7x01y51","pid":827417,"reason":"Completed","graceful":true,"target":"tachyon_serverless_provider_process"}
{"timestamp":"2026-09-18T04:28:45.018265Z","level":"INFO","message":"asynchronous invocation accepted","invocation_id":"inv_01m2scc92s6nvnecavgkaphg6b","tenant_id":"tn_01hzzzzzzzzzzzzzzzzzzzzzza","revision_id":"rev_01m2scbkq7s89p3fyfsesvhet3","input_bytes":48,"input_storage":"inline","target":"tachyon_serverless_application::services::invoke_async"}
{"timestamp":"2026-09-18T04:28:45.021186Z","level":"INFO","message":"asynchronous run claimed","invocation_id":"inv_01m2scc92s6nvnecavgkaphg6b","attempt":1,"generation":0,"delivery_count":1,"target":"tachyon_serverless_application::services::invoke_async::dispatch"}
{"timestamp":"2026-09-18T04:28:45.042672Z","level":"INFO","message":"asynchronous invocation accepted","invocation_id":"inv_01m2scc93fntnvthn7efes2bxf","tenant_id":"tn_01hzzzzzzzzzzzzzzzzzzzzzza","revision_id":"rev_01m2scbkq7s89p3fyfsesvhet3","input_bytes":4128,"input_storage":"object","target":"tachyon_serverless_application::services::invoke_async"}
{"timestamp":"2026-09-18T04:28:45.045419Z","level":"INFO","message":"asynchronous run claimed","invocation_id":"inv_01m2scc93fntnvthn7efes2bxf","attempt":1,"generation":0,"delivery_count":1,"target":"tachyon_serverless_application::services::invoke_async::dispatch"}
{"timestamp":"2026-09-18T04:28:45.060602Z","level":"INFO","message":"asynchronous invocation accepted","invocation_id":"inv_01m2scc943evzb70qm54gt3m8h","tenant_id":"tn_01hzzzzzzzzzzzzzzzzzzzzzza","revision_id":"rev_01m2scbq6xsfqwkwkv94pdhwej","input_bytes":191,"input_storage":"inline","target":"tachyon_serverless_application::services::invoke_async"}
{"timestamp":"2026-09-18T04:28:45.060642Z","level":"INFO","message":"webhook trigger fired","trigger_id":"trg_01m2scbvtnsfm5k2fndqa3egae","event_id":"evt-post-w1","invocation_id":"inv_01m2scc943evzb70qm54gt3m8h","revision_id":"rev_01m2scbq6xsfqwkwkv94pdhwej","replayed":false,"target":"tachyon_serverless_application::services::triggers"}
{"timestamp":"2026-09-18T04:28:45.071271Z","level":"INFO","message":"trigger updated","trigger_id":"trg_01m2scbvtgyg25kd3c49ctj9ww","generation":3,"status":"disabled","next_fire_at":"None","rotated_secret":false,"target":"tachyon_serverless_application::services::triggers"}
{"timestamp":"2026-09-18T04:28:46.182312Z","level":"INFO","message":"object retention pass","report":"GcReport { examined: 3, collected_expired: 0, collected_orphans: 0, kept_in_use: 0, kept_referenced: 3, incomplete_removed: 0, tombstones_purged: 0, failed: 0 }","target":"tachyon_serverless_gateway"}
{"timestamp":"2026-09-18T04:28:46.232822Z","level":"INFO","message":"bridge spawned","environment_id":"env_01m2scc92x44wrdrnpx3ycbd6d","pid":827581,"target":"tachyon_serverless_provider_process"}
{"timestamp":"2026-09-18T04:28:46.256754Z","level":"INFO","message":"bridge spawned","environment_id":"env_01m2scc93q77bz1wm9k91fxm9f","pid":827591,"target":"tachyon_serverless_provider_process"}
{"timestamp":"2026-09-18T04:28:46.262865Z","level":"INFO","message":"invocation finished","invocation_id":"inv_01m2scc92s6nvnecavgkaphg6b","status":"succeeded (async run)","handler_ms":4,"environment_boot_ms":1,"runtime_init_ms":9,"target":"tachyon_serverless_application::services::invoke"}
{"timestamp":"2026-09-18T04:28:46.268409Z","level":"INFO","message":"terminating bridge","environment_id":"env_01m2scc92x44wrdrnpx3ycbd6d","pid":827581,"reason":"Completed","graceful":true,"target":"tachyon_serverless_provider_process"}
{"timestamp":"2026-09-18T04:28:46.292882Z","level":"INFO","message":"invocation finished","invocation_id":"inv_01m2scc93fntnvthn7efes2bxf","status":"succeeded (async run)","handler_ms":11,"environment_boot_ms":1,"runtime_init_ms":9,"target":"tachyon_serverless_application::services::invoke"}
{"timestamp":"2026-09-18T04:28:46.293750Z","level":"INFO","message":"asynchronous invocation settled","invocation_id":"inv_01m2scc92s6nvnecavgkaphg6b","status":"succeeded","target":"tachyon_serverless_application::services::invoke_async::dispatch"}
{"timestamp":"2026-09-18T04:28:46.294590Z","level":"INFO","message":"terminating bridge","environment_id":"env_01m2scc93q77bz1wm9k91fxm9f","pid":827591,"reason":"Completed","graceful":true,"target":"tachyon_serverless_provider_process"}
{"timestamp":"2026-09-18T04:28:46.294586Z","level":"INFO","message":"async dispatch: delivery handled","message_id":"inv_01m2scc92s6nvnecavgkaphg6b","sequence":10,"delivery_count":1,"outcome":"Completed { status: \"succeeded\" }","target":"tachyon_serverless_application::services::invoke_async::dispatch"}
{"timestamp":"2026-09-18T04:28:46.295673Z","level":"INFO","message":"asynchronous run claimed","invocation_id":"inv_01m2scc943evzb70qm54gt3m8h","attempt":1,"generation":0,"delivery_count":1,"target":"tachyon_serverless_application::services::invoke_async::dispatch"}
{"timestamp":"2026-09-18T04:28:46.299907Z","level":"INFO","message":"asynchronous invocation settled","invocation_id":"inv_01m2scc93fntnvthn7efes2bxf","status":"succeeded","target":"tachyon_serverless_application::services::invoke_async::dispatch"}
{"timestamp":"2026-09-18T04:28:46.300562Z","level":"INFO","message":"async dispatch: delivery handled","message_id":"inv_01m2scc93fntnvthn7efes2bxf","sequence":11,"delivery_count":1,"outcome":"Completed { status: \"succeeded\" }","target":"tachyon_serverless_application::services::invoke_async::dispatch"}
{"timestamp":"2026-09-18T04:28:47.442635Z","level":"INFO","message":"bridge spawned","environment_id":"env_01m2sccaaqxpcc50x3c04wpm3m","pid":827641,"target":"tachyon_serverless_provider_process"}
{"timestamp":"2026-09-18T04:28:47.480178Z","level":"INFO","message":"invocation finished","invocation_id":"inv_01m2scc943evzb70qm54gt3m8h","status":"succeeded (async run)","handler_ms":6,"environment_boot_ms":1,"runtime_init_ms":14,"target":"tachyon_serverless_application::services::invoke"}
{"timestamp":"2026-09-18T04:28:47.486602Z","level":"INFO","message":"terminating bridge","environment_id":"env_01m2sccaaqxpcc50x3c04wpm3m","pid":827641,"reason":"Completed","graceful":true,"target":"tachyon_serverless_provider_process"}
{"timestamp":"2026-09-18T04:28:47.509695Z","level":"INFO","message":"asynchronous invocation settled","invocation_id":"inv_01m2scc943evzb70qm54gt3m8h","status":"succeeded","target":"tachyon_serverless_application::services::invoke_async::dispatch"}
{"timestamp":"2026-09-18T04:28:47.510687Z","level":"INFO","message":"async dispatch: delivery handled","message_id":"inv_01m2scc943evzb70qm54gt3m8h","sequence":12,"delivery_count":1,"outcome":"Completed { status: \"succeeded\" }","target":"tachyon_serverless_application::services::invoke_async::dispatch"}
{"timestamp":"2026-09-18T04:28:48.061602Z","level":"INFO","message":"SIGTERM received","target":"tachyon_serverless_gateway"}
{"timestamp":"2026-09-18T04:28:48.061632Z","level":"INFO","message":"shutdown requested; cancelling in-flight invocations","target":"tachyon_serverless_gateway"}
{"timestamp":"2026-09-18T04:28:48.061906Z","level":"INFO","message":"final usage collection","report":"CollectReport { batches: 0, read: 0, inserted: 0, duplicates: 0, cursor_seq: 75 }","target":"tachyon_serverless_gateway"}
{"timestamp":"2026-09-18T04:28:48.064803Z","level":"INFO","message":"gateway stopped","target":"tachyon_serverless_gateway"}
{"timestamp":"2026-09-18T04:28:48.064931Z","level":"INFO","message":"event: closed","target":"async_nats"}
