
===== a start (failpoints: none) 11:18:54 =====
{"timestamp":"2026-09-17T11:18:54.256491Z","level":"INFO","message":"configuration loaded","config":"/private/var/folders/z7/khzdjrt95cg_fcmcnh4j1b5h0000gn/T/tsls-chaos.6QMWog/gw-a.toml","target":"tachyon_serverless_gateway"}
{"timestamp":"2026-09-17T11:18:54.258946Z","level":"INFO","message":"connected successfully","server":"51741","max_payload":"1048576","target":"async_nats::connector"}
{"timestamp":"2026-09-17T11:18:54.259071Z","level":"INFO","message":"event: connected","target":"async_nats"}
{"timestamp":"2026-09-17T11:18:54.272375Z","level":"INFO","message":"JetStream queue connected and stream bootstrapped","url":"nats://127.0.0.1:51741","stream":"TACHYON_EVENTS","target":"tachyon_serverless_gateway::durable"}
{"timestamp":"2026-09-17T11:18:54.282143Z","level":"INFO","message":"state store opened","path":"/private/var/folders/z7/khzdjrt95cg_fcmcnh4j1b5h0000gn/T/tsls-chaos.6QMWog/data/state.db","schema_version":8,"migrations_applied":"[1, 2, 3, 4, 5, 6, 7, 8]","imported_state_json":"None","settled_invocations":0,"settled_attempts":0,"settled_environments":0,"released_leases":0,"dropped_idempotency_keys":0,"purged_idempotency_keys":0,"outputs_purged":0,"target":"tachyon_serverless_application::app"}
{"timestamp":"2026-09-17T11:18:54.282466Z","level":"INFO","message":"dispatcher registered","dispatcher_id":"dsp_01m2qhejjasv8xhc20bcm4a64t","instance":"chaos-a","pid":33892,"lease_ttl_seconds":6,"target":"tachyon_serverless_application::services::dispatcher"}
{"timestamp":"2026-09-17T11:18:54.285850Z","level":"INFO","message":"application bootstrapped","profile":"dev","provider":"process","dev_only":true,"environment_reuse":false,"reuse_verified":false,"reuse_reason":"[pool] enabled is false","reuse_disabled":"Some(Configuration)","idle_quiesce":"unsupported","idle_resume":"unsupported","data_dir":"/private/var/folders/z7/khzdjrt95cg_fcmcnh4j1b5h0000gn/T/tsls-chaos.6QMWog/data","store":"sqlite","dispatcher_id":"dsp_01m2qhejjasv8xhc20bcm4a64t","node":"local","node_region":"none","node_memory_mib":"None","max_concurrency":8,"queue":"nats","objects":"filesystem","invoke_async":true,"triggers":true,"target":"tachyon_serverless_application::app"}
{"timestamp":"2026-09-17T11:18:54.286082Z","level":"INFO","message":"startup reconcile finished","provider":"process","found":0,"adopted":0,"terminated":0,"disowned":0,"failed":0,"lost":0,"foreign":0,"reclaimed_dispatchers":0,"fenced_terminated":0,"fenced_pending":0,"target":"tachyon_serverless_application::services::reconcile"}
{"timestamp":"2026-09-17T11:18:54.286155Z","level":"INFO","message":"gateway listening","addr":"127.0.0.1:51746","profile":"dev","provider":"process","target":"tachyon_serverless_gateway"}
{"timestamp":"2026-09-17T11:18:54.287749Z","level":"INFO","message":"asynchronous dispatcher started","workers":2,"owner":"dsp_01m2qhejjasv8xhc20bcm4a64t","target":"tachyon_serverless_gateway"}
{"timestamp":"2026-09-17T11:18:55.290488Z","level":"INFO","message":"revision ready","revision_id":"rev_01m2qhekahy676mmprsb1y2b5v","function_id":"fn_01m2qhejv1bakdq7a85nzpa979","target":"tachyon_serverless_application::services::revision"}
{"timestamp":"2026-09-17T11:18:56.135189Z","level":"INFO","message":"revision ready","revision_id":"rev_01m2qhem4vrgnzhx1zjrx9qxp6","function_id":"fn_01m2qhekn6rpc4gzsppsbanq6e","target":"tachyon_serverless_application::services::revision"}
{"timestamp":"2026-09-17T11:18:57.041479Z","level":"INFO","message":"revision ready","revision_id":"rev_01m2qhen0hpzbpex390d2a2m1h","function_id":"fn_01m2qhemft6wsbnqb1p0cs03fy","target":"tachyon_serverless_application::services::revision"}
{"timestamp":"2026-09-17T11:18:57.136003Z","level":"INFO","message":"trigger created","trigger_id":"trg_01m2qhenbf3kw9fydfmm22eeb7","function_id":"fn_01m2qhekn6rpc4gzsppsbanq6e","kind":"cron","enabled":true,"next_fire_at":"Some(2026-09-17T11:18:58Z)","target":"tachyon_serverless_application::services::triggers"}
{"timestamp":"2026-09-17T11:18:57.152550Z","level":"INFO","message":"trigger created","trigger_id":"trg_01m2qhenc0vhdk1xre44w1cyaf","function_id":"fn_01m2qhekn6rpc4gzsppsbanq6e","kind":"webhook","enabled":true,"next_fire_at":"None","target":"tachyon_serverless_application::services::triggers"}
{"timestamp":"2026-09-17T11:18:57.429608Z","level":"INFO","message":"bridge spawned","environment_id":"env_01m2qhend2ck0qn9svthyh30mt","pid":34201,"target":"tachyon_serverless_provider_process"}
{"timestamp":"2026-09-17T11:18:57.719472Z","level":"INFO","message":"invocation finished","invocation_id":"inv_01m2qhend14fhtpaqapwewa831","status":"succeeded","handler_ms":0,"environment_boot_ms":6,"runtime_init_ms":281,"target":"tachyon_serverless_application::services::invoke"}
{"timestamp":"2026-09-17T11:18:57.721131Z","level":"INFO","message":"terminating bridge","environment_id":"env_01m2qhend2ck0qn9svthyh30mt","pid":34201,"reason":"Completed","graceful":true,"target":"tachyon_serverless_provider_process"}
{"timestamp":"2026-09-17T11:18:57.793490Z","level":"INFO","message":"asynchronous invocation accepted","invocation_id":"inv_01m2qhep00zkc05qpnktyfpax1","tenant_id":"tn_01hzzzzzzzzzzzzzzzzzzzzzza","revision_id":"rev_01m2qhekahy676mmprsb1y2b5v","input_bytes":47,"input_storage":"inline","target":"tachyon_serverless_application::services::invoke_async"}
{"timestamp":"2026-09-17T11:18:57.804687Z","level":"INFO","message":"asynchronous run claimed","invocation_id":"inv_01m2qhep00zkc05qpnktyfpax1","attempt":1,"generation":0,"delivery_count":1,"target":"tachyon_serverless_application::services::invoke_async::dispatch"}
{"timestamp":"2026-09-17T11:18:57.887571Z","level":"INFO","message":"asynchronous invocation accepted","invocation_id":"inv_01m2qhep2esfp7rntxqvadv3nm","tenant_id":"tn_01hzzzzzzzzzzzzzzzzzzzzzza","revision_id":"rev_01m2qhekahy676mmprsb1y2b5v","input_bytes":4127,"input_storage":"object","target":"tachyon_serverless_application::services::invoke_async"}
{"timestamp":"2026-09-17T11:18:57.892851Z","level":"INFO","message":"asynchronous run claimed","invocation_id":"inv_01m2qhep2esfp7rntxqvadv3nm","attempt":1,"generation":0,"delivery_count":1,"target":"tachyon_serverless_application::services::invoke_async::dispatch"}
{"timestamp":"2026-09-17T11:18:57.937490Z","level":"INFO","message":"asynchronous invocation accepted","invocation_id":"inv_01m2qhep4g1z2e6jepkzjavg6m","tenant_id":"tn_01hzzzzzzzzzzzzzzzzzzzzzza","revision_id":"rev_01m2qhem4vrgnzhx1zjrx9qxp6","input_bytes":189,"input_storage":"inline","target":"tachyon_serverless_application::services::invoke_async"}
{"timestamp":"2026-09-17T11:18:57.937555Z","level":"INFO","message":"webhook trigger fired","trigger_id":"trg_01m2qhenc0vhdk1xre44w1cyaf","event_id":"evt-pre-w1","invocation_id":"inv_01m2qhep4g1z2e6jepkzjavg6m","revision_id":"rev_01m2qhem4vrgnzhx1zjrx9qxp6","replayed":false,"target":"tachyon_serverless_application::services::triggers"}
{"timestamp":"2026-09-17T11:18:58.004202Z","level":"INFO","message":"asynchronous invocation accepted","invocation_id":"inv_01m2qhep6k332h2yz1r166ztx9","tenant_id":"tn_01hzzzzzzzzzzzzzzzzzzzzzza","revision_id":"rev_01m2qhem4vrgnzhx1zjrx9qxp6","input_bytes":180,"input_storage":"inline","target":"tachyon_serverless_application::services::invoke_async"}
{"timestamp":"2026-09-17T11:18:58.004267Z","level":"INFO","message":"cron trigger fired","trigger_id":"trg_01m2qhenbf3kw9fydfmm22eeb7","scheduled_at":"2026-09-17T11:18:58Z","invocation_id":"inv_01m2qhep6k332h2yz1r166ztx9","revision_id":"rev_01m2qhem4vrgnzhx1zjrx9qxp6","replayed":false,"target":"tachyon_serverless_application::services::triggers"}
{"timestamp":"2026-09-17T11:18:58.085617Z","level":"INFO","message":"bridge spawned","environment_id":"env_01m2qhep0dctg3fw8bs370fs2b","pid":34284,"target":"tachyon_serverless_provider_process"}
{"timestamp":"2026-09-17T11:18:58.192028Z","level":"INFO","message":"bridge spawned","environment_id":"env_01m2qhep37m2k0dwy97pwkapn5","pid":34286,"target":"tachyon_serverless_provider_process"}
{"timestamp":"2026-09-17T11:18:58.270379Z","level":"INFO","message":"bridge spawned","environment_id":"env_01m2qhep5nef0c79w692vf89ka","pid":34289,"target":"tachyon_serverless_provider_process"}
{"timestamp":"2026-09-17T11:18:58.437980Z","level":"INFO","message":"invocation finished","invocation_id":"inv_01m2qhep00zkc05qpnktyfpax1","status":"succeeded (async run)","handler_ms":1,"environment_boot_ms":7,"runtime_init_ms":341,"target":"tachyon_serverless_application::services::invoke"}
{"timestamp":"2026-09-17T11:18:58.438979Z","level":"INFO","message":"invocation finished","invocation_id":"inv_01m2qhep2esfp7rntxqvadv3nm","status":"succeeded (async run)","handler_ms":2,"environment_boot_ms":7,"runtime_init_ms":235,"target":"tachyon_serverless_application::services::invoke"}
{"timestamp":"2026-09-17T11:18:58.439483Z","level":"INFO","message":"terminating bridge","environment_id":"env_01m2qhep0dctg3fw8bs370fs2b","pid":34284,"reason":"Completed","graceful":true,"target":"tachyon_serverless_provider_process"}
{"timestamp":"2026-09-17T11:18:58.440624Z","level":"INFO","message":"terminating bridge","environment_id":"env_01m2qhep37m2k0dwy97pwkapn5","pid":34286,"reason":"Completed","graceful":true,"target":"tachyon_serverless_provider_process"}
{"timestamp":"2026-09-17T11:18:58.444241Z","level":"INFO","message":"asynchronous invocation settled","invocation_id":"inv_01m2qhep00zkc05qpnktyfpax1","status":"succeeded","target":"tachyon_serverless_application::services::invoke_async::dispatch"}
{"timestamp":"2026-09-17T11:18:58.449659Z","level":"INFO","message":"async dispatch: delivery handled","message_id":"inv_01m2qhep00zkc05qpnktyfpax1","sequence":1,"delivery_count":1,"outcome":"Completed { status: \"succeeded\" }","target":"tachyon_serverless_application::services::invoke_async::dispatch"}
{"timestamp":"2026-09-17T11:18:58.450357Z","level":"INFO","message":"asynchronous invocation settled","invocation_id":"inv_01m2qhep2esfp7rntxqvadv3nm","status":"succeeded","target":"tachyon_serverless_application::services::invoke_async::dispatch"}
{"timestamp":"2026-09-17T11:18:58.454218Z","level":"INFO","message":"asynchronous run claimed","invocation_id":"inv_01m2qhep4g1z2e6jepkzjavg6m","attempt":1,"generation":0,"delivery_count":1,"target":"tachyon_serverless_application::services::invoke_async::dispatch"}
{"timestamp":"2026-09-17T11:18:58.457482Z","level":"INFO","message":"async dispatch: delivery handled","message_id":"inv_01m2qhep2esfp7rntxqvadv3nm","sequence":2,"delivery_count":1,"outcome":"Completed { status: \"succeeded\" }","target":"tachyon_serverless_application::services::invoke_async::dispatch"}
{"timestamp":"2026-09-17T11:18:58.458128Z","level":"INFO","message":"asynchronous run claimed","invocation_id":"inv_01m2qhep6k332h2yz1r166ztx9","attempt":1,"generation":0,"delivery_count":1,"target":"tachyon_serverless_application::services::invoke_async::dispatch"}
{"timestamp":"2026-09-17T11:18:58.755075Z","level":"INFO","message":"bridge spawned","environment_id":"env_01m2qhepmtjv2tb9bgje5yh2h1","pid":34296,"target":"tachyon_serverless_provider_process"}
{"timestamp":"2026-09-17T11:18:58.755833Z","level":"INFO","message":"bridge spawned","environment_id":"env_01m2qhepmp0tmsz1hbfkpm6a5x","pid":34297,"target":"tachyon_serverless_provider_process"}
{"timestamp":"2026-09-17T11:18:58.773430Z","level":"INFO","message":"invocation finished","invocation_id":"inv_01m2qhep6k332h2yz1r166ztx9","status":"succeeded (async run)","handler_ms":1,"environment_boot_ms":6,"runtime_init_ms":8,"target":"tachyon_serverless_application::services::invoke"}
{"timestamp":"2026-09-17T11:18:58.774229Z","level":"INFO","message":"invocation finished","invocation_id":"inv_01m2qhep4g1z2e6jepkzjavg6m","status":"succeeded (async run)","handler_ms":0,"environment_boot_ms":7,"runtime_init_ms":9,"target":"tachyon_serverless_application::services::invoke"}
{"timestamp":"2026-09-17T11:18:58.775187Z","level":"INFO","message":"terminating bridge","environment_id":"env_01m2qhepmtjv2tb9bgje5yh2h1","pid":34296,"reason":"Completed","graceful":true,"target":"tachyon_serverless_provider_process"}
{"timestamp":"2026-09-17T11:18:58.776282Z","level":"INFO","message":"terminating bridge","environment_id":"env_01m2qhepmp0tmsz1hbfkpm6a5x","pid":34297,"reason":"Completed","graceful":true,"target":"tachyon_serverless_provider_process"}
{"timestamp":"2026-09-17T11:18:58.779657Z","level":"INFO","message":"asynchronous invocation settled","invocation_id":"inv_01m2qhep6k332h2yz1r166ztx9","status":"succeeded","target":"tachyon_serverless_application::services::invoke_async::dispatch"}
{"timestamp":"2026-09-17T11:18:58.785155Z","level":"INFO","message":"async dispatch: delivery handled","message_id":"inv_01m2qhep6k332h2yz1r166ztx9","sequence":4,"delivery_count":1,"outcome":"Completed { status: \"succeeded\" }","target":"tachyon_serverless_application::services::invoke_async::dispatch"}
{"timestamp":"2026-09-17T11:18:58.789261Z","level":"INFO","message":"asynchronous invocation settled","invocation_id":"inv_01m2qhep4g1z2e6jepkzjavg6m","status":"succeeded","target":"tachyon_serverless_application::services::invoke_async::dispatch"}
{"timestamp":"2026-09-17T11:18:58.794129Z","level":"INFO","message":"async dispatch: delivery handled","message_id":"inv_01m2qhep4g1z2e6jepkzjavg6m","sequence":3,"delivery_count":1,"outcome":"Completed { status: \"succeeded\" }","target":"tachyon_serverless_application::services::invoke_async::dispatch"}
{"timestamp":"2026-09-17T11:19:00.004947Z","level":"INFO","message":"asynchronous invocation accepted","invocation_id":"inv_01m2qher53vckx63btjj3rdveh","tenant_id":"tn_01hzzzzzzzzzzzzzzzzzzzzzza","revision_id":"rev_01m2qhem4vrgnzhx1zjrx9qxp6","input_bytes":180,"input_storage":"inline","target":"tachyon_serverless_application::services::invoke_async"}
{"timestamp":"2026-09-17T11:19:00.005031Z","level":"INFO","message":"cron trigger fired","trigger_id":"trg_01m2qhenbf3kw9fydfmm22eeb7","scheduled_at":"2026-09-17T11:19:00Z","invocation_id":"inv_01m2qher53vckx63btjj3rdveh","revision_id":"rev_01m2qhem4vrgnzhx1zjrx9qxp6","replayed":false,"target":"tachyon_serverless_application::services::triggers"}
{"timestamp":"2026-09-17T11:19:00.015328Z","level":"INFO","message":"asynchronous run claimed","invocation_id":"inv_01m2qher53vckx63btjj3rdveh","attempt":1,"generation":0,"delivery_count":1,"target":"tachyon_serverless_application::services::invoke_async::dispatch"}
{"timestamp":"2026-09-17T11:19:00.094806Z","level":"INFO","message":"invocation finished","invocation_id":"inv_01m2qhep5mymbw5tzcv52tens4","status":"failed","handler_ms":1329,"environment_boot_ms":6,"runtime_init_ms":485,"target":"tachyon_serverless_application::services::invoke"}
{"timestamp":"2026-09-17T11:19:00.274721Z","level":"INFO","message":"bridge spawned","environment_id":"env_01m2qher5f86shncdcvt4jfqpd","pid":34366,"target":"tachyon_serverless_provider_process"}
{"timestamp":"2026-09-17T11:19:00.290667Z","level":"INFO","message":"invocation finished","invocation_id":"inv_01m2qher53vckx63btjj3rdveh","status":"succeeded (async run)","handler_ms":1,"environment_boot_ms":6,"runtime_init_ms":7,"target":"tachyon_serverless_application::services::invoke"}
{"timestamp":"2026-09-17T11:19:00.292239Z","level":"INFO","message":"terminating bridge","environment_id":"env_01m2qher5f86shncdcvt4jfqpd","pid":34366,"reason":"Completed","graceful":true,"target":"tachyon_serverless_provider_process"}
{"timestamp":"2026-09-17T11:19:00.296485Z","level":"INFO","message":"asynchronous invocation settled","invocation_id":"inv_01m2qher53vckx63btjj3rdveh","status":"succeeded","target":"tachyon_serverless_application::services::invoke_async::dispatch"}
{"timestamp":"2026-09-17T11:19:00.302705Z","level":"INFO","message":"async dispatch: delivery handled","message_id":"inv_01m2qher53vckx63btjj3rdveh","sequence":5,"delivery_count":1,"outcome":"Completed { status: \"succeeded\" }","target":"tachyon_serverless_application::services::invoke_async::dispatch"}
{"timestamp":"2026-09-17T11:19:00.758632Z","level":"INFO","message":"bridge spawned","environment_id":"env_01m2qhermpj53j0g7vng6dz5dq","pid":34397,"target":"tachyon_serverless_provider_process"}
{"timestamp":"2026-09-17T11:19:00.976235Z","level":"INFO","message":"invocation finished","invocation_id":"inv_01m2qhermpn1y5570vvq78j2g5","status":"succeeded","handler_ms":201,"environment_boot_ms":6,"runtime_init_ms":7,"target":"tachyon_serverless_application::services::invoke"}
{"timestamp":"2026-09-17T11:19:00.977967Z","level":"INFO","message":"terminating bridge","environment_id":"env_01m2qhermpj53j0g7vng6dz5dq","pid":34397,"reason":"Completed","graceful":true,"target":"tachyon_serverless_provider_process"}
{"timestamp":"2026-09-17T11:19:01.011357Z","level":"INFO","message":"trigger updated","trigger_id":"trg_01m2qhenbf3kw9fydfmm22eeb7","generation":2,"status":"disabled","next_fire_at":"None","rotated_secret":false,"target":"tachyon_serverless_application::services::triggers"}
{"timestamp":"2026-09-17T11:19:02.146860Z","level":"INFO","message":"SIGTERM received","target":"tachyon_serverless_gateway"}
{"timestamp":"2026-09-17T11:19:02.146900Z","level":"INFO","message":"shutdown requested; cancelling in-flight invocations","target":"tachyon_serverless_gateway"}
{"timestamp":"2026-09-17T11:19:02.147232Z","level":"INFO","message":"final usage collection","report":"CollectReport { batches: 0, read: 0, inserted: 0, duplicates: 0, cursor_seq: 40 }","target":"tachyon_serverless_gateway"}
{"timestamp":"2026-09-17T11:19:02.148352Z","level":"INFO","message":"gateway stopped","target":"tachyon_serverless_gateway"}
{"timestamp":"2026-09-17T11:19:02.148589Z","level":"INFO","message":"event: closed","target":"async_nats"}
