
===== a start (failpoints: none) 11:32:39 =====
{"timestamp":"2026-09-17T11:32:39.165376Z","level":"INFO","message":"configuration loaded","config":"/private/var/folders/z7/khzdjrt95cg_fcmcnh4j1b5h0000gn/T/tsls-chaos.xYGiYo/gw-a.toml","target":"tachyon_serverless_gateway"}
{"timestamp":"2026-09-17T11:32:39.168471Z","level":"INFO","message":"connected successfully","server":"54679","max_payload":"1048576","target":"async_nats::connector"}
{"timestamp":"2026-09-17T11:32:39.168702Z","level":"INFO","message":"event: connected","target":"async_nats"}
{"timestamp":"2026-09-17T11:32:39.197053Z","level":"INFO","message":"JetStream queue connected and stream bootstrapped","url":"nats://127.0.0.1:54679","stream":"TACHYON_EVENTS","target":"tachyon_serverless_gateway::durable"}
{"timestamp":"2026-09-17T11:32:39.212665Z","level":"INFO","message":"state store opened","path":"/private/var/folders/z7/khzdjrt95cg_fcmcnh4j1b5h0000gn/T/tsls-chaos.xYGiYo/data/state.db","schema_version":8,"migrations_applied":"[1, 2, 3, 4, 5, 6, 7, 8]","imported_state_json":"None","settled_invocations":0,"settled_attempts":0,"settled_environments":0,"released_leases":0,"dropped_idempotency_keys":0,"purged_idempotency_keys":0,"outputs_purged":0,"target":"tachyon_serverless_application::app"}
{"timestamp":"2026-09-17T11:32:39.213230Z","level":"INFO","message":"dispatcher registered","dispatcher_id":"dsp_01m2qj7r5cyn7599c9gc4q210k","instance":"chaos-a","pid":53803,"lease_ttl_seconds":6,"target":"tachyon_serverless_application::services::dispatcher"}
{"timestamp":"2026-09-17T11:32:39.219182Z","level":"INFO","message":"application bootstrapped","profile":"dev","provider":"process","dev_only":true,"environment_reuse":false,"reuse_verified":false,"reuse_reason":"[pool] enabled is false","reuse_disabled":"Some(Configuration)","idle_quiesce":"unsupported","idle_resume":"unsupported","data_dir":"/private/var/folders/z7/khzdjrt95cg_fcmcnh4j1b5h0000gn/T/tsls-chaos.xYGiYo/data","store":"sqlite","dispatcher_id":"dsp_01m2qj7r5cyn7599c9gc4q210k","node":"local","node_region":"none","node_memory_mib":"None","max_concurrency":8,"queue":"nats","objects":"filesystem","invoke_async":true,"triggers":true,"target":"tachyon_serverless_application::app"}
{"timestamp":"2026-09-17T11:32:39.219612Z","level":"INFO","message":"startup reconcile finished","provider":"process","found":0,"adopted":0,"terminated":0,"disowned":0,"failed":0,"lost":0,"foreign":0,"reclaimed_dispatchers":0,"fenced_terminated":0,"fenced_pending":0,"target":"tachyon_serverless_application::services::reconcile"}
{"timestamp":"2026-09-17T11:32:39.219753Z","level":"INFO","message":"gateway listening","addr":"127.0.0.1:54683","profile":"dev","provider":"process","target":"tachyon_serverless_gateway"}
{"timestamp":"2026-09-17T11:32:39.222246Z","level":"INFO","message":"asynchronous dispatcher started","workers":2,"owner":"dsp_01m2qj7r5cyn7599c9gc4q210k","target":"tachyon_serverless_gateway"}
{"timestamp":"2026-09-17T11:32:40.707390Z","level":"INFO","message":"revision ready","revision_id":"rev_01m2qj7s8kxb80gk3gb6392mkd","function_id":"fn_01m2qj7rf17bmykpqz50d0k063","target":"tachyon_serverless_application::services::revision"}
{"timestamp":"2026-09-17T11:32:41.856757Z","level":"INFO","message":"revision ready","revision_id":"rev_01m2qj7te6sv07pm4sxyt1kfck","function_id":"fn_01m2qj7sq1hntt31b45zz98gew","target":"tachyon_serverless_application::services::revision"}
{"timestamp":"2026-09-17T11:32:43.150912Z","level":"INFO","message":"revision ready","revision_id":"rev_01m2qj7vn6s770qyks7fc1vyf7","function_id":"fn_01m2qj7ttz0zad8cmt0y35hce9","target":"tachyon_serverless_application::services::revision"}
{"timestamp":"2026-09-17T11:32:43.261882Z","level":"INFO","message":"trigger created","trigger_id":"trg_01m2qj7w3x800nge3dh2jynzs9","function_id":"fn_01m2qj7sq1hntt31b45zz98gew","kind":"cron","enabled":true,"next_fire_at":"Some(2026-09-17T11:32:44Z)","target":"tachyon_serverless_application::services::triggers"}
{"timestamp":"2026-09-17T11:32:43.294538Z","level":"INFO","message":"trigger created","trigger_id":"trg_01m2qj7w4xfcxp95pgmnvhmtbw","function_id":"fn_01m2qj7sq1hntt31b45zz98gew","kind":"webhook","enabled":true,"next_fire_at":"None","target":"tachyon_serverless_application::services::triggers"}
{"timestamp":"2026-09-17T11:32:43.743086Z","level":"INFO","message":"bridge spawned","environment_id":"env_01m2qj7w79hdpwdq1sd784qc16","pid":54128,"target":"tachyon_serverless_provider_process"}
{"timestamp":"2026-09-17T11:32:44.007375Z","level":"INFO","message":"asynchronous invocation accepted","invocation_id":"inv_01m2qj7wv5jkvf3g784vwzbyh9","tenant_id":"tn_01hzzzzzzzzzzzzzzzzzzzzzza","revision_id":"rev_01m2qj7te6sv07pm4sxyt1kfck","input_bytes":180,"input_storage":"inline","target":"tachyon_serverless_application::services::invoke_async"}
{"timestamp":"2026-09-17T11:32:44.007520Z","level":"INFO","message":"cron trigger fired","trigger_id":"trg_01m2qj7w3x800nge3dh2jynzs9","scheduled_at":"2026-09-17T11:32:44Z","invocation_id":"inv_01m2qj7wv5jkvf3g784vwzbyh9","revision_id":"rev_01m2qj7te6sv07pm4sxyt1kfck","replayed":false,"target":"tachyon_serverless_application::services::triggers"}
{"timestamp":"2026-09-17T11:32:44.032350Z","level":"INFO","message":"asynchronous run claimed","invocation_id":"inv_01m2qj7wv5jkvf3g784vwzbyh9","attempt":1,"generation":0,"delivery_count":1,"target":"tachyon_serverless_application::services::invoke_async::dispatch"}
{"timestamp":"2026-09-17T11:32:44.137003Z","level":"INFO","message":"invocation finished","invocation_id":"inv_01m2qj7w782sfm25j2swvq1w9z","status":"succeeded","handler_ms":2,"environment_boot_ms":15,"runtime_init_ms":376,"target":"tachyon_serverless_application::services::invoke"}
{"timestamp":"2026-09-17T11:32:44.139238Z","level":"INFO","message":"terminating bridge","environment_id":"env_01m2qj7w79hdpwdq1sd784qc16","pid":54128,"reason":"Completed","graceful":true,"target":"tachyon_serverless_provider_process"}
{"timestamp":"2026-09-17T11:32:44.339024Z","level":"INFO","message":"asynchronous invocation accepted","invocation_id":"inv_01m2qj7x5ggfb4kbqdv4m38cm7","tenant_id":"tn_01hzzzzzzzzzzzzzzzzzzzzzza","revision_id":"rev_01m2qj7s8kxb80gk3gb6392mkd","input_bytes":47,"input_storage":"inline","target":"tachyon_serverless_application::services::invoke_async"}
{"timestamp":"2026-09-17T11:32:44.357753Z","level":"INFO","message":"asynchronous run claimed","invocation_id":"inv_01m2qj7x5ggfb4kbqdv4m38cm7","attempt":1,"generation":0,"delivery_count":1,"target":"tachyon_serverless_application::services::invoke_async::dispatch"}
{"timestamp":"2026-09-17T11:32:44.439656Z","level":"INFO","message":"bridge spawned","environment_id":"env_01m2qj7ww1qh8q6m87t2a33mxz","pid":54162,"target":"tachyon_serverless_provider_process"}
{"timestamp":"2026-09-17T11:32:44.478783Z","level":"INFO","message":"invocation finished","invocation_id":"inv_01m2qj7wv5jkvf3g784vwzbyh9","status":"succeeded (async run)","handler_ms":2,"environment_boot_ms":12,"runtime_init_ms":23,"target":"tachyon_serverless_application::services::invoke"}
{"timestamp":"2026-09-17T11:32:44.481230Z","level":"INFO","message":"terminating bridge","environment_id":"env_01m2qj7ww1qh8q6m87t2a33mxz","pid":54162,"reason":"Completed","graceful":true,"target":"tachyon_serverless_provider_process"}
{"timestamp":"2026-09-17T11:32:44.490372Z","level":"INFO","message":"asynchronous invocation settled","invocation_id":"inv_01m2qj7wv5jkvf3g784vwzbyh9","status":"succeeded","target":"tachyon_serverless_application::services::invoke_async::dispatch"}
{"timestamp":"2026-09-17T11:32:44.499681Z","level":"INFO","message":"async dispatch: delivery handled","message_id":"inv_01m2qj7wv5jkvf3g784vwzbyh9","sequence":1,"delivery_count":1,"outcome":"Completed { status: \"succeeded\" }","target":"tachyon_serverless_application::services::invoke_async::dispatch"}
{"timestamp":"2026-09-17T11:32:44.576292Z","level":"INFO","message":"asynchronous invocation accepted","invocation_id":"inv_01m2qj7xcagjgr07j0t0dpastz","tenant_id":"tn_01hzzzzzzzzzzzzzzzzzzzzzza","revision_id":"rev_01m2qj7s8kxb80gk3gb6392mkd","input_bytes":4127,"input_storage":"object","target":"tachyon_serverless_application::services::invoke_async"}
{"timestamp":"2026-09-17T11:32:44.584485Z","level":"INFO","message":"asynchronous run claimed","invocation_id":"inv_01m2qj7xcagjgr07j0t0dpastz","attempt":1,"generation":0,"delivery_count":1,"target":"tachyon_serverless_application::services::invoke_async::dispatch"}
{"timestamp":"2026-09-17T11:32:44.694085Z","level":"INFO","message":"asynchronous invocation accepted","invocation_id":"inv_01m2qj7xgknxtjs57asswsh3x3","tenant_id":"tn_01hzzzzzzzzzzzzzzzzzzzzzza","revision_id":"rev_01m2qj7te6sv07pm4sxyt1kfck","input_bytes":189,"input_storage":"inline","target":"tachyon_serverless_application::services::invoke_async"}
{"timestamp":"2026-09-17T11:32:44.694208Z","level":"INFO","message":"webhook trigger fired","trigger_id":"trg_01m2qj7w4xfcxp95pgmnvhmtbw","event_id":"evt-pre-w1","invocation_id":"inv_01m2qj7xgknxtjs57asswsh3x3","revision_id":"rev_01m2qj7te6sv07pm4sxyt1kfck","replayed":false,"target":"tachyon_serverless_application::services::triggers"}
{"timestamp":"2026-09-17T11:32:44.748873Z","level":"INFO","message":"bridge spawned","environment_id":"env_01m2qj7x66yqxj1vbbktczg0yc","pid":54205,"target":"tachyon_serverless_provider_process"}
{"timestamp":"2026-09-17T11:32:45.001806Z","level":"INFO","message":"bridge spawned","environment_id":"env_01m2qj7xddt0x3fmt8zkbcqzy5","pid":54207,"target":"tachyon_serverless_provider_process"}
{"timestamp":"2026-09-17T11:32:45.142340Z","level":"INFO","message":"invocation finished","invocation_id":"inv_01m2qj7x5ggfb4kbqdv4m38cm7","status":"succeeded (async run)","handler_ms":3,"environment_boot_ms":11,"runtime_init_ms":377,"target":"tachyon_serverless_application::services::invoke"}
{"timestamp":"2026-09-17T11:32:45.144430Z","level":"INFO","message":"invocation finished","invocation_id":"inv_01m2qj7xcagjgr07j0t0dpastz","status":"succeeded (async run)","handler_ms":3,"environment_boot_ms":13,"runtime_init_ms":131,"target":"tachyon_serverless_application::services::invoke"}
{"timestamp":"2026-09-17T11:32:45.145298Z","level":"INFO","message":"terminating bridge","environment_id":"env_01m2qj7x66yqxj1vbbktczg0yc","pid":54205,"reason":"Completed","graceful":true,"target":"tachyon_serverless_provider_process"}
{"timestamp":"2026-09-17T11:32:45.146886Z","level":"INFO","message":"terminating bridge","environment_id":"env_01m2qj7xddt0x3fmt8zkbcqzy5","pid":54207,"reason":"Completed","graceful":true,"target":"tachyon_serverless_provider_process"}
{"timestamp":"2026-09-17T11:32:45.153474Z","level":"INFO","message":"asynchronous invocation settled","invocation_id":"inv_01m2qj7x5ggfb4kbqdv4m38cm7","status":"succeeded","target":"tachyon_serverless_application::services::invoke_async::dispatch"}
{"timestamp":"2026-09-17T11:32:45.166003Z","level":"INFO","message":"async dispatch: delivery handled","message_id":"inv_01m2qj7x5ggfb4kbqdv4m38cm7","sequence":2,"delivery_count":1,"outcome":"Completed { status: \"succeeded\" }","target":"tachyon_serverless_application::services::invoke_async::dispatch"}
{"timestamp":"2026-09-17T11:32:45.166361Z","level":"INFO","message":"bridge spawned","environment_id":"env_01m2qj7xjya4bk8q6kcgv0nc71","pid":54212,"target":"tachyon_serverless_provider_process"}
{"timestamp":"2026-09-17T11:32:45.170731Z","level":"INFO","message":"asynchronous invocation settled","invocation_id":"inv_01m2qj7xcagjgr07j0t0dpastz","status":"succeeded","target":"tachyon_serverless_application::services::invoke_async::dispatch"}
{"timestamp":"2026-09-17T11:32:45.172009Z","level":"INFO","message":"asynchronous run claimed","invocation_id":"inv_01m2qj7xgknxtjs57asswsh3x3","attempt":1,"generation":0,"delivery_count":1,"target":"tachyon_serverless_application::services::invoke_async::dispatch"}
{"timestamp":"2026-09-17T11:32:45.177468Z","level":"INFO","message":"async dispatch: delivery handled","message_id":"inv_01m2qj7xcagjgr07j0t0dpastz","sequence":3,"delivery_count":1,"outcome":"Completed { status: \"succeeded\" }","target":"tachyon_serverless_application::services::invoke_async::dispatch"}
{"timestamp":"2026-09-17T11:32:45.202462Z","level":"INFO","message":"invocation finished","invocation_id":"inv_01m2qj7xjx806xbd8z5grcm22v","status":"succeeded","handler_ms":2,"environment_boot_ms":14,"runtime_init_ms":24,"target":"tachyon_serverless_application::services::invoke"}
{"timestamp":"2026-09-17T11:32:45.204726Z","level":"INFO","message":"terminating bridge","environment_id":"env_01m2qj7xjya4bk8q6kcgv0nc71","pid":54212,"reason":"Completed","graceful":true,"target":"tachyon_serverless_provider_process"}
{"timestamp":"2026-09-17T11:32:45.394052Z","level":"INFO","message":"asynchronous invocation accepted","invocation_id":"inv_01m2qj7y6g73gnr0k8263h48nq","tenant_id":"tn_01hzzzzzzzzzzzzzzzzzzzzzza","revision_id":"rev_01m2qj7s8kxb80gk3gb6392mkd","input_bytes":47,"input_storage":"inline","target":"tachyon_serverless_application::services::invoke_async"}
{"timestamp":"2026-09-17T11:32:45.404308Z","level":"INFO","message":"asynchronous run claimed","invocation_id":"inv_01m2qj7y6g73gnr0k8263h48nq","attempt":1,"generation":0,"delivery_count":1,"target":"tachyon_serverless_application::services::invoke_async::dispatch"}
{"timestamp":"2026-09-17T11:32:45.560093Z","level":"INFO","message":"bridge spawned","environment_id":"env_01m2qj7xztcgfby9m64ghw23xg","pid":54249,"target":"tachyon_serverless_provider_process"}
{"timestamp":"2026-09-17T11:32:45.593667Z","level":"INFO","message":"invocation finished","invocation_id":"inv_01m2qj7xgknxtjs57asswsh3x3","status":"succeeded (async run)","handler_ms":2,"environment_boot_ms":13,"runtime_init_ms":16,"target":"tachyon_serverless_application::services::invoke"}
{"timestamp":"2026-09-17T11:32:45.597183Z","level":"INFO","message":"terminating bridge","environment_id":"env_01m2qj7xztcgfby9m64ghw23xg","pid":54249,"reason":"Completed","graceful":true,"target":"tachyon_serverless_provider_process"}
{"timestamp":"2026-09-17T11:32:45.615041Z","level":"INFO","message":"asynchronous invocation accepted","invocation_id":"inv_01m2qj7ycmcbddvepp0vptp5wg","tenant_id":"tn_01hzzzzzzzzzzzzzzzzzzzzzza","revision_id":"rev_01m2qj7s8kxb80gk3gb6392mkd","input_bytes":4127,"input_storage":"object","target":"tachyon_serverless_application::services::invoke_async"}
{"timestamp":"2026-09-17T11:32:45.618545Z","level":"INFO","message":"asynchronous invocation settled","invocation_id":"inv_01m2qj7xgknxtjs57asswsh3x3","status":"succeeded","target":"tachyon_serverless_application::services::invoke_async::dispatch"}
{"timestamp":"2026-09-17T11:32:45.629283Z","level":"INFO","message":"async dispatch: delivery handled","message_id":"inv_01m2qj7xgknxtjs57asswsh3x3","sequence":4,"delivery_count":1,"outcome":"Completed { status: \"succeeded\" }","target":"tachyon_serverless_application::services::invoke_async::dispatch"}
{"timestamp":"2026-09-17T11:32:45.635407Z","level":"INFO","message":"asynchronous run claimed","invocation_id":"inv_01m2qj7ycmcbddvepp0vptp5wg","attempt":1,"generation":0,"delivery_count":1,"target":"tachyon_serverless_application::services::invoke_async::dispatch"}
{"timestamp":"2026-09-17T11:32:45.737985Z","level":"INFO","message":"asynchronous invocation accepted","invocation_id":"inv_01m2qj7yh7wknyq8v6jejcdse6","tenant_id":"tn_01hzzzzzzzzzzzzzzzzzzzzzza","revision_id":"rev_01m2qj7te6sv07pm4sxyt1kfck","input_bytes":189,"input_storage":"inline","target":"tachyon_serverless_application::services::invoke_async"}
{"timestamp":"2026-09-17T11:32:45.738149Z","level":"INFO","message":"webhook trigger fired","trigger_id":"trg_01m2qj7w4xfcxp95pgmnvhmtbw","event_id":"evt-pre-w2","invocation_id":"inv_01m2qj7yh7wknyq8v6jejcdse6","revision_id":"rev_01m2qj7te6sv07pm4sxyt1kfck","replayed":false,"target":"tachyon_serverless_application::services::triggers"}
{"timestamp":"2026-09-17T11:32:45.795510Z","level":"INFO","message":"bridge spawned","environment_id":"env_01m2qj7y6xbzef8q6xdkcqd70k","pid":54289,"target":"tachyon_serverless_provider_process"}
{"timestamp":"2026-09-17T11:32:45.822419Z","level":"INFO","message":"trigger updated","trigger_id":"trg_01m2qj7w3x800nge3dh2jynzs9","generation":2,"status":"disabled","next_fire_at":"None","rotated_secret":false,"target":"tachyon_serverless_application::services::triggers"}
{"timestamp":"2026-09-17T11:32:45.832286Z","level":"INFO","message":"invocation finished","invocation_id":"inv_01m2qj7y6g73gnr0k8263h48nq","status":"succeeded (async run)","handler_ms":3,"environment_boot_ms":12,"runtime_init_ms":17,"target":"tachyon_serverless_application::services::invoke"}
{"timestamp":"2026-09-17T11:32:45.834477Z","level":"INFO","message":"terminating bridge","environment_id":"env_01m2qj7y6xbzef8q6xdkcqd70k","pid":54289,"reason":"Completed","graceful":true,"target":"tachyon_serverless_provider_process"}
{"timestamp":"2026-09-17T11:32:45.843964Z","level":"INFO","message":"asynchronous invocation settled","invocation_id":"inv_01m2qj7y6g73gnr0k8263h48nq","status":"succeeded","target":"tachyon_serverless_application::services::invoke_async::dispatch"}
{"timestamp":"2026-09-17T11:32:45.854547Z","level":"INFO","message":"async dispatch: delivery handled","message_id":"inv_01m2qj7y6g73gnr0k8263h48nq","sequence":5,"delivery_count":1,"outcome":"Completed { status: \"succeeded\" }","target":"tachyon_serverless_application::services::invoke_async::dispatch"}
{"timestamp":"2026-09-17T11:32:45.861927Z","level":"INFO","message":"asynchronous run claimed","invocation_id":"inv_01m2qj7yh7wknyq8v6jejcdse6","attempt":1,"generation":0,"delivery_count":1,"target":"tachyon_serverless_application::services::invoke_async::dispatch"}
{"timestamp":"2026-09-17T11:32:46.029370Z","level":"INFO","message":"bridge spawned","environment_id":"env_01m2qj7ye823wz86cfbvsd30yr","pid":54293,"target":"tachyon_serverless_provider_process"}
{"timestamp":"2026-09-17T11:32:46.073062Z","level":"INFO","message":"invocation finished","invocation_id":"inv_01m2qj7ycmcbddvepp0vptp5wg","status":"succeeded (async run)","handler_ms":6,"environment_boot_ms":16,"runtime_init_ms":20,"target":"tachyon_serverless_application::services::invoke"}
{"timestamp":"2026-09-17T11:32:46.075234Z","level":"INFO","message":"terminating bridge","environment_id":"env_01m2qj7ye823wz86cfbvsd30yr","pid":54293,"reason":"Completed","graceful":true,"target":"tachyon_serverless_provider_process"}
{"timestamp":"2026-09-17T11:32:46.088133Z","level":"INFO","message":"asynchronous invocation settled","invocation_id":"inv_01m2qj7ycmcbddvepp0vptp5wg","status":"succeeded","target":"tachyon_serverless_application::services::invoke_async::dispatch"}
{"timestamp":"2026-09-17T11:32:46.098707Z","level":"INFO","message":"async dispatch: delivery handled","message_id":"inv_01m2qj7ycmcbddvepp0vptp5wg","sequence":6,"delivery_count":1,"outcome":"Completed { status: \"succeeded\" }","target":"tachyon_serverless_application::services::invoke_async::dispatch"}
{"timestamp":"2026-09-17T11:32:46.235802Z","level":"INFO","message":"bridge spawned","environment_id":"env_01m2qj7yn79f8rxy65b79vdwby","pid":54296,"target":"tachyon_serverless_provider_process"}
{"timestamp":"2026-09-17T11:32:46.263119Z","level":"INFO","message":"invocation finished","invocation_id":"inv_01m2qj7yh7wknyq8v6jejcdse6","status":"succeeded (async run)","handler_ms":1,"environment_boot_ms":10,"runtime_init_ms":14,"target":"tachyon_serverless_application::services::invoke"}
{"timestamp":"2026-09-17T11:32:46.265216Z","level":"INFO","message":"terminating bridge","environment_id":"env_01m2qj7yn79f8rxy65b79vdwby","pid":54296,"reason":"Completed","graceful":true,"target":"tachyon_serverless_provider_process"}
{"timestamp":"2026-09-17T11:32:46.272240Z","level":"INFO","message":"asynchronous invocation settled","invocation_id":"inv_01m2qj7yh7wknyq8v6jejcdse6","status":"succeeded","target":"tachyon_serverless_application::services::invoke_async::dispatch"}
{"timestamp":"2026-09-17T11:32:46.287580Z","level":"INFO","message":"async dispatch: delivery handled","message_id":"inv_01m2qj7yh7wknyq8v6jejcdse6","sequence":7,"delivery_count":1,"outcome":"Completed { status: \"succeeded\" }","target":"tachyon_serverless_application::services::invoke_async::dispatch"}
{"timestamp":"2026-09-17T11:32:46.924517Z","level":"INFO","message":"SIGTERM received","target":"tachyon_serverless_gateway"}
{"timestamp":"2026-09-17T11:32:46.924754Z","level":"INFO","message":"shutdown requested; cancelling in-flight invocations","target":"tachyon_serverless_gateway"}
{"timestamp":"2026-09-17T11:32:46.925455Z","level":"INFO","message":"final usage collection","report":"CollectReport { batches: 0, read: 0, inserted: 0, duplicates: 0, cursor_seq: 45 }","target":"tachyon_serverless_gateway"}
{"timestamp":"2026-09-17T11:32:46.927829Z","level":"INFO","message":"gateway stopped","target":"tachyon_serverless_gateway"}
{"timestamp":"2026-09-17T11:32:46.928237Z","level":"INFO","message":"event: closed","target":"async_nats"}

===== a start (failpoints: dispatch.after_commit=kill) 11:32:47 =====
{"timestamp":"2026-09-17T11:32:47.088361Z","level":"INFO","message":"configuration loaded","config":"/private/var/folders/z7/khzdjrt95cg_fcmcnh4j1b5h0000gn/T/tsls-chaos.xYGiYo/gw-a.toml","target":"tachyon_serverless_gateway"}
{"timestamp":"2026-09-17T11:32:47.091172Z","level":"INFO","message":"connected successfully","server":"54679","max_payload":"1048576","target":"async_nats::connector"}
{"timestamp":"2026-09-17T11:32:47.091416Z","level":"INFO","message":"event: connected","target":"async_nats"}
{"timestamp":"2026-09-17T11:32:47.119099Z","level":"INFO","message":"JetStream queue connected and stream bootstrapped","url":"nats://127.0.0.1:54679","stream":"TACHYON_EVENTS","target":"tachyon_serverless_gateway::durable"}
{"timestamp":"2026-09-17T11:32:47.121806Z","level":"INFO","message":"state store opened","path":"/private/var/folders/z7/khzdjrt95cg_fcmcnh4j1b5h0000gn/T/tsls-chaos.xYGiYo/data/state.db","schema_version":8,"migrations_applied":"[]","imported_state_json":"None","settled_invocations":0,"settled_attempts":0,"settled_environments":0,"released_leases":0,"dropped_idempotency_keys":0,"purged_idempotency_keys":0,"outputs_purged":0,"target":"tachyon_serverless_application::app"}
{"timestamp":"2026-09-17T11:32:47.122437Z","level":"INFO","message":"dispatcher registered","dispatcher_id":"dsp_01m2qj7zwhx9e8pgp6avkb887q","instance":"chaos-a","pid":54324,"lease_ttl_seconds":6,"target":"tachyon_serverless_application::services::dispatcher"}
{"timestamp":"2026-09-17T11:32:47.123033Z","level":"WARN","message":"reclaimed the work of dispatchers that lost their lease","dispatcher_id":"dsp_01m2qj7zwhx9e8pgp6avkb887q","reclaimed_dispatchers":"[DispatcherId(dsp_01m2qj7r5cyn7599c9gc4q210k)]","leases":0,"invocations":0,"attempts":0,"fenced":0,"target":"tachyon_serverless_application::services::dispatcher"}
{"timestamp":"2026-09-17T11:32:47.124823Z","level":"WARN","message":"failpoint armed from TSLS_FAILPOINTS","name":"dispatch.after_commit","action":"Kill","count":"None","target":"tachyon_serverless_application::failpoints"}
{"timestamp":"2026-09-17T11:32:47.124954Z","level":"INFO","message":"application bootstrapped","profile":"dev","provider":"process","dev_only":true,"environment_reuse":false,"reuse_verified":false,"reuse_reason":"[pool] enabled is false","reuse_disabled":"Some(Configuration)","idle_quiesce":"unsupported","idle_resume":"unsupported","data_dir":"/private/var/folders/z7/khzdjrt95cg_fcmcnh4j1b5h0000gn/T/tsls-chaos.xYGiYo/data","store":"sqlite","dispatcher_id":"dsp_01m2qj7zwhx9e8pgp6avkb887q","node":"local","node_region":"none","node_memory_mib":"None","max_concurrency":8,"queue":"nats","objects":"filesystem","invoke_async":true,"triggers":true,"target":"tachyon_serverless_application::app"}
{"timestamp":"2026-09-17T11:32:47.125447Z","level":"INFO","message":"startup reconcile finished","provider":"process","found":0,"adopted":0,"terminated":0,"disowned":0,"failed":0,"lost":0,"foreign":0,"reclaimed_dispatchers":0,"fenced_terminated":0,"fenced_pending":0,"target":"tachyon_serverless_application::services::reconcile"}
{"timestamp":"2026-09-17T11:32:47.125554Z","level":"INFO","message":"gateway listening","addr":"127.0.0.1:54683","profile":"dev","provider":"process","target":"tachyon_serverless_gateway"}
{"timestamp":"2026-09-17T11:32:47.127757Z","level":"INFO","message":"asynchronous dispatcher started","workers":2,"owner":"dsp_01m2qj7zwhx9e8pgp6avkb887q","target":"tachyon_serverless_gateway"}
{"timestamp":"2026-09-17T11:32:47.461669Z","level":"INFO","message":"asynchronous invocation accepted","invocation_id":"inv_01m2qj8074bfvnsb705pqw09nx","tenant_id":"tn_01hzzzzzzzzzzzzzzzzzzzzzza","revision_id":"rev_01m2qj7s8kxb80gk3gb6392mkd","input_bytes":93,"input_storage":"inline","target":"tachyon_serverless_application::services::invoke_async"}
{"timestamp":"2026-09-17T11:32:47.475231Z","level":"INFO","message":"asynchronous run claimed","invocation_id":"inv_01m2qj8074bfvnsb705pqw09nx","attempt":1,"generation":0,"delivery_count":1,"target":"tachyon_serverless_application::services::invoke_async::dispatch"}
{"timestamp":"2026-09-17T11:32:47.795368Z","level":"INFO","message":"bridge spawned","environment_id":"env_01m2qj807knktbgkb1mqcdq8sb","pid":54367,"target":"tachyon_serverless_provider_process"}
{"timestamp":"2026-09-17T11:32:48.124616Z","level":"INFO","message":"invocation finished","invocation_id":"inv_01m2qj8074bfvnsb705pqw09nx","status":"succeeded (async run)","handler_ms":305,"environment_boot_ms":8,"runtime_init_ms":12,"target":"tachyon_serverless_application::services::invoke"}
{"timestamp":"2026-09-17T11:32:48.126749Z","level":"INFO","message":"terminating bridge","environment_id":"env_01m2qj807knktbgkb1mqcdq8sb","pid":54367,"reason":"Completed","graceful":true,"target":"tachyon_serverless_provider_process"}
{"timestamp":"2026-09-17T11:32:48.134659Z","level":"INFO","message":"asynchronous invocation settled","invocation_id":"inv_01m2qj8074bfvnsb705pqw09nx","status":"succeeded","target":"tachyon_serverless_application::services::invoke_async::dispatch"}
{"timestamp":"2026-09-17T11:32:48.134732Z","level":"ERROR","message":"failpoint fired: SIGKILL","name":"dispatch.after_commit","target":"tachyon_serverless_application::failpoints"}

===== a start (failpoints: none) 11:32:48 =====
{"timestamp":"2026-09-17T11:32:48.547358Z","level":"INFO","message":"configuration loaded","config":"/private/var/folders/z7/khzdjrt95cg_fcmcnh4j1b5h0000gn/T/tsls-chaos.xYGiYo/gw-a.toml","target":"tachyon_serverless_gateway"}
{"timestamp":"2026-09-17T11:32:48.550220Z","level":"INFO","message":"connected successfully","server":"54679","max_payload":"1048576","target":"async_nats::connector"}
{"timestamp":"2026-09-17T11:32:48.550450Z","level":"INFO","message":"event: connected","target":"async_nats"}
{"timestamp":"2026-09-17T11:32:48.563690Z","level":"INFO","message":"JetStream queue connected and stream bootstrapped","url":"nats://127.0.0.1:54679","stream":"TACHYON_EVENTS","target":"tachyon_serverless_gateway::durable"}
{"timestamp":"2026-09-17T11:32:48.567612Z","level":"INFO","message":"state store opened","path":"/private/var/folders/z7/khzdjrt95cg_fcmcnh4j1b5h0000gn/T/tsls-chaos.xYGiYo/data/state.db","schema_version":8,"migrations_applied":"[]","imported_state_json":"None","settled_invocations":0,"settled_attempts":0,"settled_environments":0,"released_leases":0,"dropped_idempotency_keys":0,"purged_idempotency_keys":0,"outputs_purged":0,"target":"tachyon_serverless_application::app"}
{"timestamp":"2026-09-17T11:32:48.568462Z","level":"INFO","message":"dispatcher registered","dispatcher_id":"dsp_01m2qj819qqjantmrc0kqjqwx6","instance":"chaos-a","pid":54423,"lease_ttl_seconds":6,"target":"tachyon_serverless_application::services::dispatcher"}
{"timestamp":"2026-09-17T11:32:48.569360Z","level":"WARN","message":"reclaimed the work of dispatchers that lost their lease","dispatcher_id":"dsp_01m2qj819qqjantmrc0kqjqwx6","reclaimed_dispatchers":"[DispatcherId(dsp_01m2qj7zwhx9e8pgp6avkb887q)]","leases":0,"invocations":0,"attempts":0,"fenced":0,"target":"tachyon_serverless_application::services::dispatcher"}
{"timestamp":"2026-09-17T11:32:48.571991Z","level":"INFO","message":"application bootstrapped","profile":"dev","provider":"process","dev_only":true,"environment_reuse":false,"reuse_verified":false,"reuse_reason":"[pool] enabled is false","reuse_disabled":"Some(Configuration)","idle_quiesce":"unsupported","idle_resume":"unsupported","data_dir":"/private/var/folders/z7/khzdjrt95cg_fcmcnh4j1b5h0000gn/T/tsls-chaos.xYGiYo/data","store":"sqlite","dispatcher_id":"dsp_01m2qj819qqjantmrc0kqjqwx6","node":"local","node_region":"none","node_memory_mib":"None","max_concurrency":8,"queue":"nats","objects":"filesystem","invoke_async":true,"triggers":true,"target":"tachyon_serverless_application::app"}
{"timestamp":"2026-09-17T11:32:48.572788Z","level":"INFO","message":"startup reconcile finished","provider":"process","found":0,"adopted":0,"terminated":0,"disowned":0,"failed":0,"lost":0,"foreign":0,"reclaimed_dispatchers":0,"fenced_terminated":0,"fenced_pending":0,"target":"tachyon_serverless_application::services::reconcile"}
{"timestamp":"2026-09-17T11:32:48.572913Z","level":"INFO","message":"gateway listening","addr":"127.0.0.1:54683","profile":"dev","provider":"process","target":"tachyon_serverless_gateway"}
{"timestamp":"2026-09-17T11:32:48.575568Z","level":"INFO","message":"asynchronous dispatcher started","workers":2,"owner":"dsp_01m2qj819qqjantmrc0kqjqwx6","target":"tachyon_serverless_gateway"}
{"timestamp":"2026-09-17T11:32:49.439759Z","level":"INFO","message":"bridge spawned","environment_id":"env_01m2qj81shtm64h3rhsq0pebbn","pid":54499,"target":"tachyon_serverless_provider_process"}
{"timestamp":"2026-09-17T11:32:49.462388Z","level":"INFO","message":"invocation finished","invocation_id":"inv_01m2qj81sg7vrmp2vbf8dy9b59","status":"succeeded","handler_ms":1,"environment_boot_ms":8,"runtime_init_ms":10,"target":"tachyon_serverless_application::services::invoke"}
{"timestamp":"2026-09-17T11:32:49.464379Z","level":"INFO","message":"terminating bridge","environment_id":"env_01m2qj81shtm64h3rhsq0pebbn","pid":54499,"reason":"Completed","graceful":true,"target":"tachyon_serverless_provider_process"}
{"timestamp":"2026-09-17T11:32:49.715658Z","level":"INFO","message":"asynchronous invocation accepted","invocation_id":"inv_01m2qj82dhkhjq1dt9ctx8y12h","tenant_id":"tn_01hzzzzzzzzzzzzzzzzzzzzzza","revision_id":"rev_01m2qj7s8kxb80gk3gb6392mkd","input_bytes":48,"input_storage":"inline","target":"tachyon_serverless_application::services::invoke_async"}
{"timestamp":"2026-09-17T11:32:49.736412Z","level":"INFO","message":"asynchronous run claimed","invocation_id":"inv_01m2qj82dhkhjq1dt9ctx8y12h","attempt":1,"generation":0,"delivery_count":1,"target":"tachyon_serverless_application::services::invoke_async::dispatch"}
{"timestamp":"2026-09-17T11:32:49.942768Z","level":"INFO","message":"asynchronous invocation accepted","invocation_id":"inv_01m2qj82kw7xg2xd71z2zt1pfk","tenant_id":"tn_01hzzzzzzzzzzzzzzzzzzzzzza","revision_id":"rev_01m2qj7s8kxb80gk3gb6392mkd","input_bytes":4128,"input_storage":"object","target":"tachyon_serverless_application::services::invoke_async"}
{"timestamp":"2026-09-17T11:32:49.953468Z","level":"INFO","message":"asynchronous run claimed","invocation_id":"inv_01m2qj82kw7xg2xd71z2zt1pfk","attempt":1,"generation":0,"delivery_count":1,"target":"tachyon_serverless_application::services::invoke_async::dispatch"}
{"timestamp":"2026-09-17T11:32:50.014869Z","level":"INFO","message":"asynchronous invocation accepted","invocation_id":"inv_01m2qj82pxsvetw5yk4d1z9e72","tenant_id":"tn_01hzzzzzzzzzzzzzzzzzzzzzza","revision_id":"rev_01m2qj7te6sv07pm4sxyt1kfck","input_bytes":191,"input_storage":"inline","target":"tachyon_serverless_application::services::invoke_async"}
{"timestamp":"2026-09-17T11:32:50.014954Z","level":"INFO","message":"webhook trigger fired","trigger_id":"trg_01m2qj7w4xfcxp95pgmnvhmtbw","event_id":"evt-post-w1","invocation_id":"inv_01m2qj82pxsvetw5yk4d1z9e72","revision_id":"rev_01m2qj7te6sv07pm4sxyt1kfck","replayed":false,"target":"tachyon_serverless_application::services::triggers"}
{"timestamp":"2026-09-17T11:32:50.063588Z","level":"INFO","message":"trigger updated","trigger_id":"trg_01m2qj7w3x800nge3dh2jynzs9","generation":3,"status":"disabled","next_fire_at":"None","rotated_secret":false,"target":"tachyon_serverless_application::services::triggers"}
{"timestamp":"2026-09-17T11:32:50.127025Z","level":"INFO","message":"bridge spawned","environment_id":"env_01m2qj82e9dkz5vthggsnepttj","pid":54595,"target":"tachyon_serverless_provider_process"}
{"timestamp":"2026-09-17T11:32:50.153313Z","level":"INFO","message":"invocation finished","invocation_id":"inv_01m2qj82dhkhjq1dt9ctx8y12h","status":"succeeded (async run)","handler_ms":2,"environment_boot_ms":9,"runtime_init_ms":12,"target":"tachyon_serverless_application::services::invoke"}
{"timestamp":"2026-09-17T11:32:50.156493Z","level":"INFO","message":"terminating bridge","environment_id":"env_01m2qj82e9dkz5vthggsnepttj","pid":54595,"reason":"Completed","graceful":true,"target":"tachyon_serverless_provider_process"}
{"timestamp":"2026-09-17T11:32:50.163930Z","level":"INFO","message":"asynchronous invocation settled","invocation_id":"inv_01m2qj82dhkhjq1dt9ctx8y12h","status":"succeeded","target":"tachyon_serverless_application::services::invoke_async::dispatch"}
{"timestamp":"2026-09-17T11:32:50.170696Z","level":"INFO","message":"async dispatch: delivery handled","message_id":"inv_01m2qj82dhkhjq1dt9ctx8y12h","sequence":9,"delivery_count":1,"outcome":"Completed { status: \"succeeded\" }","target":"tachyon_serverless_application::services::invoke_async::dispatch"}
{"timestamp":"2026-09-17T11:32:50.174539Z","level":"INFO","message":"asynchronous run claimed","invocation_id":"inv_01m2qj82pxsvetw5yk4d1z9e72","attempt":1,"generation":0,"delivery_count":1,"target":"tachyon_serverless_application::services::invoke_async::dispatch"}
{"timestamp":"2026-09-17T11:32:50.331208Z","level":"INFO","message":"bridge spawned","environment_id":"env_01m2qj82n5hvttwe4z0v29wdrf","pid":54617,"target":"tachyon_serverless_provider_process"}
{"timestamp":"2026-09-17T11:32:50.359045Z","level":"INFO","message":"invocation finished","invocation_id":"inv_01m2qj82kw7xg2xd71z2zt1pfk","status":"succeeded (async run)","handler_ms":3,"environment_boot_ms":10,"runtime_init_ms":12,"target":"tachyon_serverless_application::services::invoke"}
{"timestamp":"2026-09-17T11:32:50.360963Z","level":"INFO","message":"terminating bridge","environment_id":"env_01m2qj82n5hvttwe4z0v29wdrf","pid":54617,"reason":"Completed","graceful":true,"target":"tachyon_serverless_provider_process"}
{"timestamp":"2026-09-17T11:32:50.367045Z","level":"INFO","message":"asynchronous invocation settled","invocation_id":"inv_01m2qj82kw7xg2xd71z2zt1pfk","status":"succeeded","target":"tachyon_serverless_application::services::invoke_async::dispatch"}
{"timestamp":"2026-09-17T11:32:50.373367Z","level":"INFO","message":"async dispatch: delivery handled","message_id":"inv_01m2qj82kw7xg2xd71z2zt1pfk","sequence":10,"delivery_count":1,"outcome":"Completed { status: \"succeeded\" }","target":"tachyon_serverless_application::services::invoke_async::dispatch"}
{"timestamp":"2026-09-17T11:32:50.533944Z","level":"INFO","message":"bridge spawned","environment_id":"env_01m2qj82vz42agc6vxpnzsqwdz","pid":54619,"target":"tachyon_serverless_provider_process"}
{"timestamp":"2026-09-17T11:32:50.555668Z","level":"INFO","message":"invocation finished","invocation_id":"inv_01m2qj82pxsvetw5yk4d1z9e72","status":"succeeded (async run)","handler_ms":1,"environment_boot_ms":8,"runtime_init_ms":10,"target":"tachyon_serverless_application::services::invoke"}
{"timestamp":"2026-09-17T11:32:50.557804Z","level":"INFO","message":"terminating bridge","environment_id":"env_01m2qj82vz42agc6vxpnzsqwdz","pid":54619,"reason":"Completed","graceful":true,"target":"tachyon_serverless_provider_process"}
{"timestamp":"2026-09-17T11:32:50.563484Z","level":"INFO","message":"asynchronous invocation settled","invocation_id":"inv_01m2qj82pxsvetw5yk4d1z9e72","status":"succeeded","target":"tachyon_serverless_application::services::invoke_async::dispatch"}
{"timestamp":"2026-09-17T11:32:50.569497Z","level":"INFO","message":"async dispatch: delivery handled","message_id":"inv_01m2qj82pxsvetw5yk4d1z9e72","sequence":11,"delivery_count":1,"outcome":"Completed { status: \"succeeded\" }","target":"tachyon_serverless_application::services::invoke_async::dispatch"}
{"timestamp":"2026-09-17T11:32:50.579273Z","level":"INFO","message":"object retention pass","report":"GcReport { examined: 1, collected_expired: 0, collected_orphans: 0, kept_in_use: 0, kept_referenced: 1, incomplete_removed: 0, tombstones_purged: 0, failed: 0 }","target":"tachyon_serverless_gateway"}
{"timestamp":"2026-09-17T11:32:51.479795Z","level":"INFO","message":"async dispatch: delivery handled","message_id":"inv_01m2qj8074bfvnsb705pqw09nx","sequence":8,"delivery_count":2,"outcome":"Skipped(\"terminal\")","target":"tachyon_serverless_application::services::invoke_async::dispatch"}
{"timestamp":"2026-09-17T11:32:52.208891Z","level":"INFO","message":"SIGTERM received","target":"tachyon_serverless_gateway"}
{"timestamp":"2026-09-17T11:32:52.208931Z","level":"INFO","message":"shutdown requested; cancelling in-flight invocations","target":"tachyon_serverless_gateway"}
{"timestamp":"2026-09-17T11:32:52.209199Z","level":"INFO","message":"final usage collection","report":"CollectReport { batches: 0, read: 0, inserted: 0, duplicates: 0, cursor_seq: 70 }","target":"tachyon_serverless_gateway"}
{"timestamp":"2026-09-17T11:32:52.210112Z","level":"INFO","message":"gateway stopped","target":"tachyon_serverless_gateway"}
{"timestamp":"2026-09-17T11:32:52.210244Z","level":"INFO","message":"event: closed","target":"async_nats"}
