
===== a start (failpoints: none) 11:55:06 =====
{"timestamp":"2026-09-17T11:55:06.324994Z","level":"INFO","message":"configuration loaded","config":"/private/var/folders/z7/khzdjrt95cg_fcmcnh4j1b5h0000gn/T/tsls-chaos.s3UOrL/gw-a.toml","target":"tachyon_serverless_gateway"}
{"timestamp":"2026-09-17T11:55:06.327085Z","level":"INFO","message":"connected successfully","server":"59715","max_payload":"1048576","target":"async_nats::connector"}
{"timestamp":"2026-09-17T11:55:06.327186Z","level":"INFO","message":"event: connected","target":"async_nats"}
{"timestamp":"2026-09-17T11:55:06.346889Z","level":"INFO","message":"JetStream queue connected and stream bootstrapped","url":"nats://127.0.0.1:59715","stream":"TACHYON_EVENTS","target":"tachyon_serverless_gateway::durable"}
{"timestamp":"2026-09-17T11:55:06.358863Z","level":"INFO","message":"state store opened","path":"/private/var/folders/z7/khzdjrt95cg_fcmcnh4j1b5h0000gn/T/tsls-chaos.s3UOrL/data/state.db","schema_version":8,"migrations_applied":"[1, 2, 3, 4, 5, 6, 7, 8]","imported_state_json":"None","settled_invocations":0,"settled_attempts":0,"settled_environments":0,"released_leases":0,"dropped_idempotency_keys":0,"purged_idempotency_keys":0,"outputs_purged":0,"target":"tachyon_serverless_application::app"}
{"timestamp":"2026-09-17T11:55:06.359103Z","level":"INFO","message":"dispatcher registered","dispatcher_id":"dsp_01m2qkgvqp4ce3ag2je2q6qqv2","instance":"chaos-a","pid":91604,"lease_ttl_seconds":6,"target":"tachyon_serverless_application::services::dispatcher"}
{"timestamp":"2026-09-17T11:55:06.363291Z","level":"INFO","message":"application bootstrapped","profile":"dev","provider":"process","dev_only":true,"environment_reuse":false,"reuse_verified":false,"reuse_reason":"[pool] enabled is false","reuse_disabled":"Some(Configuration)","idle_quiesce":"unsupported","idle_resume":"unsupported","data_dir":"/private/var/folders/z7/khzdjrt95cg_fcmcnh4j1b5h0000gn/T/tsls-chaos.s3UOrL/data","store":"sqlite","dispatcher_id":"dsp_01m2qkgvqp4ce3ag2je2q6qqv2","node":"local","node_region":"none","node_memory_mib":"None","max_concurrency":8,"queue":"nats","objects":"filesystem","invoke_async":true,"triggers":true,"target":"tachyon_serverless_application::app"}
{"timestamp":"2026-09-17T11:55:06.363472Z","level":"INFO","message":"startup reconcile finished","provider":"process","found":0,"adopted":0,"terminated":0,"disowned":0,"failed":0,"lost":0,"foreign":0,"reclaimed_dispatchers":0,"fenced_terminated":0,"fenced_pending":0,"target":"tachyon_serverless_application::services::reconcile"}
{"timestamp":"2026-09-17T11:55:06.363535Z","level":"INFO","message":"gateway listening","addr":"127.0.0.1:59719","profile":"dev","provider":"process","target":"tachyon_serverless_gateway"}
{"timestamp":"2026-09-17T11:55:06.364720Z","level":"INFO","message":"asynchronous dispatcher started","workers":2,"owner":"dsp_01m2qkgvqp4ce3ag2je2q6qqv2","target":"tachyon_serverless_gateway"}
{"timestamp":"2026-09-17T11:55:07.213246Z","level":"INFO","message":"revision ready","revision_id":"rev_01m2qkgwcrxrj6vgh18cjs1mr0","function_id":"fn_01m2qkgw0vc7fmvafeeacwh4dx","target":"tachyon_serverless_application::services::revision"}
{"timestamp":"2026-09-17T11:55:07.967664Z","level":"INFO","message":"revision ready","revision_id":"rev_01m2qkgx3jj8cxt9r4975svb3e","function_id":"fn_01m2qkgwq32rne6gy1n23q6yad","target":"tachyon_serverless_application::services::revision"}
{"timestamp":"2026-09-17T11:55:08.806991Z","level":"INFO","message":"revision ready","revision_id":"rev_01m2qkgxx1y8388shcz8yatxea","function_id":"fn_01m2qkgxegab6tzwn3d1ennv8k","target":"tachyon_serverless_application::services::revision"}
{"timestamp":"2026-09-17T11:55:08.922658Z","level":"INFO","message":"trigger created","trigger_id":"trg_01m2qkgy7tjsmxkx39zrgzewn1","function_id":"fn_01m2qkgwq32rne6gy1n23q6yad","kind":"cron","enabled":true,"next_fire_at":"Some(2026-09-17T11:55:10Z)","target":"tachyon_serverless_application::services::triggers"}
{"timestamp":"2026-09-17T11:55:08.940012Z","level":"INFO","message":"trigger created","trigger_id":"trg_01m2qkgy8b3ba9nt3pmpxdvz7v","function_id":"fn_01m2qkgwq32rne6gy1n23q6yad","kind":"webhook","enabled":true,"next_fire_at":"None","target":"tachyon_serverless_application::services::triggers"}
{"timestamp":"2026-09-17T11:55:09.588209Z","level":"INFO","message":"bridge spawned","environment_id":"env_01m2qkgynehv1g6f467cxhfg5a","pid":91937,"target":"tachyon_serverless_provider_process"}
{"timestamp":"2026-09-17T11:55:09.865557Z","level":"INFO","message":"invocation finished","invocation_id":"inv_01m2qkgyndwxxqa6pbqyy80md2","status":"succeeded","handler_ms":1,"environment_boot_ms":6,"runtime_init_ms":265,"target":"tachyon_serverless_application::services::invoke"}
{"timestamp":"2026-09-17T11:55:09.867683Z","level":"INFO","message":"terminating bridge","environment_id":"env_01m2qkgynehv1g6f467cxhfg5a","pid":91937,"reason":"Completed","graceful":true,"target":"tachyon_serverless_provider_process"}
{"timestamp":"2026-09-17T11:55:09.950800Z","level":"INFO","message":"asynchronous invocation accepted","invocation_id":"inv_01m2qkgz7y17wqfp9h72epk30e","tenant_id":"tn_01hzzzzzzzzzzzzzzzzzzzzzza","revision_id":"rev_01m2qkgwcrxrj6vgh18cjs1mr0","input_bytes":49,"input_storage":"inline","target":"tachyon_serverless_application::services::invoke_async"}
{"timestamp":"2026-09-17T11:55:09.978337Z","level":"INFO","message":"asynchronous run claimed","invocation_id":"inv_01m2qkgz7y17wqfp9h72epk30e","attempt":1,"generation":0,"delivery_count":1,"target":"tachyon_serverless_application::services::invoke_async::dispatch"}
{"timestamp":"2026-09-17T11:55:10.002410Z","level":"INFO","message":"asynchronous invocation accepted","invocation_id":"inv_01m2qkgz9h8f3cg9hr0ym6hd9e","tenant_id":"tn_01hzzzzzzzzzzzzzzzzzzzzzza","revision_id":"rev_01m2qkgx3jj8cxt9r4975svb3e","input_bytes":180,"input_storage":"inline","target":"tachyon_serverless_application::services::invoke_async"}
{"timestamp":"2026-09-17T11:55:10.002476Z","level":"INFO","message":"cron trigger fired","trigger_id":"trg_01m2qkgy7tjsmxkx39zrgzewn1","scheduled_at":"2026-09-17T11:55:10Z","invocation_id":"inv_01m2qkgz9h8f3cg9hr0ym6hd9e","revision_id":"rev_01m2qkgx3jj8cxt9r4975svb3e","replayed":false,"target":"tachyon_serverless_application::services::triggers"}
{"timestamp":"2026-09-17T11:55:10.056454Z","level":"INFO","message":"asynchronous invocation accepted","invocation_id":"inv_01m2qkgzaqrhhhed2x038wkbc9","tenant_id":"tn_01hzzzzzzzzzzzzzzzzzzzzzza","revision_id":"rev_01m2qkgwcrxrj6vgh18cjs1mr0","input_bytes":4129,"input_storage":"object","target":"tachyon_serverless_application::services::invoke_async"}
{"timestamp":"2026-09-17T11:55:10.106430Z","level":"INFO","message":"asynchronous invocation accepted","invocation_id":"inv_01m2qkgzcsv7vsxy3nahqb4shw","tenant_id":"tn_01hzzzzzzzzzzzzzzzzzzzzzza","revision_id":"rev_01m2qkgx3jj8cxt9r4975svb3e","input_bytes":193,"input_storage":"inline","target":"tachyon_serverless_application::services::invoke_async"}
{"timestamp":"2026-09-17T11:55:10.106492Z","level":"INFO","message":"webhook trigger fired","trigger_id":"trg_01m2qkgy8b3ba9nt3pmpxdvz7v","event_id":"evt-pre-a-w1","invocation_id":"inv_01m2qkgzcsv7vsxy3nahqb4shw","revision_id":"rev_01m2qkgx3jj8cxt9r4975svb3e","replayed":false,"target":"tachyon_serverless_application::services::triggers"}
{"timestamp":"2026-09-17T11:55:10.112948Z","level":"INFO","message":"asynchronous run claimed","invocation_id":"inv_01m2qkgzcsv7vsxy3nahqb4shw","attempt":1,"generation":0,"delivery_count":1,"target":"tachyon_serverless_application::services::invoke_async::dispatch"}
{"timestamp":"2026-09-17T11:55:10.258601Z","level":"INFO","message":"bridge spawned","environment_id":"env_01m2qkgz8tny93a25tgpkvake5","pid":92012,"target":"tachyon_serverless_provider_process"}
{"timestamp":"2026-09-17T11:55:10.435121Z","level":"INFO","message":"bridge spawned","environment_id":"env_01m2qkgzd1tndkkvp8ncp9np36","pid":92018,"target":"tachyon_serverless_provider_process"}
{"timestamp":"2026-09-17T11:55:10.460236Z","level":"INFO","message":"invocation finished","invocation_id":"inv_01m2qkgzcsv7vsxy3nahqb4shw","status":"succeeded (async run)","handler_ms":1,"environment_boot_ms":8,"runtime_init_ms":11,"target":"tachyon_serverless_application::services::invoke"}
{"timestamp":"2026-09-17T11:55:10.462140Z","level":"INFO","message":"terminating bridge","environment_id":"env_01m2qkgzd1tndkkvp8ncp9np36","pid":92018,"reason":"Completed","graceful":true,"target":"tachyon_serverless_provider_process"}
{"timestamp":"2026-09-17T11:55:10.467936Z","level":"INFO","message":"asynchronous invocation settled","invocation_id":"inv_01m2qkgzcsv7vsxy3nahqb4shw","status":"succeeded","target":"tachyon_serverless_application::services::invoke_async::dispatch"}
{"timestamp":"2026-09-17T11:55:10.473855Z","level":"INFO","message":"async dispatch: delivery handled","message_id":"inv_01m2qkgzcsv7vsxy3nahqb4shw","sequence":4,"delivery_count":1,"outcome":"Completed { status: \"succeeded\" }","target":"tachyon_serverless_application::services::invoke_async::dispatch"}
{"timestamp":"2026-09-17T11:55:10.652262Z","level":"INFO","message":"invocation finished","invocation_id":"inv_01m2qkgz7y17wqfp9h72epk30e","status":"succeeded (async run)","handler_ms":2,"environment_boot_ms":9,"runtime_init_ms":366,"target":"tachyon_serverless_application::services::invoke"}
{"timestamp":"2026-09-17T11:55:10.654459Z","level":"INFO","message":"terminating bridge","environment_id":"env_01m2qkgz8tny93a25tgpkvake5","pid":92012,"reason":"Completed","graceful":true,"target":"tachyon_serverless_provider_process"}
{"timestamp":"2026-09-17T11:55:10.686904Z","level":"INFO","message":"asynchronous invocation settled","invocation_id":"inv_01m2qkgz7y17wqfp9h72epk30e","status":"succeeded","target":"tachyon_serverless_application::services::invoke_async::dispatch"}
{"timestamp":"2026-09-17T11:55:10.693056Z","level":"INFO","message":"async dispatch: delivery handled","message_id":"inv_01m2qkgz7y17wqfp9h72epk30e","sequence":1,"delivery_count":1,"outcome":"Completed { status: \"succeeded\" }","target":"tachyon_serverless_application::services::invoke_async::dispatch"}
{"timestamp":"2026-09-17T11:55:10.910303Z","level":"INFO","message":"asynchronous run claimed","invocation_id":"inv_01m2qkh05g2zgkxhby4s13apv0","attempt":1,"generation":0,"delivery_count":1,"target":"tachyon_serverless_application::services::invoke_async::dispatch"}
{"timestamp":"2026-09-17T11:55:10.931296Z","level":"INFO","message":"trigger updated","trigger_id":"trg_01m2qkgy7tjsmxkx39zrgzewn1","generation":2,"status":"disabled","next_fire_at":"None","rotated_secret":false,"target":"tachyon_serverless_application::services::triggers"}
{"timestamp":"2026-09-17T11:55:11.287065Z","level":"INFO","message":"bridge spawned","environment_id":"env_01m2qkh05y0gmaqjxb9g6md3xr","pid":92111,"target":"tachyon_serverless_provider_process"}
{"timestamp":"2026-09-17T11:55:11.322540Z","level":"INFO","message":"invocation finished","invocation_id":"inv_01m2qkh05g2zgkxhby4s13apv0","status":"succeeded (async run)","handler_ms":2,"environment_boot_ms":14,"runtime_init_ms":13,"target":"tachyon_serverless_application::services::invoke"}
{"timestamp":"2026-09-17T11:55:11.324807Z","level":"INFO","message":"terminating bridge","environment_id":"env_01m2qkh05y0gmaqjxb9g6md3xr","pid":92111,"reason":"Completed","graceful":true,"target":"tachyon_serverless_provider_process"}
{"timestamp":"2026-09-17T11:55:11.332313Z","level":"INFO","message":"asynchronous invocation settled","invocation_id":"inv_01m2qkh05g2zgkxhby4s13apv0","status":"succeeded","target":"tachyon_serverless_application::services::invoke_async::dispatch"}
{"timestamp":"2026-09-17T11:55:11.351335Z","level":"INFO","message":"async dispatch: delivery handled","message_id":"inv_01m2qkh05g2zgkxhby4s13apv0","sequence":7,"delivery_count":1,"outcome":"Completed { status: \"succeeded\" }","target":"tachyon_serverless_application::services::invoke_async::dispatch"}
{"timestamp":"2026-09-17T11:55:11.358589Z","level":"INFO","message":"bridge spawned","environment_id":"env_01m2qkh0821r5ts0t9zgsa6y0p","pid":92115,"target":"tachyon_serverless_provider_process"}
{"timestamp":"2026-09-17T11:55:21.900774Z","level":"WARN","message":"cannot record invocation outcome","error":"Invocation is already in a terminal state (outcome_unknown); further updates are rejected","invocation_id":"inv_01m2qkh081xhwkegcc0sbqfrqt","target":"tachyon_serverless_application::services::invoke"}
{"timestamp":"2026-09-17T11:55:21.900867Z","level":"ERROR","message":"dispatcher lease lost: refusing new invocations; in-flight completions will be refused if another dispatcher reclaimed them","dispatcher_id":"dsp_01m2qkgvqp4ce3ag2je2q6qqv2","target":"tachyon_serverless_application::services::dispatcher"}
{"timestamp":"2026-09-17T11:55:21.905629Z","level":"WARN","message":"stale completion refused: another dispatcher reclaimed this slot","invocation_id":"inv_01m2qkh081xhwkegcc0sbqfrqt","attempt_id":"att_01m2qkh0z8kpbfydy01bnt06f7","epoch":1,"reason":"lease lse_01m2qkh0z92vbpsx4qf64e2axe is already released","target":"tachyon_serverless_application::services::invoke"}
{"timestamp":"2026-09-17T11:55:21.907310Z","level":"INFO","message":"object retention pass","report":"GcReport { examined: 2, collected_expired: 0, collected_orphans: 0, kept_in_use: 0, kept_referenced: 2, incomplete_removed: 0, tombstones_purged: 0, failed: 0 }","target":"tachyon_serverless_gateway"}
{"timestamp":"2026-09-17T11:55:21.908759Z","level":"WARN","message":"environment update failed","error":"refused: environment env_01m2qkh0821r5ts0t9zgsa6y0p is lost and final","environment_id":"env_01m2qkh0821r5ts0t9zgsa6y0p","target":"tachyon_serverless_application::services::invoke"}
{"timestamp":"2026-09-17T11:55:22.373888Z","level":"INFO","message":"object retention pass","report":"GcReport { examined: 2, collected_expired: 0, collected_orphans: 0, kept_in_use: 0, kept_referenced: 2, incomplete_removed: 0, tombstones_purged: 0, failed: 0 }","target":"tachyon_serverless_gateway"}
{"timestamp":"2026-09-17T11:55:24.372755Z","level":"INFO","message":"object retention pass","report":"GcReport { examined: 2, collected_expired: 0, collected_orphans: 0, kept_in_use: 0, kept_referenced: 2, incomplete_removed: 0, tombstones_purged: 0, failed: 0 }","target":"tachyon_serverless_gateway"}
{"timestamp":"2026-09-17T11:55:26.377969Z","level":"INFO","message":"object retention pass","report":"GcReport { examined: 2, collected_expired: 0, collected_orphans: 0, kept_in_use: 0, kept_referenced: 2, incomplete_removed: 0, tombstones_purged: 0, failed: 0 }","target":"tachyon_serverless_gateway"}
{"timestamp":"2026-09-17T11:55:28.378609Z","level":"INFO","message":"object retention pass","report":"GcReport { examined: 2, collected_expired: 0, collected_orphans: 0, kept_in_use: 0, kept_referenced: 2, incomplete_removed: 0, tombstones_purged: 0, failed: 0 }","target":"tachyon_serverless_gateway"}
{"timestamp":"2026-09-17T11:55:28.558943Z","level":"INFO","message":"SIGTERM received","target":"tachyon_serverless_gateway"}
{"timestamp":"2026-09-17T11:55:28.559111Z","level":"INFO","message":"shutdown requested; cancelling in-flight invocations","target":"tachyon_serverless_gateway"}
{"timestamp":"2026-09-17T11:55:28.566215Z","level":"INFO","message":"final usage collection","report":"CollectReport { batches: 1, read: 5, inserted: 5, duplicates: 0, cursor_seq: 55 }","target":"tachyon_serverless_gateway"}
{"timestamp":"2026-09-17T11:55:28.572967Z","level":"INFO","message":"gateway stopped","target":"tachyon_serverless_gateway"}
{"timestamp":"2026-09-17T11:55:28.573523Z","level":"INFO","message":"event: closed","target":"async_nats"}

===== a start (failpoints: none) 11:55:28 =====
{"timestamp":"2026-09-17T11:55:28.740954Z","level":"INFO","message":"configuration loaded","config":"/private/var/folders/z7/khzdjrt95cg_fcmcnh4j1b5h0000gn/T/tsls-chaos.s3UOrL/gw-a.toml","target":"tachyon_serverless_gateway"}
{"timestamp":"2026-09-17T11:55:28.744962Z","level":"INFO","message":"connected successfully","server":"59715","max_payload":"1048576","target":"async_nats::connector"}
{"timestamp":"2026-09-17T11:55:28.745345Z","level":"INFO","message":"event: connected","target":"async_nats"}
{"timestamp":"2026-09-17T11:55:28.777960Z","level":"INFO","message":"JetStream queue connected and stream bootstrapped","url":"nats://127.0.0.1:59715","stream":"TACHYON_EVENTS","target":"tachyon_serverless_gateway::durable"}
{"timestamp":"2026-09-17T11:55:28.783032Z","level":"INFO","message":"state store opened","path":"/private/var/folders/z7/khzdjrt95cg_fcmcnh4j1b5h0000gn/T/tsls-chaos.s3UOrL/data/state.db","schema_version":8,"migrations_applied":"[]","imported_state_json":"None","settled_invocations":0,"settled_attempts":0,"settled_environments":0,"released_leases":0,"dropped_idempotency_keys":0,"purged_idempotency_keys":0,"outputs_purged":0,"target":"tachyon_serverless_application::app"}
{"timestamp":"2026-09-17T11:55:28.784160Z","level":"INFO","message":"dispatcher registered","dispatcher_id":"dsp_01m2qkhhmfsarz9xp3e2mrvjng","instance":"chaos-a","pid":92465,"lease_ttl_seconds":6,"target":"tachyon_serverless_application::services::dispatcher"}
{"timestamp":"2026-09-17T11:55:28.789194Z","level":"INFO","message":"application bootstrapped","profile":"dev","provider":"process","dev_only":true,"environment_reuse":false,"reuse_verified":false,"reuse_reason":"[pool] enabled is false","reuse_disabled":"Some(Configuration)","idle_quiesce":"unsupported","idle_resume":"unsupported","data_dir":"/private/var/folders/z7/khzdjrt95cg_fcmcnh4j1b5h0000gn/T/tsls-chaos.s3UOrL/data","store":"sqlite","dispatcher_id":"dsp_01m2qkhhmfsarz9xp3e2mrvjng","node":"local","node_region":"none","node_memory_mib":"None","max_concurrency":8,"queue":"nats","objects":"filesystem","invoke_async":true,"triggers":true,"target":"tachyon_serverless_application::app"}
{"timestamp":"2026-09-17T11:55:28.790505Z","level":"INFO","message":"startup reconcile finished","provider":"process","found":0,"adopted":0,"terminated":0,"disowned":0,"failed":0,"lost":0,"foreign":0,"reclaimed_dispatchers":0,"fenced_terminated":0,"fenced_pending":0,"target":"tachyon_serverless_application::services::reconcile"}
{"timestamp":"2026-09-17T11:55:28.790768Z","level":"INFO","message":"gateway listening","addr":"127.0.0.1:59719","profile":"dev","provider":"process","target":"tachyon_serverless_gateway"}
{"timestamp":"2026-09-17T11:55:28.795459Z","level":"INFO","message":"asynchronous dispatcher started","workers":2,"owner":"dsp_01m2qkhhmfsarz9xp3e2mrvjng","target":"tachyon_serverless_gateway"}
{"timestamp":"2026-09-17T11:55:28.812155Z","level":"INFO","message":"object retention pass","report":"GcReport { examined: 2, collected_expired: 0, collected_orphans: 0, kept_in_use: 0, kept_referenced: 2, incomplete_removed: 0, tombstones_purged: 0, failed: 0 }","target":"tachyon_serverless_gateway"}
{"timestamp":"2026-09-17T11:55:29.592752Z","level":"INFO","message":"bridge spawned","environment_id":"env_01m2qkhj09dc97sprxhvfn5fd3","pid":92492,"target":"tachyon_serverless_provider_process"}
{"timestamp":"2026-09-17T11:55:29.647536Z","level":"INFO","message":"invocation finished","invocation_id":"inv_01m2qkhj083ptcjqqbw04h2c33","status":"succeeded","handler_ms":6,"environment_boot_ms":16,"runtime_init_ms":25,"target":"tachyon_serverless_application::services::invoke"}
{"timestamp":"2026-09-17T11:55:29.651234Z","level":"INFO","message":"terminating bridge","environment_id":"env_01m2qkhj09dc97sprxhvfn5fd3","pid":92492,"reason":"Completed","graceful":true,"target":"tachyon_serverless_provider_process"}
{"timestamp":"2026-09-17T11:55:29.830203Z","level":"INFO","message":"asynchronous invocation accepted","invocation_id":"inv_01m2qkhjn4d8jmcf6cqsaj1125","tenant_id":"tn_01hzzzzzzzzzzzzzzzzzzzzzza","revision_id":"rev_01m2qkgwcrxrj6vgh18cjs1mr0","input_bytes":50,"input_storage":"inline","target":"tachyon_serverless_application::services::invoke_async"}
{"timestamp":"2026-09-17T11:55:30.020972Z","level":"INFO","message":"asynchronous invocation accepted","invocation_id":"inv_01m2qkhjtbnsk125c7pqrrygw4","tenant_id":"tn_01hzzzzzzzzzzzzzzzzzzzzzza","revision_id":"rev_01m2qkgwcrxrj6vgh18cjs1mr0","input_bytes":4130,"input_storage":"object","target":"tachyon_serverless_application::services::invoke_async"}
{"timestamp":"2026-09-17T11:55:30.035329Z","level":"INFO","message":"asynchronous run claimed","invocation_id":"inv_01m2qkhjtbnsk125c7pqrrygw4","attempt":1,"generation":0,"delivery_count":1,"target":"tachyon_serverless_application::services::invoke_async::dispatch"}
{"timestamp":"2026-09-17T11:55:30.168978Z","level":"INFO","message":"asynchronous invocation accepted","invocation_id":"inv_01m2qkhjzpcp4v6fan68dv37kx","tenant_id":"tn_01hzzzzzzzzzzzzzzzzzzzzzza","revision_id":"rev_01m2qkgx3jj8cxt9r4975svb3e","input_bytes":195,"input_storage":"inline","target":"tachyon_serverless_application::services::invoke_async"}
{"timestamp":"2026-09-17T11:55:30.169106Z","level":"INFO","message":"webhook trigger fired","trigger_id":"trg_01m2qkgy8b3ba9nt3pmpxdvz7v","event_id":"evt-post-a-w1","invocation_id":"inv_01m2qkhjzpcp4v6fan68dv37kx","revision_id":"rev_01m2qkgx3jj8cxt9r4975svb3e","replayed":false,"target":"tachyon_serverless_application::services::triggers"}
{"timestamp":"2026-09-17T11:55:30.188039Z","level":"INFO","message":"asynchronous run claimed","invocation_id":"inv_01m2qkhjzpcp4v6fan68dv37kx","attempt":1,"generation":0,"delivery_count":1,"target":"tachyon_serverless_application::services::invoke_async::dispatch"}
{"timestamp":"2026-09-17T11:55:30.463763Z","level":"INFO","message":"bridge spawned","environment_id":"env_01m2qkhjvrcmpq4xk0m98pqw6k","pid":92576,"target":"tachyon_serverless_provider_process"}
{"timestamp":"2026-09-17T11:55:30.491098Z","level":"INFO","message":"trigger updated","trigger_id":"trg_01m2qkgy7tjsmxkx39zrgzewn1","generation":3,"status":"disabled","next_fire_at":"None","rotated_secret":false,"target":"tachyon_serverless_application::services::triggers"}
{"timestamp":"2026-09-17T11:55:30.536561Z","level":"INFO","message":"invocation finished","invocation_id":"inv_01m2qkhjtbnsk125c7pqrrygw4","status":"succeeded (async run)","handler_ms":7,"environment_boot_ms":13,"runtime_init_ms":39,"target":"tachyon_serverless_application::services::invoke"}
{"timestamp":"2026-09-17T11:55:30.538927Z","level":"INFO","message":"terminating bridge","environment_id":"env_01m2qkhjvrcmpq4xk0m98pqw6k","pid":92576,"reason":"Completed","graceful":true,"target":"tachyon_serverless_provider_process"}
{"timestamp":"2026-09-17T11:55:30.552535Z","level":"INFO","message":"asynchronous invocation settled","invocation_id":"inv_01m2qkhjtbnsk125c7pqrrygw4","status":"succeeded","target":"tachyon_serverless_application::services::invoke_async::dispatch"}
{"timestamp":"2026-09-17T11:55:30.562461Z","level":"INFO","message":"async dispatch: delivery handled","message_id":"inv_01m2qkhjtbnsk125c7pqrrygw4","sequence":9,"delivery_count":1,"outcome":"Completed { status: \"succeeded\" }","target":"tachyon_serverless_application::services::invoke_async::dispatch"}
{"timestamp":"2026-09-17T11:55:30.566968Z","level":"INFO","message":"asynchronous run claimed","invocation_id":"inv_01m2qkhjn4d8jmcf6cqsaj1125","attempt":1,"generation":1,"delivery_count":1,"target":"tachyon_serverless_application::services::invoke_async::dispatch"}
{"timestamp":"2026-09-17T11:55:30.618950Z","level":"INFO","message":"bridge spawned","environment_id":"env_01m2qkhk0s6vwmjv9vvcxyfvqz","pid":92592,"target":"tachyon_serverless_provider_process"}
{"timestamp":"2026-09-17T11:55:30.666338Z","level":"INFO","message":"invocation finished","invocation_id":"inv_01m2qkhjzpcp4v6fan68dv37kx","status":"succeeded (async run)","handler_ms":7,"environment_boot_ms":23,"runtime_init_ms":19,"target":"tachyon_serverless_application::services::invoke"}
{"timestamp":"2026-09-17T11:55:30.668626Z","level":"INFO","message":"terminating bridge","environment_id":"env_01m2qkhk0s6vwmjv9vvcxyfvqz","pid":92592,"reason":"Completed","graceful":true,"target":"tachyon_serverless_provider_process"}
{"timestamp":"2026-09-17T11:55:30.686607Z","level":"INFO","message":"asynchronous invocation settled","invocation_id":"inv_01m2qkhjzpcp4v6fan68dv37kx","status":"succeeded","target":"tachyon_serverless_application::services::invoke_async::dispatch"}
{"timestamp":"2026-09-17T11:55:30.695542Z","level":"INFO","message":"async dispatch: delivery handled","message_id":"inv_01m2qkhjzpcp4v6fan68dv37kx","sequence":10,"delivery_count":1,"outcome":"Completed { status: \"succeeded\" }","target":"tachyon_serverless_application::services::invoke_async::dispatch"}
{"timestamp":"2026-09-17T11:55:30.802131Z","level":"INFO","message":"object retention pass","report":"GcReport { examined: 2, collected_expired: 0, collected_orphans: 0, kept_in_use: 0, kept_referenced: 2, incomplete_removed: 0, tombstones_purged: 0, failed: 0 }","target":"tachyon_serverless_gateway"}
{"timestamp":"2026-09-17T11:55:30.805996Z","level":"WARN","message":"reclaimed the work of dispatchers that lost their lease","dispatcher_id":"dsp_01m2qkhhmfsarz9xp3e2mrvjng","reclaimed_dispatchers":"[DispatcherId(dsp_01m2qkgybydy8bya1pz6nkhxvh)]","leases":0,"invocations":0,"attempts":0,"fenced":0,"target":"tachyon_serverless_application::services::dispatcher"}
{"timestamp":"2026-09-17T11:55:30.960743Z","level":"INFO","message":"bridge spawned","environment_id":"env_01m2qkhkc8861bcq4m0p1r3jkr","pid":92614,"target":"tachyon_serverless_provider_process"}
{"timestamp":"2026-09-17T11:55:31.008633Z","level":"INFO","message":"invocation finished","invocation_id":"inv_01m2qkhjn4d8jmcf6cqsaj1125","status":"succeeded (async run)","handler_ms":4,"environment_boot_ms":18,"runtime_init_ms":21,"target":"tachyon_serverless_application::services::invoke"}
{"timestamp":"2026-09-17T11:55:31.010928Z","level":"INFO","message":"terminating bridge","environment_id":"env_01m2qkhkc8861bcq4m0p1r3jkr","pid":92614,"reason":"Completed","graceful":true,"target":"tachyon_serverless_provider_process"}
{"timestamp":"2026-09-17T11:55:31.020070Z","level":"INFO","message":"asynchronous invocation settled","invocation_id":"inv_01m2qkhjn4d8jmcf6cqsaj1125","status":"succeeded","target":"tachyon_serverless_application::services::invoke_async::dispatch"}
{"timestamp":"2026-09-17T11:55:31.028687Z","level":"INFO","message":"async dispatch: delivery handled","message_id":"inv_01m2qkhjn4d8jmcf6cqsaj1125.g1","sequence":11,"delivery_count":1,"outcome":"Completed { status: \"succeeded\" }","target":"tachyon_serverless_application::services::invoke_async::dispatch"}
{"timestamp":"2026-09-17T11:55:32.800322Z","level":"INFO","message":"object retention pass","report":"GcReport { examined: 2, collected_expired: 0, collected_orphans: 0, kept_in_use: 0, kept_referenced: 2, incomplete_removed: 0, tombstones_purged: 0, failed: 0 }","target":"tachyon_serverless_gateway"}
{"timestamp":"2026-09-17T11:55:34.364907Z","level":"INFO","message":"SIGTERM received","target":"tachyon_serverless_gateway"}
{"timestamp":"2026-09-17T11:55:34.365024Z","level":"INFO","message":"shutdown requested; cancelling in-flight invocations","target":"tachyon_serverless_gateway"}
{"timestamp":"2026-09-17T11:55:34.365527Z","level":"INFO","message":"final usage collection","report":"CollectReport { batches: 0, read: 0, inserted: 0, duplicates: 0, cursor_seq: 77 }","target":"tachyon_serverless_gateway"}
{"timestamp":"2026-09-17T11:55:34.367145Z","level":"INFO","message":"gateway stopped","target":"tachyon_serverless_gateway"}
{"timestamp":"2026-09-17T11:55:34.367388Z","level":"INFO","message":"event: closed","target":"async_nats"}
