[2m2026-09-17T06:21:55.558451Z[0m [32m INFO[0m [2mtachyon_serverless_gateway[0m[2m:[0m configuration loaded [3mconfig[0m[2m=[0m/var/folders/z7/khzdjrt95cg_fcmcnh4j1b5h0000gn/T//tsls-zero.nMCUMX/gateway.toml
[2m2026-09-17T06:21:55.565956Z[0m [32m INFO[0m [2mtachyon_serverless_application::app[0m[2m:[0m state store opened [3mpath[0m[2m=[0m/var/folders/z7/khzdjrt95cg_fcmcnh4j1b5h0000gn/T//tsls-zero.nMCUMX/data/state.db [3mschema_version[0m[2m=[0m5 [3mmigrations_applied[0m[2m=[0m[1, 2, 3, 4, 5] [3mimported_state_json[0m[2m=[0mNone [3msettled_invocations[0m[2m=[0m0 [3msettled_attempts[0m[2m=[0m0 [3msettled_environments[0m[2m=[0m0 [3mreleased_leases[0m[2m=[0m0 [3mdropped_idempotency_keys[0m[2m=[0m0 [3mpurged_idempotency_keys[0m[2m=[0m0 [3moutputs_purged[0m[2m=[0m0
[2m2026-09-17T06:21:55.566526Z[0m [32m INFO[0m [2mtachyon_serverless_application::services::dispatcher[0m[2m:[0m dispatcher registered [3mdispatcher_id[0m[2m=[0mdsp_01m2q0esfe77mreryjbabneyff [3minstance[0m[2m=[0mgateway@127.0.0.1:54990 [3mpid[0m[2m=[0m7679 [3mlease_ttl_seconds[0m[2m=[0m30
[2m2026-09-17T06:21:55.567095Z[0m [32m INFO[0m [2mtachyon_serverless_application::app[0m[2m:[0m application bootstrapped [3mprofile[0m[2m=[0m"dev" [3mprovider[0m[2m=[0m"process" [3mdev_only[0m[2m=[0mtrue [3menvironment_reuse[0m[2m=[0mfalse [3mreuse_verified[0m[2m=[0mfalse [3mreuse_reason[0m[2m=[0m"[pool] enabled is false" [3mreuse_disabled[0m[2m=[0mSome(Configuration) [3midle_quiesce[0m[2m=[0m"unsupported" [3midle_resume[0m[2m=[0m"unsupported" [3mdata_dir[0m[2m=[0m/var/folders/z7/khzdjrt95cg_fcmcnh4j1b5h0000gn/T//tsls-zero.nMCUMX/data [3mstore[0m[2m=[0m"sqlite" [3mdispatcher_id[0m[2m=[0mdsp_01m2q0esfe77mreryjbabneyff [3mnode[0m[2m=[0mlocal [3mnode_region[0m[2m=[0m"none" [3mnode_memory_mib[0m[2m=[0mNone [3mmax_concurrency[0m[2m=[0m8 [3mqueue[0m[2m=[0m"none" [3mobjects[0m[2m=[0m"none"
[2m2026-09-17T06:21:55.567321Z[0m [32m INFO[0m [2mtachyon_serverless_application::services::reconcile[0m[2m:[0m startup reconcile finished [3mprovider[0m[2m=[0m"process" [3mfound[0m[2m=[0m0 [3madopted[0m[2m=[0m0 [3mterminated[0m[2m=[0m0 [3mdisowned[0m[2m=[0m0 [3mfailed[0m[2m=[0m0 [3mlost[0m[2m=[0m0 [3mforeign[0m[2m=[0m0 [3mreclaimed_dispatchers[0m[2m=[0m0 [3mfenced_terminated[0m[2m=[0m0 [3mfenced_pending[0m[2m=[0m0
[2m2026-09-17T06:21:55.567429Z[0m [32m INFO[0m [2mtachyon_serverless_gateway[0m[2m:[0m gateway listening [3maddr[0m[2m=[0m127.0.0.1:54990 [3mprofile[0m[2m=[0m"dev" [3mprovider[0m[2m=[0m"process"
[2m2026-09-17T06:21:56.704029Z[0m [32m INFO[0m [2mtachyon_serverless_application::services::revision[0m[2m:[0m revision ready [3mrevision_id[0m[2m=[0mrev_01m2q0etdpsgrns1gxhcbzg4qe [3mfunction_id[0m[2m=[0mfn_01m2q0et324qxaad2ntvdjz5jn
[2m2026-09-17T06:21:57.022771Z[0m [32m INFO[0m [2mtachyon_serverless_provider_process[0m[2m:[0m bridge spawned [3menvironment_id[0m[2m=[0menv_01m2q0etpv0nmr794pxepp4kew [3mpid[0m[2m=[0m7830
[2m2026-09-17T06:21:57.022771Z[0m [32m INFO[0m [2mtachyon_serverless_provider_process[0m[2m:[0m bridge spawned [3menvironment_id[0m[2m=[0menv_01m2q0etpx6a8b5cyz1asj80ha [3mpid[0m[2m=[0m7831
[2m2026-09-17T06:21:57.030495Z[0m [32m INFO[0m [2mtachyon_serverless_provider_process[0m[2m:[0m bridge spawned [3menvironment_id[0m[2m=[0menv_01m2q0etpywtpsvwg2yp9xten7 [3mpid[0m[2m=[0m7832
[2m2026-09-17T06:21:58.405980Z[0m [32m INFO[0m [2mtachyon_serverless_application::services::invoke[0m[2m:[0m invocation finished [3minvocation_id[0m[2m=[0minv_01m2q0etpxec8q99hech5rm1yf [3mstatus[0m[2m=[0m"succeeded" [3mhandler_ms[0m[2m=[0m401 [3menvironment_boot_ms[0m[2m=[0m623 [3mruntime_init_ms[0m[2m=[0m356
[2m2026-09-17T06:21:58.406811Z[0m [32m INFO[0m [2mtachyon_serverless_application::services::invoke[0m[2m:[0m invocation finished [3minvocation_id[0m[2m=[0minv_01m2q0etpxjbgkhzkmgk9x9rna [3mstatus[0m[2m=[0m"succeeded" [3mhandler_ms[0m[2m=[0m401 [3menvironment_boot_ms[0m[2m=[0m615 [3mruntime_init_ms[0m[2m=[0m355
[2m2026-09-17T06:21:58.407294Z[0m [32m INFO[0m [2mtachyon_serverless_provider_process[0m[2m:[0m terminating bridge [3menvironment_id[0m[2m=[0menv_01m2q0etpx6a8b5cyz1asj80ha [3mpid[0m[2m=[0m7831 [3mreason[0m[2m=[0mCompleted [3mgraceful[0m[2m=[0mtrue
[2m2026-09-17T06:21:58.407295Z[0m [32m INFO[0m [2mtachyon_serverless_provider_process[0m[2m:[0m terminating bridge [3menvironment_id[0m[2m=[0menv_01m2q0etpywtpsvwg2yp9xten7 [3mpid[0m[2m=[0m7832 [3mreason[0m[2m=[0mCompleted [3mgraceful[0m[2m=[0mtrue
[2m2026-09-17T06:21:58.407435Z[0m [32m INFO[0m [2mtachyon_serverless_application::services::invoke[0m[2m:[0m invocation finished [3minvocation_id[0m[2m=[0minv_01m2q0etptkkzsz3hef6fvrmb8 [3mstatus[0m[2m=[0m"succeeded" [3mhandler_ms[0m[2m=[0m402 [3menvironment_boot_ms[0m[2m=[0m624 [3mruntime_init_ms[0m[2m=[0m356
[2m2026-09-17T06:21:58.408527Z[0m [32m INFO[0m [2mtachyon_serverless_provider_process[0m[2m:[0m terminating bridge [3menvironment_id[0m[2m=[0menv_01m2q0etpv0nmr794pxepp4kew [3mpid[0m[2m=[0m7830 [3mreason[0m[2m=[0mCompleted [3mgraceful[0m[2m=[0mtrue
[2m2026-09-17T06:21:58.645689Z[0m [32m INFO[0m [2mtachyon_serverless_provider_process[0m[2m:[0m bridge spawned [3menvironment_id[0m[2m=[0menv_01m2q0ew8dbd1bbxyf7dpysg28 [3mpid[0m[2m=[0m8053
[2m2026-09-17T06:21:58.645765Z[0m [32m INFO[0m [2mtachyon_serverless_provider_process[0m[2m:[0m bridge spawned [3menvironment_id[0m[2m=[0menv_01m2q0ew8a4vy5a13csjb7jtse [3mpid[0m[2m=[0m8054
[2m2026-09-17T06:21:58.655493Z[0m [32m INFO[0m [2mtachyon_serverless_provider_process[0m[2m:[0m bridge spawned [3menvironment_id[0m[2m=[0menv_01m2q0ew8acnknaf7d2rdnjjcy [3mpid[0m[2m=[0m8057
[2m2026-09-17T06:21:59.062877Z[0m [32m INFO[0m [2mtachyon_serverless_application::services::invoke[0m[2m:[0m invocation finished [3minvocation_id[0m[2m=[0minv_01m2q0etpz7k9m1t8wyg6bgvvg [3mstatus[0m[2m=[0m"succeeded" [3mhandler_ms[0m[2m=[0m401 [3menvironment_boot_ms[0m[2m=[0m6 [3mruntime_init_ms[0m[2m=[0m7
[2m2026-09-17T06:21:59.063393Z[0m [32m INFO[0m [2mtachyon_serverless_provider_process[0m[2m:[0m terminating bridge [3menvironment_id[0m[2m=[0menv_01m2q0ew8dbd1bbxyf7dpysg28 [3mpid[0m[2m=[0m8053 [3mreason[0m[2m=[0mCompleted [3mgraceful[0m[2m=[0mtrue
[2m2026-09-17T06:21:59.064544Z[0m [32m INFO[0m [2mtachyon_serverless_application::services::invoke[0m[2m:[0m invocation finished [3minvocation_id[0m[2m=[0minv_01m2q0etpyfmj7tn54wcda8czg [3mstatus[0m[2m=[0m"succeeded" [3mhandler_ms[0m[2m=[0m401 [3menvironment_boot_ms[0m[2m=[0m6 [3mruntime_init_ms[0m[2m=[0m9
[2m2026-09-17T06:21:59.065672Z[0m [32m INFO[0m [2mtachyon_serverless_provider_process[0m[2m:[0m terminating bridge [3menvironment_id[0m[2m=[0menv_01m2q0ew8a4vy5a13csjb7jtse [3mpid[0m[2m=[0m8054 [3mreason[0m[2m=[0mCompleted [3mgraceful[0m[2m=[0mtrue
[2m2026-09-17T06:21:59.076420Z[0m [32m INFO[0m [2mtachyon_serverless_application::services::invoke[0m[2m:[0m invocation finished [3minvocation_id[0m[2m=[0minv_01m2q0etpzgxg3fr1dktqx2s5b [3mstatus[0m[2m=[0m"succeeded" [3mhandler_ms[0m[2m=[0m401 [3menvironment_boot_ms[0m[2m=[0m5 [3mruntime_init_ms[0m[2m=[0m12
[2m2026-09-17T06:21:59.077728Z[0m [32m INFO[0m [2mtachyon_serverless_provider_process[0m[2m:[0m terminating bridge [3menvironment_id[0m[2m=[0menv_01m2q0ew8acnknaf7d2rdnjjcy [3mpid[0m[2m=[0m8057 [3mreason[0m[2m=[0mCompleted [3mgraceful[0m[2m=[0mtrue
[2m2026-09-17T06:21:59.304427Z[0m [32m INFO[0m [2mtachyon_serverless_provider_process[0m[2m:[0m bridge spawned [3menvironment_id[0m[2m=[0menv_01m2q0ewwtvdn7306vkkhdhcge [3mpid[0m[2m=[0m8143
[2m2026-09-17T06:21:59.718932Z[0m [32m INFO[0m [2mtachyon_serverless_application::services::invoke[0m[2m:[0m invocation finished [3minvocation_id[0m[2m=[0minv_01m2q0etq08vv1g2jy8wb942pp [3mstatus[0m[2m=[0m"succeeded" [3mhandler_ms[0m[2m=[0m401 [3menvironment_boot_ms[0m[2m=[0m5 [3mruntime_init_ms[0m[2m=[0m6
[2m2026-09-17T06:21:59.720152Z[0m [32m INFO[0m [2mtachyon_serverless_provider_process[0m[2m:[0m terminating bridge [3menvironment_id[0m[2m=[0menv_01m2q0ewwtvdn7306vkkhdhcge [3mpid[0m[2m=[0m8143 [3mreason[0m[2m=[0mCompleted [3mgraceful[0m[2m=[0mtrue
[2m2026-09-17T06:22:00.090276Z[0m [32m INFO[0m [2mtachyon_serverless_provider_process[0m[2m:[0m bridge spawned [3menvironment_id[0m[2m=[0menv_01m2q0exppx8cv5tsrgtj7zmdy [3mpid[0m[2m=[0m8275
[2m2026-09-17T06:22:00.203199Z[0m [32m INFO[0m [2mtachyon_serverless_application::services::invoke[0m[2m:[0m invocation finished [3minvocation_id[0m[2m=[0minv_01m2q0exppqh3pxs6pfbzcppqf [3mstatus[0m[2m=[0m"succeeded" [3mhandler_ms[0m[2m=[0m101 [3menvironment_boot_ms[0m[2m=[0m5 [3mruntime_init_ms[0m[2m=[0m5
[2m2026-09-17T06:22:00.204411Z[0m [32m INFO[0m [2mtachyon_serverless_provider_process[0m[2m:[0m terminating bridge [3menvironment_id[0m[2m=[0menv_01m2q0exppx8cv5tsrgtj7zmdy [3mpid[0m[2m=[0m8275 [3mreason[0m[2m=[0mCompleted [3mgraceful[0m[2m=[0mtrue
[2m2026-09-17T06:22:00.437712Z[0m [32m INFO[0m [2mtachyon_serverless_provider_process[0m[2m:[0m bridge spawned [3menvironment_id[0m[2m=[0menv_01m2q0ey1r4sywtrkszhkbvd98 [3mpid[0m[2m=[0m8320
[2m2026-09-17T06:22:01.136758Z[0m [32m INFO[0m [2mtachyon_serverless_application::services::revision[0m[2m:[0m revision ready [3mrevision_id[0m[2m=[0mrev_01m2q0eyp72246fn83nt4z0chx [3mfunction_id[0m[2m=[0mfn_01m2q0et324qxaad2ntvdjz5jn
[2m2026-09-17T06:22:01.401824Z[0m [32m INFO[0m [2mtachyon_serverless_provider_process[0m[2m:[0m bridge spawned [3menvironment_id[0m[2m=[0menv_01m2q0eyyjc2nb6r7smmmpb94f [3mpid[0m[2m=[0m8382
[2m2026-09-17T06:22:01.518385Z[0m [32m INFO[0m [2mtachyon_serverless_application::services::invoke[0m[2m:[0m invocation finished [3minvocation_id[0m[2m=[0minv_01m2q0eyyjvyjcm6w2b75y1jkx [3mstatus[0m[2m=[0m"succeeded" [3mhandler_ms[0m[2m=[0m101 [3menvironment_boot_ms[0m[2m=[0m5 [3mruntime_init_ms[0m[2m=[0m7
[2m2026-09-17T06:22:01.519659Z[0m [32m INFO[0m [2mtachyon_serverless_provider_process[0m[2m:[0m terminating bridge [3menvironment_id[0m[2m=[0menv_01m2q0eyyjc2nb6r7smmmpb94f [3mpid[0m[2m=[0m8382 [3mreason[0m[2m=[0mCompleted [3mgraceful[0m[2m=[0mtrue
[2m2026-09-17T06:22:01.571295Z[0m [32m INFO[0m [2mtachyon_serverless_application::services::scaling[0m[2m:[0m draining revision: new work goes elsewhere (or is refused), running work completes [3mrevision_id[0m[2m=[0mrev_01m2q0etdpsgrns1gxhcbzg4qe [3mreason[0m[2m=[0m"alias_switch"
[2m2026-09-17T06:22:04.450898Z[0m [32m INFO[0m [2mtachyon_serverless_application::services::invoke[0m[2m:[0m invocation finished [3minvocation_id[0m[2m=[0minv_01m2q0ey1rdjjsv2rbzwg30z3d [3mstatus[0m[2m=[0m"succeeded" [3mhandler_ms[0m[2m=[0m4001 [3menvironment_boot_ms[0m[2m=[0m4 [3mruntime_init_ms[0m[2m=[0m5
[2m2026-09-17T06:22:04.452110Z[0m [32m INFO[0m [2mtachyon_serverless_provider_process[0m[2m:[0m terminating bridge [3menvironment_id[0m[2m=[0menv_01m2q0ey1r4sywtrkszhkbvd98 [3mpid[0m[2m=[0m8320 [3mreason[0m[2m=[0mCompleted [3mgraceful[0m[2m=[0mtrue
[2m2026-09-17T06:22:04.747152Z[0m [32m INFO[0m [2mtachyon_serverless_provider_process[0m[2m:[0m bridge spawned [3menvironment_id[0m[2m=[0menv_01m2q0f28f0v7r1c96mma75ks3 [3mpid[0m[2m=[0m8608
[2m2026-09-17T06:22:05.452680Z[0m [32m INFO[0m [2mtachyon_serverless_application::services::revision[0m[2m:[0m revision ready [3mrevision_id[0m[2m=[0mrev_01m2q0f2x5rbk5j2fsxhwemhh0 [3mfunction_id[0m[2m=[0mfn_01m2q0et324qxaad2ntvdjz5jn
[2m2026-09-17T06:22:05.571469Z[0m [32m INFO[0m [2mtachyon_serverless_application::services::scaling[0m[2m:[0m draining revision: new work goes elsewhere (or is refused), running work completes [3mrevision_id[0m[2m=[0mrev_01m2q0eyp72246fn83nt4z0chx [3mreason[0m[2m=[0m"alias_switch"
[2m2026-09-17T06:22:11.072160Z[0m [33m WARN[0m [2mtachyon_serverless_application::services::scaling[0m[2m:[0m drain timeout: stopping invocations still running on a drained revision [3mrevision_id[0m[2m=[0mrev_01m2q0eyp72246fn83nt4z0chx [3mstopped[0m[2m=[0m1 [3mdrain_timeout_seconds[0m[2m=[0m5
[2m2026-09-17T06:22:11.074811Z[0m [32m INFO[0m [2mtachyon_serverless_application::services::invoke[0m[2m:[0m invocation finished [3minvocation_id[0m[2m=[0minv_01m2q0f28f26v6y5d8fre79c7n [3mstatus[0m[2m=[0m"failed" [3mhandler_ms[0m[2m=[0m6314 [3menvironment_boot_ms[0m[2m=[0m4 [3mruntime_init_ms[0m[2m=[0m5
[2m2026-09-17T06:22:11.290144Z[0m [32m INFO[0m [2mtachyon_serverless_provider_process[0m[2m:[0m bridge spawned [3menvironment_id[0m[2m=[0menv_01m2q0f8mxk6f7hm2wgmcpcc6r [3mpid[0m[2m=[0m8908
[2m2026-09-17T06:22:11.570807Z[0m [32m INFO[0m [2mtachyon_serverless_application::services::scaling[0m[2m:[0m draining revision: new work goes elsewhere (or is refused), running work completes [3mrevision_id[0m[2m=[0mrev_01m2q0f2x5rbk5j2fsxhwemhh0 [3mreason[0m[2m=[0m"function_deleted"
[2m2026-09-17T06:22:11.570839Z[0m [32m INFO[0m [2mtachyon_serverless_application::services::scaling[0m[2m:[0m draining revision: new work goes elsewhere (or is refused), running work completes [3mrevision_id[0m[2m=[0mrev_01m2q0eyp72246fn83nt4z0chx [3mreason[0m[2m=[0m"function_deleted"
[2m2026-09-17T06:22:11.570855Z[0m [32m INFO[0m [2mtachyon_serverless_application::services::scaling[0m[2m:[0m draining revision: new work goes elsewhere (or is refused), running work completes [3mrevision_id[0m[2m=[0mrev_01m2q0etdpsgrns1gxhcbzg4qe [3mreason[0m[2m=[0m"function_deleted"
[2m2026-09-17T06:22:14.303169Z[0m [32m INFO[0m [2mtachyon_serverless_application::services::invoke[0m[2m:[0m invocation finished [3minvocation_id[0m[2m=[0minv_01m2q0f8mxcs0rw0evvs0dgc5z [3mstatus[0m[2m=[0m"succeeded" [3mhandler_ms[0m[2m=[0m3001 [3menvironment_boot_ms[0m[2m=[0m5 [3mruntime_init_ms[0m[2m=[0m5
[2m2026-09-17T06:22:14.303268Z[0m [32m INFO[0m [2mtachyon_serverless_provider_process[0m[2m:[0m terminating bridge [3menvironment_id[0m[2m=[0menv_01m2q0f8mxk6f7hm2wgmcpcc6r [3mpid[0m[2m=[0m8908 [3mreason[0m[2m=[0mCompleted [3mgraceful[0m[2m=[0mtrue
[2m2026-09-17T06:22:14.573231Z[0m [32m INFO[0m [2mtachyon_serverless_application::services::scaling[0m[2m:[0m function deletion drained: no work and no environment left [3mfunction_id[0m[2m=[0mfn_01m2q0et324qxaad2ntvdjz5jn
[2m2026-09-17T06:22:14.689646Z[0m [32m INFO[0m [2mtachyon_serverless_gateway[0m[2m:[0m SIGTERM received
[2m2026-09-17T06:22:14.689667Z[0m [32m INFO[0m [2mtachyon_serverless_gateway[0m[2m:[0m shutdown requested; cancelling in-flight invocations
[2m2026-09-17T06:22:14.690606Z[0m [32m INFO[0m [2mtachyon_serverless_gateway[0m[2m:[0m gateway stopped
