
===== a start (failpoints: none) 11:18:04 =====
{"timestamp":"2026-09-17T11:18:04.942969Z","level":"INFO","message":"configuration loaded","config":"/private/var/folders/z7/khzdjrt95cg_fcmcnh4j1b5h0000gn/T/tsls-chaos.Uh5AgF/gw-a.toml","target":"tachyon_serverless_gateway"}
{"timestamp":"2026-09-17T11:18:04.945400Z","level":"INFO","message":"connected successfully","server":"51269","max_payload":"1048576","target":"async_nats::connector"}
{"timestamp":"2026-09-17T11:18:04.945520Z","level":"INFO","message":"event: connected","target":"async_nats"}
{"timestamp":"2026-09-17T11:18:04.959893Z","level":"INFO","message":"JetStream queue connected and stream bootstrapped","url":"nats://127.0.0.1:51269","stream":"TACHYON_EVENTS","target":"tachyon_serverless_gateway::durable"}
{"timestamp":"2026-09-17T11:18:04.969699Z","level":"INFO","message":"state store opened","path":"/private/var/folders/z7/khzdjrt95cg_fcmcnh4j1b5h0000gn/T/tsls-chaos.Uh5AgF/data/state.db","schema_version":8,"migrations_applied":"[1, 2, 3, 4, 5, 6, 7, 8]","imported_state_json":"None","settled_invocations":0,"settled_attempts":0,"settled_environments":0,"released_leases":0,"dropped_idempotency_keys":0,"purged_idempotency_keys":0,"outputs_purged":0,"target":"tachyon_serverless_application::app"}
{"timestamp":"2026-09-17T11:18:04.970027Z","level":"INFO","message":"dispatcher registered","dispatcher_id":"dsp_01m2qhd2d909p088kfpyjavzfs","instance":"chaos-a","pid":29772,"lease_ttl_seconds":6,"target":"tachyon_serverless_application::services::dispatcher"}
{"timestamp":"2026-09-17T11:18:04.973579Z","level":"INFO","message":"application bootstrapped","profile":"dev","provider":"process","dev_only":true,"environment_reuse":false,"reuse_verified":false,"reuse_reason":"[pool] enabled is false","reuse_disabled":"Some(Configuration)","idle_quiesce":"unsupported","idle_resume":"unsupported","data_dir":"/private/var/folders/z7/khzdjrt95cg_fcmcnh4j1b5h0000gn/T/tsls-chaos.Uh5AgF/data","store":"sqlite","dispatcher_id":"dsp_01m2qhd2d909p088kfpyjavzfs","node":"local","node_region":"none","node_memory_mib":"None","max_concurrency":8,"queue":"nats","objects":"filesystem","invoke_async":true,"triggers":true,"target":"tachyon_serverless_application::app"}
{"timestamp":"2026-09-17T11:18:04.973814Z","level":"INFO","message":"startup reconcile finished","provider":"process","found":0,"adopted":0,"terminated":0,"disowned":0,"failed":0,"lost":0,"foreign":0,"reclaimed_dispatchers":0,"fenced_terminated":0,"fenced_pending":0,"target":"tachyon_serverless_application::services::reconcile"}
{"timestamp":"2026-09-17T11:18:04.973887Z","level":"INFO","message":"gateway listening","addr":"127.0.0.1:51275","profile":"dev","provider":"process","target":"tachyon_serverless_gateway"}
{"timestamp":"2026-09-17T11:18:04.975494Z","level":"INFO","message":"asynchronous dispatcher started","workers":2,"owner":"dsp_01m2qhd2d909p088kfpyjavzfs","target":"tachyon_serverless_gateway"}
{"timestamp":"2026-09-17T11:18:05.993573Z","level":"INFO","message":"revision ready","revision_id":"rev_01m2qhd36079wcj3tbmppbhghd","function_id":"fn_01m2qhd2nwyn8w468r1wchy9sy","target":"tachyon_serverless_application::services::revision"}
{"timestamp":"2026-09-17T11:18:06.828233Z","level":"INFO","message":"revision ready","revision_id":"rev_01m2qhd400tmej2nqr8qszmprd","function_id":"fn_01m2qhd3gam67n7kmc3dpxnbcw","target":"tachyon_serverless_application::services::revision"}
{"timestamp":"2026-09-17T11:18:07.722498Z","level":"INFO","message":"revision ready","revision_id":"rev_01m2qhd4va0977s8pxyam9h3zz","function_id":"fn_01m2qhd4ap5sbhc0avrrhqm0gs","target":"tachyon_serverless_application::services::revision"}
{"timestamp":"2026-09-17T11:18:08.102779Z","level":"INFO","message":"bridge spawned","environment_id":"env_01m2qhd57h3y3t7zyryx3h2tg4","pid":30075,"target":"tachyon_serverless_provider_process"}
{"timestamp":"2026-09-17T11:18:08.498044Z","level":"INFO","message":"invocation finished","invocation_id":"inv_01m2qhd57hq1cg9hc09wn0wx3w","status":"succeeded","handler_ms":0,"environment_boot_ms":6,"runtime_init_ms":386,"target":"tachyon_serverless_application::services::invoke"}
{"timestamp":"2026-09-17T11:18:08.499823Z","level":"INFO","message":"terminating bridge","environment_id":"env_01m2qhd57h3y3t7zyryx3h2tg4","pid":30075,"reason":"Completed","graceful":true,"target":"tachyon_serverless_provider_process"}
{"timestamp":"2026-09-17T11:18:08.796389Z","level":"INFO","message":"bridge spawned","environment_id":"env_01m2qhd5xshncmn3xx2e9bn3db","pid":30094,"target":"tachyon_serverless_provider_process"}
{"timestamp":"2026-09-17T11:18:08.810407Z","level":"INFO","message":"invocation finished","invocation_id":"inv_01m2qhd5xr17y5vgc19nvr1amz","status":"succeeded","handler_ms":0,"environment_boot_ms":5,"runtime_init_ms":6,"target":"tachyon_serverless_application::services::invoke"}
{"timestamp":"2026-09-17T11:18:08.812081Z","level":"INFO","message":"terminating bridge","environment_id":"env_01m2qhd5xshncmn3xx2e9bn3db","pid":30094,"reason":"Completed","graceful":true,"target":"tachyon_serverless_provider_process"}
{"timestamp":"2026-09-17T11:18:09.121805Z","level":"INFO","message":"bridge spawned","environment_id":"env_01m2qhd67kc050ehnejatqht99","pid":30113,"target":"tachyon_serverless_provider_process"}
{"timestamp":"2026-09-17T11:18:09.137480Z","level":"INFO","message":"invocation finished","invocation_id":"inv_01m2qhd67jpqn522831qcppp0p","status":"succeeded","handler_ms":0,"environment_boot_ms":6,"runtime_init_ms":7,"target":"tachyon_serverless_application::services::invoke"}
{"timestamp":"2026-09-17T11:18:09.139014Z","level":"INFO","message":"terminating bridge","environment_id":"env_01m2qhd67kc050ehnejatqht99","pid":30113,"reason":"Completed","graceful":true,"target":"tachyon_serverless_provider_process"}
{"timestamp":"2026-09-17T11:18:09.459781Z","level":"INFO","message":"bridge spawned","environment_id":"env_01m2qhd6hx6q0sg89a7t9gx51k","pid":30132,"target":"tachyon_serverless_provider_process"}
{"timestamp":"2026-09-17T11:18:09.475389Z","level":"INFO","message":"invocation finished","invocation_id":"inv_01m2qhd6hxhrhyp7555gzb9tej","status":"succeeded","handler_ms":0,"environment_boot_ms":6,"runtime_init_ms":7,"target":"tachyon_serverless_application::services::invoke"}
{"timestamp":"2026-09-17T11:18:09.477111Z","level":"INFO","message":"terminating bridge","environment_id":"env_01m2qhd6hx6q0sg89a7t9gx51k","pid":30132,"reason":"Completed","graceful":true,"target":"tachyon_serverless_provider_process"}
{"timestamp":"2026-09-17T11:18:09.805346Z","level":"INFO","message":"bridge spawned","environment_id":"env_01m2qhd6wex55j4385650ser96","pid":30151,"target":"tachyon_serverless_provider_process"}
{"timestamp":"2026-09-17T11:18:09.820711Z","level":"INFO","message":"invocation finished","invocation_id":"inv_01m2qhd6wdgtt5dqc1mdenxwej","status":"succeeded","handler_ms":0,"environment_boot_ms":6,"runtime_init_ms":7,"target":"tachyon_serverless_application::services::invoke"}
{"timestamp":"2026-09-17T11:18:09.822500Z","level":"INFO","message":"terminating bridge","environment_id":"env_01m2qhd6wex55j4385650ser96","pid":30151,"reason":"Completed","graceful":true,"target":"tachyon_serverless_provider_process"}
{"timestamp":"2026-09-17T11:18:10.140107Z","level":"INFO","message":"bridge spawned","environment_id":"env_01m2qhd779swtmkkk94y9r71vk","pid":30170,"target":"tachyon_serverless_provider_process"}
{"timestamp":"2026-09-17T11:18:10.155346Z","level":"INFO","message":"invocation finished","invocation_id":"inv_01m2qhd7786wt11a2zp5gwd190","status":"succeeded","handler_ms":0,"environment_boot_ms":6,"runtime_init_ms":7,"target":"tachyon_serverless_application::services::invoke"}
{"timestamp":"2026-09-17T11:18:10.157025Z","level":"INFO","message":"terminating bridge","environment_id":"env_01m2qhd779swtmkkk94y9r71vk","pid":30170,"reason":"Completed","graceful":true,"target":"tachyon_serverless_provider_process"}
{"timestamp":"2026-09-17T11:18:10.483926Z","level":"INFO","message":"bridge spawned","environment_id":"env_01m2qhd7hte7ztk6escyx678qm","pid":30189,"target":"tachyon_serverless_provider_process"}
{"timestamp":"2026-09-17T11:18:10.498696Z","level":"INFO","message":"invocation finished","invocation_id":"inv_01m2qhd7hth4cy47a46wkr1yqz","status":"succeeded","handler_ms":0,"environment_boot_ms":6,"runtime_init_ms":7,"target":"tachyon_serverless_application::services::invoke"}
{"timestamp":"2026-09-17T11:18:10.500378Z","level":"INFO","message":"terminating bridge","environment_id":"env_01m2qhd7hte7ztk6escyx678qm","pid":30189,"reason":"Completed","graceful":true,"target":"tachyon_serverless_provider_process"}
{"timestamp":"2026-09-17T11:18:10.815541Z","level":"INFO","message":"bridge spawned","environment_id":"env_01m2qhd7wckg7ntsnvzgg50qvz","pid":30208,"target":"tachyon_serverless_provider_process"}
{"timestamp":"2026-09-17T11:18:10.830558Z","level":"INFO","message":"invocation finished","invocation_id":"inv_01m2qhd7wbk9frg66vezs7tqmd","status":"succeeded","handler_ms":0,"environment_boot_ms":6,"runtime_init_ms":7,"target":"tachyon_serverless_application::services::invoke"}
{"timestamp":"2026-09-17T11:18:10.832057Z","level":"INFO","message":"terminating bridge","environment_id":"env_01m2qhd7wckg7ntsnvzgg50qvz","pid":30208,"reason":"Completed","graceful":true,"target":"tachyon_serverless_provider_process"}
{"timestamp":"2026-09-17T11:18:11.153721Z","level":"INFO","message":"bridge spawned","environment_id":"env_01m2qhd86rn3t5emfmfjnvwvw5","pid":30228,"target":"tachyon_serverless_provider_process"}
{"timestamp":"2026-09-17T11:18:11.169078Z","level":"INFO","message":"invocation finished","invocation_id":"inv_01m2qhd86r32x4f0cvavmxc8mw","status":"succeeded","handler_ms":0,"environment_boot_ms":6,"runtime_init_ms":7,"target":"tachyon_serverless_application::services::invoke"}
{"timestamp":"2026-09-17T11:18:11.170851Z","level":"INFO","message":"terminating bridge","environment_id":"env_01m2qhd86rn3t5emfmfjnvwvw5","pid":30228,"reason":"Completed","graceful":true,"target":"tachyon_serverless_provider_process"}
{"timestamp":"2026-09-17T11:18:11.502727Z","level":"INFO","message":"bridge spawned","environment_id":"env_01m2qhd8hfj9v4e44ms56r34kj","pid":30248,"target":"tachyon_serverless_provider_process"}
{"timestamp":"2026-09-17T11:18:11.518118Z","level":"INFO","message":"invocation finished","invocation_id":"inv_01m2qhd8hf9mf213rt4gpwv66p","status":"succeeded","handler_ms":0,"environment_boot_ms":6,"runtime_init_ms":7,"target":"tachyon_serverless_application::services::invoke"}
{"timestamp":"2026-09-17T11:18:11.519790Z","level":"INFO","message":"terminating bridge","environment_id":"env_01m2qhd8hfj9v4e44ms56r34kj","pid":30248,"reason":"Completed","graceful":true,"target":"tachyon_serverless_provider_process"}
{"timestamp":"2026-09-17T11:18:11.954121Z","level":"INFO","message":"asynchronous invocation accepted","invocation_id":"inv_01m2qhd97h9trp5hfkb27engjv","tenant_id":"tn_01hzzzzzzzzzzzzzzzzzzzzzza","revision_id":"rev_01m2qhd36079wcj3tbmppbhghd","input_bytes":53,"input_storage":"inline","target":"tachyon_serverless_application::services::invoke_async"}
{"timestamp":"2026-09-17T11:18:11.966403Z","level":"INFO","message":"asynchronous run claimed","invocation_id":"inv_01m2qhd97h9trp5hfkb27engjv","attempt":1,"generation":0,"delivery_count":1,"target":"tachyon_serverless_application::services::invoke_async::dispatch"}
{"timestamp":"2026-09-17T11:18:11.967040Z","level":"INFO","message":"asynchronous invocation rescheduled","invocation_id":"inv_01m2qhd97h9trp5hfkb27engjv","next_attempt_at":"2026-09-17T11:18:12.066666+00:00","counted":false,"error_type":"Host.UsageJournalFull","target":"tachyon_serverless_application::services::invoke_async::dispatch"}
{"timestamp":"2026-09-17T11:18:11.972963Z","level":"INFO","message":"async dispatch: delivery handled","message_id":"inv_01m2qhd97h9trp5hfkb27engjv","sequence":1,"delivery_count":1,"outcome":"Rescheduled { next_attempt_at: 2026-09-17T11:18:12.066666Z, counted: false }","target":"tachyon_serverless_application::services::invoke_async::dispatch"}
{"timestamp":"2026-09-17T11:18:12.075484Z","level":"INFO","message":"asynchronous run claimed","invocation_id":"inv_01m2qhd97h9trp5hfkb27engjv","attempt":1,"generation":1,"delivery_count":1,"target":"tachyon_serverless_application::services::invoke_async::dispatch"}
{"timestamp":"2026-09-17T11:18:12.076050Z","level":"INFO","message":"asynchronous invocation rescheduled","invocation_id":"inv_01m2qhd97h9trp5hfkb27engjv","next_attempt_at":"2026-09-17T11:18:12.398713+00:00","counted":false,"error_type":"Host.UsageJournalFull","target":"tachyon_serverless_application::services::invoke_async::dispatch"}
{"timestamp":"2026-09-17T11:18:12.079879Z","level":"INFO","message":"async dispatch: delivery handled","message_id":"inv_01m2qhd97h9trp5hfkb27engjv.g1","sequence":2,"delivery_count":1,"outcome":"Rescheduled { next_attempt_at: 2026-09-17T11:18:12.398713Z, counted: false }","target":"tachyon_serverless_application::services::invoke_async::dispatch"}
{"timestamp":"2026-09-17T11:18:12.367121Z","level":"INFO","message":"configuration loaded","config":"/private/var/folders/z7/khzdjrt95cg_fcmcnh4j1b5h0000gn/T/tsls-chaos.Uh5AgF/gw-a.toml","target":"tachyon_serverless_gateway"}
{"timestamp":"2026-09-17T11:18:12.369310Z","level":"INFO","message":"connected successfully","server":"51269","max_payload":"1048576","target":"async_nats::connector"}
{"timestamp":"2026-09-17T11:18:12.369425Z","level":"INFO","message":"event: connected","target":"async_nats"}
{"timestamp":"2026-09-17T11:18:12.379989Z","level":"INFO","message":"JetStream queue connected and stream bootstrapped","url":"nats://127.0.0.1:51269","stream":"TACHYON_EVENTS","target":"tachyon_serverless_gateway::durable"}
{"timestamp":"2026-09-17T11:18:12.382108Z","level":"INFO","message":"state store opened","path":"/private/var/folders/z7/khzdjrt95cg_fcmcnh4j1b5h0000gn/T/tsls-chaos.Uh5AgF/data/state.db","schema_version":8,"migrations_applied":"[]","imported_state_json":"None","settled_invocations":0,"settled_attempts":0,"settled_environments":0,"released_leases":0,"dropped_idempotency_keys":0,"purged_idempotency_keys":0,"outputs_purged":0,"target":"tachyon_serverless_application::app"}
{"timestamp":"2026-09-17T11:18:12.382426Z","level":"INFO","message":"dispatcher registered","dispatcher_id":"dsp_01m2qhd9mygvzeqmbewacvgqs7","instance":"chaos-a","pid":30392,"lease_ttl_seconds":6,"target":"tachyon_serverless_application::services::dispatcher"}
{"timestamp":"2026-09-17T11:18:12.382819Z","level":"WARN","message":"reclaimed the work of dispatchers that lost their lease","dispatcher_id":"dsp_01m2qhd9mygvzeqmbewacvgqs7","reclaimed_dispatchers":"[DispatcherId(dsp_01m2qhd2d909p088kfpyjavzfs)]","leases":0,"invocations":0,"attempts":0,"fenced":0,"target":"tachyon_serverless_application::services::dispatcher"}
{"timestamp":"2026-09-17T11:18:12.384779Z","level":"WARN","message":"usage collector crash point armed (dev profile, test only)","crash_point":"collector.after_ledger_commit","target":"tachyon_serverless_application::usage"}
{"timestamp":"2026-09-17T11:18:12.385057Z","level":"INFO","message":"application bootstrapped","profile":"dev","provider":"process","dev_only":true,"environment_reuse":false,"reuse_verified":false,"reuse_reason":"[pool] enabled is false","reuse_disabled":"Some(Configuration)","idle_quiesce":"unsupported","idle_resume":"unsupported","data_dir":"/private/var/folders/z7/khzdjrt95cg_fcmcnh4j1b5h0000gn/T/tsls-chaos.Uh5AgF/data","store":"sqlite","dispatcher_id":"dsp_01m2qhd9mygvzeqmbewacvgqs7","node":"local","node_region":"none","node_memory_mib":"None","max_concurrency":8,"queue":"nats","objects":"filesystem","invoke_async":true,"triggers":true,"target":"tachyon_serverless_application::app"}
{"timestamp":"2026-09-17T11:18:12.385424Z","level":"INFO","message":"startup reconcile finished","provider":"process","found":0,"adopted":0,"terminated":0,"disowned":0,"failed":0,"lost":0,"foreign":0,"reclaimed_dispatchers":0,"fenced_terminated":0,"fenced_pending":0,"target":"tachyon_serverless_application::services::reconcile"}
{"timestamp":"2026-09-17T11:18:12.385495Z","level":"INFO","message":"gateway listening","addr":"127.0.0.1:51275","profile":"dev","provider":"process","target":"tachyon_serverless_gateway"}
{"timestamp":"2026-09-17T11:18:12.387116Z","level":"INFO","message":"asynchronous dispatcher started","workers":2,"owner":"dsp_01m2qhd9mygvzeqmbewacvgqs7","target":"tachyon_serverless_gateway"}
{"timestamp":"2026-09-17T11:18:12.397146Z","level":"ERROR","message":"usage crash point: SIGKILL after the ledger commit, before the cursor","last_seq":25,"target":"tachyon_serverless_application::usage"}

===== a start (failpoints: none) 11:18:12 =====
{"timestamp":"2026-09-17T11:18:12.505441Z","level":"INFO","message":"configuration loaded","config":"/private/var/folders/z7/khzdjrt95cg_fcmcnh4j1b5h0000gn/T/tsls-chaos.Uh5AgF/gw-a.toml","target":"tachyon_serverless_gateway"}
{"timestamp":"2026-09-17T11:18:12.507636Z","level":"INFO","message":"connected successfully","server":"51269","max_payload":"1048576","target":"async_nats::connector"}
{"timestamp":"2026-09-17T11:18:12.507782Z","level":"INFO","message":"event: connected","target":"async_nats"}
{"timestamp":"2026-09-17T11:18:12.517803Z","level":"INFO","message":"JetStream queue connected and stream bootstrapped","url":"nats://127.0.0.1:51269","stream":"TACHYON_EVENTS","target":"tachyon_serverless_gateway::durable"}
{"timestamp":"2026-09-17T11:18:12.520128Z","level":"INFO","message":"state store opened","path":"/private/var/folders/z7/khzdjrt95cg_fcmcnh4j1b5h0000gn/T/tsls-chaos.Uh5AgF/data/state.db","schema_version":8,"migrations_applied":"[]","imported_state_json":"None","settled_invocations":0,"settled_attempts":0,"settled_environments":0,"released_leases":0,"dropped_idempotency_keys":0,"purged_idempotency_keys":0,"outputs_purged":0,"target":"tachyon_serverless_application::app"}
{"timestamp":"2026-09-17T11:18:12.520456Z","level":"INFO","message":"dispatcher registered","dispatcher_id":"dsp_01m2qhd9s81es0xxm9mky3sk06","instance":"chaos-a","pid":30403,"lease_ttl_seconds":6,"target":"tachyon_serverless_application::services::dispatcher"}
{"timestamp":"2026-09-17T11:18:12.520959Z","level":"WARN","message":"reclaimed the work of dispatchers that lost their lease","dispatcher_id":"dsp_01m2qhd9s81es0xxm9mky3sk06","reclaimed_dispatchers":"[DispatcherId(dsp_01m2qhd9mygvzeqmbewacvgqs7)]","leases":0,"invocations":0,"attempts":0,"fenced":0,"target":"tachyon_serverless_application::services::dispatcher"}
{"timestamp":"2026-09-17T11:18:12.522624Z","level":"INFO","message":"application bootstrapped","profile":"dev","provider":"process","dev_only":true,"environment_reuse":false,"reuse_verified":false,"reuse_reason":"[pool] enabled is false","reuse_disabled":"Some(Configuration)","idle_quiesce":"unsupported","idle_resume":"unsupported","data_dir":"/private/var/folders/z7/khzdjrt95cg_fcmcnh4j1b5h0000gn/T/tsls-chaos.Uh5AgF/data","store":"sqlite","dispatcher_id":"dsp_01m2qhd9s81es0xxm9mky3sk06","node":"local","node_region":"none","node_memory_mib":"None","max_concurrency":8,"queue":"nats","objects":"filesystem","invoke_async":true,"triggers":true,"target":"tachyon_serverless_application::app"}
{"timestamp":"2026-09-17T11:18:12.523166Z","level":"INFO","message":"startup reconcile finished","provider":"process","found":0,"adopted":0,"terminated":0,"disowned":0,"failed":0,"lost":0,"foreign":0,"reclaimed_dispatchers":0,"fenced_terminated":0,"fenced_pending":0,"target":"tachyon_serverless_application::services::reconcile"}
{"timestamp":"2026-09-17T11:18:12.523243Z","level":"INFO","message":"gateway listening","addr":"127.0.0.1:51275","profile":"dev","provider":"process","target":"tachyon_serverless_gateway"}
{"timestamp":"2026-09-17T11:18:12.525036Z","level":"INFO","message":"asynchronous dispatcher started","workers":2,"owner":"dsp_01m2qhd9s81es0xxm9mky3sk06","target":"tachyon_serverless_gateway"}
{"timestamp":"2026-09-17T11:18:12.545629Z","level":"INFO","message":"asynchronous run claimed","invocation_id":"inv_01m2qhd97h9trp5hfkb27engjv","attempt":1,"generation":2,"delivery_count":1,"target":"tachyon_serverless_application::services::invoke_async::dispatch"}
{"timestamp":"2026-09-17T11:18:12.799173Z","level":"INFO","message":"bridge spawned","environment_id":"env_01m2qhd9t1579x17mgmdwe8ygb","pid":30423,"target":"tachyon_serverless_provider_process"}
{"timestamp":"2026-09-17T11:18:13.125544Z","level":"INFO","message":"invocation finished","invocation_id":"inv_01m2qhd97h9trp5hfkb27engjv","status":"succeeded (async run)","handler_ms":1,"environment_boot_ms":5,"runtime_init_ms":318,"target":"tachyon_serverless_application::services::invoke"}
{"timestamp":"2026-09-17T11:18:13.127069Z","level":"INFO","message":"terminating bridge","environment_id":"env_01m2qhd9t1579x17mgmdwe8ygb","pid":30423,"reason":"Completed","graceful":true,"target":"tachyon_serverless_provider_process"}
{"timestamp":"2026-09-17T11:18:13.131040Z","level":"INFO","message":"asynchronous invocation settled","invocation_id":"inv_01m2qhd97h9trp5hfkb27engjv","status":"succeeded","target":"tachyon_serverless_application::services::invoke_async::dispatch"}
{"timestamp":"2026-09-17T11:18:13.137376Z","level":"INFO","message":"async dispatch: delivery handled","message_id":"inv_01m2qhd97h9trp5hfkb27engjv.g2","sequence":3,"delivery_count":1,"outcome":"Completed { status: \"succeeded\" }","target":"tachyon_serverless_application::services::invoke_async::dispatch"}
{"timestamp":"2026-09-17T11:18:13.232987Z","level":"INFO","message":"bridge spawned","environment_id":"env_01m2qhda7hfdj6damxnee2gm71","pid":30467,"target":"tachyon_serverless_provider_process"}
{"timestamp":"2026-09-17T11:18:13.248192Z","level":"INFO","message":"invocation finished","invocation_id":"inv_01m2qhda7h74qgbw6g4schjz0r","status":"succeeded","handler_ms":0,"environment_boot_ms":6,"runtime_init_ms":7,"target":"tachyon_serverless_application::services::invoke"}
{"timestamp":"2026-09-17T11:18:13.249741Z","level":"INFO","message":"terminating bridge","environment_id":"env_01m2qhda7hfdj6damxnee2gm71","pid":30467,"reason":"Completed","graceful":true,"target":"tachyon_serverless_provider_process"}
{"timestamp":"2026-09-17T11:18:14.276970Z","level":"INFO","message":"SIGTERM received","target":"tachyon_serverless_gateway"}
{"timestamp":"2026-09-17T11:18:14.277007Z","level":"INFO","message":"shutdown requested; cancelling in-flight invocations","target":"tachyon_serverless_gateway"}
{"timestamp":"2026-09-17T11:18:14.277266Z","level":"INFO","message":"final usage collection","report":"CollectReport { batches: 0, read: 0, inserted: 0, duplicates: 0, cursor_seq: 60 }","target":"tachyon_serverless_gateway"}
{"timestamp":"2026-09-17T11:18:14.278444Z","level":"INFO","message":"gateway stopped","target":"tachyon_serverless_gateway"}
{"timestamp":"2026-09-17T11:18:14.278559Z","level":"INFO","message":"event: closed","target":"async_nats"}
