
===== a start (failpoints: none) 18:24:36 =====
{"timestamp":"2026-09-17T18:24:36.339944Z","level":"INFO","message":"configuration loaded","config":"/private/var/folders/z7/khzdjrt95cg_fcmcnh4j1b5h0000gn/T/tsls-chaos.NpYfSN/gw-a.toml","target":"tachyon_serverless_gateway"}
{"timestamp":"2026-09-17T18:24:36.342006Z","level":"INFO","message":"connected successfully","server":"50945","max_payload":"1048576","target":"async_nats::connector"}
{"timestamp":"2026-09-17T18:24:36.342101Z","level":"INFO","message":"event: connected","target":"async_nats"}
{"timestamp":"2026-09-17T18:24:36.355736Z","level":"INFO","message":"JetStream queue connected and stream bootstrapped","url":"nats://127.0.0.1:50945","stream":"TACHYON_EVENTS","target":"tachyon_serverless_gateway::durable"}
{"timestamp":"2026-09-17T18:24:36.361812Z","level":"INFO","message":"state store opened","path":"/private/var/folders/z7/khzdjrt95cg_fcmcnh4j1b5h0000gn/T/tsls-chaos.NpYfSN/data/state.db","schema_version":8,"migrations_applied":"[1, 2, 3, 4, 5, 6, 7, 8]","imported_state_json":"None","settled_invocations":0,"settled_attempts":0,"settled_environments":0,"released_leases":0,"dropped_idempotency_keys":0,"purged_idempotency_keys":0,"outputs_purged":0,"target":"tachyon_serverless_application::app"}
{"timestamp":"2026-09-17T18:24:36.363982Z","level":"INFO","message":"log store opened","path":"/private/var/folders/z7/khzdjrt95cg_fcmcnh4j1b5h0000gn/T/tsls-chaos.NpYfSN/data/logs/logs.db","healthy":true,"retention_seconds":604800,"max_total_bytes":1073741824,"target":"tachyon_serverless_application::app"}
{"timestamp":"2026-09-17T18:24:36.364200Z","level":"INFO","message":"dispatcher registered","dispatcher_id":"dsp_01m2r9t20ckq9xby8jqnyhrv8e","instance":"chaos-a","pid":52310,"lease_ttl_seconds":6,"target":"tachyon_serverless_application::services::dispatcher"}
{"timestamp":"2026-09-17T18:24:36.367537Z","level":"INFO","message":"application bootstrapped","profile":"dev","provider":"process","dev_only":true,"environment_reuse":false,"reuse_verified":false,"reuse_reason":"[pool] enabled is false","reuse_disabled":"Some(Configuration)","idle_quiesce":"unsupported","idle_resume":"unsupported","data_dir":"/private/var/folders/z7/khzdjrt95cg_fcmcnh4j1b5h0000gn/T/tsls-chaos.NpYfSN/data","store":"sqlite","dispatcher_id":"dsp_01m2r9t20ckq9xby8jqnyhrv8e","node":"local","node_region":"none","node_memory_mib":"None","max_concurrency":8,"queue":"nats","objects":"filesystem","invoke_async":true,"triggers":true,"target":"tachyon_serverless_application::app"}
{"timestamp":"2026-09-17T18:24:36.367698Z","level":"INFO","message":"startup reconcile finished","provider":"process","found":0,"adopted":0,"terminated":0,"disowned":0,"failed":0,"lost":0,"foreign":0,"reclaimed_dispatchers":0,"fenced_terminated":0,"fenced_pending":0,"target":"tachyon_serverless_application::services::reconcile"}
{"timestamp":"2026-09-17T18:24:36.367748Z","level":"INFO","message":"gateway listening","addr":"127.0.0.1:50949","profile":"dev","provider":"process","target":"tachyon_serverless_gateway"}
{"timestamp":"2026-09-17T18:24:36.368820Z","level":"INFO","message":"asynchronous dispatcher started","workers":2,"owner":"dsp_01m2r9t20ckq9xby8jqnyhrv8e","target":"tachyon_serverless_gateway"}
{"timestamp":"2026-09-17T18:24:37.112914Z","level":"INFO","message":"revision ready","revision_id":"rev_01m2r9t2k3kmaa1r4m9pz7h3e3","function_id":"fn_01m2r9t28sgarn41217jy9fkzb","target":"tachyon_serverless_application::services::revision"}
{"timestamp":"2026-09-17T18:24:37.584786Z","level":"INFO","message":"revision ready","revision_id":"rev_01m2r9t324565rkbb9szvn7hsy","function_id":"fn_01m2r9t2rjxr5xf3eg2t1w5ekc","target":"tachyon_serverless_application::services::revision"}
{"timestamp":"2026-09-17T18:24:38.066856Z","level":"INFO","message":"revision ready","revision_id":"rev_01m2r9t3h8h9972y3vee0v3akg","function_id":"fn_01m2r9t37nd412zdddg2k0n11p","target":"tachyon_serverless_application::services::revision"}
{"timestamp":"2026-09-17T18:24:38.097387Z","level":"INFO","message":"trigger created","trigger_id":"trg_01m2r9t3ph0yhtsgveh41mx8wd","function_id":"fn_01m2r9t2rjxr5xf3eg2t1w5ekc","kind":"cron","enabled":true,"next_fire_at":"Some(2026-09-17T18:24:40Z)","target":"tachyon_serverless_application::services::triggers"}
{"timestamp":"2026-09-17T18:24:38.108244Z","level":"INFO","message":"trigger created","trigger_id":"trg_01m2r9t3pv7wjk5xbr5jxd2m3w","function_id":"fn_01m2r9t2rjxr5xf3eg2t1w5ekc","kind":"webhook","enabled":true,"next_fire_at":"None","target":"tachyon_serverless_application::services::triggers"}
{"timestamp":"2026-09-17T18:24:38.265256Z","level":"INFO","message":"bridge spawned","environment_id":"env_01m2r9t3qgfwpd9t4k1cwtez42","pid":52575,"target":"tachyon_serverless_provider_process"}
{"timestamp":"2026-09-17T18:24:38.427429Z","level":"INFO","message":"invocation finished","invocation_id":"inv_01m2r9t3qfscn6tkf8s54sp5ss","status":"succeeded","handler_ms":0,"environment_boot_ms":4,"runtime_init_ms":156,"target":"tachyon_serverless_application::services::invoke"}
{"timestamp":"2026-09-17T18:24:38.429018Z","level":"INFO","message":"terminating bridge","environment_id":"env_01m2r9t3qgfwpd9t4k1cwtez42","pid":52575,"reason":"Completed","graceful":true,"target":"tachyon_serverless_provider_process"}
{"timestamp":"2026-09-17T18:24:38.476960Z","level":"INFO","message":"asynchronous invocation accepted","invocation_id":"inv_01m2r9t42cjhh5bpkptyn5typw","tenant_id":"tn_01hzzzzzzzzzzzzzzzzzzzzzza","revision_id":"rev_01m2r9t2k3kmaa1r4m9pz7h3e3","input_bytes":47,"input_storage":"inline","target":"tachyon_serverless_application::services::invoke_async"}
{"timestamp":"2026-09-17T18:24:38.488173Z","level":"INFO","message":"asynchronous run claimed","invocation_id":"inv_01m2r9t42cjhh5bpkptyn5typw","attempt":1,"generation":0,"delivery_count":1,"target":"tachyon_serverless_application::services::invoke_async::dispatch"}
{"timestamp":"2026-09-17T18:24:38.539801Z","level":"INFO","message":"asynchronous invocation accepted","invocation_id":"inv_01m2r9t43waz14n3s5tqg9dh80","tenant_id":"tn_01hzzzzzzzzzzzzzzzzzzzzzza","revision_id":"rev_01m2r9t2k3kmaa1r4m9pz7h3e3","input_bytes":4127,"input_storage":"object","target":"tachyon_serverless_application::services::invoke_async"}
{"timestamp":"2026-09-17T18:24:38.545408Z","level":"INFO","message":"asynchronous run claimed","invocation_id":"inv_01m2r9t43waz14n3s5tqg9dh80","attempt":1,"generation":0,"delivery_count":1,"target":"tachyon_serverless_application::services::invoke_async::dispatch"}
{"timestamp":"2026-09-17T18:24:38.573956Z","level":"INFO","message":"asynchronous invocation accepted","invocation_id":"inv_01m2r9t45cdk810t951y1v11zd","tenant_id":"tn_01hzzzzzzzzzzzzzzzzzzzzzza","revision_id":"rev_01m2r9t324565rkbb9szvn7hsy","input_bytes":189,"input_storage":"inline","target":"tachyon_serverless_application::services::invoke_async"}
{"timestamp":"2026-09-17T18:24:38.573997Z","level":"INFO","message":"webhook trigger fired","trigger_id":"trg_01m2r9t3pv7wjk5xbr5jxd2m3w","event_id":"evt-pre-w1","invocation_id":"inv_01m2r9t45cdk810t951y1v11zd","revision_id":"rev_01m2r9t324565rkbb9szvn7hsy","replayed":false,"target":"tachyon_serverless_application::services::triggers"}
{"timestamp":"2026-09-17T18:24:38.644231Z","level":"INFO","message":"bridge spawned","environment_id":"env_01m2r9t42r71ewz4z0a16d4p9r","pid":52649,"target":"tachyon_serverless_provider_process"}
{"timestamp":"2026-09-17T18:24:38.708385Z","level":"INFO","message":"bridge spawned","environment_id":"env_01m2r9t44mxtph7xsfkyrhd1de","pid":52651,"target":"tachyon_serverless_provider_process"}
{"timestamp":"2026-09-17T18:24:38.747513Z","level":"INFO","message":"bridge spawned","environment_id":"env_01m2r9t468tnrjms3enhbwb8wb","pid":52653,"target":"tachyon_serverless_provider_process"}
{"timestamp":"2026-09-17T18:24:38.757345Z","level":"INFO","message":"invocation finished","invocation_id":"inv_01m2r9t467zhz0jvwxk09ptees","status":"succeeded","handler_ms":0,"environment_boot_ms":3,"runtime_init_ms":4,"target":"tachyon_serverless_application::services::invoke"}
{"timestamp":"2026-09-17T18:24:38.758868Z","level":"INFO","message":"terminating bridge","environment_id":"env_01m2r9t468tnrjms3enhbwb8wb","pid":52653,"reason":"Completed","graceful":true,"target":"tachyon_serverless_provider_process"}
{"timestamp":"2026-09-17T18:24:38.802961Z","level":"INFO","message":"invocation finished","invocation_id":"inv_01m2r9t42cjhh5bpkptyn5typw","status":"succeeded (async run)","handler_ms":1,"environment_boot_ms":4,"runtime_init_ms":152,"target":"tachyon_serverless_application::services::invoke"}
{"timestamp":"2026-09-17T18:24:38.803380Z","level":"INFO","message":"invocation finished","invocation_id":"inv_01m2r9t43waz14n3s5tqg9dh80","status":"succeeded (async run)","handler_ms":1,"environment_boot_ms":3,"runtime_init_ms":88,"target":"tachyon_serverless_application::services::invoke"}
{"timestamp":"2026-09-17T18:24:38.804585Z","level":"INFO","message":"terminating bridge","environment_id":"env_01m2r9t44mxtph7xsfkyrhd1de","pid":52651,"reason":"Completed","graceful":true,"target":"tachyon_serverless_provider_process"}
{"timestamp":"2026-09-17T18:24:38.804587Z","level":"INFO","message":"terminating bridge","environment_id":"env_01m2r9t42r71ewz4z0a16d4p9r","pid":52649,"reason":"Completed","graceful":true,"target":"tachyon_serverless_provider_process"}
{"timestamp":"2026-09-17T18:24:38.808211Z","level":"INFO","message":"asynchronous invocation settled","invocation_id":"inv_01m2r9t43waz14n3s5tqg9dh80","status":"succeeded","target":"tachyon_serverless_application::services::invoke_async::dispatch"}
{"timestamp":"2026-09-17T18:24:38.808914Z","level":"INFO","message":"asynchronous invocation settled","invocation_id":"inv_01m2r9t42cjhh5bpkptyn5typw","status":"succeeded","target":"tachyon_serverless_application::services::invoke_async::dispatch"}
{"timestamp":"2026-09-17T18:24:38.814270Z","level":"INFO","message":"async dispatch: delivery handled","message_id":"inv_01m2r9t43waz14n3s5tqg9dh80","sequence":2,"delivery_count":1,"outcome":"Completed { status: \"succeeded\" }","target":"tachyon_serverless_application::services::invoke_async::dispatch"}
{"timestamp":"2026-09-17T18:24:38.818737Z","level":"INFO","message":"asynchronous invocation accepted","invocation_id":"inv_01m2r9t4cs5t148sc1dst34mfh","tenant_id":"tn_01hzzzzzzzzzzzzzzzzzzzzzza","revision_id":"rev_01m2r9t2k3kmaa1r4m9pz7h3e3","input_bytes":47,"input_storage":"inline","target":"tachyon_serverless_application::services::invoke_async"}
{"timestamp":"2026-09-17T18:24:38.822166Z","level":"INFO","message":"async dispatch: delivery handled","message_id":"inv_01m2r9t42cjhh5bpkptyn5typw","sequence":1,"delivery_count":1,"outcome":"Completed { status: \"succeeded\" }","target":"tachyon_serverless_application::services::invoke_async::dispatch"}
{"timestamp":"2026-09-17T18:24:38.826095Z","level":"INFO","message":"asynchronous run claimed","invocation_id":"inv_01m2r9t45cdk810t951y1v11zd","attempt":1,"generation":0,"delivery_count":1,"target":"tachyon_serverless_application::services::invoke_async::dispatch"}
{"timestamp":"2026-09-17T18:24:38.827123Z","level":"INFO","message":"asynchronous run claimed","invocation_id":"inv_01m2r9t4cs5t148sc1dst34mfh","attempt":1,"generation":0,"delivery_count":1,"target":"tachyon_serverless_application::services::invoke_async::dispatch"}
{"timestamp":"2026-09-17T18:24:38.897784Z","level":"INFO","message":"asynchronous invocation accepted","invocation_id":"inv_01m2r9t4ev9pa0hjh801xd8331","tenant_id":"tn_01hzzzzzzzzzzzzzzzzzzzzzza","revision_id":"rev_01m2r9t2k3kmaa1r4m9pz7h3e3","input_bytes":4127,"input_storage":"object","target":"tachyon_serverless_application::services::invoke_async"}
{"timestamp":"2026-09-17T18:24:38.941171Z","level":"INFO","message":"asynchronous invocation accepted","invocation_id":"inv_01m2r9t4gwh98dmwc76yh008gn","tenant_id":"tn_01hzzzzzzzzzzzzzzzzzzzzzza","revision_id":"rev_01m2r9t324565rkbb9szvn7hsy","input_bytes":189,"input_storage":"inline","target":"tachyon_serverless_application::services::invoke_async"}
{"timestamp":"2026-09-17T18:24:38.941211Z","level":"INFO","message":"webhook trigger fired","trigger_id":"trg_01m2r9t3pv7wjk5xbr5jxd2m3w","event_id":"evt-pre-w2","invocation_id":"inv_01m2r9t4gwh98dmwc76yh008gn","revision_id":"rev_01m2r9t324565rkbb9szvn7hsy","replayed":false,"target":"tachyon_serverless_application::services::triggers"}
{"timestamp":"2026-09-17T18:24:38.977670Z","level":"INFO","message":"bridge spawned","environment_id":"env_01m2r9t4das2kttqqgj6zc37fx","pid":52736,"target":"tachyon_serverless_provider_process"}
{"timestamp":"2026-09-17T18:24:38.989746Z","level":"INFO","message":"bridge spawned","environment_id":"env_01m2r9t4dbw6jn8bpbdfzyy2x9","pid":52750,"target":"tachyon_serverless_provider_process"}
{"timestamp":"2026-09-17T18:24:38.992234Z","level":"INFO","message":"invocation finished","invocation_id":"inv_01m2r9t45cdk810t951y1v11zd","status":"succeeded (async run)","handler_ms":0,"environment_boot_ms":4,"runtime_init_ms":7,"target":"tachyon_serverless_application::services::invoke"}
{"timestamp":"2026-09-17T18:24:38.993306Z","level":"INFO","message":"terminating bridge","environment_id":"env_01m2r9t4das2kttqqgj6zc37fx","pid":52736,"reason":"Completed","graceful":true,"target":"tachyon_serverless_provider_process"}
{"timestamp":"2026-09-17T18:24:38.996770Z","level":"INFO","message":"asynchronous invocation settled","invocation_id":"inv_01m2r9t45cdk810t951y1v11zd","status":"succeeded","target":"tachyon_serverless_application::services::invoke_async::dispatch"}
{"timestamp":"2026-09-17T18:24:39.135443Z","level":"INFO","message":"async dispatch: delivery handled","message_id":"inv_01m2r9t45cdk810t951y1v11zd","sequence":3,"delivery_count":1,"outcome":"Completed { status: \"succeeded\" }","target":"tachyon_serverless_application::services::invoke_async::dispatch"}
{"timestamp":"2026-09-17T18:24:39.138056Z","level":"INFO","message":"asynchronous run claimed","invocation_id":"inv_01m2r9t4ev9pa0hjh801xd8331","attempt":1,"generation":0,"delivery_count":1,"target":"tachyon_serverless_application::services::invoke_async::dispatch"}
{"timestamp":"2026-09-17T18:24:39.139241Z","level":"INFO","message":"invocation finished","invocation_id":"inv_01m2r9t4cs5t148sc1dst34mfh","status":"succeeded (async run)","handler_ms":1,"environment_boot_ms":4,"runtime_init_ms":142,"target":"tachyon_serverless_application::services::invoke"}
{"timestamp":"2026-09-17T18:24:39.139964Z","level":"INFO","message":"terminating bridge","environment_id":"env_01m2r9t4dbw6jn8bpbdfzyy2x9","pid":52750,"reason":"Completed","graceful":true,"target":"tachyon_serverless_provider_process"}
{"timestamp":"2026-09-17T18:24:39.143877Z","level":"INFO","message":"asynchronous invocation settled","invocation_id":"inv_01m2r9t4cs5t148sc1dst34mfh","status":"succeeded","target":"tachyon_serverless_application::services::invoke_async::dispatch"}
{"timestamp":"2026-09-17T18:24:39.149265Z","level":"INFO","message":"async dispatch: delivery handled","message_id":"inv_01m2r9t4cs5t148sc1dst34mfh","sequence":4,"delivery_count":1,"outcome":"Completed { status: \"succeeded\" }","target":"tachyon_serverless_application::services::invoke_async::dispatch"}
{"timestamp":"2026-09-17T18:24:39.150188Z","level":"INFO","message":"asynchronous run claimed","invocation_id":"inv_01m2r9t4gwh98dmwc76yh008gn","attempt":1,"generation":0,"delivery_count":1,"target":"tachyon_serverless_application::services::invoke_async::dispatch"}
{"timestamp":"2026-09-17T18:24:39.287188Z","level":"INFO","message":"bridge spawned","environment_id":"env_01m2r9t4qen9r71xgrb1ngxwzw","pid":52760,"target":"tachyon_serverless_provider_process"}
{"timestamp":"2026-09-17T18:24:39.289570Z","level":"INFO","message":"bridge spawned","environment_id":"env_01m2r9t4q47pxkrcj67ry3envk","pid":52761,"target":"tachyon_serverless_provider_process"}
{"timestamp":"2026-09-17T18:24:39.300015Z","level":"INFO","message":"invocation finished","invocation_id":"inv_01m2r9t4gwh98dmwc76yh008gn","status":"succeeded (async run)","handler_ms":1,"environment_boot_ms":4,"runtime_init_ms":5,"target":"tachyon_serverless_application::services::invoke"}
{"timestamp":"2026-09-17T18:24:39.300954Z","level":"INFO","message":"invocation finished","invocation_id":"inv_01m2r9t4ev9pa0hjh801xd8331","status":"succeeded (async run)","handler_ms":1,"environment_boot_ms":3,"runtime_init_ms":6,"target":"tachyon_serverless_application::services::invoke"}
{"timestamp":"2026-09-17T18:24:39.301251Z","level":"INFO","message":"terminating bridge","environment_id":"env_01m2r9t4qen9r71xgrb1ngxwzw","pid":52760,"reason":"Completed","graceful":true,"target":"tachyon_serverless_provider_process"}
{"timestamp":"2026-09-17T18:24:39.302094Z","level":"INFO","message":"terminating bridge","environment_id":"env_01m2r9t4q47pxkrcj67ry3envk","pid":52761,"reason":"Completed","graceful":true,"target":"tachyon_serverless_provider_process"}
{"timestamp":"2026-09-17T18:24:39.304433Z","level":"INFO","message":"asynchronous invocation settled","invocation_id":"inv_01m2r9t4gwh98dmwc76yh008gn","status":"succeeded","target":"tachyon_serverless_application::services::invoke_async::dispatch"}
{"timestamp":"2026-09-17T18:24:39.305186Z","level":"INFO","message":"asynchronous invocation settled","invocation_id":"inv_01m2r9t4ev9pa0hjh801xd8331","status":"succeeded","target":"tachyon_serverless_application::services::invoke_async::dispatch"}
{"timestamp":"2026-09-17T18:24:39.310289Z","level":"INFO","message":"async dispatch: delivery handled","message_id":"inv_01m2r9t4gwh98dmwc76yh008gn","sequence":6,"delivery_count":1,"outcome":"Completed { status: \"succeeded\" }","target":"tachyon_serverless_application::services::invoke_async::dispatch"}
{"timestamp":"2026-09-17T18:24:39.316400Z","level":"INFO","message":"async dispatch: delivery handled","message_id":"inv_01m2r9t4ev9pa0hjh801xd8331","sequence":5,"delivery_count":1,"outcome":"Completed { status: \"succeeded\" }","target":"tachyon_serverless_application::services::invoke_async::dispatch"}
{"timestamp":"2026-09-17T18:24:39.428718Z","level":"INFO","message":"revision ready","revision_id":"rev_01m2r9t4vvmsajny28hha2qgjn","function_id":"fn_01m2r9t4hxc3c3h0w7yvpsnq8p","target":"tachyon_serverless_application::services::revision"}
{"timestamp":"2026-09-17T18:24:39.472225Z","level":"INFO","message":"trigger updated","trigger_id":"trg_01m2r9t3ph0yhtsgveh41mx8wd","generation":2,"status":"disabled","next_fire_at":"None","rotated_secret":false,"target":"tachyon_serverless_application::services::triggers"}
{"timestamp":"2026-09-17T18:24:39.622067Z","level":"INFO","message":"bridge spawned","environment_id":"env_01m2r9t51vzpkfg1n0y98fbgya","pid":52821,"target":"tachyon_serverless_provider_process"}

===== a start (failpoints: none) 18:24:40 =====
{"timestamp":"2026-09-17T18:24:40.883312Z","level":"INFO","message":"configuration loaded","config":"/private/var/folders/z7/khzdjrt95cg_fcmcnh4j1b5h0000gn/T/tsls-chaos.NpYfSN/gw-a.toml","target":"tachyon_serverless_gateway"}
{"timestamp":"2026-09-17T18:24:40.885324Z","level":"INFO","message":"connected successfully","server":"50945","max_payload":"1048576","target":"async_nats::connector"}
{"timestamp":"2026-09-17T18:24:40.885410Z","level":"INFO","message":"event: connected","target":"async_nats"}
{"timestamp":"2026-09-17T18:24:40.897818Z","level":"INFO","message":"JetStream queue connected and stream bootstrapped","url":"nats://127.0.0.1:50945","stream":"TACHYON_EVENTS","target":"tachyon_serverless_gateway::durable"}
{"timestamp":"2026-09-17T18:24:40.899441Z","level":"INFO","message":"state store opened","path":"/private/var/folders/z7/khzdjrt95cg_fcmcnh4j1b5h0000gn/T/tsls-chaos.NpYfSN/data/state.db","schema_version":8,"migrations_applied":"[]","imported_state_json":"None","settled_invocations":0,"settled_attempts":0,"settled_environments":0,"released_leases":0,"dropped_idempotency_keys":0,"purged_idempotency_keys":0,"outputs_purged":0,"target":"tachyon_serverless_application::app"}
{"timestamp":"2026-09-17T18:24:40.900451Z","level":"INFO","message":"log store opened","path":"/private/var/folders/z7/khzdjrt95cg_fcmcnh4j1b5h0000gn/T/tsls-chaos.NpYfSN/data/logs/logs.db","healthy":true,"retention_seconds":604800,"max_total_bytes":1073741824,"target":"tachyon_serverless_application::app"}
{"timestamp":"2026-09-17T18:24:40.900665Z","level":"INFO","message":"dispatcher registered","dispatcher_id":"dsp_01m2r9t6e4313detyrjcj4npwz","instance":"chaos-a","pid":52886,"lease_ttl_seconds":6,"target":"tachyon_serverless_application::services::dispatcher"}
{"timestamp":"2026-09-17T18:24:40.901614Z","level":"WARN","message":"reclaimed the work of dispatchers that lost their lease","dispatcher_id":"dsp_01m2r9t6e4313detyrjcj4npwz","reclaimed_dispatchers":"[DispatcherId(dsp_01m2r9t20ckq9xby8jqnyhrv8e)]","leases":1,"invocations":2,"attempts":1,"fenced":1,"target":"tachyon_serverless_application::services::dispatcher"}
{"timestamp":"2026-09-17T18:24:40.903919Z","level":"INFO","message":"application bootstrapped","profile":"dev","provider":"process","dev_only":true,"environment_reuse":false,"reuse_verified":false,"reuse_reason":"[pool] enabled is false","reuse_disabled":"Some(Configuration)","idle_quiesce":"unsupported","idle_resume":"unsupported","data_dir":"/private/var/folders/z7/khzdjrt95cg_fcmcnh4j1b5h0000gn/T/tsls-chaos.NpYfSN/data","store":"sqlite","dispatcher_id":"dsp_01m2r9t6e4313detyrjcj4npwz","node":"local","node_region":"none","node_memory_mib":"None","max_concurrency":8,"queue":"nats","objects":"filesystem","invoke_async":true,"triggers":true,"target":"tachyon_serverless_application::app"}
{"timestamp":"2026-09-17T18:24:40.904444Z","level":"INFO","message":"environment stop metered by a path that did not drive it","environment_id":"env_01m2r9t51vzpkfg1n0y98fbgya","stopped_by":"reclaim","cgroup_cpu_usec":"unknown","lifetime_ms":"Some(1420)","target":"tachyon_serverless_application::services::stopped"}
{"timestamp":"2026-09-17T18:24:40.904865Z","level":"INFO","message":"fenced environment terminated and settled","environment_id":"env_01m2r9t51vzpkfg1n0y98fbgya","owner":"Some(DispatcherId(dsp_01m2r9t20ckq9xby8jqnyhrv8e))","was_running":false,"target":"tachyon_serverless_application::services::reconcile"}
{"timestamp":"2026-09-17T18:24:40.904970Z","level":"INFO","message":"startup reconcile finished","provider":"process","found":0,"adopted":0,"terminated":0,"disowned":0,"failed":0,"lost":0,"foreign":0,"reclaimed_dispatchers":0,"fenced_terminated":1,"fenced_pending":0,"target":"tachyon_serverless_application::services::reconcile"}
{"timestamp":"2026-09-17T18:24:40.905014Z","level":"INFO","message":"gateway listening","addr":"127.0.0.1:50949","profile":"dev","provider":"process","target":"tachyon_serverless_gateway"}
{"timestamp":"2026-09-17T18:24:40.906085Z","level":"INFO","message":"asynchronous dispatcher started","workers":2,"owner":"dsp_01m2r9t6e4313detyrjcj4npwz","target":"tachyon_serverless_gateway"}
{"timestamp":"2026-09-17T18:24:41.466130Z","level":"INFO","message":"bridge spawned","environment_id":"env_01m2r9t6vhwra1ca8g0cgednjz","pid":53009,"target":"tachyon_serverless_provider_process"}
{"timestamp":"2026-09-17T18:24:41.680081Z","level":"INFO","message":"invocation finished","invocation_id":"inv_01m2r9t6vg5a8p876xww8csb9k","status":"succeeded","handler_ms":201,"environment_boot_ms":3,"runtime_init_ms":7,"target":"tachyon_serverless_application::services::invoke"}
{"timestamp":"2026-09-17T18:24:41.681672Z","level":"INFO","message":"terminating bridge","environment_id":"env_01m2r9t6vhwra1ca8g0cgednjz","pid":53009,"reason":"Completed","graceful":true,"target":"tachyon_serverless_provider_process"}
{"timestamp":"2026-09-17T18:24:41.754720Z","level":"INFO","message":"trigger updated","trigger_id":"trg_01m2r9t3ph0yhtsgveh41mx8wd","generation":3,"status":"disabled","next_fire_at":"None","rotated_secret":false,"target":"tachyon_serverless_application::services::triggers"}
{"timestamp":"2026-09-17T18:24:42.636519Z","level":"INFO","message":"SIGTERM received","target":"tachyon_serverless_gateway"}
{"timestamp":"2026-09-17T18:24:42.636551Z","level":"INFO","message":"shutdown requested; cancelling in-flight invocations","target":"tachyon_serverless_gateway"}
{"timestamp":"2026-09-17T18:24:42.636811Z","level":"INFO","message":"final usage collection","report":"CollectReport { batches: 0, read: 0, inserted: 0, duplicates: 0, cursor_seq: 48 }","target":"tachyon_serverless_gateway"}
{"timestamp":"2026-09-17T18:24:42.637755Z","level":"INFO","message":"gateway stopped","target":"tachyon_serverless_gateway"}
{"timestamp":"2026-09-17T18:24:42.637871Z","level":"INFO","message":"event: closed","target":"async_nats"}
