
===== a start (failpoints: none) 11:36:10 =====
{"timestamp":"2026-09-17T11:36:10.494133Z","level":"INFO","message":"configuration loaded","config":"/private/var/folders/z7/khzdjrt95cg_fcmcnh4j1b5h0000gn/T/tsls-chaos.ZCR2N3/gw-a.toml","target":"tachyon_serverless_gateway"}
{"timestamp":"2026-09-17T11:36:10.497372Z","level":"INFO","message":"connected successfully","server":"55965","max_payload":"1048576","target":"async_nats::connector"}
{"timestamp":"2026-09-17T11:36:10.497620Z","level":"INFO","message":"event: connected","target":"async_nats"}
{"timestamp":"2026-09-17T11:36:10.539951Z","level":"INFO","message":"JetStream queue connected and stream bootstrapped","url":"nats://127.0.0.1:55965","stream":"TACHYON_EVENTS","target":"tachyon_serverless_gateway::durable"}
{"timestamp":"2026-09-17T11:36:10.560690Z","level":"INFO","message":"state store opened","path":"/private/var/folders/z7/khzdjrt95cg_fcmcnh4j1b5h0000gn/T/tsls-chaos.ZCR2N3/data/state.db","schema_version":8,"migrations_applied":"[1, 2, 3, 4, 5, 6, 7, 8]","imported_state_json":"None","settled_invocations":0,"settled_attempts":0,"settled_environments":0,"released_leases":0,"dropped_idempotency_keys":0,"purged_idempotency_keys":0,"outputs_purged":0,"target":"tachyon_serverless_application::app"}
{"timestamp":"2026-09-17T11:36:10.561268Z","level":"INFO","message":"dispatcher registered","dispatcher_id":"dsp_01m2qje6j0g2qvqckqrzenhnq2","instance":"chaos-a","pid":64141,"lease_ttl_seconds":6,"target":"tachyon_serverless_application::services::dispatcher"}
{"timestamp":"2026-09-17T11:36:10.567023Z","level":"INFO","message":"application bootstrapped","profile":"dev","provider":"process","dev_only":true,"environment_reuse":false,"reuse_verified":false,"reuse_reason":"[pool] enabled is false","reuse_disabled":"Some(Configuration)","idle_quiesce":"unsupported","idle_resume":"unsupported","data_dir":"/private/var/folders/z7/khzdjrt95cg_fcmcnh4j1b5h0000gn/T/tsls-chaos.ZCR2N3/data","store":"sqlite","dispatcher_id":"dsp_01m2qje6j0g2qvqckqrzenhnq2","node":"local","node_region":"none","node_memory_mib":"None","max_concurrency":8,"queue":"nats","objects":"filesystem","invoke_async":true,"triggers":true,"target":"tachyon_serverless_application::app"}
{"timestamp":"2026-09-17T11:36:10.567468Z","level":"INFO","message":"startup reconcile finished","provider":"process","found":0,"adopted":0,"terminated":0,"disowned":0,"failed":0,"lost":0,"foreign":0,"reclaimed_dispatchers":0,"fenced_terminated":0,"fenced_pending":0,"target":"tachyon_serverless_application::services::reconcile"}
{"timestamp":"2026-09-17T11:36:10.567610Z","level":"INFO","message":"gateway listening","addr":"127.0.0.1:55971","profile":"dev","provider":"process","target":"tachyon_serverless_gateway"}
{"timestamp":"2026-09-17T11:36:10.570130Z","level":"INFO","message":"asynchronous dispatcher started","workers":2,"owner":"dsp_01m2qje6j0g2qvqckqrzenhnq2","target":"tachyon_serverless_gateway"}
{"timestamp":"2026-09-17T11:36:14.010201Z","level":"INFO","message":"revision ready","revision_id":"rev_01m2qje8w120d4vva189mgsa31","function_id":"fn_01m2qje6zz4mn3dd570cz1wya2","target":"tachyon_serverless_application::services::revision"}
{"timestamp":"2026-09-17T11:36:16.740047Z","level":"INFO","message":"revision ready","revision_id":"rev_01m2qjebtj1h9c9kfg5cgyjtjs","function_id":"fn_01m2qjea7h7an6w77j98dkq6pv","target":"tachyon_serverless_application::services::revision"}
{"timestamp":"2026-09-17T11:36:19.214181Z","level":"INFO","message":"revision ready","revision_id":"rev_01m2qjeecb24nc83y2y74dz543","function_id":"fn_01m2qjecsxgs3epf06h8wj5dtc","target":"tachyon_serverless_application::services::revision"}
{"timestamp":"2026-09-17T11:36:19.629699Z","level":"INFO","message":"trigger created","trigger_id":"trg_01m2qjefdcn65wjp0j119d08rb","function_id":"fn_01m2qjea7h7an6w77j98dkq6pv","kind":"cron","enabled":true,"next_fire_at":"Some(2026-09-17T11:36:20Z)","target":"tachyon_serverless_application::services::triggers"}
{"timestamp":"2026-09-17T11:36:19.678452Z","level":"INFO","message":"trigger created","trigger_id":"trg_01m2qjefex3f24hax3ggwmh2gg","function_id":"fn_01m2qjea7h7an6w77j98dkq6pv","kind":"webhook","enabled":true,"next_fire_at":"None","target":"tachyon_serverless_application::services::triggers"}
{"timestamp":"2026-09-17T11:36:20.005235Z","level":"INFO","message":"asynchronous invocation accepted","invocation_id":"inv_01m2qjefs3p17k7h3nv1tmsqre","tenant_id":"tn_01hzzzzzzzzzzzzzzzzzzzzzza","revision_id":"rev_01m2qjebtj1h9c9kfg5cgyjtjs","input_bytes":180,"input_storage":"inline","target":"tachyon_serverless_application::services::invoke_async"}
{"timestamp":"2026-09-17T11:36:20.005356Z","level":"INFO","message":"cron trigger fired","trigger_id":"trg_01m2qjefdcn65wjp0j119d08rb","scheduled_at":"2026-09-17T11:36:20Z","invocation_id":"inv_01m2qjefs3p17k7h3nv1tmsqre","revision_id":"rev_01m2qjebtj1h9c9kfg5cgyjtjs","replayed":false,"target":"tachyon_serverless_application::services::triggers"}
{"timestamp":"2026-09-17T11:36:20.054700Z","level":"INFO","message":"asynchronous run claimed","invocation_id":"inv_01m2qjefs3p17k7h3nv1tmsqre","attempt":1,"generation":0,"delivery_count":1,"target":"tachyon_serverless_application::services::invoke_async::dispatch"}
{"timestamp":"2026-09-17T11:36:20.473914Z","level":"INFO","message":"bridge spawned","environment_id":"env_01m2qjefhrf94h5a182gp7wfmq","pid":64681,"target":"tachyon_serverless_provider_process"}
{"timestamp":"2026-09-17T11:36:20.612905Z","level":"INFO","message":"bridge spawned","environment_id":"env_01m2qjeftq3g088wqqffyhpdfb","pid":64685,"target":"tachyon_serverless_provider_process"}
{"timestamp":"2026-09-17T11:36:22.005201Z","level":"INFO","message":"asynchronous invocation accepted","invocation_id":"inv_01m2qjehqkfws2gwh46hx4gvyd","tenant_id":"tn_01hzzzzzzzzzzzzzzzzzzzzzza","revision_id":"rev_01m2qjebtj1h9c9kfg5cgyjtjs","input_bytes":180,"input_storage":"inline","target":"tachyon_serverless_application::services::invoke_async"}
{"timestamp":"2026-09-17T11:36:22.005290Z","level":"INFO","message":"cron trigger fired","trigger_id":"trg_01m2qjefdcn65wjp0j119d08rb","scheduled_at":"2026-09-17T11:36:22Z","invocation_id":"inv_01m2qjehqkfws2gwh46hx4gvyd","revision_id":"rev_01m2qjebtj1h9c9kfg5cgyjtjs","replayed":false,"target":"tachyon_serverless_application::services::triggers"}
{"timestamp":"2026-09-17T11:36:22.043232Z","level":"INFO","message":"asynchronous run claimed","invocation_id":"inv_01m2qjehqkfws2gwh46hx4gvyd","attempt":1,"generation":0,"delivery_count":1,"target":"tachyon_serverless_application::services::invoke_async::dispatch"}
{"timestamp":"2026-09-17T11:36:22.260068Z","level":"INFO","message":"invocation finished","invocation_id":"inv_01m2qjefhqgra9461hen0kjmbt","status":"succeeded","handler_ms":1,"environment_boot_ms":47,"runtime_init_ms":1733,"target":"tachyon_serverless_application::services::invoke"}
{"timestamp":"2026-09-17T11:36:22.260916Z","level":"INFO","message":"invocation finished","invocation_id":"inv_01m2qjefs3p17k7h3nv1tmsqre","status":"succeeded (async run)","handler_ms":2,"environment_boot_ms":17,"runtime_init_ms":1629,"target":"tachyon_serverless_application::services::invoke"}
{"timestamp":"2026-09-17T11:36:22.262234Z","level":"INFO","message":"terminating bridge","environment_id":"env_01m2qjefhrf94h5a182gp7wfmq","pid":64681,"reason":"Completed","graceful":true,"target":"tachyon_serverless_provider_process"}
{"timestamp":"2026-09-17T11:36:22.262370Z","level":"INFO","message":"terminating bridge","environment_id":"env_01m2qjeftq3g088wqqffyhpdfb","pid":64685,"reason":"Completed","graceful":true,"target":"tachyon_serverless_provider_process"}
{"timestamp":"2026-09-17T11:36:22.270179Z","level":"INFO","message":"asynchronous invocation settled","invocation_id":"inv_01m2qjefs3p17k7h3nv1tmsqre","status":"succeeded","target":"tachyon_serverless_application::services::invoke_async::dispatch"}
{"timestamp":"2026-09-17T11:36:22.282373Z","level":"INFO","message":"async dispatch: delivery handled","message_id":"inv_01m2qjefs3p17k7h3nv1tmsqre","sequence":1,"delivery_count":1,"outcome":"Completed { status: \"succeeded\" }","target":"tachyon_serverless_application::services::invoke_async::dispatch"}
{"timestamp":"2026-09-17T11:36:22.414373Z","level":"INFO","message":"asynchronous invocation accepted","invocation_id":"inv_01m2qjej4d7hczzjww4bt18bmp","tenant_id":"tn_01hzzzzzzzzzzzzzzzzzzzzzza","revision_id":"rev_01m2qje8w120d4vva189mgsa31","input_bytes":47,"input_storage":"inline","target":"tachyon_serverless_application::services::invoke_async"}
{"timestamp":"2026-09-17T11:36:22.434674Z","level":"INFO","message":"asynchronous run claimed","invocation_id":"inv_01m2qjej4d7hczzjww4bt18bmp","attempt":1,"generation":0,"delivery_count":1,"target":"tachyon_serverless_application::services::invoke_async::dispatch"}
{"timestamp":"2026-09-17T11:36:22.440754Z","level":"INFO","message":"bridge spawned","environment_id":"env_01m2qjehrx38j5jqrf1fhdtgk7","pid":64722,"target":"tachyon_serverless_provider_process"}
{"timestamp":"2026-09-17T11:36:22.463851Z","level":"INFO","message":"invocation finished","invocation_id":"inv_01m2qjehqkfws2gwh46hx4gvyd","status":"succeeded (async run)","handler_ms":3,"environment_boot_ms":18,"runtime_init_ms":12,"target":"tachyon_serverless_application::services::invoke"}
{"timestamp":"2026-09-17T11:36:22.466001Z","level":"INFO","message":"terminating bridge","environment_id":"env_01m2qjehrx38j5jqrf1fhdtgk7","pid":64722,"reason":"Completed","graceful":true,"target":"tachyon_serverless_provider_process"}
{"timestamp":"2026-09-17T11:36:22.472725Z","level":"INFO","message":"asynchronous invocation settled","invocation_id":"inv_01m2qjehqkfws2gwh46hx4gvyd","status":"succeeded","target":"tachyon_serverless_application::services::invoke_async::dispatch"}
{"timestamp":"2026-09-17T11:36:22.480419Z","level":"INFO","message":"async dispatch: delivery handled","message_id":"inv_01m2qjehqkfws2gwh46hx4gvyd","sequence":2,"delivery_count":1,"outcome":"Completed { status: \"succeeded\" }","target":"tachyon_serverless_application::services::invoke_async::dispatch"}
{"timestamp":"2026-09-17T11:36:22.622865Z","level":"INFO","message":"asynchronous invocation accepted","invocation_id":"inv_01m2qjeja8wm8mjbfhjkzb4z57","tenant_id":"tn_01hzzzzzzzzzzzzzzzzzzzzzza","revision_id":"rev_01m2qje8w120d4vva189mgsa31","input_bytes":4127,"input_storage":"object","target":"tachyon_serverless_application::services::invoke_async"}
{"timestamp":"2026-09-17T11:36:22.630623Z","level":"INFO","message":"asynchronous run claimed","invocation_id":"inv_01m2qjeja8wm8mjbfhjkzb4z57","attempt":1,"generation":0,"delivery_count":1,"target":"tachyon_serverless_application::services::invoke_async::dispatch"}
{"timestamp":"2026-09-17T11:36:22.790390Z","level":"INFO","message":"asynchronous invocation accepted","invocation_id":"inv_01m2qjejg4xamqd74qnsjkm93v","tenant_id":"tn_01hzzzzzzzzzzzzzzzzzzzzzza","revision_id":"rev_01m2qjebtj1h9c9kfg5cgyjtjs","input_bytes":189,"input_storage":"inline","target":"tachyon_serverless_application::services::invoke_async"}
{"timestamp":"2026-09-17T11:36:22.790492Z","level":"INFO","message":"webhook trigger fired","trigger_id":"trg_01m2qjefex3f24hax3ggwmh2gg","event_id":"evt-pre-w1","invocation_id":"inv_01m2qjejg4xamqd74qnsjkm93v","revision_id":"rev_01m2qjebtj1h9c9kfg5cgyjtjs","replayed":false,"target":"tachyon_serverless_application::services::triggers"}
{"timestamp":"2026-09-17T11:36:22.952177Z","level":"INFO","message":"asynchronous invocation accepted","invocation_id":"inv_01m2qjejn6jpwc8ez7c2vt8mr9","tenant_id":"tn_01hzzzzzzzzzzzzzzzzzzzzzza","revision_id":"rev_01m2qje8w120d4vva189mgsa31","input_bytes":67,"input_storage":"inline","target":"tachyon_serverless_application::services::invoke_async"}
{"timestamp":"2026-09-17T11:36:22.974536Z","level":"INFO","message":"bridge spawned","environment_id":"env_01m2qjej53jscd5fte9bzh7hm4","pid":64791,"target":"tachyon_serverless_provider_process"}
{"timestamp":"2026-09-17T11:36:23.093936Z","level":"INFO","message":"bridge spawned","environment_id":"env_01m2qjejbbfvr1457a7dp0qqk9","pid":64809,"target":"tachyon_serverless_provider_process"}
{"timestamp":"2026-09-17T11:36:23.127070Z","level":"INFO","message":"asynchronous invocation accepted","invocation_id":"inv_01m2qjejtnzvxee2xtncpfqqnf","tenant_id":"tn_01hzzzzzzzzzzzzzzzzzzzzzza","revision_id":"rev_01m2qje8w120d4vva189mgsa31","input_bytes":67,"input_storage":"inline","target":"tachyon_serverless_application::services::invoke_async"}
{"timestamp":"2026-09-17T11:36:23.248454Z","level":"INFO","message":"asynchronous invocation accepted","invocation_id":"inv_01m2qjejyf1m4c6xr19xkdy193","tenant_id":"tn_01hzzzzzzzzzzzzzzzzzzzzzza","revision_id":"rev_01m2qje8w120d4vva189mgsa31","input_bytes":67,"input_storage":"inline","target":"tachyon_serverless_application::services::invoke_async"}
{"timestamp":"2026-09-17T11:36:23.382202Z","level":"INFO","message":"asynchronous invocation accepted","invocation_id":"inv_01m2qjek2mf5krdhd8q9brqjj0","tenant_id":"tn_01hzzzzzzzzzzzzzzzzzzzzzza","revision_id":"rev_01m2qje8w120d4vva189mgsa31","input_bytes":67,"input_storage":"inline","target":"tachyon_serverless_application::services::invoke_async"}
{"timestamp":"2026-09-17T11:36:23.509818Z","level":"INFO","message":"invocation finished","invocation_id":"inv_01m2qjej4d7hczzjww4bt18bmp","status":"succeeded (async run)","handler_ms":2,"environment_boot_ms":8,"runtime_init_ms":521,"target":"tachyon_serverless_application::services::invoke"}
{"timestamp":"2026-09-17T11:36:23.511285Z","level":"INFO","message":"invocation finished","invocation_id":"inv_01m2qjeja8wm8mjbfhjkzb4z57","status":"succeeded (async run)","handler_ms":3,"environment_boot_ms":11,"runtime_init_ms":399,"target":"tachyon_serverless_application::services::invoke"}
{"timestamp":"2026-09-17T11:36:23.512039Z","level":"INFO","message":"terminating bridge","environment_id":"env_01m2qjej53jscd5fte9bzh7hm4","pid":64791,"reason":"Completed","graceful":true,"target":"tachyon_serverless_provider_process"}
{"timestamp":"2026-09-17T11:36:23.513275Z","level":"INFO","message":"terminating bridge","environment_id":"env_01m2qjejbbfvr1457a7dp0qqk9","pid":64809,"reason":"Completed","graceful":true,"target":"tachyon_serverless_provider_process"}
{"timestamp":"2026-09-17T11:36:23.519090Z","level":"INFO","message":"asynchronous invocation settled","invocation_id":"inv_01m2qjej4d7hczzjww4bt18bmp","status":"succeeded","target":"tachyon_serverless_application::services::invoke_async::dispatch"}
{"timestamp":"2026-09-17T11:36:23.520477Z","level":"INFO","message":"asynchronous invocation settled","invocation_id":"inv_01m2qjeja8wm8mjbfhjkzb4z57","status":"succeeded","target":"tachyon_serverless_application::services::invoke_async::dispatch"}
{"timestamp":"2026-09-17T11:36:23.525104Z","level":"INFO","message":"async dispatch: delivery handled","message_id":"inv_01m2qjej4d7hczzjww4bt18bmp","sequence":3,"delivery_count":1,"outcome":"Completed { status: \"succeeded\" }","target":"tachyon_serverless_application::services::invoke_async::dispatch"}
{"timestamp":"2026-09-17T11:36:23.533201Z","level":"INFO","message":"async dispatch: delivery handled","message_id":"inv_01m2qjeja8wm8mjbfhjkzb4z57","sequence":4,"delivery_count":1,"outcome":"Completed { status: \"succeeded\" }","target":"tachyon_serverless_application::services::invoke_async::dispatch"}
{"timestamp":"2026-09-17T11:36:23.534092Z","level":"INFO","message":"asynchronous run claimed","invocation_id":"inv_01m2qjejg4xamqd74qnsjkm93v","attempt":1,"generation":0,"delivery_count":1,"target":"tachyon_serverless_application::services::invoke_async::dispatch"}
{"timestamp":"2026-09-17T11:36:23.534634Z","level":"INFO","message":"asynchronous run claimed","invocation_id":"inv_01m2qjejn6jpwc8ez7c2vt8mr9","attempt":1,"generation":0,"delivery_count":1,"target":"tachyon_serverless_application::services::invoke_async::dispatch"}
{"timestamp":"2026-09-17T11:36:23.604136Z","level":"INFO","message":"event: disconnected","target":"async_nats"}
{"timestamp":"2026-09-17T11:36:23.605671Z","level":"INFO","message":"event: client error: nats: IO error","target":"async_nats"}
{"timestamp":"2026-09-17T11:36:23.609619Z","level":"INFO","message":"event: client error: nats: IO error","target":"async_nats"}
{"timestamp":"2026-09-17T11:36:23.616083Z","level":"INFO","message":"event: client error: nats: IO error","target":"async_nats"}
{"timestamp":"2026-09-17T11:36:23.627417Z","level":"INFO","message":"event: client error: nats: IO error","target":"async_nats"}
{"timestamp":"2026-09-17T11:36:23.646809Z","level":"INFO","message":"event: client error: nats: IO error","target":"async_nats"}
{"timestamp":"2026-09-17T11:36:23.680720Z","level":"INFO","message":"event: client error: nats: IO error","target":"async_nats"}
{"timestamp":"2026-09-17T11:36:23.747725Z","level":"INFO","message":"event: client error: nats: IO error","target":"async_nats"}
{"timestamp":"2026-09-17T11:36:23.827503Z","level":"INFO","message":"asynchronous invocation accepted","invocation_id":"inv_01m2qjekg0r6bdacd3y4mdgrc3","tenant_id":"tn_01hzzzzzzzzzzzzzzzzzzzzzza","revision_id":"rev_01m2qje8w120d4vva189mgsa31","input_bytes":4127,"input_storage":"object","target":"tachyon_serverless_application::services::invoke_async"}
{"timestamp":"2026-09-17T11:36:23.878324Z","level":"INFO","message":"event: client error: nats: IO error","target":"async_nats"}
{"timestamp":"2026-09-17T11:36:23.894464Z","level":"INFO","message":"bridge spawned","environment_id":"env_01m2qjek7epnbeqbmnywe4basj","pid":64903,"target":"tachyon_serverless_provider_process"}
{"timestamp":"2026-09-17T11:36:23.902970Z","level":"INFO","message":"bridge spawned","environment_id":"env_01m2qjek7f2s36wjvm25w9h6kj","pid":64904,"target":"tachyon_serverless_provider_process"}
{"timestamp":"2026-09-17T11:36:23.919944Z","level":"INFO","message":"invocation finished","invocation_id":"inv_01m2qjejg4xamqd74qnsjkm93v","status":"succeeded (async run)","handler_ms":1,"environment_boot_ms":10,"runtime_init_ms":11,"target":"tachyon_serverless_application::services::invoke"}
{"timestamp":"2026-09-17T11:36:23.921916Z","level":"INFO","message":"terminating bridge","environment_id":"env_01m2qjek7epnbeqbmnywe4basj","pid":64903,"reason":"Completed","graceful":true,"target":"tachyon_serverless_provider_process"}
{"timestamp":"2026-09-17T11:36:23.928923Z","level":"INFO","message":"asynchronous invocation settled","invocation_id":"inv_01m2qjejg4xamqd74qnsjkm93v","status":"succeeded","target":"tachyon_serverless_application::services::invoke_async::dispatch"}
{"timestamp":"2026-09-17T11:36:24.006004Z","level":"INFO","message":"asynchronous invocation accepted","invocation_id":"inv_01m2qjekp3rhrdmxrw1af4a07b","tenant_id":"tn_01hzzzzzzzzzzzzzzzzzzzzzza","revision_id":"rev_01m2qjebtj1h9c9kfg5cgyjtjs","input_bytes":180,"input_storage":"inline","target":"tachyon_serverless_application::services::invoke_async"}
{"timestamp":"2026-09-17T11:36:24.006088Z","level":"INFO","message":"cron trigger fired","trigger_id":"trg_01m2qjefdcn65wjp0j119d08rb","scheduled_at":"2026-09-17T11:36:24Z","invocation_id":"inv_01m2qjekp3rhrdmxrw1af4a07b","revision_id":"rev_01m2qjebtj1h9c9kfg5cgyjtjs","replayed":false,"target":"tachyon_serverless_application::services::triggers"}
{"timestamp":"2026-09-17T11:36:24.138200Z","level":"INFO","message":"event: client error: nats: IO error","target":"async_nats"}
{"timestamp":"2026-09-17T11:36:24.471096Z","level":"INFO","message":"asynchronous invocation accepted","invocation_id":"inv_01m2qjem45rd1rmt1sjh3902m6","tenant_id":"tn_01hzzzzzzzzzzzzzzzzzzzzzza","revision_id":"rev_01m2qje8w120d4vva189mgsa31","input_bytes":4127,"input_storage":"object","target":"tachyon_serverless_application::services::invoke_async"}
{"timestamp":"2026-09-17T11:36:24.651450Z","level":"INFO","message":"event: client error: nats: IO error","target":"async_nats"}
{"timestamp":"2026-09-17T11:36:25.094972Z","level":"INFO","message":"asynchronous invocation accepted","invocation_id":"inv_01m2qjemqk9wm10g9z6r49gyey","tenant_id":"tn_01hzzzzzzzzzzzzzzzzzzzzzza","revision_id":"rev_01m2qje8w120d4vva189mgsa31","input_bytes":4127,"input_storage":"object","target":"tachyon_serverless_application::services::invoke_async"}
{"timestamp":"2026-09-17T11:36:25.679126Z","level":"INFO","message":"event: client error: nats: IO error","target":"async_nats"}
{"timestamp":"2026-09-17T11:36:25.707626Z","level":"INFO","message":"asynchronous invocation accepted","invocation_id":"inv_01m2qjenatqy5k899bdba1h3h2","tenant_id":"tn_01hzzzzzzzzzzzzzzzzzzzzzza","revision_id":"rev_01m2qje8w120d4vva189mgsa31","input_bytes":4127,"input_storage":"object","target":"tachyon_serverless_application::services::invoke_async"}
{"timestamp":"2026-09-17T11:36:25.829551Z","level":"WARN","message":"outbox: publish failed","event":"inv_01m2qjekg0r6bdacd3y4mdgrc3","attempts":1,"code":"unavailable","error":"queue unavailable: publish: timed out: didn't receive ack in time","target":"tachyon_serverless_application::services::invoke_async::publisher"}
{"timestamp":"2026-09-17T11:36:25.931762Z","level":"WARN","message":"async dispatch: ack failed; the redelivery settles on the ledger","message_id":"inv_01m2qjejg4xamqd74qnsjkm93v","error":"queue unavailable: ack not confirmed: request timed out: deadline has elapsed","target":"tachyon_serverless_application::services::invoke_async::dispatch"}
{"timestamp":"2026-09-17T11:36:25.931832Z","level":"INFO","message":"async dispatch: delivery handled","message_id":"inv_01m2qjejg4xamqd74qnsjkm93v","sequence":5,"delivery_count":1,"outcome":"Completed { status: \"succeeded\" }","target":"tachyon_serverless_application::services::invoke_async::dispatch"}
{"timestamp":"2026-09-17T11:36:26.004480Z","level":"INFO","message":"asynchronous invocation accepted","invocation_id":"inv_01m2qjenmkpenx76zjnbe7kr5k","tenant_id":"tn_01hzzzzzzzzzzzzzzzzzzzzzza","revision_id":"rev_01m2qjebtj1h9c9kfg5cgyjtjs","input_bytes":180,"input_storage":"inline","target":"tachyon_serverless_application::services::invoke_async"}
{"timestamp":"2026-09-17T11:36:26.004535Z","level":"INFO","message":"cron trigger fired","trigger_id":"trg_01m2qjefdcn65wjp0j119d08rb","scheduled_at":"2026-09-17T11:36:26Z","invocation_id":"inv_01m2qjenmkpenx76zjnbe7kr5k","revision_id":"rev_01m2qjebtj1h9c9kfg5cgyjtjs","replayed":false,"target":"tachyon_serverless_application::services::triggers"}
{"timestamp":"2026-09-17T11:36:26.327086Z","level":"INFO","message":"asynchronous invocation accepted","invocation_id":"inv_01m2qjeny1x4h7newem6vb9gz1","tenant_id":"tn_01hzzzzzzzzzzzzzzzzzzzzzza","revision_id":"rev_01m2qje8w120d4vva189mgsa31","input_bytes":4127,"input_storage":"object","target":"tachyon_serverless_application::services::invoke_async"}
{"timestamp":"2026-09-17T11:36:26.930614Z","level":"INFO","message":"invocation finished","invocation_id":"inv_01m2qjejn6jpwc8ez7c2vt8mr9","status":"succeeded (async run)","handler_ms":3005,"environment_boot_ms":8,"runtime_init_ms":12,"target":"tachyon_serverless_application::services::invoke"}
{"timestamp":"2026-09-17T11:36:26.931344Z","level":"INFO","message":"terminating bridge","environment_id":"env_01m2qjek7f2s36wjvm25w9h6kj","pid":64904,"reason":"Completed","graceful":true,"target":"tachyon_serverless_provider_process"}
{"timestamp":"2026-09-17T11:36:26.937369Z","level":"INFO","message":"asynchronous invocation settled","invocation_id":"inv_01m2qjejn6jpwc8ez7c2vt8mr9","status":"succeeded","target":"tachyon_serverless_application::services::invoke_async::dispatch"}
{"timestamp":"2026-09-17T11:36:26.962845Z","level":"INFO","message":"asynchronous invocation accepted","invocation_id":"inv_01m2qjepj0j055g3zc0pr9wr2s","tenant_id":"tn_01hzzzzzzzzzzzzzzzzzzzzzza","revision_id":"rev_01m2qje8w120d4vva189mgsa31","input_bytes":4127,"input_storage":"object","target":"tachyon_serverless_application::services::invoke_async"}
{"timestamp":"2026-09-17T11:36:27.730195Z","level":"INFO","message":"event: client error: nats: IO error","target":"async_nats"}
{"timestamp":"2026-09-17T11:36:27.833107Z","level":"WARN","message":"outbox: publish failed","event":"inv_01m2qjekp3rhrdmxrw1af4a07b","attempts":1,"code":"unavailable","error":"queue unavailable: publish: timed out: didn't receive ack in time","target":"tachyon_serverless_application::services::invoke_async::publisher"}
{"timestamp":"2026-09-17T11:36:28.012155Z","level":"INFO","message":"asynchronous invocation accepted","invocation_id":"inv_01m2qjeqk4jvsv9jqbnqc9ysgh","tenant_id":"tn_01hzzzzzzzzzzzzzzzzzzzzzza","revision_id":"rev_01m2qjebtj1h9c9kfg5cgyjtjs","input_bytes":180,"input_storage":"inline","target":"tachyon_serverless_application::services::invoke_async"}
{"timestamp":"2026-09-17T11:36:28.012323Z","level":"INFO","message":"cron trigger fired","trigger_id":"trg_01m2qjefdcn65wjp0j119d08rb","scheduled_at":"2026-09-17T11:36:28Z","invocation_id":"inv_01m2qjeqk4jvsv9jqbnqc9ysgh","revision_id":"rev_01m2qjebtj1h9c9kfg5cgyjtjs","replayed":false,"target":"tachyon_serverless_application::services::triggers"}
{"timestamp":"2026-09-17T11:36:28.944608Z","level":"WARN","message":"async dispatch: ack failed; the redelivery settles on the ledger","message_id":"inv_01m2qjejn6jpwc8ez7c2vt8mr9","error":"queue unavailable: ack not confirmed: request timed out: deadline has elapsed","target":"tachyon_serverless_application::services::invoke_async::dispatch"}
{"timestamp":"2026-09-17T11:36:28.945107Z","level":"INFO","message":"async dispatch: delivery handled","message_id":"inv_01m2qjejn6jpwc8ez7c2vt8mr9","sequence":6,"delivery_count":1,"outcome":"Completed { status: \"succeeded\" }","target":"tachyon_serverless_application::services::invoke_async::dispatch"}
{"timestamp":"2026-09-17T11:36:29.847699Z","level":"WARN","message":"outbox: publish failed","event":"inv_01m2qjekg0r6bdacd3y4mdgrc3","attempts":2,"code":"unavailable","error":"queue unavailable: publish: timed out: didn't receive ack in time","target":"tachyon_serverless_application::services::invoke_async::publisher"}
{"timestamp":"2026-09-17T11:36:30.005924Z","level":"INFO","message":"asynchronous invocation accepted","invocation_id":"inv_01m2qjeshk3dx9ypy1r5zwh84y","tenant_id":"tn_01hzzzzzzzzzzzzzzzzzzzzzza","revision_id":"rev_01m2qjebtj1h9c9kfg5cgyjtjs","input_bytes":180,"input_storage":"inline","target":"tachyon_serverless_application::services::invoke_async"}
{"timestamp":"2026-09-17T11:36:30.006033Z","level":"INFO","message":"cron trigger fired","trigger_id":"trg_01m2qjefdcn65wjp0j119d08rb","scheduled_at":"2026-09-17T11:36:30Z","invocation_id":"inv_01m2qjeshk3dx9ypy1r5zwh84y","revision_id":"rev_01m2qjebtj1h9c9kfg5cgyjtjs","replayed":false,"target":"tachyon_serverless_application::services::triggers"}
{"timestamp":"2026-09-17T11:36:30.579879Z","level":"INFO","message":"object retention pass","report":"GcReport { examined: 3, collected_expired: 0, collected_orphans: 0, kept_in_use: 2, kept_referenced: 1, incomplete_removed: 0, tombstones_purged: 0, failed: 0 }","target":"tachyon_serverless_gateway"}
{"timestamp":"2026-09-17T11:36:31.733357Z","level":"INFO","message":"event: client error: nats: IO error","target":"async_nats"}
{"timestamp":"2026-09-17T11:36:31.857695Z","level":"WARN","message":"outbox: publish failed","event":"inv_01m2qjekp3rhrdmxrw1af4a07b","attempts":2,"code":"unavailable","error":"queue unavailable: publish: timed out: didn't receive ack in time","target":"tachyon_serverless_application::services::invoke_async::publisher"}
{"timestamp":"2026-09-17T11:36:32.006939Z","level":"INFO","message":"asynchronous invocation accepted","invocation_id":"inv_01m2qjevg1nma6er33m0sey0z1","tenant_id":"tn_01hzzzzzzzzzzzzzzzzzzzzzza","revision_id":"rev_01m2qjebtj1h9c9kfg5cgyjtjs","input_bytes":180,"input_storage":"inline","target":"tachyon_serverless_application::services::invoke_async"}
{"timestamp":"2026-09-17T11:36:32.007041Z","level":"INFO","message":"cron trigger fired","trigger_id":"trg_01m2qjefdcn65wjp0j119d08rb","scheduled_at":"2026-09-17T11:36:32Z","invocation_id":"inv_01m2qjevg1nma6er33m0sey0z1","revision_id":"rev_01m2qjebtj1h9c9kfg5cgyjtjs","replayed":false,"target":"tachyon_serverless_application::services::triggers"}
{"timestamp":"2026-09-17T11:36:32.578479Z","level":"INFO","message":"object retention pass","report":"GcReport { examined: 6, collected_expired: 0, collected_orphans: 0, kept_in_use: 5, kept_referenced: 1, incomplete_removed: 0, tombstones_purged: 0, failed: 0 }","target":"tachyon_serverless_gateway"}
{"timestamp":"2026-09-17T11:36:33.861823Z","level":"WARN","message":"outbox: publish failed","event":"inv_01m2qjekg0r6bdacd3y4mdgrc3","attempts":3,"code":"unavailable","error":"queue unavailable: publish: timed out: didn't receive ack in time","target":"tachyon_serverless_application::services::invoke_async::publisher"}
{"timestamp":"2026-09-17T11:36:34.006428Z","level":"INFO","message":"asynchronous invocation accepted","invocation_id":"inv_01m2qjexem8gf28exed0ar0y85","tenant_id":"tn_01hzzzzzzzzzzzzzzzzzzzzzza","revision_id":"rev_01m2qjebtj1h9c9kfg5cgyjtjs","input_bytes":180,"input_storage":"inline","target":"tachyon_serverless_application::services::invoke_async"}
{"timestamp":"2026-09-17T11:36:34.006556Z","level":"INFO","message":"cron trigger fired","trigger_id":"trg_01m2qjefdcn65wjp0j119d08rb","scheduled_at":"2026-09-17T11:36:34Z","invocation_id":"inv_01m2qjexem8gf28exed0ar0y85","revision_id":"rev_01m2qjebtj1h9c9kfg5cgyjtjs","replayed":false,"target":"tachyon_serverless_application::services::triggers"}
{"timestamp":"2026-09-17T11:36:34.578579Z","level":"INFO","message":"object retention pass","report":"GcReport { examined: 7, collected_expired: 0, collected_orphans: 0, kept_in_use: 6, kept_referenced: 1, incomplete_removed: 0, tombstones_purged: 0, failed: 0 }","target":"tachyon_serverless_gateway"}
{"timestamp":"2026-09-17T11:36:35.747692Z","level":"INFO","message":"connected successfully","server":"55965","max_payload":"1048576","target":"async_nats::connector"}
{"timestamp":"2026-09-17T11:36:35.748261Z","level":"INFO","message":"event: connected","target":"async_nats"}
{"timestamp":"2026-09-17T11:36:35.830287Z","level":"INFO","message":"async dispatch: delivery handled","message_id":"inv_01m2qjejg4xamqd74qnsjkm93v","sequence":5,"delivery_count":1,"outcome":"Skipped(\"terminal\")","target":"tachyon_serverless_application::services::invoke_async::dispatch"}
{"timestamp":"2026-09-17T11:36:35.838574Z","level":"INFO","message":"async dispatch: delivery handled","message_id":"inv_01m2qjejn6jpwc8ez7c2vt8mr9","sequence":6,"delivery_count":1,"outcome":"Skipped(\"terminal\")","target":"tachyon_serverless_application::services::invoke_async::dispatch"}
{"timestamp":"2026-09-17T11:36:35.844135Z","level":"INFO","message":"asynchronous run claimed","invocation_id":"inv_01m2qjejtnzvxee2xtncpfqqnf","attempt":1,"generation":0,"delivery_count":1,"target":"tachyon_serverless_application::services::invoke_async::dispatch"}
{"timestamp":"2026-09-17T11:36:35.845893Z","level":"INFO","message":"asynchronous run claimed","invocation_id":"inv_01m2qjejyf1m4c6xr19xkdy193","attempt":1,"generation":0,"delivery_count":1,"target":"tachyon_serverless_application::services::invoke_async::dispatch"}
{"timestamp":"2026-09-17T11:36:35.869685Z","level":"INFO","message":"outbox: re-published events the broker already had, or whose claim moved on","duplicates":1,"lost_claims":0,"marked":6,"target":"tachyon_serverless_application::services::invoke_async::publisher"}
{"timestamp":"2026-09-17T11:36:35.914301Z","level":"INFO","message":"outbox: re-published events the broker already had, or whose claim moved on","duplicates":1,"lost_claims":0,"marked":6,"target":"tachyon_serverless_application::services::invoke_async::publisher"}
{"timestamp":"2026-09-17T11:36:36.008302Z","level":"INFO","message":"asynchronous invocation accepted","invocation_id":"inv_01m2qjezd5xwjf0y2sp3jppyxz","tenant_id":"tn_01hzzzzzzzzzzzzzzzzzzzzzza","revision_id":"rev_01m2qjebtj1h9c9kfg5cgyjtjs","input_bytes":180,"input_storage":"inline","target":"tachyon_serverless_application::services::invoke_async"}
{"timestamp":"2026-09-17T11:36:36.008429Z","level":"INFO","message":"cron trigger fired","trigger_id":"trg_01m2qjefdcn65wjp0j119d08rb","scheduled_at":"2026-09-17T11:36:36Z","invocation_id":"inv_01m2qjezd5xwjf0y2sp3jppyxz","revision_id":"rev_01m2qjebtj1h9c9kfg5cgyjtjs","replayed":false,"target":"tachyon_serverless_application::services::triggers"}
{"timestamp":"2026-09-17T11:36:36.426704Z","level":"INFO","message":"bridge spawned","environment_id":"env_01m2qjez8emrf4b705njv0s0qm","pid":65164,"target":"tachyon_serverless_provider_process"}
{"timestamp":"2026-09-17T11:36:36.475370Z","level":"INFO","message":"bridge spawned","environment_id":"env_01m2qjez86hpsacv2kd8qeje2x","pid":65166,"target":"tachyon_serverless_provider_process"}
{"timestamp":"2026-09-17T11:36:36.590019Z","level":"INFO","message":"object retention pass","report":"GcReport { examined: 7, collected_expired: 0, collected_orphans: 0, kept_in_use: 6, kept_referenced: 1, incomplete_removed: 0, tombstones_purged: 0, failed: 0 }","target":"tachyon_serverless_gateway"}
{"timestamp":"2026-09-17T11:36:38.007476Z","level":"INFO","message":"asynchronous invocation accepted","invocation_id":"inv_01m2qjf1bnrngwxnq5rfhb7yea","tenant_id":"tn_01hzzzzzzzzzzzzzzzzzzzzzza","revision_id":"rev_01m2qjebtj1h9c9kfg5cgyjtjs","input_bytes":180,"input_storage":"inline","target":"tachyon_serverless_application::services::invoke_async"}
{"timestamp":"2026-09-17T11:36:38.007606Z","level":"INFO","message":"cron trigger fired","trigger_id":"trg_01m2qjefdcn65wjp0j119d08rb","scheduled_at":"2026-09-17T11:36:38Z","invocation_id":"inv_01m2qjf1bnrngwxnq5rfhb7yea","revision_id":"rev_01m2qjebtj1h9c9kfg5cgyjtjs","replayed":false,"target":"tachyon_serverless_application::services::triggers"}
{"timestamp":"2026-09-17T11:36:38.579673Z","level":"INFO","message":"object retention pass","report":"GcReport { examined: 7, collected_expired: 0, collected_orphans: 0, kept_in_use: 6, kept_referenced: 1, incomplete_removed: 0, tombstones_purged: 0, failed: 0 }","target":"tachyon_serverless_gateway"}
{"timestamp":"2026-09-17T11:36:39.475968Z","level":"INFO","message":"invocation finished","invocation_id":"inv_01m2qjejtnzvxee2xtncpfqqnf","status":"succeeded (async run)","handler_ms":3009,"environment_boot_ms":15,"runtime_init_ms":22,"target":"tachyon_serverless_application::services::invoke"}
{"timestamp":"2026-09-17T11:36:39.478525Z","level":"INFO","message":"terminating bridge","environment_id":"env_01m2qjez8emrf4b705njv0s0qm","pid":65164,"reason":"Completed","graceful":true,"target":"tachyon_serverless_provider_process"}
{"timestamp":"2026-09-17T11:36:39.492742Z","level":"INFO","message":"asynchronous invocation settled","invocation_id":"inv_01m2qjejtnzvxee2xtncpfqqnf","status":"succeeded","target":"tachyon_serverless_application::services::invoke_async::dispatch"}
{"timestamp":"2026-09-17T11:36:39.509714Z","level":"INFO","message":"async dispatch: delivery handled","message_id":"inv_01m2qjejtnzvxee2xtncpfqqnf","sequence":7,"delivery_count":1,"outcome":"Completed { status: \"succeeded\" }","target":"tachyon_serverless_application::services::invoke_async::dispatch"}
{"timestamp":"2026-09-17T11:36:39.516973Z","level":"INFO","message":"asynchronous run claimed","invocation_id":"inv_01m2qjek2mf5krdhd8q9brqjj0","attempt":1,"generation":0,"delivery_count":1,"target":"tachyon_serverless_application::services::invoke_async::dispatch"}
{"timestamp":"2026-09-17T11:36:39.525883Z","level":"INFO","message":"invocation finished","invocation_id":"inv_01m2qjejyf1m4c6xr19xkdy193","status":"succeeded (async run)","handler_ms":3011,"environment_boot_ms":14,"runtime_init_ms":22,"target":"tachyon_serverless_application::services::invoke"}
{"timestamp":"2026-09-17T11:36:39.528322Z","level":"INFO","message":"terminating bridge","environment_id":"env_01m2qjez86hpsacv2kd8qeje2x","pid":65166,"reason":"Completed","graceful":true,"target":"tachyon_serverless_provider_process"}
{"timestamp":"2026-09-17T11:36:39.540001Z","level":"INFO","message":"asynchronous invocation settled","invocation_id":"inv_01m2qjejyf1m4c6xr19xkdy193","status":"succeeded","target":"tachyon_serverless_application::services::invoke_async::dispatch"}
{"timestamp":"2026-09-17T11:36:39.547479Z","level":"INFO","message":"async dispatch: delivery handled","message_id":"inv_01m2qjejyf1m4c6xr19xkdy193","sequence":8,"delivery_count":1,"outcome":"Completed { status: \"succeeded\" }","target":"tachyon_serverless_application::services::invoke_async::dispatch"}
{"timestamp":"2026-09-17T11:36:39.549423Z","level":"INFO","message":"asynchronous run claimed","invocation_id":"inv_01m2qjekg0r6bdacd3y4mdgrc3","attempt":1,"generation":0,"delivery_count":1,"target":"tachyon_serverless_application::services::invoke_async::dispatch"}
{"timestamp":"2026-09-17T11:36:40.005686Z","level":"INFO","message":"asynchronous invocation accepted","invocation_id":"inv_01m2qjf3a2xa971w0k9x8st9x2","tenant_id":"tn_01hzzzzzzzzzzzzzzzzzzzzzza","revision_id":"rev_01m2qjebtj1h9c9kfg5cgyjtjs","input_bytes":180,"input_storage":"inline","target":"tachyon_serverless_application::services::invoke_async"}
{"timestamp":"2026-09-17T11:36:40.005804Z","level":"INFO","message":"cron trigger fired","trigger_id":"trg_01m2qjefdcn65wjp0j119d08rb","scheduled_at":"2026-09-17T11:36:40Z","invocation_id":"inv_01m2qjf3a2xa971w0k9x8st9x2","revision_id":"rev_01m2qjebtj1h9c9kfg5cgyjtjs","replayed":false,"target":"tachyon_serverless_application::services::triggers"}
{"timestamp":"2026-09-17T11:36:40.518670Z","level":"INFO","message":"bridge spawned","environment_id":"env_01m2qjf2txg7tcqe7z2ba83e5e","pid":65271,"target":"tachyon_serverless_provider_process"}
{"timestamp":"2026-09-17T11:36:40.582055Z","level":"INFO","message":"object retention pass","report":"GcReport { examined: 7, collected_expired: 0, collected_orphans: 0, kept_in_use: 6, kept_referenced: 1, incomplete_removed: 0, tombstones_purged: 0, failed: 0 }","target":"tachyon_serverless_gateway"}
{"timestamp":"2026-09-17T11:36:40.589065Z","level":"INFO","message":"bridge spawned","environment_id":"env_01m2qjf2w1sbmwdxq68zn2d9pq","pid":65273,"target":"tachyon_serverless_provider_process"}
{"timestamp":"2026-09-17T11:36:40.640159Z","level":"INFO","message":"invocation finished","invocation_id":"inv_01m2qjekg0r6bdacd3y4mdgrc3","status":"succeeded (async run)","handler_ms":4,"environment_boot_ms":15,"runtime_init_ms":21,"target":"tachyon_serverless_application::services::invoke"}
{"timestamp":"2026-09-17T11:36:40.642584Z","level":"INFO","message":"terminating bridge","environment_id":"env_01m2qjf2w1sbmwdxq68zn2d9pq","pid":65273,"reason":"Completed","graceful":true,"target":"tachyon_serverless_provider_process"}
{"timestamp":"2026-09-17T11:36:40.654016Z","level":"INFO","message":"asynchronous invocation settled","invocation_id":"inv_01m2qjekg0r6bdacd3y4mdgrc3","status":"succeeded","target":"tachyon_serverless_application::services::invoke_async::dispatch"}
{"timestamp":"2026-09-17T11:36:40.673062Z","level":"INFO","message":"async dispatch: delivery handled","message_id":"inv_01m2qjekg0r6bdacd3y4mdgrc3","sequence":10,"delivery_count":1,"outcome":"Completed { status: \"succeeded\" }","target":"tachyon_serverless_application::services::invoke_async::dispatch"}
{"timestamp":"2026-09-17T11:36:40.678064Z","level":"INFO","message":"asynchronous run claimed","invocation_id":"inv_01m2qjekp3rhrdmxrw1af4a07b","attempt":1,"generation":0,"delivery_count":1,"target":"tachyon_serverless_application::services::invoke_async::dispatch"}
{"timestamp":"2026-09-17T11:36:41.900241Z","level":"INFO","message":"bridge spawned","environment_id":"env_01m2qjf3z7mnrgyscz1nt4xhqy","pid":65320,"target":"tachyon_serverless_provider_process"}
{"timestamp":"2026-09-17T11:36:41.934064Z","level":"INFO","message":"invocation finished","invocation_id":"inv_01m2qjekp3rhrdmxrw1af4a07b","status":"succeeded (async run)","handler_ms":2,"environment_boot_ms":12,"runtime_init_ms":16,"target":"tachyon_serverless_application::services::invoke"}
{"timestamp":"2026-09-17T11:36:41.936258Z","level":"INFO","message":"terminating bridge","environment_id":"env_01m2qjf3z7mnrgyscz1nt4xhqy","pid":65320,"reason":"Completed","graceful":true,"target":"tachyon_serverless_provider_process"}
{"timestamp":"2026-09-17T11:36:41.943659Z","level":"INFO","message":"asynchronous invocation settled","invocation_id":"inv_01m2qjekp3rhrdmxrw1af4a07b","status":"succeeded","target":"tachyon_serverless_application::services::invoke_async::dispatch"}
{"timestamp":"2026-09-17T11:36:41.964725Z","level":"INFO","message":"async dispatch: delivery handled","message_id":"inv_01m2qjekp3rhrdmxrw1af4a07b","sequence":11,"delivery_count":1,"outcome":"Completed { status: \"succeeded\" }","target":"tachyon_serverless_application::services::invoke_async::dispatch"}
{"timestamp":"2026-09-17T11:36:41.969354Z","level":"INFO","message":"asynchronous run claimed","invocation_id":"inv_01m2qjem45rd1rmt1sjh3902m6","attempt":1,"generation":0,"delivery_count":1,"target":"tachyon_serverless_application::services::invoke_async::dispatch"}
{"timestamp":"2026-09-17T11:36:42.013502Z","level":"INFO","message":"asynchronous invocation accepted","invocation_id":"inv_01m2qjf58vp1dezp6eqwyay479","tenant_id":"tn_01hzzzzzzzzzzzzzzzzzzzzzza","revision_id":"rev_01m2qjebtj1h9c9kfg5cgyjtjs","input_bytes":180,"input_storage":"inline","target":"tachyon_serverless_application::services::invoke_async"}
{"timestamp":"2026-09-17T11:36:42.013628Z","level":"INFO","message":"cron trigger fired","trigger_id":"trg_01m2qjefdcn65wjp0j119d08rb","scheduled_at":"2026-09-17T11:36:42Z","invocation_id":"inv_01m2qjf58vp1dezp6eqwyay479","revision_id":"rev_01m2qjebtj1h9c9kfg5cgyjtjs","replayed":false,"target":"tachyon_serverless_application::services::triggers"}
{"timestamp":"2026-09-17T11:36:42.579140Z","level":"INFO","message":"object retention pass","report":"GcReport { examined: 7, collected_expired: 0, collected_orphans: 0, kept_in_use: 5, kept_referenced: 2, incomplete_removed: 0, tombstones_purged: 0, failed: 0 }","target":"tachyon_serverless_gateway"}
{"timestamp":"2026-09-17T11:36:42.844285Z","level":"INFO","message":"bridge spawned","environment_id":"env_01m2qjf57rwq85ecjvk62xbyk2","pid":65341,"target":"tachyon_serverless_provider_process"}
{"timestamp":"2026-09-17T11:36:42.906537Z","level":"INFO","message":"invocation finished","invocation_id":"inv_01m2qjem45rd1rmt1sjh3902m6","status":"succeeded (async run)","handler_ms":6,"environment_boot_ms":20,"runtime_init_ms":39,"target":"tachyon_serverless_application::services::invoke"}
{"timestamp":"2026-09-17T11:36:42.908972Z","level":"INFO","message":"terminating bridge","environment_id":"env_01m2qjf57rwq85ecjvk62xbyk2","pid":65341,"reason":"Completed","graceful":true,"target":"tachyon_serverless_provider_process"}
{"timestamp":"2026-09-17T11:36:42.921787Z","level":"INFO","message":"asynchronous invocation settled","invocation_id":"inv_01m2qjem45rd1rmt1sjh3902m6","status":"succeeded","target":"tachyon_serverless_application::services::invoke_async::dispatch"}
{"timestamp":"2026-09-17T11:36:42.949910Z","level":"INFO","message":"async dispatch: delivery handled","message_id":"inv_01m2qjem45rd1rmt1sjh3902m6","sequence":12,"delivery_count":1,"outcome":"Completed { status: \"succeeded\" }","target":"tachyon_serverless_application::services::invoke_async::dispatch"}
{"timestamp":"2026-09-17T11:36:42.954354Z","level":"INFO","message":"asynchronous run claimed","invocation_id":"inv_01m2qjemqk9wm10g9z6r49gyey","attempt":1,"generation":0,"delivery_count":1,"target":"tachyon_serverless_application::services::invoke_async::dispatch"}
{"timestamp":"2026-09-17T11:36:43.564746Z","level":"INFO","message":"invocation finished","invocation_id":"inv_01m2qjek2mf5krdhd8q9brqjj0","status":"succeeded (async run)","handler_ms":3005,"environment_boot_ms":16,"runtime_init_ms":23,"target":"tachyon_serverless_application::services::invoke"}
{"timestamp":"2026-09-17T11:36:43.566970Z","level":"INFO","message":"terminating bridge","environment_id":"env_01m2qjf2txg7tcqe7z2ba83e5e","pid":65271,"reason":"Completed","graceful":true,"target":"tachyon_serverless_provider_process"}
{"timestamp":"2026-09-17T11:36:43.575159Z","level":"INFO","message":"asynchronous invocation settled","invocation_id":"inv_01m2qjek2mf5krdhd8q9brqjj0","status":"succeeded","target":"tachyon_serverless_application::services::invoke_async::dispatch"}
{"timestamp":"2026-09-17T11:36:43.583798Z","level":"INFO","message":"async dispatch: delivery handled","message_id":"inv_01m2qjek2mf5krdhd8q9brqjj0","sequence":9,"delivery_count":1,"outcome":"Completed { status: \"succeeded\" }","target":"tachyon_serverless_application::services::invoke_async::dispatch"}
{"timestamp":"2026-09-17T11:36:43.591716Z","level":"INFO","message":"asynchronous run claimed","invocation_id":"inv_01m2qjenatqy5k899bdba1h3h2","attempt":1,"generation":0,"delivery_count":1,"target":"tachyon_serverless_application::services::invoke_async::dispatch"}
{"timestamp":"2026-09-17T11:36:43.976001Z","level":"INFO","message":"bridge spawned","environment_id":"env_01m2qjf66n54be224sewf35ez5","pid":65382,"target":"tachyon_serverless_provider_process"}
{"timestamp":"2026-09-17T11:36:44.006376Z","level":"INFO","message":"asynchronous invocation accepted","invocation_id":"inv_01m2qjf774sm7kh0xg4g0tk1g3","tenant_id":"tn_01hzzzzzzzzzzzzzzzzzzzzzza","revision_id":"rev_01m2qjebtj1h9c9kfg5cgyjtjs","input_bytes":180,"input_storage":"inline","target":"tachyon_serverless_application::services::invoke_async"}
{"timestamp":"2026-09-17T11:36:44.006492Z","level":"INFO","message":"cron trigger fired","trigger_id":"trg_01m2qjefdcn65wjp0j119d08rb","scheduled_at":"2026-09-17T11:36:44Z","invocation_id":"inv_01m2qjf774sm7kh0xg4g0tk1g3","revision_id":"rev_01m2qjebtj1h9c9kfg5cgyjtjs","replayed":false,"target":"tachyon_serverless_application::services::triggers"}
{"timestamp":"2026-09-17T11:36:44.024483Z","level":"INFO","message":"invocation finished","invocation_id":"inv_01m2qjemqk9wm10g9z6r49gyey","status":"succeeded (async run)","handler_ms":4,"environment_boot_ms":11,"runtime_init_ms":23,"target":"tachyon_serverless_application::services::invoke"}
{"timestamp":"2026-09-17T11:36:44.026783Z","level":"INFO","message":"terminating bridge","environment_id":"env_01m2qjf66n54be224sewf35ez5","pid":65382,"reason":"Completed","graceful":true,"target":"tachyon_serverless_provider_process"}
{"timestamp":"2026-09-17T11:36:44.043251Z","level":"INFO","message":"asynchronous invocation settled","invocation_id":"inv_01m2qjemqk9wm10g9z6r49gyey","status":"succeeded","target":"tachyon_serverless_application::services::invoke_async::dispatch"}
{"timestamp":"2026-09-17T11:36:44.051140Z","level":"INFO","message":"async dispatch: delivery handled","message_id":"inv_01m2qjemqk9wm10g9z6r49gyey","sequence":13,"delivery_count":1,"outcome":"Completed { status: \"succeeded\" }","target":"tachyon_serverless_application::services::invoke_async::dispatch"}
{"timestamp":"2026-09-17T11:36:44.056268Z","level":"INFO","message":"asynchronous run claimed","invocation_id":"inv_01m2qjeqk4jvsv9jqbnqc9ysgh","attempt":1,"generation":0,"delivery_count":1,"target":"tachyon_serverless_application::services::invoke_async::dispatch"}
{"timestamp":"2026-09-17T11:36:44.568020Z","level":"INFO","message":"bridge spawned","environment_id":"env_01m2qjf6tchxbrvag99v1t8qyp","pid":65403,"target":"tachyon_serverless_provider_process"}
{"timestamp":"2026-09-17T11:36:44.590273Z","level":"INFO","message":"object retention pass","report":"GcReport { examined: 7, collected_expired: 0, collected_orphans: 0, kept_in_use: 3, kept_referenced: 4, incomplete_removed: 0, tombstones_purged: 0, failed: 0 }","target":"tachyon_serverless_gateway"}
{"timestamp":"2026-09-17T11:36:44.607995Z","level":"INFO","message":"invocation finished","invocation_id":"inv_01m2qjenatqy5k899bdba1h3h2","status":"succeeded (async run)","handler_ms":3,"environment_boot_ms":12,"runtime_init_ms":21,"target":"tachyon_serverless_application::services::invoke"}
{"timestamp":"2026-09-17T11:36:44.610194Z","level":"INFO","message":"terminating bridge","environment_id":"env_01m2qjf6tchxbrvag99v1t8qyp","pid":65403,"reason":"Completed","graceful":true,"target":"tachyon_serverless_provider_process"}
{"timestamp":"2026-09-17T11:36:44.619668Z","level":"INFO","message":"asynchronous invocation settled","invocation_id":"inv_01m2qjenatqy5k899bdba1h3h2","status":"succeeded","target":"tachyon_serverless_application::services::invoke_async::dispatch"}
{"timestamp":"2026-09-17T11:36:44.634918Z","level":"INFO","message":"async dispatch: delivery handled","message_id":"inv_01m2qjenatqy5k899bdba1h3h2","sequence":14,"delivery_count":1,"outcome":"Completed { status: \"succeeded\" }","target":"tachyon_serverless_application::services::invoke_async::dispatch"}
{"timestamp":"2026-09-17T11:36:44.639812Z","level":"INFO","message":"asynchronous run claimed","invocation_id":"inv_01m2qjevg1nma6er33m0sey0z1","attempt":1,"generation":0,"delivery_count":1,"target":"tachyon_serverless_application::services::invoke_async::dispatch"}
{"timestamp":"2026-09-17T11:36:45.014793Z","level":"INFO","message":"bridge spawned","environment_id":"env_01m2qjf78sax0jsc34qf7vmaed","pid":65423,"target":"tachyon_serverless_provider_process"}
{"timestamp":"2026-09-17T11:36:45.055510Z","level":"INFO","message":"invocation finished","invocation_id":"inv_01m2qjeqk4jvsv9jqbnqc9ysgh","status":"succeeded (async run)","handler_ms":2,"environment_boot_ms":13,"runtime_init_ms":21,"target":"tachyon_serverless_application::services::invoke"}
{"timestamp":"2026-09-17T11:36:45.057816Z","level":"INFO","message":"terminating bridge","environment_id":"env_01m2qjf78sax0jsc34qf7vmaed","pid":65423,"reason":"Completed","graceful":true,"target":"tachyon_serverless_provider_process"}
{"timestamp":"2026-09-17T11:36:45.067512Z","level":"INFO","message":"asynchronous invocation settled","invocation_id":"inv_01m2qjeqk4jvsv9jqbnqc9ysgh","status":"succeeded","target":"tachyon_serverless_application::services::invoke_async::dispatch"}
{"timestamp":"2026-09-17T11:36:45.081618Z","level":"INFO","message":"async dispatch: delivery handled","message_id":"inv_01m2qjeqk4jvsv9jqbnqc9ysgh","sequence":15,"delivery_count":1,"outcome":"Completed { status: \"succeeded\" }","target":"tachyon_serverless_application::services::invoke_async::dispatch"}
{"timestamp":"2026-09-17T11:36:45.088340Z","level":"INFO","message":"asynchronous run claimed","invocation_id":"inv_01m2qjenmkpenx76zjnbe7kr5k","attempt":1,"generation":0,"delivery_count":1,"target":"tachyon_serverless_application::services::invoke_async::dispatch"}
{"timestamp":"2026-09-17T11:36:45.462826Z","level":"INFO","message":"bridge spawned","environment_id":"env_01m2qjf7v13wgz7akzk9xs9bjj","pid":65433,"target":"tachyon_serverless_provider_process"}
{"timestamp":"2026-09-17T11:36:45.507971Z","level":"INFO","message":"invocation finished","invocation_id":"inv_01m2qjevg1nma6er33m0sey0z1","status":"succeeded (async run)","handler_ms":3,"environment_boot_ms":15,"runtime_init_ms":23,"target":"tachyon_serverless_application::services::invoke"}
{"timestamp":"2026-09-17T11:36:45.510342Z","level":"INFO","message":"terminating bridge","environment_id":"env_01m2qjf7v13wgz7akzk9xs9bjj","pid":65433,"reason":"Completed","graceful":true,"target":"tachyon_serverless_provider_process"}
{"timestamp":"2026-09-17T11:36:45.520944Z","level":"INFO","message":"asynchronous invocation settled","invocation_id":"inv_01m2qjevg1nma6er33m0sey0z1","status":"succeeded","target":"tachyon_serverless_application::services::invoke_async::dispatch"}
{"timestamp":"2026-09-17T11:36:45.538887Z","level":"INFO","message":"async dispatch: delivery handled","message_id":"inv_01m2qjevg1nma6er33m0sey0z1","sequence":16,"delivery_count":1,"outcome":"Completed { status: \"succeeded\" }","target":"tachyon_serverless_application::services::invoke_async::dispatch"}
{"timestamp":"2026-09-17T11:36:45.546345Z","level":"INFO","message":"asynchronous run claimed","invocation_id":"inv_01m2qjeny1x4h7newem6vb9gz1","attempt":1,"generation":0,"delivery_count":1,"target":"tachyon_serverless_application::services::invoke_async::dispatch"}
{"timestamp":"2026-09-17T11:36:46.005682Z","level":"INFO","message":"asynchronous invocation accepted","invocation_id":"inv_01m2qjf95kdajy07z92zn6b02a","tenant_id":"tn_01hzzzzzzzzzzzzzzzzzzzzzza","revision_id":"rev_01m2qjebtj1h9c9kfg5cgyjtjs","input_bytes":180,"input_storage":"inline","target":"tachyon_serverless_application::services::invoke_async"}
{"timestamp":"2026-09-17T11:36:46.005902Z","level":"INFO","message":"cron trigger fired","trigger_id":"trg_01m2qjefdcn65wjp0j119d08rb","scheduled_at":"2026-09-17T11:36:46Z","invocation_id":"inv_01m2qjf95kdajy07z92zn6b02a","revision_id":"rev_01m2qjebtj1h9c9kfg5cgyjtjs","replayed":false,"target":"tachyon_serverless_application::services::triggers"}
{"timestamp":"2026-09-17T11:36:46.060095Z","level":"INFO","message":"bridge spawned","environment_id":"env_01m2qjf8916sgwzwd6wxph6nzf","pid":65454,"target":"tachyon_serverless_provider_process"}
{"timestamp":"2026-09-17T11:36:46.104179Z","level":"INFO","message":"invocation finished","invocation_id":"inv_01m2qjenmkpenx76zjnbe7kr5k","status":"succeeded (async run)","handler_ms":4,"environment_boot_ms":14,"runtime_init_ms":22,"target":"tachyon_serverless_application::services::invoke"}
{"timestamp":"2026-09-17T11:36:46.106532Z","level":"INFO","message":"terminating bridge","environment_id":"env_01m2qjf8916sgwzwd6wxph6nzf","pid":65454,"reason":"Completed","graceful":true,"target":"tachyon_serverless_provider_process"}
{"timestamp":"2026-09-17T11:36:46.120791Z","level":"INFO","message":"asynchronous invocation settled","invocation_id":"inv_01m2qjenmkpenx76zjnbe7kr5k","status":"succeeded","target":"tachyon_serverless_application::services::invoke_async::dispatch"}
{"timestamp":"2026-09-17T11:36:46.137276Z","level":"INFO","message":"async dispatch: delivery handled","message_id":"inv_01m2qjenmkpenx76zjnbe7kr5k","sequence":17,"delivery_count":1,"outcome":"Completed { status: \"succeeded\" }","target":"tachyon_serverless_application::services::invoke_async::dispatch"}
{"timestamp":"2026-09-17T11:36:46.142390Z","level":"INFO","message":"asynchronous run claimed","invocation_id":"inv_01m2qjepj0j055g3zc0pr9wr2s","attempt":1,"generation":0,"delivery_count":1,"target":"tachyon_serverless_application::services::invoke_async::dispatch"}
{"timestamp":"2026-09-17T11:36:46.579997Z","level":"INFO","message":"object retention pass","report":"GcReport { examined: 7, collected_expired: 0, collected_orphans: 0, kept_in_use: 2, kept_referenced: 5, incomplete_removed: 0, tombstones_purged: 0, failed: 0 }","target":"tachyon_serverless_gateway"}
{"timestamp":"2026-09-17T11:36:46.615489Z","level":"INFO","message":"bridge spawned","environment_id":"env_01m2qjf8qfew5meee0v80c30rt","pid":65491,"target":"tachyon_serverless_provider_process"}
{"timestamp":"2026-09-17T11:36:46.691796Z","level":"INFO","message":"invocation finished","invocation_id":"inv_01m2qjeny1x4h7newem6vb9gz1","status":"succeeded (async run)","handler_ms":7,"environment_boot_ms":13,"runtime_init_ms":45,"target":"tachyon_serverless_application::services::invoke"}
{"timestamp":"2026-09-17T11:36:46.694044Z","level":"INFO","message":"terminating bridge","environment_id":"env_01m2qjf8qfew5meee0v80c30rt","pid":65491,"reason":"Completed","graceful":true,"target":"tachyon_serverless_provider_process"}
{"timestamp":"2026-09-17T11:36:46.701436Z","level":"INFO","message":"asynchronous invocation settled","invocation_id":"inv_01m2qjeny1x4h7newem6vb9gz1","status":"succeeded","target":"tachyon_serverless_application::services::invoke_async::dispatch"}
{"timestamp":"2026-09-17T11:36:46.722287Z","level":"INFO","message":"async dispatch: delivery handled","message_id":"inv_01m2qjeny1x4h7newem6vb9gz1","sequence":18,"delivery_count":1,"outcome":"Completed { status: \"succeeded\" }","target":"tachyon_serverless_application::services::invoke_async::dispatch"}
{"timestamp":"2026-09-17T11:36:46.726122Z","level":"INFO","message":"asynchronous run claimed","invocation_id":"inv_01m2qjeshk3dx9ypy1r5zwh84y","attempt":1,"generation":0,"delivery_count":1,"target":"tachyon_serverless_application::services::invoke_async::dispatch"}
{"timestamp":"2026-09-17T11:36:47.307312Z","level":"INFO","message":"bridge spawned","environment_id":"env_01m2qjf9a4swbs4c41546495w5","pid":65519,"target":"tachyon_serverless_provider_process"}
{"timestamp":"2026-09-17T11:36:47.355327Z","level":"INFO","message":"invocation finished","invocation_id":"inv_01m2qjepj0j055g3zc0pr9wr2s","status":"succeeded (async run)","handler_ms":4,"environment_boot_ms":14,"runtime_init_ms":22,"target":"tachyon_serverless_application::services::invoke"}
{"timestamp":"2026-09-17T11:36:47.357812Z","level":"INFO","message":"terminating bridge","environment_id":"env_01m2qjf9a4swbs4c41546495w5","pid":65519,"reason":"Completed","graceful":true,"target":"tachyon_serverless_provider_process"}
{"timestamp":"2026-09-17T11:36:47.372191Z","level":"INFO","message":"asynchronous invocation settled","invocation_id":"inv_01m2qjepj0j055g3zc0pr9wr2s","status":"succeeded","target":"tachyon_serverless_application::services::invoke_async::dispatch"}
{"timestamp":"2026-09-17T11:36:47.383994Z","level":"INFO","message":"async dispatch: delivery handled","message_id":"inv_01m2qjepj0j055g3zc0pr9wr2s","sequence":19,"delivery_count":1,"outcome":"Completed { status: \"succeeded\" }","target":"tachyon_serverless_application::services::invoke_async::dispatch"}
{"timestamp":"2026-09-17T11:36:47.391514Z","level":"INFO","message":"asynchronous run claimed","invocation_id":"inv_01m2qjexem8gf28exed0ar0y85","attempt":1,"generation":0,"delivery_count":1,"target":"tachyon_serverless_application::services::invoke_async::dispatch"}
{"timestamp":"2026-09-17T11:36:47.769046Z","level":"INFO","message":"bridge spawned","environment_id":"env_01m2qjf9w7shxtxsstdjt1pw4z","pid":65530,"target":"tachyon_serverless_provider_process"}
{"timestamp":"2026-09-17T11:36:47.812272Z","level":"INFO","message":"invocation finished","invocation_id":"inv_01m2qjeshk3dx9ypy1r5zwh84y","status":"succeeded (async run)","handler_ms":2,"environment_boot_ms":14,"runtime_init_ms":24,"target":"tachyon_serverless_application::services::invoke"}
{"timestamp":"2026-09-17T11:36:47.814532Z","level":"INFO","message":"terminating bridge","environment_id":"env_01m2qjf9w7shxtxsstdjt1pw4z","pid":65530,"reason":"Completed","graceful":true,"target":"tachyon_serverless_provider_process"}
{"timestamp":"2026-09-17T11:36:47.831207Z","level":"INFO","message":"asynchronous invocation settled","invocation_id":"inv_01m2qjeshk3dx9ypy1r5zwh84y","status":"succeeded","target":"tachyon_serverless_application::services::invoke_async::dispatch"}
{"timestamp":"2026-09-17T11:36:47.842961Z","level":"INFO","message":"async dispatch: delivery handled","message_id":"inv_01m2qjeshk3dx9ypy1r5zwh84y","sequence":20,"delivery_count":1,"outcome":"Completed { status: \"succeeded\" }","target":"tachyon_serverless_application::services::invoke_async::dispatch"}
{"timestamp":"2026-09-17T11:36:47.849710Z","level":"INFO","message":"asynchronous run claimed","invocation_id":"inv_01m2qjezd5xwjf0y2sp3jppyxz","attempt":1,"generation":0,"delivery_count":1,"target":"tachyon_serverless_application::services::invoke_async::dispatch"}
{"timestamp":"2026-09-17T11:36:48.004153Z","level":"INFO","message":"asynchronous invocation accepted","invocation_id":"inv_01m2qjfb42086sn6bejxa9wtkt","tenant_id":"tn_01hzzzzzzzzzzzzzzzzzzzzzza","revision_id":"rev_01m2qjebtj1h9c9kfg5cgyjtjs","input_bytes":180,"input_storage":"inline","target":"tachyon_serverless_application::services::invoke_async"}
{"timestamp":"2026-09-17T11:36:48.004274Z","level":"INFO","message":"cron trigger fired","trigger_id":"trg_01m2qjefdcn65wjp0j119d08rb","scheduled_at":"2026-09-17T11:36:48Z","invocation_id":"inv_01m2qjfb42086sn6bejxa9wtkt","revision_id":"rev_01m2qjebtj1h9c9kfg5cgyjtjs","replayed":false,"target":"tachyon_serverless_application::services::triggers"}
{"timestamp":"2026-09-17T11:36:48.215754Z","level":"INFO","message":"bridge spawned","environment_id":"env_01m2qjfah0mbe3x2mzxjztmmm5","pid":65560,"target":"tachyon_serverless_provider_process"}
{"timestamp":"2026-09-17T11:36:48.255860Z","level":"INFO","message":"invocation finished","invocation_id":"inv_01m2qjexem8gf28exed0ar0y85","status":"succeeded (async run)","handler_ms":2,"environment_boot_ms":14,"runtime_init_ms":21,"target":"tachyon_serverless_application::services::invoke"}
{"timestamp":"2026-09-17T11:36:48.258361Z","level":"INFO","message":"terminating bridge","environment_id":"env_01m2qjfah0mbe3x2mzxjztmmm5","pid":65560,"reason":"Completed","graceful":true,"target":"tachyon_serverless_provider_process"}
{"timestamp":"2026-09-17T11:36:48.269799Z","level":"INFO","message":"asynchronous invocation settled","invocation_id":"inv_01m2qjexem8gf28exed0ar0y85","status":"succeeded","target":"tachyon_serverless_application::services::invoke_async::dispatch"}
{"timestamp":"2026-09-17T11:36:48.280808Z","level":"INFO","message":"async dispatch: delivery handled","message_id":"inv_01m2qjexem8gf28exed0ar0y85","sequence":21,"delivery_count":1,"outcome":"Completed { status: \"succeeded\" }","target":"tachyon_serverless_application::services::invoke_async::dispatch"}
{"timestamp":"2026-09-17T11:36:48.290023Z","level":"INFO","message":"asynchronous run claimed","invocation_id":"inv_01m2qjf1bnrngwxnq5rfhb7yea","attempt":1,"generation":0,"delivery_count":1,"target":"tachyon_serverless_application::services::invoke_async::dispatch"}
{"timestamp":"2026-09-17T11:36:48.580349Z","level":"INFO","message":"object retention pass","report":"GcReport { examined: 7, collected_expired: 0, collected_orphans: 0, kept_in_use: 0, kept_referenced: 7, incomplete_removed: 0, tombstones_purged: 0, failed: 0 }","target":"tachyon_serverless_gateway"}
{"timestamp":"2026-09-17T11:36:48.807536Z","level":"INFO","message":"bridge spawned","environment_id":"env_01m2qjfaza6p0kfgx6dphjm7hq","pid":65571,"target":"tachyon_serverless_provider_process"}
{"timestamp":"2026-09-17T11:36:48.840674Z","level":"INFO","message":"invocation finished","invocation_id":"inv_01m2qjezd5xwjf0y2sp3jppyxz","status":"succeeded (async run)","handler_ms":1,"environment_boot_ms":13,"runtime_init_ms":15,"target":"tachyon_serverless_application::services::invoke"}
{"timestamp":"2026-09-17T11:36:48.843005Z","level":"INFO","message":"terminating bridge","environment_id":"env_01m2qjfaza6p0kfgx6dphjm7hq","pid":65571,"reason":"Completed","graceful":true,"target":"tachyon_serverless_provider_process"}
{"timestamp":"2026-09-17T11:36:48.850163Z","level":"INFO","message":"asynchronous invocation settled","invocation_id":"inv_01m2qjezd5xwjf0y2sp3jppyxz","status":"succeeded","target":"tachyon_serverless_application::services::invoke_async::dispatch"}
{"timestamp":"2026-09-17T11:36:48.860259Z","level":"INFO","message":"async dispatch: delivery handled","message_id":"inv_01m2qjezd5xwjf0y2sp3jppyxz","sequence":22,"delivery_count":1,"outcome":"Completed { status: \"succeeded\" }","target":"tachyon_serverless_application::services::invoke_async::dispatch"}
{"timestamp":"2026-09-17T11:36:48.863826Z","level":"INFO","message":"asynchronous run claimed","invocation_id":"inv_01m2qjf3a2xa971w0k9x8st9x2","attempt":1,"generation":0,"delivery_count":1,"target":"tachyon_serverless_application::services::invoke_async::dispatch"}
{"timestamp":"2026-09-17T11:36:49.117831Z","level":"INFO","message":"bridge spawned","environment_id":"env_01m2qjfbcgk744rjp68thy71s7","pid":65575,"target":"tachyon_serverless_provider_process"}
{"timestamp":"2026-09-17T11:36:49.118778Z","level":"INFO","message":"bridge spawned","environment_id":"env_01m2qjfbd2d47a3gb018qrshf1","pid":65576,"target":"tachyon_serverless_provider_process"}
{"timestamp":"2026-09-17T11:36:49.154010Z","level":"INFO","message":"invocation finished","invocation_id":"inv_01m2qjf1bnrngwxnq5rfhb7yea","status":"succeeded (async run)","handler_ms":3,"environment_boot_ms":10,"runtime_init_ms":18,"target":"tachyon_serverless_application::services::invoke"}
{"timestamp":"2026-09-17T11:36:49.155630Z","level":"INFO","message":"invocation finished","invocation_id":"inv_01m2qjfbcfc3xhczw1g15py5z4","status":"succeeded","handler_ms":1,"environment_boot_ms":12,"runtime_init_ms":20,"target":"tachyon_serverless_application::services::invoke"}
{"timestamp":"2026-09-17T11:36:49.156245Z","level":"INFO","message":"terminating bridge","environment_id":"env_01m2qjfbd2d47a3gb018qrshf1","pid":65576,"reason":"Completed","graceful":true,"target":"tachyon_serverless_provider_process"}
{"timestamp":"2026-09-17T11:36:49.157763Z","level":"INFO","message":"terminating bridge","environment_id":"env_01m2qjfbcgk744rjp68thy71s7","pid":65575,"reason":"Completed","graceful":true,"target":"tachyon_serverless_provider_process"}
{"timestamp":"2026-09-17T11:36:49.165607Z","level":"INFO","message":"asynchronous invocation settled","invocation_id":"inv_01m2qjf1bnrngwxnq5rfhb7yea","status":"succeeded","target":"tachyon_serverless_application::services::invoke_async::dispatch"}
{"timestamp":"2026-09-17T11:36:49.174470Z","level":"INFO","message":"async dispatch: delivery handled","message_id":"inv_01m2qjf1bnrngwxnq5rfhb7yea","sequence":23,"delivery_count":1,"outcome":"Completed { status: \"succeeded\" }","target":"tachyon_serverless_application::services::invoke_async::dispatch"}
{"timestamp":"2026-09-17T11:36:49.178920Z","level":"INFO","message":"asynchronous run claimed","invocation_id":"inv_01m2qjf58vp1dezp6eqwyay479","attempt":1,"generation":0,"delivery_count":1,"target":"tachyon_serverless_application::services::invoke_async::dispatch"}
{"timestamp":"2026-09-17T11:36:49.379134Z","level":"INFO","message":"asynchronous invocation accepted","invocation_id":"inv_01m2qjfcf1nekscm3hb107jh50","tenant_id":"tn_01hzzzzzzzzzzzzzzzzzzzzzza","revision_id":"rev_01m2qje8w120d4vva189mgsa31","input_bytes":48,"input_storage":"inline","target":"tachyon_serverless_application::services::invoke_async"}
{"timestamp":"2026-09-17T11:36:49.607666Z","level":"INFO","message":"asynchronous invocation accepted","invocation_id":"inv_01m2qjfcndev09k47wgj5g0avj","tenant_id":"tn_01hzzzzzzzzzzzzzzzzzzzzzza","revision_id":"rev_01m2qje8w120d4vva189mgsa31","input_bytes":4128,"input_storage":"object","target":"tachyon_serverless_application::services::invoke_async"}
{"timestamp":"2026-09-17T11:36:49.782594Z","level":"INFO","message":"asynchronous invocation accepted","invocation_id":"inv_01m2qjfcvk37wkb59xf4hrgxa7","tenant_id":"tn_01hzzzzzzzzzzzzzzzzzzzzzza","revision_id":"rev_01m2qjebtj1h9c9kfg5cgyjtjs","input_bytes":191,"input_storage":"inline","target":"tachyon_serverless_application::services::invoke_async"}
{"timestamp":"2026-09-17T11:36:49.782718Z","level":"INFO","message":"webhook trigger fired","trigger_id":"trg_01m2qjefex3f24hax3ggwmh2gg","event_id":"evt-post-w1","invocation_id":"inv_01m2qjfcvk37wkb59xf4hrgxa7","revision_id":"rev_01m2qjebtj1h9c9kfg5cgyjtjs","replayed":false,"target":"tachyon_serverless_application::services::triggers"}
{"timestamp":"2026-09-17T11:36:49.871574Z","level":"INFO","message":"bridge spawned","environment_id":"env_01m2qjfbz04kqy2pmf1wjrjwq3","pid":65654,"target":"tachyon_serverless_provider_process"}
{"timestamp":"2026-09-17T11:36:49.899140Z","level":"INFO","message":"trigger updated","trigger_id":"trg_01m2qjefdcn65wjp0j119d08rb","generation":2,"status":"disabled","next_fire_at":"None","rotated_secret":false,"target":"tachyon_serverless_application::services::triggers"}
{"timestamp":"2026-09-17T11:36:49.915958Z","level":"INFO","message":"invocation finished","invocation_id":"inv_01m2qjf3a2xa971w0k9x8st9x2","status":"succeeded (async run)","handler_ms":2,"environment_boot_ms":16,"runtime_init_ms":24,"target":"tachyon_serverless_application::services::invoke"}
{"timestamp":"2026-09-17T11:36:49.918600Z","level":"INFO","message":"terminating bridge","environment_id":"env_01m2qjfbz04kqy2pmf1wjrjwq3","pid":65654,"reason":"Completed","graceful":true,"target":"tachyon_serverless_provider_process"}
{"timestamp":"2026-09-17T11:36:49.928479Z","level":"INFO","message":"asynchronous invocation settled","invocation_id":"inv_01m2qjf3a2xa971w0k9x8st9x2","status":"succeeded","target":"tachyon_serverless_application::services::invoke_async::dispatch"}
{"timestamp":"2026-09-17T11:36:49.938299Z","level":"INFO","message":"async dispatch: delivery handled","message_id":"inv_01m2qjf3a2xa971w0k9x8st9x2","sequence":24,"delivery_count":1,"outcome":"Completed { status: \"succeeded\" }","target":"tachyon_serverless_application::services::invoke_async::dispatch"}
{"timestamp":"2026-09-17T11:36:49.943815Z","level":"INFO","message":"asynchronous run claimed","invocation_id":"inv_01m2qjf774sm7kh0xg4g0tk1g3","attempt":1,"generation":0,"delivery_count":1,"target":"tachyon_serverless_application::services::invoke_async::dispatch"}
{"timestamp":"2026-09-17T11:36:50.213181Z","level":"INFO","message":"bridge spawned","environment_id":"env_01m2qjfc8w6b3xxhp4pvvsvgad","pid":65689,"target":"tachyon_serverless_provider_process"}
{"timestamp":"2026-09-17T11:36:50.251704Z","level":"INFO","message":"invocation finished","invocation_id":"inv_01m2qjf58vp1dezp6eqwyay479","status":"succeeded (async run)","handler_ms":2,"environment_boot_ms":15,"runtime_init_ms":19,"target":"tachyon_serverless_application::services::invoke"}
{"timestamp":"2026-09-17T11:36:50.254809Z","level":"INFO","message":"terminating bridge","environment_id":"env_01m2qjfc8w6b3xxhp4pvvsvgad","pid":65689,"reason":"Completed","graceful":true,"target":"tachyon_serverless_provider_process"}
{"timestamp":"2026-09-17T11:36:50.263370Z","level":"INFO","message":"asynchronous invocation settled","invocation_id":"inv_01m2qjf58vp1dezp6eqwyay479","status":"succeeded","target":"tachyon_serverless_application::services::invoke_async::dispatch"}
{"timestamp":"2026-09-17T11:36:50.272208Z","level":"INFO","message":"async dispatch: delivery handled","message_id":"inv_01m2qjf58vp1dezp6eqwyay479","sequence":25,"delivery_count":1,"outcome":"Completed { status: \"succeeded\" }","target":"tachyon_serverless_application::services::invoke_async::dispatch"}
{"timestamp":"2026-09-17T11:36:50.278908Z","level":"INFO","message":"asynchronous run claimed","invocation_id":"inv_01m2qjf95kdajy07z92zn6b02a","attempt":1,"generation":0,"delivery_count":1,"target":"tachyon_serverless_application::services::invoke_async::dispatch"}
{"timestamp":"2026-09-17T11:36:50.579017Z","level":"INFO","message":"object retention pass","report":"GcReport { examined: 7, collected_expired: 0, collected_orphans: 0, kept_in_use: 0, kept_referenced: 7, incomplete_removed: 0, tombstones_purged: 0, failed: 0 }","target":"tachyon_serverless_gateway"}
{"timestamp":"2026-09-17T11:36:51.014422Z","level":"INFO","message":"bridge spawned","environment_id":"env_01m2qjfd0rypyjdpw07whndt1p","pid":65710,"target":"tachyon_serverless_provider_process"}
{"timestamp":"2026-09-17T11:36:51.053172Z","level":"INFO","message":"invocation finished","invocation_id":"inv_01m2qjf774sm7kh0xg4g0tk1g3","status":"succeeded (async run)","handler_ms":1,"environment_boot_ms":15,"runtime_init_ms":15,"target":"tachyon_serverless_application::services::invoke"}
{"timestamp":"2026-09-17T11:36:51.054143Z","level":"INFO","message":"terminating bridge","environment_id":"env_01m2qjfd0rypyjdpw07whndt1p","pid":65710,"reason":"Completed","graceful":true,"target":"tachyon_serverless_provider_process"}
{"timestamp":"2026-09-17T11:36:51.061398Z","level":"INFO","message":"asynchronous invocation settled","invocation_id":"inv_01m2qjf774sm7kh0xg4g0tk1g3","status":"succeeded","target":"tachyon_serverless_application::services::invoke_async::dispatch"}
{"timestamp":"2026-09-17T11:36:51.073983Z","level":"INFO","message":"async dispatch: delivery handled","message_id":"inv_01m2qjf774sm7kh0xg4g0tk1g3","sequence":26,"delivery_count":1,"outcome":"Completed { status: \"succeeded\" }","target":"tachyon_serverless_application::services::invoke_async::dispatch"}
{"timestamp":"2026-09-17T11:36:51.077680Z","level":"INFO","message":"asynchronous run claimed","invocation_id":"inv_01m2qjfb42086sn6bejxa9wtkt","attempt":1,"generation":0,"delivery_count":1,"target":"tachyon_serverless_application::services::invoke_async::dispatch"}
{"timestamp":"2026-09-17T11:36:51.144944Z","level":"INFO","message":"bridge spawned","environment_id":"env_01m2qjfdb7vwgdcgj83z277cam","pid":65713,"target":"tachyon_serverless_provider_process"}
{"timestamp":"2026-09-17T11:36:51.197134Z","level":"INFO","message":"invocation finished","invocation_id":"inv_01m2qjf95kdajy07z92zn6b02a","status":"succeeded (async run)","handler_ms":2,"environment_boot_ms":22,"runtime_init_ms":26,"target":"tachyon_serverless_application::services::invoke"}
{"timestamp":"2026-09-17T11:36:51.199539Z","level":"INFO","message":"terminating bridge","environment_id":"env_01m2qjfdb7vwgdcgj83z277cam","pid":65713,"reason":"Completed","graceful":true,"target":"tachyon_serverless_provider_process"}
{"timestamp":"2026-09-17T11:36:51.210085Z","level":"INFO","message":"asynchronous invocation settled","invocation_id":"inv_01m2qjf95kdajy07z92zn6b02a","status":"succeeded","target":"tachyon_serverless_application::services::invoke_async::dispatch"}
{"timestamp":"2026-09-17T11:36:51.224325Z","level":"INFO","message":"async dispatch: delivery handled","message_id":"inv_01m2qjf95kdajy07z92zn6b02a","sequence":27,"delivery_count":1,"outcome":"Completed { status: \"succeeded\" }","target":"tachyon_serverless_application::services::invoke_async::dispatch"}
{"timestamp":"2026-09-17T11:36:51.238349Z","level":"INFO","message":"asynchronous run claimed","invocation_id":"inv_01m2qjfcf1nekscm3hb107jh50","attempt":1,"generation":0,"delivery_count":1,"target":"tachyon_serverless_application::services::invoke_async::dispatch"}
{"timestamp":"2026-09-17T11:36:51.915098Z","level":"INFO","message":"bridge spawned","environment_id":"env_01m2qjfe461kz4scn006fqe7yv","pid":65737,"target":"tachyon_serverless_provider_process"}
{"timestamp":"2026-09-17T11:36:51.948283Z","level":"INFO","message":"invocation finished","invocation_id":"inv_01m2qjfb42086sn6bejxa9wtkt","status":"succeeded (async run)","handler_ms":2,"environment_boot_ms":11,"runtime_init_ms":16,"target":"tachyon_serverless_application::services::invoke"}
{"timestamp":"2026-09-17T11:36:51.950620Z","level":"INFO","message":"terminating bridge","environment_id":"env_01m2qjfe461kz4scn006fqe7yv","pid":65737,"reason":"Completed","graceful":true,"target":"tachyon_serverless_provider_process"}
{"timestamp":"2026-09-17T11:36:51.958551Z","level":"INFO","message":"asynchronous invocation settled","invocation_id":"inv_01m2qjfb42086sn6bejxa9wtkt","status":"succeeded","target":"tachyon_serverless_application::services::invoke_async::dispatch"}
{"timestamp":"2026-09-17T11:36:51.993119Z","level":"INFO","message":"async dispatch: delivery handled","message_id":"inv_01m2qjfb42086sn6bejxa9wtkt","sequence":28,"delivery_count":1,"outcome":"Completed { status: \"succeeded\" }","target":"tachyon_serverless_application::services::invoke_async::dispatch"}
{"timestamp":"2026-09-17T11:36:51.995924Z","level":"INFO","message":"asynchronous run claimed","invocation_id":"inv_01m2qjfcndev09k47wgj5g0avj","attempt":1,"generation":0,"delivery_count":1,"target":"tachyon_serverless_application::services::invoke_async::dispatch"}
{"timestamp":"2026-09-17T11:36:52.009067Z","level":"INFO","message":"bridge spawned","environment_id":"env_01m2qjfe97ac33dvmjmtx77t5b","pid":65739,"target":"tachyon_serverless_provider_process"}
{"timestamp":"2026-09-17T11:36:52.113994Z","level":"INFO","message":"invocation finished","invocation_id":"inv_01m2qjfcf1nekscm3hb107jh50","status":"succeeded (async run)","handler_ms":5,"environment_boot_ms":30,"runtime_init_ms":72,"target":"tachyon_serverless_application::services::invoke"}
{"timestamp":"2026-09-17T11:36:52.116312Z","level":"INFO","message":"terminating bridge","environment_id":"env_01m2qjfe97ac33dvmjmtx77t5b","pid":65739,"reason":"Completed","graceful":true,"target":"tachyon_serverless_provider_process"}
{"timestamp":"2026-09-17T11:36:52.123592Z","level":"INFO","message":"asynchronous invocation settled","invocation_id":"inv_01m2qjfcf1nekscm3hb107jh50","status":"succeeded","target":"tachyon_serverless_application::services::invoke_async::dispatch"}
{"timestamp":"2026-09-17T11:36:52.130155Z","level":"INFO","message":"async dispatch: delivery handled","message_id":"inv_01m2qjfcf1nekscm3hb107jh50","sequence":29,"delivery_count":1,"outcome":"Completed { status: \"succeeded\" }","target":"tachyon_serverless_application::services::invoke_async::dispatch"}
{"timestamp":"2026-09-17T11:36:52.131824Z","level":"INFO","message":"asynchronous run claimed","invocation_id":"inv_01m2qjfcvk37wkb59xf4hrgxa7","attempt":1,"generation":0,"delivery_count":1,"target":"tachyon_serverless_application::services::invoke_async::dispatch"}
{"timestamp":"2026-09-17T11:36:52.580460Z","level":"INFO","message":"object retention pass","report":"GcReport { examined: 7, collected_expired: 0, collected_orphans: 0, kept_in_use: 0, kept_referenced: 7, incomplete_removed: 0, tombstones_purged: 0, failed: 0 }","target":"tachyon_serverless_gateway"}
{"timestamp":"2026-09-17T11:36:52.792293Z","level":"INFO","message":"bridge spawned","environment_id":"env_01m2qjff16m4f3k504fgv49p4h","pid":65762,"target":"tachyon_serverless_provider_process"}
{"timestamp":"2026-09-17T11:36:52.831777Z","level":"INFO","message":"invocation finished","invocation_id":"inv_01m2qjfcndev09k47wgj5g0avj","status":"succeeded (async run)","handler_ms":4,"environment_boot_ms":13,"runtime_init_ms":21,"target":"tachyon_serverless_application::services::invoke"}
{"timestamp":"2026-09-17T11:36:52.834034Z","level":"INFO","message":"terminating bridge","environment_id":"env_01m2qjff16m4f3k504fgv49p4h","pid":65762,"reason":"Completed","graceful":true,"target":"tachyon_serverless_provider_process"}
{"timestamp":"2026-09-17T11:36:52.843459Z","level":"INFO","message":"asynchronous invocation settled","invocation_id":"inv_01m2qjfcndev09k47wgj5g0avj","status":"succeeded","target":"tachyon_serverless_application::services::invoke_async::dispatch"}
{"timestamp":"2026-09-17T11:36:52.859296Z","level":"INFO","message":"async dispatch: delivery handled","message_id":"inv_01m2qjfcndev09k47wgj5g0avj","sequence":30,"delivery_count":1,"outcome":"Completed { status: \"succeeded\" }","target":"tachyon_serverless_application::services::invoke_async::dispatch"}
{"timestamp":"2026-09-17T11:36:52.941679Z","level":"INFO","message":"bridge spawned","environment_id":"env_01m2qjff54ehe7x556sc2caqvq","pid":65764,"target":"tachyon_serverless_provider_process"}
{"timestamp":"2026-09-17T11:36:52.968744Z","level":"INFO","message":"invocation finished","invocation_id":"inv_01m2qjfcvk37wkb59xf4hrgxa7","status":"succeeded (async run)","handler_ms":1,"environment_boot_ms":10,"runtime_init_ms":14,"target":"tachyon_serverless_application::services::invoke"}
{"timestamp":"2026-09-17T11:36:52.970980Z","level":"INFO","message":"terminating bridge","environment_id":"env_01m2qjff54ehe7x556sc2caqvq","pid":65764,"reason":"Completed","graceful":true,"target":"tachyon_serverless_provider_process"}
{"timestamp":"2026-09-17T11:36:52.978001Z","level":"INFO","message":"asynchronous invocation settled","invocation_id":"inv_01m2qjfcvk37wkb59xf4hrgxa7","status":"succeeded","target":"tachyon_serverless_application::services::invoke_async::dispatch"}
{"timestamp":"2026-09-17T11:36:52.993959Z","level":"INFO","message":"async dispatch: delivery handled","message_id":"inv_01m2qjfcvk37wkb59xf4hrgxa7","sequence":31,"delivery_count":1,"outcome":"Completed { status: \"succeeded\" }","target":"tachyon_serverless_application::services::invoke_async::dispatch"}
{"timestamp":"2026-09-17T11:36:54.579380Z","level":"INFO","message":"object retention pass","report":"GcReport { examined: 7, collected_expired: 0, collected_orphans: 0, kept_in_use: 0, kept_referenced: 7, incomplete_removed: 0, tombstones_purged: 0, failed: 0 }","target":"tachyon_serverless_gateway"}
{"timestamp":"2026-09-17T11:36:56.580384Z","level":"INFO","message":"object retention pass","report":"GcReport { examined: 8, collected_expired: 0, collected_orphans: 0, kept_in_use: 0, kept_referenced: 8, incomplete_removed: 0, tombstones_purged: 0, failed: 0 }","target":"tachyon_serverless_gateway"}
{"timestamp":"2026-09-17T11:36:58.236206Z","level":"INFO","message":"SIGTERM received","target":"tachyon_serverless_gateway"}
{"timestamp":"2026-09-17T11:36:58.236381Z","level":"INFO","message":"shutdown requested; cancelling in-flight invocations","target":"tachyon_serverless_gateway"}
{"timestamp":"2026-09-17T11:36:58.237414Z","level":"INFO","message":"final usage collection","report":"CollectReport { batches: 0, read: 0, inserted: 0, duplicates: 0, cursor_seq: 165 }","target":"tachyon_serverless_gateway"}
{"timestamp":"2026-09-17T11:36:58.240858Z","level":"INFO","message":"gateway stopped","target":"tachyon_serverless_gateway"}
{"timestamp":"2026-09-17T11:36:58.241387Z","level":"INFO","message":"event: closed","target":"async_nats"}
