uploading /home/takanorifukuyama.guest/lab/target/aarch64-unknown-linux-musl/release/example-isolation-probe (1853312 bytes, arch aarch64)
artifact sha256:bb805c89e9799ba454d1838b1e82f251fda7c22b88a6cdd8203f023f3868469c
revision rev_01m2s4tb7x9kzvpeag17syx1ng (#4) created: pending
revision rev_01m2s4tb7x9kzvpeag17syx1ng is preparing
revision rev_01m2s4tb7x9kzvpeag17syx1ng is ready
[e2e] revision publicweb: rev_01m2s4tb7x9kzvpeag17syx1ng (256 MiB, 500 m)
uploading /home/takanorifukuyama.guest/lab/target/aarch64-unknown-linux-musl/release/example-isolation-probe (1853312 bytes, arch aarch64)
artifact sha256:bb805c89e9799ba454d1838b1e82f251fda7c22b88a6cdd8203f023f3868469c
revision rev_01m2s4tbs26d0kf7fchxqq0vy1 (#5) created: pending
revision rev_01m2s4tbs26d0kf7fchxqq0vy1 is preparing
revision rev_01m2s4tbs26d0kf7fchxqq0vy1 is ready
[e2e] revision restricted: rev_01m2s4tbs26d0kf7fchxqq0vy1 (256 MiB, 500 m)
uploading /home/takanorifukuyama.guest/lab/target/aarch64-unknown-linux-musl/release/example-isolation-probe (1853312 bytes, arch aarch64)
artifact sha256:bb805c89e9799ba454d1838b1e82f251fda7c22b88a6cdd8203f023f3868469c
revision rev_01m2s4tccba4rsq7t62mm3excz (#1) created: pending
revision rev_01m2s4tccba4rsq7t62mm3excz is preparing
revision rev_01m2s4tccba4rsq7t62mm3excz is ready
{"egress":"public-web","egress_allow":null}
{"egress":"restricted","egress_allow":[{"cidr":"1.1.1.1/32","ports":[443],"protocol":"tcp"}]}
{"egress":"public-web","egress_allow":null}
