[e2e] tenant B function isolation-probe: fn_01m2s4tax3rhmn4x7zz5pdz9xv
uploading /home/takanorifukuyama.guest/lab/target/aarch64-unknown-linux-musl/release/example-isolation-probe (1853312 bytes, arch aarch64)
artifact sha256:bb805c89e9799ba454d1838b1e82f251fda7c22b88a6cdd8203f023f3868469c
revision rev_01m2s4wy8ynnqqx4xammk6dgyy (#6) created: pending
revision rev_01m2s4wy8ynnqqx4xammk6dgyy is preparing
revision rev_01m2s4wy8ynnqqx4xammk6dgyy is ready
uploading /home/takanorifukuyama.guest/lab/target/aarch64-unknown-linux-musl/release/example-isolation-probe (1853312 bytes, arch aarch64)
artifact sha256:bb805c89e9799ba454d1838b1e82f251fda7c22b88a6cdd8203f023f3868469c
revision rev_01m2s4wyq7p4bdnwtvdqr9ps0w (#7) created: pending
revision rev_01m2s4wyq7p4bdnwtvdqr9ps0w is preparing
revision rev_01m2s4wyq7p4bdnwtvdqr9ps0w is ready
uploading /home/takanorifukuyama.guest/lab/target/aarch64-unknown-linux-musl/release/example-isolation-probe (1853312 bytes, arch aarch64)
artifact sha256:bb805c89e9799ba454d1838b1e82f251fda7c22b88a6cdd8203f023f3868469c
revision rev_01m2s4wz6e4e02tbnc0zcjmhf8 (#8) created: pending
revision rev_01m2s4wz6e4e02tbnc0zcjmhf8 is preparing
revision rev_01m2s4wz6e4e02tbnc0zcjmhf8 is ready
uploading /home/takanorifukuyama.guest/lab/target/aarch64-unknown-linux-musl/release/example-isolation-probe (1853312 bytes, arch aarch64)
artifact sha256:bb805c89e9799ba454d1838b1e82f251fda7c22b88a6cdd8203f023f3868469c
revision rev_01m2s4wzpcq3ym2zjbgmfjpmj9 (#2) created: pending
revision rev_01m2s4wzpcq3ym2zjbgmfjpmj9 is preparing
revision rev_01m2s4wzpcq3ym2zjbgmfjpmj9 is ready
