
===== a start (failpoints: none) 11:00:23 =====
{"timestamp":"2026-09-17T11:00:24.012686Z","level":"INFO","message":"configuration loaded","config":"/private/var/folders/z7/khzdjrt95cg_fcmcnh4j1b5h0000gn/T/tsls-chaos.yxN5HM/gw-a.toml","target":"tachyon_serverless_gateway"}
{"timestamp":"2026-09-17T11:00:24.016273Z","level":"INFO","message":"connected successfully","server":"60600","max_payload":"1048576","target":"async_nats::connector"}
{"timestamp":"2026-09-17T11:00:24.016618Z","level":"INFO","message":"event: connected","target":"async_nats"}
{"timestamp":"2026-09-17T11:00:24.031974Z","level":"INFO","message":"JetStream queue connected and stream bootstrapped","url":"nats://127.0.0.1:60600","stream":"TACHYON_EVENTS","target":"tachyon_serverless_gateway::durable"}
{"timestamp":"2026-09-17T11:00:24.052850Z","level":"INFO","message":"state store opened","path":"/private/var/folders/z7/khzdjrt95cg_fcmcnh4j1b5h0000gn/T/tsls-chaos.yxN5HM/data/state.db","schema_version":8,"migrations_applied":"[1, 2, 3, 4, 5, 6, 7, 8]","imported_state_json":"None","settled_invocations":0,"settled_attempts":0,"settled_environments":0,"released_leases":0,"dropped_idempotency_keys":0,"purged_idempotency_keys":0,"outputs_purged":0,"target":"tachyon_serverless_application::app"}
{"timestamp":"2026-09-17T11:00:24.053502Z","level":"INFO","message":"dispatcher registered","dispatcher_id":"dsp_01m2qgcpbm7g4wq9wvd6kj1ees","instance":"chaos-a","pid":80653,"lease_ttl_seconds":60,"target":"tachyon_serverless_application::services::dispatcher"}
{"timestamp":"2026-09-17T11:00:24.059582Z","level":"INFO","message":"application bootstrapped","profile":"dev","provider":"process","dev_only":true,"environment_reuse":false,"reuse_verified":false,"reuse_reason":"[pool] enabled is false","reuse_disabled":"Some(Configuration)","idle_quiesce":"unsupported","idle_resume":"unsupported","data_dir":"/private/var/folders/z7/khzdjrt95cg_fcmcnh4j1b5h0000gn/T/tsls-chaos.yxN5HM/data","store":"sqlite","dispatcher_id":"dsp_01m2qgcpbm7g4wq9wvd6kj1ees","node":"local","node_region":"none","node_memory_mib":"None","max_concurrency":8,"queue":"nats","objects":"filesystem","invoke_async":true,"triggers":true,"target":"tachyon_serverless_application::app"}
{"timestamp":"2026-09-17T11:00:24.060005Z","level":"INFO","message":"startup reconcile finished","provider":"process","found":0,"adopted":0,"terminated":0,"disowned":0,"failed":0,"lost":0,"foreign":0,"reclaimed_dispatchers":0,"fenced_terminated":0,"fenced_pending":0,"target":"tachyon_serverless_application::services::reconcile"}
{"timestamp":"2026-09-17T11:00:24.060142Z","level":"INFO","message":"gateway listening","addr":"127.0.0.1:60604","profile":"dev","provider":"process","target":"tachyon_serverless_gateway"}
{"timestamp":"2026-09-17T11:00:24.062641Z","level":"INFO","message":"asynchronous dispatcher started","workers":2,"owner":"dsp_01m2qgcpbm7g4wq9wvd6kj1ees","target":"tachyon_serverless_gateway"}
{"timestamp":"2026-09-17T11:00:26.030117Z","level":"INFO","message":"revision ready","revision_id":"rev_01m2qgcqwy4b0h8tqkr0aep44s","function_id":"fn_01m2qgcptg1n7fzmwjjp65g46w","target":"tachyon_serverless_application::services::revision"}
{"timestamp":"2026-09-17T11:00:27.337506Z","level":"INFO","message":"revision ready","revision_id":"rev_01m2qgcs6x6vz31tpje5n2c5dh","function_id":"fn_01m2qgcrcypq5djckp2bwerced","target":"tachyon_serverless_application::services::revision"}
{"timestamp":"2026-09-17T11:00:28.747748Z","level":"INFO","message":"revision ready","revision_id":"rev_01m2qgctj8ahj0t1m24y2562s1","function_id":"fn_01m2qgcsnw0qn880zctbeh6q7v","target":"tachyon_serverless_application::services::revision"}
{"timestamp":"2026-09-17T11:00:29.015799Z","level":"INFO","message":"trigger created","trigger_id":"trg_01m2qgcv6pbex36hcxdrvh6gtp","function_id":"fn_01m2qgcrcypq5djckp2bwerced","kind":"cron","enabled":true,"next_fire_at":"Some(2026-09-17T11:00:30Z)","target":"tachyon_serverless_application::services::triggers"}
{"timestamp":"2026-09-17T11:00:29.058197Z","level":"INFO","message":"trigger created","trigger_id":"trg_01m2qgcv81hbq0kmqrf400zbw2","function_id":"fn_01m2qgcrcypq5djckp2bwerced","kind":"webhook","enabled":true,"next_fire_at":"None","target":"tachyon_serverless_application::services::triggers"}
{"timestamp":"2026-09-17T11:00:29.512220Z","level":"INFO","message":"bridge spawned","environment_id":"env_01m2qgcvanerq9sr8k9n5dvy92","pid":80970,"target":"tachyon_serverless_provider_process"}
{"timestamp":"2026-09-17T11:00:29.879748Z","level":"INFO","message":"invocation finished","invocation_id":"inv_01m2qgcvakwhp8f9f4gxcjyf60","status":"succeeded","handler_ms":1,"environment_boot_ms":9,"runtime_init_ms":352,"target":"tachyon_serverless_application::services::invoke"}
{"timestamp":"2026-09-17T11:00:29.882080Z","level":"INFO","message":"terminating bridge","environment_id":"env_01m2qgcvanerq9sr8k9n5dvy92","pid":80970,"reason":"Completed","graceful":true,"target":"tachyon_serverless_provider_process"}
{"timestamp":"2026-09-17T11:00:30.005178Z","level":"INFO","message":"asynchronous invocation accepted","invocation_id":"inv_01m2qgcw5k08y23qz90h535zqt","tenant_id":"tn_01hzzzzzzzzzzzzzzzzzzzzzza","revision_id":"rev_01m2qgcs6x6vz31tpje5n2c5dh","input_bytes":180,"input_storage":"inline","target":"tachyon_serverless_application::services::invoke_async"}
{"timestamp":"2026-09-17T11:00:30.005255Z","level":"INFO","message":"cron trigger fired","trigger_id":"trg_01m2qgcv6pbex36hcxdrvh6gtp","scheduled_at":"2026-09-17T11:00:30Z","invocation_id":"inv_01m2qgcw5k08y23qz90h535zqt","revision_id":"rev_01m2qgcs6x6vz31tpje5n2c5dh","replayed":false,"target":"tachyon_serverless_application::services::triggers"}
{"timestamp":"2026-09-17T11:00:30.014948Z","level":"INFO","message":"asynchronous invocation accepted","invocation_id":"inv_01m2qgcw5xrgkxqsdvgg1gejam","tenant_id":"tn_01hzzzzzzzzzzzzzzzzzzzzzza","revision_id":"rev_01m2qgcqwy4b0h8tqkr0aep44s","input_bytes":47,"input_storage":"inline","target":"tachyon_serverless_application::services::invoke_async"}
{"timestamp":"2026-09-17T11:00:30.029869Z","level":"INFO","message":"asynchronous run claimed","invocation_id":"inv_01m2qgcw5k08y23qz90h535zqt","attempt":1,"generation":0,"delivery_count":1,"target":"tachyon_serverless_application::services::invoke_async::dispatch"}
{"timestamp":"2026-09-17T11:00:30.034251Z","level":"INFO","message":"asynchronous run claimed","invocation_id":"inv_01m2qgcw5xrgkxqsdvgg1gejam","attempt":1,"generation":0,"delivery_count":1,"target":"tachyon_serverless_application::services::invoke_async::dispatch"}
{"timestamp":"2026-09-17T11:00:30.163832Z","level":"INFO","message":"asynchronous invocation accepted","invocation_id":"inv_01m2qgcwa2ytc1567ew8xp2xva","tenant_id":"tn_01hzzzzzzzzzzzzzzzzzzzzzza","revision_id":"rev_01m2qgcqwy4b0h8tqkr0aep44s","input_bytes":4127,"input_storage":"object","target":"tachyon_serverless_application::services::invoke_async"}
{"timestamp":"2026-09-17T11:00:30.303289Z","level":"INFO","message":"asynchronous invocation accepted","invocation_id":"inv_01m2qgcwexkrm30c92nhg40mw2","tenant_id":"tn_01hzzzzzzzzzzzzzzzzzzzzzza","revision_id":"rev_01m2qgcs6x6vz31tpje5n2c5dh","input_bytes":189,"input_storage":"inline","target":"tachyon_serverless_application::services::invoke_async"}
{"timestamp":"2026-09-17T11:00:30.303391Z","level":"INFO","message":"webhook trigger fired","trigger_id":"trg_01m2qgcv81hbq0kmqrf400zbw2","event_id":"evt-pre-w1","invocation_id":"inv_01m2qgcwexkrm30c92nhg40mw2","revision_id":"rev_01m2qgcs6x6vz31tpje5n2c5dh","replayed":false,"target":"tachyon_serverless_application::services::triggers"}
{"timestamp":"2026-09-17T11:00:30.411602Z","level":"INFO","message":"bridge spawned","environment_id":"env_01m2qgcw6jka9z9ch62zxwap4g","pid":81045,"target":"tachyon_serverless_provider_process"}
{"timestamp":"2026-09-17T11:00:30.429206Z","level":"INFO","message":"bridge spawned","environment_id":"env_01m2qgcw6m8y93zjy1rc2xm6ec","pid":81047,"target":"tachyon_serverless_provider_process"}
{"timestamp":"2026-09-17T11:00:30.449715Z","level":"INFO","message":"invocation finished","invocation_id":"inv_01m2qgcw5k08y23qz90h535zqt","status":"succeeded (async run)","handler_ms":3,"environment_boot_ms":13,"runtime_init_ms":19,"target":"tachyon_serverless_application::services::invoke"}
{"timestamp":"2026-09-17T11:00:30.451776Z","level":"INFO","message":"terminating bridge","environment_id":"env_01m2qgcw6jka9z9ch62zxwap4g","pid":81045,"reason":"Completed","graceful":true,"target":"tachyon_serverless_provider_process"}
{"timestamp":"2026-09-17T11:00:30.463894Z","level":"INFO","message":"asynchronous invocation settled","invocation_id":"inv_01m2qgcw5k08y23qz90h535zqt","status":"succeeded","target":"tachyon_serverless_application::services::invoke_async::dispatch"}
{"timestamp":"2026-09-17T11:00:30.471813Z","level":"INFO","message":"async dispatch: delivery handled","message_id":"inv_01m2qgcw5k08y23qz90h535zqt","sequence":1,"delivery_count":1,"outcome":"Completed { status: \"succeeded\" }","target":"tachyon_serverless_application::services::invoke_async::dispatch"}
{"timestamp":"2026-09-17T11:00:30.476734Z","level":"INFO","message":"asynchronous run claimed","invocation_id":"inv_01m2qgcwa2ytc1567ew8xp2xva","attempt":1,"generation":0,"delivery_count":1,"target":"tachyon_serverless_application::services::invoke_async::dispatch"}
{"timestamp":"2026-09-17T11:00:30.762991Z","level":"INFO","message":"bridge spawned","environment_id":"env_01m2qgcwhhkf1wga5f495jpqxr","pid":81049,"target":"tachyon_serverless_provider_process"}
{"timestamp":"2026-09-17T11:00:30.813802Z","level":"INFO","message":"invocation finished","invocation_id":"inv_01m2qgcwhg40jwm4j04txt4dtn","status":"succeeded","handler_ms":8,"environment_boot_ms":13,"runtime_init_ms":28,"target":"tachyon_serverless_application::services::invoke"}
{"timestamp":"2026-09-17T11:00:30.816101Z","level":"INFO","message":"terminating bridge","environment_id":"env_01m2qgcwhhkf1wga5f495jpqxr","pid":81049,"reason":"Completed","graceful":true,"target":"tachyon_serverless_provider_process"}
{"timestamp":"2026-09-17T11:00:30.819124Z","level":"INFO","message":"invocation finished","invocation_id":"inv_01m2qgcw5xrgkxqsdvgg1gejam","status":"succeeded (async run)","handler_ms":6,"environment_boot_ms":13,"runtime_init_ms":369,"target":"tachyon_serverless_application::services::invoke"}
{"timestamp":"2026-09-17T11:00:30.821250Z","level":"INFO","message":"terminating bridge","environment_id":"env_01m2qgcw6m8y93zjy1rc2xm6ec","pid":81047,"reason":"Completed","graceful":true,"target":"tachyon_serverless_provider_process"}
{"timestamp":"2026-09-17T11:00:30.833647Z","level":"INFO","message":"asynchronous invocation settled","invocation_id":"inv_01m2qgcw5xrgkxqsdvgg1gejam","status":"succeeded","target":"tachyon_serverless_application::services::invoke_async::dispatch"}
{"timestamp":"2026-09-17T11:00:30.841894Z","level":"INFO","message":"async dispatch: delivery handled","message_id":"inv_01m2qgcw5xrgkxqsdvgg1gejam","sequence":2,"delivery_count":1,"outcome":"Completed { status: \"succeeded\" }","target":"tachyon_serverless_application::services::invoke_async::dispatch"}
{"timestamp":"2026-09-17T11:00:30.846904Z","level":"INFO","message":"asynchronous run claimed","invocation_id":"inv_01m2qgcwexkrm30c92nhg40mw2","attempt":1,"generation":0,"delivery_count":1,"target":"tachyon_serverless_application::services::invoke_async::dispatch"}
{"timestamp":"2026-09-17T11:00:30.876416Z","level":"INFO","message":"bridge spawned","environment_id":"env_01m2qgcwmhnvkp9035f44pvmk6","pid":81062,"target":"tachyon_serverless_provider_process"}
{"timestamp":"2026-09-17T11:00:30.919114Z","level":"INFO","message":"invocation finished","invocation_id":"inv_01m2qgcwa2ytc1567ew8xp2xva","status":"succeeded (async run)","handler_ms":9,"environment_boot_ms":11,"runtime_init_ms":15,"target":"tachyon_serverless_application::services::invoke"}
{"timestamp":"2026-09-17T11:00:30.921992Z","level":"INFO","message":"terminating bridge","environment_id":"env_01m2qgcwmhnvkp9035f44pvmk6","pid":81062,"reason":"Completed","graceful":true,"target":"tachyon_serverless_provider_process"}
{"timestamp":"2026-09-17T11:00:30.934217Z","level":"INFO","message":"asynchronous invocation settled","invocation_id":"inv_01m2qgcwa2ytc1567ew8xp2xva","status":"succeeded","target":"tachyon_serverless_application::services::invoke_async::dispatch"}
{"timestamp":"2026-09-17T11:00:30.940523Z","level":"INFO","message":"async dispatch: delivery handled","message_id":"inv_01m2qgcwa2ytc1567ew8xp2xva","sequence":3,"delivery_count":1,"outcome":"Completed { status: \"succeeded\" }","target":"tachyon_serverless_application::services::invoke_async::dispatch"}
{"timestamp":"2026-09-17T11:00:31.022895Z","level":"INFO","message":"asynchronous invocation accepted","invocation_id":"inv_01m2qgcx5dhhcwanqk4e8hn1gf","tenant_id":"tn_01hzzzzzzzzzzzzzzzzzzzzzza","revision_id":"rev_01m2qgcqwy4b0h8tqkr0aep44s","input_bytes":47,"input_storage":"inline","target":"tachyon_serverless_application::services::invoke_async"}
{"timestamp":"2026-09-17T11:00:31.031418Z","level":"INFO","message":"asynchronous run claimed","invocation_id":"inv_01m2qgcx5dhhcwanqk4e8hn1gf","attempt":1,"generation":0,"delivery_count":1,"target":"tachyon_serverless_application::services::invoke_async::dispatch"}
{"timestamp":"2026-09-17T11:00:31.231114Z","level":"INFO","message":"bridge spawned","environment_id":"env_01m2qgcwzz5z9dw84fbc61cza9","pid":81090,"target":"tachyon_serverless_provider_process"}
{"timestamp":"2026-09-17T11:00:31.256290Z","level":"INFO","message":"asynchronous invocation accepted","invocation_id":"inv_01m2qgcxc3k9jyb0rjzy4wk0g3","tenant_id":"tn_01hzzzzzzzzzzzzzzzzzzzzzza","revision_id":"rev_01m2qgcqwy4b0h8tqkr0aep44s","input_bytes":4127,"input_storage":"object","target":"tachyon_serverless_application::services::invoke_async"}
{"timestamp":"2026-09-17T11:00:31.282033Z","level":"INFO","message":"invocation finished","invocation_id":"inv_01m2qgcwexkrm30c92nhg40mw2","status":"succeeded (async run)","handler_ms":5,"environment_boot_ms":13,"runtime_init_ms":29,"target":"tachyon_serverless_application::services::invoke"}
{"timestamp":"2026-09-17T11:00:31.286330Z","level":"INFO","message":"terminating bridge","environment_id":"env_01m2qgcwzz5z9dw84fbc61cza9","pid":81090,"reason":"Completed","graceful":true,"target":"tachyon_serverless_provider_process"}
{"timestamp":"2026-09-17T11:00:31.297367Z","level":"INFO","message":"asynchronous invocation settled","invocation_id":"inv_01m2qgcwexkrm30c92nhg40mw2","status":"succeeded","target":"tachyon_serverless_application::services::invoke_async::dispatch"}
{"timestamp":"2026-09-17T11:00:31.304810Z","level":"INFO","message":"async dispatch: delivery handled","message_id":"inv_01m2qgcwexkrm30c92nhg40mw2","sequence":4,"delivery_count":1,"outcome":"Completed { status: \"succeeded\" }","target":"tachyon_serverless_application::services::invoke_async::dispatch"}
{"timestamp":"2026-09-17T11:00:31.309142Z","level":"INFO","message":"asynchronous run claimed","invocation_id":"inv_01m2qgcxc3k9jyb0rjzy4wk0g3","attempt":1,"generation":0,"delivery_count":1,"target":"tachyon_serverless_application::services::invoke_async::dispatch"}
{"timestamp":"2026-09-17T11:00:31.372074Z","level":"INFO","message":"asynchronous invocation accepted","invocation_id":"inv_01m2qgcxga3z4tprayqm1njfph","tenant_id":"tn_01hzzzzzzzzzzzzzzzzzzzzzza","revision_id":"rev_01m2qgcs6x6vz31tpje5n2c5dh","input_bytes":189,"input_storage":"inline","target":"tachyon_serverless_application::services::invoke_async"}
{"timestamp":"2026-09-17T11:00:31.372160Z","level":"INFO","message":"webhook trigger fired","trigger_id":"trg_01m2qgcv81hbq0kmqrf400zbw2","event_id":"evt-pre-w2","invocation_id":"inv_01m2qgcxga3z4tprayqm1njfph","revision_id":"rev_01m2qgcs6x6vz31tpje5n2c5dh","replayed":false,"target":"tachyon_serverless_application::services::triggers"}
{"timestamp":"2026-09-17T11:00:31.432861Z","level":"INFO","message":"bridge spawned","environment_id":"env_01m2qgcx5vtfx08zt3gxzx58vq","pid":81125,"target":"tachyon_serverless_provider_process"}
{"timestamp":"2026-09-17T11:00:31.461574Z","level":"INFO","message":"invocation finished","invocation_id":"inv_01m2qgcx5dhhcwanqk4e8hn1gf","status":"succeeded (async run)","handler_ms":3,"environment_boot_ms":10,"runtime_init_ms":14,"target":"tachyon_serverless_application::services::invoke"}
{"timestamp":"2026-09-17T11:00:31.463637Z","level":"INFO","message":"terminating bridge","environment_id":"env_01m2qgcx5vtfx08zt3gxzx58vq","pid":81125,"reason":"Completed","graceful":true,"target":"tachyon_serverless_provider_process"}
{"timestamp":"2026-09-17T11:00:31.476250Z","level":"INFO","message":"asynchronous invocation settled","invocation_id":"inv_01m2qgcx5dhhcwanqk4e8hn1gf","status":"succeeded","target":"tachyon_serverless_application::services::invoke_async::dispatch"}
{"timestamp":"2026-09-17T11:00:31.482369Z","level":"INFO","message":"async dispatch: delivery handled","message_id":"inv_01m2qgcx5dhhcwanqk4e8hn1gf","sequence":5,"delivery_count":1,"outcome":"Completed { status: \"succeeded\" }","target":"tachyon_serverless_application::services::invoke_async::dispatch"}
{"timestamp":"2026-09-17T11:00:31.483899Z","level":"INFO","message":"asynchronous run claimed","invocation_id":"inv_01m2qgcxga3z4tprayqm1njfph","attempt":1,"generation":0,"delivery_count":1,"target":"tachyon_serverless_application::services::invoke_async::dispatch"}
{"timestamp":"2026-09-17T11:00:31.694610Z","level":"INFO","message":"bridge spawned","environment_id":"env_01m2qgcxejcrf94y943r8bnwnc","pid":81128,"target":"tachyon_serverless_provider_process"}
{"timestamp":"2026-09-17T11:00:31.722786Z","level":"INFO","message":"invocation finished","invocation_id":"inv_01m2qgcxc3k9jyb0rjzy4wk0g3","status":"succeeded (async run)","handler_ms":3,"environment_boot_ms":9,"runtime_init_ms":13,"target":"tachyon_serverless_application::services::invoke"}
{"timestamp":"2026-09-17T11:00:31.724809Z","level":"INFO","message":"terminating bridge","environment_id":"env_01m2qgcxejcrf94y943r8bnwnc","pid":81128,"reason":"Completed","graceful":true,"target":"tachyon_serverless_provider_process"}
{"timestamp":"2026-09-17T11:00:31.732443Z","level":"INFO","message":"asynchronous invocation settled","invocation_id":"inv_01m2qgcxc3k9jyb0rjzy4wk0g3","status":"succeeded","target":"tachyon_serverless_application::services::invoke_async::dispatch"}
{"timestamp":"2026-09-17T11:00:31.738265Z","level":"INFO","message":"async dispatch: delivery handled","message_id":"inv_01m2qgcxc3k9jyb0rjzy4wk0g3","sequence":6,"delivery_count":1,"outcome":"Completed { status: \"succeeded\" }","target":"tachyon_serverless_application::services::invoke_async::dispatch"}
{"timestamp":"2026-09-17T11:00:31.847661Z","level":"INFO","message":"bridge spawned","environment_id":"env_01m2qgcxkwkt2md9gd6rc98rs9","pid":81130,"target":"tachyon_serverless_provider_process"}
{"timestamp":"2026-09-17T11:00:31.872724Z","level":"INFO","message":"invocation finished","invocation_id":"inv_01m2qgcxga3z4tprayqm1njfph","status":"succeeded (async run)","handler_ms":1,"environment_boot_ms":9,"runtime_init_ms":11,"target":"tachyon_serverless_application::services::invoke"}
{"timestamp":"2026-09-17T11:00:31.874651Z","level":"INFO","message":"terminating bridge","environment_id":"env_01m2qgcxkwkt2md9gd6rc98rs9","pid":81130,"reason":"Completed","graceful":true,"target":"tachyon_serverless_provider_process"}
{"timestamp":"2026-09-17T11:00:31.881180Z","level":"INFO","message":"asynchronous invocation settled","invocation_id":"inv_01m2qgcxga3z4tprayqm1njfph","status":"succeeded","target":"tachyon_serverless_application::services::invoke_async::dispatch"}
{"timestamp":"2026-09-17T11:00:31.887752Z","level":"INFO","message":"async dispatch: delivery handled","message_id":"inv_01m2qgcxga3z4tprayqm1njfph","sequence":7,"delivery_count":1,"outcome":"Completed { status: \"succeeded\" }","target":"tachyon_serverless_application::services::invoke_async::dispatch"}
{"timestamp":"2026-09-17T11:00:32.004058Z","level":"INFO","message":"asynchronous invocation accepted","invocation_id":"inv_01m2qgcy420rxb9spg3ytrh45r","tenant_id":"tn_01hzzzzzzzzzzzzzzzzzzzzzza","revision_id":"rev_01m2qgcs6x6vz31tpje5n2c5dh","input_bytes":180,"input_storage":"inline","target":"tachyon_serverless_application::services::invoke_async"}
{"timestamp":"2026-09-17T11:00:32.004137Z","level":"INFO","message":"cron trigger fired","trigger_id":"trg_01m2qgcv6pbex36hcxdrvh6gtp","scheduled_at":"2026-09-17T11:00:32Z","invocation_id":"inv_01m2qgcy420rxb9spg3ytrh45r","revision_id":"rev_01m2qgcs6x6vz31tpje5n2c5dh","replayed":false,"target":"tachyon_serverless_application::services::triggers"}
{"timestamp":"2026-09-17T11:00:32.016250Z","level":"INFO","message":"asynchronous run claimed","invocation_id":"inv_01m2qgcy420rxb9spg3ytrh45r","attempt":1,"generation":0,"delivery_count":1,"target":"tachyon_serverless_application::services::invoke_async::dispatch"}
{"timestamp":"2026-09-17T11:00:32.375836Z","level":"INFO","message":"bridge spawned","environment_id":"env_01m2qgcy4g61rx0cbfsm3fysd3","pid":81132,"target":"tachyon_serverless_provider_process"}
{"timestamp":"2026-09-17T11:00:32.399456Z","level":"INFO","message":"invocation finished","invocation_id":"inv_01m2qgcy420rxb9spg3ytrh45r","status":"succeeded (async run)","handler_ms":1,"environment_boot_ms":9,"runtime_init_ms":11,"target":"tachyon_serverless_application::services::invoke"}
{"timestamp":"2026-09-17T11:00:32.401503Z","level":"INFO","message":"terminating bridge","environment_id":"env_01m2qgcy4g61rx0cbfsm3fysd3","pid":81132,"reason":"Completed","graceful":true,"target":"tachyon_serverless_provider_process"}
{"timestamp":"2026-09-17T11:00:32.407434Z","level":"INFO","message":"asynchronous invocation settled","invocation_id":"inv_01m2qgcy420rxb9spg3ytrh45r","status":"succeeded","target":"tachyon_serverless_application::services::invoke_async::dispatch"}
{"timestamp":"2026-09-17T11:00:32.416125Z","level":"INFO","message":"async dispatch: delivery handled","message_id":"inv_01m2qgcy420rxb9spg3ytrh45r","sequence":8,"delivery_count":1,"outcome":"Completed { status: \"succeeded\" }","target":"tachyon_serverless_application::services::invoke_async::dispatch"}
{"timestamp":"2026-09-17T11:00:39.159141Z","level":"WARN","message":"outbox: claiming failed","error":"store: database is locked","target":"tachyon_serverless_application::services::invoke_async::publisher"}
{"timestamp":"2026-09-17T11:00:44.164350Z","level":"WARN","message":"dispatcher heartbeat failed","error":"store: the store connection stayed busy for 5 s (database locked?)","target":"tachyon_serverless_application::app"}
{"timestamp":"2026-09-17T11:00:44.169310Z","level":"WARN","message":"async reaper: listing candidates failed","error":"store: the store connection stayed busy for 5 s (database locked?)","target":"tachyon_serverless_application::services::invoke_async::dispatch"}
{"timestamp":"2026-09-17T11:00:44.169752Z","level":"WARN","message":"object gc: claim failed","object":"obj_01m2qgcwa2pgs67z19gy8bkndz","error":"store: the store connection stayed busy for 5 s (database locked?)","target":"tachyon_serverless_application::durable::gc"}
{"timestamp":"2026-09-17T11:00:44.503532Z","level":"WARN","message":"cannot take the trigger scheduler lease","error":"store: database is locked","target":"tachyon_serverless_application::services::triggers"}
{"timestamp":"2026-09-17T11:00:49.171768Z","level":"WARN","message":"async reaper: listing candidates failed","error":"store: the store connection stayed busy for 5 s (database locked?)","target":"tachyon_serverless_application::services::invoke_async::dispatch"}
{"timestamp":"2026-09-17T11:00:49.178051Z","level":"WARN","message":"object gc: claim failed","object":"obj_01m2qgcxc4vc90ymj7qsyt33a7","error":"store: the store connection stayed busy for 5 s (database locked?)","target":"tachyon_serverless_application::durable::gc"}
{"timestamp":"2026-09-17T11:00:49.833766Z","level":"WARN","message":"outbox: claiming failed","error":"store: database is locked","target":"tachyon_serverless_application::services::invoke_async::publisher"}
{"timestamp":"2026-09-17T11:00:53.838716Z","level":"INFO","message":"object retention pass","report":"GcReport { examined: 2, collected_expired: 0, collected_orphans: 0, kept_in_use: 0, kept_referenced: 0, incomplete_removed: 0, tombstones_purged: 0, failed: 2 }","target":"tachyon_serverless_gateway"}
{"timestamp":"2026-09-17T11:00:53.842393Z","level":"INFO","message":"late scheduled times skipped by the missed-run policy","trigger_id":"trg_01m2qgcv6pbex36hcxdrvh6gtp","skipped":8,"policy":"Skip","target":"tachyon_serverless_application::services::triggers"}
{"timestamp":"2026-09-17T11:00:53.844838Z","level":"INFO","message":"object retention pass","report":"GcReport { examined: 2, collected_expired: 0, collected_orphans: 0, kept_in_use: 0, kept_referenced: 2, incomplete_removed: 0, tombstones_purged: 0, failed: 0 }","target":"tachyon_serverless_gateway"}
{"timestamp":"2026-09-17T11:00:53.848025Z","level":"INFO","message":"asynchronous invocation accepted","invocation_id":"inv_01m2qgdken9dh4q7sqndn8zz59","tenant_id":"tn_01hzzzzzzzzzzzzzzzzzzzzzza","revision_id":"rev_01m2qgcqwy4b0h8tqkr0aep44s","input_bytes":49,"input_storage":"inline","target":"tachyon_serverless_application::services::invoke_async"}
{"timestamp":"2026-09-17T11:00:53.848537Z","level":"INFO","message":"late scheduled times skipped by the missed-run policy","trigger_id":"trg_01m2qgcv6pbex36hcxdrvh6gtp","skipped":2,"policy":"Skip","target":"tachyon_serverless_application::services::triggers"}
{"timestamp":"2026-09-17T11:00:53.861887Z","level":"INFO","message":"asynchronous run claimed","invocation_id":"inv_01m2qgdken9dh4q7sqndn8zz59","attempt":1,"generation":0,"delivery_count":1,"target":"tachyon_serverless_application::services::invoke_async::dispatch"}
{"timestamp":"2026-09-17T11:00:54.004703Z","level":"INFO","message":"asynchronous invocation accepted","invocation_id":"inv_01m2qgdkkjn4h9w4z0mh7nr1th","tenant_id":"tn_01hzzzzzzzzzzzzzzzzzzzzzza","revision_id":"rev_01m2qgcs6x6vz31tpje5n2c5dh","input_bytes":180,"input_storage":"inline","target":"tachyon_serverless_application::services::invoke_async"}
{"timestamp":"2026-09-17T11:00:54.004772Z","level":"INFO","message":"cron trigger fired","trigger_id":"trg_01m2qgcv6pbex36hcxdrvh6gtp","scheduled_at":"2026-09-17T11:00:54Z","invocation_id":"inv_01m2qgdkkjn4h9w4z0mh7nr1th","revision_id":"rev_01m2qgcs6x6vz31tpje5n2c5dh","replayed":false,"target":"tachyon_serverless_application::services::triggers"}
{"timestamp":"2026-09-17T11:00:54.019522Z","level":"INFO","message":"asynchronous run claimed","invocation_id":"inv_01m2qgdkkjn4h9w4z0mh7nr1th","attempt":1,"generation":0,"delivery_count":1,"target":"tachyon_serverless_application::services::invoke_async::dispatch"}
{"timestamp":"2026-09-17T11:00:54.067055Z","level":"INFO","message":"object retention pass","report":"GcReport { examined: 2, collected_expired: 0, collected_orphans: 0, kept_in_use: 0, kept_referenced: 2, incomplete_removed: 0, tombstones_purged: 0, failed: 0 }","target":"tachyon_serverless_gateway"}
{"timestamp":"2026-09-17T11:00:54.215626Z","level":"INFO","message":"bridge spawned","environment_id":"env_01m2qgdkemx6rny4amrjj9dsp6","pid":82722,"target":"tachyon_serverless_provider_process"}
{"timestamp":"2026-09-17T11:00:54.240884Z","level":"INFO","message":"bridge spawned","environment_id":"env_01m2qgdkf668j26r74yfaag28y","pid":82724,"target":"tachyon_serverless_provider_process"}
{"timestamp":"2026-09-17T11:00:54.247270Z","level":"INFO","message":"invocation finished","invocation_id":"inv_01m2qgdkejn224256fz1xswqxj","status":"succeeded","handler_ms":2,"environment_boot_ms":13,"runtime_init_ms":13,"target":"tachyon_serverless_application::services::invoke"}
{"timestamp":"2026-09-17T11:00:54.249337Z","level":"INFO","message":"terminating bridge","environment_id":"env_01m2qgdkemx6rny4amrjj9dsp6","pid":82722,"reason":"Completed","graceful":true,"target":"tachyon_serverless_provider_process"}
{"timestamp":"2026-09-17T11:00:54.273116Z","level":"INFO","message":"invocation finished","invocation_id":"inv_01m2qgdken9dh4q7sqndn8zz59","status":"succeeded (async run)","handler_ms":3,"environment_boot_ms":11,"runtime_init_ms":14,"target":"tachyon_serverless_application::services::invoke"}
{"timestamp":"2026-09-17T11:00:54.275383Z","level":"INFO","message":"terminating bridge","environment_id":"env_01m2qgdkf668j26r74yfaag28y","pid":82724,"reason":"Completed","graceful":true,"target":"tachyon_serverless_provider_process"}
{"timestamp":"2026-09-17T11:00:54.284256Z","level":"INFO","message":"asynchronous invocation settled","invocation_id":"inv_01m2qgdken9dh4q7sqndn8zz59","status":"succeeded","target":"tachyon_serverless_application::services::invoke_async::dispatch"}
{"timestamp":"2026-09-17T11:00:54.291330Z","level":"INFO","message":"async dispatch: delivery handled","message_id":"inv_01m2qgdken9dh4q7sqndn8zz59","sequence":9,"delivery_count":1,"outcome":"Completed { status: \"succeeded\" }","target":"tachyon_serverless_application::services::invoke_async::dispatch"}
{"timestamp":"2026-09-17T11:00:54.392390Z","level":"INFO","message":"bridge spawned","environment_id":"env_01m2qgdkm3wy0g6szk7qt2srqr","pid":82759,"target":"tachyon_serverless_provider_process"}
{"timestamp":"2026-09-17T11:00:54.440834Z","level":"INFO","message":"invocation finished","invocation_id":"inv_01m2qgdkkjn4h9w4z0mh7nr1th","status":"succeeded (async run)","handler_ms":8,"environment_boot_ms":13,"runtime_init_ms":21,"target":"tachyon_serverless_application::services::invoke"}
{"timestamp":"2026-09-17T11:00:54.444506Z","level":"INFO","message":"terminating bridge","environment_id":"env_01m2qgdkm3wy0g6szk7qt2srqr","pid":82759,"reason":"Completed","graceful":true,"target":"tachyon_serverless_provider_process"}
{"timestamp":"2026-09-17T11:00:54.467206Z","level":"INFO","message":"asynchronous invocation settled","invocation_id":"inv_01m2qgdkkjn4h9w4z0mh7nr1th","status":"succeeded","target":"tachyon_serverless_application::services::invoke_async::dispatch"}
{"timestamp":"2026-09-17T11:00:54.477066Z","level":"INFO","message":"async dispatch: delivery handled","message_id":"inv_01m2qgdkkjn4h9w4z0mh7nr1th","sequence":10,"delivery_count":1,"outcome":"Completed { status: \"succeeded\" }","target":"tachyon_serverless_application::services::invoke_async::dispatch"}
{"timestamp":"2026-09-17T11:00:54.979229Z","level":"INFO","message":"bridge spawned","environment_id":"env_01m2qgdm58f4j8yy8d3jgncavs","pid":82797,"target":"tachyon_serverless_provider_process"}
{"timestamp":"2026-09-17T11:00:55.065887Z","level":"INFO","message":"invocation finished","invocation_id":"inv_01m2qgdm5607cgra02mb773z7s","status":"succeeded","handler_ms":18,"environment_boot_ms":17,"runtime_init_ms":48,"target":"tachyon_serverless_application::services::invoke"}
{"timestamp":"2026-09-17T11:00:55.072741Z","level":"INFO","message":"terminating bridge","environment_id":"env_01m2qgdm58f4j8yy8d3jgncavs","pid":82797,"reason":"Completed","graceful":true,"target":"tachyon_serverless_provider_process"}
{"timestamp":"2026-09-17T11:00:56.010532Z","level":"INFO","message":"asynchronous invocation accepted","invocation_id":"inv_01m2qgdnj44a9fndzb4frvnd4a","tenant_id":"tn_01hzzzzzzzzzzzzzzzzzzzzzza","revision_id":"rev_01m2qgcs6x6vz31tpje5n2c5dh","input_bytes":180,"input_storage":"inline","target":"tachyon_serverless_application::services::invoke_async"}
{"timestamp":"2026-09-17T11:00:56.010622Z","level":"INFO","message":"cron trigger fired","trigger_id":"trg_01m2qgcv6pbex36hcxdrvh6gtp","scheduled_at":"2026-09-17T11:00:56Z","invocation_id":"inv_01m2qgdnj44a9fndzb4frvnd4a","revision_id":"rev_01m2qgcs6x6vz31tpje5n2c5dh","replayed":false,"target":"tachyon_serverless_application::services::triggers"}
{"timestamp":"2026-09-17T11:00:56.046369Z","level":"INFO","message":"asynchronous run claimed","invocation_id":"inv_01m2qgdnj44a9fndzb4frvnd4a","attempt":1,"generation":0,"delivery_count":1,"target":"tachyon_serverless_application::services::invoke_async::dispatch"}
{"timestamp":"2026-09-17T11:00:56.070935Z","level":"INFO","message":"object retention pass","report":"GcReport { examined: 2, collected_expired: 0, collected_orphans: 0, kept_in_use: 0, kept_referenced: 2, incomplete_removed: 0, tombstones_purged: 0, failed: 0 }","target":"tachyon_serverless_gateway"}
{"timestamp":"2026-09-17T11:00:56.346222Z","level":"INFO","message":"bridge spawned","environment_id":"env_01m2qgdnb4ea36ekz007qkwyhr","pid":82860,"target":"tachyon_serverless_provider_process"}
{"timestamp":"2026-09-17T11:00:56.460075Z","level":"INFO","message":"invocation finished","invocation_id":"inv_01m2qgdnb20xjjfqkyd5wbvmd7","status":"succeeded","handler_ms":13,"environment_boot_ms":26,"runtime_init_ms":72,"target":"tachyon_serverless_application::services::invoke"}
{"timestamp":"2026-09-17T11:00:56.462168Z","level":"INFO","message":"terminating bridge","environment_id":"env_01m2qgdnb4ea36ekz007qkwyhr","pid":82860,"reason":"Completed","graceful":true,"target":"tachyon_serverless_provider_process"}
{"timestamp":"2026-09-17T11:00:56.549691Z","level":"INFO","message":"bridge spawned","environment_id":"env_01m2qgdnkfsdh6n9c7a5zjybww","pid":82877,"target":"tachyon_serverless_provider_process"}
{"timestamp":"2026-09-17T11:00:56.580858Z","level":"INFO","message":"invocation finished","invocation_id":"inv_01m2qgdnj44a9fndzb4frvnd4a","status":"succeeded (async run)","handler_ms":1,"environment_boot_ms":10,"runtime_init_ms":17,"target":"tachyon_serverless_application::services::invoke"}
{"timestamp":"2026-09-17T11:00:56.582893Z","level":"INFO","message":"terminating bridge","environment_id":"env_01m2qgdnkfsdh6n9c7a5zjybww","pid":82877,"reason":"Completed","graceful":true,"target":"tachyon_serverless_provider_process"}
{"timestamp":"2026-09-17T11:00:56.590973Z","level":"INFO","message":"asynchronous invocation settled","invocation_id":"inv_01m2qgdnj44a9fndzb4frvnd4a","status":"succeeded","target":"tachyon_serverless_application::services::invoke_async::dispatch"}
{"timestamp":"2026-09-17T11:00:56.602152Z","level":"INFO","message":"async dispatch: delivery handled","message_id":"inv_01m2qgdnj44a9fndzb4frvnd4a","sequence":11,"delivery_count":1,"outcome":"Completed { status: \"succeeded\" }","target":"tachyon_serverless_application::services::invoke_async::dispatch"}
{"timestamp":"2026-09-17T11:00:56.648089Z","level":"INFO","message":"asynchronous invocation accepted","invocation_id":"inv_01m2qgdp6541hpd58vy9khc3s7","tenant_id":"tn_01hzzzzzzzzzzzzzzzzzzzzzza","revision_id":"rev_01m2qgcqwy4b0h8tqkr0aep44s","input_bytes":48,"input_storage":"inline","target":"tachyon_serverless_application::services::invoke_async"}
{"timestamp":"2026-09-17T11:00:56.660009Z","level":"INFO","message":"asynchronous run claimed","invocation_id":"inv_01m2qgdp6541hpd58vy9khc3s7","attempt":1,"generation":0,"delivery_count":1,"target":"tachyon_serverless_application::services::invoke_async::dispatch"}
{"timestamp":"2026-09-17T11:00:56.858305Z","level":"INFO","message":"asynchronous invocation accepted","invocation_id":"inv_01m2qgdpc50x9hmjp8t21ep9ne","tenant_id":"tn_01hzzzzzzzzzzzzzzzzzzzzzza","revision_id":"rev_01m2qgcqwy4b0h8tqkr0aep44s","input_bytes":4128,"input_storage":"object","target":"tachyon_serverless_application::services::invoke_async"}
{"timestamp":"2026-09-17T11:00:56.871783Z","level":"INFO","message":"asynchronous run claimed","invocation_id":"inv_01m2qgdpc50x9hmjp8t21ep9ne","attempt":1,"generation":0,"delivery_count":1,"target":"tachyon_serverless_application::services::invoke_async::dispatch"}
{"timestamp":"2026-09-17T11:00:56.995374Z","level":"INFO","message":"asynchronous invocation accepted","invocation_id":"inv_01m2qgdph106td8efq6c0h8n84","tenant_id":"tn_01hzzzzzzzzzzzzzzzzzzzzzza","revision_id":"rev_01m2qgcs6x6vz31tpje5n2c5dh","input_bytes":191,"input_storage":"inline","target":"tachyon_serverless_application::services::invoke_async"}
{"timestamp":"2026-09-17T11:00:56.995465Z","level":"INFO","message":"webhook trigger fired","trigger_id":"trg_01m2qgcv81hbq0kmqrf400zbw2","event_id":"evt-post-w1","invocation_id":"inv_01m2qgdph106td8efq6c0h8n84","revision_id":"rev_01m2qgcs6x6vz31tpje5n2c5dh","replayed":false,"target":"tachyon_serverless_application::services::triggers"}
{"timestamp":"2026-09-17T11:00:57.073031Z","level":"INFO","message":"bridge spawned","environment_id":"env_01m2qgdp6mkv9cksw5y123e2ns","pid":82947,"target":"tachyon_serverless_provider_process"}
{"timestamp":"2026-09-17T11:00:57.113961Z","level":"INFO","message":"invocation finished","invocation_id":"inv_01m2qgdp6541hpd58vy9khc3s7","status":"succeeded (async run)","handler_ms":4,"environment_boot_ms":15,"runtime_init_ms":20,"target":"tachyon_serverless_application::services::invoke"}
{"timestamp":"2026-09-17T11:00:57.116092Z","level":"INFO","message":"terminating bridge","environment_id":"env_01m2qgdp6mkv9cksw5y123e2ns","pid":82947,"reason":"Completed","graceful":true,"target":"tachyon_serverless_provider_process"}
{"timestamp":"2026-09-17T11:00:57.131253Z","level":"INFO","message":"asynchronous invocation settled","invocation_id":"inv_01m2qgdp6541hpd58vy9khc3s7","status":"succeeded","target":"tachyon_serverless_application::services::invoke_async::dispatch"}
{"timestamp":"2026-09-17T11:00:57.141962Z","level":"INFO","message":"async dispatch: delivery handled","message_id":"inv_01m2qgdp6541hpd58vy9khc3s7","sequence":12,"delivery_count":1,"outcome":"Completed { status: \"succeeded\" }","target":"tachyon_serverless_application::services::invoke_async::dispatch"}
{"timestamp":"2026-09-17T11:00:57.149334Z","level":"INFO","message":"asynchronous run claimed","invocation_id":"inv_01m2qgdph106td8efq6c0h8n84","attempt":1,"generation":0,"delivery_count":1,"target":"tachyon_serverless_application::services::invoke_async::dispatch"}
{"timestamp":"2026-09-17T11:00:57.267300Z","level":"INFO","message":"bridge spawned","environment_id":"env_01m2qgdpdbv45bkxj7a4pt034z","pid":82949,"target":"tachyon_serverless_provider_process"}
{"timestamp":"2026-09-17T11:00:57.318502Z","level":"INFO","message":"invocation finished","invocation_id":"inv_01m2qgdpc50x9hmjp8t21ep9ne","status":"succeeded (async run)","handler_ms":5,"environment_boot_ms":18,"runtime_init_ms":26,"target":"tachyon_serverless_application::services::invoke"}
{"timestamp":"2026-09-17T11:00:57.323481Z","level":"INFO","message":"terminating bridge","environment_id":"env_01m2qgdpdbv45bkxj7a4pt034z","pid":82949,"reason":"Completed","graceful":true,"target":"tachyon_serverless_provider_process"}
{"timestamp":"2026-09-17T11:00:57.335519Z","level":"INFO","message":"asynchronous invocation settled","invocation_id":"inv_01m2qgdpc50x9hmjp8t21ep9ne","status":"succeeded","target":"tachyon_serverless_application::services::invoke_async::dispatch"}
{"timestamp":"2026-09-17T11:00:57.342866Z","level":"INFO","message":"async dispatch: delivery handled","message_id":"inv_01m2qgdpc50x9hmjp8t21ep9ne","sequence":13,"delivery_count":1,"outcome":"Completed { status: \"succeeded\" }","target":"tachyon_serverless_application::services::invoke_async::dispatch"}
{"timestamp":"2026-09-17T11:00:57.483054Z","level":"INFO","message":"bridge spawned","environment_id":"env_01m2qgdpktk76dhezf94fz6ndp","pid":82951,"target":"tachyon_serverless_provider_process"}
{"timestamp":"2026-09-17T11:00:57.517250Z","level":"INFO","message":"invocation finished","invocation_id":"inv_01m2qgdpkpekffqnz3brxa4vsz","status":"succeeded","handler_ms":2,"environment_boot_ms":13,"runtime_init_ms":17,"target":"tachyon_serverless_application::services::invoke"}
{"timestamp":"2026-09-17T11:00:57.519368Z","level":"INFO","message":"terminating bridge","environment_id":"env_01m2qgdpktk76dhezf94fz6ndp","pid":82951,"reason":"Completed","graceful":true,"target":"tachyon_serverless_provider_process"}
{"timestamp":"2026-09-17T11:00:57.545319Z","level":"INFO","message":"bridge spawned","environment_id":"env_01m2qgdpnxb9mzafqvtjge94d7","pid":82955,"target":"tachyon_serverless_provider_process"}
{"timestamp":"2026-09-17T11:00:57.577382Z","level":"INFO","message":"invocation finished","invocation_id":"inv_01m2qgdph106td8efq6c0h8n84","status":"succeeded (async run)","handler_ms":1,"environment_boot_ms":12,"runtime_init_ms":18,"target":"tachyon_serverless_application::services::invoke"}
{"timestamp":"2026-09-17T11:00:57.579337Z","level":"INFO","message":"terminating bridge","environment_id":"env_01m2qgdpnxb9mzafqvtjge94d7","pid":82955,"reason":"Completed","graceful":true,"target":"tachyon_serverless_provider_process"}
{"timestamp":"2026-09-17T11:00:57.586050Z","level":"INFO","message":"asynchronous invocation settled","invocation_id":"inv_01m2qgdph106td8efq6c0h8n84","status":"succeeded","target":"tachyon_serverless_application::services::invoke_async::dispatch"}
{"timestamp":"2026-09-17T11:00:57.592095Z","level":"INFO","message":"async dispatch: delivery handled","message_id":"inv_01m2qgdph106td8efq6c0h8n84","sequence":14,"delivery_count":1,"outcome":"Completed { status: \"succeeded\" }","target":"tachyon_serverless_application::services::invoke_async::dispatch"}
{"timestamp":"2026-09-17T11:00:57.665564Z","level":"INFO","message":"asynchronous invocation accepted","invocation_id":"inv_01m2qgdq60t3b4w92n184at5ff","tenant_id":"tn_01hzzzzzzzzzzzzzzzzzzzzzza","revision_id":"rev_01m2qgcqwy4b0h8tqkr0aep44s","input_bytes":48,"input_storage":"inline","target":"tachyon_serverless_application::services::invoke_async"}
{"timestamp":"2026-09-17T11:00:57.673684Z","level":"INFO","message":"asynchronous run claimed","invocation_id":"inv_01m2qgdq60t3b4w92n184at5ff","attempt":1,"generation":0,"delivery_count":1,"target":"tachyon_serverless_application::services::invoke_async::dispatch"}
{"timestamp":"2026-09-17T11:00:57.823452Z","level":"INFO","message":"asynchronous invocation accepted","invocation_id":"inv_01m2qgdqab9x1nkyf6rtddaakz","tenant_id":"tn_01hzzzzzzzzzzzzzzzzzzzzzza","revision_id":"rev_01m2qgcqwy4b0h8tqkr0aep44s","input_bytes":4128,"input_storage":"object","target":"tachyon_serverless_application::services::invoke_async"}
{"timestamp":"2026-09-17T11:00:57.835784Z","level":"INFO","message":"asynchronous run claimed","invocation_id":"inv_01m2qgdqab9x1nkyf6rtddaakz","attempt":1,"generation":0,"delivery_count":1,"target":"tachyon_serverless_application::services::invoke_async::dispatch"}
{"timestamp":"2026-09-17T11:00:57.913690Z","level":"INFO","message":"asynchronous invocation accepted","invocation_id":"inv_01m2qgdqdrhf1wkm4ayrbyjkad","tenant_id":"tn_01hzzzzzzzzzzzzzzzzzzzzzza","revision_id":"rev_01m2qgcs6x6vz31tpje5n2c5dh","input_bytes":191,"input_storage":"inline","target":"tachyon_serverless_application::services::invoke_async"}
{"timestamp":"2026-09-17T11:00:57.913775Z","level":"INFO","message":"webhook trigger fired","trigger_id":"trg_01m2qgcv81hbq0kmqrf400zbw2","event_id":"evt-post-w2","invocation_id":"inv_01m2qgdqdrhf1wkm4ayrbyjkad","revision_id":"rev_01m2qgcs6x6vz31tpje5n2c5dh","replayed":false,"target":"tachyon_serverless_application::services::triggers"}
{"timestamp":"2026-09-17T11:00:58.005006Z","level":"INFO","message":"asynchronous invocation accepted","invocation_id":"inv_01m2qgdqgkmkj0rq9sbz2v2qec","tenant_id":"tn_01hzzzzzzzzzzzzzzzzzzzzzza","revision_id":"rev_01m2qgcs6x6vz31tpje5n2c5dh","input_bytes":180,"input_storage":"inline","target":"tachyon_serverless_application::services::invoke_async"}
{"timestamp":"2026-09-17T11:00:58.005091Z","level":"INFO","message":"cron trigger fired","trigger_id":"trg_01m2qgcv6pbex36hcxdrvh6gtp","scheduled_at":"2026-09-17T11:00:58Z","invocation_id":"inv_01m2qgdqgkmkj0rq9sbz2v2qec","revision_id":"rev_01m2qgcs6x6vz31tpje5n2c5dh","replayed":false,"target":"tachyon_serverless_application::services::triggers"}
{"timestamp":"2026-09-17T11:00:58.059112Z","level":"INFO","message":"bridge spawned","environment_id":"env_01m2qgdq6ax7fr83akkfwqw3zr","pid":83028,"target":"tachyon_serverless_provider_process"}
{"timestamp":"2026-09-17T11:00:58.071464Z","level":"INFO","message":"object retention pass","report":"GcReport { examined: 2, collected_expired: 0, collected_orphans: 0, kept_in_use: 0, kept_referenced: 2, incomplete_removed: 0, tombstones_purged: 0, failed: 0 }","target":"tachyon_serverless_gateway"}
{"timestamp":"2026-09-17T11:00:58.110256Z","level":"INFO","message":"invocation finished","invocation_id":"inv_01m2qgdq60t3b4w92n184at5ff","status":"succeeded (async run)","handler_ms":2,"environment_boot_ms":14,"runtime_init_ms":32,"target":"tachyon_serverless_application::services::invoke"}
{"timestamp":"2026-09-17T11:00:58.112326Z","level":"INFO","message":"terminating bridge","environment_id":"env_01m2qgdq6ax7fr83akkfwqw3zr","pid":83028,"reason":"Completed","graceful":true,"target":"tachyon_serverless_provider_process"}
{"timestamp":"2026-09-17T11:00:58.119683Z","level":"INFO","message":"asynchronous invocation settled","invocation_id":"inv_01m2qgdq60t3b4w92n184at5ff","status":"succeeded","target":"tachyon_serverless_application::services::invoke_async::dispatch"}
{"timestamp":"2026-09-17T11:00:58.126347Z","level":"INFO","message":"async dispatch: delivery handled","message_id":"inv_01m2qgdq60t3b4w92n184at5ff","sequence":15,"delivery_count":1,"outcome":"Completed { status: \"succeeded\" }","target":"tachyon_serverless_application::services::invoke_async::dispatch"}
{"timestamp":"2026-09-17T11:00:58.132779Z","level":"INFO","message":"asynchronous run claimed","invocation_id":"inv_01m2qgdqdrhf1wkm4ayrbyjkad","attempt":1,"generation":0,"delivery_count":1,"target":"tachyon_serverless_application::services::invoke_async::dispatch"}
{"timestamp":"2026-09-17T11:00:58.259595Z","level":"INFO","message":"bridge spawned","environment_id":"env_01m2qgdqbhq39v0rg5rxp3474m","pid":83030,"target":"tachyon_serverless_provider_process"}
{"timestamp":"2026-09-17T11:00:58.353424Z","level":"INFO","message":"invocation finished","invocation_id":"inv_01m2qgdqab9x1nkyf6rtddaakz","status":"succeeded (async run)","handler_ms":3,"environment_boot_ms":40,"runtime_init_ms":59,"target":"tachyon_serverless_application::services::invoke"}
{"timestamp":"2026-09-17T11:00:58.355559Z","level":"INFO","message":"terminating bridge","environment_id":"env_01m2qgdqbhq39v0rg5rxp3474m","pid":83030,"reason":"Completed","graceful":true,"target":"tachyon_serverless_provider_process"}
{"timestamp":"2026-09-17T11:00:58.363492Z","level":"INFO","message":"asynchronous invocation settled","invocation_id":"inv_01m2qgdqab9x1nkyf6rtddaakz","status":"succeeded","target":"tachyon_serverless_application::services::invoke_async::dispatch"}
{"timestamp":"2026-09-17T11:00:58.370657Z","level":"INFO","message":"async dispatch: delivery handled","message_id":"inv_01m2qgdqab9x1nkyf6rtddaakz","sequence":16,"delivery_count":1,"outcome":"Completed { status: \"succeeded\" }","target":"tachyon_serverless_application::services::invoke_async::dispatch"}
{"timestamp":"2026-09-17T11:00:58.374198Z","level":"INFO","message":"asynchronous run claimed","invocation_id":"inv_01m2qgdqgkmkj0rq9sbz2v2qec","attempt":1,"generation":0,"delivery_count":1,"target":"tachyon_serverless_application::services::invoke_async::dispatch"}
{"timestamp":"2026-09-17T11:00:58.613372Z","level":"INFO","message":"bridge spawned","environment_id":"env_01m2qgdqmncg1cf2myj6gwh6fc","pid":83032,"target":"tachyon_serverless_provider_process"}
{"timestamp":"2026-09-17T11:00:58.645421Z","level":"INFO","message":"invocation finished","invocation_id":"inv_01m2qgdqdrhf1wkm4ayrbyjkad","status":"succeeded (async run)","handler_ms":2,"environment_boot_ms":12,"runtime_init_ms":16,"target":"tachyon_serverless_application::services::invoke"}
{"timestamp":"2026-09-17T11:00:58.647613Z","level":"INFO","message":"terminating bridge","environment_id":"env_01m2qgdqmncg1cf2myj6gwh6fc","pid":83032,"reason":"Completed","graceful":true,"target":"tachyon_serverless_provider_process"}
{"timestamp":"2026-09-17T11:00:58.656940Z","level":"INFO","message":"asynchronous invocation settled","invocation_id":"inv_01m2qgdqdrhf1wkm4ayrbyjkad","status":"succeeded","target":"tachyon_serverless_application::services::invoke_async::dispatch"}
{"timestamp":"2026-09-17T11:00:58.664746Z","level":"INFO","message":"async dispatch: delivery handled","message_id":"inv_01m2qgdqdrhf1wkm4ayrbyjkad","sequence":17,"delivery_count":1,"outcome":"Completed { status: \"succeeded\" }","target":"tachyon_serverless_application::services::invoke_async::dispatch"}
{"timestamp":"2026-09-17T11:00:58.843381Z","level":"INFO","message":"bridge spawned","environment_id":"env_01m2qgdqw6hpq0mnpf25qce7b9","pid":83034,"target":"tachyon_serverless_provider_process"}
{"timestamp":"2026-09-17T11:00:58.879618Z","level":"INFO","message":"invocation finished","invocation_id":"inv_01m2qgdqgkmkj0rq9sbz2v2qec","status":"succeeded (async run)","handler_ms":1,"environment_boot_ms":15,"runtime_init_ms":18,"target":"tachyon_serverless_application::services::invoke"}
{"timestamp":"2026-09-17T11:00:58.881795Z","level":"INFO","message":"terminating bridge","environment_id":"env_01m2qgdqw6hpq0mnpf25qce7b9","pid":83034,"reason":"Completed","graceful":true,"target":"tachyon_serverless_provider_process"}
{"timestamp":"2026-09-17T11:00:58.890001Z","level":"INFO","message":"asynchronous invocation settled","invocation_id":"inv_01m2qgdqgkmkj0rq9sbz2v2qec","status":"succeeded","target":"tachyon_serverless_application::services::invoke_async::dispatch"}
{"timestamp":"2026-09-17T11:00:58.900717Z","level":"INFO","message":"async dispatch: delivery handled","message_id":"inv_01m2qgdqgkmkj0rq9sbz2v2qec","sequence":18,"delivery_count":1,"outcome":"Completed { status: \"succeeded\" }","target":"tachyon_serverless_application::services::invoke_async::dispatch"}
{"timestamp":"2026-09-17T11:01:00.006858Z","level":"INFO","message":"asynchronous invocation accepted","invocation_id":"inv_01m2qgdsf52p98vcnry407j47j","tenant_id":"tn_01hzzzzzzzzzzzzzzzzzzzzzza","revision_id":"rev_01m2qgcs6x6vz31tpje5n2c5dh","input_bytes":180,"input_storage":"inline","target":"tachyon_serverless_application::services::invoke_async"}
{"timestamp":"2026-09-17T11:01:00.006941Z","level":"INFO","message":"cron trigger fired","trigger_id":"trg_01m2qgcv6pbex36hcxdrvh6gtp","scheduled_at":"2026-09-17T11:01:00Z","invocation_id":"inv_01m2qgdsf52p98vcnry407j47j","revision_id":"rev_01m2qgcs6x6vz31tpje5n2c5dh","replayed":false,"target":"tachyon_serverless_application::services::triggers"}
{"timestamp":"2026-09-17T11:01:00.027069Z","level":"INFO","message":"asynchronous run claimed","invocation_id":"inv_01m2qgdsf52p98vcnry407j47j","attempt":1,"generation":0,"delivery_count":1,"target":"tachyon_serverless_application::services::invoke_async::dispatch"}
{"timestamp":"2026-09-17T11:01:00.074251Z","level":"INFO","message":"object retention pass","report":"GcReport { examined: 2, collected_expired: 0, collected_orphans: 0, kept_in_use: 0, kept_referenced: 2, incomplete_removed: 0, tombstones_purged: 0, failed: 0 }","target":"tachyon_serverless_gateway"}
{"timestamp":"2026-09-17T11:01:00.396872Z","level":"INFO","message":"bridge spawned","environment_id":"env_01m2qgdsfv0m3kztw7ptx0v610","pid":83037,"target":"tachyon_serverless_provider_process"}
{"timestamp":"2026-09-17T11:01:00.421404Z","level":"INFO","message":"invocation finished","invocation_id":"inv_01m2qgdsf52p98vcnry407j47j","status":"succeeded (async run)","handler_ms":1,"environment_boot_ms":9,"runtime_init_ms":12,"target":"tachyon_serverless_application::services::invoke"}
{"timestamp":"2026-09-17T11:01:00.423462Z","level":"INFO","message":"terminating bridge","environment_id":"env_01m2qgdsfv0m3kztw7ptx0v610","pid":83037,"reason":"Completed","graceful":true,"target":"tachyon_serverless_provider_process"}
{"timestamp":"2026-09-17T11:01:00.429848Z","level":"INFO","message":"asynchronous invocation settled","invocation_id":"inv_01m2qgdsf52p98vcnry407j47j","status":"succeeded","target":"tachyon_serverless_application::services::invoke_async::dispatch"}
{"timestamp":"2026-09-17T11:01:00.447414Z","level":"INFO","message":"async dispatch: delivery handled","message_id":"inv_01m2qgdsf52p98vcnry407j47j","sequence":19,"delivery_count":1,"outcome":"Completed { status: \"succeeded\" }","target":"tachyon_serverless_application::services::invoke_async::dispatch"}
{"timestamp":"2026-09-17T11:01:02.006802Z","level":"INFO","message":"asynchronous invocation accepted","invocation_id":"inv_01m2qgdvdmg2r78tvwk8b2bs0s","tenant_id":"tn_01hzzzzzzzzzzzzzzzzzzzzzza","revision_id":"rev_01m2qgcs6x6vz31tpje5n2c5dh","input_bytes":180,"input_storage":"inline","target":"tachyon_serverless_application::services::invoke_async"}
{"timestamp":"2026-09-17T11:01:02.006943Z","level":"INFO","message":"cron trigger fired","trigger_id":"trg_01m2qgcv6pbex36hcxdrvh6gtp","scheduled_at":"2026-09-17T11:01:02Z","invocation_id":"inv_01m2qgdvdmg2r78tvwk8b2bs0s","revision_id":"rev_01m2qgcs6x6vz31tpje5n2c5dh","replayed":false,"target":"tachyon_serverless_application::services::triggers"}
{"timestamp":"2026-09-17T11:01:02.022829Z","level":"INFO","message":"asynchronous run claimed","invocation_id":"inv_01m2qgdvdmg2r78tvwk8b2bs0s","attempt":1,"generation":0,"delivery_count":1,"target":"tachyon_serverless_application::services::invoke_async::dispatch"}
{"timestamp":"2026-09-17T11:01:02.067597Z","level":"INFO","message":"object retention pass","report":"GcReport { examined: 2, collected_expired: 0, collected_orphans: 0, kept_in_use: 0, kept_referenced: 2, incomplete_removed: 0, tombstones_purged: 0, failed: 0 }","target":"tachyon_serverless_gateway"}
{"timestamp":"2026-09-17T11:01:02.460643Z","level":"INFO","message":"bridge spawned","environment_id":"env_01m2qgdve7mwksd4yqy12b29nr","pid":83068,"target":"tachyon_serverless_provider_process"}
{"timestamp":"2026-09-17T11:01:02.481502Z","level":"INFO","message":"invocation finished","invocation_id":"inv_01m2qgdvdmg2r78tvwk8b2bs0s","status":"succeeded (async run)","handler_ms":1,"environment_boot_ms":8,"runtime_init_ms":10,"target":"tachyon_serverless_application::services::invoke"}
{"timestamp":"2026-09-17T11:01:02.483462Z","level":"INFO","message":"terminating bridge","environment_id":"env_01m2qgdve7mwksd4yqy12b29nr","pid":83068,"reason":"Completed","graceful":true,"target":"tachyon_serverless_provider_process"}
{"timestamp":"2026-09-17T11:01:02.489577Z","level":"INFO","message":"asynchronous invocation settled","invocation_id":"inv_01m2qgdvdmg2r78tvwk8b2bs0s","status":"succeeded","target":"tachyon_serverless_application::services::invoke_async::dispatch"}
{"timestamp":"2026-09-17T11:01:02.495047Z","level":"INFO","message":"async dispatch: delivery handled","message_id":"inv_01m2qgdvdmg2r78tvwk8b2bs0s","sequence":20,"delivery_count":1,"outcome":"Completed { status: \"succeeded\" }","target":"tachyon_serverless_application::services::invoke_async::dispatch"}
{"timestamp":"2026-09-17T11:01:03.109319Z","level":"INFO","message":"trigger updated","trigger_id":"trg_01m2qgcv6pbex36hcxdrvh6gtp","generation":2,"status":"disabled","next_fire_at":"None","rotated_secret":false,"target":"tachyon_serverless_application::services::triggers"}
{"timestamp":"2026-09-17T11:01:04.067346Z","level":"INFO","message":"object retention pass","report":"GcReport { examined: 4, collected_expired: 0, collected_orphans: 0, kept_in_use: 0, kept_referenced: 4, incomplete_removed: 0, tombstones_purged: 0, failed: 0 }","target":"tachyon_serverless_gateway"}
{"timestamp":"2026-09-17T11:01:05.849145Z","level":"INFO","message":"SIGTERM received","target":"tachyon_serverless_gateway"}
{"timestamp":"2026-09-17T11:01:05.849216Z","level":"INFO","message":"shutdown requested; cancelling in-flight invocations","target":"tachyon_serverless_gateway"}
{"timestamp":"2026-09-17T11:01:05.849788Z","level":"INFO","message":"final usage collection","report":"CollectReport { batches: 0, read: 0, inserted: 0, duplicates: 0, cursor_seq: 130 }","target":"tachyon_serverless_gateway"}
{"timestamp":"2026-09-17T11:01:05.851122Z","level":"INFO","message":"gateway stopped","target":"tachyon_serverless_gateway"}
