
===== a start (failpoints: none) 11:53:45 =====
{"timestamp":"2026-09-17T11:53:46.283420Z","level":"INFO","message":"configuration loaded","config":"/private/var/folders/z7/khzdjrt95cg_fcmcnh4j1b5h0000gn/T/tsls-chaos.lkI1Qu/gw-a.toml","target":"tachyon_serverless_gateway"}
{"timestamp":"2026-09-17T11:53:46.288712Z","level":"INFO","message":"connected successfully","server":"58759","max_payload":"1048576","target":"async_nats::connector"}
{"timestamp":"2026-09-17T11:53:46.289361Z","level":"INFO","message":"event: connected","target":"async_nats"}
{"timestamp":"2026-09-17T11:53:46.325253Z","level":"INFO","message":"JetStream queue connected and stream bootstrapped","url":"nats://127.0.0.1:58759","stream":"TACHYON_EVENTS","target":"tachyon_serverless_gateway::durable"}
{"timestamp":"2026-09-17T11:53:46.340253Z","level":"INFO","message":"state store opened","path":"/private/var/folders/z7/khzdjrt95cg_fcmcnh4j1b5h0000gn/T/tsls-chaos.lkI1Qu/data/state.db","schema_version":8,"migrations_applied":"[1, 2, 3, 4, 5, 6, 7, 8]","imported_state_json":"None","settled_invocations":0,"settled_attempts":0,"settled_environments":0,"released_leases":0,"dropped_idempotency_keys":0,"purged_idempotency_keys":0,"outputs_purged":0,"target":"tachyon_serverless_application::app"}
{"timestamp":"2026-09-17T11:53:46.340867Z","level":"INFO","message":"dispatcher registered","dispatcher_id":"dsp_01m2qkedk48kyxvbyb9r45rec4","instance":"chaos-a","pid":84105,"lease_ttl_seconds":6,"target":"tachyon_serverless_application::services::dispatcher"}
{"timestamp":"2026-09-17T11:53:46.346998Z","level":"INFO","message":"application bootstrapped","profile":"dev","provider":"process","dev_only":true,"environment_reuse":false,"reuse_verified":false,"reuse_reason":"[pool] enabled is false","reuse_disabled":"Some(Configuration)","idle_quiesce":"unsupported","idle_resume":"unsupported","data_dir":"/private/var/folders/z7/khzdjrt95cg_fcmcnh4j1b5h0000gn/T/tsls-chaos.lkI1Qu/data","store":"sqlite","dispatcher_id":"dsp_01m2qkedk48kyxvbyb9r45rec4","node":"local","node_region":"none","node_memory_mib":"None","max_concurrency":8,"queue":"nats","objects":"filesystem","invoke_async":true,"triggers":true,"target":"tachyon_serverless_application::app"}
{"timestamp":"2026-09-17T11:53:46.347386Z","level":"INFO","message":"startup reconcile finished","provider":"process","found":0,"adopted":0,"terminated":0,"disowned":0,"failed":0,"lost":0,"foreign":0,"reclaimed_dispatchers":0,"fenced_terminated":0,"fenced_pending":0,"target":"tachyon_serverless_application::services::reconcile"}
{"timestamp":"2026-09-17T11:53:46.347490Z","level":"INFO","message":"gateway listening","addr":"127.0.0.1:58763","profile":"dev","provider":"process","target":"tachyon_serverless_gateway"}
{"timestamp":"2026-09-17T11:53:46.349997Z","level":"INFO","message":"asynchronous dispatcher started","workers":2,"owner":"dsp_01m2qkedk48kyxvbyb9r45rec4","target":"tachyon_serverless_gateway"}
{"timestamp":"2026-09-17T11:53:47.502855Z","level":"INFO","message":"revision ready","revision_id":"rev_01m2qkeebzesddmnxgyfp7hh9v","function_id":"fn_01m2qkedsme1v58m88v7392335","target":"tachyon_serverless_application::services::revision"}
{"timestamp":"2026-09-17T11:53:48.801507Z","level":"INFO","message":"revision ready","revision_id":"rev_01m2qkefme8087wyy6f859pk6q","function_id":"fn_01m2qkeet2n7cghyek2narjzcm","target":"tachyon_serverless_application::services::revision"}
{"timestamp":"2026-09-17T11:53:50.100305Z","level":"INFO","message":"revision ready","revision_id":"rev_01m2qkegx57gbppe8wpx9bm02h","function_id":"fn_01m2qkeg382w78e37nfpz3w0qp","target":"tachyon_serverless_application::services::revision"}
{"timestamp":"2026-09-17T11:53:51.080005Z","level":"INFO","message":"trigger created","trigger_id":"trg_01m2qkej771g9f35xc682fk6a6","function_id":"fn_01m2qkeet2n7cghyek2narjzcm","kind":"cron","enabled":true,"next_fire_at":"Some(2026-09-17T11:53:52Z)","target":"tachyon_serverless_application::services::triggers"}
{"timestamp":"2026-09-17T11:53:51.104604Z","level":"INFO","message":"trigger created","trigger_id":"trg_01m2qkej80cg2zykamw5qzdrj1","function_id":"fn_01m2qkeet2n7cghyek2narjzcm","kind":"webhook","enabled":true,"next_fire_at":"None","target":"tachyon_serverless_application::services::triggers"}
{"timestamp":"2026-09-17T11:53:51.387674Z","level":"INFO","message":"bridge spawned","environment_id":"env_01m2qkej943nz4pmkh0as1emqx","pid":84430,"target":"tachyon_serverless_provider_process"}
{"timestamp":"2026-09-17T11:53:52.003588Z","level":"INFO","message":"asynchronous invocation accepted","invocation_id":"inv_01m2qkek42y6jbh2e2mqjecm0g","tenant_id":"tn_01hzzzzzzzzzzzzzzzzzzzzzza","revision_id":"rev_01m2qkefme8087wyy6f859pk6q","input_bytes":180,"input_storage":"inline","target":"tachyon_serverless_application::services::invoke_async"}
{"timestamp":"2026-09-17T11:53:52.003688Z","level":"INFO","message":"cron trigger fired","trigger_id":"trg_01m2qkej771g9f35xc682fk6a6","scheduled_at":"2026-09-17T11:53:52Z","invocation_id":"inv_01m2qkek42y6jbh2e2mqjecm0g","revision_id":"rev_01m2qkefme8087wyy6f859pk6q","replayed":false,"target":"tachyon_serverless_application::services::triggers"}
{"timestamp":"2026-09-17T11:53:52.060790Z","level":"INFO","message":"asynchronous run claimed","invocation_id":"inv_01m2qkek42y6jbh2e2mqjecm0g","attempt":1,"generation":0,"delivery_count":1,"target":"tachyon_serverless_application::services::invoke_async::dispatch"}
{"timestamp":"2026-09-17T11:53:52.343123Z","level":"INFO","message":"bridge spawned","environment_id":"env_01m2qkek5x108tpxzte65h6fym","pid":84442,"target":"tachyon_serverless_provider_process"}
{"timestamp":"2026-09-17T11:53:52.516082Z","level":"INFO","message":"invocation finished","invocation_id":"inv_01m2qkek42y6jbh2e2mqjecm0g","status":"succeeded (async run)","handler_ms":1,"environment_boot_ms":6,"runtime_init_ms":163,"target":"tachyon_serverless_application::services::invoke"}
{"timestamp":"2026-09-17T11:53:52.516580Z","level":"INFO","message":"terminating bridge","environment_id":"env_01m2qkek5x108tpxzte65h6fym","pid":84442,"reason":"Completed","graceful":true,"target":"tachyon_serverless_provider_process"}
{"timestamp":"2026-09-17T11:53:52.516771Z","level":"INFO","message":"invocation finished","invocation_id":"inv_01m2qkej93jsznvw0fz2na5n0d","status":"succeeded","handler_ms":0,"environment_boot_ms":692,"runtime_init_ms":433,"target":"tachyon_serverless_application::services::invoke"}
{"timestamp":"2026-09-17T11:53:52.517783Z","level":"INFO","message":"terminating bridge","environment_id":"env_01m2qkej943nz4pmkh0as1emqx","pid":84430,"reason":"Completed","graceful":true,"target":"tachyon_serverless_provider_process"}
{"timestamp":"2026-09-17T11:53:52.521184Z","level":"INFO","message":"asynchronous invocation settled","invocation_id":"inv_01m2qkek42y6jbh2e2mqjecm0g","status":"succeeded","target":"tachyon_serverless_application::services::invoke_async::dispatch"}
{"timestamp":"2026-09-17T11:53:52.538787Z","level":"INFO","message":"async dispatch: delivery handled","message_id":"inv_01m2qkek42y6jbh2e2mqjecm0g","sequence":1,"delivery_count":1,"outcome":"Completed { status: \"succeeded\" }","target":"tachyon_serverless_application::services::invoke_async::dispatch"}
{"timestamp":"2026-09-17T11:53:52.625554Z","level":"INFO","message":"asynchronous invocation accepted","invocation_id":"inv_01m2qkekqgpa7g5fg4sb9naczn","tenant_id":"tn_01hzzzzzzzzzzzzzzzzzzzzzza","revision_id":"rev_01m2qkeebzesddmnxgyfp7hh9v","input_bytes":48,"input_storage":"inline","target":"tachyon_serverless_application::services::invoke_async"}
{"timestamp":"2026-09-17T11:53:52.633407Z","level":"INFO","message":"asynchronous run claimed","invocation_id":"inv_01m2qkekqgpa7g5fg4sb9naczn","attempt":1,"generation":0,"delivery_count":1,"target":"tachyon_serverless_application::services::invoke_async::dispatch"}
{"timestamp":"2026-09-17T11:53:52.735871Z","level":"INFO","message":"asynchronous invocation accepted","invocation_id":"inv_01m2qkektfncq4wajvmjv15dfr","tenant_id":"tn_01hzzzzzzzzzzzzzzzzzzzzzza","revision_id":"rev_01m2qkeebzesddmnxgyfp7hh9v","input_bytes":4128,"input_storage":"object","target":"tachyon_serverless_application::services::invoke_async"}
{"timestamp":"2026-09-17T11:53:52.744820Z","level":"INFO","message":"asynchronous run claimed","invocation_id":"inv_01m2qkektfncq4wajvmjv15dfr","attempt":1,"generation":0,"delivery_count":1,"target":"tachyon_serverless_application::services::invoke_async::dispatch"}
{"timestamp":"2026-09-17T11:53:52.804001Z","level":"INFO","message":"asynchronous invocation accepted","invocation_id":"inv_01m2qkekx25ca3ywz5zsb48168","tenant_id":"tn_01hzzzzzzzzzzzzzzzzzzzzzza","revision_id":"rev_01m2qkefme8087wyy6f859pk6q","input_bytes":191,"input_storage":"inline","target":"tachyon_serverless_application::services::invoke_async"}
{"timestamp":"2026-09-17T11:53:52.804076Z","level":"INFO","message":"webhook trigger fired","trigger_id":"trg_01m2qkej80cg2zykamw5qzdrj1","event_id":"evt-base-w1","invocation_id":"inv_01m2qkekx25ca3ywz5zsb48168","revision_id":"rev_01m2qkefme8087wyy6f859pk6q","replayed":false,"target":"tachyon_serverless_application::services::triggers"}
{"timestamp":"2026-09-17T11:53:52.940473Z","level":"INFO","message":"bridge spawned","environment_id":"env_01m2qkekqsv8hy3wjdm39tm2wa","pid":84516,"target":"tachyon_serverless_provider_process"}
{"timestamp":"2026-09-17T11:53:53.086960Z","level":"INFO","message":"bridge spawned","environment_id":"env_01m2qkekvcrz6fbhrkrc8m5007","pid":84518,"target":"tachyon_serverless_provider_process"}
{"timestamp":"2026-09-17T11:53:53.188064Z","level":"INFO","message":"bridge spawned","environment_id":"env_01m2qkeky8frxvz70aatx47hfh","pid":84522,"target":"tachyon_serverless_provider_process"}
{"timestamp":"2026-09-17T11:53:53.214355Z","level":"INFO","message":"invocation finished","invocation_id":"inv_01m2qkeky7tp08d8g3gbw6ne4p","status":"succeeded","handler_ms":1,"environment_boot_ms":9,"runtime_init_ms":13,"target":"tachyon_serverless_application::services::invoke"}
{"timestamp":"2026-09-17T11:53:53.216358Z","level":"INFO","message":"terminating bridge","environment_id":"env_01m2qkeky8frxvz70aatx47hfh","pid":84522,"reason":"Completed","graceful":true,"target":"tachyon_serverless_provider_process"}
{"timestamp":"2026-09-17T11:53:53.355327Z","level":"INFO","message":"asynchronous invocation accepted","invocation_id":"inv_01m2qkemea87sk5dr9fjgygxrw","tenant_id":"tn_01hzzzzzzzzzzzzzzzzzzzzzza","revision_id":"rev_01m2qkeebzesddmnxgyfp7hh9v","input_bytes":48,"input_storage":"inline","target":"tachyon_serverless_application::services::invoke_async"}
{"timestamp":"2026-09-17T11:53:53.469328Z","level":"INFO","message":"invocation finished","invocation_id":"inv_01m2qkektfncq4wajvmjv15dfr","status":"succeeded (async run)","handler_ms":2,"environment_boot_ms":8,"runtime_init_ms":367,"target":"tachyon_serverless_application::services::invoke"}
{"timestamp":"2026-09-17T11:53:53.470865Z","level":"INFO","message":"invocation finished","invocation_id":"inv_01m2qkekqgpa7g5fg4sb9naczn","status":"succeeded (async run)","handler_ms":3,"environment_boot_ms":8,"runtime_init_ms":514,"target":"tachyon_serverless_application::services::invoke"}
{"timestamp":"2026-09-17T11:53:53.471652Z","level":"INFO","message":"terminating bridge","environment_id":"env_01m2qkekvcrz6fbhrkrc8m5007","pid":84518,"reason":"Completed","graceful":true,"target":"tachyon_serverless_provider_process"}
{"timestamp":"2026-09-17T11:53:53.473079Z","level":"INFO","message":"terminating bridge","environment_id":"env_01m2qkekqsv8hy3wjdm39tm2wa","pid":84516,"reason":"Completed","graceful":true,"target":"tachyon_serverless_provider_process"}
{"timestamp":"2026-09-17T11:53:53.478919Z","level":"INFO","message":"asynchronous invocation settled","invocation_id":"inv_01m2qkektfncq4wajvmjv15dfr","status":"succeeded","target":"tachyon_serverless_application::services::invoke_async::dispatch"}
{"timestamp":"2026-09-17T11:53:53.480370Z","level":"INFO","message":"asynchronous invocation settled","invocation_id":"inv_01m2qkekqgpa7g5fg4sb9naczn","status":"succeeded","target":"tachyon_serverless_application::services::invoke_async::dispatch"}
{"timestamp":"2026-09-17T11:53:53.484722Z","level":"INFO","message":"async dispatch: delivery handled","message_id":"inv_01m2qkektfncq4wajvmjv15dfr","sequence":3,"delivery_count":1,"outcome":"Completed { status: \"succeeded\" }","target":"tachyon_serverless_application::services::invoke_async::dispatch"}
{"timestamp":"2026-09-17T11:53:53.493678Z","level":"INFO","message":"async dispatch: delivery handled","message_id":"inv_01m2qkekqgpa7g5fg4sb9naczn","sequence":2,"delivery_count":1,"outcome":"Completed { status: \"succeeded\" }","target":"tachyon_serverless_application::services::invoke_async::dispatch"}
{"timestamp":"2026-09-17T11:53:53.494481Z","level":"INFO","message":"asynchronous run claimed","invocation_id":"inv_01m2qkekx25ca3ywz5zsb48168","attempt":1,"generation":0,"delivery_count":1,"target":"tachyon_serverless_application::services::invoke_async::dispatch"}
{"timestamp":"2026-09-17T11:53:53.495073Z","level":"INFO","message":"asynchronous run claimed","invocation_id":"inv_01m2qkemea87sk5dr9fjgygxrw","attempt":1,"generation":0,"delivery_count":1,"target":"tachyon_serverless_application::services::invoke_async::dispatch"}
{"timestamp":"2026-09-17T11:53:53.530405Z","level":"INFO","message":"asynchronous invocation accepted","invocation_id":"inv_01m2qkemk6zy7fdp2tw0n2nkb1","tenant_id":"tn_01hzzzzzzzzzzzzzzzzzzzzzza","revision_id":"rev_01m2qkeebzesddmnxgyfp7hh9v","input_bytes":4128,"input_storage":"object","target":"tachyon_serverless_application::services::invoke_async"}
{"timestamp":"2026-09-17T11:53:53.604051Z","level":"INFO","message":"asynchronous invocation accepted","invocation_id":"inv_01m2qkemp2zf4dgsw1gp5enz9f","tenant_id":"tn_01hzzzzzzzzzzzzzzzzzzzzzza","revision_id":"rev_01m2qkefme8087wyy6f859pk6q","input_bytes":191,"input_storage":"inline","target":"tachyon_serverless_application::services::invoke_async"}
{"timestamp":"2026-09-17T11:53:53.604129Z","level":"INFO","message":"webhook trigger fired","trigger_id":"trg_01m2qkej80cg2zykamw5qzdrj1","event_id":"evt-base-w2","invocation_id":"inv_01m2qkemp2zf4dgsw1gp5enz9f","revision_id":"rev_01m2qkefme8087wyy6f859pk6q","replayed":false,"target":"tachyon_serverless_application::services::triggers"}
{"timestamp":"2026-09-17T11:53:53.871713Z","level":"INFO","message":"bridge spawned","environment_id":"env_01m2qkemjqaaywqakndb7c6zwq","pid":84596,"target":"tachyon_serverless_provider_process"}
{"timestamp":"2026-09-17T11:53:53.883860Z","level":"INFO","message":"bridge spawned","environment_id":"env_01m2qkemjq7znstga80g1skmaa","pid":84597,"target":"tachyon_serverless_provider_process"}
{"timestamp":"2026-09-17T11:53:53.912000Z","level":"INFO","message":"invocation finished","invocation_id":"inv_01m2qkekx25ca3ywz5zsb48168","status":"succeeded (async run)","handler_ms":3,"environment_boot_ms":15,"runtime_init_ms":20,"target":"tachyon_serverless_application::services::invoke"}
{"timestamp":"2026-09-17T11:53:53.914315Z","level":"INFO","message":"terminating bridge","environment_id":"env_01m2qkemjqaaywqakndb7c6zwq","pid":84596,"reason":"Completed","graceful":true,"target":"tachyon_serverless_provider_process"}
{"timestamp":"2026-09-17T11:53:53.923907Z","level":"INFO","message":"invocation finished","invocation_id":"inv_01m2qkemea87sk5dr9fjgygxrw","status":"succeeded (async run)","handler_ms":2,"environment_boot_ms":14,"runtime_init_ms":20,"target":"tachyon_serverless_application::services::invoke"}
{"timestamp":"2026-09-17T11:53:53.925242Z","level":"INFO","message":"asynchronous invocation settled","invocation_id":"inv_01m2qkekx25ca3ywz5zsb48168","status":"succeeded","target":"tachyon_serverless_application::services::invoke_async::dispatch"}
{"timestamp":"2026-09-17T11:53:53.925682Z","level":"INFO","message":"terminating bridge","environment_id":"env_01m2qkemjq7znstga80g1skmaa","pid":84597,"reason":"Completed","graceful":true,"target":"tachyon_serverless_provider_process"}
{"timestamp":"2026-09-17T11:53:53.933956Z","level":"INFO","message":"async dispatch: delivery handled","message_id":"inv_01m2qkekx25ca3ywz5zsb48168","sequence":4,"delivery_count":1,"outcome":"Completed { status: \"succeeded\" }","target":"tachyon_serverless_application::services::invoke_async::dispatch"}
{"timestamp":"2026-09-17T11:53:53.943663Z","level":"INFO","message":"asynchronous invocation settled","invocation_id":"inv_01m2qkemea87sk5dr9fjgygxrw","status":"succeeded","target":"tachyon_serverless_application::services::invoke_async::dispatch"}
{"timestamp":"2026-09-17T11:53:53.950424Z","level":"INFO","message":"asynchronous run claimed","invocation_id":"inv_01m2qkemk6zy7fdp2tw0n2nkb1","attempt":1,"generation":0,"delivery_count":1,"target":"tachyon_serverless_application::services::invoke_async::dispatch"}
{"timestamp":"2026-09-17T11:53:53.950863Z","level":"INFO","message":"async dispatch: delivery handled","message_id":"inv_01m2qkemea87sk5dr9fjgygxrw","sequence":5,"delivery_count":1,"outcome":"Completed { status: \"succeeded\" }","target":"tachyon_serverless_application::services::invoke_async::dispatch"}
{"timestamp":"2026-09-17T11:53:53.952210Z","level":"INFO","message":"asynchronous run claimed","invocation_id":"inv_01m2qkemp2zf4dgsw1gp5enz9f","attempt":1,"generation":0,"delivery_count":1,"target":"tachyon_serverless_application::services::invoke_async::dispatch"}
{"timestamp":"2026-09-17T11:53:54.005055Z","level":"INFO","message":"asynchronous invocation accepted","invocation_id":"inv_01m2qken2k7vpdrkdfg7an71yk","tenant_id":"tn_01hzzzzzzzzzzzzzzzzzzzzzza","revision_id":"rev_01m2qkefme8087wyy6f859pk6q","input_bytes":180,"input_storage":"inline","target":"tachyon_serverless_application::services::invoke_async"}
{"timestamp":"2026-09-17T11:53:54.005155Z","level":"INFO","message":"cron trigger fired","trigger_id":"trg_01m2qkej771g9f35xc682fk6a6","scheduled_at":"2026-09-17T11:53:54Z","invocation_id":"inv_01m2qken2k7vpdrkdfg7an71yk","revision_id":"rev_01m2qkefme8087wyy6f859pk6q","replayed":false,"target":"tachyon_serverless_application::services::triggers"}
{"timestamp":"2026-09-17T11:53:54.023190Z","level":"INFO","message":"bridge spawned","environment_id":"env_01m2qkemqebhvgx1h39gt331jn","pid":84600,"target":"tachyon_serverless_provider_process"}
{"timestamp":"2026-09-17T11:53:54.059518Z","level":"INFO","message":"invocation finished","invocation_id":"inv_01m2qkemqdzsp7rbps9z35r1a0","status":"succeeded","handler_ms":1,"environment_boot_ms":14,"runtime_init_ms":17,"target":"tachyon_serverless_application::services::invoke"}
{"timestamp":"2026-09-17T11:53:54.061644Z","level":"INFO","message":"terminating bridge","environment_id":"env_01m2qkemqebhvgx1h39gt331jn","pid":84600,"reason":"Completed","graceful":true,"target":"tachyon_serverless_provider_process"}
{"timestamp":"2026-09-17T11:53:54.250339Z","level":"INFO","message":"asynchronous invocation accepted","invocation_id":"inv_01m2qkena90mb9jsq0bwtegaz7","tenant_id":"tn_01hzzzzzzzzzzzzzzzzzzzzzza","revision_id":"rev_01m2qkeebzesddmnxgyfp7hh9v","input_bytes":48,"input_storage":"inline","target":"tachyon_serverless_application::services::invoke_async"}
{"timestamp":"2026-09-17T11:53:54.327681Z","level":"INFO","message":"bridge spawned","environment_id":"env_01m2qken10f26ybx4np1yv164r","pid":84634,"target":"tachyon_serverless_provider_process"}
{"timestamp":"2026-09-17T11:53:54.337105Z","level":"INFO","message":"bridge spawned","environment_id":"env_01m2qken12skfm3kv3pvf7tj7g","pid":84635,"target":"tachyon_serverless_provider_process"}
{"timestamp":"2026-09-17T11:53:54.360495Z","level":"INFO","message":"invocation finished","invocation_id":"inv_01m2qkemp2zf4dgsw1gp5enz9f","status":"succeeded (async run)","handler_ms":2,"environment_boot_ms":13,"runtime_init_ms":16,"target":"tachyon_serverless_application::services::invoke"}
{"timestamp":"2026-09-17T11:53:54.362652Z","level":"INFO","message":"terminating bridge","environment_id":"env_01m2qken10f26ybx4np1yv164r","pid":84634,"reason":"Completed","graceful":true,"target":"tachyon_serverless_provider_process"}
{"timestamp":"2026-09-17T11:53:54.369277Z","level":"INFO","message":"asynchronous invocation settled","invocation_id":"inv_01m2qkemp2zf4dgsw1gp5enz9f","status":"succeeded","target":"tachyon_serverless_application::services::invoke_async::dispatch"}
{"timestamp":"2026-09-17T11:53:54.370374Z","level":"INFO","message":"invocation finished","invocation_id":"inv_01m2qkemk6zy7fdp2tw0n2nkb1","status":"succeeded (async run)","handler_ms":4,"environment_boot_ms":11,"runtime_init_ms":16,"target":"tachyon_serverless_application::services::invoke"}
{"timestamp":"2026-09-17T11:53:54.376312Z","level":"INFO","message":"async dispatch: delivery handled","message_id":"inv_01m2qkemp2zf4dgsw1gp5enz9f","sequence":7,"delivery_count":1,"outcome":"Completed { status: \"succeeded\" }","target":"tachyon_serverless_application::services::invoke_async::dispatch"}
{"timestamp":"2026-09-17T11:53:54.380582Z","level":"INFO","message":"terminating bridge","environment_id":"env_01m2qken12skfm3kv3pvf7tj7g","pid":84635,"reason":"Completed","graceful":true,"target":"tachyon_serverless_provider_process"}
{"timestamp":"2026-09-17T11:53:54.381458Z","level":"INFO","message":"asynchronous run claimed","invocation_id":"inv_01m2qken2k7vpdrkdfg7an71yk","attempt":1,"generation":0,"delivery_count":1,"target":"tachyon_serverless_application::services::invoke_async::dispatch"}
{"timestamp":"2026-09-17T11:53:54.386919Z","level":"INFO","message":"asynchronous invocation settled","invocation_id":"inv_01m2qkemk6zy7fdp2tw0n2nkb1","status":"succeeded","target":"tachyon_serverless_application::services::invoke_async::dispatch"}
{"timestamp":"2026-09-17T11:53:54.392387Z","level":"INFO","message":"async dispatch: delivery handled","message_id":"inv_01m2qkemk6zy7fdp2tw0n2nkb1","sequence":6,"delivery_count":1,"outcome":"Completed { status: \"succeeded\" }","target":"tachyon_serverless_application::services::invoke_async::dispatch"}
{"timestamp":"2026-09-17T11:53:54.393488Z","level":"INFO","message":"asynchronous run claimed","invocation_id":"inv_01m2qkena90mb9jsq0bwtegaz7","attempt":1,"generation":0,"delivery_count":1,"target":"tachyon_serverless_application::services::invoke_async::dispatch"}
{"timestamp":"2026-09-17T11:53:54.430532Z","level":"INFO","message":"asynchronous invocation accepted","invocation_id":"inv_01m2qkenf84kc7cks718y1g1hw","tenant_id":"tn_01hzzzzzzzzzzzzzzzzzzzzzza","revision_id":"rev_01m2qkeebzesddmnxgyfp7hh9v","input_bytes":4128,"input_storage":"object","target":"tachyon_serverless_application::services::invoke_async"}
{"timestamp":"2026-09-17T11:53:54.504677Z","level":"INFO","message":"asynchronous invocation accepted","invocation_id":"inv_01m2qkenj7yddzkyg4mntq5nv2","tenant_id":"tn_01hzzzzzzzzzzzzzzzzzzzzzza","revision_id":"rev_01m2qkefme8087wyy6f859pk6q","input_bytes":191,"input_storage":"inline","target":"tachyon_serverless_application::services::invoke_async"}
{"timestamp":"2026-09-17T11:53:54.504753Z","level":"INFO","message":"webhook trigger fired","trigger_id":"trg_01m2qkej80cg2zykamw5qzdrj1","event_id":"evt-base-w3","invocation_id":"inv_01m2qkenj7yddzkyg4mntq5nv2","revision_id":"rev_01m2qkefme8087wyy6f859pk6q","replayed":false,"target":"tachyon_serverless_application::services::triggers"}
{"timestamp":"2026-09-17T11:53:54.745939Z","level":"INFO","message":"bridge spawned","environment_id":"env_01m2qkened728za1727r4c4pdw","pid":84678,"target":"tachyon_serverless_provider_process"}
{"timestamp":"2026-09-17T11:53:54.766090Z","level":"INFO","message":"bridge spawned","environment_id":"env_01m2qkenesy3qj3ct7e71c37zd","pid":84680,"target":"tachyon_serverless_provider_process"}
{"timestamp":"2026-09-17T11:53:54.768503Z","level":"INFO","message":"invocation finished","invocation_id":"inv_01m2qken2k7vpdrkdfg7an71yk","status":"succeeded (async run)","handler_ms":1,"environment_boot_ms":8,"runtime_init_ms":11,"target":"tachyon_serverless_application::services::invoke"}
{"timestamp":"2026-09-17T11:53:54.770582Z","level":"INFO","message":"terminating bridge","environment_id":"env_01m2qkened728za1727r4c4pdw","pid":84678,"reason":"Completed","graceful":true,"target":"tachyon_serverless_provider_process"}
{"timestamp":"2026-09-17T11:53:54.776501Z","level":"INFO","message":"asynchronous invocation settled","invocation_id":"inv_01m2qken2k7vpdrkdfg7an71yk","status":"succeeded","target":"tachyon_serverless_application::services::invoke_async::dispatch"}
{"timestamp":"2026-09-17T11:53:54.784499Z","level":"INFO","message":"async dispatch: delivery handled","message_id":"inv_01m2qken2k7vpdrkdfg7an71yk","sequence":8,"delivery_count":1,"outcome":"Completed { status: \"succeeded\" }","target":"tachyon_serverless_application::services::invoke_async::dispatch"}
{"timestamp":"2026-09-17T11:53:54.791834Z","level":"INFO","message":"asynchronous run claimed","invocation_id":"inv_01m2qkenf84kc7cks718y1g1hw","attempt":1,"generation":0,"delivery_count":1,"target":"tachyon_serverless_application::services::invoke_async::dispatch"}
{"timestamp":"2026-09-17T11:53:54.808679Z","level":"INFO","message":"invocation finished","invocation_id":"inv_01m2qkena90mb9jsq0bwtegaz7","status":"succeeded (async run)","handler_ms":2,"environment_boot_ms":11,"runtime_init_ms":26,"target":"tachyon_serverless_application::services::invoke"}
{"timestamp":"2026-09-17T11:53:54.810607Z","level":"INFO","message":"terminating bridge","environment_id":"env_01m2qkenesy3qj3ct7e71c37zd","pid":84680,"reason":"Completed","graceful":true,"target":"tachyon_serverless_provider_process"}
{"timestamp":"2026-09-17T11:53:54.816487Z","level":"INFO","message":"asynchronous invocation settled","invocation_id":"inv_01m2qkena90mb9jsq0bwtegaz7","status":"succeeded","target":"tachyon_serverless_application::services::invoke_async::dispatch"}
{"timestamp":"2026-09-17T11:53:54.823705Z","level":"INFO","message":"async dispatch: delivery handled","message_id":"inv_01m2qkena90mb9jsq0bwtegaz7","sequence":9,"delivery_count":1,"outcome":"Completed { status: \"succeeded\" }","target":"tachyon_serverless_application::services::invoke_async::dispatch"}
{"timestamp":"2026-09-17T11:53:54.825588Z","level":"INFO","message":"asynchronous run claimed","invocation_id":"inv_01m2qkenj7yddzkyg4mntq5nv2","attempt":1,"generation":0,"delivery_count":1,"target":"tachyon_serverless_application::services::invoke_async::dispatch"}
{"timestamp":"2026-09-17T11:53:55.167395Z","level":"INFO","message":"bridge spawned","environment_id":"env_01m2qkenvc1g436save936pt7s","pid":84684,"target":"tachyon_serverless_provider_process"}
{"timestamp":"2026-09-17T11:53:55.185456Z","level":"INFO","message":"bridge spawned","environment_id":"env_01m2qkenwawfzzbndqxnhwa70t","pid":84686,"target":"tachyon_serverless_provider_process"}
{"timestamp":"2026-09-17T11:53:55.194375Z","level":"INFO","message":"invocation finished","invocation_id":"inv_01m2qkenf84kc7cks718y1g1hw","status":"succeeded (async run)","handler_ms":3,"environment_boot_ms":10,"runtime_init_ms":12,"target":"tachyon_serverless_application::services::invoke"}
{"timestamp":"2026-09-17T11:53:55.196677Z","level":"INFO","message":"terminating bridge","environment_id":"env_01m2qkenvc1g436save936pt7s","pid":84684,"reason":"Completed","graceful":true,"target":"tachyon_serverless_provider_process"}
{"timestamp":"2026-09-17T11:53:55.202896Z","level":"INFO","message":"asynchronous invocation settled","invocation_id":"inv_01m2qkenf84kc7cks718y1g1hw","status":"succeeded","target":"tachyon_serverless_application::services::invoke_async::dispatch"}
{"timestamp":"2026-09-17T11:53:55.221305Z","level":"INFO","message":"async dispatch: delivery handled","message_id":"inv_01m2qkenf84kc7cks718y1g1hw","sequence":10,"delivery_count":1,"outcome":"Completed { status: \"succeeded\" }","target":"tachyon_serverless_application::services::invoke_async::dispatch"}
{"timestamp":"2026-09-17T11:53:55.222811Z","level":"INFO","message":"invocation finished","invocation_id":"inv_01m2qkenj7yddzkyg4mntq5nv2","status":"succeeded (async run)","handler_ms":1,"environment_boot_ms":8,"runtime_init_ms":14,"target":"tachyon_serverless_application::services::invoke"}
{"timestamp":"2026-09-17T11:53:55.224696Z","level":"INFO","message":"terminating bridge","environment_id":"env_01m2qkenwawfzzbndqxnhwa70t","pid":84686,"reason":"Completed","graceful":true,"target":"tachyon_serverless_provider_process"}
{"timestamp":"2026-09-17T11:53:55.230271Z","level":"INFO","message":"asynchronous invocation settled","invocation_id":"inv_01m2qkenj7yddzkyg4mntq5nv2","status":"succeeded","target":"tachyon_serverless_application::services::invoke_async::dispatch"}
{"timestamp":"2026-09-17T11:53:55.236996Z","level":"INFO","message":"async dispatch: delivery handled","message_id":"inv_01m2qkenj7yddzkyg4mntq5nv2","sequence":11,"delivery_count":1,"outcome":"Completed { status: \"succeeded\" }","target":"tachyon_serverless_application::services::invoke_async::dispatch"}
{"timestamp":"2026-09-17T11:53:56.004773Z","level":"INFO","message":"asynchronous invocation accepted","invocation_id":"inv_01m2qkeq13r9k8pa5x394xszy8","tenant_id":"tn_01hzzzzzzzzzzzzzzzzzzzzzza","revision_id":"rev_01m2qkefme8087wyy6f859pk6q","input_bytes":180,"input_storage":"inline","target":"tachyon_serverless_application::services::invoke_async"}
{"timestamp":"2026-09-17T11:53:56.005042Z","level":"INFO","message":"cron trigger fired","trigger_id":"trg_01m2qkej771g9f35xc682fk6a6","scheduled_at":"2026-09-17T11:53:56Z","invocation_id":"inv_01m2qkeq13r9k8pa5x394xszy8","revision_id":"rev_01m2qkefme8087wyy6f859pk6q","replayed":false,"target":"tachyon_serverless_application::services::triggers"}
{"timestamp":"2026-09-17T11:53:56.042178Z","level":"INFO","message":"asynchronous run claimed","invocation_id":"inv_01m2qkeq13r9k8pa5x394xszy8","attempt":1,"generation":0,"delivery_count":1,"target":"tachyon_serverless_application::services::invoke_async::dispatch"}
{"timestamp":"2026-09-17T11:53:56.292802Z","level":"INFO","message":"bridge spawned","environment_id":"env_01m2qkeq2ab96pnqzz9d833wp2","pid":84697,"target":"tachyon_serverless_provider_process"}
{"timestamp":"2026-09-17T11:53:56.307559Z","level":"INFO","message":"invocation finished","invocation_id":"inv_01m2qkeq13r9k8pa5x394xszy8","status":"succeeded (async run)","handler_ms":0,"environment_boot_ms":6,"runtime_init_ms":7,"target":"tachyon_serverless_application::services::invoke"}
{"timestamp":"2026-09-17T11:53:56.309294Z","level":"INFO","message":"terminating bridge","environment_id":"env_01m2qkeq2ab96pnqzz9d833wp2","pid":84697,"reason":"Completed","graceful":true,"target":"tachyon_serverless_provider_process"}
{"timestamp":"2026-09-17T11:53:56.313121Z","level":"INFO","message":"asynchronous invocation settled","invocation_id":"inv_01m2qkeq13r9k8pa5x394xszy8","status":"succeeded","target":"tachyon_serverless_application::services::invoke_async::dispatch"}
{"timestamp":"2026-09-17T11:53:56.319868Z","level":"INFO","message":"async dispatch: delivery handled","message_id":"inv_01m2qkeq13r9k8pa5x394xszy8","sequence":12,"delivery_count":1,"outcome":"Completed { status: \"succeeded\" }","target":"tachyon_serverless_application::services::invoke_async::dispatch"}
{"timestamp":"2026-09-17T11:53:57.590365Z","level":"INFO","message":"trigger updated","trigger_id":"trg_01m2qkej771g9f35xc682fk6a6","generation":2,"status":"disabled","next_fire_at":"None","rotated_secret":false,"target":"tachyon_serverless_application::services::triggers"}
{"timestamp":"2026-09-17T11:53:59.111519Z","level":"INFO","message":"SIGTERM received","target":"tachyon_serverless_gateway"}
{"timestamp":"2026-09-17T11:53:59.111547Z","level":"INFO","message":"shutdown requested; cancelling in-flight invocations","target":"tachyon_serverless_gateway"}
{"timestamp":"2026-09-17T11:53:59.111772Z","level":"INFO","message":"final usage collection","report":"CollectReport { batches: 0, read: 0, inserted: 0, duplicates: 0, cursor_seq: 75 }","target":"tachyon_serverless_gateway"}
{"timestamp":"2026-09-17T11:53:59.112656Z","level":"INFO","message":"gateway stopped","target":"tachyon_serverless_gateway"}
{"timestamp":"2026-09-17T11:53:59.112833Z","level":"INFO","message":"event: closed","target":"async_nats"}
