cloud-hypervisor:   0.000016s: <main> INFO:cloud-hypervisor/src/main.rs:631 -- v53.0 starting
cloud-hypervisor:   0.000058s: <main> INFO:event_monitor/src/lib.rs:113 -- Event: source = vmm event = starting 
cloud-hypervisor:   0.000836s: <vmm> INFO:vmm/src/api/mod.rs:1278 -- API request event: VmCreate VmConfig { cpus: CpusConfig { boot_vcpus: 1, max_vcpus: 1, topology: None, kvm_hyperv: false, max_phys_bits: 46, affinity: None, features: CpuFeatures, nested: true, core_scheduling: Vm, profile: Host }, memory: MemoryConfig { size: 268435456, mergeable: false, hotplug_method: Acpi, hotplug_size: None, hotplugged_size: None, shared: false, hugepages: false, hugepage_size: None, prefault: false, reserve: false, zones: None, thp: true }, payload: Some(PayloadConfig { firmware: None, kernel: Some("/home/takanorifukuyama.guest/tsls/.kvm/vmlinux"), cmdline: Some("console=hvc0 loglevel=1 root=/dev/vda ro reboot=k panic=1 keep_bootcon init=/sbin/tachyon-init tachyon.env_id=env_x1restore tachyon.vsock_port=5000 tachyon.function_dev=/dev/vdb tachyon.scratch_dev=/dev/vdc"), initramfs: None }), rate_limit_groups: None, disks: Some([DiskConfig { pci_common: PciDeviceCommonConfig { id: None, iommu: false, pci_segment: 0, pci_device_id: None }, path: Some("rootfs.ext4"), readonly: true, direct: false, num_queues: 1, queue_size: 128, vhost_user: false, vhost_socket: None, rate_limit_group: None, rate_limiter_config: None, disable_io_uring: false, disable_aio: false, serial: None, queue_affinity: None, backing_files: false, sparse: true, image_type: Raw, lock_granularity: ByteRange }, DiskConfig { pci_common: PciDeviceCommonConfig { id: None, iommu: false, pci_segment: 0, pci_device_id: None }, path: Some("function.ext4"), readonly: true, direct: false, num_queues: 1, queue_size: 128, vhost_user: false, vhost_socket: None, rate_limit_group: None, rate_limiter_config: None, disable_io_uring: false, disable_aio: false, serial: None, queue_affinity: None, backing_files: false, sparse: true, image_type: Raw, lock_granularity: ByteRange }, DiskConfig { pci_common: PciDeviceCommonConfig { id: None, iommu: false, pci_segment: 0, pci_device_id: None }, path: Some("scratch.ext4"), readonly: false, direct: false, num_queues: 1, queue_size: 128, vhost_user: false, vhost_socket: None, rate_limit_group: None, rate_limiter_config: None, disable_io_uring: false, disable_aio: false, serial: None, queue_affinity: None, backing_files: false, sparse: true, image_type: Raw, lock_granularity: ByteRange }]), net: None, rng: RngConfig { pci_common: PciDeviceCommonConfig { id: None, iommu: false, pci_segment: 0, pci_device_id: None }, src: "/dev/urandom" }, balloon: None, generic_vhost_user: None, fs: None, pmem: None, serial: SerialConfig { common: CommonConsoleConfig { file: None, mode: Off, socket: None } }, console: ConsoleConfig { common: CommonConsoleConfig { file: None, mode: Tty, socket: None }, pci_common: PciDeviceCommonConfig { id: None, iommu: false, pci_segment: 0, pci_device_id: None } }, devices: None, user_devices: None, vdpa: None, vsock: Some(VsockConfig { pci_common: PciDeviceCommonConfig { id: None, iommu: false, pci_segment: 0, pci_device_id: None }, cid: 3, socket: "v.sock" }), pvpanic: false, iommu: false, numa: None, watchdog: false, rtc: None, pci_segments: None, platform: None, tpm: None, preserved_fds: None, landlock_enable: false, landlock_rules: None }
cloud-hypervisor:   0.001134s: <vmm> INFO:vmm/src/api/mod.rs:1169 -- API request event: VmBoot
cloud-hypervisor:   0.001143s: <vmm> INFO:vmm/src/lib.rs:2230 -- Booting VM
cloud-hypervisor:   0.001152s: <vmm> INFO:event_monitor/src/lib.rs:113 -- Event: source = vm event = booting 
cloud-hypervisor:   0.001314s: <vmm> INFO:vmm/src/memory_manager.rs:681 -- create ram region for zone mem0, region_start: 0x40000000, region_size: 0x10000000
cloud-hypervisor:   0.001336s: <vmm> INFO:vmm/src/memory_manager.rs:2154 -- RAM region mapping at 0xf485a0400000 (size = 0x10000000)
cloud-hypervisor:   0.001350s: <vmm> INFO:vmm/src/vm.rs:606 -- Booting VM from config: Mutex { data: VmConfig { cpus: CpusConfig { boot_vcpus: 1, max_vcpus: 1, topology: None, kvm_hyperv: false, max_phys_bits: 46, affinity: None, features: CpuFeatures, nested: true, core_scheduling: Vm, profile: Host }, memory: MemoryConfig { size: 268435456, mergeable: false, hotplug_method: Acpi, hotplug_size: None, hotplugged_size: None, shared: false, hugepages: false, hugepage_size: None, prefault: false, reserve: false, zones: None, thp: true }, payload: Some(PayloadConfig { firmware: None, kernel: Some("/home/takanorifukuyama.guest/tsls/.kvm/vmlinux"), cmdline: Some("console=hvc0 loglevel=1 root=/dev/vda ro reboot=k panic=1 keep_bootcon init=/sbin/tachyon-init tachyon.env_id=env_x1restore tachyon.vsock_port=5000 tachyon.function_dev=/dev/vdb tachyon.scratch_dev=/dev/vdc"), initramfs: None }), rate_limit_groups: None, disks: Some([DiskConfig { pci_common: PciDeviceCommonConfig { id: None, iommu: false, pci_segment: 0, pci_device_id: None }, path: Some("rootfs.ext4"), readonly: true, direct: false, num_queues: 1, queue_size: 128, vhost_user: false, vhost_socket: None, rate_limit_group: None, rate_limiter_config: None, disable_io_uring: false, disable_aio: false, serial: None, queue_affinity: None, backing_files: false, sparse: true, image_type: Raw, lock_granularity: ByteRange }, DiskConfig { pci_common: PciDeviceCommonConfig { id: None, iommu: false, pci_segment: 0, pci_device_id: None }, path: Some("function.ext4"), readonly: true, direct: false, num_queues: 1, queue_size: 128, vhost_user: false, vhost_socket: None, rate_limit_group: None, rate_limiter_config: None, disable_io_uring: false, disable_aio: false, serial: None, queue_affinity: None, backing_files: false, sparse: true, image_type: Raw, lock_granularity: ByteRange }, DiskConfig { pci_common: PciDeviceCommonConfig { id: None, iommu: false, pci_segment: 0, pci_device_id: None }, path: Some("scratch.ext4"), readonly: false, direct: false, num_queues: 1, queue_size: 128, vhost_user: false, vhost_socket: None, rate_limit_group: None, rate_limiter_config: None, disable_io_uring: false, disable_aio: false, serial: None, queue_affinity: None, backing_files: false, sparse: true, image_type: Raw, lock_granularity: ByteRange }]), net: None, rng: RngConfig { pci_common: PciDeviceCommonConfig { id: None, iommu: false, pci_segment: 0, pci_device_id: None }, src: "/dev/urandom" }, balloon: None, generic_vhost_user: None, fs: None, pmem: None, serial: SerialConfig { common: CommonConsoleConfig { file: None, mode: Off, socket: None } }, console: ConsoleConfig { common: CommonConsoleConfig { file: None, mode: Tty, socket: None }, pci_common: PciDeviceCommonConfig { id: None, iommu: false, pci_segment: 0, pci_device_id: None } }, devices: None, user_devices: None, vdpa: None, vsock: Some(VsockConfig { pci_common: PciDeviceCommonConfig { id: None, iommu: false, pci_segment: 0, pci_device_id: None }, cid: 3, socket: "v.sock" }), pvpanic: false, iommu: false, numa: None, watchdog: false, rtc: None, pci_segments: None, platform: None, tpm: None, preserved_fds: None, landlock_enable: false, landlock_rules: None }, poisoned: false, .. }
cloud-hypervisor:   0.001565s: <vmm> INFO:vmm/src/pci_segment.rs:107 -- Adding PCI segment: id=0, PCI MMIO config address: 0x30000000, mem32 area [0x10000000-0x2fffffff], mem64 area [0x100000000-0xffffeeffff]
cloud-hypervisor:   0.001580s: <vmm> INFO:vmm/src/memory_manager.rs:2433 -- Creating userspace mapping: 40000000 -> f485a0400000 10000000, slot 0
cloud-hypervisor:   0.003361s: <vmm> INFO:vmm/src/memory_manager.rs:2491 -- Created userspace mapping: 40000000 -> f485a0400000 10000000
cloud-hypervisor:   0.003404s: <vmm> INFO:vmm/src/cpu.rs:1100 -- Request to create new vCPUs: desired = 1, max = 1, allocated = 0, present = 0
cloud-hypervisor:   0.003744s: <vmm> INFO:vmm/src/device_manager.rs:2700 -- Creating virtio-block device: DiskConfig { pci_common: PciDeviceCommonConfig { id: Some("_disk0"), iommu: false, pci_segment: 0, pci_device_id: None }, path: Some("rootfs.ext4"), readonly: true, direct: false, num_queues: 1, queue_size: 128, vhost_user: false, vhost_socket: None, rate_limit_group: None, rate_limiter_config: None, disable_io_uring: false, disable_aio: false, serial: None, queue_affinity: None, backing_files: false, sparse: true, image_type: Raw, lock_granularity: ByteRange }
cloud-hypervisor:   0.003881s: <vmm> INFO:block/src/factory.rs:153 -- Opening RAW disk file with io_uring backend
cloud-hypervisor:   0.003897s: <vmm> INFO:block/src/lib.rs:428 -- Probed file sparse support: punch_hole=false, zero_range=false => false
cloud-hypervisor:   0.003905s: <vmm> WARN:virtio-devices/src/block.rs:859 -- sparse=on requested but backend does not support sparse operations
cloud-hypervisor:   0.003913s: <vmm> INFO:virtio-devices/src/block.rs:871 -- Disk topology: DiskTopology { logical_block_size: 512, physical_block_size: 512, minimum_io_size: 512, optimal_io_size: 0 }
cloud-hypervisor:   0.003930s: <vmm> INFO:vmm/src/device_manager.rs:2700 -- Creating virtio-block device: DiskConfig { pci_common: PciDeviceCommonConfig { id: Some("_disk1"), iommu: false, pci_segment: 0, pci_device_id: None }, path: Some("function.ext4"), readonly: true, direct: false, num_queues: 1, queue_size: 128, vhost_user: false, vhost_socket: None, rate_limit_group: None, rate_limiter_config: None, disable_io_uring: false, disable_aio: false, serial: None, queue_affinity: None, backing_files: false, sparse: true, image_type: Raw, lock_granularity: ByteRange }
cloud-hypervisor:   0.003980s: <vmm> INFO:block/src/factory.rs:153 -- Opening RAW disk file with io_uring backend
cloud-hypervisor:   0.003988s: <vmm> INFO:block/src/lib.rs:428 -- Probed file sparse support: punch_hole=false, zero_range=false => false
cloud-hypervisor:   0.003996s: <vmm> WARN:virtio-devices/src/block.rs:859 -- sparse=on requested but backend does not support sparse operations
cloud-hypervisor:   0.004002s: <vmm> INFO:virtio-devices/src/block.rs:871 -- Disk topology: DiskTopology { logical_block_size: 512, physical_block_size: 512, minimum_io_size: 512, optimal_io_size: 0 }
cloud-hypervisor:   0.004015s: <vmm> INFO:vmm/src/device_manager.rs:2700 -- Creating virtio-block device: DiskConfig { pci_common: PciDeviceCommonConfig { id: Some("_disk2"), iommu: false, pci_segment: 0, pci_device_id: None }, path: Some("scratch.ext4"), readonly: false, direct: false, num_queues: 1, queue_size: 128, vhost_user: false, vhost_socket: None, rate_limit_group: None, rate_limiter_config: None, disable_io_uring: false, disable_aio: false, serial: None, queue_affinity: None, backing_files: false, sparse: true, image_type: Raw, lock_granularity: ByteRange }
cloud-hypervisor:   0.004059s: <vmm> INFO:block/src/factory.rs:153 -- Opening RAW disk file with io_uring backend
cloud-hypervisor:   0.004096s: <vmm> INFO:block/src/lib.rs:428 -- Probed file sparse support: punch_hole=true, zero_range=true => true
cloud-hypervisor:   0.004105s: <vmm> INFO:virtio-devices/src/block.rs:871 -- Disk topology: DiskTopology { logical_block_size: 512, physical_block_size: 512, minimum_io_size: 512, optimal_io_size: 0 }
cloud-hypervisor:   0.004120s: <vmm> INFO:vmm/src/device_manager.rs:3091 -- Creating virtio-rng device: RngConfig { pci_common: PciDeviceCommonConfig { id: None, iommu: false, pci_segment: 0, pci_device_id: None }, src: "/dev/urandom" }
cloud-hypervisor:   0.004140s: <vmm> INFO:vmm/src/device_manager.rs:3519 -- Creating virtio-vsock device: VsockConfig { pci_common: PciDeviceCommonConfig { id: Some("_vsock3"), iommu: false, pci_segment: 0, pci_device_id: None }, cid: 3, socket: "v.sock" }
cloud-hypervisor:   0.004344s: <vmm> INFO:virtio-devices/src/block.rs:1042 -- Acquired Read lock for disk image id=_disk0,path=rootfs.ext4
cloud-hypervisor:   0.004356s: <vmm> INFO:virtio-devices/src/block.rs:1042 -- Acquired Read lock for disk image id=_disk1,path=function.ext4
cloud-hypervisor:   0.004367s: <vmm> INFO:virtio-devices/src/block.rs:1042 -- Acquired Write lock for disk image id=_disk2,path=scratch.ext4
cloud-hypervisor:   0.005614s: <vmm> INFO:vmm/src/cpu.rs:556 -- Configuring vCPU: cpu_id = 0
cloud-hypervisor:   0.005918s: <vmm> INFO:vmm/src/acpi.rs:1166 -- Generated ACPI tables: took 286µs size = 5441
cloud-hypervisor:   0.005936s: <vmm> INFO:vmm/src/vm.rs:2739 -- Created ACPI tables: rsdp_addr = 0x40200000
cloud-hypervisor:   0.006000s: <vmm> INFO:vmm/src/cpu.rs:1513 -- Starting vCPUs: desired = 1, allocated = 1, present = 0, paused = false
cloud-hypervisor:   0.006088s: <vcpu0> INFO:vmm/src/cpu.rs:1314 -- vCPU 0: core scheduling cookie = 0x0
cloud-hypervisor:   0.006209s: <vmm> INFO:event_monitor/src/lib.rs:113 -- Event: source = vm event = booted 
cloud-hypervisor:   0.080366s: <vcpu0> INFO:pci/src/configuration.rs:1027 -- Detected BAR reprogramming: (BAR 1) 0xff->0x2
cloud-hypervisor:   0.080387s: <vcpu0> INFO:pci/src/configuration.rs:953 -- MSE bit is disabled. No BAR reprogramming parameter is returned: [BarReprogrammingParams { old_base: ffff800000, new_base: 200000000, len: 80000, region_type: Memory64BitRegion }]
cloud-hypervisor:   0.080483s: <vcpu0> INFO:pci/src/configuration.rs:953 -- MSE bit is disabled. No BAR reprogramming parameter is returned: [BarReprogrammingParams { old_base: ffff800000, new_base: 200000000, len: 80000, region_type: Memory64BitRegion }]
cloud-hypervisor:   0.080539s: <vcpu0> INFO:pci/src/configuration.rs:1001 -- Detected BAR reprogramming: (BAR 0) 0x2ff80000->0x10000000
cloud-hypervisor:   0.080551s: <vcpu0> INFO:pci/src/configuration.rs:953 -- MSE bit is disabled. No BAR reprogramming parameter is returned: [BarReprogrammingParams { old_base: 2ff80000, new_base: 10000000, len: 80000, region_type: Memory32BitRegion }]
cloud-hypervisor:   0.080653s: <vcpu0> INFO:pci/src/configuration.rs:1001 -- Detected BAR reprogramming: (BAR 0) 0x2ff00000->0x10080000
cloud-hypervisor:   0.080663s: <vcpu0> INFO:pci/src/configuration.rs:953 -- MSE bit is disabled. No BAR reprogramming parameter is returned: [BarReprogrammingParams { old_base: 2ff00000, new_base: 10080000, len: 80000, region_type: Memory32BitRegion }]
cloud-hypervisor:   0.080757s: <vcpu0> INFO:pci/src/configuration.rs:1001 -- Detected BAR reprogramming: (BAR 0) 0x2fe80000->0x10100000
cloud-hypervisor:   0.080766s: <vcpu0> INFO:pci/src/configuration.rs:953 -- MSE bit is disabled. No BAR reprogramming parameter is returned: [BarReprogrammingParams { old_base: 2fe80000, new_base: 10100000, len: 80000, region_type: Memory32BitRegion }]
cloud-hypervisor:   0.081012s: <vcpu0> INFO:pci/src/configuration.rs:1027 -- Detected BAR reprogramming: (BAR 1) 0xff->0x2
cloud-hypervisor:   0.081020s: <vcpu0> INFO:pci/src/configuration.rs:953 -- MSE bit is disabled. No BAR reprogramming parameter is returned: [BarReprogrammingParams { old_base: ffff000000, new_base: 200080000, len: 80000, region_type: Memory64BitRegion }]
cloud-hypervisor:   0.081104s: <vcpu0> INFO:pci/src/configuration.rs:953 -- MSE bit is disabled. No BAR reprogramming parameter is returned: [BarReprogrammingParams { old_base: ffff000000, new_base: 200080000, len: 80000, region_type: Memory64BitRegion }]
cloud-hypervisor:   0.081317s: <vcpu0> INFO:pci/src/configuration.rs:1027 -- Detected BAR reprogramming: (BAR 1) 0xff->0x2
cloud-hypervisor:   0.081326s: <vcpu0> INFO:pci/src/configuration.rs:953 -- MSE bit is disabled. No BAR reprogramming parameter is returned: [BarReprogrammingParams { old_base: fffe800000, new_base: 200100000, len: 80000, region_type: Memory64BitRegion }]
cloud-hypervisor:   0.081413s: <vcpu0> INFO:pci/src/configuration.rs:953 -- MSE bit is disabled. No BAR reprogramming parameter is returned: [BarReprogrammingParams { old_base: fffe800000, new_base: 200100000, len: 80000, region_type: Memory64BitRegion }]
cloud-hypervisor:   0.081555s: <vcpu0> INFO:pci/src/configuration.rs:953 -- MSE bit is disabled. No BAR reprogramming parameter is returned: [BarReprogrammingParams { old_base: ffff800000, new_base: 200000000, len: 80000, region_type: Memory64BitRegion }]
cloud-hypervisor:   0.081663s: <vcpu0> INFO:pci/src/configuration.rs:947 -- BAR reprogramming parameter is returned: [BarReprogrammingParams { old_base: ffff800000, new_base: 200000000, len: 80000, region_type: Memory64BitRegion }]
cloud-hypervisor:   0.084964s: <vcpu0> INFO:pci/src/configuration.rs:953 -- MSE bit is disabled. No BAR reprogramming parameter is returned: [BarReprogrammingParams { old_base: 2ff80000, new_base: 10000000, len: 80000, region_type: Memory32BitRegion }]
cloud-hypervisor:   0.085052s: <vcpu0> INFO:pci/src/configuration.rs:947 -- BAR reprogramming parameter is returned: [BarReprogrammingParams { old_base: 2ff80000, new_base: 10000000, len: 80000, region_type: Memory32BitRegion }]
cloud-hypervisor:   0.088151s: <vcpu0> INFO:pci/src/configuration.rs:953 -- MSE bit is disabled. No BAR reprogramming parameter is returned: [BarReprogrammingParams { old_base: 2ff00000, new_base: 10080000, len: 80000, region_type: Memory32BitRegion }]
cloud-hypervisor:   0.088253s: <vcpu0> INFO:pci/src/configuration.rs:947 -- BAR reprogramming parameter is returned: [BarReprogrammingParams { old_base: 2ff00000, new_base: 10080000, len: 80000, region_type: Memory32BitRegion }]
cloud-hypervisor:   0.094531s: <vcpu0> INFO:pci/src/configuration.rs:953 -- MSE bit is disabled. No BAR reprogramming parameter is returned: [BarReprogrammingParams { old_base: 2fe80000, new_base: 10100000, len: 80000, region_type: Memory32BitRegion }]
cloud-hypervisor:   0.094620s: <vcpu0> INFO:pci/src/configuration.rs:947 -- BAR reprogramming parameter is returned: [BarReprogrammingParams { old_base: 2fe80000, new_base: 10100000, len: 80000, region_type: Memory32BitRegion }]
cloud-hypervisor:   0.097428s: <vcpu0> INFO:pci/src/configuration.rs:953 -- MSE bit is disabled. No BAR reprogramming parameter is returned: [BarReprogrammingParams { old_base: ffff000000, new_base: 200080000, len: 80000, region_type: Memory64BitRegion }]
cloud-hypervisor:   0.097515s: <vcpu0> INFO:pci/src/configuration.rs:947 -- BAR reprogramming parameter is returned: [BarReprogrammingParams { old_base: ffff000000, new_base: 200080000, len: 80000, region_type: Memory64BitRegion }]
cloud-hypervisor:   0.100383s: <vcpu0> INFO:pci/src/configuration.rs:953 -- MSE bit is disabled. No BAR reprogramming parameter is returned: [BarReprogrammingParams { old_base: fffe800000, new_base: 200100000, len: 80000, region_type: Memory64BitRegion }]
cloud-hypervisor:   0.100470s: <vcpu0> INFO:pci/src/configuration.rs:947 -- BAR reprogramming parameter is returned: [BarReprogrammingParams { old_base: fffe800000, new_base: 200100000, len: 80000, region_type: Memory64BitRegion }]
cloud-hypervisor:   0.108303s: <vcpu0> INFO:virtio-devices/src/transport/pci_device.rs:1288 -- _virtio-pci-__console: Needs activation; writing to activate event fd
cloud-hypervisor:   0.108315s: <vcpu0> INFO:virtio-devices/src/transport/pci_device.rs:1293 -- _virtio-pci-__console: Needs activation; returning barrier
cloud-hypervisor:   0.108321s: <vcpu0> INFO:vmm/src/vm.rs:488 -- Waiting for barrier
cloud-hypervisor:   0.108348s: <vmm> INFO:vmm/src/lib.rs:2108 -- Trying to activate pending virtio devices: count = 1
cloud-hypervisor:   0.108415s: <vmm> INFO:event_monitor/src/lib.rs:113 -- Event: source = virtio-device event = activated id = __console
cloud-hypervisor:   0.108424s: <vmm> INFO:virtio-devices/src/transport/pci_device.rs:347 -- _virtio-pci-__console: Waiting for barrier
cloud-hypervisor:   0.108434s: <vmm> INFO:virtio-devices/src/transport/pci_device.rs:349 -- _virtio-pci-__console: Barrier released
cloud-hypervisor:   0.108455s: <vcpu0> INFO:vmm/src/vm.rs:490 -- Barrier released
cloud-hypervisor:   0.118998s: <vcpu0> INFO:virtio-devices/src/transport/pci_device.rs:1288 -- _virtio-pci-__rng: Needs activation; writing to activate event fd
cloud-hypervisor:   0.119014s: <vcpu0> INFO:virtio-devices/src/transport/pci_device.rs:1293 -- _virtio-pci-__rng: Needs activation; returning barrier
cloud-hypervisor:   0.119022s: <vcpu0> INFO:vmm/src/vm.rs:488 -- Waiting for barrier
cloud-hypervisor:   0.119035s: <vmm> INFO:vmm/src/lib.rs:2108 -- Trying to activate pending virtio devices: count = 1
cloud-hypervisor:   0.119086s: <vmm> INFO:event_monitor/src/lib.rs:113 -- Event: source = virtio-device event = activated id = __rng
cloud-hypervisor:   0.119100s: <vmm> INFO:virtio-devices/src/transport/pci_device.rs:347 -- _virtio-pci-__rng: Waiting for barrier
cloud-hypervisor:   0.119112s: <vmm> INFO:virtio-devices/src/transport/pci_device.rs:349 -- _virtio-pci-__rng: Barrier released
cloud-hypervisor:   0.119132s: <vcpu0> INFO:vmm/src/vm.rs:490 -- Barrier released
cloud-hypervisor:   0.124321s: <vcpu0> INFO:virtio-devices/src/transport/pci_device.rs:1288 -- _virtio-pci-_disk0: Needs activation; writing to activate event fd
cloud-hypervisor:   0.124333s: <vcpu0> INFO:virtio-devices/src/transport/pci_device.rs:1293 -- _virtio-pci-_disk0: Needs activation; returning barrier
cloud-hypervisor:   0.124338s: <vcpu0> INFO:vmm/src/vm.rs:488 -- Waiting for barrier
cloud-hypervisor:   0.124369s: <vmm> INFO:vmm/src/lib.rs:2108 -- Trying to activate pending virtio devices: count = 1
cloud-hypervisor:   0.124381s: <vmm> INFO:virtio-devices/src/block.rs:1089 -- Changing cache mode to writeback
cloud-hypervisor:   0.124508s: <vmm> INFO:event_monitor/src/lib.rs:113 -- Event: source = virtio-device event = activated id = _disk0
cloud-hypervisor:   0.124516s: <vmm> INFO:virtio-devices/src/transport/pci_device.rs:347 -- _virtio-pci-_disk0: Waiting for barrier
cloud-hypervisor:   0.124526s: <vmm> INFO:virtio-devices/src/transport/pci_device.rs:349 -- _virtio-pci-_disk0: Barrier released
cloud-hypervisor:   0.124549s: <vcpu0> INFO:vmm/src/vm.rs:490 -- Barrier released
cloud-hypervisor:   0.128359s: <vcpu0> INFO:virtio-devices/src/transport/pci_device.rs:1288 -- _virtio-pci-_disk1: Needs activation; writing to activate event fd
cloud-hypervisor:   0.128371s: <vcpu0> INFO:virtio-devices/src/transport/pci_device.rs:1293 -- _virtio-pci-_disk1: Needs activation; returning barrier
cloud-hypervisor:   0.128376s: <vcpu0> INFO:vmm/src/vm.rs:488 -- Waiting for barrier
cloud-hypervisor:   0.128401s: <vmm> INFO:vmm/src/lib.rs:2108 -- Trying to activate pending virtio devices: count = 1
cloud-hypervisor:   0.128411s: <vmm> INFO:virtio-devices/src/block.rs:1089 -- Changing cache mode to writeback
cloud-hypervisor:   0.128502s: <vmm> INFO:event_monitor/src/lib.rs:113 -- Event: source = virtio-device event = activated id = _disk1
cloud-hypervisor:   0.128510s: <vmm> INFO:virtio-devices/src/transport/pci_device.rs:347 -- _virtio-pci-_disk1: Waiting for barrier
cloud-hypervisor:   0.128519s: <vmm> INFO:virtio-devices/src/transport/pci_device.rs:349 -- _virtio-pci-_disk1: Barrier released
cloud-hypervisor:   0.128539s: <vcpu0> INFO:vmm/src/vm.rs:490 -- Barrier released
cloud-hypervisor:   0.132684s: <vcpu0> INFO:virtio-devices/src/transport/pci_device.rs:1288 -- _virtio-pci-_disk2: Needs activation; writing to activate event fd
cloud-hypervisor:   0.132696s: <vcpu0> INFO:virtio-devices/src/transport/pci_device.rs:1293 -- _virtio-pci-_disk2: Needs activation; returning barrier
cloud-hypervisor:   0.132702s: <vcpu0> INFO:vmm/src/vm.rs:488 -- Waiting for barrier
cloud-hypervisor:   0.132713s: <vmm> INFO:vmm/src/lib.rs:2108 -- Trying to activate pending virtio devices: count = 1
cloud-hypervisor:   0.132722s: <vmm> INFO:virtio-devices/src/block.rs:1089 -- Changing cache mode to writeback
cloud-hypervisor:   0.132799s: <vmm> INFO:event_monitor/src/lib.rs:113 -- Event: source = virtio-device event = activated id = _disk2
cloud-hypervisor:   0.132807s: <vmm> INFO:virtio-devices/src/transport/pci_device.rs:347 -- _virtio-pci-_disk2: Waiting for barrier
cloud-hypervisor:   0.132818s: <vmm> INFO:virtio-devices/src/transport/pci_device.rs:349 -- _virtio-pci-_disk2: Barrier released
cloud-hypervisor:   0.132835s: <vcpu0> INFO:vmm/src/vm.rs:490 -- Barrier released
cloud-hypervisor:   0.151058s: <vcpu0> INFO:virtio-devices/src/transport/pci_device.rs:1288 -- _virtio-pci-_vsock3: Needs activation; writing to activate event fd
cloud-hypervisor:   0.151070s: <vcpu0> INFO:virtio-devices/src/transport/pci_device.rs:1293 -- _virtio-pci-_vsock3: Needs activation; returning barrier
cloud-hypervisor:   0.151076s: <vcpu0> INFO:vmm/src/vm.rs:488 -- Waiting for barrier
cloud-hypervisor:   0.151095s: <vmm> INFO:vmm/src/lib.rs:2108 -- Trying to activate pending virtio devices: count = 1
cloud-hypervisor:   0.151160s: <vmm> INFO:event_monitor/src/lib.rs:113 -- Event: source = virtio-device event = activated id = _vsock3
cloud-hypervisor:   0.151167s: <vmm> INFO:virtio-devices/src/transport/pci_device.rs:347 -- _virtio-pci-_vsock3: Waiting for barrier
cloud-hypervisor:   0.151176s: <vmm> INFO:virtio-devices/src/transport/pci_device.rs:349 -- _virtio-pci-_vsock3: Barrier released
cloud-hypervisor:   0.151196s: <vcpu0> INFO:vmm/src/vm.rs:490 -- Barrier released
[2m2026-09-17T08:41:14.544277Z[0m [32m INFO[0m x1: session starting behind the pump [3menvironment_id[0m[2m=[0menv_x1restore [3mport[0m[2m=[0m5000
