
===== b start (failpoints: none) 04:32:04 =====
{"timestamp":"2026-09-18T04:32:04.352961Z","level":"INFO","message":"configuration loaded","config":"/home/takanorifukuyama.guest/w/tsls-chaos.8Bo87p/gw-b.toml","target":"tachyon_serverless_gateway"}
{"timestamp":"2026-09-18T04:32:04.354797Z","level":"INFO","message":"connected successfully","server":"45159","max_payload":"1048576","target":"async_nats::connector"}
{"timestamp":"2026-09-18T04:32:04.354871Z","level":"INFO","message":"event: connected","target":"async_nats"}
{"timestamp":"2026-09-18T04:32:04.358871Z","level":"INFO","message":"JetStream queue connected and stream bootstrapped","url":"nats://127.0.0.1:45159","stream":"TACHYON_EVENTS","target":"tachyon_serverless_gateway::durable"}
{"timestamp":"2026-09-18T04:32:04.359772Z","level":"INFO","message":"state store opened","path":"/home/takanorifukuyama.guest/w/tsls-chaos.8Bo87p/data/state.db","schema_version":8,"migrations_applied":"[]","imported_state_json":"None","settled_invocations":0,"settled_attempts":0,"settled_environments":0,"released_leases":0,"dropped_idempotency_keys":0,"purged_idempotency_keys":0,"outputs_purged":0,"target":"tachyon_serverless_application::app"}
{"timestamp":"2026-09-18T04:32:04.360538Z","level":"INFO","message":"log store opened","path":"/home/takanorifukuyama.guest/w/tsls-chaos.8Bo87p/data/logs/logs.db","healthy":true,"retention_seconds":604800,"max_total_bytes":1073741824,"target":"tachyon_serverless_application::app"}
{"timestamp":"2026-09-18T04:32:04.361063Z","level":"INFO","message":"dispatcher registered","dispatcher_id":"dsp_01m2scjbr8b546mmqxjrxgyedb","instance":"chaos-b","pid":837706,"lease_ttl_seconds":6,"target":"tachyon_serverless_application::services::dispatcher"}
{"timestamp":"2026-09-18T04:32:04.361913Z","level":"INFO","message":"application bootstrapped","profile":"dev","provider":"process","dev_only":true,"environment_reuse":false,"reuse_verified":false,"reuse_reason":"[pool] enabled is false","reuse_disabled":"Some(Configuration)","idle_quiesce":"unsupported","idle_resume":"unsupported","data_dir":"/home/takanorifukuyama.guest/w/tsls-chaos.8Bo87p/data","store":"sqlite","dispatcher_id":"dsp_01m2scjbr8b546mmqxjrxgyedb","node":"local","node_region":"none","node_memory_mib":"None","max_concurrency":8,"queue":"nats","objects":"filesystem","invoke_async":true,"triggers":true,"target":"tachyon_serverless_application::app"}
{"timestamp":"2026-09-18T04:32:04.362112Z","level":"INFO","message":"startup reconcile finished","provider":"process","found":0,"adopted":0,"terminated":0,"disowned":0,"failed":0,"lost":0,"foreign":0,"reclaimed_dispatchers":0,"fenced_terminated":0,"fenced_pending":0,"target":"tachyon_serverless_application::services::reconcile"}
{"timestamp":"2026-09-18T04:32:04.362163Z","level":"INFO","message":"gateway listening","addr":"127.0.0.1:60937","profile":"dev","provider":"process","target":"tachyon_serverless_gateway"}
{"timestamp":"2026-09-18T04:32:04.363179Z","level":"INFO","message":"asynchronous dispatcher started","workers":2,"owner":"dsp_01m2scjbr8b546mmqxjrxgyedb","target":"tachyon_serverless_gateway"}
{"timestamp":"2026-09-18T04:32:05.930145Z","level":"INFO","message":"asynchronous run claimed","invocation_id":"inv_01m2scjd8y5dnczq8p736b2aah","attempt":1,"generation":0,"delivery_count":1,"target":"tachyon_serverless_application::services::invoke_async::dispatch"}
{"timestamp":"2026-09-18T04:32:06.030030Z","level":"INFO","message":"asynchronous run claimed","invocation_id":"inv_01m2scjdbngpwx0jscycqeeazq","attempt":1,"generation":0,"delivery_count":1,"target":"tachyon_serverless_application::services::invoke_async::dispatch"}
{"timestamp":"2026-09-18T04:32:07.249727Z","level":"INFO","message":"bridge spawned","environment_id":"env_01m2scjd9ajvn769m7pmb636ht","pid":837814,"target":"tachyon_serverless_provider_process"}
{"timestamp":"2026-09-18T04:32:07.311066Z","level":"INFO","message":"invocation finished","invocation_id":"inv_01m2scjd8y5dnczq8p736b2aah","status":"succeeded (async run)","handler_ms":2,"environment_boot_ms":3,"runtime_init_ms":35,"target":"tachyon_serverless_application::services::invoke"}
{"timestamp":"2026-09-18T04:32:07.317405Z","level":"INFO","message":"terminating bridge","environment_id":"env_01m2scjd9ajvn769m7pmb636ht","pid":837814,"reason":"Completed","graceful":true,"target":"tachyon_serverless_provider_process"}
{"timestamp":"2026-09-18T04:32:07.340449Z","level":"INFO","message":"asynchronous invocation settled","invocation_id":"inv_01m2scjd8y5dnczq8p736b2aah","status":"succeeded","target":"tachyon_serverless_application::services::invoke_async::dispatch"}
{"timestamp":"2026-09-18T04:32:07.351385Z","level":"INFO","message":"async dispatch: delivery handled","message_id":"inv_01m2scjd8y5dnczq8p736b2aah","sequence":3,"delivery_count":1,"outcome":"Completed { status: \"succeeded\" }","target":"tachyon_serverless_application::services::invoke_async::dispatch"}
{"timestamp":"2026-09-18T04:32:07.377968Z","level":"INFO","message":"bridge spawned","environment_id":"env_01m2scjd9dw9gx8dzkx3211gws","pid":837834,"target":"tachyon_serverless_provider_process"}
{"timestamp":"2026-09-18T04:32:07.391612Z","level":"INFO","message":"invocation finished","invocation_id":"inv_01m2scjd9dcvfhsf1d7gn2qnqd","status":"succeeded","handler_ms":1,"environment_boot_ms":1,"runtime_init_ms":5,"target":"tachyon_serverless_application::services::invoke"}
{"timestamp":"2026-09-18T04:32:07.393951Z","level":"INFO","message":"terminating bridge","environment_id":"env_01m2scjd9dw9gx8dzkx3211gws","pid":837834,"reason":"Completed","graceful":true,"target":"tachyon_serverless_provider_process"}
{"timestamp":"2026-09-18T04:32:07.425812Z","level":"INFO","message":"asynchronous invocation accepted","invocation_id":"inv_01m2scjeqwx6795rr0reb8cmec","tenant_id":"tn_01hzzzzzzzzzzzzzzzzzzzzzza","revision_id":"rev_01m2scj3mf3xwyjssaysfswjcx","input_bytes":49,"input_storage":"inline","target":"tachyon_serverless_application::services::invoke_async"}
{"timestamp":"2026-09-18T04:32:07.450178Z","level":"INFO","message":"asynchronous run claimed","invocation_id":"inv_01m2scjeqwx6795rr0reb8cmec","attempt":1,"generation":0,"delivery_count":1,"target":"tachyon_serverless_application::services::invoke_async::dispatch"}
{"timestamp":"2026-09-18T04:32:07.456767Z","level":"INFO","message":"asynchronous invocation accepted","invocation_id":"inv_01m2scjerts4d050114hhfpa98","tenant_id":"tn_01hzzzzzzzzzzzzzzzzzzzzzza","revision_id":"rev_01m2scj3mf3xwyjssaysfswjcx","input_bytes":4129,"input_storage":"object","target":"tachyon_serverless_application::services::invoke_async"}
{"timestamp":"2026-09-18T04:32:07.481051Z","level":"INFO","message":"asynchronous invocation accepted","invocation_id":"inv_01m2scjesnwk0jpkseadtg8vw4","tenant_id":"tn_01hzzzzzzzzzzzzzzzzzzzzzza","revision_id":"rev_01m2scj70hm5g8tb32312srhsn","input_bytes":193,"input_storage":"inline","target":"tachyon_serverless_application::services::invoke_async"}
{"timestamp":"2026-09-18T04:32:07.481090Z","level":"INFO","message":"webhook trigger fired","trigger_id":"trg_01m2scjbqcha7qzgkzza3a89vh","event_id":"evt-pre-b-w1","invocation_id":"inv_01m2scjesnwk0jpkseadtg8vw4","revision_id":"rev_01m2scj70hm5g8tb32312srhsn","replayed":false,"target":"tachyon_serverless_application::services::triggers"}
{"timestamp":"2026-09-18T04:32:07.849227Z","level":"INFO","message":"bridge spawned","environment_id":"env_01m2scjdcf3cht3brsqz8byhs5","pid":837943,"target":"tachyon_serverless_provider_process"}
{"timestamp":"2026-09-18T04:32:07.912065Z","level":"INFO","message":"invocation finished","invocation_id":"inv_01m2scjdbngpwx0jscycqeeazq","status":"succeeded (async run)","handler_ms":3,"environment_boot_ms":1,"runtime_init_ms":22,"target":"tachyon_serverless_application::services::invoke"}
{"timestamp":"2026-09-18T04:32:07.919290Z","level":"INFO","message":"terminating bridge","environment_id":"env_01m2scjdcf3cht3brsqz8byhs5","pid":837943,"reason":"Completed","graceful":true,"target":"tachyon_serverless_provider_process"}
{"timestamp":"2026-09-18T04:32:07.948060Z","level":"INFO","message":"asynchronous invocation settled","invocation_id":"inv_01m2scjdbngpwx0jscycqeeazq","status":"succeeded","target":"tachyon_serverless_application::services::invoke_async::dispatch"}
{"timestamp":"2026-09-18T04:32:07.950942Z","level":"INFO","message":"async dispatch: delivery handled","message_id":"inv_01m2scjdbngpwx0jscycqeeazq","sequence":4,"delivery_count":1,"outcome":"Completed { status: \"succeeded\" }","target":"tachyon_serverless_application::services::invoke_async::dispatch"}
{"timestamp":"2026-09-18T04:32:08.703209Z","level":"INFO","message":"bridge spawned","environment_id":"env_01m2scjertemm1p1k3mp4s9svx","pid":837962,"target":"tachyon_serverless_provider_process"}
{"timestamp":"2026-09-18T04:32:08.733539Z","level":"INFO","message":"invocation finished","invocation_id":"inv_01m2scjeqwx6795rr0reb8cmec","status":"succeeded (async run)","handler_ms":7,"environment_boot_ms":1,"runtime_init_ms":4,"target":"tachyon_serverless_application::services::invoke"}
{"timestamp":"2026-09-18T04:32:08.745133Z","level":"INFO","message":"terminating bridge","environment_id":"env_01m2scjertemm1p1k3mp4s9svx","pid":837962,"reason":"Completed","graceful":true,"target":"tachyon_serverless_provider_process"}
{"timestamp":"2026-09-18T04:32:08.749487Z","level":"INFO","message":"asynchronous invocation settled","invocation_id":"inv_01m2scjeqwx6795rr0reb8cmec","status":"succeeded","target":"tachyon_serverless_application::services::invoke_async::dispatch"}
{"timestamp":"2026-09-18T04:32:08.750513Z","level":"INFO","message":"async dispatch: delivery handled","message_id":"inv_01m2scjeqwx6795rr0reb8cmec","sequence":5,"delivery_count":1,"outcome":"Completed { status: \"succeeded\" }","target":"tachyon_serverless_application::services::invoke_async::dispatch"}
{"timestamp":"2026-09-18T04:32:14.215506Z","level":"WARN","message":"outbox: claiming failed","error":"store: the store connection stayed busy for 5 s (database locked?)","target":"tachyon_serverless_application::services::invoke_async::publisher"}
{"timestamp":"2026-09-18T04:32:19.216504Z","level":"WARN","message":"object gc: claim failed","object":"obj_01m2scjd88kp0dnhwm982c9nna","error":"store: the store connection stayed busy for 5 s (database locked?)","target":"tachyon_serverless_application::durable::gc"}
{"timestamp":"2026-09-18T04:32:19.224138Z","level":"WARN","message":"cannot take the trigger scheduler lease","error":"store: the store connection stayed busy for 5 s (database locked?)","target":"tachyon_serverless_application::services::triggers"}
{"timestamp":"2026-09-18T04:32:19.242095Z","level":"WARN","message":"dispatcher heartbeat failed","error":"store: database is locked","target":"tachyon_serverless_application::app"}
{"timestamp":"2026-09-18T04:32:24.244520Z","level":"WARN","message":"cannot list dispatchers","error":"store: the store connection stayed busy for 5 s (database locked?)","target":"tachyon_serverless_application::services::dispatcher"}
{"timestamp":"2026-09-18T04:32:24.244520Z","level":"WARN","message":"async reaper: listing candidates failed","error":"store: the store connection stayed busy for 5 s (database locked?)","target":"tachyon_serverless_application::services::invoke_async::dispatch"}
{"timestamp":"2026-09-18T04:32:24.276886Z","level":"WARN","message":"object gc: claim failed","object":"obj_01m2scjervcgxem9kx7zjq3dn0","error":"store: database is locked","target":"tachyon_serverless_application::durable::gc"}
{"timestamp":"2026-09-18T04:32:29.245881Z","level":"WARN","message":"outbox: claiming failed","error":"store: the store connection stayed busy for 5 s (database locked?)","target":"tachyon_serverless_application::services::invoke_async::publisher"}
{"timestamp":"2026-09-18T04:32:29.277224Z","level":"WARN","message":"object gc: purging tombstones failed","error":"store: the store connection stayed busy for 5 s (database locked?)","target":"tachyon_serverless_application::durable::gc"}
{"timestamp":"2026-09-18T04:32:29.277310Z","level":"INFO","message":"object retention pass","report":"GcReport { examined: 2, collected_expired: 0, collected_orphans: 0, kept_in_use: 0, kept_referenced: 0, incomplete_removed: 0, tombstones_purged: 0, failed: 3 }","target":"tachyon_serverless_gateway"}
{"timestamp":"2026-09-18T04:32:29.277836Z","level":"WARN","message":"async dispatch: the ledger failed; the message is redelivered","message_id":"inv_01m2scjesnwk0jpkseadtg8vw4","error":"Host.StoreUnavailable: storage: the store connection stayed busy for 5 s (database locked?)","target":"tachyon_serverless_application::services::invoke_async::dispatch"}
{"timestamp":"2026-09-18T04:32:29.428540Z","level":"INFO","message":"object retention pass","report":"GcReport { examined: 2, collected_expired: 0, collected_orphans: 0, kept_in_use: 0, kept_referenced: 2, incomplete_removed: 0, tombstones_purged: 0, failed: 0 }","target":"tachyon_serverless_gateway"}
{"timestamp":"2026-09-18T04:32:29.429363Z","level":"WARN","message":"dispatcher lease renewed after the store was unavailable","dispatcher_id":"dsp_01m2scjbr8b546mmqxjrxgyedb","outage_started_at":"Some(2026-09-18T04:32:14.215762034Z)","failed_heartbeats":1,"revived":true,"leases":0,"target":"tachyon_serverless_application::services::dispatcher"}
{"timestamp":"2026-09-18T04:32:29.429860Z","level":"INFO","message":"async dispatch: delivery handled","message_id":"inv_01m2scjesnwk0jpkseadtg8vw4","sequence":7,"delivery_count":3,"outcome":"Skipped(\"terminal\")","target":"tachyon_serverless_application::services::invoke_async::dispatch"}
{"timestamp":"2026-09-18T04:32:29.430933Z","level":"WARN","message":"reclaimed the work of dispatchers that lost their lease","dispatcher_id":"dsp_01m2scjbr8b546mmqxjrxgyedb","reclaimed_dispatchers":"[DispatcherId(dsp_01m2scj104t0mbf7xdtvxhpp1g)]","leases":0,"invocations":0,"attempts":0,"fenced":0,"target":"tachyon_serverless_application::services::dispatcher"}
{"timestamp":"2026-09-18T04:32:30.371941Z","level":"INFO","message":"object retention pass","report":"GcReport { examined: 2, collected_expired: 0, collected_orphans: 0, kept_in_use: 0, kept_referenced: 2, incomplete_removed: 0, tombstones_purged: 0, failed: 0 }","target":"tachyon_serverless_gateway"}
{"timestamp":"2026-09-18T04:32:32.366558Z","level":"INFO","message":"object retention pass","report":"GcReport { examined: 2, collected_expired: 0, collected_orphans: 0, kept_in_use: 0, kept_referenced: 2, incomplete_removed: 0, tombstones_purged: 0, failed: 0 }","target":"tachyon_serverless_gateway"}
{"timestamp":"2026-09-18T04:32:32.911223Z","level":"INFO","message":"bridge spawned","environment_id":"env_01m2sck6hf9q29a8afhpd0fxs6","pid":838188,"target":"tachyon_serverless_provider_process"}
{"timestamp":"2026-09-18T04:32:32.933067Z","level":"INFO","message":"invocation finished","invocation_id":"inv_01m2sck6hekhq6tpxr24ec34ax","status":"succeeded","handler_ms":3,"environment_boot_ms":1,"runtime_init_ms":2,"target":"tachyon_serverless_application::services::invoke"}
{"timestamp":"2026-09-18T04:32:32.935202Z","level":"INFO","message":"terminating bridge","environment_id":"env_01m2sck6hf9q29a8afhpd0fxs6","pid":838188,"reason":"Completed","graceful":true,"target":"tachyon_serverless_provider_process"}
{"timestamp":"2026-09-18T04:32:34.366173Z","level":"INFO","message":"object retention pass","report":"GcReport { examined: 2, collected_expired: 0, collected_orphans: 0, kept_in_use: 0, kept_referenced: 2, incomplete_removed: 0, tombstones_purged: 0, failed: 0 }","target":"tachyon_serverless_gateway"}
{"timestamp":"2026-09-18T04:32:34.587011Z","level":"INFO","message":"asynchronous run claimed","invocation_id":"inv_01m2sck98n89p7bdsmm3vjbqgw","attempt":1,"generation":0,"delivery_count":1,"target":"tachyon_serverless_application::services::invoke_async::dispatch"}
{"timestamp":"2026-09-18T04:32:34.614294Z","level":"INFO","message":"asynchronous run claimed","invocation_id":"inv_01m2sck99cgynv0rg6t6t842jz","attempt":1,"generation":0,"delivery_count":1,"target":"tachyon_serverless_application::services::invoke_async::dispatch"}
{"timestamp":"2026-09-18T04:32:34.639026Z","level":"INFO","message":"SIGTERM received","target":"tachyon_serverless_gateway"}
{"timestamp":"2026-09-18T04:32:34.639054Z","level":"INFO","message":"shutdown requested; cancelling in-flight invocations","target":"tachyon_serverless_gateway"}
{"timestamp":"2026-09-18T04:32:34.639074Z","level":"INFO","message":"cancelling in-flight invocations for shutdown","count":2,"target":"tachyon_serverless_application::services::invoke"}
{"timestamp":"2026-09-18T04:32:35.809540Z","level":"INFO","message":"bridge spawned","environment_id":"env_01m2sck98v0d2x32hqrcba69m5","pid":838368,"target":"tachyon_serverless_provider_process"}
{"timestamp":"2026-09-18T04:32:35.815320Z","level":"INFO","message":"asynchronous invocation rescheduled","invocation_id":"inv_01m2sck98n89p7bdsmm3vjbqgw","next_attempt_at":"2026-09-18T04:32:35.989204381+00:00","counted":false,"error_type":"Host.GatewayShutdown","target":"tachyon_serverless_application::services::invoke_async::dispatch"}
{"timestamp":"2026-09-18T04:32:35.816456Z","level":"INFO","message":"async dispatch: delivery handled","message_id":"inv_01m2sck98n89p7bdsmm3vjbqgw","sequence":8,"delivery_count":1,"outcome":"Rescheduled { next_attempt_at: 2026-09-18T04:32:35.989204381Z, counted: false }","target":"tachyon_serverless_application::services::invoke_async::dispatch"}
{"timestamp":"2026-09-18T04:32:35.831658Z","level":"INFO","message":"bridge spawned","environment_id":"env_01m2sck99qsmafc9rbjvtn2dzq","pid":838383,"target":"tachyon_serverless_provider_process"}
{"timestamp":"2026-09-18T04:32:35.838229Z","level":"INFO","message":"terminating bridge","environment_id":"env_01m2sck99qsmafc9rbjvtn2dzq","pid":838383,"reason":"Shutdown","graceful":true,"target":"tachyon_serverless_provider_process"}
{"timestamp":"2026-09-18T04:32:36.366205Z","level":"INFO","message":"object retention pass","report":"GcReport { examined: 2, collected_expired: 0, collected_orphans: 0, kept_in_use: 0, kept_referenced: 2, incomplete_removed: 0, tombstones_purged: 0, failed: 0 }","target":"tachyon_serverless_gateway"}
{"timestamp":"2026-09-18T04:32:38.249376Z","level":"INFO","message":"asynchronous invocation rescheduled","invocation_id":"inv_01m2sck99cgynv0rg6t6t842jz","next_attempt_at":"2026-09-18T04:32:38.503459130+00:00","counted":false,"error_type":"Host.GatewayShutdown","target":"tachyon_serverless_application::services::invoke_async::dispatch"}
{"timestamp":"2026-09-18T04:32:38.253445Z","level":"INFO","message":"async dispatch: delivery handled","message_id":"inv_01m2sck99cgynv0rg6t6t842jz","sequence":9,"delivery_count":1,"outcome":"Rescheduled { next_attempt_at: 2026-09-18T04:32:38.503459130Z, counted: false }","target":"tachyon_serverless_application::services::invoke_async::dispatch"}
{"timestamp":"2026-09-18T04:32:38.257924Z","level":"INFO","message":"final usage collection","report":"CollectReport { batches: 1, read: 1, inserted: 1, duplicates: 0, cursor_seq: 72 }","target":"tachyon_serverless_gateway"}
{"timestamp":"2026-09-18T04:32:38.262740Z","level":"INFO","message":"gateway stopped","target":"tachyon_serverless_gateway"}
{"timestamp":"2026-09-18T04:32:38.263168Z","level":"INFO","message":"event: closed","target":"async_nats"}
