{"timestamp":"2026-09-15T17:16:42.345952Z","level":"INFO","message":"configuration loaded","config":"/home/takanorifukuyama.guest/tsls/config/gateway.firecracker.toml","target":"tachyon_serverless_gateway"}
{"timestamp":"2026-09-15T17:16:42.358388Z","level":"INFO","message":"application bootstrapped","profile":"production","provider":"firecracker","dev_only":false,"data_dir":"/home/takanorifukuyama.guest/tsls/./data","target":"tachyon_serverless_application::app"}
{"timestamp":"2026-09-15T17:16:42.358699Z","level":"INFO","message":"gateway listening","addr":"127.0.0.1:8080","profile":"production","provider":"firecracker","target":"tachyon_serverless_gateway"}
{"timestamp":"2026-09-15T17:16:47.797699Z","level":"INFO","message":"revision ready","revision_id":"rev_01m2k14epszg2qk9wdfvfk6kxr","function_id":"fn_01m2jj7jafhtqbw7be5fhrmyr3","target":"tachyon_serverless_application::services::revision"}
{"timestamp":"2026-09-15T17:16:48.328159Z","level":"INFO","message":"revision ready","revision_id":"rev_01m2k14f6mf8g81vpvhcmea8wq","function_id":"fn_01m2jj7jbdeas4j20z5bcsm7ns","target":"tachyon_serverless_application::services::revision"}
{"timestamp":"2026-09-15T17:16:48.726302Z","level":"INFO","message":"revision ready","revision_id":"rev_01m2k14fm12rk9pmaj7z0jx83j","function_id":"fn_01m2jj7jcdf0j2q2nbr7dvwnzz","target":"tachyon_serverless_application::services::revision"}
{"timestamp":"2026-09-15T17:16:49.043999Z","level":"INFO","message":"firecracker spawned","env_id":"env_01m2k14fx6xx70btcgdfv0xw79","pid":14483,"instance_id":"env-01m2k14fx6xx70btcgdfv0xw79","target":"tachyon_serverless_provider_firecracker::provider"}
{"timestamp":"2026-09-15T17:16:49.106201Z","level":"INFO","message":"InstanceStart accepted","env_id":"env_01m2k14fx6xx70btcgdfv0xw79","vcpus":1,"mem_mib":256,"target":"tachyon_serverless_provider_firecracker::provider"}
{"timestamp":"2026-09-15T17:16:52.182442Z","level":"INFO","message":"invocation finished","invocation_id":"inv_01m2k14fx26tb17c7w9w7r1whn","status":"succeeded","handler_ms":57,"environment_boot_ms":2807,"runtime_init_ms":283,"target":"tachyon_serverless_application::services::invoke"}
{"timestamp":"2026-09-15T17:16:52.296406Z","level":"INFO","message":"environment terminated","env_id":"env_01m2k14fx6xx70btcgdfv0xw79","reason":"Completed","was_running":true,"target":"tachyon_serverless_provider_firecracker::provider"}
{"timestamp":"2026-09-15T17:16:52.440776Z","level":"INFO","message":"firecracker spawned","env_id":"env_01m2k14k7j23bpat7bxc9s83mb","pid":14525,"instance_id":"env-01m2k14k7j23bpat7bxc9s83mb","target":"tachyon_serverless_provider_firecracker::provider"}
{"timestamp":"2026-09-15T17:16:52.480961Z","level":"INFO","message":"InstanceStart accepted","env_id":"env_01m2k14k7j23bpat7bxc9s83mb","vcpus":1,"mem_mib":256,"target":"tachyon_serverless_provider_firecracker::provider"}
{"timestamp":"2026-09-15T17:16:56.828880Z","level":"INFO","message":"invocation finished","invocation_id":"inv_01m2k14k7dyf8zq8f3r9xh0cjf","status":"failed","handler_ms":63,"environment_boot_ms":4061,"runtime_init_ms":379,"target":"tachyon_serverless_application::services::invoke"}
{"timestamp":"2026-09-15T17:16:56.939188Z","level":"INFO","message":"environment terminated","env_id":"env_01m2k14k7j23bpat7bxc9s83mb","reason":"Completed","was_running":true,"target":"tachyon_serverless_provider_firecracker::provider"}
{"timestamp":"2026-09-15T17:16:57.115388Z","level":"INFO","message":"firecracker spawned","env_id":"env_01m2k14qsh8gbcs0a7gad1dm2e","pid":14559,"instance_id":"env-01m2k14qsh8gbcs0a7gad1dm2e","target":"tachyon_serverless_provider_firecracker::provider"}
{"timestamp":"2026-09-15T17:16:57.190353Z","level":"INFO","message":"InstanceStart accepted","env_id":"env_01m2k14qsh8gbcs0a7gad1dm2e","vcpus":1,"mem_mib":256,"target":"tachyon_serverless_provider_firecracker::provider"}
{"timestamp":"2026-09-15T17:17:00.414404Z","level":"INFO","message":"invocation finished","invocation_id":"inv_01m2k14qscs517y8g0dy3q4g6h","status":"failed","handler_ms":71,"environment_boot_ms":2865,"runtime_init_ms":358,"target":"tachyon_serverless_application::services::invoke"}
{"timestamp":"2026-09-15T17:17:00.527037Z","level":"INFO","message":"environment terminated","env_id":"env_01m2k14qsh8gbcs0a7gad1dm2e","reason":"Completed","was_running":true,"target":"tachyon_serverless_provider_firecracker::provider"}
{"timestamp":"2026-09-15T17:17:00.808038Z","level":"INFO","message":"revision ready","revision_id":"rev_01m2k14vd8xzfk0pdz7ktvw38f","function_id":"fn_01m2jj7jafhtqbw7be5fhrmyr3","target":"tachyon_serverless_application::services::revision"}
{"timestamp":"2026-09-15T17:17:01.087742Z","level":"INFO","message":"firecracker spawned","env_id":"env_01m2k14vp4gebxvs3g9zg60bzb","pid":14605,"instance_id":"env-01m2k14vp4gebxvs3g9zg60bzb","target":"tachyon_serverless_provider_firecracker::provider"}
{"timestamp":"2026-09-15T17:17:01.119364Z","level":"INFO","message":"InstanceStart accepted","env_id":"env_01m2k14vp4gebxvs3g9zg60bzb","vcpus":1,"mem_mib":256,"target":"tachyon_serverless_provider_firecracker::provider"}
{"timestamp":"2026-09-15T17:17:04.076804Z","level":"INFO","message":"environment terminated","env_id":"env_01m2k14vp4gebxvs3g9zg60bzb","reason":"InitFailed","was_running":true,"target":"tachyon_serverless_provider_firecracker::provider"}
{"timestamp":"2026-09-15T17:17:04.076915Z","level":"INFO","message":"invocation failed","invocation_id":"inv_01m2k14vp0x36f1j04c4rcjrzd","class":"init_error","error_type":"Runtime.InitError","target":"tachyon_serverless_application::services::invoke"}
{"timestamp":"2026-09-15T17:17:04.245952Z","level":"INFO","message":"firecracker spawned","env_id":"env_01m2k14yqfp88a28fcnjnehr84","pid":14634,"instance_id":"env-01m2k14yqfp88a28fcnjnehr84","target":"tachyon_serverless_provider_firecracker::provider"}
{"timestamp":"2026-09-15T17:17:04.277999Z","level":"INFO","message":"InstanceStart accepted","env_id":"env_01m2k14yqfp88a28fcnjnehr84","vcpus":1,"mem_mib":256,"target":"tachyon_serverless_provider_firecracker::provider"}
{"timestamp":"2026-09-15T17:17:07.434410Z","level":"INFO","message":"invocation finished","invocation_id":"inv_01m2k14yqatdzdhnyethtzjm55","status":"succeeded","handler_ms":63,"environment_boot_ms":2809,"runtime_init_ms":314,"target":"tachyon_serverless_application::services::invoke"}
{"timestamp":"2026-09-15T17:17:07.544378Z","level":"INFO","message":"environment terminated","env_id":"env_01m2k14yqfp88a28fcnjnehr84","reason":"Completed","was_running":true,"target":"tachyon_serverless_provider_firecracker::provider"}
{"timestamp":"2026-09-15T17:17:07.912112Z","level":"INFO","message":"firecracker spawned","env_id":"env_01m2k1523xw9d4xbd7sbyxwqrn","pid":14659,"instance_id":"env-01m2k1523xw9d4xbd7sbyxwqrn","target":"tachyon_serverless_provider_firecracker::provider"}
{"timestamp":"2026-09-15T17:17:07.958924Z","level":"INFO","message":"InstanceStart accepted","env_id":"env_01m2k1523xw9d4xbd7sbyxwqrn","vcpus":1,"mem_mib":256,"target":"tachyon_serverless_provider_firecracker::provider"}
{"timestamp":"2026-09-15T17:17:11.042240Z","level":"INFO","message":"invocation finished","invocation_id":"inv_01m2k1523ryrgt4frjr65sfrsx","status":"succeeded","handler_ms":61,"environment_boot_ms":2976,"runtime_init_ms":291,"target":"tachyon_serverless_application::services::invoke"}
{"timestamp":"2026-09-15T17:17:11.154780Z","level":"INFO","message":"environment terminated","env_id":"env_01m2k1523xw9d4xbd7sbyxwqrn","reason":"Completed","was_running":true,"target":"tachyon_serverless_provider_firecracker::provider"}
{"timestamp":"2026-09-15T17:17:11.499617Z","level":"INFO","message":"firecracker spawned","env_id":"env_01m2k155my8b9zhf1a9w1nbnxr","pid":14684,"instance_id":"env-01m2k155my8b9zhf1a9w1nbnxr","target":"tachyon_serverless_provider_firecracker::provider"}
{"timestamp":"2026-09-15T17:17:11.673820Z","level":"INFO","message":"InstanceStart accepted","env_id":"env_01m2k155my8b9zhf1a9w1nbnxr","vcpus":1,"mem_mib":256,"target":"tachyon_serverless_provider_firecracker::provider"}
{"timestamp":"2026-09-15T17:17:15.240420Z","level":"INFO","message":"invocation finished","invocation_id":"inv_01m2k155msdn823e73nbfn46vm","status":"succeeded","handler_ms":81,"environment_boot_ms":3477,"runtime_init_ms":337,"target":"tachyon_serverless_application::services::invoke"}
{"timestamp":"2026-09-15T17:17:15.353120Z","level":"INFO","message":"environment terminated","env_id":"env_01m2k155my8b9zhf1a9w1nbnxr","reason":"Completed","was_running":true,"target":"tachyon_serverless_provider_firecracker::provider"}
{"timestamp":"2026-09-15T17:17:15.525105Z","level":"INFO","message":"firecracker spawned","env_id":"env_01m2k159qwn1adzy395y8j23b7","pid":14706,"instance_id":"env-01m2k159qwn1adzy395y8j23b7","target":"tachyon_serverless_provider_firecracker::provider"}
{"timestamp":"2026-09-15T17:17:15.570202Z","level":"INFO","message":"InstanceStart accepted","env_id":"env_01m2k159qwn1adzy395y8j23b7","vcpus":1,"mem_mib":256,"target":"tachyon_serverless_provider_firecracker::provider"}
{"timestamp":"2026-09-15T17:17:18.777975Z","level":"INFO","message":"invocation finished","invocation_id":"inv_01m2k159qpyk32tqfgrg7x88dw","status":"succeeded","handler_ms":61,"environment_boot_ms":2990,"runtime_init_ms":301,"target":"tachyon_serverless_application::services::invoke"}
{"timestamp":"2026-09-15T17:17:18.891368Z","level":"INFO","message":"environment terminated","env_id":"env_01m2k159qwn1adzy395y8j23b7","reason":"Completed","was_running":true,"target":"tachyon_serverless_provider_firecracker::provider"}
{"timestamp":"2026-09-15T17:17:19.078103Z","level":"INFO","message":"firecracker spawned","env_id":"env_01m2k15d6mvtx2q56131t7241w","pid":14735,"instance_id":"env-01m2k15d6mvtx2q56131t7241w","target":"tachyon_serverless_provider_firecracker::provider"}
{"timestamp":"2026-09-15T17:17:19.111767Z","level":"INFO","message":"InstanceStart accepted","env_id":"env_01m2k15d6mvtx2q56131t7241w","vcpus":1,"mem_mib":256,"target":"tachyon_serverless_provider_firecracker::provider"}
{"timestamp":"2026-09-15T17:17:23.195411Z","level":"INFO","message":"invocation finished","invocation_id":"inv_01m2k15d6etwtfgtv1p2h8e81h","status":"succeeded","handler_ms":1062,"environment_boot_ms":2818,"runtime_init_ms":273,"target":"tachyon_serverless_application::services::invoke"}
{"timestamp":"2026-09-15T17:17:23.327957Z","level":"INFO","message":"environment terminated","env_id":"env_01m2k15d6mvtx2q56131t7241w","reason":"Completed","was_running":true,"target":"tachyon_serverless_provider_firecracker::provider"}
{"timestamp":"2026-09-15T17:17:23.594483Z","level":"INFO","message":"revision ready","revision_id":"rev_01m2k15hngm15c341r6x7jszgv","function_id":"fn_01m2jj7jcdf0j2q2nbr7dvwnzz","target":"tachyon_serverless_application::services::revision"}
{"timestamp":"2026-09-15T17:17:23.922705Z","level":"INFO","message":"firecracker spawned","env_id":"env_01m2k15hygpf1574mbr3d3p3bj","pid":14775,"instance_id":"env-01m2k15hygpf1574mbr3d3p3bj","target":"tachyon_serverless_provider_firecracker::provider"}
{"timestamp":"2026-09-15T17:17:23.980062Z","level":"INFO","message":"InstanceStart accepted","env_id":"env_01m2k15hygpf1574mbr3d3p3bj","vcpus":1,"mem_mib":256,"target":"tachyon_serverless_provider_firecracker::provider"}
{"timestamp":"2026-09-15T17:17:32.977682Z","level":"INFO","message":"invocation finished","invocation_id":"inv_01m2k15hybyprzyj50hy8fwyqf","status":"failed","handler_ms":2001,"environment_boot_ms":4603,"runtime_init_ms":1271,"target":"tachyon_serverless_application::services::invoke"}
{"timestamp":"2026-09-15T17:17:33.077341Z","level":"INFO","message":"environment terminated","env_id":"env_01m2k15hygpf1574mbr3d3p3bj","reason":"Timeout","was_running":true,"target":"tachyon_serverless_provider_firecracker::provider"}
{"timestamp":"2026-09-15T17:17:35.521548Z","level":"INFO","message":"revision ready","revision_id":"rev_01m2k15xac68cbwahdzycn80j2","function_id":"fn_01m2jj7jafhtqbw7be5fhrmyr3","target":"tachyon_serverless_application::services::revision"}
{"timestamp":"2026-09-15T17:17:35.818834Z","level":"INFO","message":"firecracker spawned","env_id":"env_01m2k15xkay9epfcf00bhhmv35","pid":14917,"instance_id":"env-01m2k15xkay9epfcf00bhhmv35","target":"tachyon_serverless_provider_firecracker::provider"}
{"timestamp":"2026-09-15T17:17:35.906621Z","level":"INFO","message":"InstanceStart accepted","env_id":"env_01m2k15xkay9epfcf00bhhmv35","vcpus":1,"mem_mib":256,"target":"tachyon_serverless_provider_firecracker::provider"}
{"timestamp":"2026-09-15T17:17:39.099311Z","level":"INFO","message":"invocation finished","invocation_id":"inv_01m2k15xk5vgezqkk0ayknkdx9","status":"succeeded","handler_ms":64,"environment_boot_ms":3025,"runtime_init_ms":289,"target":"tachyon_serverless_application::services::invoke"}
{"timestamp":"2026-09-15T17:17:39.214992Z","level":"INFO","message":"environment terminated","env_id":"env_01m2k15xkay9epfcf00bhhmv35","reason":"Completed","was_running":true,"target":"tachyon_serverless_provider_firecracker::provider"}
{"timestamp":"2026-09-15T17:17:39.360681Z","level":"INFO","message":"firecracker spawned","env_id":"env_01m2k1611z7kg2qh34tgrs9419","pid":14952,"instance_id":"env-01m2k1611z7kg2qh34tgrs9419","target":"tachyon_serverless_provider_firecracker::provider"}
{"timestamp":"2026-09-15T17:17:39.391624Z","level":"INFO","message":"InstanceStart accepted","env_id":"env_01m2k1611z7kg2qh34tgrs9419","vcpus":1,"mem_mib":256,"target":"tachyon_serverless_provider_firecracker::provider"}
{"timestamp":"2026-09-15T17:17:42.556416Z","level":"INFO","message":"invocation finished","invocation_id":"inv_01m2k1611sxqtem3z4k3b72020","status":"succeeded","handler_ms":69,"environment_boot_ms":2777,"runtime_init_ms":327,"target":"tachyon_serverless_application::services::invoke"}
{"timestamp":"2026-09-15T17:17:42.666102Z","level":"INFO","message":"environment terminated","env_id":"env_01m2k1611z7kg2qh34tgrs9419","reason":"Completed","was_running":true,"target":"tachyon_serverless_provider_firecracker::provider"}
{"timestamp":"2026-09-15T17:17:42.839277Z","level":"INFO","message":"environment terminated","env_id":"env_01m2k164enkr3npvbeqxt1mbb3","reason":"Cancelled","was_running":false,"target":"tachyon_serverless_provider_firecracker::provider"}
{"timestamp":"2026-09-15T17:17:42.839334Z","level":"INFO","message":"invocation failed","invocation_id":"inv_01m2k164eeg3mxsg1wgtmwzdy3","class":"cancelled","error_type":"Host.Cancelled","target":"tachyon_serverless_application::services::invoke"}
{"timestamp":"2026-09-15T17:17:43.078394Z","level":"INFO","message":"SIGTERM received","target":"tachyon_serverless_gateway"}
{"timestamp":"2026-09-15T17:17:43.078444Z","level":"INFO","message":"shutdown requested; cancelling in-flight invocations","target":"tachyon_serverless_gateway"}
{"timestamp":"2026-09-15T17:17:43.086999Z","level":"INFO","message":"gateway stopped","target":"tachyon_serverless_gateway"}
