
===== a start (failpoints: none) 10:57:29 =====
{"timestamp":"2026-09-17T10:57:29.777193Z","level":"INFO","message":"configuration loaded","config":"/private/var/folders/z7/khzdjrt95cg_fcmcnh4j1b5h0000gn/T/tsls-chaos.DdmJlF/gw-a.toml","target":"tachyon_serverless_gateway"}
{"timestamp":"2026-09-17T10:57:29.780965Z","level":"INFO","message":"connected successfully","server":"59718","max_payload":"1048576","target":"async_nats::connector"}
{"timestamp":"2026-09-17T10:57:29.781226Z","level":"INFO","message":"event: connected","target":"async_nats"}
{"timestamp":"2026-09-17T10:57:29.806222Z","level":"INFO","message":"JetStream queue connected and stream bootstrapped","url":"nats://127.0.0.1:59718","stream":"TACHYON_EVENTS","target":"tachyon_serverless_gateway::durable"}
{"timestamp":"2026-09-17T10:57:29.823215Z","level":"INFO","message":"state store opened","path":"/private/var/folders/z7/khzdjrt95cg_fcmcnh4j1b5h0000gn/T/tsls-chaos.DdmJlF/data/state.db","schema_version":8,"migrations_applied":"[1, 2, 3, 4, 5, 6, 7, 8]","imported_state_json":"None","settled_invocations":0,"settled_attempts":0,"settled_environments":0,"released_leases":0,"dropped_idempotency_keys":0,"purged_idempotency_keys":0,"outputs_purged":0,"target":"tachyon_serverless_application::app"}
{"timestamp":"2026-09-17T10:57:29.823790Z","level":"INFO","message":"dispatcher registered","dispatcher_id":"dsp_01m2qg7c6zg70sdz2cpwh9x89s","instance":"chaos-a","pid":73363,"lease_ttl_seconds":6,"target":"tachyon_serverless_application::services::dispatcher"}
{"timestamp":"2026-09-17T10:57:29.829454Z","level":"INFO","message":"application bootstrapped","profile":"dev","provider":"process","dev_only":true,"environment_reuse":false,"reuse_verified":false,"reuse_reason":"[pool] enabled is false","reuse_disabled":"Some(Configuration)","idle_quiesce":"unsupported","idle_resume":"unsupported","data_dir":"/private/var/folders/z7/khzdjrt95cg_fcmcnh4j1b5h0000gn/T/tsls-chaos.DdmJlF/data","store":"sqlite","dispatcher_id":"dsp_01m2qg7c6zg70sdz2cpwh9x89s","node":"local","node_region":"none","node_memory_mib":"None","max_concurrency":8,"queue":"nats","objects":"filesystem","invoke_async":true,"triggers":true,"target":"tachyon_serverless_application::app"}
{"timestamp":"2026-09-17T10:57:29.829848Z","level":"INFO","message":"startup reconcile finished","provider":"process","found":0,"adopted":0,"terminated":0,"disowned":0,"failed":0,"lost":0,"foreign":0,"reclaimed_dispatchers":0,"fenced_terminated":0,"fenced_pending":0,"target":"tachyon_serverless_application::services::reconcile"}
{"timestamp":"2026-09-17T10:57:29.829967Z","level":"INFO","message":"gateway listening","addr":"127.0.0.1:59722","profile":"dev","provider":"process","target":"tachyon_serverless_gateway"}
{"timestamp":"2026-09-17T10:57:29.832462Z","level":"INFO","message":"asynchronous dispatcher started","workers":2,"owner":"dsp_01m2qg7c6zg70sdz2cpwh9x89s","target":"tachyon_serverless_gateway"}
{"timestamp":"2026-09-17T10:57:32.898817Z","level":"INFO","message":"revision ready","revision_id":"rev_01m2qg7e6hzvpnahs1z4bh3r34","function_id":"fn_01m2qg7ch4c99qfeawwa4d0fmt","target":"tachyon_serverless_application::services::revision"}
{"timestamp":"2026-09-17T10:57:35.255512Z","level":"INFO","message":"revision ready","revision_id":"rev_01m2qg7gw17a1q6syj2a7wsnja","function_id":"fn_01m2qg7fgghy7g0786dsn349b6","target":"tachyon_serverless_application::services::revision"}
{"timestamp":"2026-09-17T10:57:37.483849Z","level":"INFO","message":"revision ready","revision_id":"rev_01m2qg7jznhyyae8q9sfkqcckg","function_id":"fn_01m2qg7hshpc4hhnqpvd3e8t3d","target":"tachyon_serverless_application::services::revision"}
{"timestamp":"2026-09-17T10:57:37.765436Z","level":"INFO","message":"trigger created","trigger_id":"trg_01m2qg7kz45g76k85zjyqmw7tx","function_id":"fn_01m2qg7fgghy7g0786dsn349b6","kind":"cron","enabled":true,"next_fire_at":"Some(2026-09-17T10:57:38Z)","target":"tachyon_serverless_application::services::triggers"}
{"timestamp":"2026-09-17T10:57:37.810898Z","level":"INFO","message":"trigger created","trigger_id":"trg_01m2qg7m0jm58160vd10rakcnf","function_id":"fn_01m2qg7fgghy7g0786dsn349b6","kind":"webhook","enabled":true,"next_fire_at":"None","target":"tachyon_serverless_application::services::triggers"}
{"timestamp":"2026-09-17T10:57:38.005539Z","level":"INFO","message":"asynchronous invocation accepted","invocation_id":"inv_01m2qg7m6km3bk376kpcs8eq0w","tenant_id":"tn_01hzzzzzzzzzzzzzzzzzzzzzza","revision_id":"rev_01m2qg7gw17a1q6syj2a7wsnja","input_bytes":180,"input_storage":"inline","target":"tachyon_serverless_application::services::invoke_async"}
{"timestamp":"2026-09-17T10:57:38.005615Z","level":"INFO","message":"cron trigger fired","trigger_id":"trg_01m2qg7kz45g76k85zjyqmw7tx","scheduled_at":"2026-09-17T10:57:38Z","invocation_id":"inv_01m2qg7m6km3bk376kpcs8eq0w","revision_id":"rev_01m2qg7gw17a1q6syj2a7wsnja","replayed":false,"target":"tachyon_serverless_application::services::triggers"}
{"timestamp":"2026-09-17T10:57:38.027700Z","level":"INFO","message":"asynchronous run claimed","invocation_id":"inv_01m2qg7m6km3bk376kpcs8eq0w","attempt":1,"generation":0,"delivery_count":1,"target":"tachyon_serverless_application::services::invoke_async::dispatch"}
{"timestamp":"2026-09-17T10:57:38.485984Z","level":"INFO","message":"bridge spawned","environment_id":"env_01m2qg7m31qz01tebws7tdjm31","pid":73811,"target":"tachyon_serverless_provider_process"}
{"timestamp":"2026-09-17T10:57:38.593056Z","level":"INFO","message":"bridge spawned","environment_id":"env_01m2qg7m7c5whexfsa6451pqwv","pid":73813,"target":"tachyon_serverless_provider_process"}
{"timestamp":"2026-09-17T10:57:38.897834Z","level":"INFO","message":"invocation finished","invocation_id":"inv_01m2qg7m307dnz9twz0146405r","status":"succeeded","handler_ms":2,"environment_boot_ms":13,"runtime_init_ms":393,"target":"tachyon_serverless_application::services::invoke"}
{"timestamp":"2026-09-17T10:57:38.900067Z","level":"INFO","message":"terminating bridge","environment_id":"env_01m2qg7m31qz01tebws7tdjm31","pid":73811,"reason":"Completed","graceful":true,"target":"tachyon_serverless_provider_process"}
{"timestamp":"2026-09-17T10:57:38.919028Z","level":"INFO","message":"invocation finished","invocation_id":"inv_01m2qg7m6km3bk376kpcs8eq0w","status":"succeeded (async run)","handler_ms":2,"environment_boot_ms":13,"runtime_init_ms":295,"target":"tachyon_serverless_application::services::invoke"}
{"timestamp":"2026-09-17T10:57:38.922351Z","level":"INFO","message":"terminating bridge","environment_id":"env_01m2qg7m7c5whexfsa6451pqwv","pid":73813,"reason":"Completed","graceful":true,"target":"tachyon_serverless_provider_process"}
{"timestamp":"2026-09-17T10:57:38.934419Z","level":"INFO","message":"asynchronous invocation settled","invocation_id":"inv_01m2qg7m6km3bk376kpcs8eq0w","status":"succeeded","target":"tachyon_serverless_application::services::invoke_async::dispatch"}
{"timestamp":"2026-09-17T10:57:38.950161Z","level":"INFO","message":"async dispatch: delivery handled","message_id":"inv_01m2qg7m6km3bk376kpcs8eq0w","sequence":1,"delivery_count":1,"outcome":"Completed { status: \"succeeded\" }","target":"tachyon_serverless_application::services::invoke_async::dispatch"}
{"timestamp":"2026-09-17T10:57:39.131945Z","level":"INFO","message":"asynchronous invocation accepted","invocation_id":"inv_01m2qg7n9t8efp80st68rf4ya2","tenant_id":"tn_01hzzzzzzzzzzzzzzzzzzzzzza","revision_id":"rev_01m2qg7e6hzvpnahs1z4bh3r34","input_bytes":47,"input_storage":"inline","target":"tachyon_serverless_application::services::invoke_async"}
{"timestamp":"2026-09-17T10:57:39.150238Z","level":"INFO","message":"asynchronous run claimed","invocation_id":"inv_01m2qg7n9t8efp80st68rf4ya2","attempt":1,"generation":0,"delivery_count":1,"target":"tachyon_serverless_application::services::invoke_async::dispatch"}
{"timestamp":"2026-09-17T10:57:39.416131Z","level":"INFO","message":"asynchronous invocation accepted","invocation_id":"inv_01m2qg7nj3v8bb2zcprxc8rgse","tenant_id":"tn_01hzzzzzzzzzzzzzzzzzzzzzza","revision_id":"rev_01m2qg7e6hzvpnahs1z4bh3r34","input_bytes":4127,"input_storage":"object","target":"tachyon_serverless_application::services::invoke_async"}
{"timestamp":"2026-09-17T10:57:39.429068Z","level":"INFO","message":"asynchronous run claimed","invocation_id":"inv_01m2qg7nj3v8bb2zcprxc8rgse","attempt":1,"generation":0,"delivery_count":1,"target":"tachyon_serverless_application::services::invoke_async::dispatch"}
{"timestamp":"2026-09-17T10:57:39.542387Z","level":"INFO","message":"asynchronous invocation accepted","invocation_id":"inv_01m2qg7npmcat2wbm8agfh9g8q","tenant_id":"tn_01hzzzzzzzzzzzzzzzzzzzzzza","revision_id":"rev_01m2qg7gw17a1q6syj2a7wsnja","input_bytes":189,"input_storage":"inline","target":"tachyon_serverless_application::services::invoke_async"}
{"timestamp":"2026-09-17T10:57:39.542498Z","level":"INFO","message":"webhook trigger fired","trigger_id":"trg_01m2qg7m0jm58160vd10rakcnf","event_id":"evt-pre-w1","invocation_id":"inv_01m2qg7npmcat2wbm8agfh9g8q","revision_id":"rev_01m2qg7gw17a1q6syj2a7wsnja","replayed":false,"target":"tachyon_serverless_application::services::triggers"}
{"timestamp":"2026-09-17T10:57:39.790829Z","level":"INFO","message":"bridge spawned","environment_id":"env_01m2qg7nafqf5n0bb2jx5cbdcj","pid":73900,"target":"tachyon_serverless_provider_process"}
{"timestamp":"2026-09-17T10:57:40.005463Z","level":"INFO","message":"asynchronous invocation accepted","invocation_id":"inv_01m2qg7p54q70hmvnrvh609mm3","tenant_id":"tn_01hzzzzzzzzzzzzzzzzzzzzzza","revision_id":"rev_01m2qg7gw17a1q6syj2a7wsnja","input_bytes":180,"input_storage":"inline","target":"tachyon_serverless_application::services::invoke_async"}
{"timestamp":"2026-09-17T10:57:40.005574Z","level":"INFO","message":"cron trigger fired","trigger_id":"trg_01m2qg7kz45g76k85zjyqmw7tx","scheduled_at":"2026-09-17T10:57:40Z","invocation_id":"inv_01m2qg7p54q70hmvnrvh609mm3","revision_id":"rev_01m2qg7gw17a1q6syj2a7wsnja","replayed":false,"target":"tachyon_serverless_application::services::triggers"}
{"timestamp":"2026-09-17T10:57:40.018608Z","level":"INFO","message":"bridge spawned","environment_id":"env_01m2qg7nk9nmebsy6knydk3qqp","pid":73903,"target":"tachyon_serverless_provider_process"}
{"timestamp":"2026-09-17T10:57:40.072767Z","level":"INFO","message":"bridge spawned","environment_id":"env_01m2qg7ns1qkb1b7ypf1x8wwh5","pid":73906,"target":"tachyon_serverless_provider_process"}
{"timestamp":"2026-09-17T10:57:40.147801Z","level":"INFO","message":"invocation finished","invocation_id":"inv_01m2qg7nrz62jfxm0y7wpank4z","status":"succeeded","handler_ms":1,"environment_boot_ms":29,"runtime_init_ms":43,"target":"tachyon_serverless_application::services::invoke"}
{"timestamp":"2026-09-17T10:57:40.150319Z","level":"INFO","message":"terminating bridge","environment_id":"env_01m2qg7ns1qkb1b7ypf1x8wwh5","pid":73906,"reason":"Completed","graceful":true,"target":"tachyon_serverless_provider_process"}
{"timestamp":"2026-09-17T10:57:40.407254Z","level":"INFO","message":"invocation finished","invocation_id":"inv_01m2qg7n9t8efp80st68rf4ya2","status":"succeeded (async run)","handler_ms":4,"environment_boot_ms":28,"runtime_init_ms":584,"target":"tachyon_serverless_application::services::invoke"}
{"timestamp":"2026-09-17T10:57:40.408697Z","level":"INFO","message":"invocation finished","invocation_id":"inv_01m2qg7nj3v8bb2zcprxc8rgse","status":"succeeded (async run)","handler_ms":2,"environment_boot_ms":14,"runtime_init_ms":372,"target":"tachyon_serverless_application::services::invoke"}
{"timestamp":"2026-09-17T10:57:40.409384Z","level":"INFO","message":"terminating bridge","environment_id":"env_01m2qg7nafqf5n0bb2jx5cbdcj","pid":73900,"reason":"Completed","graceful":true,"target":"tachyon_serverless_provider_process"}
{"timestamp":"2026-09-17T10:57:40.410199Z","level":"INFO","message":"asynchronous invocation accepted","invocation_id":"inv_01m2qg7phr4e5dt1kn1z5j8v1b","tenant_id":"tn_01hzzzzzzzzzzzzzzzzzzzzzza","revision_id":"rev_01m2qg7e6hzvpnahs1z4bh3r34","input_bytes":47,"input_storage":"inline","target":"tachyon_serverless_application::services::invoke_async"}
{"timestamp":"2026-09-17T10:57:40.410758Z","level":"INFO","message":"terminating bridge","environment_id":"env_01m2qg7nk9nmebsy6knydk3qqp","pid":73903,"reason":"Completed","graceful":true,"target":"tachyon_serverless_provider_process"}
{"timestamp":"2026-09-17T10:57:40.424578Z","level":"INFO","message":"asynchronous invocation settled","invocation_id":"inv_01m2qg7n9t8efp80st68rf4ya2","status":"succeeded","target":"tachyon_serverless_application::services::invoke_async::dispatch"}
{"timestamp":"2026-09-17T10:57:40.430591Z","level":"INFO","message":"asynchronous invocation settled","invocation_id":"inv_01m2qg7nj3v8bb2zcprxc8rgse","status":"succeeded","target":"tachyon_serverless_application::services::invoke_async::dispatch"}
{"timestamp":"2026-09-17T10:57:40.430758Z","level":"INFO","message":"async dispatch: delivery handled","message_id":"inv_01m2qg7n9t8efp80st68rf4ya2","sequence":2,"delivery_count":1,"outcome":"Completed { status: \"succeeded\" }","target":"tachyon_serverless_application::services::invoke_async::dispatch"}
{"timestamp":"2026-09-17T10:57:40.435597Z","level":"INFO","message":"async dispatch: delivery handled","message_id":"inv_01m2qg7nj3v8bb2zcprxc8rgse","sequence":3,"delivery_count":1,"outcome":"Completed { status: \"succeeded\" }","target":"tachyon_serverless_application::services::invoke_async::dispatch"}
{"timestamp":"2026-09-17T10:57:40.441310Z","level":"INFO","message":"asynchronous run claimed","invocation_id":"inv_01m2qg7npmcat2wbm8agfh9g8q","attempt":1,"generation":0,"delivery_count":1,"target":"tachyon_serverless_application::services::invoke_async::dispatch"}
{"timestamp":"2026-09-17T10:57:40.441720Z","level":"INFO","message":"asynchronous run claimed","invocation_id":"inv_01m2qg7p54q70hmvnrvh609mm3","attempt":1,"generation":0,"delivery_count":1,"target":"tachyon_serverless_application::services::invoke_async::dispatch"}
{"timestamp":"2026-09-17T10:57:40.586676Z","level":"INFO","message":"asynchronous invocation accepted","invocation_id":"inv_01m2qg7pprt1ycqqm4ysbg3q4b","tenant_id":"tn_01hzzzzzzzzzzzzzzzzzzzzzza","revision_id":"rev_01m2qg7e6hzvpnahs1z4bh3r34","input_bytes":4127,"input_storage":"object","target":"tachyon_serverless_application::services::invoke_async"}
{"timestamp":"2026-09-17T10:57:40.899682Z","level":"INFO","message":"bridge spawned","environment_id":"env_01m2qg7pjtn5dw4feme0vf64dr","pid":73971,"target":"tachyon_serverless_provider_process"}
{"timestamp":"2026-09-17T10:57:40.901054Z","level":"INFO","message":"asynchronous invocation accepted","invocation_id":"inv_01m2qg7q132m3501ze1dat6f2c","tenant_id":"tn_01hzzzzzzzzzzzzzzzzzzzzzza","revision_id":"rev_01m2qg7gw17a1q6syj2a7wsnja","input_bytes":189,"input_storage":"inline","target":"tachyon_serverless_application::services::invoke_async"}
{"timestamp":"2026-09-17T10:57:40.901162Z","level":"INFO","message":"webhook trigger fired","trigger_id":"trg_01m2qg7m0jm58160vd10rakcnf","event_id":"evt-pre-w2","invocation_id":"inv_01m2qg7q132m3501ze1dat6f2c","revision_id":"rev_01m2qg7gw17a1q6syj2a7wsnja","replayed":false,"target":"tachyon_serverless_application::services::triggers"}
{"timestamp":"2026-09-17T10:57:40.911307Z","level":"INFO","message":"bridge spawned","environment_id":"env_01m2qg7pjvppxsey3k1x53ndwg","pid":73974,"target":"tachyon_serverless_provider_process"}
{"timestamp":"2026-09-17T10:57:40.934501Z","level":"INFO","message":"invocation finished","invocation_id":"inv_01m2qg7p54q70hmvnrvh609mm3","status":"succeeded (async run)","handler_ms":2,"environment_boot_ms":15,"runtime_init_ms":16,"target":"tachyon_serverless_application::services::invoke"}
{"timestamp":"2026-09-17T10:57:40.936806Z","level":"INFO","message":"terminating bridge","environment_id":"env_01m2qg7pjtn5dw4feme0vf64dr","pid":73971,"reason":"Completed","graceful":true,"target":"tachyon_serverless_provider_process"}
{"timestamp":"2026-09-17T10:57:40.947625Z","level":"INFO","message":"asynchronous invocation settled","invocation_id":"inv_01m2qg7p54q70hmvnrvh609mm3","status":"succeeded","target":"tachyon_serverless_application::services::invoke_async::dispatch"}
{"timestamp":"2026-09-17T10:57:40.954464Z","level":"INFO","message":"invocation finished","invocation_id":"inv_01m2qg7npmcat2wbm8agfh9g8q","status":"succeeded (async run)","handler_ms":4,"environment_boot_ms":18,"runtime_init_ms":16,"target":"tachyon_serverless_application::services::invoke"}
{"timestamp":"2026-09-17T10:57:40.958099Z","level":"INFO","message":"async dispatch: delivery handled","message_id":"inv_01m2qg7p54q70hmvnrvh609mm3","sequence":5,"delivery_count":1,"outcome":"Completed { status: \"succeeded\" }","target":"tachyon_serverless_application::services::invoke_async::dispatch"}
{"timestamp":"2026-09-17T10:57:40.958743Z","level":"INFO","message":"terminating bridge","environment_id":"env_01m2qg7pjvppxsey3k1x53ndwg","pid":73974,"reason":"Completed","graceful":true,"target":"tachyon_serverless_provider_process"}
{"timestamp":"2026-09-17T10:57:40.960199Z","level":"INFO","message":"asynchronous run claimed","invocation_id":"inv_01m2qg7phr4e5dt1kn1z5j8v1b","attempt":1,"generation":0,"delivery_count":1,"target":"tachyon_serverless_application::services::invoke_async::dispatch"}
{"timestamp":"2026-09-17T10:57:40.968774Z","level":"INFO","message":"asynchronous invocation settled","invocation_id":"inv_01m2qg7npmcat2wbm8agfh9g8q","status":"succeeded","target":"tachyon_serverless_application::services::invoke_async::dispatch"}
{"timestamp":"2026-09-17T10:57:40.976104Z","level":"INFO","message":"async dispatch: delivery handled","message_id":"inv_01m2qg7npmcat2wbm8agfh9g8q","sequence":4,"delivery_count":1,"outcome":"Completed { status: \"succeeded\" }","target":"tachyon_serverless_application::services::invoke_async::dispatch"}
{"timestamp":"2026-09-17T10:57:40.978112Z","level":"INFO","message":"asynchronous run claimed","invocation_id":"inv_01m2qg7pprt1ycqqm4ysbg3q4b","attempt":1,"generation":0,"delivery_count":1,"target":"tachyon_serverless_application::services::invoke_async::dispatch"}
{"timestamp":"2026-09-17T10:57:40.989753Z","level":"INFO","message":"trigger updated","trigger_id":"trg_01m2qg7kz45g76k85zjyqmw7tx","generation":2,"status":"disabled","next_fire_at":"None","rotated_secret":false,"target":"tachyon_serverless_application::services::triggers"}
{"timestamp":"2026-09-17T10:57:41.399093Z","level":"INFO","message":"bridge spawned","environment_id":"env_01m2qg7q30pvch0s7kgn4cm32s","pid":73989,"target":"tachyon_serverless_provider_process"}
{"timestamp":"2026-09-17T10:57:41.404816Z","level":"INFO","message":"bridge spawned","environment_id":"env_01m2qg7q3pbtav7zbr16x75ekx","pid":73990,"target":"tachyon_serverless_provider_process"}
{"timestamp":"2026-09-17T10:57:41.462821Z","level":"INFO","message":"invocation finished","invocation_id":"inv_01m2qg7pprt1ycqqm4ysbg3q4b","status":"succeeded (async run)","handler_ms":10,"environment_boot_ms":21,"runtime_init_ms":24,"target":"tachyon_serverless_application::services::invoke"}
{"timestamp":"2026-09-17T10:57:41.463584Z","level":"INFO","message":"terminating bridge","environment_id":"env_01m2qg7q3pbtav7zbr16x75ekx","pid":73990,"reason":"Completed","graceful":true,"target":"tachyon_serverless_provider_process"}
{"timestamp":"2026-09-17T10:57:41.464159Z","level":"INFO","message":"invocation finished","invocation_id":"inv_01m2qg7phr4e5dt1kn1z5j8v1b","status":"succeeded (async run)","handler_ms":11,"environment_boot_ms":31,"runtime_init_ms":28,"target":"tachyon_serverless_application::services::invoke"}
{"timestamp":"2026-09-17T10:57:41.468093Z","level":"INFO","message":"terminating bridge","environment_id":"env_01m2qg7q30pvch0s7kgn4cm32s","pid":73989,"reason":"Completed","graceful":true,"target":"tachyon_serverless_provider_process"}
{"timestamp":"2026-09-17T10:57:41.480088Z","level":"INFO","message":"asynchronous invocation settled","invocation_id":"inv_01m2qg7pprt1ycqqm4ysbg3q4b","status":"succeeded","target":"tachyon_serverless_application::services::invoke_async::dispatch"}
{"timestamp":"2026-09-17T10:57:41.497209Z","level":"INFO","message":"asynchronous invocation settled","invocation_id":"inv_01m2qg7phr4e5dt1kn1z5j8v1b","status":"succeeded","target":"tachyon_serverless_application::services::invoke_async::dispatch"}
{"timestamp":"2026-09-17T10:57:41.497566Z","level":"INFO","message":"async dispatch: delivery handled","message_id":"inv_01m2qg7pprt1ycqqm4ysbg3q4b","sequence":7,"delivery_count":1,"outcome":"Completed { status: \"succeeded\" }","target":"tachyon_serverless_application::services::invoke_async::dispatch"}
{"timestamp":"2026-09-17T10:57:41.505135Z","level":"INFO","message":"asynchronous run claimed","invocation_id":"inv_01m2qg7q132m3501ze1dat6f2c","attempt":1,"generation":0,"delivery_count":1,"target":"tachyon_serverless_application::services::invoke_async::dispatch"}
{"timestamp":"2026-09-17T10:57:41.509752Z","level":"INFO","message":"async dispatch: delivery handled","message_id":"inv_01m2qg7phr4e5dt1kn1z5j8v1b","sequence":6,"delivery_count":1,"outcome":"Completed { status: \"succeeded\" }","target":"tachyon_serverless_application::services::invoke_async::dispatch"}
{"timestamp":"2026-09-17T10:57:41.975103Z","level":"INFO","message":"bridge spawned","environment_id":"env_01m2qg7qm17tv1kymd6vnf37cg","pid":73993,"target":"tachyon_serverless_provider_process"}
{"timestamp":"2026-09-17T10:57:42.026911Z","level":"INFO","message":"invocation finished","invocation_id":"inv_01m2qg7q132m3501ze1dat6f2c","status":"succeeded (async run)","handler_ms":4,"environment_boot_ms":11,"runtime_init_ms":35,"target":"tachyon_serverless_application::services::invoke"}
{"timestamp":"2026-09-17T10:57:42.029854Z","level":"INFO","message":"terminating bridge","environment_id":"env_01m2qg7qm17tv1kymd6vnf37cg","pid":73993,"reason":"Completed","graceful":true,"target":"tachyon_serverless_provider_process"}
{"timestamp":"2026-09-17T10:57:42.043973Z","level":"INFO","message":"asynchronous invocation settled","invocation_id":"inv_01m2qg7q132m3501ze1dat6f2c","status":"succeeded","target":"tachyon_serverless_application::services::invoke_async::dispatch"}
{"timestamp":"2026-09-17T10:57:42.051031Z","level":"INFO","message":"async dispatch: delivery handled","message_id":"inv_01m2qg7q132m3501ze1dat6f2c","sequence":8,"delivery_count":1,"outcome":"Completed { status: \"succeeded\" }","target":"tachyon_serverless_application::services::invoke_async::dispatch"}
{"timestamp":"2026-09-17T10:57:42.105848Z","level":"INFO","message":"SIGTERM received","target":"tachyon_serverless_gateway"}
{"timestamp":"2026-09-17T10:57:42.105963Z","level":"INFO","message":"shutdown requested; cancelling in-flight invocations","target":"tachyon_serverless_gateway"}
{"timestamp":"2026-09-17T10:57:42.112562Z","level":"INFO","message":"final usage collection","report":"CollectReport { batches: 1, read: 5, inserted: 5, duplicates: 0, cursor_seq: 50 }","target":"tachyon_serverless_gateway"}
{"timestamp":"2026-09-17T10:57:42.114528Z","level":"INFO","message":"gateway stopped","target":"tachyon_serverless_gateway"}
{"timestamp":"2026-09-17T10:57:42.114873Z","level":"INFO","message":"event: closed","target":"async_nats"}

===== a start (failpoints: dispatch.before_commit=kill) 10:57:42 =====
{"timestamp":"2026-09-17T10:57:42.336518Z","level":"INFO","message":"configuration loaded","config":"/private/var/folders/z7/khzdjrt95cg_fcmcnh4j1b5h0000gn/T/tsls-chaos.DdmJlF/gw-a.toml","target":"tachyon_serverless_gateway"}
{"timestamp":"2026-09-17T10:57:42.345214Z","level":"INFO","message":"connected successfully","server":"59718","max_payload":"1048576","target":"async_nats::connector"}
{"timestamp":"2026-09-17T10:57:42.347591Z","level":"INFO","message":"event: connected","target":"async_nats"}
{"timestamp":"2026-09-17T10:57:42.391659Z","level":"INFO","message":"JetStream queue connected and stream bootstrapped","url":"nats://127.0.0.1:59718","stream":"TACHYON_EVENTS","target":"tachyon_serverless_gateway::durable"}
{"timestamp":"2026-09-17T10:57:42.395857Z","level":"INFO","message":"state store opened","path":"/private/var/folders/z7/khzdjrt95cg_fcmcnh4j1b5h0000gn/T/tsls-chaos.DdmJlF/data/state.db","schema_version":8,"migrations_applied":"[]","imported_state_json":"None","settled_invocations":0,"settled_attempts":0,"settled_environments":0,"released_leases":0,"dropped_idempotency_keys":0,"purged_idempotency_keys":0,"outputs_purged":0,"target":"tachyon_serverless_application::app"}
{"timestamp":"2026-09-17T10:57:42.397000Z","level":"INFO","message":"dispatcher registered","dispatcher_id":"dsp_01m2qg7rfw736pandwqf22kp9b","instance":"chaos-a","pid":74009,"lease_ttl_seconds":6,"target":"tachyon_serverless_application::services::dispatcher"}
{"timestamp":"2026-09-17T10:57:42.398717Z","level":"WARN","message":"reclaimed the work of dispatchers that lost their lease","dispatcher_id":"dsp_01m2qg7rfw736pandwqf22kp9b","reclaimed_dispatchers":"[DispatcherId(dsp_01m2qg7c6zg70sdz2cpwh9x89s)]","leases":0,"invocations":0,"attempts":0,"fenced":0,"target":"tachyon_serverless_application::services::dispatcher"}
{"timestamp":"2026-09-17T10:57:42.401258Z","level":"WARN","message":"failpoint armed from TSLS_FAILPOINTS","name":"dispatch.before_commit","action":"Kill","count":"None","target":"tachyon_serverless_application::failpoints"}
{"timestamp":"2026-09-17T10:57:42.401441Z","level":"INFO","message":"application bootstrapped","profile":"dev","provider":"process","dev_only":true,"environment_reuse":false,"reuse_verified":false,"reuse_reason":"[pool] enabled is false","reuse_disabled":"Some(Configuration)","idle_quiesce":"unsupported","idle_resume":"unsupported","data_dir":"/private/var/folders/z7/khzdjrt95cg_fcmcnh4j1b5h0000gn/T/tsls-chaos.DdmJlF/data","store":"sqlite","dispatcher_id":"dsp_01m2qg7rfw736pandwqf22kp9b","node":"local","node_region":"none","node_memory_mib":"None","max_concurrency":8,"queue":"nats","objects":"filesystem","invoke_async":true,"triggers":true,"target":"tachyon_serverless_application::app"}
{"timestamp":"2026-09-17T10:57:42.402139Z","level":"INFO","message":"startup reconcile finished","provider":"process","found":0,"adopted":0,"terminated":0,"disowned":0,"failed":0,"lost":0,"foreign":0,"reclaimed_dispatchers":0,"fenced_terminated":0,"fenced_pending":0,"target":"tachyon_serverless_application::services::reconcile"}
{"timestamp":"2026-09-17T10:57:42.402303Z","level":"INFO","message":"gateway listening","addr":"127.0.0.1:59722","profile":"dev","provider":"process","target":"tachyon_serverless_gateway"}
{"timestamp":"2026-09-17T10:57:42.404863Z","level":"INFO","message":"asynchronous dispatcher started","workers":2,"owner":"dsp_01m2qg7rfw736pandwqf22kp9b","target":"tachyon_serverless_gateway"}
{"timestamp":"2026-09-17T10:57:42.927799Z","level":"INFO","message":"asynchronous invocation accepted","invocation_id":"inv_01m2qg7rzn2sjjqecngjpcgk50","tenant_id":"tn_01hzzzzzzzzzzzzzzzzzzzzzza","revision_id":"rev_01m2qg7e6hzvpnahs1z4bh3r34","input_bytes":4163,"input_storage":"object","target":"tachyon_serverless_application::services::invoke_async"}
{"timestamp":"2026-09-17T10:57:42.949078Z","level":"INFO","message":"asynchronous run claimed","invocation_id":"inv_01m2qg7rzn2sjjqecngjpcgk50","attempt":1,"generation":0,"delivery_count":1,"target":"tachyon_serverless_application::services::invoke_async::dispatch"}
{"timestamp":"2026-09-17T10:57:43.614953Z","level":"INFO","message":"bridge spawned","environment_id":"env_01m2qg7s1anax6capq9nxgyhay","pid":74067,"target":"tachyon_serverless_provider_process"}
{"timestamp":"2026-09-17T10:57:43.956341Z","level":"INFO","message":"invocation finished","invocation_id":"inv_01m2qg7rzn2sjjqecngjpcgk50","status":"succeeded (async run)","handler_ms":308,"environment_boot_ms":11,"runtime_init_ms":19,"target":"tachyon_serverless_application::services::invoke"}
{"timestamp":"2026-09-17T10:57:43.958885Z","level":"INFO","message":"terminating bridge","environment_id":"env_01m2qg7s1anax6capq9nxgyhay","pid":74067,"reason":"Completed","graceful":true,"target":"tachyon_serverless_provider_process"}
{"timestamp":"2026-09-17T10:57:43.968808Z","level":"ERROR","message":"failpoint fired: SIGKILL","name":"dispatch.before_commit","target":"tachyon_serverless_application::failpoints"}

===== a start (failpoints: none) 10:57:44 =====
{"timestamp":"2026-09-17T10:57:44.815913Z","level":"INFO","message":"configuration loaded","config":"/private/var/folders/z7/khzdjrt95cg_fcmcnh4j1b5h0000gn/T/tsls-chaos.DdmJlF/gw-a.toml","target":"tachyon_serverless_gateway"}
{"timestamp":"2026-09-17T10:57:44.819446Z","level":"INFO","message":"connected successfully","server":"59718","max_payload":"1048576","target":"async_nats::connector"}
{"timestamp":"2026-09-17T10:57:44.819801Z","level":"INFO","message":"event: connected","target":"async_nats"}
{"timestamp":"2026-09-17T10:57:44.836927Z","level":"INFO","message":"JetStream queue connected and stream bootstrapped","url":"nats://127.0.0.1:59718","stream":"TACHYON_EVENTS","target":"tachyon_serverless_gateway::durable"}
{"timestamp":"2026-09-17T10:57:44.841200Z","level":"INFO","message":"state store opened","path":"/private/var/folders/z7/khzdjrt95cg_fcmcnh4j1b5h0000gn/T/tsls-chaos.DdmJlF/data/state.db","schema_version":8,"migrations_applied":"[]","imported_state_json":"None","settled_invocations":0,"settled_attempts":0,"settled_environments":0,"released_leases":0,"dropped_idempotency_keys":0,"purged_idempotency_keys":0,"outputs_purged":0,"target":"tachyon_serverless_application::app"}
{"timestamp":"2026-09-17T10:57:44.842037Z","level":"INFO","message":"dispatcher registered","dispatcher_id":"dsp_01m2qg7tw96zaq4v6tfddy5v1p","instance":"chaos-a","pid":74113,"lease_ttl_seconds":6,"target":"tachyon_serverless_application::services::dispatcher"}
{"timestamp":"2026-09-17T10:57:44.842855Z","level":"WARN","message":"reclaimed the work of dispatchers that lost their lease","dispatcher_id":"dsp_01m2qg7tw96zaq4v6tfddy5v1p","reclaimed_dispatchers":"[DispatcherId(dsp_01m2qg7rfw736pandwqf22kp9b)]","leases":0,"invocations":0,"attempts":0,"fenced":0,"target":"tachyon_serverless_application::services::dispatcher"}
{"timestamp":"2026-09-17T10:57:44.845755Z","level":"INFO","message":"application bootstrapped","profile":"dev","provider":"process","dev_only":true,"environment_reuse":false,"reuse_verified":false,"reuse_reason":"[pool] enabled is false","reuse_disabled":"Some(Configuration)","idle_quiesce":"unsupported","idle_resume":"unsupported","data_dir":"/private/var/folders/z7/khzdjrt95cg_fcmcnh4j1b5h0000gn/T/tsls-chaos.DdmJlF/data","store":"sqlite","dispatcher_id":"dsp_01m2qg7tw96zaq4v6tfddy5v1p","node":"local","node_region":"none","node_memory_mib":"None","max_concurrency":8,"queue":"nats","objects":"filesystem","invoke_async":true,"triggers":true,"target":"tachyon_serverless_application::app"}
{"timestamp":"2026-09-17T10:57:44.846482Z","level":"INFO","message":"startup reconcile finished","provider":"process","found":0,"adopted":0,"terminated":0,"disowned":0,"failed":0,"lost":0,"foreign":0,"reclaimed_dispatchers":0,"fenced_terminated":0,"fenced_pending":0,"target":"tachyon_serverless_application::services::reconcile"}
{"timestamp":"2026-09-17T10:57:44.846654Z","level":"INFO","message":"gateway listening","addr":"127.0.0.1:59722","profile":"dev","provider":"process","target":"tachyon_serverless_gateway"}
{"timestamp":"2026-09-17T10:57:44.849236Z","level":"INFO","message":"asynchronous dispatcher started","workers":2,"owner":"dsp_01m2qg7tw96zaq4v6tfddy5v1p","target":"tachyon_serverless_gateway"}
{"timestamp":"2026-09-17T10:57:46.854164Z","level":"INFO","message":"object retention pass","report":"GcReport { examined: 2, collected_expired: 0, collected_orphans: 0, kept_in_use: 0, kept_referenced: 2, incomplete_removed: 0, tombstones_purged: 0, failed: 0 }","target":"tachyon_serverless_gateway"}
{"timestamp":"2026-09-17T10:57:46.957054Z","level":"INFO","message":"async dispatch: delivery handled","message_id":"inv_01m2qg7rzn2sjjqecngjpcgk50","sequence":9,"delivery_count":2,"outcome":"Skipped(\"claimed\")","target":"tachyon_serverless_application::services::invoke_async::dispatch"}
{"timestamp":"2026-09-17T10:57:47.879865Z","level":"INFO","message":"asynchronous invocation rescheduled","invocation_id":"inv_01m2qg7rzn2sjjqecngjpcgk50","next_attempt_at":"2026-09-17T10:57:48.041344+00:00","counted":true,"error_type":"Host.AsyncRunAbandoned","target":"tachyon_serverless_application::services::invoke_async::dispatch"}
{"timestamp":"2026-09-17T10:57:47.879971Z","level":"INFO","message":"async reaper pass","report":"ReapReport { examined: 1, abandoned: 1, republished: 0, dead_lettered: 0, lost: 0, failed: 0 }","target":"tachyon_serverless_application::services::invoke_async::dispatch"}
{"timestamp":"2026-09-17T10:57:48.107392Z","level":"INFO","message":"asynchronous run claimed","invocation_id":"inv_01m2qg7rzn2sjjqecngjpcgk50","attempt":2,"generation":1,"delivery_count":1,"target":"tachyon_serverless_application::services::invoke_async::dispatch"}
{"timestamp":"2026-09-17T10:57:48.529090Z","level":"INFO","message":"bridge spawned","environment_id":"env_01m2qg7y2qc8j5zhftbgm7sg0q","pid":74270,"target":"tachyon_serverless_provider_process"}
{"timestamp":"2026-09-17T10:57:48.853957Z","level":"INFO","message":"object retention pass","report":"GcReport { examined: 2, collected_expired: 0, collected_orphans: 0, kept_in_use: 0, kept_referenced: 2, incomplete_removed: 0, tombstones_purged: 0, failed: 0 }","target":"tachyon_serverless_gateway"}
{"timestamp":"2026-09-17T10:57:48.864678Z","level":"INFO","message":"invocation finished","invocation_id":"inv_01m2qg7rzn2sjjqecngjpcgk50","status":"succeeded (async run)","handler_ms":304,"environment_boot_ms":12,"runtime_init_ms":15,"target":"tachyon_serverless_application::services::invoke"}
{"timestamp":"2026-09-17T10:57:48.866815Z","level":"INFO","message":"terminating bridge","environment_id":"env_01m2qg7y2qc8j5zhftbgm7sg0q","pid":74270,"reason":"Completed","graceful":true,"target":"tachyon_serverless_provider_process"}
{"timestamp":"2026-09-17T10:57:48.874297Z","level":"INFO","message":"asynchronous invocation settled","invocation_id":"inv_01m2qg7rzn2sjjqecngjpcgk50","status":"succeeded","target":"tachyon_serverless_application::services::invoke_async::dispatch"}
{"timestamp":"2026-09-17T10:57:48.894245Z","level":"INFO","message":"async dispatch: delivery handled","message_id":"inv_01m2qg7rzn2sjjqecngjpcgk50.g1","sequence":10,"delivery_count":1,"outcome":"Completed { status: \"succeeded\" }","target":"tachyon_serverless_application::services::invoke_async::dispatch"}
{"timestamp":"2026-09-17T10:57:49.573015Z","level":"INFO","message":"bridge spawned","environment_id":"env_01m2qg7z4h1rfnx3g0b4getg3s","pid":74315,"target":"tachyon_serverless_provider_process"}
{"timestamp":"2026-09-17T10:57:49.612470Z","level":"INFO","message":"invocation finished","invocation_id":"inv_01m2qg7z4hm1cet98k5szs4cm6","status":"succeeded","handler_ms":2,"environment_boot_ms":13,"runtime_init_ms":20,"target":"tachyon_serverless_application::services::invoke"}
{"timestamp":"2026-09-17T10:57:49.614855Z","level":"INFO","message":"terminating bridge","environment_id":"env_01m2qg7z4h1rfnx3g0b4getg3s","pid":74315,"reason":"Completed","graceful":true,"target":"tachyon_serverless_provider_process"}
{"timestamp":"2026-09-17T10:57:49.751856Z","level":"INFO","message":"asynchronous invocation accepted","invocation_id":"inv_01m2qg7znp69spzmrtzy82f4h3","tenant_id":"tn_01hzzzzzzzzzzzzzzzzzzzzzza","revision_id":"rev_01m2qg7e6hzvpnahs1z4bh3r34","input_bytes":48,"input_storage":"inline","target":"tachyon_serverless_application::services::invoke_async"}
{"timestamp":"2026-09-17T10:57:49.764947Z","level":"INFO","message":"asynchronous run claimed","invocation_id":"inv_01m2qg7znp69spzmrtzy82f4h3","attempt":1,"generation":0,"delivery_count":1,"target":"tachyon_serverless_application::services::invoke_async::dispatch"}
{"timestamp":"2026-09-17T10:57:49.932784Z","level":"INFO","message":"asynchronous invocation accepted","invocation_id":"inv_01m2qg7ztnwfep1b4dqk16gwtm","tenant_id":"tn_01hzzzzzzzzzzzzzzzzzzzzzza","revision_id":"rev_01m2qg7e6hzvpnahs1z4bh3r34","input_bytes":4128,"input_storage":"object","target":"tachyon_serverless_application::services::invoke_async"}
{"timestamp":"2026-09-17T10:57:49.945646Z","level":"INFO","message":"asynchronous run claimed","invocation_id":"inv_01m2qg7ztnwfep1b4dqk16gwtm","attempt":1,"generation":0,"delivery_count":1,"target":"tachyon_serverless_application::services::invoke_async::dispatch"}
{"timestamp":"2026-09-17T10:57:50.134140Z","level":"INFO","message":"asynchronous invocation accepted","invocation_id":"inv_01m2qg801k8shkxn8y52d9m2rx","tenant_id":"tn_01hzzzzzzzzzzzzzzzzzzzzzza","revision_id":"rev_01m2qg7gw17a1q6syj2a7wsnja","input_bytes":191,"input_storage":"inline","target":"tachyon_serverless_application::services::invoke_async"}
{"timestamp":"2026-09-17T10:57:50.134407Z","level":"INFO","message":"webhook trigger fired","trigger_id":"trg_01m2qg7m0jm58160vd10rakcnf","event_id":"evt-post-w1","invocation_id":"inv_01m2qg801k8shkxn8y52d9m2rx","revision_id":"rev_01m2qg7gw17a1q6syj2a7wsnja","replayed":false,"target":"tachyon_serverless_application::services::triggers"}
{"timestamp":"2026-09-17T10:57:50.200014Z","level":"INFO","message":"bridge spawned","environment_id":"env_01m2qg7zpcff7ved0gy0yqjp27","pid":74392,"target":"tachyon_serverless_provider_process"}
{"timestamp":"2026-09-17T10:57:50.211042Z","level":"INFO","message":"trigger updated","trigger_id":"trg_01m2qg7kz45g76k85zjyqmw7tx","generation":3,"status":"disabled","next_fire_at":"None","rotated_secret":false,"target":"tachyon_serverless_application::services::triggers"}
{"timestamp":"2026-09-17T10:57:50.235007Z","level":"INFO","message":"invocation finished","invocation_id":"inv_01m2qg7znp69spzmrtzy82f4h3","status":"succeeded (async run)","handler_ms":3,"environment_boot_ms":9,"runtime_init_ms":20,"target":"tachyon_serverless_application::services::invoke"}
{"timestamp":"2026-09-17T10:57:50.238570Z","level":"INFO","message":"terminating bridge","environment_id":"env_01m2qg7zpcff7ved0gy0yqjp27","pid":74392,"reason":"Completed","graceful":true,"target":"tachyon_serverless_provider_process"}
{"timestamp":"2026-09-17T10:57:50.250114Z","level":"INFO","message":"asynchronous invocation settled","invocation_id":"inv_01m2qg7znp69spzmrtzy82f4h3","status":"succeeded","target":"tachyon_serverless_application::services::invoke_async::dispatch"}
{"timestamp":"2026-09-17T10:57:50.257522Z","level":"INFO","message":"async dispatch: delivery handled","message_id":"inv_01m2qg7znp69spzmrtzy82f4h3","sequence":11,"delivery_count":1,"outcome":"Completed { status: \"succeeded\" }","target":"tachyon_serverless_application::services::invoke_async::dispatch"}
{"timestamp":"2026-09-17T10:57:50.262496Z","level":"INFO","message":"asynchronous run claimed","invocation_id":"inv_01m2qg801k8shkxn8y52d9m2rx","attempt":1,"generation":0,"delivery_count":1,"target":"tachyon_serverless_application::services::invoke_async::dispatch"}
{"timestamp":"2026-09-17T10:57:50.372694Z","level":"INFO","message":"bridge spawned","environment_id":"env_01m2qg7zvx2qgmnqjvb2s2r7ew","pid":74417,"target":"tachyon_serverless_provider_process"}
{"timestamp":"2026-09-17T10:57:50.440254Z","level":"INFO","message":"invocation finished","invocation_id":"inv_01m2qg7ztnwfep1b4dqk16gwtm","status":"succeeded (async run)","handler_ms":7,"environment_boot_ms":18,"runtime_init_ms":40,"target":"tachyon_serverless_application::services::invoke"}
{"timestamp":"2026-09-17T10:57:50.443172Z","level":"INFO","message":"terminating bridge","environment_id":"env_01m2qg7zvx2qgmnqjvb2s2r7ew","pid":74417,"reason":"Completed","graceful":true,"target":"tachyon_serverless_provider_process"}
{"timestamp":"2026-09-17T10:57:50.450151Z","level":"INFO","message":"asynchronous invocation settled","invocation_id":"inv_01m2qg7ztnwfep1b4dqk16gwtm","status":"succeeded","target":"tachyon_serverless_application::services::invoke_async::dispatch"}
{"timestamp":"2026-09-17T10:57:50.457853Z","level":"INFO","message":"async dispatch: delivery handled","message_id":"inv_01m2qg7ztnwfep1b4dqk16gwtm","sequence":12,"delivery_count":1,"outcome":"Completed { status: \"succeeded\" }","target":"tachyon_serverless_application::services::invoke_async::dispatch"}
{"timestamp":"2026-09-17T10:57:50.656181Z","level":"INFO","message":"bridge spawned","environment_id":"env_01m2qg805pfynz7qpftmk33cfw","pid":74430,"target":"tachyon_serverless_provider_process"}
{"timestamp":"2026-09-17T10:57:50.686149Z","level":"INFO","message":"invocation finished","invocation_id":"inv_01m2qg801k8shkxn8y52d9m2rx","status":"succeeded (async run)","handler_ms":1,"environment_boot_ms":10,"runtime_init_ms":15,"target":"tachyon_serverless_application::services::invoke"}
{"timestamp":"2026-09-17T10:57:50.688239Z","level":"INFO","message":"terminating bridge","environment_id":"env_01m2qg805pfynz7qpftmk33cfw","pid":74430,"reason":"Completed","graceful":true,"target":"tachyon_serverless_provider_process"}
{"timestamp":"2026-09-17T10:57:50.694969Z","level":"INFO","message":"asynchronous invocation settled","invocation_id":"inv_01m2qg801k8shkxn8y52d9m2rx","status":"succeeded","target":"tachyon_serverless_application::services::invoke_async::dispatch"}
{"timestamp":"2026-09-17T10:57:50.703279Z","level":"INFO","message":"async dispatch: delivery handled","message_id":"inv_01m2qg801k8shkxn8y52d9m2rx","sequence":13,"delivery_count":1,"outcome":"Completed { status: \"succeeded\" }","target":"tachyon_serverless_application::services::invoke_async::dispatch"}
{"timestamp":"2026-09-17T10:57:50.853504Z","level":"INFO","message":"object retention pass","report":"GcReport { examined: 3, collected_expired: 0, collected_orphans: 0, kept_in_use: 0, kept_referenced: 3, incomplete_removed: 0, tombstones_purged: 0, failed: 0 }","target":"tachyon_serverless_gateway"}
{"timestamp":"2026-09-17T10:57:52.852852Z","level":"INFO","message":"object retention pass","report":"GcReport { examined: 3, collected_expired: 0, collected_orphans: 0, kept_in_use: 0, kept_referenced: 3, incomplete_removed: 0, tombstones_purged: 0, failed: 0 }","target":"tachyon_serverless_gateway"}
{"timestamp":"2026-09-17T10:57:54.701397Z","level":"INFO","message":"SIGTERM received","target":"tachyon_serverless_gateway"}
{"timestamp":"2026-09-17T10:57:54.701478Z","level":"INFO","message":"shutdown requested; cancelling in-flight invocations","target":"tachyon_serverless_gateway"}
{"timestamp":"2026-09-17T10:57:54.702107Z","level":"INFO","message":"final usage collection","report":"CollectReport { batches: 0, read: 0, inserted: 0, duplicates: 0, cursor_seq: 80 }","target":"tachyon_serverless_gateway"}
{"timestamp":"2026-09-17T10:57:54.704006Z","level":"INFO","message":"gateway stopped","target":"tachyon_serverless_gateway"}
{"timestamp":"2026-09-17T10:57:54.704410Z","level":"INFO","message":"event: closed","target":"async_nats"}
