
===== a start (failpoints: none) 03:59:18 =====
{"timestamp":"2026-09-18T03:59:18.333477Z","level":"INFO","message":"configuration loaded","config":"/home/takanorifukuyama.guest/w/tsls-chaos.JrwM94/gw-a.toml","target":"tachyon_serverless_gateway"}
{"timestamp":"2026-09-18T03:59:18.335804Z","level":"INFO","message":"connected successfully","server":"43737","max_payload":"1048576","target":"async_nats::connector"}
{"timestamp":"2026-09-18T03:59:18.335929Z","level":"INFO","message":"event: connected","target":"async_nats"}
{"timestamp":"2026-09-18T03:59:18.487114Z","level":"INFO","message":"JetStream queue connected and stream bootstrapped","url":"nats://127.0.0.1:43737","stream":"TACHYON_EVENTS","target":"tachyon_serverless_gateway::durable"}
{"timestamp":"2026-09-18T03:59:18.563117Z","level":"INFO","message":"state store opened","path":"/home/takanorifukuyama.guest/w/tsls-chaos.JrwM94/data/state.db","schema_version":8,"migrations_applied":"[1, 2, 3, 4, 5, 6, 7, 8]","imported_state_json":"None","settled_invocations":0,"settled_attempts":0,"settled_environments":0,"released_leases":0,"dropped_idempotency_keys":0,"purged_idempotency_keys":0,"outputs_purged":0,"target":"tachyon_serverless_application::app"}
{"timestamp":"2026-09-18T03:59:18.607437Z","level":"INFO","message":"log store opened","path":"/home/takanorifukuyama.guest/w/tsls-chaos.JrwM94/data/logs/logs.db","healthy":true,"retention_seconds":604800,"max_total_bytes":1073741824,"target":"tachyon_serverless_application::app"}
{"timestamp":"2026-09-18T03:59:18.609246Z","level":"INFO","message":"dispatcher registered","dispatcher_id":"dsp_01m2sapc2f1wvvv6yqk5d16je6","instance":"chaos-a","pid":774745,"lease_ttl_seconds":6,"target":"tachyon_serverless_application::services::dispatcher"}
{"timestamp":"2026-09-18T03:59:18.671445Z","level":"INFO","message":"application bootstrapped","profile":"dev","provider":"process","dev_only":true,"environment_reuse":false,"reuse_verified":false,"reuse_reason":"[pool] enabled is false","reuse_disabled":"Some(Configuration)","idle_quiesce":"unsupported","idle_resume":"unsupported","data_dir":"/home/takanorifukuyama.guest/w/tsls-chaos.JrwM94/data","store":"sqlite","dispatcher_id":"dsp_01m2sapc2f1wvvv6yqk5d16je6","node":"local","node_region":"none","node_memory_mib":"None","max_concurrency":8,"queue":"nats","objects":"filesystem","invoke_async":true,"triggers":true,"target":"tachyon_serverless_application::app"}
{"timestamp":"2026-09-18T03:59:18.671772Z","level":"INFO","message":"startup reconcile finished","provider":"process","found":0,"adopted":0,"terminated":0,"disowned":0,"failed":0,"lost":0,"foreign":0,"reclaimed_dispatchers":0,"fenced_terminated":0,"fenced_pending":0,"target":"tachyon_serverless_application::services::reconcile"}
{"timestamp":"2026-09-18T03:59:18.671868Z","level":"INFO","message":"gateway listening","addr":"127.0.0.1:36979","profile":"dev","provider":"process","target":"tachyon_serverless_gateway"}
{"timestamp":"2026-09-18T03:59:18.674067Z","level":"INFO","message":"asynchronous dispatcher started","workers":2,"owner":"dsp_01m2sapc2f1wvvv6yqk5d16je6","target":"tachyon_serverless_gateway"}
{"timestamp":"2026-09-18T03:59:24.875738Z","level":"INFO","message":"revision ready","revision_id":"rev_01m2sapg5yj9ftwh02dhsjz535","function_id":"fn_01m2sapcb4fy9hag7bcdcm0nyg","target":"tachyon_serverless_application::services::revision"}
{"timestamp":"2026-09-18T03:59:27.444042Z","level":"WARN","message":"state.db write transaction held the database write lock for long: every other writer, in this process and in any gateway sharing the file, waited","site":"crates/application/src/repository/sqlite/triggers.rs:522","held_ms":276,"threshold_ms":250,"target":"tachyon_serverless_application::repository::sqlite"}
{"timestamp":"2026-09-18T03:59:30.514003Z","level":"INFO","message":"revision ready","revision_id":"rev_01m2sapnpwqjbd3e3yh0cy82r0","function_id":"fn_01m2sapj7t553vrs9apydcmd3q","target":"tachyon_serverless_application::services::revision"}
{"timestamp":"2026-09-18T03:59:37.604601Z","level":"WARN","message":"state.db write transaction held the database write lock for long: every other writer, in this process and in any gateway sharing the file, waited","site":"crates/application/src/repository/sqlite/mod.rs:1230","held_ms":1246,"threshold_ms":250,"target":"tachyon_serverless_application::repository::sqlite"}
{"timestamp":"2026-09-18T03:59:37.634435Z","level":"INFO","message":"revision ready","revision_id":"rev_01m2sapvdkgfnwgn98cwtrgkcb","function_id":"fn_01m2sapqqmp9kg7gbfkwtna9g8","target":"tachyon_serverless_application::services::revision"}
{"timestamp":"2026-09-18T03:59:37.670733Z","level":"INFO","message":"trigger created","trigger_id":"trg_01m2sapyp25vvhsyk0myq04vn9","function_id":"fn_01m2sapj7t553vrs9apydcmd3q","kind":"cron","enabled":true,"next_fire_at":"Some(2026-09-18T03:59:38Z)","target":"tachyon_serverless_application::services::triggers"}
{"timestamp":"2026-09-18T03:59:37.689761Z","level":"INFO","message":"trigger created","trigger_id":"trg_01m2sapypn9xtzc158abkmjkxt","function_id":"fn_01m2sapj7t553vrs9apydcmd3q","kind":"webhook","enabled":true,"next_fire_at":"None","target":"tachyon_serverless_application::services::triggers"}
{"timestamp":"2026-09-18T03:59:38.020900Z","level":"INFO","message":"asynchronous invocation accepted","invocation_id":"inv_01m2sapz0nsn0nfy8hcbs4rq0t","tenant_id":"tn_01hzzzzzzzzzzzzzzzzzzzzzza","revision_id":"rev_01m2sapnpwqjbd3e3yh0cy82r0","input_bytes":180,"input_storage":"inline","target":"tachyon_serverless_application::services::invoke_async"}
{"timestamp":"2026-09-18T03:59:38.020949Z","level":"INFO","message":"cron trigger fired","trigger_id":"trg_01m2sapyp25vvhsyk0myq04vn9","scheduled_at":"2026-09-18T03:59:38Z","invocation_id":"inv_01m2sapz0nsn0nfy8hcbs4rq0t","revision_id":"rev_01m2sapnpwqjbd3e3yh0cy82r0","replayed":false,"target":"tachyon_serverless_application::services::triggers"}
{"timestamp":"2026-09-18T03:59:38.069165Z","level":"INFO","message":"asynchronous run claimed","invocation_id":"inv_01m2sapz0nsn0nfy8hcbs4rq0t","attempt":1,"generation":0,"delivery_count":1,"target":"tachyon_serverless_application::services::invoke_async::dispatch"}
{"timestamp":"2026-09-18T03:59:39.320006Z","level":"INFO","message":"bridge spawned","environment_id":"env_01m2sapyqd1f3j9ssng7cm0vgr","pid":775615,"target":"tachyon_serverless_provider_process"}
{"timestamp":"2026-09-18T03:59:40.214805Z","level":"WARN","message":"state.db write transaction held the database write lock for long: every other writer, in this process and in any gateway sharing the file, waited","site":"crates/application/src/repository/sqlite/triggers.rs:522","held_ms":1371,"threshold_ms":250,"target":"tachyon_serverless_application::repository::sqlite"}
{"timestamp":"2026-09-18T03:59:40.223632Z","level":"INFO","message":"bridge spawned","environment_id":"env_01m2sapz2nwtvh9npqknwezj6k","pid":775623,"target":"tachyon_serverless_provider_process"}
{"timestamp":"2026-09-18T03:59:40.320017Z","level":"INFO","message":"asynchronous invocation accepted","invocation_id":"inv_01m2saq18neh9x09tncqv7qhg4","tenant_id":"tn_01hzzzzzzzzzzzzzzzzzzzzzza","revision_id":"rev_01m2sapnpwqjbd3e3yh0cy82r0","input_bytes":180,"input_storage":"inline","target":"tachyon_serverless_application::services::invoke_async"}
{"timestamp":"2026-09-18T03:59:40.320078Z","level":"INFO","message":"cron trigger fired","trigger_id":"trg_01m2sapyp25vvhsyk0myq04vn9","scheduled_at":"2026-09-18T03:59:40Z","invocation_id":"inv_01m2saq18neh9x09tncqv7qhg4","revision_id":"rev_01m2sapnpwqjbd3e3yh0cy82r0","replayed":false,"target":"tachyon_serverless_application::services::triggers"}
{"timestamp":"2026-09-18T03:59:40.325170Z","level":"INFO","message":"invocation finished","invocation_id":"inv_01m2sapyq8xferzqvfxw0jbgzd","status":"succeeded","handler_ms":3,"environment_boot_ms":2,"runtime_init_ms":954,"target":"tachyon_serverless_application::services::invoke"}
{"timestamp":"2026-09-18T03:59:40.331106Z","level":"INFO","message":"invocation finished","invocation_id":"inv_01m2sapz0nsn0nfy8hcbs4rq0t","status":"succeeded (async run)","handler_ms":3,"environment_boot_ms":8,"runtime_init_ms":75,"target":"tachyon_serverless_application::services::invoke"}
{"timestamp":"2026-09-18T03:59:40.331173Z","level":"INFO","message":"terminating bridge","environment_id":"env_01m2sapyqd1f3j9ssng7cm0vgr","pid":775615,"reason":"Completed","graceful":true,"target":"tachyon_serverless_provider_process"}
{"timestamp":"2026-09-18T03:59:40.333554Z","level":"INFO","message":"terminating bridge","environment_id":"env_01m2sapz2nwtvh9npqknwezj6k","pid":775623,"reason":"Completed","graceful":true,"target":"tachyon_serverless_provider_process"}
{"timestamp":"2026-09-18T03:59:40.344188Z","level":"INFO","message":"asynchronous run claimed","invocation_id":"inv_01m2saq18neh9x09tncqv7qhg4","attempt":1,"generation":0,"delivery_count":1,"target":"tachyon_serverless_application::services::invoke_async::dispatch"}
{"timestamp":"2026-09-18T03:59:40.353537Z","level":"INFO","message":"asynchronous invocation settled","invocation_id":"inv_01m2sapz0nsn0nfy8hcbs4rq0t","status":"succeeded","target":"tachyon_serverless_application::services::invoke_async::dispatch"}
{"timestamp":"2026-09-18T03:59:40.356055Z","level":"INFO","message":"async dispatch: delivery handled","message_id":"inv_01m2sapz0nsn0nfy8hcbs4rq0t","sequence":1,"delivery_count":1,"outcome":"Completed { status: \"succeeded\" }","target":"tachyon_serverless_application::services::invoke_async::dispatch"}
{"timestamp":"2026-09-18T03:59:40.392743Z","level":"INFO","message":"asynchronous invocation accepted","invocation_id":"inv_01m2saq1b4a6tr1jqyjs4z1hcr","tenant_id":"tn_01hzzzzzzzzzzzzzzzzzzzzzza","revision_id":"rev_01m2sapg5yj9ftwh02dhsjz535","input_bytes":47,"input_storage":"inline","target":"tachyon_serverless_application::services::invoke_async"}
{"timestamp":"2026-09-18T03:59:40.402595Z","level":"INFO","message":"asynchronous run claimed","invocation_id":"inv_01m2saq1b4a6tr1jqyjs4z1hcr","attempt":1,"generation":0,"delivery_count":1,"target":"tachyon_serverless_application::services::invoke_async::dispatch"}
{"timestamp":"2026-09-18T03:59:40.452850Z","level":"INFO","message":"asynchronous invocation accepted","invocation_id":"inv_01m2saq1cpf86320whrfg8c62d","tenant_id":"tn_01hzzzzzzzzzzzzzzzzzzzzzza","revision_id":"rev_01m2sapg5yj9ftwh02dhsjz535","input_bytes":4127,"input_storage":"object","target":"tachyon_serverless_application::services::invoke_async"}
{"timestamp":"2026-09-18T03:59:40.491681Z","level":"INFO","message":"asynchronous invocation accepted","invocation_id":"inv_01m2saq1e85ctq6q76zxrzw77x","tenant_id":"tn_01hzzzzzzzzzzzzzzzzzzzzzza","revision_id":"rev_01m2sapnpwqjbd3e3yh0cy82r0","input_bytes":189,"input_storage":"inline","target":"tachyon_serverless_application::services::invoke_async"}
{"timestamp":"2026-09-18T03:59:40.491741Z","level":"INFO","message":"webhook trigger fired","trigger_id":"trg_01m2sapypn9xtzc158abkmjkxt","event_id":"evt-pre-w1","invocation_id":"inv_01m2saq1e85ctq6q76zxrzw77x","revision_id":"rev_01m2sapnpwqjbd3e3yh0cy82r0","replayed":false,"target":"tachyon_serverless_application::services::triggers"}
{"timestamp":"2026-09-18T03:59:42.394334Z","level":"INFO","message":"bridge spawned","environment_id":"env_01m2saq19vtdxcbvfgphqa83hd","pid":775706,"target":"tachyon_serverless_provider_process"}
{"timestamp":"2026-09-18T03:59:43.083871Z","level":"WARN","message":"state.db write transaction held the database write lock for long: every other writer, in this process and in any gateway sharing the file, waited","site":"crates/application/src/repository/sqlite/dispatch.rs:260","held_ms":1346,"threshold_ms":250,"target":"tachyon_serverless_application::repository::sqlite"}
{"timestamp":"2026-09-18T03:59:43.086152Z","level":"INFO","message":"bridge spawned","environment_id":"env_01m2saq1bkhfd48xf6cj4gynng","pid":775711,"target":"tachyon_serverless_provider_process"}
{"timestamp":"2026-09-18T03:59:43.087124Z","level":"INFO","message":"bridge spawned","environment_id":"env_01m2saq1f8n8knmc2hxw0q351g","pid":775712,"target":"tachyon_serverless_provider_process"}
{"timestamp":"2026-09-18T03:59:43.195949Z","level":"INFO","message":"asynchronous invocation accepted","invocation_id":"inv_01m2saq41yd8vvjs7h82egzfx0","tenant_id":"tn_01hzzzzzzzzzzzzzzzzzzzzzza","revision_id":"rev_01m2sapnpwqjbd3e3yh0cy82r0","input_bytes":180,"input_storage":"inline","target":"tachyon_serverless_application::services::invoke_async"}
{"timestamp":"2026-09-18T03:59:43.196010Z","level":"INFO","message":"cron trigger fired","trigger_id":"trg_01m2sapyp25vvhsyk0myq04vn9","scheduled_at":"2026-09-18T03:59:42Z","invocation_id":"inv_01m2saq41yd8vvjs7h82egzfx0","revision_id":"rev_01m2sapnpwqjbd3e3yh0cy82r0","replayed":false,"target":"tachyon_serverless_application::services::triggers"}
{"timestamp":"2026-09-18T03:59:43.238252Z","level":"INFO","message":"invocation finished","invocation_id":"inv_01m2saq18neh9x09tncqv7qhg4","status":"succeeded (async run)","handler_ms":8,"environment_boot_ms":3,"runtime_init_ms":752,"target":"tachyon_serverless_application::services::invoke"}
{"timestamp":"2026-09-18T03:59:43.240041Z","level":"INFO","message":"invocation finished","invocation_id":"inv_01m2saq1b4a6tr1jqyjs4z1hcr","status":"succeeded (async run)","handler_ms":2,"environment_boot_ms":35,"runtime_init_ms":60,"target":"tachyon_serverless_application::services::invoke"}
{"timestamp":"2026-09-18T03:59:43.241395Z","level":"INFO","message":"terminating bridge","environment_id":"env_01m2saq19vtdxcbvfgphqa83hd","pid":775706,"reason":"Completed","graceful":true,"target":"tachyon_serverless_provider_process"}
{"timestamp":"2026-09-18T03:59:43.242585Z","level":"INFO","message":"terminating bridge","environment_id":"env_01m2saq1bkhfd48xf6cj4gynng","pid":775711,"reason":"Completed","graceful":true,"target":"tachyon_serverless_provider_process"}
{"timestamp":"2026-09-18T03:59:43.245516Z","level":"INFO","message":"invocation finished","invocation_id":"inv_01m2saq1f2xq66wp0sx1v3b9yr","status":"succeeded","handler_ms":3,"environment_boot_ms":61,"runtime_init_ms":42,"target":"tachyon_serverless_application::services::invoke"}
{"timestamp":"2026-09-18T03:59:43.250940Z","level":"INFO","message":"terminating bridge","environment_id":"env_01m2saq1f8n8knmc2hxw0q351g","pid":775712,"reason":"Completed","graceful":true,"target":"tachyon_serverless_provider_process"}
{"timestamp":"2026-09-18T03:59:43.257848Z","level":"INFO","message":"asynchronous invocation settled","invocation_id":"inv_01m2saq18neh9x09tncqv7qhg4","status":"succeeded","target":"tachyon_serverless_application::services::invoke_async::dispatch"}
{"timestamp":"2026-09-18T03:59:43.260068Z","level":"INFO","message":"async dispatch: delivery handled","message_id":"inv_01m2saq18neh9x09tncqv7qhg4","sequence":2,"delivery_count":1,"outcome":"Completed { status: \"succeeded\" }","target":"tachyon_serverless_application::services::invoke_async::dispatch"}
{"timestamp":"2026-09-18T03:59:43.264097Z","level":"INFO","message":"asynchronous invocation settled","invocation_id":"inv_01m2saq1b4a6tr1jqyjs4z1hcr","status":"succeeded","target":"tachyon_serverless_application::services::invoke_async::dispatch"}
{"timestamp":"2026-09-18T03:59:43.266495Z","level":"INFO","message":"async dispatch: delivery handled","message_id":"inv_01m2saq1b4a6tr1jqyjs4z1hcr","sequence":3,"delivery_count":1,"outcome":"Completed { status: \"succeeded\" }","target":"tachyon_serverless_application::services::invoke_async::dispatch"}
{"timestamp":"2026-09-18T03:59:43.267499Z","level":"INFO","message":"asynchronous run claimed","invocation_id":"inv_01m2saq1cpf86320whrfg8c62d","attempt":1,"generation":0,"delivery_count":1,"target":"tachyon_serverless_application::services::invoke_async::dispatch"}
{"timestamp":"2026-09-18T03:59:43.269866Z","level":"INFO","message":"asynchronous run claimed","invocation_id":"inv_01m2saq1e85ctq6q76zxrzw77x","attempt":1,"generation":0,"delivery_count":1,"target":"tachyon_serverless_application::services::invoke_async::dispatch"}
{"timestamp":"2026-09-18T03:59:43.412621Z","level":"INFO","message":"asynchronous invocation accepted","invocation_id":"inv_01m2saq49jcs7bcqshhmd9ke49","tenant_id":"tn_01hzzzzzzzzzzzzzzzzzzzzzza","revision_id":"rev_01m2sapg5yj9ftwh02dhsjz535","input_bytes":47,"input_storage":"inline","target":"tachyon_serverless_application::services::invoke_async"}
{"timestamp":"2026-09-18T03:59:43.568501Z","level":"INFO","message":"asynchronous invocation accepted","invocation_id":"inv_01m2saq4e20adpt7ddvy74dgr3","tenant_id":"tn_01hzzzzzzzzzzzzzzzzzzzzzza","revision_id":"rev_01m2sapg5yj9ftwh02dhsjz535","input_bytes":4127,"input_storage":"object","target":"tachyon_serverless_application::services::invoke_async"}
{"timestamp":"2026-09-18T03:59:43.610522Z","level":"INFO","message":"asynchronous invocation accepted","invocation_id":"inv_01m2saq4fm9y1h250j60evvq7p","tenant_id":"tn_01hzzzzzzzzzzzzzzzzzzzzzza","revision_id":"rev_01m2sapnpwqjbd3e3yh0cy82r0","input_bytes":189,"input_storage":"inline","target":"tachyon_serverless_application::services::invoke_async"}
{"timestamp":"2026-09-18T03:59:43.610581Z","level":"INFO","message":"webhook trigger fired","trigger_id":"trg_01m2sapypn9xtzc158abkmjkxt","event_id":"evt-pre-w2","invocation_id":"inv_01m2saq4fm9y1h250j60evvq7p","revision_id":"rev_01m2sapnpwqjbd3e3yh0cy82r0","replayed":false,"target":"tachyon_serverless_application::services::triggers"}
{"timestamp":"2026-09-18T03:59:43.639754Z","level":"INFO","message":"trigger updated","trigger_id":"trg_01m2sapyp25vvhsyk0myq04vn9","generation":2,"status":"disabled","next_fire_at":"None","rotated_secret":false,"target":"tachyon_serverless_application::services::triggers"}
{"timestamp":"2026-09-18T03:59:45.159528Z","level":"INFO","message":"bridge spawned","environment_id":"env_01m2saq456emder0svxtmbkhcy","pid":775819,"target":"tachyon_serverless_provider_process"}
{"timestamp":"2026-09-18T03:59:45.260740Z","level":"WARN","message":"state.db write transaction held the database write lock for long: every other writer, in this process and in any gateway sharing the file, waited","site":"crates/application/src/repository/sqlite/triggers.rs:522","held_ms":811,"threshold_ms":250,"target":"tachyon_serverless_application::repository::sqlite"}
{"timestamp":"2026-09-18T03:59:45.485655Z","level":"INFO","message":"invocation finished","invocation_id":"inv_01m2saq1e85ctq6q76zxrzw77x","status":"succeeded (async run)","handler_ms":49,"environment_boot_ms":147,"runtime_init_ms":65,"target":"tachyon_serverless_application::services::invoke"}
{"timestamp":"2026-09-18T03:59:45.501726Z","level":"INFO","message":"terminating bridge","environment_id":"env_01m2saq456emder0svxtmbkhcy","pid":775819,"reason":"Completed","graceful":true,"target":"tachyon_serverless_provider_process"}
{"timestamp":"2026-09-18T03:59:45.527613Z","level":"INFO","message":"asynchronous invocation settled","invocation_id":"inv_01m2saq1e85ctq6q76zxrzw77x","status":"succeeded","target":"tachyon_serverless_application::services::invoke_async::dispatch"}
{"timestamp":"2026-09-18T03:59:45.532284Z","level":"INFO","message":"async dispatch: delivery handled","message_id":"inv_01m2saq1e85ctq6q76zxrzw77x","sequence":5,"delivery_count":1,"outcome":"Completed { status: \"succeeded\" }","target":"tachyon_serverless_application::services::invoke_async::dispatch"}
{"timestamp":"2026-09-18T03:59:45.537207Z","level":"INFO","message":"asynchronous run claimed","invocation_id":"inv_01m2saq41yd8vvjs7h82egzfx0","attempt":1,"generation":0,"delivery_count":1,"target":"tachyon_serverless_application::services::invoke_async::dispatch"}
{"timestamp":"2026-09-18T03:59:45.826172Z","level":"INFO","message":"bridge spawned","environment_id":"env_01m2saq456tqn17fv2gqffn3tn","pid":775838,"target":"tachyon_serverless_provider_process"}
{"timestamp":"2026-09-18T03:59:46.009471Z","level":"INFO","message":"invocation finished","invocation_id":"inv_01m2saq1cpf86320whrfg8c62d","status":"succeeded (async run)","handler_ms":24,"environment_boot_ms":22,"runtime_init_ms":73,"target":"tachyon_serverless_application::services::invoke"}
{"timestamp":"2026-09-18T03:59:46.050866Z","level":"INFO","message":"terminating bridge","environment_id":"env_01m2saq456tqn17fv2gqffn3tn","pid":775838,"reason":"Completed","graceful":true,"target":"tachyon_serverless_provider_process"}
{"timestamp":"2026-09-18T03:59:46.265935Z","level":"INFO","message":"asynchronous invocation settled","invocation_id":"inv_01m2saq1cpf86320whrfg8c62d","status":"succeeded","target":"tachyon_serverless_application::services::invoke_async::dispatch"}
{"timestamp":"2026-09-18T03:59:46.298669Z","level":"INFO","message":"async dispatch: delivery handled","message_id":"inv_01m2saq1cpf86320whrfg8c62d","sequence":4,"delivery_count":1,"outcome":"Completed { status: \"succeeded\" }","target":"tachyon_serverless_application::services::invoke_async::dispatch"}
{"timestamp":"2026-09-18T03:59:46.330079Z","level":"INFO","message":"asynchronous run claimed","invocation_id":"inv_01m2saq49jcs7bcqshhmd9ke49","attempt":1,"generation":0,"delivery_count":1,"target":"tachyon_serverless_application::services::invoke_async::dispatch"}
{"timestamp":"2026-09-18T03:59:46.679382Z","level":"INFO","message":"object retention pass","report":"GcReport { examined: 1, collected_expired: 0, collected_orphans: 0, kept_in_use: 0, kept_referenced: 1, incomplete_removed: 0, tombstones_purged: 0, failed: 0 }","target":"tachyon_serverless_gateway"}
{"timestamp":"2026-09-18T03:59:47.552533Z","level":"INFO","message":"bridge spawned","environment_id":"env_01m2saq6c1ep6m8r9byjdh4xgr","pid":775866,"target":"tachyon_serverless_provider_process"}
{"timestamp":"2026-09-18T03:59:48.302664Z","level":"INFO","message":"bridge spawned","environment_id":"env_01m2saq74tyvgtb1jdphjg3qap","pid":775880,"target":"tachyon_serverless_provider_process"}
{"timestamp":"2026-09-18T03:59:48.328290Z","level":"WARN","message":"state.db write transaction held the database write lock for long: every other writer, in this process and in any gateway sharing the file, waited","site":"crates/application/src/repository/sqlite/triggers.rs:522","held_ms":1016,"threshold_ms":250,"target":"tachyon_serverless_application::repository::sqlite"}
{"timestamp":"2026-09-18T03:59:48.558812Z","level":"INFO","message":"invocation finished","invocation_id":"inv_01m2saq41yd8vvjs7h82egzfx0","status":"succeeded (async run)","handler_ms":17,"environment_boot_ms":1,"runtime_init_ms":901,"target":"tachyon_serverless_application::services::invoke"}
{"timestamp":"2026-09-18T03:59:48.565595Z","level":"INFO","message":"terminating bridge","environment_id":"env_01m2saq6c1ep6m8r9byjdh4xgr","pid":775866,"reason":"Completed","graceful":true,"target":"tachyon_serverless_provider_process"}
{"timestamp":"2026-09-18T03:59:48.573072Z","level":"INFO","message":"invocation finished","invocation_id":"inv_01m2saq49jcs7bcqshhmd9ke49","status":"succeeded (async run)","handler_ms":4,"environment_boot_ms":153,"runtime_init_ms":96,"target":"tachyon_serverless_application::services::invoke"}
{"timestamp":"2026-09-18T03:59:48.579786Z","level":"INFO","message":"terminating bridge","environment_id":"env_01m2saq74tyvgtb1jdphjg3qap","pid":775880,"reason":"Completed","graceful":true,"target":"tachyon_serverless_provider_process"}
{"timestamp":"2026-09-18T03:59:48.584820Z","level":"INFO","message":"asynchronous invocation settled","invocation_id":"inv_01m2saq41yd8vvjs7h82egzfx0","status":"succeeded","target":"tachyon_serverless_application::services::invoke_async::dispatch"}
{"timestamp":"2026-09-18T03:59:48.590277Z","level":"INFO","message":"async dispatch: delivery handled","message_id":"inv_01m2saq41yd8vvjs7h82egzfx0","sequence":6,"delivery_count":1,"outcome":"Completed { status: \"succeeded\" }","target":"tachyon_serverless_application::services::invoke_async::dispatch"}
{"timestamp":"2026-09-18T03:59:48.594787Z","level":"INFO","message":"asynchronous run claimed","invocation_id":"inv_01m2saq4e20adpt7ddvy74dgr3","attempt":1,"generation":0,"delivery_count":1,"target":"tachyon_serverless_application::services::invoke_async::dispatch"}
{"timestamp":"2026-09-18T03:59:48.598634Z","level":"INFO","message":"asynchronous invocation settled","invocation_id":"inv_01m2saq49jcs7bcqshhmd9ke49","status":"succeeded","target":"tachyon_serverless_application::services::invoke_async::dispatch"}
{"timestamp":"2026-09-18T03:59:48.602201Z","level":"INFO","message":"async dispatch: delivery handled","message_id":"inv_01m2saq49jcs7bcqshhmd9ke49","sequence":7,"delivery_count":1,"outcome":"Completed { status: \"succeeded\" }","target":"tachyon_serverless_application::services::invoke_async::dispatch"}
{"timestamp":"2026-09-18T03:59:48.608425Z","level":"INFO","message":"asynchronous run claimed","invocation_id":"inv_01m2saq4fm9y1h250j60evvq7p","attempt":1,"generation":0,"delivery_count":1,"target":"tachyon_serverless_application::services::invoke_async::dispatch"}
{"timestamp":"2026-09-18T03:59:48.677851Z","level":"INFO","message":"object retention pass","report":"GcReport { examined: 1, collected_expired: 0, collected_orphans: 0, kept_in_use: 0, kept_referenced: 1, incomplete_removed: 0, tombstones_purged: 0, failed: 0 }","target":"tachyon_serverless_gateway"}
{"timestamp":"2026-09-18T03:59:50.581188Z","level":"INFO","message":"bridge spawned","environment_id":"env_01m2saq9c0gk17pwct9asdzpew","pid":775923,"target":"tachyon_serverless_provider_process"}
{"timestamp":"2026-09-18T03:59:50.786759Z","level":"WARN","message":"state.db write transaction held the database write lock for long: every other writer, in this process and in any gateway sharing the file, waited","site":"crates/application/src/repository/sqlite/triggers.rs:522","held_ms":915,"threshold_ms":250,"target":"tachyon_serverless_application::repository::sqlite"}
{"timestamp":"2026-09-18T03:59:50.794265Z","level":"INFO","message":"bridge spawned","environment_id":"env_01m2saq9bpkrscbfaf3b8rz1ff","pid":775931,"target":"tachyon_serverless_provider_process"}
{"timestamp":"2026-09-18T03:59:50.799534Z","level":"INFO","message":"object retention pass","report":"GcReport { examined: 2, collected_expired: 0, collected_orphans: 0, kept_in_use: 1, kept_referenced: 1, incomplete_removed: 0, tombstones_purged: 0, failed: 0 }","target":"tachyon_serverless_gateway"}
{"timestamp":"2026-09-18T03:59:50.924470Z","level":"INFO","message":"invocation finished","invocation_id":"inv_01m2saq4fm9y1h250j60evvq7p","status":"succeeded (async run)","handler_ms":3,"environment_boot_ms":212,"runtime_init_ms":78,"target":"tachyon_serverless_application::services::invoke"}
{"timestamp":"2026-09-18T03:59:50.934203Z","level":"INFO","message":"invocation finished","invocation_id":"inv_01m2saq4e20adpt7ddvy74dgr3","status":"succeeded (async run)","handler_ms":8,"environment_boot_ms":6,"runtime_init_ms":95,"target":"tachyon_serverless_application::services::invoke"}
{"timestamp":"2026-09-18T03:59:50.935727Z","level":"INFO","message":"terminating bridge","environment_id":"env_01m2saq9c0gk17pwct9asdzpew","pid":775923,"reason":"Completed","graceful":true,"target":"tachyon_serverless_provider_process"}
{"timestamp":"2026-09-18T03:59:50.937735Z","level":"INFO","message":"terminating bridge","environment_id":"env_01m2saq9bpkrscbfaf3b8rz1ff","pid":775931,"reason":"Completed","graceful":true,"target":"tachyon_serverless_provider_process"}
{"timestamp":"2026-09-18T03:59:50.955554Z","level":"INFO","message":"asynchronous invocation settled","invocation_id":"inv_01m2saq4fm9y1h250j60evvq7p","status":"succeeded","target":"tachyon_serverless_application::services::invoke_async::dispatch"}
{"timestamp":"2026-09-18T03:59:50.960832Z","level":"INFO","message":"async dispatch: delivery handled","message_id":"inv_01m2saq4fm9y1h250j60evvq7p","sequence":9,"delivery_count":1,"outcome":"Completed { status: \"succeeded\" }","target":"tachyon_serverless_application::services::invoke_async::dispatch"}
{"timestamp":"2026-09-18T03:59:50.966924Z","level":"INFO","message":"asynchronous invocation settled","invocation_id":"inv_01m2saq4e20adpt7ddvy74dgr3","status":"succeeded","target":"tachyon_serverless_application::services::invoke_async::dispatch"}
{"timestamp":"2026-09-18T03:59:50.973364Z","level":"INFO","message":"async dispatch: delivery handled","message_id":"inv_01m2saq4e20adpt7ddvy74dgr3","sequence":8,"delivery_count":1,"outcome":"Completed { status: \"succeeded\" }","target":"tachyon_serverless_application::services::invoke_async::dispatch"}
{"timestamp":"2026-09-18T03:59:51.229046Z","level":"INFO","message":"SIGTERM received","target":"tachyon_serverless_gateway"}
{"timestamp":"2026-09-18T03:59:51.229094Z","level":"INFO","message":"shutdown requested; cancelling in-flight invocations","target":"tachyon_serverless_gateway"}
{"timestamp":"2026-09-18T03:59:51.229490Z","level":"INFO","message":"final usage collection","report":"CollectReport { batches: 0, read: 0, inserted: 0, duplicates: 0, cursor_seq: 55 }","target":"tachyon_serverless_gateway"}
{"timestamp":"2026-09-18T03:59:51.267925Z","level":"INFO","message":"gateway stopped","target":"tachyon_serverless_gateway"}
{"timestamp":"2026-09-18T03:59:51.268306Z","level":"INFO","message":"event: closed","target":"async_nats"}

===== a start (failpoints: dispatch.after_claim=kill) 03:59:51 =====
{"timestamp":"2026-09-18T03:59:51.549133Z","level":"INFO","message":"configuration loaded","config":"/home/takanorifukuyama.guest/w/tsls-chaos.JrwM94/gw-a.toml","target":"tachyon_serverless_gateway"}
{"timestamp":"2026-09-18T03:59:51.551430Z","level":"INFO","message":"connected successfully","server":"43737","max_payload":"1048576","target":"async_nats::connector"}
{"timestamp":"2026-09-18T03:59:51.551591Z","level":"INFO","message":"event: connected","target":"async_nats"}
{"timestamp":"2026-09-18T03:59:51.623832Z","level":"INFO","message":"JetStream queue connected and stream bootstrapped","url":"nats://127.0.0.1:43737","stream":"TACHYON_EVENTS","target":"tachyon_serverless_gateway::durable"}
{"timestamp":"2026-09-18T03:59:51.625087Z","level":"INFO","message":"state store opened","path":"/home/takanorifukuyama.guest/w/tsls-chaos.JrwM94/data/state.db","schema_version":8,"migrations_applied":"[]","imported_state_json":"None","settled_invocations":0,"settled_attempts":0,"settled_environments":0,"released_leases":0,"dropped_idempotency_keys":0,"purged_idempotency_keys":0,"outputs_purged":0,"target":"tachyon_serverless_application::app"}
{"timestamp":"2026-09-18T03:59:51.704236Z","level":"INFO","message":"log store opened","path":"/home/takanorifukuyama.guest/w/tsls-chaos.JrwM94/data/logs/logs.db","healthy":true,"retention_seconds":604800,"max_total_bytes":1073741824,"target":"tachyon_serverless_application::app"}
{"timestamp":"2026-09-18T03:59:51.751813Z","level":"INFO","message":"dispatcher registered","dispatcher_id":"dsp_01m2saqccreq23akjjctcrhw1b","instance":"chaos-a","pid":775962,"lease_ttl_seconds":6,"target":"tachyon_serverless_application::services::dispatcher"}
{"timestamp":"2026-09-18T03:59:51.767774Z","level":"WARN","message":"reclaimed the work of dispatchers that lost their lease","dispatcher_id":"dsp_01m2saqccreq23akjjctcrhw1b","reclaimed_dispatchers":"[DispatcherId(dsp_01m2sapc2f1wvvv6yqk5d16je6)]","leases":0,"invocations":0,"attempts":0,"fenced":0,"target":"tachyon_serverless_application::services::dispatcher"}
{"timestamp":"2026-09-18T03:59:51.769234Z","level":"WARN","message":"failpoint armed from TSLS_FAILPOINTS","name":"dispatch.after_claim","action":"Kill","count":"None","target":"tachyon_serverless_application::failpoints"}
{"timestamp":"2026-09-18T03:59:51.769286Z","level":"INFO","message":"application bootstrapped","profile":"dev","provider":"process","dev_only":true,"environment_reuse":false,"reuse_verified":false,"reuse_reason":"[pool] enabled is false","reuse_disabled":"Some(Configuration)","idle_quiesce":"unsupported","idle_resume":"unsupported","data_dir":"/home/takanorifukuyama.guest/w/tsls-chaos.JrwM94/data","store":"sqlite","dispatcher_id":"dsp_01m2saqccreq23akjjctcrhw1b","node":"local","node_region":"none","node_memory_mib":"None","max_concurrency":8,"queue":"nats","objects":"filesystem","invoke_async":true,"triggers":true,"target":"tachyon_serverless_application::app"}
{"timestamp":"2026-09-18T03:59:51.769570Z","level":"INFO","message":"startup reconcile finished","provider":"process","found":0,"adopted":0,"terminated":0,"disowned":0,"failed":0,"lost":0,"foreign":0,"reclaimed_dispatchers":0,"fenced_terminated":0,"fenced_pending":0,"target":"tachyon_serverless_application::services::reconcile"}
{"timestamp":"2026-09-18T03:59:51.769669Z","level":"INFO","message":"gateway listening","addr":"127.0.0.1:36979","profile":"dev","provider":"process","target":"tachyon_serverless_gateway"}
{"timestamp":"2026-09-18T03:59:51.770792Z","level":"INFO","message":"asynchronous dispatcher started","workers":2,"owner":"dsp_01m2saqccreq23akjjctcrhw1b","target":"tachyon_serverless_gateway"}
{"timestamp":"2026-09-18T03:59:51.824604Z","level":"INFO","message":"object retention pass","report":"GcReport { examined: 2, collected_expired: 0, collected_orphans: 0, kept_in_use: 0, kept_referenced: 2, incomplete_removed: 0, tombstones_purged: 0, failed: 0 }","target":"tachyon_serverless_gateway"}
{"timestamp":"2026-09-18T03:59:51.920348Z","level":"INFO","message":"asynchronous invocation accepted","invocation_id":"inv_01m2saqch5d07mjb82eeb8r775","tenant_id":"tn_01hzzzzzzzzzzzzzzzzzzzzzza","revision_id":"rev_01m2sapg5yj9ftwh02dhsjz535","input_bytes":81,"input_storage":"inline","target":"tachyon_serverless_application::services::invoke_async"}
{"timestamp":"2026-09-18T03:59:52.198655Z","level":"INFO","message":"asynchronous run claimed","invocation_id":"inv_01m2saqch5d07mjb82eeb8r775","attempt":1,"generation":0,"delivery_count":1,"target":"tachyon_serverless_application::services::invoke_async::dispatch"}
{"timestamp":"2026-09-18T03:59:52.199049Z","level":"ERROR","message":"failpoint fired: SIGKILL","name":"dispatch.after_claim","target":"tachyon_serverless_application::failpoints"}

===== a start (failpoints: none) 03:59:52 =====
{"timestamp":"2026-09-18T03:59:52.410492Z","level":"INFO","message":"configuration loaded","config":"/home/takanorifukuyama.guest/w/tsls-chaos.JrwM94/gw-a.toml","target":"tachyon_serverless_gateway"}
{"timestamp":"2026-09-18T03:59:52.412677Z","level":"INFO","message":"connected successfully","server":"43737","max_payload":"1048576","target":"async_nats::connector"}
{"timestamp":"2026-09-18T03:59:52.412772Z","level":"INFO","message":"event: connected","target":"async_nats"}
{"timestamp":"2026-09-18T03:59:52.423563Z","level":"INFO","message":"JetStream queue connected and stream bootstrapped","url":"nats://127.0.0.1:43737","stream":"TACHYON_EVENTS","target":"tachyon_serverless_gateway::durable"}
{"timestamp":"2026-09-18T03:59:52.425040Z","level":"INFO","message":"state store opened","path":"/home/takanorifukuyama.guest/w/tsls-chaos.JrwM94/data/state.db","schema_version":8,"migrations_applied":"[]","imported_state_json":"None","settled_invocations":0,"settled_attempts":0,"settled_environments":0,"released_leases":0,"dropped_idempotency_keys":0,"purged_idempotency_keys":0,"outputs_purged":0,"target":"tachyon_serverless_application::app"}
{"timestamp":"2026-09-18T03:59:52.428753Z","level":"INFO","message":"log store opened","path":"/home/takanorifukuyama.guest/w/tsls-chaos.JrwM94/data/logs/logs.db","healthy":true,"retention_seconds":604800,"max_total_bytes":1073741824,"target":"tachyon_serverless_application::app"}
{"timestamp":"2026-09-18T03:59:52.433428Z","level":"INFO","message":"dispatcher registered","dispatcher_id":"dsp_01m2saqd3cxqcewkkwk5j9h6m8","instance":"chaos-a","pid":776041,"lease_ttl_seconds":6,"target":"tachyon_serverless_application::services::dispatcher"}
{"timestamp":"2026-09-18T03:59:52.436398Z","level":"WARN","message":"reclaimed the work of dispatchers that lost their lease","dispatcher_id":"dsp_01m2saqd3cxqcewkkwk5j9h6m8","reclaimed_dispatchers":"[DispatcherId(dsp_01m2saqccreq23akjjctcrhw1b)]","leases":0,"invocations":0,"attempts":0,"fenced":0,"target":"tachyon_serverless_application::services::dispatcher"}
{"timestamp":"2026-09-18T03:59:52.438350Z","level":"INFO","message":"application bootstrapped","profile":"dev","provider":"process","dev_only":true,"environment_reuse":false,"reuse_verified":false,"reuse_reason":"[pool] enabled is false","reuse_disabled":"Some(Configuration)","idle_quiesce":"unsupported","idle_resume":"unsupported","data_dir":"/home/takanorifukuyama.guest/w/tsls-chaos.JrwM94/data","store":"sqlite","dispatcher_id":"dsp_01m2saqd3cxqcewkkwk5j9h6m8","node":"local","node_region":"none","node_memory_mib":"None","max_concurrency":8,"queue":"nats","objects":"filesystem","invoke_async":true,"triggers":true,"target":"tachyon_serverless_application::app"}
{"timestamp":"2026-09-18T03:59:52.439240Z","level":"INFO","message":"startup reconcile finished","provider":"process","found":0,"adopted":0,"terminated":0,"disowned":0,"failed":0,"lost":0,"foreign":0,"reclaimed_dispatchers":0,"fenced_terminated":0,"fenced_pending":0,"target":"tachyon_serverless_application::services::reconcile"}
{"timestamp":"2026-09-18T03:59:52.439434Z","level":"INFO","message":"gateway listening","addr":"127.0.0.1:36979","profile":"dev","provider":"process","target":"tachyon_serverless_gateway"}
{"timestamp":"2026-09-18T03:59:52.442392Z","level":"INFO","message":"asynchronous dispatcher started","workers":2,"owner":"dsp_01m2saqd3cxqcewkkwk5j9h6m8","target":"tachyon_serverless_gateway"}
{"timestamp":"2026-09-18T03:59:52.449061Z","level":"INFO","message":"object retention pass","report":"GcReport { examined: 2, collected_expired: 0, collected_orphans: 0, kept_in_use: 0, kept_referenced: 2, incomplete_removed: 0, tombstones_purged: 0, failed: 0 }","target":"tachyon_serverless_gateway"}
{"timestamp":"2026-09-18T03:59:54.479476Z","level":"WARN","message":"state.db write transaction held the database write lock for long: every other writer, in this process and in any gateway sharing the file, waited","site":"crates/application/src/repository/sqlite/triggers.rs:522","held_ms":388,"threshold_ms":250,"target":"tachyon_serverless_application::repository::sqlite"}
{"timestamp":"2026-09-18T03:59:54.484904Z","level":"INFO","message":"object retention pass","report":"GcReport { examined: 2, collected_expired: 0, collected_orphans: 0, kept_in_use: 0, kept_referenced: 2, incomplete_removed: 0, tombstones_purged: 0, failed: 0 }","target":"tachyon_serverless_gateway"}
{"timestamp":"2026-09-18T03:59:56.164215Z","level":"INFO","message":"async dispatch: delivery handled","message_id":"inv_01m2saqch5d07mjb82eeb8r775","sequence":10,"delivery_count":2,"outcome":"Skipped(\"claimed\")","target":"tachyon_serverless_application::services::invoke_async::dispatch"}
{"timestamp":"2026-09-18T03:59:56.761394Z","level":"WARN","message":"state.db write transaction held the database write lock for long: every other writer, in this process and in any gateway sharing the file, waited","site":"crates/application/src/repository/sqlite/triggers.rs:522","held_ms":379,"threshold_ms":250,"target":"tachyon_serverless_application::repository::sqlite"}
{"timestamp":"2026-09-18T03:59:56.765143Z","level":"INFO","message":"object retention pass","report":"GcReport { examined: 2, collected_expired: 0, collected_orphans: 0, kept_in_use: 0, kept_referenced: 2, incomplete_removed: 0, tombstones_purged: 0, failed: 0 }","target":"tachyon_serverless_gateway"}
{"timestamp":"2026-09-18T03:59:56.768649Z","level":"INFO","message":"asynchronous invocation rescheduled","invocation_id":"inv_01m2saqch5d07mjb82eeb8r775","next_attempt_at":"2026-09-18T03:59:57.018207389+00:00","counted":true,"error_type":"Host.AsyncRunAbandoned","target":"tachyon_serverless_application::services::invoke_async::dispatch"}
{"timestamp":"2026-09-18T03:59:56.768691Z","level":"INFO","message":"async reaper pass","report":"ReapReport { examined: 1, abandoned: 1, republished: 0, dead_lettered: 0, lost: 0, failed: 0 }","target":"tachyon_serverless_application::services::invoke_async::dispatch"}
{"timestamp":"2026-09-18T03:59:57.141498Z","level":"INFO","message":"asynchronous run claimed","invocation_id":"inv_01m2saqch5d07mjb82eeb8r775","attempt":2,"generation":1,"delivery_count":1,"target":"tachyon_serverless_application::services::invoke_async::dispatch"}
{"timestamp":"2026-09-18T03:59:58.355658Z","level":"INFO","message":"object retention pass","report":"GcReport { examined: 2, collected_expired: 0, collected_orphans: 0, kept_in_use: 0, kept_referenced: 2, incomplete_removed: 0, tombstones_purged: 0, failed: 0 }","target":"tachyon_serverless_gateway"}
{"timestamp":"2026-09-18T03:59:58.373984Z","level":"INFO","message":"bridge spawned","environment_id":"env_01m2saqhppgd303q7ytmnqyew3","pid":776131,"target":"tachyon_serverless_provider_process"}
{"timestamp":"2026-09-18T03:59:58.940453Z","level":"INFO","message":"invocation finished","invocation_id":"inv_01m2saqch5d07mjb82eeb8r775","status":"succeeded (async run)","handler_ms":304,"environment_boot_ms":30,"runtime_init_ms":112,"target":"tachyon_serverless_application::services::invoke"}
{"timestamp":"2026-09-18T03:59:58.947310Z","level":"INFO","message":"terminating bridge","environment_id":"env_01m2saqhppgd303q7ytmnqyew3","pid":776131,"reason":"Completed","graceful":true,"target":"tachyon_serverless_provider_process"}
{"timestamp":"2026-09-18T03:59:58.966452Z","level":"INFO","message":"asynchronous invocation settled","invocation_id":"inv_01m2saqch5d07mjb82eeb8r775","status":"succeeded","target":"tachyon_serverless_application::services::invoke_async::dispatch"}
{"timestamp":"2026-09-18T03:59:58.970433Z","level":"INFO","message":"async dispatch: delivery handled","message_id":"inv_01m2saqch5d07mjb82eeb8r775.g1","sequence":11,"delivery_count":1,"outcome":"Completed { status: \"succeeded\" }","target":"tachyon_serverless_application::services::invoke_async::dispatch"}
{"timestamp":"2026-09-18T04:00:00.347161Z","level":"INFO","message":"object retention pass","report":"GcReport { examined: 2, collected_expired: 0, collected_orphans: 0, kept_in_use: 0, kept_referenced: 2, incomplete_removed: 0, tombstones_purged: 0, failed: 0 }","target":"tachyon_serverless_gateway"}
{"timestamp":"2026-09-18T04:00:01.112359Z","level":"WARN","message":"state.db write transaction held the database write lock for long: every other writer, in this process and in any gateway sharing the file, waited","site":"crates/application/src/repository/sqlite/triggers.rs:522","held_ms":614,"threshold_ms":250,"target":"tachyon_serverless_application::repository::sqlite"}
{"timestamp":"2026-09-18T04:00:01.487786Z","level":"INFO","message":"bridge spawned","environment_id":"env_01m2saqkpvj5arxthmh1wkxc71","pid":776185,"target":"tachyon_serverless_provider_process"}
{"timestamp":"2026-09-18T04:00:01.569767Z","level":"INFO","message":"invocation finished","invocation_id":"inv_01m2saqkps33503ak48kskejev","status":"succeeded","handler_ms":3,"environment_boot_ms":2,"runtime_init_ms":56,"target":"tachyon_serverless_application::services::invoke"}
{"timestamp":"2026-09-18T04:00:01.579770Z","level":"INFO","message":"terminating bridge","environment_id":"env_01m2saqkpvj5arxthmh1wkxc71","pid":776185,"reason":"Completed","graceful":true,"target":"tachyon_serverless_provider_process"}
{"timestamp":"2026-09-18T04:00:01.707788Z","level":"INFO","message":"asynchronous invocation accepted","invocation_id":"inv_01m2saqp43hr5vhgckz3zp6wwz","tenant_id":"tn_01hzzzzzzzzzzzzzzzzzzzzzza","revision_id":"rev_01m2sapg5yj9ftwh02dhsjz535","input_bytes":48,"input_storage":"inline","target":"tachyon_serverless_application::services::invoke_async"}
{"timestamp":"2026-09-18T04:00:01.884131Z","level":"INFO","message":"asynchronous run claimed","invocation_id":"inv_01m2saqp43hr5vhgckz3zp6wwz","attempt":1,"generation":0,"delivery_count":1,"target":"tachyon_serverless_application::services::invoke_async::dispatch"}
{"timestamp":"2026-09-18T04:00:01.996444Z","level":"INFO","message":"asynchronous invocation accepted","invocation_id":"inv_01m2saqp84xca4p72dtqaw2wen","tenant_id":"tn_01hzzzzzzzzzzzzzzzzzzzzzza","revision_id":"rev_01m2sapg5yj9ftwh02dhsjz535","input_bytes":4128,"input_storage":"object","target":"tachyon_serverless_application::services::invoke_async"}
{"timestamp":"2026-09-18T04:00:02.076725Z","level":"INFO","message":"asynchronous invocation accepted","invocation_id":"inv_01m2saqpf6zpwt8qb4y16cem9p","tenant_id":"tn_01hzzzzzzzzzzzzzzzzzzzzzza","revision_id":"rev_01m2sapnpwqjbd3e3yh0cy82r0","input_bytes":191,"input_storage":"inline","target":"tachyon_serverless_application::services::invoke_async"}
{"timestamp":"2026-09-18T04:00:02.076824Z","level":"INFO","message":"webhook trigger fired","trigger_id":"trg_01m2sapypn9xtzc158abkmjkxt","event_id":"evt-post-w1","invocation_id":"inv_01m2saqpf6zpwt8qb4y16cem9p","revision_id":"rev_01m2sapnpwqjbd3e3yh0cy82r0","replayed":false,"target":"tachyon_serverless_application::services::triggers"}
{"timestamp":"2026-09-18T04:00:02.148787Z","level":"INFO","message":"asynchronous run claimed","invocation_id":"inv_01m2saqp84xca4p72dtqaw2wen","attempt":1,"generation":0,"delivery_count":1,"target":"tachyon_serverless_application::services::invoke_async::dispatch"}
{"timestamp":"2026-09-18T04:00:02.200040Z","level":"INFO","message":"trigger updated","trigger_id":"trg_01m2sapyp25vvhsyk0myq04vn9","generation":3,"status":"disabled","next_fire_at":"None","rotated_secret":false,"target":"tachyon_serverless_application::services::triggers"}
{"timestamp":"2026-09-18T04:00:02.343423Z","level":"INFO","message":"object retention pass","report":"GcReport { examined: 2, collected_expired: 0, collected_orphans: 0, kept_in_use: 0, kept_referenced: 2, incomplete_removed: 0, tombstones_purged: 0, failed: 0 }","target":"tachyon_serverless_gateway"}
{"timestamp":"2026-09-18T04:00:04.037395Z","level":"WARN","message":"state.db write transaction held the database write lock for long: every other writer, in this process and in any gateway sharing the file, waited","site":"crates/application/src/repository/sqlite/triggers.rs:522","held_ms":1017,"threshold_ms":250,"target":"tachyon_serverless_application::repository::sqlite"}
{"timestamp":"2026-09-18T04:00:04.074920Z","level":"INFO","message":"bridge spawned","environment_id":"env_01m2saqpawdkhstvrz87tjwsar","pid":776367,"target":"tachyon_serverless_provider_process"}
{"timestamp":"2026-09-18T04:00:04.215807Z","level":"INFO","message":"invocation finished","invocation_id":"inv_01m2saqp43hr5vhgckz3zp6wwz","status":"succeeded (async run)","handler_ms":7,"environment_boot_ms":3,"runtime_init_ms":92,"target":"tachyon_serverless_application::services::invoke"}
{"timestamp":"2026-09-18T04:00:04.224835Z","level":"INFO","message":"terminating bridge","environment_id":"env_01m2saqpawdkhstvrz87tjwsar","pid":776367,"reason":"Completed","graceful":true,"target":"tachyon_serverless_provider_process"}
{"timestamp":"2026-09-18T04:00:04.257143Z","level":"INFO","message":"asynchronous invocation settled","invocation_id":"inv_01m2saqp43hr5vhgckz3zp6wwz","status":"succeeded","target":"tachyon_serverless_application::services::invoke_async::dispatch"}
{"timestamp":"2026-09-18T04:00:04.265311Z","level":"INFO","message":"async dispatch: delivery handled","message_id":"inv_01m2saqp43hr5vhgckz3zp6wwz","sequence":12,"delivery_count":1,"outcome":"Completed { status: \"succeeded\" }","target":"tachyon_serverless_application::services::invoke_async::dispatch"}
{"timestamp":"2026-09-18T04:00:04.271378Z","level":"INFO","message":"asynchronous run claimed","invocation_id":"inv_01m2saqpf6zpwt8qb4y16cem9p","attempt":1,"generation":0,"delivery_count":1,"target":"tachyon_serverless_application::services::invoke_async::dispatch"}
{"timestamp":"2026-09-18T04:00:04.350969Z","level":"INFO","message":"object retention pass","report":"GcReport { examined: 2, collected_expired: 0, collected_orphans: 0, kept_in_use: 0, kept_referenced: 2, incomplete_removed: 0, tombstones_purged: 0, failed: 0 }","target":"tachyon_serverless_gateway"}
{"timestamp":"2026-09-18T04:00:04.461990Z","level":"INFO","message":"bridge spawned","environment_id":"env_01m2saqpmrnt46yhpxfh6x47p6","pid":776386,"target":"tachyon_serverless_provider_process"}
{"timestamp":"2026-09-18T04:00:04.606680Z","level":"INFO","message":"invocation finished","invocation_id":"inv_01m2saqp84xca4p72dtqaw2wen","status":"succeeded (async run)","handler_ms":2,"environment_boot_ms":2,"runtime_init_ms":93,"target":"tachyon_serverless_application::services::invoke"}
{"timestamp":"2026-09-18T04:00:04.614344Z","level":"INFO","message":"terminating bridge","environment_id":"env_01m2saqpmrnt46yhpxfh6x47p6","pid":776386,"reason":"Completed","graceful":true,"target":"tachyon_serverless_provider_process"}
{"timestamp":"2026-09-18T04:00:04.635501Z","level":"INFO","message":"asynchronous invocation settled","invocation_id":"inv_01m2saqp84xca4p72dtqaw2wen","status":"succeeded","target":"tachyon_serverless_application::services::invoke_async::dispatch"}
{"timestamp":"2026-09-18T04:00:04.651634Z","level":"INFO","message":"async dispatch: delivery handled","message_id":"inv_01m2saqp84xca4p72dtqaw2wen","sequence":13,"delivery_count":1,"outcome":"Completed { status: \"succeeded\" }","target":"tachyon_serverless_application::services::invoke_async::dispatch"}
{"timestamp":"2026-09-18T04:00:06.348796Z","level":"INFO","message":"object retention pass","report":"GcReport { examined: 2, collected_expired: 0, collected_orphans: 0, kept_in_use: 0, kept_referenced: 2, incomplete_removed: 0, tombstones_purged: 0, failed: 0 }","target":"tachyon_serverless_gateway"}
{"timestamp":"2026-09-18T04:00:06.667328Z","level":"INFO","message":"bridge spawned","environment_id":"env_01m2saqrnfdr7qmh8f83tttjs0","pid":776471,"target":"tachyon_serverless_provider_process"}
{"timestamp":"2026-09-18T04:00:07.290333Z","level":"INFO","message":"invocation finished","invocation_id":"inv_01m2saqpf6zpwt8qb4y16cem9p","status":"succeeded (async run)","handler_ms":3,"environment_boot_ms":3,"runtime_init_ms":572,"target":"tachyon_serverless_application::services::invoke"}
{"timestamp":"2026-09-18T04:00:07.295268Z","level":"INFO","message":"terminating bridge","environment_id":"env_01m2saqrnfdr7qmh8f83tttjs0","pid":776471,"reason":"Completed","graceful":true,"target":"tachyon_serverless_provider_process"}
{"timestamp":"2026-09-18T04:00:07.309002Z","level":"INFO","message":"asynchronous invocation settled","invocation_id":"inv_01m2saqpf6zpwt8qb4y16cem9p","status":"succeeded","target":"tachyon_serverless_application::services::invoke_async::dispatch"}
{"timestamp":"2026-09-18T04:00:07.311180Z","level":"INFO","message":"async dispatch: delivery handled","message_id":"inv_01m2saqpf6zpwt8qb4y16cem9p","sequence":14,"delivery_count":1,"outcome":"Completed { status: \"succeeded\" }","target":"tachyon_serverless_application::services::invoke_async::dispatch"}
{"timestamp":"2026-09-18T04:00:08.405404Z","level":"INFO","message":"object retention pass","report":"GcReport { examined: 3, collected_expired: 0, collected_orphans: 0, kept_in_use: 0, kept_referenced: 3, incomplete_removed: 0, tombstones_purged: 0, failed: 0 }","target":"tachyon_serverless_gateway"}
{"timestamp":"2026-09-18T04:00:09.274315Z","level":"INFO","message":"SIGTERM received","target":"tachyon_serverless_gateway"}
{"timestamp":"2026-09-18T04:00:09.274374Z","level":"INFO","message":"shutdown requested; cancelling in-flight invocations","target":"tachyon_serverless_gateway"}
{"timestamp":"2026-09-18T04:00:09.274890Z","level":"INFO","message":"final usage collection","report":"CollectReport { batches: 0, read: 0, inserted: 0, duplicates: 0, cursor_seq: 80 }","target":"tachyon_serverless_gateway"}
{"timestamp":"2026-09-18T04:00:09.290828Z","level":"INFO","message":"gateway stopped","target":"tachyon_serverless_gateway"}
{"timestamp":"2026-09-18T04:00:09.291198Z","level":"INFO","message":"event: closed","target":"async_nats"}
