
===== a start (failpoints: none) 11:37:23 =====
{"timestamp":"2026-09-17T11:37:23.515054Z","level":"INFO","message":"configuration loaded","config":"/private/var/folders/z7/khzdjrt95cg_fcmcnh4j1b5h0000gn/T/tsls-chaos.z5Bchb/gw-a.toml","target":"tachyon_serverless_gateway"}
{"timestamp":"2026-09-17T11:37:23.517688Z","level":"INFO","message":"connected successfully","server":"56402","max_payload":"1048576","target":"async_nats::connector"}
{"timestamp":"2026-09-17T11:37:23.517889Z","level":"INFO","message":"event: connected","target":"async_nats"}
{"timestamp":"2026-09-17T11:37:23.535024Z","level":"INFO","message":"JetStream queue connected and stream bootstrapped","url":"nats://127.0.0.1:56402","stream":"TACHYON_EVENTS","target":"tachyon_serverless_gateway::durable"}
{"timestamp":"2026-09-17T11:37:23.548210Z","level":"INFO","message":"state store opened","path":"/private/var/folders/z7/khzdjrt95cg_fcmcnh4j1b5h0000gn/T/tsls-chaos.z5Bchb/data/state.db","schema_version":8,"migrations_applied":"[1, 2, 3, 4, 5, 6, 7, 8]","imported_state_json":"None","settled_invocations":0,"settled_attempts":0,"settled_environments":0,"released_leases":0,"dropped_idempotency_keys":0,"purged_idempotency_keys":0,"outputs_purged":0,"target":"tachyon_serverless_application::app"}
{"timestamp":"2026-09-17T11:37:23.548630Z","level":"INFO","message":"dispatcher registered","dispatcher_id":"dsp_01m2qjgdtw5y6jjpahq6kf0ygh","instance":"chaos-a","pid":67542,"lease_ttl_seconds":6,"target":"tachyon_serverless_application::services::dispatcher"}
{"timestamp":"2026-09-17T11:37:23.553005Z","level":"INFO","message":"application bootstrapped","profile":"dev","provider":"process","dev_only":true,"environment_reuse":false,"reuse_verified":false,"reuse_reason":"[pool] enabled is false","reuse_disabled":"Some(Configuration)","idle_quiesce":"unsupported","idle_resume":"unsupported","data_dir":"/private/var/folders/z7/khzdjrt95cg_fcmcnh4j1b5h0000gn/T/tsls-chaos.z5Bchb/data","store":"sqlite","dispatcher_id":"dsp_01m2qjgdtw5y6jjpahq6kf0ygh","node":"local","node_region":"none","node_memory_mib":"None","max_concurrency":8,"queue":"nats","objects":"filesystem","invoke_async":true,"triggers":true,"target":"tachyon_serverless_application::app"}
{"timestamp":"2026-09-17T11:37:23.553410Z","level":"INFO","message":"startup reconcile finished","provider":"process","found":0,"adopted":0,"terminated":0,"disowned":0,"failed":0,"lost":0,"foreign":0,"reclaimed_dispatchers":0,"fenced_terminated":0,"fenced_pending":0,"target":"tachyon_serverless_application::services::reconcile"}
{"timestamp":"2026-09-17T11:37:23.553527Z","level":"INFO","message":"gateway listening","addr":"127.0.0.1:56410","profile":"dev","provider":"process","target":"tachyon_serverless_gateway"}
{"timestamp":"2026-09-17T11:37:23.555811Z","level":"INFO","message":"asynchronous dispatcher started","workers":2,"owner":"dsp_01m2qjgdtw5y6jjpahq6kf0ygh","target":"tachyon_serverless_gateway"}
{"timestamp":"2026-09-17T11:37:24.782987Z","level":"INFO","message":"revision ready","revision_id":"rev_01m2qjgeqr5h8314qnpzp1pbrh","function_id":"fn_01m2qjge40vrj5b5czs67wyp07","target":"tachyon_serverless_application::services::revision"}
{"timestamp":"2026-09-17T11:37:25.685113Z","level":"INFO","message":"revision ready","revision_id":"rev_01m2qjgfnkbean6yb0hehc3n7b","function_id":"fn_01m2qjgf40wjawhegddg6m2b1w","target":"tachyon_serverless_application::services::revision"}
{"timestamp":"2026-09-17T11:37:26.571263Z","level":"INFO","message":"revision ready","revision_id":"rev_01m2qjggj463eb7j2vdzv8r2rm","function_id":"fn_01m2qjgg19btt9g8xpz5mnc7j4","target":"tachyon_serverless_application::services::revision"}
{"timestamp":"2026-09-17T11:37:26.946683Z","level":"INFO","message":"bridge spawned","environment_id":"env_01m2qjggyj4makea50ndwxrcze","pid":67839,"target":"tachyon_serverless_provider_process"}
{"timestamp":"2026-09-17T11:37:27.205303Z","level":"INFO","message":"invocation finished","invocation_id":"inv_01m2qjggyh34qnh0sv74y8ckxw","status":"succeeded","handler_ms":1,"environment_boot_ms":6,"runtime_init_ms":247,"target":"tachyon_serverless_application::services::invoke"}
{"timestamp":"2026-09-17T11:37:27.207570Z","level":"INFO","message":"terminating bridge","environment_id":"env_01m2qjggyj4makea50ndwxrcze","pid":67839,"reason":"Completed","graceful":true,"target":"tachyon_serverless_provider_process"}
{"timestamp":"2026-09-17T11:37:27.449351Z","level":"INFO","message":"bridge spawned","environment_id":"env_01m2qjghf9ef618khg6pqxvr5n","pid":67858,"target":"tachyon_serverless_provider_process"}
{"timestamp":"2026-09-17T11:37:27.460973Z","level":"INFO","message":"invocation finished","invocation_id":"inv_01m2qjghf9fq4e28vpwezbgyx2","status":"succeeded","handler_ms":0,"environment_boot_ms":4,"runtime_init_ms":5,"target":"tachyon_serverless_application::services::invoke"}
{"timestamp":"2026-09-17T11:37:27.462600Z","level":"INFO","message":"terminating bridge","environment_id":"env_01m2qjghf9ef618khg6pqxvr5n","pid":67858,"reason":"Completed","graceful":true,"target":"tachyon_serverless_provider_process"}
{"timestamp":"2026-09-17T11:37:27.693319Z","level":"INFO","message":"bridge spawned","environment_id":"env_01m2qjghpy66aprpdrs7at8hhz","pid":67877,"target":"tachyon_serverless_provider_process"}
{"timestamp":"2026-09-17T11:37:27.704567Z","level":"INFO","message":"invocation finished","invocation_id":"inv_01m2qjghpxg3v0sn8a2b4z648g","status":"succeeded","handler_ms":0,"environment_boot_ms":4,"runtime_init_ms":5,"target":"tachyon_serverless_application::services::invoke"}
{"timestamp":"2026-09-17T11:37:27.706183Z","level":"INFO","message":"terminating bridge","environment_id":"env_01m2qjghpy66aprpdrs7at8hhz","pid":67877,"reason":"Completed","graceful":true,"target":"tachyon_serverless_provider_process"}
{"timestamp":"2026-09-17T11:37:27.929619Z","level":"INFO","message":"bridge spawned","environment_id":"env_01m2qjghyh54bpmp8m216vpwgr","pid":67896,"target":"tachyon_serverless_provider_process"}
{"timestamp":"2026-09-17T11:37:27.940471Z","level":"INFO","message":"invocation finished","invocation_id":"inv_01m2qjghyhpeny42rh90hmy6mn","status":"succeeded","handler_ms":0,"environment_boot_ms":4,"runtime_init_ms":5,"target":"tachyon_serverless_application::services::invoke"}
{"timestamp":"2026-09-17T11:37:27.942084Z","level":"INFO","message":"terminating bridge","environment_id":"env_01m2qjghyh54bpmp8m216vpwgr","pid":67896,"reason":"Completed","graceful":true,"target":"tachyon_serverless_provider_process"}
{"timestamp":"2026-09-17T11:37:28.172035Z","level":"INFO","message":"bridge spawned","environment_id":"env_01m2qjgj5w7255attxj4a2dmrs","pid":67916,"target":"tachyon_serverless_provider_process"}
{"timestamp":"2026-09-17T11:37:28.183428Z","level":"INFO","message":"invocation finished","invocation_id":"inv_01m2qjgj5wdnvmr0f5sca71r4p","status":"succeeded","handler_ms":0,"environment_boot_ms":4,"runtime_init_ms":5,"target":"tachyon_serverless_application::services::invoke"}
{"timestamp":"2026-09-17T11:37:28.185033Z","level":"INFO","message":"terminating bridge","environment_id":"env_01m2qjgj5w7255attxj4a2dmrs","pid":67916,"reason":"Completed","graceful":true,"target":"tachyon_serverless_provider_process"}
{"timestamp":"2026-09-17T11:37:28.414605Z","level":"INFO","message":"bridge spawned","environment_id":"env_01m2qjgjdhx2nm8twzdv29wrq3","pid":67936,"target":"tachyon_serverless_provider_process"}
{"timestamp":"2026-09-17T11:37:28.426113Z","level":"INFO","message":"invocation finished","invocation_id":"inv_01m2qjgjdh7qs57a40g670n0vp","status":"succeeded","handler_ms":0,"environment_boot_ms":4,"runtime_init_ms":5,"target":"tachyon_serverless_application::services::invoke"}
{"timestamp":"2026-09-17T11:37:28.427703Z","level":"INFO","message":"terminating bridge","environment_id":"env_01m2qjgjdhx2nm8twzdv29wrq3","pid":67936,"reason":"Completed","graceful":true,"target":"tachyon_serverless_provider_process"}
{"timestamp":"2026-09-17T11:37:28.684763Z","level":"INFO","message":"bridge spawned","environment_id":"env_01m2qjgjn6mew5n6g15ewhgqqt","pid":67955,"target":"tachyon_serverless_provider_process"}
{"timestamp":"2026-09-17T11:37:28.699755Z","level":"INFO","message":"invocation finished","invocation_id":"inv_01m2qjgjn6adqdc6t8a36kkneb","status":"succeeded","handler_ms":0,"environment_boot_ms":6,"runtime_init_ms":7,"target":"tachyon_serverless_application::services::invoke"}
{"timestamp":"2026-09-17T11:37:28.701432Z","level":"INFO","message":"terminating bridge","environment_id":"env_01m2qjgjn6mew5n6g15ewhgqqt","pid":67955,"reason":"Completed","graceful":true,"target":"tachyon_serverless_provider_process"}
{"timestamp":"2026-09-17T11:37:28.989970Z","level":"INFO","message":"bridge spawned","environment_id":"env_01m2qjgjy1yp1bcw3v8n3jty2r","pid":67975,"target":"tachyon_serverless_provider_process"}
{"timestamp":"2026-09-17T11:37:29.004695Z","level":"INFO","message":"invocation finished","invocation_id":"inv_01m2qjgjy196cat800nh4a2wry","status":"succeeded","handler_ms":0,"environment_boot_ms":6,"runtime_init_ms":7,"target":"tachyon_serverless_application::services::invoke"}
{"timestamp":"2026-09-17T11:37:29.006325Z","level":"INFO","message":"terminating bridge","environment_id":"env_01m2qjgjy1yp1bcw3v8n3jty2r","pid":67975,"reason":"Completed","graceful":true,"target":"tachyon_serverless_provider_process"}
{"timestamp":"2026-09-17T11:37:29.288458Z","level":"INFO","message":"bridge spawned","environment_id":"env_01m2qjgk7j6rpbcarec9jwcbzq","pid":67996,"target":"tachyon_serverless_provider_process"}
{"timestamp":"2026-09-17T11:37:29.302032Z","level":"INFO","message":"invocation finished","invocation_id":"inv_01m2qjgk7jjbyvdbpac9a27csx","status":"succeeded","handler_ms":0,"environment_boot_ms":5,"runtime_init_ms":6,"target":"tachyon_serverless_application::services::invoke"}
{"timestamp":"2026-09-17T11:37:29.303675Z","level":"INFO","message":"terminating bridge","environment_id":"env_01m2qjgk7j6rpbcarec9jwcbzq","pid":67996,"reason":"Completed","graceful":true,"target":"tachyon_serverless_provider_process"}
{"timestamp":"2026-09-17T11:37:29.601558Z","level":"INFO","message":"bridge spawned","environment_id":"env_01m2qjgkgy9q3r3szvy3z3t3rs","pid":68015,"target":"tachyon_serverless_provider_process"}
{"timestamp":"2026-09-17T11:37:29.615542Z","level":"INFO","message":"invocation finished","invocation_id":"inv_01m2qjgkgy36y9be7jm1gp7vf1","status":"succeeded","handler_ms":0,"environment_boot_ms":5,"runtime_init_ms":6,"target":"tachyon_serverless_application::services::invoke"}
{"timestamp":"2026-09-17T11:37:29.617193Z","level":"INFO","message":"terminating bridge","environment_id":"env_01m2qjgkgy9q3r3szvy3z3t3rs","pid":68015,"reason":"Completed","graceful":true,"target":"tachyon_serverless_provider_process"}
{"timestamp":"2026-09-17T11:37:30.124864Z","level":"INFO","message":"asynchronous invocation accepted","invocation_id":"inv_01m2qjgm8bsqvptpphqrnqmfzz","tenant_id":"tn_01hzzzzzzzzzzzzzzzzzzzzzza","revision_id":"rev_01m2qjgeqr5h8314qnpzp1pbrh","input_bytes":53,"input_storage":"inline","target":"tachyon_serverless_application::services::invoke_async"}
{"timestamp":"2026-09-17T11:37:30.146217Z","level":"INFO","message":"asynchronous run claimed","invocation_id":"inv_01m2qjgm8bsqvptpphqrnqmfzz","attempt":1,"generation":0,"delivery_count":1,"target":"tachyon_serverless_application::services::invoke_async::dispatch"}
{"timestamp":"2026-09-17T11:37:30.147035Z","level":"INFO","message":"asynchronous invocation rescheduled","invocation_id":"inv_01m2qjgm8bsqvptpphqrnqmfzz","next_attempt_at":"2026-09-17T11:37:30.257577+00:00","counted":false,"error_type":"Host.UsageJournalFull","target":"tachyon_serverless_application::services::invoke_async::dispatch"}
{"timestamp":"2026-09-17T11:37:30.153440Z","level":"INFO","message":"async dispatch: delivery handled","message_id":"inv_01m2qjgm8bsqvptpphqrnqmfzz","sequence":1,"delivery_count":1,"outcome":"Rescheduled { next_attempt_at: 2026-09-17T11:37:30.257577Z, counted: false }","target":"tachyon_serverless_application::services::invoke_async::dispatch"}
{"timestamp":"2026-09-17T11:37:30.365678Z","level":"INFO","message":"asynchronous run claimed","invocation_id":"inv_01m2qjgm8bsqvptpphqrnqmfzz","attempt":1,"generation":1,"delivery_count":1,"target":"tachyon_serverless_application::services::invoke_async::dispatch"}
{"timestamp":"2026-09-17T11:37:30.366504Z","level":"INFO","message":"asynchronous invocation rescheduled","invocation_id":"inv_01m2qjgm8bsqvptpphqrnqmfzz","next_attempt_at":"2026-09-17T11:37:30.647030+00:00","counted":false,"error_type":"Host.UsageJournalFull","target":"tachyon_serverless_application::services::invoke_async::dispatch"}
{"timestamp":"2026-09-17T11:37:30.373016Z","level":"INFO","message":"async dispatch: delivery handled","message_id":"inv_01m2qjgm8bsqvptpphqrnqmfzz.g1","sequence":2,"delivery_count":1,"outcome":"Rescheduled { next_attempt_at: 2026-09-17T11:37:30.647030Z, counted: false }","target":"tachyon_serverless_application::services::invoke_async::dispatch"}
{"timestamp":"2026-09-17T11:37:30.619151Z","level":"INFO","message":"configuration loaded","config":"/private/var/folders/z7/khzdjrt95cg_fcmcnh4j1b5h0000gn/T/tsls-chaos.z5Bchb/gw-a.toml","target":"tachyon_serverless_gateway"}
{"timestamp":"2026-09-17T11:37:30.621913Z","level":"INFO","message":"connected successfully","server":"56402","max_payload":"1048576","target":"async_nats::connector"}
{"timestamp":"2026-09-17T11:37:30.622092Z","level":"INFO","message":"event: connected","target":"async_nats"}
{"timestamp":"2026-09-17T11:37:30.634745Z","level":"INFO","message":"JetStream queue connected and stream bootstrapped","url":"nats://127.0.0.1:56402","stream":"TACHYON_EVENTS","target":"tachyon_serverless_gateway::durable"}
{"timestamp":"2026-09-17T11:37:30.638620Z","level":"INFO","message":"state store opened","path":"/private/var/folders/z7/khzdjrt95cg_fcmcnh4j1b5h0000gn/T/tsls-chaos.z5Bchb/data/state.db","schema_version":8,"migrations_applied":"[]","imported_state_json":"None","settled_invocations":0,"settled_attempts":0,"settled_environments":0,"released_leases":0,"dropped_idempotency_keys":0,"purged_idempotency_keys":0,"outputs_purged":0,"target":"tachyon_serverless_application::app"}
{"timestamp":"2026-09-17T11:37:30.639038Z","level":"INFO","message":"dispatcher registered","dispatcher_id":"dsp_01m2qjgmrec6n2vzbrzkhkdbsj","instance":"chaos-a","pid":68159,"lease_ttl_seconds":6,"target":"tachyon_serverless_application::services::dispatcher"}
{"timestamp":"2026-09-17T11:37:30.639538Z","level":"WARN","message":"reclaimed the work of dispatchers that lost their lease","dispatcher_id":"dsp_01m2qjgmrec6n2vzbrzkhkdbsj","reclaimed_dispatchers":"[DispatcherId(dsp_01m2qjgdtw5y6jjpahq6kf0ygh)]","leases":0,"invocations":0,"attempts":0,"fenced":0,"target":"tachyon_serverless_application::services::dispatcher"}
{"timestamp":"2026-09-17T11:37:30.641955Z","level":"WARN","message":"usage collector crash point armed (dev profile, test only)","crash_point":"collector.after_ledger_commit","target":"tachyon_serverless_application::usage"}
{"timestamp":"2026-09-17T11:37:30.642357Z","level":"INFO","message":"application bootstrapped","profile":"dev","provider":"process","dev_only":true,"environment_reuse":false,"reuse_verified":false,"reuse_reason":"[pool] enabled is false","reuse_disabled":"Some(Configuration)","idle_quiesce":"unsupported","idle_resume":"unsupported","data_dir":"/private/var/folders/z7/khzdjrt95cg_fcmcnh4j1b5h0000gn/T/tsls-chaos.z5Bchb/data","store":"sqlite","dispatcher_id":"dsp_01m2qjgmrec6n2vzbrzkhkdbsj","node":"local","node_region":"none","node_memory_mib":"None","max_concurrency":8,"queue":"nats","objects":"filesystem","invoke_async":true,"triggers":true,"target":"tachyon_serverless_application::app"}
{"timestamp":"2026-09-17T11:37:30.642859Z","level":"INFO","message":"startup reconcile finished","provider":"process","found":0,"adopted":0,"terminated":0,"disowned":0,"failed":0,"lost":0,"foreign":0,"reclaimed_dispatchers":0,"fenced_terminated":0,"fenced_pending":0,"target":"tachyon_serverless_application::services::reconcile"}
{"timestamp":"2026-09-17T11:37:30.642967Z","level":"INFO","message":"gateway listening","addr":"127.0.0.1:56410","profile":"dev","provider":"process","target":"tachyon_serverless_gateway"}
{"timestamp":"2026-09-17T11:37:30.644916Z","level":"INFO","message":"asynchronous dispatcher started","workers":2,"owner":"dsp_01m2qjgmrec6n2vzbrzkhkdbsj","target":"tachyon_serverless_gateway"}
{"timestamp":"2026-09-17T11:37:30.652940Z","level":"ERROR","message":"usage crash point: SIGKILL after the ledger commit, before the cursor","last_seq":25,"target":"tachyon_serverless_application::usage"}

===== a start (failpoints: none) 11:37:30 =====
{"timestamp":"2026-09-17T11:37:30.773098Z","level":"INFO","message":"configuration loaded","config":"/private/var/folders/z7/khzdjrt95cg_fcmcnh4j1b5h0000gn/T/tsls-chaos.z5Bchb/gw-a.toml","target":"tachyon_serverless_gateway"}
{"timestamp":"2026-09-17T11:37:30.775398Z","level":"INFO","message":"connected successfully","server":"56402","max_payload":"1048576","target":"async_nats::connector"}
{"timestamp":"2026-09-17T11:37:30.775547Z","level":"INFO","message":"event: connected","target":"async_nats"}
{"timestamp":"2026-09-17T11:37:30.787004Z","level":"INFO","message":"JetStream queue connected and stream bootstrapped","url":"nats://127.0.0.1:56402","stream":"TACHYON_EVENTS","target":"tachyon_serverless_gateway::durable"}
{"timestamp":"2026-09-17T11:37:30.789141Z","level":"INFO","message":"state store opened","path":"/private/var/folders/z7/khzdjrt95cg_fcmcnh4j1b5h0000gn/T/tsls-chaos.z5Bchb/data/state.db","schema_version":8,"migrations_applied":"[]","imported_state_json":"None","settled_invocations":0,"settled_attempts":0,"settled_environments":0,"released_leases":0,"dropped_idempotency_keys":0,"purged_idempotency_keys":0,"outputs_purged":0,"target":"tachyon_serverless_application::app"}
{"timestamp":"2026-09-17T11:37:30.789465Z","level":"INFO","message":"dispatcher registered","dispatcher_id":"dsp_01m2qjgmx56pe96qgk268jmyfq","instance":"chaos-a","pid":68170,"lease_ttl_seconds":6,"target":"tachyon_serverless_application::services::dispatcher"}
{"timestamp":"2026-09-17T11:37:30.789962Z","level":"WARN","message":"reclaimed the work of dispatchers that lost their lease","dispatcher_id":"dsp_01m2qjgmx56pe96qgk268jmyfq","reclaimed_dispatchers":"[DispatcherId(dsp_01m2qjgmrec6n2vzbrzkhkdbsj)]","leases":0,"invocations":0,"attempts":0,"fenced":0,"target":"tachyon_serverless_application::services::dispatcher"}
{"timestamp":"2026-09-17T11:37:30.791930Z","level":"INFO","message":"application bootstrapped","profile":"dev","provider":"process","dev_only":true,"environment_reuse":false,"reuse_verified":false,"reuse_reason":"[pool] enabled is false","reuse_disabled":"Some(Configuration)","idle_quiesce":"unsupported","idle_resume":"unsupported","data_dir":"/private/var/folders/z7/khzdjrt95cg_fcmcnh4j1b5h0000gn/T/tsls-chaos.z5Bchb/data","store":"sqlite","dispatcher_id":"dsp_01m2qjgmx56pe96qgk268jmyfq","node":"local","node_region":"none","node_memory_mib":"None","max_concurrency":8,"queue":"nats","objects":"filesystem","invoke_async":true,"triggers":true,"target":"tachyon_serverless_application::app"}
{"timestamp":"2026-09-17T11:37:30.792423Z","level":"INFO","message":"startup reconcile finished","provider":"process","found":0,"adopted":0,"terminated":0,"disowned":0,"failed":0,"lost":0,"foreign":0,"reclaimed_dispatchers":0,"fenced_terminated":0,"fenced_pending":0,"target":"tachyon_serverless_application::services::reconcile"}
{"timestamp":"2026-09-17T11:37:30.792502Z","level":"INFO","message":"gateway listening","addr":"127.0.0.1:56410","profile":"dev","provider":"process","target":"tachyon_serverless_gateway"}
{"timestamp":"2026-09-17T11:37:30.794147Z","level":"INFO","message":"asynchronous dispatcher started","workers":2,"owner":"dsp_01m2qjgmx56pe96qgk268jmyfq","target":"tachyon_serverless_gateway"}
{"timestamp":"2026-09-17T11:37:30.815243Z","level":"INFO","message":"asynchronous run claimed","invocation_id":"inv_01m2qjgm8bsqvptpphqrnqmfzz","attempt":1,"generation":2,"delivery_count":1,"target":"tachyon_serverless_application::services::invoke_async::dispatch"}
{"timestamp":"2026-09-17T11:37:31.051857Z","level":"INFO","message":"bridge spawned","environment_id":"env_01m2qjgmxz9xmpjmfkaw7r9a38","pid":68181,"target":"tachyon_serverless_provider_process"}
{"timestamp":"2026-09-17T11:37:31.331477Z","level":"INFO","message":"invocation finished","invocation_id":"inv_01m2qjgm8bsqvptpphqrnqmfzz","status":"succeeded (async run)","handler_ms":3,"environment_boot_ms":6,"runtime_init_ms":266,"target":"tachyon_serverless_application::services::invoke"}
{"timestamp":"2026-09-17T11:37:31.333834Z","level":"INFO","message":"terminating bridge","environment_id":"env_01m2qjgmxz9xmpjmfkaw7r9a38","pid":68181,"reason":"Completed","graceful":true,"target":"tachyon_serverless_provider_process"}
{"timestamp":"2026-09-17T11:37:31.339409Z","level":"INFO","message":"asynchronous invocation settled","invocation_id":"inv_01m2qjgm8bsqvptpphqrnqmfzz","status":"succeeded","target":"tachyon_serverless_application::services::invoke_async::dispatch"}
{"timestamp":"2026-09-17T11:37:31.349828Z","level":"INFO","message":"async dispatch: delivery handled","message_id":"inv_01m2qjgm8bsqvptpphqrnqmfzz.g2","sequence":3,"delivery_count":1,"outcome":"Completed { status: \"succeeded\" }","target":"tachyon_serverless_application::services::invoke_async::dispatch"}
{"timestamp":"2026-09-17T11:37:31.998809Z","level":"INFO","message":"bridge spawned","environment_id":"env_01m2qjgnx6kr480dcr1s8nwefn","pid":68250,"target":"tachyon_serverless_provider_process"}
{"timestamp":"2026-09-17T11:37:32.011420Z","level":"INFO","message":"invocation finished","invocation_id":"inv_01m2qjgnx5nyee2qsw1b4drrg9","status":"succeeded","handler_ms":0,"environment_boot_ms":5,"runtime_init_ms":6,"target":"tachyon_serverless_application::services::invoke"}
{"timestamp":"2026-09-17T11:37:32.013099Z","level":"INFO","message":"terminating bridge","environment_id":"env_01m2qjgnx6kr480dcr1s8nwefn","pid":68250,"reason":"Completed","graceful":true,"target":"tachyon_serverless_provider_process"}
{"timestamp":"2026-09-17T11:37:32.819379Z","level":"INFO","message":"SIGTERM received","target":"tachyon_serverless_gateway"}
{"timestamp":"2026-09-17T11:37:32.819411Z","level":"INFO","message":"shutdown requested; cancelling in-flight invocations","target":"tachyon_serverless_gateway"}
{"timestamp":"2026-09-17T11:37:32.819658Z","level":"INFO","message":"final usage collection","report":"CollectReport { batches: 0, read: 0, inserted: 0, duplicates: 0, cursor_seq: 60 }","target":"tachyon_serverless_gateway"}
{"timestamp":"2026-09-17T11:37:32.820894Z","level":"INFO","message":"gateway stopped","target":"tachyon_serverless_gateway"}
{"timestamp":"2026-09-17T11:37:32.821006Z","level":"INFO","message":"event: closed","target":"async_nats"}
