
===== a start (failpoints: none) 04:09:19 =====
{"timestamp":"2026-09-18T04:09:19.441414Z","level":"INFO","message":"configuration loaded","config":"/home/takanorifukuyama.guest/w/tsls-chaos.bDEhb5/gw-a.toml","target":"tachyon_serverless_gateway"}
{"timestamp":"2026-09-18T04:09:19.444087Z","level":"INFO","message":"connected successfully","server":"48349","max_payload":"1048576","target":"async_nats::connector"}
{"timestamp":"2026-09-18T04:09:19.444203Z","level":"INFO","message":"event: connected","target":"async_nats"}
{"timestamp":"2026-09-18T04:09:19.449169Z","level":"INFO","message":"JetStream queue connected and stream bootstrapped","url":"nats://127.0.0.1:48349","stream":"TACHYON_EVENTS","target":"tachyon_serverless_gateway::durable"}
{"timestamp":"2026-09-18T04:09:19.459212Z","level":"INFO","message":"state store opened","path":"/home/takanorifukuyama.guest/w/tsls-chaos.bDEhb5/data/state.db","schema_version":8,"migrations_applied":"[1, 2, 3, 4, 5, 6, 7, 8]","imported_state_json":"None","settled_invocations":0,"settled_attempts":0,"settled_environments":0,"released_leases":0,"dropped_idempotency_keys":0,"purged_idempotency_keys":0,"outputs_purged":0,"target":"tachyon_serverless_application::app"}
{"timestamp":"2026-09-18T04:09:19.465133Z","level":"INFO","message":"log store opened","path":"/home/takanorifukuyama.guest/w/tsls-chaos.bDEhb5/data/logs/logs.db","healthy":true,"retention_seconds":604800,"max_total_bytes":1073741824,"target":"tachyon_serverless_application::app"}
{"timestamp":"2026-09-18T04:09:19.465589Z","level":"INFO","message":"dispatcher registered","dispatcher_id":"dsp_01m2sb8pv9vcpzctqrscrt7gzn","instance":"chaos-a","pid":804104,"lease_ttl_seconds":6,"target":"tachyon_serverless_application::services::dispatcher"}
{"timestamp":"2026-09-18T04:09:19.474616Z","level":"INFO","message":"application bootstrapped","profile":"dev","provider":"process","dev_only":true,"environment_reuse":false,"reuse_verified":false,"reuse_reason":"[pool] enabled is false","reuse_disabled":"Some(Configuration)","idle_quiesce":"unsupported","idle_resume":"unsupported","data_dir":"/home/takanorifukuyama.guest/w/tsls-chaos.bDEhb5/data","store":"sqlite","dispatcher_id":"dsp_01m2sb8pv9vcpzctqrscrt7gzn","node":"local","node_region":"none","node_memory_mib":"None","max_concurrency":8,"queue":"nats","objects":"filesystem","invoke_async":true,"triggers":true,"target":"tachyon_serverless_application::app"}
{"timestamp":"2026-09-18T04:09:19.474799Z","level":"INFO","message":"startup reconcile finished","provider":"process","found":0,"adopted":0,"terminated":0,"disowned":0,"failed":0,"lost":0,"foreign":0,"reclaimed_dispatchers":0,"fenced_terminated":0,"fenced_pending":0,"target":"tachyon_serverless_application::services::reconcile"}
{"timestamp":"2026-09-18T04:09:19.474879Z","level":"INFO","message":"gateway listening","addr":"127.0.0.1:51521","profile":"dev","provider":"process","target":"tachyon_serverless_gateway"}
{"timestamp":"2026-09-18T04:09:19.475945Z","level":"INFO","message":"asynchronous dispatcher started","workers":2,"owner":"dsp_01m2sb8pv9vcpzctqrscrt7gzn","target":"tachyon_serverless_gateway"}
{"timestamp":"2026-09-18T04:09:23.452299Z","level":"INFO","message":"revision ready","revision_id":"rev_01m2sb8sh9wastttdw5a5ngedc","function_id":"fn_01m2sb8q3tvp0jffx71j2xav0c","target":"tachyon_serverless_application::services::revision"}
{"timestamp":"2026-09-18T04:09:27.207925Z","level":"INFO","message":"revision ready","revision_id":"rev_01m2sb8x7k8wff71ccgpdj0f6x","function_id":"fn_01m2sb8tvy46ba2acxcaxzef13","target":"tachyon_serverless_application::services::revision"}
{"timestamp":"2026-09-18T04:09:30.909800Z","level":"INFO","message":"revision ready","revision_id":"rev_01m2sb90tr86673krptar7pbpr","function_id":"fn_01m2sb8yeemnrxem9td3548vsw","target":"tachyon_serverless_application::services::revision"}
{"timestamp":"2026-09-18T04:09:32.144319Z","level":"INFO","message":"bridge spawned","environment_id":"env_01m2sb92205vmzdrxrbggw0ts2","pid":804768,"target":"tachyon_serverless_provider_process"}
{"timestamp":"2026-09-18T04:09:32.161904Z","level":"INFO","message":"invocation finished","invocation_id":"inv_01m2sb921zyst6d6qhd36fcmem","status":"succeeded","handler_ms":5,"environment_boot_ms":1,"runtime_init_ms":3,"target":"tachyon_serverless_application::services::invoke"}
{"timestamp":"2026-09-18T04:09:32.167200Z","level":"INFO","message":"terminating bridge","environment_id":"env_01m2sb92205vmzdrxrbggw0ts2","pid":804768,"reason":"Completed","graceful":true,"target":"tachyon_serverless_provider_process"}
{"timestamp":"2026-09-18T04:09:33.387549Z","level":"INFO","message":"bridge spawned","environment_id":"env_01m2sb938xa3pf7a4rzw29a9ra","pid":804794,"target":"tachyon_serverless_provider_process"}
{"timestamp":"2026-09-18T04:09:33.406727Z","level":"INFO","message":"invocation finished","invocation_id":"inv_01m2sb938w8v7rjj3ejkws0773","status":"succeeded","handler_ms":0,"environment_boot_ms":1,"runtime_init_ms":3,"target":"tachyon_serverless_application::services::invoke"}
{"timestamp":"2026-09-18T04:09:33.408624Z","level":"INFO","message":"terminating bridge","environment_id":"env_01m2sb938xa3pf7a4rzw29a9ra","pid":804794,"reason":"Completed","graceful":true,"target":"tachyon_serverless_provider_process"}
{"timestamp":"2026-09-18T04:09:34.630419Z","level":"INFO","message":"bridge spawned","environment_id":"env_01m2sb94fpcg4h2p4rga6knwjp","pid":804823,"target":"tachyon_serverless_provider_process"}
{"timestamp":"2026-09-18T04:09:34.669925Z","level":"INFO","message":"invocation finished","invocation_id":"inv_01m2sb94fnd5jj2zah19fsbg6v","status":"succeeded","handler_ms":4,"environment_boot_ms":1,"runtime_init_ms":10,"target":"tachyon_serverless_application::services::invoke"}
{"timestamp":"2026-09-18T04:09:34.677319Z","level":"INFO","message":"terminating bridge","environment_id":"env_01m2sb94fpcg4h2p4rga6knwjp","pid":804823,"reason":"Completed","graceful":true,"target":"tachyon_serverless_provider_process"}
{"timestamp":"2026-09-18T04:09:35.900866Z","level":"INFO","message":"bridge spawned","environment_id":"env_01m2sb95qcxjctvm9b48j24vcn","pid":804849,"target":"tachyon_serverless_provider_process"}
{"timestamp":"2026-09-18T04:09:35.919632Z","level":"INFO","message":"invocation finished","invocation_id":"inv_01m2sb95qbngdvjnka5dn57bb7","status":"succeeded","handler_ms":4,"environment_boot_ms":1,"runtime_init_ms":3,"target":"tachyon_serverless_application::services::invoke"}
{"timestamp":"2026-09-18T04:09:35.921596Z","level":"INFO","message":"terminating bridge","environment_id":"env_01m2sb95qcxjctvm9b48j24vcn","pid":804849,"reason":"Completed","graceful":true,"target":"tachyon_serverless_provider_process"}
{"timestamp":"2026-09-18T04:09:37.141028Z","level":"INFO","message":"bridge spawned","environment_id":"env_01m2sb96y8h8kex2gcczvh7ks2","pid":804875,"target":"tachyon_serverless_provider_process"}
{"timestamp":"2026-09-18T04:09:37.168377Z","level":"INFO","message":"invocation finished","invocation_id":"inv_01m2sb96y753jpc71phbh5w036","status":"succeeded","handler_ms":4,"environment_boot_ms":1,"runtime_init_ms":7,"target":"tachyon_serverless_application::services::invoke"}
{"timestamp":"2026-09-18T04:09:37.177224Z","level":"INFO","message":"terminating bridge","environment_id":"env_01m2sb96y8h8kex2gcczvh7ks2","pid":804875,"reason":"Completed","graceful":true,"target":"tachyon_serverless_provider_process"}
{"timestamp":"2026-09-18T04:09:38.402248Z","level":"INFO","message":"bridge spawned","environment_id":"env_01m2sb985kq1hshy5enafvaenj","pid":804902,"target":"tachyon_serverless_provider_process"}
{"timestamp":"2026-09-18T04:09:38.428508Z","level":"INFO","message":"invocation finished","invocation_id":"inv_01m2sb985j71d2kkqw14vb8gvr","status":"succeeded","handler_ms":3,"environment_boot_ms":1,"runtime_init_ms":9,"target":"tachyon_serverless_application::services::invoke"}
{"timestamp":"2026-09-18T04:09:38.437410Z","level":"INFO","message":"terminating bridge","environment_id":"env_01m2sb985kq1hshy5enafvaenj","pid":804902,"reason":"Completed","graceful":true,"target":"tachyon_serverless_provider_process"}
{"timestamp":"2026-09-18T04:09:39.657322Z","level":"INFO","message":"bridge spawned","environment_id":"env_01m2sb99cwchdwqagavrmajr1f","pid":804931,"target":"tachyon_serverless_provider_process"}
{"timestamp":"2026-09-18T04:09:39.678368Z","level":"INFO","message":"invocation finished","invocation_id":"inv_01m2sb99cvda6qn3j21zm1qttk","status":"succeeded","handler_ms":0,"environment_boot_ms":1,"runtime_init_ms":3,"target":"tachyon_serverless_application::services::invoke"}
{"timestamp":"2026-09-18T04:09:39.680172Z","level":"INFO","message":"terminating bridge","environment_id":"env_01m2sb99cwchdwqagavrmajr1f","pid":804931,"reason":"Completed","graceful":true,"target":"tachyon_serverless_provider_process"}
{"timestamp":"2026-09-18T04:09:40.898765Z","level":"INFO","message":"bridge spawned","environment_id":"env_01m2sb9akpddj5n22mmf9v8eht","pid":804957,"target":"tachyon_serverless_provider_process"}
{"timestamp":"2026-09-18T04:09:40.938760Z","level":"INFO","message":"invocation finished","invocation_id":"inv_01m2sb9aknq1yb95whkpt4x93n","status":"succeeded","handler_ms":5,"environment_boot_ms":1,"runtime_init_ms":16,"target":"tachyon_serverless_application::services::invoke"}
{"timestamp":"2026-09-18T04:09:40.940758Z","level":"INFO","message":"terminating bridge","environment_id":"env_01m2sb9akpddj5n22mmf9v8eht","pid":804957,"reason":"Completed","graceful":true,"target":"tachyon_serverless_provider_process"}
{"timestamp":"2026-09-18T04:09:42.160545Z","level":"INFO","message":"bridge spawned","environment_id":"env_01m2sb9bv4sgn4gvbvfk46h36e","pid":804983,"target":"tachyon_serverless_provider_process"}
{"timestamp":"2026-09-18T04:09:42.182473Z","level":"INFO","message":"invocation finished","invocation_id":"inv_01m2sb9bv3tsts3cjvdntpcyx2","status":"succeeded","handler_ms":0,"environment_boot_ms":1,"runtime_init_ms":3,"target":"tachyon_serverless_application::services::invoke"}
{"timestamp":"2026-09-18T04:09:42.184476Z","level":"INFO","message":"terminating bridge","environment_id":"env_01m2sb9bv4sgn4gvbvfk46h36e","pid":804983,"reason":"Completed","graceful":true,"target":"tachyon_serverless_provider_process"}
{"timestamp":"2026-09-18T04:09:43.404610Z","level":"INFO","message":"bridge spawned","environment_id":"env_01m2sb9d1yhtbdw0x7hssk7rg7","pid":805009,"target":"tachyon_serverless_provider_process"}
{"timestamp":"2026-09-18T04:09:43.444473Z","level":"INFO","message":"invocation finished","invocation_id":"inv_01m2sb9d1xy1ktwm2bwmfm5cy5","status":"succeeded","handler_ms":8,"environment_boot_ms":1,"runtime_init_ms":12,"target":"tachyon_serverless_application::services::invoke"}
{"timestamp":"2026-09-18T04:09:43.450134Z","level":"INFO","message":"terminating bridge","environment_id":"env_01m2sb9d1yhtbdw0x7hssk7rg7","pid":805009,"reason":"Completed","graceful":true,"target":"tachyon_serverless_provider_process"}
{"timestamp":"2026-09-18T04:09:43.566056Z","level":"INFO","message":"asynchronous invocation accepted","invocation_id":"inv_01m2sb9ecdt0z01vww1pfb1604","tenant_id":"tn_01hzzzzzzzzzzzzzzzzzzzzzza","revision_id":"rev_01m2sb8sh9wastttdw5a5ngedc","input_bytes":53,"input_storage":"inline","target":"tachyon_serverless_application::services::invoke_async"}
{"timestamp":"2026-09-18T04:09:43.569194Z","level":"INFO","message":"asynchronous run claimed","invocation_id":"inv_01m2sb9ecdt0z01vww1pfb1604","attempt":1,"generation":0,"delivery_count":1,"target":"tachyon_serverless_application::services::invoke_async::dispatch"}
{"timestamp":"2026-09-18T04:09:43.569730Z","level":"INFO","message":"asynchronous invocation rescheduled","invocation_id":"inv_01m2sb9ecdt0z01vww1pfb1604","next_attempt_at":"2026-09-18T04:09:43.686372929+00:00","counted":false,"error_type":"Host.UsageJournalFull","target":"tachyon_serverless_application::services::invoke_async::dispatch"}
{"timestamp":"2026-09-18T04:09:43.570748Z","level":"INFO","message":"async dispatch: delivery handled","message_id":"inv_01m2sb9ecdt0z01vww1pfb1604","sequence":1,"delivery_count":1,"outcome":"Rescheduled { next_attempt_at: 2026-09-18T04:09:43.686372929Z, counted: false }","target":"tachyon_serverless_application::services::invoke_async::dispatch"}
{"timestamp":"2026-09-18T04:09:43.772124Z","level":"INFO","message":"configuration loaded","config":"/home/takanorifukuyama.guest/w/tsls-chaos.bDEhb5/gw-a.toml","target":"tachyon_serverless_gateway"}
{"timestamp":"2026-09-18T04:09:43.774080Z","level":"INFO","message":"connected successfully","server":"48349","max_payload":"1048576","target":"async_nats::connector"}
{"timestamp":"2026-09-18T04:09:43.774173Z","level":"INFO","message":"event: connected","target":"async_nats"}
{"timestamp":"2026-09-18T04:09:43.777280Z","level":"INFO","message":"JetStream queue connected and stream bootstrapped","url":"nats://127.0.0.1:48349","stream":"TACHYON_EVENTS","target":"tachyon_serverless_gateway::durable"}
{"timestamp":"2026-09-18T04:09:43.779048Z","level":"INFO","message":"state store opened","path":"/home/takanorifukuyama.guest/w/tsls-chaos.bDEhb5/data/state.db","schema_version":8,"migrations_applied":"[]","imported_state_json":"None","settled_invocations":0,"settled_attempts":0,"settled_environments":0,"released_leases":0,"dropped_idempotency_keys":0,"purged_idempotency_keys":0,"outputs_purged":0,"target":"tachyon_serverless_application::app"}
{"timestamp":"2026-09-18T04:09:43.780413Z","level":"INFO","message":"log store opened","path":"/home/takanorifukuyama.guest/w/tsls-chaos.bDEhb5/data/logs/logs.db","healthy":true,"retention_seconds":604800,"max_total_bytes":1073741824,"target":"tachyon_serverless_application::app"}
{"timestamp":"2026-09-18T04:09:43.780980Z","level":"INFO","message":"dispatcher registered","dispatcher_id":"dsp_01m2sb9ek41g01am9ag7ef0ag2","instance":"chaos-a","pid":805160,"lease_ttl_seconds":6,"target":"tachyon_serverless_application::services::dispatcher"}
{"timestamp":"2026-09-18T04:09:43.781544Z","level":"WARN","message":"reclaimed the work of dispatchers that lost their lease","dispatcher_id":"dsp_01m2sb9ek41g01am9ag7ef0ag2","reclaimed_dispatchers":"[DispatcherId(dsp_01m2sb8pv9vcpzctqrscrt7gzn)]","leases":0,"invocations":0,"attempts":0,"fenced":0,"target":"tachyon_serverless_application::services::dispatcher"}
{"timestamp":"2026-09-18T04:09:43.782577Z","level":"WARN","message":"usage collector crash point armed (dev profile, test only)","crash_point":"collector.after_ledger_commit","target":"tachyon_serverless_application::usage"}
{"timestamp":"2026-09-18T04:09:43.783058Z","level":"INFO","message":"application bootstrapped","profile":"dev","provider":"process","dev_only":true,"environment_reuse":false,"reuse_verified":false,"reuse_reason":"[pool] enabled is false","reuse_disabled":"Some(Configuration)","idle_quiesce":"unsupported","idle_resume":"unsupported","data_dir":"/home/takanorifukuyama.guest/w/tsls-chaos.bDEhb5/data","store":"sqlite","dispatcher_id":"dsp_01m2sb9ek41g01am9ag7ef0ag2","node":"local","node_region":"none","node_memory_mib":"None","max_concurrency":8,"queue":"nats","objects":"filesystem","invoke_async":true,"triggers":true,"target":"tachyon_serverless_application::app"}
{"timestamp":"2026-09-18T04:09:43.783312Z","level":"INFO","message":"startup reconcile finished","provider":"process","found":0,"adopted":0,"terminated":0,"disowned":0,"failed":0,"lost":0,"foreign":0,"reclaimed_dispatchers":0,"fenced_terminated":0,"fenced_pending":0,"target":"tachyon_serverless_application::services::reconcile"}
{"timestamp":"2026-09-18T04:09:43.783371Z","level":"INFO","message":"gateway listening","addr":"127.0.0.1:51521","profile":"dev","provider":"process","target":"tachyon_serverless_gateway"}
{"timestamp":"2026-09-18T04:09:43.784607Z","level":"INFO","message":"asynchronous dispatcher started","workers":2,"owner":"dsp_01m2sb9ek41g01am9ag7ef0ag2","target":"tachyon_serverless_gateway"}
{"timestamp":"2026-09-18T04:09:43.802767Z","level":"ERROR","message":"usage crash point: SIGKILL after the ledger commit, before the cursor","last_seq":25,"target":"tachyon_serverless_application::usage"}

===== a start (failpoints: none) 04:09:43 =====
{"timestamp":"2026-09-18T04:09:43.829963Z","level":"INFO","message":"configuration loaded","config":"/home/takanorifukuyama.guest/w/tsls-chaos.bDEhb5/gw-a.toml","target":"tachyon_serverless_gateway"}
{"timestamp":"2026-09-18T04:09:43.831888Z","level":"INFO","message":"connected successfully","server":"48349","max_payload":"1048576","target":"async_nats::connector"}
{"timestamp":"2026-09-18T04:09:43.831962Z","level":"INFO","message":"event: connected","target":"async_nats"}
{"timestamp":"2026-09-18T04:09:43.834907Z","level":"INFO","message":"JetStream queue connected and stream bootstrapped","url":"nats://127.0.0.1:48349","stream":"TACHYON_EVENTS","target":"tachyon_serverless_gateway::durable"}
{"timestamp":"2026-09-18T04:09:43.836304Z","level":"INFO","message":"state store opened","path":"/home/takanorifukuyama.guest/w/tsls-chaos.bDEhb5/data/state.db","schema_version":8,"migrations_applied":"[]","imported_state_json":"None","settled_invocations":0,"settled_attempts":0,"settled_environments":0,"released_leases":0,"dropped_idempotency_keys":0,"purged_idempotency_keys":0,"outputs_purged":0,"target":"tachyon_serverless_application::app"}
{"timestamp":"2026-09-18T04:09:43.837433Z","level":"INFO","message":"log store opened","path":"/home/takanorifukuyama.guest/w/tsls-chaos.bDEhb5/data/logs/logs.db","healthy":true,"retention_seconds":604800,"max_total_bytes":1073741824,"target":"tachyon_serverless_application::app"}
{"timestamp":"2026-09-18T04:09:43.837934Z","level":"INFO","message":"dispatcher registered","dispatcher_id":"dsp_01m2sb9emxhf6wgjydg27s623y","instance":"chaos-a","pid":805178,"lease_ttl_seconds":6,"target":"tachyon_serverless_application::services::dispatcher"}
{"timestamp":"2026-09-18T04:09:43.838471Z","level":"WARN","message":"reclaimed the work of dispatchers that lost their lease","dispatcher_id":"dsp_01m2sb9emxhf6wgjydg27s623y","reclaimed_dispatchers":"[DispatcherId(dsp_01m2sb9ek41g01am9ag7ef0ag2)]","leases":0,"invocations":0,"attempts":0,"fenced":0,"target":"tachyon_serverless_application::services::dispatcher"}
{"timestamp":"2026-09-18T04:09:43.839276Z","level":"INFO","message":"application bootstrapped","profile":"dev","provider":"process","dev_only":true,"environment_reuse":false,"reuse_verified":false,"reuse_reason":"[pool] enabled is false","reuse_disabled":"Some(Configuration)","idle_quiesce":"unsupported","idle_resume":"unsupported","data_dir":"/home/takanorifukuyama.guest/w/tsls-chaos.bDEhb5/data","store":"sqlite","dispatcher_id":"dsp_01m2sb9emxhf6wgjydg27s623y","node":"local","node_region":"none","node_memory_mib":"None","max_concurrency":8,"queue":"nats","objects":"filesystem","invoke_async":true,"triggers":true,"target":"tachyon_serverless_application::app"}
{"timestamp":"2026-09-18T04:09:43.839533Z","level":"INFO","message":"startup reconcile finished","provider":"process","found":0,"adopted":0,"terminated":0,"disowned":0,"failed":0,"lost":0,"foreign":0,"reclaimed_dispatchers":0,"fenced_terminated":0,"fenced_pending":0,"target":"tachyon_serverless_application::services::reconcile"}
{"timestamp":"2026-09-18T04:09:43.839583Z","level":"INFO","message":"gateway listening","addr":"127.0.0.1:51521","profile":"dev","provider":"process","target":"tachyon_serverless_gateway"}
{"timestamp":"2026-09-18T04:09:43.840600Z","level":"INFO","message":"asynchronous dispatcher started","workers":2,"owner":"dsp_01m2sb9emxhf6wgjydg27s623y","target":"tachyon_serverless_gateway"}
{"timestamp":"2026-09-18T04:09:43.844597Z","level":"INFO","message":"asynchronous run claimed","invocation_id":"inv_01m2sb9ecdt0z01vww1pfb1604","attempt":1,"generation":1,"delivery_count":1,"target":"tachyon_serverless_application::services::invoke_async::dispatch"}
{"timestamp":"2026-09-18T04:09:43.845276Z","level":"INFO","message":"asynchronous invocation rescheduled","invocation_id":"inv_01m2sb9ecdt0z01vww1pfb1604","next_attempt_at":"2026-09-18T04:09:44.037776432+00:00","counted":false,"error_type":"Host.UsageJournalFull","target":"tachyon_serverless_application::services::invoke_async::dispatch"}
{"timestamp":"2026-09-18T04:09:43.845924Z","level":"INFO","message":"async dispatch: delivery handled","message_id":"inv_01m2sb9ecdt0z01vww1pfb1604.g1","sequence":2,"delivery_count":1,"outcome":"Rescheduled { next_attempt_at: 2026-09-18T04:09:44.037776432Z, counted: false }","target":"tachyon_serverless_application::services::invoke_async::dispatch"}
{"timestamp":"2026-09-18T04:09:44.054632Z","level":"INFO","message":"asynchronous run claimed","invocation_id":"inv_01m2sb9ecdt0z01vww1pfb1604","attempt":1,"generation":2,"delivery_count":1,"target":"tachyon_serverless_application::services::invoke_async::dispatch"}
{"timestamp":"2026-09-18T04:09:45.291500Z","level":"INFO","message":"bridge spawned","environment_id":"env_01m2sb9evqj5091ebr4fbmyt5x","pid":805244,"target":"tachyon_serverless_provider_process"}
{"timestamp":"2026-09-18T04:09:45.314242Z","level":"INFO","message":"invocation finished","invocation_id":"inv_01m2sb9ecdt0z01vww1pfb1604","status":"succeeded (async run)","handler_ms":7,"environment_boot_ms":1,"runtime_init_ms":5,"target":"tachyon_serverless_application::services::invoke"}
{"timestamp":"2026-09-18T04:09:45.316586Z","level":"INFO","message":"terminating bridge","environment_id":"env_01m2sb9evqj5091ebr4fbmyt5x","pid":805244,"reason":"Completed","graceful":true,"target":"tachyon_serverless_provider_process"}
{"timestamp":"2026-09-18T04:09:45.319941Z","level":"INFO","message":"asynchronous invocation settled","invocation_id":"inv_01m2sb9ecdt0z01vww1pfb1604","status":"succeeded","target":"tachyon_serverless_application::services::invoke_async::dispatch"}
{"timestamp":"2026-09-18T04:09:45.320832Z","level":"INFO","message":"async dispatch: delivery handled","message_id":"inv_01m2sb9ecdt0z01vww1pfb1604.g2","sequence":3,"delivery_count":1,"outcome":"Completed { status: \"succeeded\" }","target":"tachyon_serverless_application::services::invoke_async::dispatch"}
{"timestamp":"2026-09-18T04:09:45.362013Z","level":"INFO","message":"bridge spawned","environment_id":"env_01m2sb9eyygspxy9ydwp13rht3","pid":805254,"target":"tachyon_serverless_provider_process"}
{"timestamp":"2026-09-18T04:09:45.398179Z","level":"INFO","message":"invocation finished","invocation_id":"inv_01m2sb9eyx1rm949k4ggm70a9r","status":"succeeded","handler_ms":6,"environment_boot_ms":1,"runtime_init_ms":8,"target":"tachyon_serverless_application::services::invoke"}
{"timestamp":"2026-09-18T04:09:45.404195Z","level":"INFO","message":"terminating bridge","environment_id":"env_01m2sb9eyygspxy9ydwp13rht3","pid":805254,"reason":"Completed","graceful":true,"target":"tachyon_serverless_provider_process"}
{"timestamp":"2026-09-18T04:09:45.980663Z","level":"INFO","message":"SIGTERM received","target":"tachyon_serverless_gateway"}
{"timestamp":"2026-09-18T04:09:45.980692Z","level":"INFO","message":"shutdown requested; cancelling in-flight invocations","target":"tachyon_serverless_gateway"}
{"timestamp":"2026-09-18T04:09:45.980974Z","level":"INFO","message":"final usage collection","report":"CollectReport { batches: 0, read: 0, inserted: 0, duplicates: 0, cursor_seq: 60 }","target":"tachyon_serverless_gateway"}
{"timestamp":"2026-09-18T04:09:45.983558Z","level":"INFO","message":"gateway stopped","target":"tachyon_serverless_gateway"}
{"timestamp":"2026-09-18T04:09:45.983695Z","level":"INFO","message":"event: closed","target":"async_nats"}
