
===== gateway start (failpoints: none) =====
{"timestamp":"2026-09-17T15:07:01.250928Z","level":"INFO","message":"configuration loaded","config":"/home/takanorifukuyama.guest/w/tsls-dispatch.9sSSuk/gateway.toml","target":"tachyon_serverless_gateway"}
{"timestamp":"2026-09-17T15:07:01.261133Z","level":"INFO","message":"connected successfully","server":"55997","max_payload":"1048576","target":"async_nats::connector"}
{"timestamp":"2026-09-17T15:07:01.261947Z","level":"INFO","message":"event: connected","target":"async_nats"}
{"timestamp":"2026-09-17T15:07:01.283808Z","level":"INFO","message":"JetStream queue connected and stream bootstrapped","url":"nats://127.0.0.1:55997","stream":"TACHYON_EVENTS","target":"tachyon_serverless_gateway::durable"}
{"timestamp":"2026-09-17T15:07:01.323955Z","level":"INFO","message":"state store opened","path":"/home/takanorifukuyama.guest/w/tsls-dispatch.9sSSuk/data/state.db","schema_version":8,"migrations_applied":"[1, 2, 3, 4, 5, 6, 7, 8]","imported_state_json":"None","settled_invocations":0,"settled_attempts":0,"settled_environments":0,"released_leases":0,"dropped_idempotency_keys":0,"purged_idempotency_keys":0,"outputs_purged":0,"target":"tachyon_serverless_application::app"}
{"timestamp":"2026-09-17T15:07:01.416230Z","level":"INFO","message":"log store opened","path":"/home/takanorifukuyama.guest/w/tsls-dispatch.9sSSuk/data/logs/logs.db","healthy":true,"retention_seconds":604800,"max_total_bytes":1073741824,"target":"tachyon_serverless_application::app"}
{"timestamp":"2026-09-17T15:07:01.419634Z","level":"INFO","message":"dispatcher registered","dispatcher_id":"dsp_01m2qyg8x8zbjnf8svn1frak74","instance":"dispatch-e2e","pid":244051,"lease_ttl_seconds":30,"target":"tachyon_serverless_application::services::dispatcher"}
{"timestamp":"2026-09-17T15:07:01.478374Z","level":"INFO","message":"application bootstrapped","profile":"dev","provider":"firecracker","dev_only":false,"environment_reuse":true,"reuse_verified":true,"reuse_reason":"the provider reports both idle capabilities as supported and [pool] enabled is true","reuse_disabled":"None","idle_quiesce":"supported","idle_resume":"supported","data_dir":"/home/takanorifukuyama.guest/w/tsls-dispatch.9sSSuk/data","store":"sqlite","dispatcher_id":"dsp_01m2qyg8x8zbjnf8svn1frak74","node":"local","node_region":"none","node_memory_mib":"None","max_concurrency":8,"queue":"nats","objects":"none","invoke_async":true,"triggers":true,"target":"tachyon_serverless_application::app"}
{"timestamp":"2026-09-17T15:07:01.480998Z","level":"INFO","message":"startup reconcile finished","provider":"firecracker","found":0,"adopted":0,"terminated":0,"disowned":0,"failed":0,"lost":0,"foreign":0,"reclaimed_dispatchers":0,"fenced_terminated":0,"fenced_pending":0,"target":"tachyon_serverless_application::services::reconcile"}
{"timestamp":"2026-09-17T15:07:01.481220Z","level":"INFO","message":"gateway listening","addr":"127.0.0.1:46035","profile":"dev","provider":"firecracker","target":"tachyon_serverless_gateway"}
{"timestamp":"2026-09-17T15:07:01.484963Z","level":"INFO","message":"asynchronous dispatcher started","workers":2,"owner":"dsp_01m2qyg8x8zbjnf8svn1frak74","target":"tachyon_serverless_gateway"}
{"timestamp":"2026-09-17T15:07:01.983332Z","level":"INFO","message":"revision ready","revision_id":"rev_01m2qyg9afgnj080fysj20ctdd","function_id":"fn_01m2qyg90d5geey72bz7qe88qy","target":"tachyon_serverless_application::services::revision"}
{"timestamp":"2026-09-17T15:07:02.120322Z","level":"INFO","message":"asynchronous invocation accepted","invocation_id":"inv_01m2qyg9k6kvmzc2fkk1gg0z0w","tenant_id":"tn_01hzzzzzzzzzzzzzzzzzzzzzza","revision_id":"rev_01m2qyg9afgnj080fysj20ctdd","input_bytes":37,"input_storage":"inline","target":"tachyon_serverless_application::services::invoke_async"}
{"timestamp":"2026-09-17T15:07:02.133431Z","level":"INFO","message":"asynchronous run claimed","invocation_id":"inv_01m2qyg9k6kvmzc2fkk1gg0z0w","attempt":1,"generation":0,"delivery_count":1,"target":"tachyon_serverless_application::services::invoke_async::dispatch"}
{"timestamp":"2026-09-17T15:07:02.140642Z","level":"INFO","message":"asynchronous invocation accepted","invocation_id":"inv_01m2qyg9krry487x6schw8zmra","tenant_id":"tn_01hzzzzzzzzzzzzzzzzzzzzzza","revision_id":"rev_01m2qyg9afgnj080fysj20ctdd","input_bytes":19,"input_storage":"inline","target":"tachyon_serverless_application::services::invoke_async"}
{"timestamp":"2026-09-17T15:07:02.150072Z","level":"INFO","message":"asynchronous run claimed","invocation_id":"inv_01m2qyg9krry487x6schw8zmra","attempt":1,"generation":0,"delivery_count":1,"target":"tachyon_serverless_application::services::invoke_async::dispatch"}
{"timestamp":"2026-09-17T15:07:02.156214Z","level":"INFO","message":"asynchronous invocation accepted","invocation_id":"inv_01m2qyg9maxyx5708scth7c8z1","tenant_id":"tn_01hzzzzzzzzzzzzzzzzzzzzzza","revision_id":"rev_01m2qyg9afgnj080fysj20ctdd","input_bytes":19,"input_storage":"inline","target":"tachyon_serverless_application::services::invoke_async"}
{"timestamp":"2026-09-17T15:07:02.174554Z","level":"INFO","message":"asynchronous invocation accepted","invocation_id":"inv_01m2qyg9mwn859q4hc8v0aanee","tenant_id":"tn_01hzzzzzzzzzzzzzzzzzzzzzza","revision_id":"rev_01m2qyg9afgnj080fysj20ctdd","input_bytes":19,"input_storage":"inline","target":"tachyon_serverless_application::services::invoke_async"}
{"timestamp":"2026-09-17T15:07:02.194603Z","level":"INFO","message":"asynchronous invocation accepted","invocation_id":"inv_01m2qyg9ngnrg3n3zevpwjwqdd","tenant_id":"tn_01hzzzzzzzzzzzzzzzzzzzzzza","revision_id":"rev_01m2qyg9afgnj080fysj20ctdd","input_bytes":39,"input_storage":"inline","target":"tachyon_serverless_application::services::invoke_async"}
{"timestamp":"2026-09-17T15:07:02.214638Z","level":"INFO","message":"asynchronous invocation accepted","invocation_id":"inv_01m2qyg9p48sxgps733gcwaabr","tenant_id":"tn_01hzzzzzzzzzzzzzzzzzzzzzza","revision_id":"rev_01m2qyg9afgnj080fysj20ctdd","input_bytes":44,"input_storage":"inline","target":"tachyon_serverless_application::services::invoke_async"}
{"timestamp":"2026-09-17T15:07:02.319168Z","level":"INFO","message":"egress policy installed and verified","env_id":"env_01m2qyg9kpws42a4fvs2vcpew2","egress":"restricted","tap":"tslsaab2111b544","guest_ip":"172.30.0.2","rules":5,"ms":37,"target":"tachyon_serverless_provider_firecracker::provider"}
{"timestamp":"2026-09-17T15:07:02.337404Z","level":"INFO","message":"firecracker spawned","env_id":"env_01m2qyg9kpws42a4fvs2vcpew2","pid":244198,"instance_id":"env-01m2qyg9kpws42a4fvs2vcpew2","jailed":true,"cgroup":"/sys/fs/cgroup/tachyon/env_01m2qyg9kpws42a4fvs2vcpew2","target":"tachyon_serverless_provider_firecracker::provider"}
{"timestamp":"2026-09-17T15:07:02.354567Z","level":"INFO","message":"egress policy installed and verified","env_id":"env_01m2qyg9m6zdy6v1g992ntzh5t","egress":"restricted","tap":"tslsca8a62d122f","guest_ip":"172.30.0.6","rules":5,"ms":57,"target":"tachyon_serverless_provider_firecracker::provider"}
{"timestamp":"2026-09-17T15:07:02.374238Z","level":"INFO","message":"firecracker spawned","env_id":"env_01m2qyg9m6zdy6v1g992ntzh5t","pid":244217,"instance_id":"env-01m2qyg9m6zdy6v1g992ntzh5t","jailed":true,"cgroup":"/sys/fs/cgroup/tachyon/env_01m2qyg9m6zdy6v1g992ntzh5t","target":"tachyon_serverless_provider_firecracker::provider"}
{"timestamp":"2026-09-17T15:07:02.385284Z","level":"INFO","message":"InstanceStart accepted","env_id":"env_01m2qyg9kpws42a4fvs2vcpew2","vcpus":1,"mem_mib":256,"scratch_bytes":268435456,"target":"tachyon_serverless_provider_firecracker::provider"}
{"timestamp":"2026-09-17T15:07:02.401418Z","level":"INFO","message":"InstanceStart accepted","env_id":"env_01m2qyg9m6zdy6v1g992ntzh5t","vcpus":1,"mem_mib":256,"scratch_bytes":268435456,"target":"tachyon_serverless_provider_firecracker::provider"}
{"timestamp":"2026-09-17T15:07:18.217194Z","level":"INFO","message":"invocation finished","invocation_id":"inv_01m2qyg9krry487x6schw8zmra","status":"succeeded (async run)","handler_ms":195,"environment_boot_ms":8132,"runtime_init_ms":7727,"target":"tachyon_serverless_application::services::invoke"}
{"timestamp":"2026-09-17T15:07:18.223077Z","level":"INFO","message":"asynchronous invocation settled","invocation_id":"inv_01m2qyg9krry487x6schw8zmra","status":"succeeded","target":"tachyon_serverless_application::services::invoke_async::dispatch"}
{"timestamp":"2026-09-17T15:07:18.225431Z","level":"INFO","message":"async dispatch: delivery handled","message_id":"inv_01m2qyg9krry487x6schw8zmra","sequence":2,"delivery_count":1,"outcome":"Completed { status: \"succeeded\" }","target":"tachyon_serverless_application::services::invoke_async::dispatch"}
{"timestamp":"2026-09-17T15:07:18.227987Z","level":"INFO","message":"async dispatch: delivery handled","message_id":"inv_01m2qyg9k6kvmzc2fkk1gg0z0w","sequence":1,"delivery_count":2,"outcome":"Skipped(\"claimed\")","target":"tachyon_serverless_application::services::invoke_async::dispatch"}
{"timestamp":"2026-09-17T15:07:18.229318Z","level":"INFO","message":"asynchronous run claimed","invocation_id":"inv_01m2qyg9maxyx5708scth7c8z1","attempt":1,"generation":0,"delivery_count":1,"target":"tachyon_serverless_application::services::invoke_async::dispatch"}
{"timestamp":"2026-09-17T15:07:18.246704Z","level":"INFO","message":"invocation finished","invocation_id":"inv_01m2qyg9k6kvmzc2fkk1gg0z0w","status":"failed (async run)","handler_ms":183,"environment_boot_ms":8890,"runtime_init_ms":7030,"target":"tachyon_serverless_application::services::invoke"}
{"timestamp":"2026-09-17T15:07:18.252990Z","level":"INFO","message":"asynchronous invocation rescheduled","invocation_id":"inv_01m2qyg9k6kvmzc2fkk1gg0z0w","next_attempt_at":"2026-09-17T15:07:18.350368521+00:00","counted":true,"error_type":"Downstream.Unavailable","target":"tachyon_serverless_application::services::invoke_async::dispatch"}
{"timestamp":"2026-09-17T15:07:18.253476Z","level":"INFO","message":"async dispatch: delivery handled","message_id":"inv_01m2qyg9k6kvmzc2fkk1gg0z0w","sequence":1,"delivery_count":1,"outcome":"Rescheduled { next_attempt_at: 2026-09-17T15:07:18.350368521Z, counted: true }","target":"tachyon_serverless_application::services::invoke_async::dispatch"}
{"timestamp":"2026-09-17T15:07:18.255702Z","level":"INFO","message":"asynchronous run claimed","invocation_id":"inv_01m2qyg9mwn859q4hc8v0aanee","attempt":1,"generation":0,"delivery_count":1,"target":"tachyon_serverless_application::services::invoke_async::dispatch"}
{"timestamp":"2026-09-17T15:07:18.371161Z","level":"INFO","message":"invocation finished","invocation_id":"inv_01m2qyg9mwn859q4hc8v0aanee","status":"succeeded (async run)","handler_ms":94,"environment_boot_ms":0,"runtime_init_ms":0,"target":"tachyon_serverless_application::services::invoke"}
{"timestamp":"2026-09-17T15:07:18.378556Z","level":"INFO","message":"asynchronous invocation settled","invocation_id":"inv_01m2qyg9mwn859q4hc8v0aanee","status":"succeeded","target":"tachyon_serverless_application::services::invoke_async::dispatch"}
{"timestamp":"2026-09-17T15:07:18.380160Z","level":"INFO","message":"async dispatch: delivery handled","message_id":"inv_01m2qyg9mwn859q4hc8v0aanee","sequence":4,"delivery_count":1,"outcome":"Completed { status: \"succeeded\" }","target":"tachyon_serverless_application::services::invoke_async::dispatch"}
{"timestamp":"2026-09-17T15:07:18.381782Z","level":"INFO","message":"asynchronous run claimed","invocation_id":"inv_01m2qyg9ngnrg3n3zevpwjwqdd","attempt":1,"generation":0,"delivery_count":1,"target":"tachyon_serverless_application::services::invoke_async::dispatch"}
{"timestamp":"2026-09-17T15:07:18.432336Z","level":"INFO","message":"invocation finished","invocation_id":"inv_01m2qyg9maxyx5708scth7c8z1","status":"succeeded (async run)","handler_ms":166,"environment_boot_ms":0,"runtime_init_ms":0,"target":"tachyon_serverless_application::services::invoke"}
{"timestamp":"2026-09-17T15:07:18.436930Z","level":"INFO","message":"asynchronous invocation settled","invocation_id":"inv_01m2qyg9maxyx5708scth7c8z1","status":"succeeded","target":"tachyon_serverless_application::services::invoke_async::dispatch"}
{"timestamp":"2026-09-17T15:07:18.439991Z","level":"INFO","message":"async dispatch: delivery handled","message_id":"inv_01m2qyg9maxyx5708scth7c8z1","sequence":3,"delivery_count":1,"outcome":"Completed { status: \"succeeded\" }","target":"tachyon_serverless_application::services::invoke_async::dispatch"}
{"timestamp":"2026-09-17T15:07:18.441702Z","level":"INFO","message":"asynchronous run claimed","invocation_id":"inv_01m2qyg9p48sxgps733gcwaabr","attempt":1,"generation":0,"delivery_count":1,"target":"tachyon_serverless_application::services::invoke_async::dispatch"}
{"timestamp":"2026-09-17T15:07:18.484718Z","level":"INFO","message":"invocation finished","invocation_id":"inv_01m2qyg9ngnrg3n3zevpwjwqdd","status":"failed (async run)","handler_ms":95,"environment_boot_ms":0,"runtime_init_ms":0,"target":"tachyon_serverless_application::services::invoke"}
{"timestamp":"2026-09-17T15:07:18.490964Z","level":"INFO","message":"asynchronous invocation rescheduled","invocation_id":"inv_01m2qyg9ngnrg3n3zevpwjwqdd","next_attempt_at":"2026-09-17T15:07:18.589658618+00:00","counted":true,"error_type":"Downstream.Unavailable","target":"tachyon_serverless_application::services::invoke_async::dispatch"}
{"timestamp":"2026-09-17T15:07:18.492772Z","level":"INFO","message":"async dispatch: delivery handled","message_id":"inv_01m2qyg9ngnrg3n3zevpwjwqdd","sequence":5,"delivery_count":1,"outcome":"Rescheduled { next_attempt_at: 2026-09-17T15:07:18.589658618Z, counted: true }","target":"tachyon_serverless_application::services::invoke_async::dispatch"}
{"timestamp":"2026-09-17T15:07:18.494211Z","level":"WARN","message":"async dispatch: poison event dead-lettered and terminated","message_id":"poison-e2e-0","sequence":7,"delivery_count":1,"recorded":true,"detail":"the envelope is not decodable: expected value at line 1 column 1","target":"tachyon_serverless_application::services::invoke_async::dispatch"}
{"timestamp":"2026-09-17T15:07:18.495644Z","level":"INFO","message":"async dispatch: delivery handled","message_id":"poison-e2e-0","sequence":7,"delivery_count":1,"outcome":"Poison","target":"tachyon_serverless_application::services::invoke_async::dispatch"}
{"timestamp":"2026-09-17T15:07:18.498243Z","level":"INFO","message":"asynchronous run claimed","invocation_id":"inv_01m2qyg9k6kvmzc2fkk1gg0z0w","attempt":2,"generation":1,"delivery_count":1,"target":"tachyon_serverless_application::services::invoke_async::dispatch"}
{"timestamp":"2026-09-17T15:07:18.546277Z","level":"INFO","message":"invocation finished","invocation_id":"inv_01m2qyg9p48sxgps733gcwaabr","status":"failed (async run)","handler_ms":95,"environment_boot_ms":0,"runtime_init_ms":0,"target":"tachyon_serverless_application::services::invoke"}
{"timestamp":"2026-09-17T15:07:18.583195Z","level":"INFO","message":"invocation finished","invocation_id":"inv_01m2qyg9k6kvmzc2fkk1gg0z0w","status":"failed (async run)","handler_ms":77,"environment_boot_ms":0,"runtime_init_ms":0,"target":"tachyon_serverless_application::services::invoke"}
{"timestamp":"2026-09-17T15:07:18.588717Z","level":"INFO","message":"asynchronous invocation rescheduled","invocation_id":"inv_01m2qyg9k6kvmzc2fkk1gg0z0w","next_attempt_at":"2026-09-17T15:07:19.102364502+00:00","counted":true,"error_type":"Downstream.Unavailable","target":"tachyon_serverless_application::services::invoke_async::dispatch"}
{"timestamp":"2026-09-17T15:07:18.590334Z","level":"INFO","message":"async dispatch: delivery handled","message_id":"inv_01m2qyg9k6kvmzc2fkk1gg0z0w.g1","sequence":8,"delivery_count":1,"outcome":"Rescheduled { next_attempt_at: 2026-09-17T15:07:19.102364502Z, counted: true }","target":"tachyon_serverless_application::services::invoke_async::dispatch"}
{"timestamp":"2026-09-17T15:07:18.699236Z","level":"INFO","message":"asynchronous run claimed","invocation_id":"inv_01m2qyg9ngnrg3n3zevpwjwqdd","attempt":2,"generation":1,"delivery_count":1,"target":"tachyon_serverless_application::services::invoke_async::dispatch"}
{"timestamp":"2026-09-17T15:07:18.748632Z","level":"INFO","message":"invocation finished","invocation_id":"inv_01m2qyg9ngnrg3n3zevpwjwqdd","status":"failed (async run)","handler_ms":42,"environment_boot_ms":0,"runtime_init_ms":0,"target":"tachyon_serverless_application::services::invoke"}
{"timestamp":"2026-09-17T15:07:18.752871Z","level":"INFO","message":"cgroup stats at teardown","env_id":"env_01m2qyg9kpws42a4fvs2vcpew2","cgroup":"/sys/fs/cgroup/tachyon/env_01m2qyg9kpws42a4fvs2vcpew2","stats":"{\"cpu.max\":\"50000 100000\",\"cpu.stat\":{\"burst_usec\":0,\"core_sched.force_idle_usec\":0,\"nice_usec\":0,\"nr_bursts\":0,\"nr_periods\":127,\"nr_throttled\":102,\"system_usec\":2970644,\"throttled_usec\":4958840,\"usage_usec\":5157119,\"user_usec\":2186474},\"memory.current\":3932160,\"memory.events\":{\"high\":0,\"low\":0,\"max\":0,\"oom\":0,\"oom_group_kill\":0,\"oom_kill\":0,\"sock_throttled\":0},\"memory.max\":335544320,\"memory.peak\":43560960,\"pids.max\":64,\"pids.peak\":3}","target":"tachyon_serverless_provider_firecracker::provider"}
{"timestamp":"2026-09-17T15:07:18.754321Z","level":"INFO","message":"asynchronous invocation rescheduled","invocation_id":"inv_01m2qyg9ngnrg3n3zevpwjwqdd","next_attempt_at":"2026-09-17T15:07:19.067566660+00:00","counted":true,"error_type":"Downstream.Unavailable","target":"tachyon_serverless_application::services::invoke_async::dispatch"}
{"timestamp":"2026-09-17T15:07:18.756143Z","level":"INFO","message":"async dispatch: delivery handled","message_id":"inv_01m2qyg9ngnrg3n3zevpwjwqdd.g1","sequence":9,"delivery_count":1,"outcome":"Rescheduled { next_attempt_at: 2026-09-17T15:07:19.067566660Z, counted: true }","target":"tachyon_serverless_application::services::invoke_async::dispatch"}
{"timestamp":"2026-09-17T15:07:18.784658Z","level":"INFO","message":"egress policy counters at teardown","env_id":"env_01m2qyg9kpws42a4fvs2vcpew2","counters":"table inet tachyon_egress {\n\tchain g_tslsaab2111b544 {\n\t\tmeta nfproto != ipv4 counter packets 0 bytes 0 drop\n\t\tip saddr != 172.30.0.2 counter packets 0 bytes 0 drop\n\t\tip daddr @blocked_ipv4 counter packets 0 bytes 0 drop\n\t\tip daddr 192.31.196.2 tcp dport 8787 counter packets 36 bytes 3096 accept\n\t\tcounter packets 0 bytes 0 drop\n\t}\n}\n","target":"tachyon_serverless_provider_firecracker::provider"}
{"timestamp":"2026-09-17T15:07:18.786804Z","level":"INFO","message":"environment terminated","env_id":"env_01m2qyg9kpws42a4fvs2vcpew2","reason":"Completed","was_running":true,"target":"tachyon_serverless_provider_firecracker::provider"}
{"timestamp":"2026-09-17T15:07:18.793084Z","level":"WARN","message":"asynchronous invocation dead-lettered","invocation_id":"inv_01m2qyg9p48sxgps733gcwaabr","dead_letter_id":"dlq_01m2qygsw7h0atadbjg5mdqgq4","reason":"non_retryable","attempts":1,"target":"tachyon_serverless_application::services::invoke_async::dispatch"}
{"timestamp":"2026-09-17T15:07:18.794570Z","level":"INFO","message":"async dispatch: delivery handled","message_id":"inv_01m2qyg9p48sxgps733gcwaabr","sequence":6,"delivery_count":1,"outcome":"DeadLettered(NonRetryable)","target":"tachyon_serverless_application::services::invoke_async::dispatch"}
{"timestamp":"2026-09-17T15:07:19.184452Z","level":"INFO","message":"asynchronous run claimed","invocation_id":"inv_01m2qyg9ngnrg3n3zevpwjwqdd","attempt":3,"generation":2,"delivery_count":1,"target":"tachyon_serverless_application::services::invoke_async::dispatch"}
{"timestamp":"2026-09-17T15:07:19.192598Z","level":"INFO","message":"asynchronous run claimed","invocation_id":"inv_01m2qyg9k6kvmzc2fkk1gg0z0w","attempt":3,"generation":2,"delivery_count":1,"target":"tachyon_serverless_application::services::invoke_async::dispatch"}
{"timestamp":"2026-09-17T15:07:19.281548Z","level":"INFO","message":"invocation finished","invocation_id":"inv_01m2qyg9ngnrg3n3zevpwjwqdd","status":"failed (async run)","handler_ms":73,"environment_boot_ms":0,"runtime_init_ms":0,"target":"tachyon_serverless_application::services::invoke"}
{"timestamp":"2026-09-17T15:07:19.291210Z","level":"WARN","message":"asynchronous invocation dead-lettered","invocation_id":"inv_01m2qyg9ngnrg3n3zevpwjwqdd","dead_letter_id":"dlq_01m2qygtbrnymand0c9ge4b9w5","reason":"attempts_exhausted","attempts":3,"target":"tachyon_serverless_application::services::invoke_async::dispatch"}
{"timestamp":"2026-09-17T15:07:19.293918Z","level":"INFO","message":"async dispatch: delivery handled","message_id":"inv_01m2qyg9ngnrg3n3zevpwjwqdd.g2","sequence":10,"delivery_count":1,"outcome":"DeadLettered(AttemptsExhausted)","target":"tachyon_serverless_application::services::invoke_async::dispatch"}
{"timestamp":"2026-09-17T15:07:19.401502Z","level":"INFO","message":"egress policy installed and verified","env_id":"env_01m2qygt8w2fm7m3ce1h4bqz6m","egress":"restricted","tap":"tsls1f8249871c6","guest_ip":"172.30.0.2","rules":5,"ms":41,"target":"tachyon_serverless_provider_firecracker::provider"}
{"timestamp":"2026-09-17T15:07:19.419891Z","level":"INFO","message":"firecracker spawned","env_id":"env_01m2qygt8w2fm7m3ce1h4bqz6m","pid":244714,"instance_id":"env-01m2qygt8w2fm7m3ce1h4bqz6m","jailed":true,"cgroup":"/sys/fs/cgroup/tachyon/env_01m2qygt8w2fm7m3ce1h4bqz6m","target":"tachyon_serverless_provider_firecracker::provider"}
{"timestamp":"2026-09-17T15:07:19.448272Z","level":"INFO","message":"InstanceStart accepted","env_id":"env_01m2qygt8w2fm7m3ce1h4bqz6m","vcpus":1,"mem_mib":256,"scratch_bytes":268435456,"target":"tachyon_serverless_provider_firecracker::provider"}
{"timestamp":"2026-09-17T15:07:23.186165Z","level":"INFO","message":"async dispatch: delivery handled","message_id":"inv_01m2qyg9k6kvmzc2fkk1gg0z0w.g2","sequence":11,"delivery_count":2,"outcome":"Skipped(\"claimed\")","target":"tachyon_serverless_application::services::invoke_async::dispatch"}
{"timestamp":"2026-09-17T15:07:26.108532Z","level":"INFO","message":"invocation finished","invocation_id":"inv_01m2qyg9k6kvmzc2fkk1gg0z0w","status":"succeeded (async run)","handler_ms":170,"environment_boot_ms":6173,"runtime_init_ms":422,"target":"tachyon_serverless_application::services::invoke"}
{"timestamp":"2026-09-17T15:07:26.112901Z","level":"INFO","message":"asynchronous invocation settled","invocation_id":"inv_01m2qyg9k6kvmzc2fkk1gg0z0w","status":"succeeded","target":"tachyon_serverless_application::services::invoke_async::dispatch"}
{"timestamp":"2026-09-17T15:07:26.113301Z","level":"INFO","message":"async dispatch: delivery handled","message_id":"inv_01m2qyg9k6kvmzc2fkk1gg0z0w.g2","sequence":11,"delivery_count":1,"outcome":"Completed { status: \"succeeded\" }","target":"tachyon_serverless_application::services::invoke_async::dispatch"}
{"timestamp":"2026-09-17T15:07:26.411466Z","level":"INFO","message":"SIGTERM received","target":"tachyon_serverless_gateway"}
{"timestamp":"2026-09-17T15:07:26.411499Z","level":"INFO","message":"shutdown requested; cancelling in-flight invocations","target":"tachyon_serverless_gateway"}
{"timestamp":"2026-09-17T15:07:26.467749Z","level":"INFO","message":"cgroup stats at teardown","env_id":"env_01m2qyg9m6zdy6v1g992ntzh5t","cgroup":"/sys/fs/cgroup/tachyon/env_01m2qyg9m6zdy6v1g992ntzh5t","stats":"{\"cpu.max\":\"50000 100000\",\"cpu.stat\":{\"burst_usec\":0,\"core_sched.force_idle_usec\":0,\"nice_usec\":0,\"nr_bursts\":0,\"nr_periods\":122,\"nr_throttled\":94,\"system_usec\":2846744,\"throttled_usec\":4544623,\"usage_usec\":4849923,\"user_usec\":2003178},\"memory.current\":3801088,\"memory.events\":{\"high\":0,\"low\":0,\"max\":0,\"oom\":0,\"oom_group_kill\":0,\"oom_kill\":0,\"sock_throttled\":0},\"memory.max\":335544320,\"memory.peak\":43769856,\"pids.max\":64,\"pids.peak\":3}","target":"tachyon_serverless_provider_firecracker::provider"}
{"timestamp":"2026-09-17T15:07:26.490756Z","level":"INFO","message":"egress policy counters at teardown","env_id":"env_01m2qyg9m6zdy6v1g992ntzh5t","counters":"table inet tachyon_egress {\n\tchain g_tslsca8a62d122f {\n\t\tmeta nfproto != ipv4 counter packets 0 bytes 0 drop\n\t\tip saddr != 172.30.0.6 counter packets 0 bytes 0 drop\n\t\tip daddr @blocked_ipv4 counter packets 0 bytes 0 drop\n\t\tip daddr 192.31.196.2 tcp dport 8787 counter packets 71 bytes 6142 accept\n\t\tcounter packets 0 bytes 0 drop\n\t}\n}\n","target":"tachyon_serverless_provider_firecracker::provider"}
{"timestamp":"2026-09-17T15:07:26.491995Z","level":"INFO","message":"environment terminated","env_id":"env_01m2qyg9m6zdy6v1g992ntzh5t","reason":"Quiesced","was_running":true,"target":"tachyon_serverless_provider_firecracker::provider"}
{"timestamp":"2026-09-17T15:07:26.513125Z","level":"INFO","message":"idle environment reaped","environment_id":"env_01m2qyg9m6zdy6v1g992ntzh5t","revision_id":"rev_01m2qyg9afgnj080fysj20ctdd","reason":"pool drain","target":"tachyon_serverless_application::services::pool"}
{"timestamp":"2026-09-17T15:07:26.567341Z","level":"INFO","message":"cgroup stats at teardown","env_id":"env_01m2qygt8w2fm7m3ce1h4bqz6m","cgroup":"/sys/fs/cgroup/tachyon/env_01m2qygt8w2fm7m3ce1h4bqz6m","stats":"{\"cpu.max\":\"50000 100000\",\"cpu.stat\":{\"burst_usec\":0,\"core_sched.force_idle_usec\":0,\"nice_usec\":0,\"nr_bursts\":0,\"nr_periods\":69,\"nr_throttled\":67,\"system_usec\":2065292,\"throttled_usec\":3278751,\"usage_usec\":3358328,\"user_usec\":1293035},\"memory.current\":3805184,\"memory.events\":{\"high\":0,\"low\":0,\"max\":0,\"oom\":0,\"oom_group_kill\":0,\"oom_kill\":0,\"sock_throttled\":0},\"memory.max\":335544320,\"memory.peak\":43307008,\"pids.max\":64,\"pids.peak\":3}","target":"tachyon_serverless_provider_firecracker::provider"}
{"timestamp":"2026-09-17T15:07:26.595650Z","level":"INFO","message":"egress policy counters at teardown","env_id":"env_01m2qygt8w2fm7m3ce1h4bqz6m","counters":"table inet tachyon_egress {\n\tchain g_tsls1f8249871c6 {\n\t\tmeta nfproto != ipv4 counter packets 0 bytes 0 drop\n\t\tip saddr != 172.30.0.2 counter packets 0 bytes 0 drop\n\t\tip daddr @blocked_ipv4 counter packets 0 bytes 0 drop\n\t\tip daddr 192.31.196.2 tcp dport 8787 counter packets 15 bytes 1355 accept\n\t\tcounter packets 0 bytes 0 drop\n\t}\n}\n","target":"tachyon_serverless_provider_firecracker::provider"}
{"timestamp":"2026-09-17T15:07:26.596691Z","level":"INFO","message":"environment terminated","env_id":"env_01m2qygt8w2fm7m3ce1h4bqz6m","reason":"Quiesced","was_running":true,"target":"tachyon_serverless_provider_firecracker::provider"}
{"timestamp":"2026-09-17T15:07:26.599103Z","level":"INFO","message":"idle environment reaped","environment_id":"env_01m2qygt8w2fm7m3ce1h4bqz6m","revision_id":"rev_01m2qyg9afgnj080fysj20ctdd","reason":"pool drain","target":"tachyon_serverless_application::services::pool"}
{"timestamp":"2026-09-17T15:07:26.599139Z","level":"INFO","message":"idle sweep finished","examined":2,"reaped":2,"drained":0,"kept":0,"raced":0,"failed":0,"target":"tachyon_serverless_application::services::pool"}
{"timestamp":"2026-09-17T15:07:26.599154Z","level":"INFO","message":"pooled environments terminated on shutdown","reaped":2,"target":"tachyon_serverless_gateway"}
{"timestamp":"2026-09-17T15:07:26.600991Z","level":"INFO","message":"final usage collection","report":"CollectReport { batches: 1, read: 2, inserted: 2, duplicates: 0, cursor_seq: 36 }","target":"tachyon_serverless_gateway"}
{"timestamp":"2026-09-17T15:07:26.604771Z","level":"INFO","message":"gateway stopped","target":"tachyon_serverless_gateway"}
{"timestamp":"2026-09-17T15:07:26.605019Z","level":"INFO","message":"event: closed","target":"async_nats"}

===== gateway start (failpoints: dispatch.after_commit=kill) =====
{"timestamp":"2026-09-17T15:07:26.615538Z","level":"INFO","message":"configuration loaded","config":"/home/takanorifukuyama.guest/w/tsls-dispatch.9sSSuk/gateway.toml","target":"tachyon_serverless_gateway"}
{"timestamp":"2026-09-17T15:07:26.617982Z","level":"INFO","message":"connected successfully","server":"55997","max_payload":"1048576","target":"async_nats::connector"}
{"timestamp":"2026-09-17T15:07:26.618095Z","level":"INFO","message":"event: connected","target":"async_nats"}
{"timestamp":"2026-09-17T15:07:26.622022Z","level":"INFO","message":"JetStream queue connected and stream bootstrapped","url":"nats://127.0.0.1:55997","stream":"TACHYON_EVENTS","target":"tachyon_serverless_gateway::durable"}
{"timestamp":"2026-09-17T15:07:26.623325Z","level":"INFO","message":"state store opened","path":"/home/takanorifukuyama.guest/w/tsls-dispatch.9sSSuk/data/state.db","schema_version":8,"migrations_applied":"[]","imported_state_json":"None","settled_invocations":0,"settled_attempts":0,"settled_environments":0,"released_leases":0,"dropped_idempotency_keys":0,"purged_idempotency_keys":0,"outputs_purged":0,"target":"tachyon_serverless_application::app"}
{"timestamp":"2026-09-17T15:07:26.626407Z","level":"INFO","message":"log store opened","path":"/home/takanorifukuyama.guest/w/tsls-dispatch.9sSSuk/data/logs/logs.db","healthy":true,"retention_seconds":604800,"max_total_bytes":1073741824,"target":"tachyon_serverless_application::app"}
{"timestamp":"2026-09-17T15:07:26.628387Z","level":"INFO","message":"dispatcher registered","dispatcher_id":"dsp_01m2qyh1h2wjcveyptfys3j35c","instance":"dispatch-e2e","pid":245041,"lease_ttl_seconds":30,"target":"tachyon_serverless_application::services::dispatcher"}
{"timestamp":"2026-09-17T15:07:26.629314Z","level":"WARN","message":"reclaimed the work of dispatchers that lost their lease","dispatcher_id":"dsp_01m2qyh1h2wjcveyptfys3j35c","reclaimed_dispatchers":"[DispatcherId(dsp_01m2qyg8x8zbjnf8svn1frak74)]","leases":0,"invocations":0,"attempts":0,"fenced":0,"target":"tachyon_serverless_application::services::dispatcher"}
{"timestamp":"2026-09-17T15:07:26.630131Z","level":"WARN","message":"failpoint armed from TSLS_FAILPOINTS","name":"dispatch.after_commit","action":"Kill","count":"None","target":"tachyon_serverless_application::failpoints"}
{"timestamp":"2026-09-17T15:07:26.630163Z","level":"INFO","message":"application bootstrapped","profile":"dev","provider":"firecracker","dev_only":false,"environment_reuse":true,"reuse_verified":true,"reuse_reason":"the provider reports both idle capabilities as supported and [pool] enabled is true","reuse_disabled":"None","idle_quiesce":"supported","idle_resume":"supported","data_dir":"/home/takanorifukuyama.guest/w/tsls-dispatch.9sSSuk/data","store":"sqlite","dispatcher_id":"dsp_01m2qyh1h2wjcveyptfys3j35c","node":"local","node_region":"none","node_memory_mib":"None","max_concurrency":8,"queue":"nats","objects":"none","invoke_async":true,"triggers":true,"target":"tachyon_serverless_application::app"}
{"timestamp":"2026-09-17T15:07:26.631659Z","level":"INFO","message":"startup reconcile finished","provider":"firecracker","found":0,"adopted":0,"terminated":0,"disowned":0,"failed":0,"lost":0,"foreign":0,"reclaimed_dispatchers":0,"fenced_terminated":0,"fenced_pending":0,"target":"tachyon_serverless_application::services::reconcile"}
{"timestamp":"2026-09-17T15:07:26.631719Z","level":"INFO","message":"gateway listening","addr":"127.0.0.1:46035","profile":"dev","provider":"firecracker","target":"tachyon_serverless_gateway"}
{"timestamp":"2026-09-17T15:07:26.632806Z","level":"INFO","message":"asynchronous dispatcher started","workers":2,"owner":"dsp_01m2qyh1h2wjcveyptfys3j35c","target":"tachyon_serverless_gateway"}
{"timestamp":"2026-09-17T15:07:26.891491Z","level":"INFO","message":"asynchronous invocation accepted","invocation_id":"inv_01m2qyh1s7fgqhn1anrdy6t6tb","tenant_id":"tn_01hzzzzzzzzzzzzzzzzzzzzzza","revision_id":"rev_01m2qyg9afgnj080fysj20ctdd","input_bytes":24,"input_storage":"inline","target":"tachyon_serverless_application::services::invoke_async"}
{"timestamp":"2026-09-17T15:07:26.903247Z","level":"INFO","message":"asynchronous run claimed","invocation_id":"inv_01m2qyh1s7fgqhn1anrdy6t6tb","attempt":1,"generation":0,"delivery_count":1,"target":"tachyon_serverless_application::services::invoke_async::dispatch"}
{"timestamp":"2026-09-17T15:07:27.020288Z","level":"INFO","message":"egress policy installed and verified","env_id":"env_01m2qyh1sqh27070nsyjv3ve3r","egress":"restricted","tap":"tslsfc330c0ae4c","guest_ip":"172.30.0.2","rules":5,"ms":14,"target":"tachyon_serverless_provider_firecracker::provider"}
{"timestamp":"2026-09-17T15:07:27.036204Z","level":"INFO","message":"firecracker spawned","env_id":"env_01m2qyh1sqh27070nsyjv3ve3r","pid":245083,"instance_id":"env-01m2qyh1sqh27070nsyjv3ve3r","jailed":true,"cgroup":"/sys/fs/cgroup/tachyon/env_01m2qyh1sqh27070nsyjv3ve3r","target":"tachyon_serverless_provider_firecracker::provider"}
{"timestamp":"2026-09-17T15:07:27.050641Z","level":"INFO","message":"InstanceStart accepted","env_id":"env_01m2qyh1sqh27070nsyjv3ve3r","vcpus":1,"mem_mib":256,"scratch_bytes":268435456,"target":"tachyon_serverless_provider_firecracker::provider"}
{"timestamp":"2026-09-17T15:07:30.909206Z","level":"INFO","message":"async dispatch: delivery handled","message_id":"inv_01m2qyh1s7fgqhn1anrdy6t6tb","sequence":12,"delivery_count":2,"outcome":"Skipped(\"claimed\")","target":"tachyon_serverless_application::services::invoke_async::dispatch"}
{"timestamp":"2026-09-17T15:07:39.992021Z","level":"INFO","message":"invocation finished","invocation_id":"inv_01m2qyh1s7fgqhn1anrdy6t6tb","status":"succeeded (async run)","handler_ms":315,"environment_boot_ms":7432,"runtime_init_ms":5263,"target":"tachyon_serverless_application::services::invoke"}
{"timestamp":"2026-09-17T15:07:39.999753Z","level":"INFO","message":"asynchronous invocation settled","invocation_id":"inv_01m2qyh1s7fgqhn1anrdy6t6tb","status":"succeeded","target":"tachyon_serverless_application::services::invoke_async::dispatch"}
{"timestamp":"2026-09-17T15:07:39.999871Z","level":"ERROR","message":"failpoint fired: SIGKILL","name":"dispatch.after_commit","target":"tachyon_serverless_application::failpoints"}

===== gateway start (failpoints: none) =====
{"timestamp":"2026-09-17T15:07:40.110028Z","level":"INFO","message":"configuration loaded","config":"/home/takanorifukuyama.guest/w/tsls-dispatch.9sSSuk/gateway.toml","target":"tachyon_serverless_gateway"}
{"timestamp":"2026-09-17T15:07:40.115787Z","level":"INFO","message":"connected successfully","server":"55997","max_payload":"1048576","target":"async_nats::connector"}
{"timestamp":"2026-09-17T15:07:40.116198Z","level":"INFO","message":"event: connected","target":"async_nats"}
{"timestamp":"2026-09-17T15:07:40.125659Z","level":"INFO","message":"JetStream queue connected and stream bootstrapped","url":"nats://127.0.0.1:55997","stream":"TACHYON_EVENTS","target":"tachyon_serverless_gateway::durable"}
{"timestamp":"2026-09-17T15:07:40.130471Z","level":"INFO","message":"state store opened","path":"/home/takanorifukuyama.guest/w/tsls-dispatch.9sSSuk/data/state.db","schema_version":8,"migrations_applied":"[]","imported_state_json":"None","settled_invocations":0,"settled_attempts":0,"settled_environments":0,"released_leases":0,"dropped_idempotency_keys":0,"purged_idempotency_keys":0,"outputs_purged":0,"target":"tachyon_serverless_application::app"}
{"timestamp":"2026-09-17T15:07:40.134347Z","level":"INFO","message":"log store opened","path":"/home/takanorifukuyama.guest/w/tsls-dispatch.9sSSuk/data/logs/logs.db","healthy":true,"retention_seconds":604800,"max_total_bytes":1073741824,"target":"tachyon_serverless_application::app"}
{"timestamp":"2026-09-17T15:07:40.136634Z","level":"INFO","message":"dispatcher registered","dispatcher_id":"dsp_01m2qyheq67az97nnx1btcrysy","instance":"dispatch-e2e","pid":245236,"lease_ttl_seconds":30,"target":"tachyon_serverless_application::services::dispatcher"}
{"timestamp":"2026-09-17T15:07:40.139508Z","level":"WARN","message":"reclaimed the work of dispatchers that lost their lease","dispatcher_id":"dsp_01m2qyheq67az97nnx1btcrysy","reclaimed_dispatchers":"[DispatcherId(dsp_01m2qyh1h2wjcveyptfys3j35c)]","leases":0,"invocations":0,"attempts":0,"fenced":1,"target":"tachyon_serverless_application::services::dispatcher"}
{"timestamp":"2026-09-17T15:07:40.141366Z","level":"INFO","message":"application bootstrapped","profile":"dev","provider":"firecracker","dev_only":false,"environment_reuse":true,"reuse_verified":true,"reuse_reason":"the provider reports both idle capabilities as supported and [pool] enabled is true","reuse_disabled":"None","idle_quiesce":"supported","idle_resume":"supported","data_dir":"/home/takanorifukuyama.guest/w/tsls-dispatch.9sSSuk/data","store":"sqlite","dispatcher_id":"dsp_01m2qyheq67az97nnx1btcrysy","node":"local","node_region":"none","node_memory_mib":"None","max_concurrency":8,"queue":"nats","objects":"none","invoke_async":true,"triggers":true,"target":"tachyon_serverless_application::app"}
{"timestamp":"2026-09-17T15:07:40.195701Z","level":"INFO","message":"cgroup stats at teardown","env_id":"env_01m2qyh1sqh27070nsyjv3ve3r","cgroup":"/sys/fs/cgroup/tachyon/env_01m2qyh1sqh27070nsyjv3ve3r","stats":"{\"cpu.max\":\"50000 100000\",\"cpu.stat\":{\"burst_usec\":0,\"core_sched.force_idle_usec\":0,\"nice_usec\":0,\"nr_bursts\":0,\"nr_periods\":98,\"nr_throttled\":85,\"system_usec\":2471639,\"throttled_usec\":4186065,\"usage_usec\":4344424,\"user_usec\":1872784},\"memory.current\":3866624,\"memory.events\":{\"high\":0,\"low\":0,\"max\":0,\"oom\":0,\"oom_group_kill\":0,\"oom_kill\":0,\"sock_throttled\":0},\"memory.max\":335544320,\"memory.peak\":42942464,\"pids.max\":64,\"pids.peak\":3}","target":"tachyon_serverless_provider_firecracker::provider"}
{"timestamp":"2026-09-17T15:07:40.229378Z","level":"INFO","message":"egress policy counters at teardown","env_id":"env_01m2qyh1sqh27070nsyjv3ve3r","counters":"table inet tachyon_egress {\n\tchain g_tslsfc330c0ae4c {\n\t\tmeta nfproto != ipv4 counter packets 0 bytes 0 drop\n\t\tip saddr != 172.30.0.2 counter packets 0 bytes 0 drop\n\t\tip daddr @blocked_ipv4 counter packets 0 bytes 0 drop\n\t\tip daddr 192.31.196.2 tcp dport 8787 counter packets 15 bytes 1363 accept\n\t\tcounter packets 0 bytes 0 drop\n\t}\n}\n","target":"tachyon_serverless_provider_firecracker::provider"}
{"timestamp":"2026-09-17T15:07:40.232721Z","level":"INFO","message":"environment terminated","env_id":"env_01m2qyh1sqh27070nsyjv3ve3r","reason":"Reconcile","was_running":true,"target":"tachyon_serverless_provider_firecracker::provider"}
{"timestamp":"2026-09-17T15:07:40.236816Z","level":"INFO","message":"fenced environment terminated and settled","environment_id":"env_01m2qyh1sqh27070nsyjv3ve3r","owner":"Some(DispatcherId(dsp_01m2qyh1h2wjcveyptfys3j35c))","was_running":true,"target":"tachyon_serverless_application::services::reconcile"}
{"timestamp":"2026-09-17T15:07:40.239812Z","level":"INFO","message":"startup reconcile finished","provider":"firecracker","found":0,"adopted":0,"terminated":0,"disowned":0,"failed":0,"lost":0,"foreign":0,"reclaimed_dispatchers":0,"fenced_terminated":1,"fenced_pending":0,"target":"tachyon_serverless_application::services::reconcile"}
{"timestamp":"2026-09-17T15:07:40.239976Z","level":"INFO","message":"gateway listening","addr":"127.0.0.1:46035","profile":"dev","provider":"firecracker","target":"tachyon_serverless_gateway"}
{"timestamp":"2026-09-17T15:07:40.241886Z","level":"INFO","message":"asynchronous dispatcher started","workers":2,"owner":"dsp_01m2qyheq67az97nnx1btcrysy","target":"tachyon_serverless_gateway"}
{"timestamp":"2026-09-17T15:07:48.625610Z","level":"INFO","message":"SIGTERM received","target":"tachyon_serverless_gateway"}
{"timestamp":"2026-09-17T15:07:48.625674Z","level":"INFO","message":"shutdown requested; cancelling in-flight invocations","target":"tachyon_serverless_gateway"}
{"timestamp":"2026-09-17T15:07:48.626175Z","level":"INFO","message":"final usage collection","report":"CollectReport { batches: 0, read: 0, inserted: 0, duplicates: 0, cursor_seq: 40 }","target":"tachyon_serverless_gateway"}
{"timestamp":"2026-09-17T15:07:48.631304Z","level":"INFO","message":"gateway stopped","target":"tachyon_serverless_gateway"}
{"timestamp":"2026-09-17T15:07:48.631462Z","level":"INFO","message":"event: closed","target":"async_nats"}

===== gateway start (failpoints: dispatch.before_commit=kill) =====
{"timestamp":"2026-09-17T15:07:48.640680Z","level":"INFO","message":"configuration loaded","config":"/home/takanorifukuyama.guest/w/tsls-dispatch.9sSSuk/gateway.toml","target":"tachyon_serverless_gateway"}
{"timestamp":"2026-09-17T15:07:48.643108Z","level":"INFO","message":"connected successfully","server":"55997","max_payload":"1048576","target":"async_nats::connector"}
{"timestamp":"2026-09-17T15:07:48.643215Z","level":"INFO","message":"event: connected","target":"async_nats"}
{"timestamp":"2026-09-17T15:07:48.646217Z","level":"INFO","message":"JetStream queue connected and stream bootstrapped","url":"nats://127.0.0.1:55997","stream":"TACHYON_EVENTS","target":"tachyon_serverless_gateway::durable"}
{"timestamp":"2026-09-17T15:07:48.647455Z","level":"INFO","message":"state store opened","path":"/home/takanorifukuyama.guest/w/tsls-dispatch.9sSSuk/data/state.db","schema_version":8,"migrations_applied":"[]","imported_state_json":"None","settled_invocations":0,"settled_attempts":0,"settled_environments":0,"released_leases":0,"dropped_idempotency_keys":0,"purged_idempotency_keys":0,"outputs_purged":0,"target":"tachyon_serverless_application::app"}
{"timestamp":"2026-09-17T15:07:48.649158Z","level":"INFO","message":"log store opened","path":"/home/takanorifukuyama.guest/w/tsls-dispatch.9sSSuk/data/logs/logs.db","healthy":true,"retention_seconds":604800,"max_total_bytes":1073741824,"target":"tachyon_serverless_application::app"}
{"timestamp":"2026-09-17T15:07:48.650534Z","level":"INFO","message":"dispatcher registered","dispatcher_id":"dsp_01m2qyhq19aqbb4x3dsfr5kznx","instance":"dispatch-e2e","pid":245425,"lease_ttl_seconds":30,"target":"tachyon_serverless_application::services::dispatcher"}
{"timestamp":"2026-09-17T15:07:48.652474Z","level":"WARN","message":"reclaimed the work of dispatchers that lost their lease","dispatcher_id":"dsp_01m2qyhq19aqbb4x3dsfr5kznx","reclaimed_dispatchers":"[DispatcherId(dsp_01m2qyheq67az97nnx1btcrysy)]","leases":0,"invocations":0,"attempts":0,"fenced":0,"target":"tachyon_serverless_application::services::dispatcher"}
{"timestamp":"2026-09-17T15:07:48.653334Z","level":"WARN","message":"failpoint armed from TSLS_FAILPOINTS","name":"dispatch.before_commit","action":"Kill","count":"None","target":"tachyon_serverless_application::failpoints"}
{"timestamp":"2026-09-17T15:07:48.653363Z","level":"INFO","message":"application bootstrapped","profile":"dev","provider":"firecracker","dev_only":false,"environment_reuse":true,"reuse_verified":true,"reuse_reason":"the provider reports both idle capabilities as supported and [pool] enabled is true","reuse_disabled":"None","idle_quiesce":"supported","idle_resume":"supported","data_dir":"/home/takanorifukuyama.guest/w/tsls-dispatch.9sSSuk/data","store":"sqlite","dispatcher_id":"dsp_01m2qyhq19aqbb4x3dsfr5kznx","node":"local","node_region":"none","node_memory_mib":"None","max_concurrency":8,"queue":"nats","objects":"none","invoke_async":true,"triggers":true,"target":"tachyon_serverless_application::app"}
{"timestamp":"2026-09-17T15:07:48.654829Z","level":"INFO","message":"startup reconcile finished","provider":"firecracker","found":0,"adopted":0,"terminated":0,"disowned":0,"failed":0,"lost":0,"foreign":0,"reclaimed_dispatchers":0,"fenced_terminated":0,"fenced_pending":0,"target":"tachyon_serverless_application::services::reconcile"}
{"timestamp":"2026-09-17T15:07:48.654883Z","level":"INFO","message":"gateway listening","addr":"127.0.0.1:46035","profile":"dev","provider":"firecracker","target":"tachyon_serverless_gateway"}
{"timestamp":"2026-09-17T15:07:48.655968Z","level":"INFO","message":"asynchronous dispatcher started","workers":2,"owner":"dsp_01m2qyhq19aqbb4x3dsfr5kznx","target":"tachyon_serverless_gateway"}
{"timestamp":"2026-09-17T15:07:48.929426Z","level":"INFO","message":"asynchronous invocation accepted","invocation_id":"inv_01m2qyhq9ywhbmm05x12m1x1yb","tenant_id":"tn_01hzzzzzzzzzzzzzzzzzzzzzza","revision_id":"rev_01m2qyg9afgnj080fysj20ctdd","input_bytes":21,"input_storage":"inline","target":"tachyon_serverless_application::services::invoke_async"}
{"timestamp":"2026-09-17T15:07:48.937744Z","level":"INFO","message":"asynchronous run claimed","invocation_id":"inv_01m2qyhq9ywhbmm05x12m1x1yb","attempt":1,"generation":0,"delivery_count":1,"target":"tachyon_serverless_application::services::invoke_async::dispatch"}
{"timestamp":"2026-09-17T15:07:49.033805Z","level":"INFO","message":"egress policy installed and verified","env_id":"env_01m2qyhqaan4kpz6y01n7fr85b","egress":"restricted","tap":"tsls61583366e0f","guest_ip":"172.30.0.2","rules":5,"ms":13,"target":"tachyon_serverless_provider_firecracker::provider"}
{"timestamp":"2026-09-17T15:07:49.047877Z","level":"INFO","message":"firecracker spawned","env_id":"env_01m2qyhqaan4kpz6y01n7fr85b","pid":245468,"instance_id":"env-01m2qyhqaan4kpz6y01n7fr85b","jailed":true,"cgroup":"/sys/fs/cgroup/tachyon/env_01m2qyhqaan4kpz6y01n7fr85b","target":"tachyon_serverless_provider_firecracker::provider"}
{"timestamp":"2026-09-17T15:07:49.056761Z","level":"INFO","message":"InstanceStart accepted","env_id":"env_01m2qyhqaan4kpz6y01n7fr85b","vcpus":1,"mem_mib":256,"scratch_bytes":268435456,"target":"tachyon_serverless_provider_firecracker::provider"}
{"timestamp":"2026-09-17T15:07:52.942260Z","level":"INFO","message":"async dispatch: delivery handled","message_id":"inv_01m2qyhq9ywhbmm05x12m1x1yb","sequence":13,"delivery_count":2,"outcome":"Skipped(\"claimed\")","target":"tachyon_serverless_application::services::invoke_async::dispatch"}
{"timestamp":"2026-09-17T15:07:58.313748Z","level":"INFO","message":"invocation finished","invocation_id":"inv_01m2qyhq9ywhbmm05x12m1x1yb","status":"succeeded (async run)","handler_ms":127,"environment_boot_ms":5473,"runtime_init_ms":3697,"target":"tachyon_serverless_application::services::invoke"}
{"timestamp":"2026-09-17T15:07:58.316975Z","level":"ERROR","message":"failpoint fired: SIGKILL","name":"dispatch.before_commit","target":"tachyon_serverless_application::failpoints"}

===== gateway start (failpoints: none) =====
{"timestamp":"2026-09-17T15:07:58.343445Z","level":"INFO","message":"configuration loaded","config":"/home/takanorifukuyama.guest/w/tsls-dispatch.9sSSuk/gateway.toml","target":"tachyon_serverless_gateway"}
{"timestamp":"2026-09-17T15:07:58.345827Z","level":"INFO","message":"connected successfully","server":"55997","max_payload":"1048576","target":"async_nats::connector"}
{"timestamp":"2026-09-17T15:07:58.345933Z","level":"INFO","message":"event: connected","target":"async_nats"}
{"timestamp":"2026-09-17T15:07:58.349628Z","level":"INFO","message":"JetStream queue connected and stream bootstrapped","url":"nats://127.0.0.1:55997","stream":"TACHYON_EVENTS","target":"tachyon_serverless_gateway::durable"}
{"timestamp":"2026-09-17T15:07:58.351055Z","level":"INFO","message":"state store opened","path":"/home/takanorifukuyama.guest/w/tsls-dispatch.9sSSuk/data/state.db","schema_version":8,"migrations_applied":"[]","imported_state_json":"None","settled_invocations":0,"settled_attempts":0,"settled_environments":0,"released_leases":0,"dropped_idempotency_keys":0,"purged_idempotency_keys":0,"outputs_purged":0,"target":"tachyon_serverless_application::app"}
{"timestamp":"2026-09-17T15:07:58.352465Z","level":"INFO","message":"log store opened","path":"/home/takanorifukuyama.guest/w/tsls-dispatch.9sSSuk/data/logs/logs.db","healthy":true,"retention_seconds":604800,"max_total_bytes":1073741824,"target":"tachyon_serverless_application::app"}
{"timestamp":"2026-09-17T15:07:58.353269Z","level":"INFO","message":"dispatcher registered","dispatcher_id":"dsp_01m2qyj0gg6nyy9kz12vb89g3j","instance":"dispatch-e2e","pid":245584,"lease_ttl_seconds":30,"target":"tachyon_serverless_application::services::dispatcher"}
{"timestamp":"2026-09-17T15:07:58.354675Z","level":"WARN","message":"reclaimed the work of dispatchers that lost their lease","dispatcher_id":"dsp_01m2qyj0gg6nyy9kz12vb89g3j","reclaimed_dispatchers":"[DispatcherId(dsp_01m2qyhq19aqbb4x3dsfr5kznx)]","leases":0,"invocations":0,"attempts":0,"fenced":1,"target":"tachyon_serverless_application::services::dispatcher"}
{"timestamp":"2026-09-17T15:07:58.355534Z","level":"INFO","message":"application bootstrapped","profile":"dev","provider":"firecracker","dev_only":false,"environment_reuse":true,"reuse_verified":true,"reuse_reason":"the provider reports both idle capabilities as supported and [pool] enabled is true","reuse_disabled":"None","idle_quiesce":"supported","idle_resume":"supported","data_dir":"/home/takanorifukuyama.guest/w/tsls-dispatch.9sSSuk/data","store":"sqlite","dispatcher_id":"dsp_01m2qyj0gg6nyy9kz12vb89g3j","node":"local","node_region":"none","node_memory_mib":"None","max_concurrency":8,"queue":"nats","objects":"none","invoke_async":true,"triggers":true,"target":"tachyon_serverless_application::app"}
{"timestamp":"2026-09-17T15:07:58.407486Z","level":"INFO","message":"cgroup stats at teardown","env_id":"env_01m2qyhqaan4kpz6y01n7fr85b","cgroup":"/sys/fs/cgroup/tachyon/env_01m2qyhqaan4kpz6y01n7fr85b","stats":"{\"cpu.max\":\"50000 100000\",\"cpu.stat\":{\"burst_usec\":0,\"core_sched.force_idle_usec\":0,\"nice_usec\":0,\"nr_bursts\":0,\"nr_periods\":69,\"nr_throttled\":60,\"system_usec\":1801254,\"throttled_usec\":2934311,\"usage_usec\":3070861,\"user_usec\":1269607},\"memory.current\":4079616,\"memory.events\":{\"high\":0,\"low\":0,\"max\":0,\"oom\":0,\"oom_group_kill\":0,\"oom_kill\":0,\"sock_throttled\":0},\"memory.max\":335544320,\"memory.peak\":43139072,\"pids.max\":64,\"pids.peak\":3}","target":"tachyon_serverless_provider_firecracker::provider"}
{"timestamp":"2026-09-17T15:07:58.428741Z","level":"INFO","message":"egress policy counters at teardown","env_id":"env_01m2qyhqaan4kpz6y01n7fr85b","counters":"table inet tachyon_egress {\n\tchain g_tsls61583366e0f {\n\t\tmeta nfproto != ipv4 counter packets 0 bytes 0 drop\n\t\tip saddr != 172.30.0.2 counter packets 0 bytes 0 drop\n\t\tip daddr @blocked_ipv4 counter packets 0 bytes 0 drop\n\t\tip daddr 192.31.196.2 tcp dport 8787 counter packets 15 bytes 1351 accept\n\t\tcounter packets 0 bytes 0 drop\n\t}\n}\n","target":"tachyon_serverless_provider_firecracker::provider"}
{"timestamp":"2026-09-17T15:07:58.429764Z","level":"INFO","message":"environment terminated","env_id":"env_01m2qyhqaan4kpz6y01n7fr85b","reason":"Reconcile","was_running":true,"target":"tachyon_serverless_provider_firecracker::provider"}
{"timestamp":"2026-09-17T15:07:58.431525Z","level":"INFO","message":"fenced environment terminated and settled","environment_id":"env_01m2qyhqaan4kpz6y01n7fr85b","owner":"Some(DispatcherId(dsp_01m2qyhq19aqbb4x3dsfr5kznx))","was_running":true,"target":"tachyon_serverless_application::services::reconcile"}
{"timestamp":"2026-09-17T15:07:58.432694Z","level":"INFO","message":"startup reconcile finished","provider":"firecracker","found":0,"adopted":0,"terminated":0,"disowned":0,"failed":0,"lost":0,"foreign":0,"reclaimed_dispatchers":0,"fenced_terminated":1,"fenced_pending":0,"target":"tachyon_serverless_application::services::reconcile"}
{"timestamp":"2026-09-17T15:07:58.432760Z","level":"INFO","message":"gateway listening","addr":"127.0.0.1:46035","profile":"dev","provider":"firecracker","target":"tachyon_serverless_gateway"}
{"timestamp":"2026-09-17T15:07:58.433860Z","level":"INFO","message":"asynchronous dispatcher started","workers":2,"owner":"dsp_01m2qyj0gg6nyy9kz12vb89g3j","target":"tachyon_serverless_gateway"}
{"timestamp":"2026-09-17T15:08:02.442576Z","level":"INFO","message":"asynchronous invocation rescheduled","invocation_id":"inv_01m2qyhq9ywhbmm05x12m1x1yb","next_attempt_at":"2026-09-17T15:08:02.536597892+00:00","counted":true,"error_type":"Host.AsyncRunAbandoned","target":"tachyon_serverless_application::services::invoke_async::dispatch"}
{"timestamp":"2026-09-17T15:08:02.442685Z","level":"INFO","message":"async reaper pass","report":"ReapReport { examined: 1, abandoned: 1, republished: 0, dead_lettered: 0, lost: 0, failed: 0 }","target":"tachyon_serverless_application::services::invoke_async::dispatch"}
{"timestamp":"2026-09-17T15:08:02.551193Z","level":"INFO","message":"asynchronous run claimed","invocation_id":"inv_01m2qyhq9ywhbmm05x12m1x1yb","attempt":2,"generation":1,"delivery_count":1,"target":"tachyon_serverless_application::services::invoke_async::dispatch"}
{"timestamp":"2026-09-17T15:08:02.646315Z","level":"INFO","message":"egress policy installed and verified","env_id":"env_01m2qyj4kqc0cdk7633een2wpq","egress":"restricted","tap":"tsls01b56060a6f","guest_ip":"172.30.0.2","rules":5,"ms":12,"target":"tachyon_serverless_provider_firecracker::provider"}
{"timestamp":"2026-09-17T15:08:02.662469Z","level":"INFO","message":"firecracker spawned","env_id":"env_01m2qyj4kqc0cdk7633een2wpq","pid":245744,"instance_id":"env-01m2qyj4kqc0cdk7633een2wpq","jailed":true,"cgroup":"/sys/fs/cgroup/tachyon/env_01m2qyj4kqc0cdk7633een2wpq","target":"tachyon_serverless_provider_firecracker::provider"}
{"timestamp":"2026-09-17T15:08:02.672937Z","level":"INFO","message":"InstanceStart accepted","env_id":"env_01m2qyj4kqc0cdk7633een2wpq","vcpus":1,"mem_mib":256,"scratch_bytes":268435456,"target":"tachyon_serverless_provider_firecracker::provider"}
{"timestamp":"2026-09-17T15:08:06.552914Z","level":"INFO","message":"async dispatch: delivery handled","message_id":"inv_01m2qyhq9ywhbmm05x12m1x1yb.g1","sequence":14,"delivery_count":2,"outcome":"Skipped(\"claimed\")","target":"tachyon_serverless_application::services::invoke_async::dispatch"}
{"timestamp":"2026-09-17T15:08:11.687786Z","level":"INFO","message":"invocation finished","invocation_id":"inv_01m2qyhq9ywhbmm05x12m1x1yb","status":"succeeded (async run)","handler_ms":176,"environment_boot_ms":5266,"runtime_init_ms":3622,"target":"tachyon_serverless_application::services::invoke"}
{"timestamp":"2026-09-17T15:08:11.691850Z","level":"INFO","message":"asynchronous invocation settled","invocation_id":"inv_01m2qyhq9ywhbmm05x12m1x1yb","status":"succeeded","target":"tachyon_serverless_application::services::invoke_async::dispatch"}
{"timestamp":"2026-09-17T15:08:11.692131Z","level":"INFO","message":"async dispatch: delivery handled","message_id":"inv_01m2qyhq9ywhbmm05x12m1x1yb.g1","sequence":14,"delivery_count":1,"outcome":"Completed { status: \"succeeded\" }","target":"tachyon_serverless_application::services::invoke_async::dispatch"}
{"timestamp":"2026-09-17T15:08:11.993205Z","level":"INFO","message":"dead letter redriven","dead_letter_id":"dlq_01m2qygtbrnymand0c9ge4b9w5","redrive_id":"rdv_01m2qyjdtq1n481e29zvwepar2","source_invocation_id":"inv_01m2qyg9ngnrg3n3zevpwjwqdd","invocation_id":"inv_01m2qyjdtq9pfc7as3jsr4kw69","revision_id":"rev_01m2qyg9afgnj080fysj20ctdd","revision_overridden":false,"requested_by":"dispatch-e2e-oncall","target":"tachyon_serverless_application::services::invoke_async::dead_letters"}
{"timestamp":"2026-09-17T15:08:11.999632Z","level":"INFO","message":"asynchronous run claimed","invocation_id":"inv_01m2qyjdtq9pfc7as3jsr4kw69","attempt":1,"generation":0,"delivery_count":1,"target":"tachyon_serverless_application::services::invoke_async::dispatch"}
{"timestamp":"2026-09-17T15:08:12.049700Z","level":"INFO","message":"invocation finished","invocation_id":"inv_01m2qyjdtq9pfc7as3jsr4kw69","status":"failed (async run)","handler_ms":43,"environment_boot_ms":0,"runtime_init_ms":0,"target":"tachyon_serverless_application::services::invoke"}
{"timestamp":"2026-09-17T15:08:12.053634Z","level":"INFO","message":"asynchronous invocation rescheduled","invocation_id":"inv_01m2qyjdtq9pfc7as3jsr4kw69","next_attempt_at":"2026-09-17T15:08:12.275842387+00:00","counted":true,"error_type":"Downstream.Unavailable","target":"tachyon_serverless_application::services::invoke_async::dispatch"}
{"timestamp":"2026-09-17T15:08:12.054779Z","level":"INFO","message":"async dispatch: delivery handled","message_id":"inv_01m2qyjdtq9pfc7as3jsr4kw69","sequence":15,"delivery_count":1,"outcome":"Rescheduled { next_attempt_at: 2026-09-17T15:08:12.275842387Z, counted: true }","target":"tachyon_serverless_application::services::invoke_async::dispatch"}
{"timestamp":"2026-09-17T15:08:12.374126Z","level":"INFO","message":"asynchronous run claimed","invocation_id":"inv_01m2qyjdtq9pfc7as3jsr4kw69","attempt":2,"generation":1,"delivery_count":1,"target":"tachyon_serverless_application::services::invoke_async::dispatch"}
{"timestamp":"2026-09-17T15:08:12.429915Z","level":"INFO","message":"invocation finished","invocation_id":"inv_01m2qyjdtq9pfc7as3jsr4kw69","status":"failed (async run)","handler_ms":46,"environment_boot_ms":0,"runtime_init_ms":0,"target":"tachyon_serverless_application::services::invoke"}
{"timestamp":"2026-09-17T15:08:12.435822Z","level":"INFO","message":"asynchronous invocation rescheduled","invocation_id":"inv_01m2qyjdtq9pfc7as3jsr4kw69","next_attempt_at":"2026-09-17T15:08:12.717662030+00:00","counted":true,"error_type":"Downstream.Unavailable","target":"tachyon_serverless_application::services::invoke_async::dispatch"}
{"timestamp":"2026-09-17T15:08:12.438551Z","level":"INFO","message":"async dispatch: delivery handled","message_id":"inv_01m2qyjdtq9pfc7as3jsr4kw69.g1","sequence":16,"delivery_count":1,"outcome":"Rescheduled { next_attempt_at: 2026-09-17T15:08:12.717662030Z, counted: true }","target":"tachyon_serverless_application::services::invoke_async::dispatch"}
{"timestamp":"2026-09-17T15:08:12.753912Z","level":"INFO","message":"asynchronous run claimed","invocation_id":"inv_01m2qyjdtq9pfc7as3jsr4kw69","attempt":3,"generation":2,"delivery_count":1,"target":"tachyon_serverless_application::services::invoke_async::dispatch"}
{"timestamp":"2026-09-17T15:08:12.791199Z","level":"INFO","message":"invocation finished","invocation_id":"inv_01m2qyjdtq9pfc7as3jsr4kw69","status":"succeeded (async run)","handler_ms":31,"environment_boot_ms":0,"runtime_init_ms":0,"target":"tachyon_serverless_application::services::invoke"}
{"timestamp":"2026-09-17T15:08:12.796178Z","level":"INFO","message":"asynchronous invocation settled","invocation_id":"inv_01m2qyjdtq9pfc7as3jsr4kw69","status":"succeeded","target":"tachyon_serverless_application::services::invoke_async::dispatch"}
{"timestamp":"2026-09-17T15:08:12.797295Z","level":"INFO","message":"async dispatch: delivery handled","message_id":"inv_01m2qyjdtq9pfc7as3jsr4kw69.g2","sequence":17,"delivery_count":1,"outcome":"Completed { status: \"succeeded\" }","target":"tachyon_serverless_application::services::invoke_async::dispatch"}
{"timestamp":"2026-09-17T15:08:13.136398Z","level":"INFO","message":"SIGTERM received","target":"tachyon_serverless_gateway"}
{"timestamp":"2026-09-17T15:08:13.136424Z","level":"INFO","message":"shutdown requested; cancelling in-flight invocations","target":"tachyon_serverless_gateway"}
{"timestamp":"2026-09-17T15:08:13.193922Z","level":"INFO","message":"cgroup stats at teardown","env_id":"env_01m2qyj4kqc0cdk7633een2wpq","cgroup":"/sys/fs/cgroup/tachyon/env_01m2qyj4kqc0cdk7633een2wpq","stats":"{\"cpu.max\":\"50000 100000\",\"cpu.stat\":{\"burst_usec\":0,\"core_sched.force_idle_usec\":0,\"nice_usec\":0,\"nr_bursts\":0,\"nr_periods\":77,\"nr_throttled\":57,\"system_usec\":1839525,\"throttled_usec\":2803828,\"usage_usec\":3055970,\"user_usec\":1216444},\"memory.current\":4022272,\"memory.events\":{\"high\":0,\"low\":0,\"max\":0,\"oom\":0,\"oom_group_kill\":0,\"oom_kill\":0,\"sock_throttled\":0},\"memory.max\":335544320,\"memory.peak\":43249664,\"pids.max\":64,\"pids.peak\":3}","target":"tachyon_serverless_provider_firecracker::provider"}
{"timestamp":"2026-09-17T15:08:13.214446Z","level":"INFO","message":"egress policy counters at teardown","env_id":"env_01m2qyj4kqc0cdk7633een2wpq","counters":"table inet tachyon_egress {\n\tchain g_tsls01b56060a6f {\n\t\tmeta nfproto != ipv4 counter packets 0 bytes 0 drop\n\t\tip saddr != 172.30.0.2 counter packets 0 bytes 0 drop\n\t\tip daddr @blocked_ipv4 counter packets 0 bytes 0 drop\n\t\tip daddr 192.31.196.2 tcp dport 8787 counter packets 50 bytes 4412 accept\n\t\tcounter packets 0 bytes 0 drop\n\t}\n}\n","target":"tachyon_serverless_provider_firecracker::provider"}
{"timestamp":"2026-09-17T15:08:13.215752Z","level":"INFO","message":"environment terminated","env_id":"env_01m2qyj4kqc0cdk7633een2wpq","reason":"Quiesced","was_running":true,"target":"tachyon_serverless_provider_firecracker::provider"}
{"timestamp":"2026-09-17T15:08:13.218369Z","level":"INFO","message":"idle environment reaped","environment_id":"env_01m2qyj4kqc0cdk7633een2wpq","revision_id":"rev_01m2qyg9afgnj080fysj20ctdd","reason":"pool drain","target":"tachyon_serverless_application::services::pool"}
{"timestamp":"2026-09-17T15:08:13.218399Z","level":"INFO","message":"idle sweep finished","examined":1,"reaped":1,"drained":0,"kept":0,"raced":0,"failed":0,"target":"tachyon_serverless_application::services::pool"}
{"timestamp":"2026-09-17T15:08:13.218411Z","level":"INFO","message":"pooled environments terminated on shutdown","reaped":1,"target":"tachyon_serverless_gateway"}
{"timestamp":"2026-09-17T15:08:13.220737Z","level":"INFO","message":"final usage collection","report":"CollectReport { batches: 1, read: 4, inserted: 4, duplicates: 0, cursor_seq: 58 }","target":"tachyon_serverless_gateway"}
{"timestamp":"2026-09-17T15:08:13.225773Z","level":"INFO","message":"gateway stopped","target":"tachyon_serverless_gateway"}
{"timestamp":"2026-09-17T15:08:13.225898Z","level":"INFO","message":"event: closed","target":"async_nats"}
