
===== a start (failpoints: none) 11:54:56 =====
{"timestamp":"2026-09-17T11:54:56.517283Z","level":"INFO","message":"configuration loaded","config":"/private/var/folders/z7/khzdjrt95cg_fcmcnh4j1b5h0000gn/T/tsls-chaos.tfZ6BR/gw-a.toml","target":"tachyon_serverless_gateway"}
{"timestamp":"2026-09-17T11:54:56.519467Z","level":"INFO","message":"connected successfully","server":"59583","max_payload":"1048576","target":"async_nats::connector"}
{"timestamp":"2026-09-17T11:54:56.519552Z","level":"INFO","message":"event: connected","target":"async_nats"}
{"timestamp":"2026-09-17T11:54:56.537870Z","level":"INFO","message":"JetStream queue connected and stream bootstrapped","url":"nats://127.0.0.1:59583","stream":"TACHYON_EVENTS","target":"tachyon_serverless_gateway::durable"}
{"timestamp":"2026-09-17T11:54:56.543921Z","level":"INFO","message":"state store opened","path":"/private/var/folders/z7/khzdjrt95cg_fcmcnh4j1b5h0000gn/T/tsls-chaos.tfZ6BR/data/state.db","schema_version":8,"migrations_applied":"[1, 2, 3, 4, 5, 6, 7, 8]","imported_state_json":"None","settled_invocations":0,"settled_attempts":0,"settled_environments":0,"released_leases":0,"dropped_idempotency_keys":0,"purged_idempotency_keys":0,"outputs_purged":0,"target":"tachyon_serverless_application::app"}
{"timestamp":"2026-09-17T11:54:56.544120Z","level":"INFO","message":"dispatcher registered","dispatcher_id":"dsp_01m2qkgj4z7964b7vf278fzfwy","instance":"chaos-a","pid":90552,"lease_ttl_seconds":6,"target":"tachyon_serverless_application::services::dispatcher"}
{"timestamp":"2026-09-17T11:54:56.547171Z","level":"INFO","message":"application bootstrapped","profile":"dev","provider":"process","dev_only":true,"environment_reuse":false,"reuse_verified":false,"reuse_reason":"[pool] enabled is false","reuse_disabled":"Some(Configuration)","idle_quiesce":"unsupported","idle_resume":"unsupported","data_dir":"/private/var/folders/z7/khzdjrt95cg_fcmcnh4j1b5h0000gn/T/tsls-chaos.tfZ6BR/data","store":"sqlite","dispatcher_id":"dsp_01m2qkgj4z7964b7vf278fzfwy","node":"local","node_region":"none","node_memory_mib":"None","max_concurrency":8,"queue":"nats","objects":"filesystem","invoke_async":true,"triggers":true,"target":"tachyon_serverless_application::app"}
{"timestamp":"2026-09-17T11:54:56.547305Z","level":"INFO","message":"startup reconcile finished","provider":"process","found":0,"adopted":0,"terminated":0,"disowned":0,"failed":0,"lost":0,"foreign":0,"reclaimed_dispatchers":0,"fenced_terminated":0,"fenced_pending":0,"target":"tachyon_serverless_application::services::reconcile"}
{"timestamp":"2026-09-17T11:54:56.547353Z","level":"INFO","message":"gateway listening","addr":"127.0.0.1:59587","profile":"dev","provider":"process","target":"tachyon_serverless_gateway"}
{"timestamp":"2026-09-17T11:54:56.548299Z","level":"INFO","message":"asynchronous dispatcher started","workers":2,"owner":"dsp_01m2qkgj4z7964b7vf278fzfwy","target":"tachyon_serverless_gateway"}
{"timestamp":"2026-09-17T11:54:57.315078Z","level":"INFO","message":"revision ready","revision_id":"rev_01m2qkgjrrjwc0t1029waggv6t","function_id":"fn_01m2qkgjf2jv33raqh0d2tx58k","target":"tachyon_serverless_application::services::revision"}
{"timestamp":"2026-09-17T11:54:57.781850Z","level":"INFO","message":"revision ready","revision_id":"rev_01m2qkgk7f82kf8y02cz3mamr5","function_id":"fn_01m2qkgjy54vm09xs74gvzdsnc","target":"tachyon_serverless_application::services::revision"}
{"timestamp":"2026-09-17T11:54:58.254593Z","level":"INFO","message":"revision ready","revision_id":"rev_01m2qkgkp7pszedcfvsp0x2cmb","function_id":"fn_01m2qkgkcw8escev25t5t4hvhy","target":"tachyon_serverless_application::services::revision"}
{"timestamp":"2026-09-17T11:54:58.291124Z","level":"INFO","message":"trigger created","trigger_id":"trg_01m2qkgkvjhev98x10njqg0n78","function_id":"fn_01m2qkgjy54vm09xs74gvzdsnc","kind":"cron","enabled":true,"next_fire_at":"Some(2026-09-17T11:55:00Z)","target":"tachyon_serverless_application::services::triggers"}
{"timestamp":"2026-09-17T11:54:58.301241Z","level":"INFO","message":"trigger created","trigger_id":"trg_01m2qkgkvxhkzx2ecr6k0kv0pc","function_id":"fn_01m2qkgjy54vm09xs74gvzdsnc","kind":"webhook","enabled":true,"next_fire_at":"None","target":"tachyon_serverless_application::services::triggers"}
{"timestamp":"2026-09-17T11:54:58.454415Z","level":"INFO","message":"bridge spawned","environment_id":"env_01m2qkgkwgakq25yzjqvenqqpc","pid":90813,"target":"tachyon_serverless_provider_process"}
{"timestamp":"2026-09-17T11:54:58.680809Z","level":"INFO","message":"invocation finished","invocation_id":"inv_01m2qkgkwgmf7x1xhk4cs2dxcb","status":"succeeded","handler_ms":1,"environment_boot_ms":4,"runtime_init_ms":217,"target":"tachyon_serverless_application::services::invoke"}
{"timestamp":"2026-09-17T11:54:58.682465Z","level":"INFO","message":"terminating bridge","environment_id":"env_01m2qkgkwgakq25yzjqvenqqpc","pid":90813,"reason":"Completed","graceful":true,"target":"tachyon_serverless_provider_process"}
{"timestamp":"2026-09-17T11:54:58.746589Z","level":"INFO","message":"asynchronous invocation accepted","invocation_id":"inv_01m2qkgm9svp2tpmskd25zqdeg","tenant_id":"tn_01hzzzzzzzzzzzzzzzzzzzzzza","revision_id":"rev_01m2qkgjrrjwc0t1029waggv6t","input_bytes":47,"input_storage":"inline","target":"tachyon_serverless_application::services::invoke_async"}
{"timestamp":"2026-09-17T11:54:58.754559Z","level":"INFO","message":"asynchronous run claimed","invocation_id":"inv_01m2qkgm9svp2tpmskd25zqdeg","attempt":1,"generation":0,"delivery_count":1,"target":"tachyon_serverless_application::services::invoke_async::dispatch"}
{"timestamp":"2026-09-17T11:54:58.808022Z","level":"INFO","message":"asynchronous invocation accepted","invocation_id":"inv_01m2qkgmb80cc0bezx2yjy0ky6","tenant_id":"tn_01hzzzzzzzzzzzzzzzzzzzzzza","revision_id":"rev_01m2qkgjrrjwc0t1029waggv6t","input_bytes":4127,"input_storage":"object","target":"tachyon_serverless_application::services::invoke_async"}
{"timestamp":"2026-09-17T11:54:58.813120Z","level":"INFO","message":"asynchronous run claimed","invocation_id":"inv_01m2qkgmb80cc0bezx2yjy0ky6","attempt":1,"generation":0,"delivery_count":1,"target":"tachyon_serverless_application::services::invoke_async::dispatch"}
{"timestamp":"2026-09-17T11:54:58.834570Z","level":"INFO","message":"asynchronous invocation accepted","invocation_id":"inv_01m2qkgmcjn7rqzjwqb9fswmgr","tenant_id":"tn_01hzzzzzzzzzzzzzzzzzzzzzza","revision_id":"rev_01m2qkgk7f82kf8y02cz3mamr5","input_bytes":189,"input_storage":"inline","target":"tachyon_serverless_application::services::invoke_async"}
{"timestamp":"2026-09-17T11:54:58.834607Z","level":"INFO","message":"webhook trigger fired","trigger_id":"trg_01m2qkgkvxhkzx2ecr6k0kv0pc","event_id":"evt-pre-w1","invocation_id":"inv_01m2qkgmcjn7rqzjwqb9fswmgr","revision_id":"rev_01m2qkgk7f82kf8y02cz3mamr5","replayed":false,"target":"tachyon_serverless_application::services::triggers"}
{"timestamp":"2026-09-17T11:54:58.899118Z","level":"INFO","message":"bridge spawned","environment_id":"env_01m2qkgma6kgpz6crmd7krh5gj","pid":90889,"target":"tachyon_serverless_provider_process"}
{"timestamp":"2026-09-17T11:54:58.955072Z","level":"INFO","message":"bridge spawned","environment_id":"env_01m2qkgmbyk4y0cr4d8gq0h36k","pid":90891,"target":"tachyon_serverless_provider_process"}
{"timestamp":"2026-09-17T11:54:58.987037Z","level":"INFO","message":"bridge spawned","environment_id":"env_01m2qkgmd1a9rrkqrzknrp5ft8","pid":90893,"target":"tachyon_serverless_provider_process"}
{"timestamp":"2026-09-17T11:54:58.996012Z","level":"INFO","message":"invocation finished","invocation_id":"inv_01m2qkgmd1nm5eczz1hy8sf9j1","status":"succeeded","handler_ms":0,"environment_boot_ms":3,"runtime_init_ms":4,"target":"tachyon_serverless_application::services::invoke"}
{"timestamp":"2026-09-17T11:54:58.997537Z","level":"INFO","message":"terminating bridge","environment_id":"env_01m2qkgmd1a9rrkqrzknrp5ft8","pid":90893,"reason":"Completed","graceful":true,"target":"tachyon_serverless_provider_process"}
{"timestamp":"2026-09-17T11:54:59.045792Z","level":"INFO","message":"asynchronous invocation accepted","invocation_id":"inv_01m2qkgmk5mt4j8mhk1cbcekkh","tenant_id":"tn_01hzzzzzzzzzzzzzzzzzzzzzza","revision_id":"rev_01m2qkgjrrjwc0t1029waggv6t","input_bytes":47,"input_storage":"inline","target":"tachyon_serverless_application::services::invoke_async"}
{"timestamp":"2026-09-17T11:54:59.093059Z","level":"INFO","message":"invocation finished","invocation_id":"inv_01m2qkgm9svp2tpmskd25zqdeg","status":"succeeded (async run)","handler_ms":1,"environment_boot_ms":3,"runtime_init_ms":188,"target":"tachyon_serverless_application::services::invoke"}
{"timestamp":"2026-09-17T11:54:59.093448Z","level":"INFO","message":"invocation finished","invocation_id":"inv_01m2qkgmb80cc0bezx2yjy0ky6","status":"succeeded (async run)","handler_ms":0,"environment_boot_ms":3,"runtime_init_ms":133,"target":"tachyon_serverless_application::services::invoke"}
{"timestamp":"2026-09-17T11:54:59.094618Z","level":"INFO","message":"terminating bridge","environment_id":"env_01m2qkgma6kgpz6crmd7krh5gj","pid":90889,"reason":"Completed","graceful":true,"target":"tachyon_serverless_provider_process"}
{"timestamp":"2026-09-17T11:54:59.094618Z","level":"INFO","message":"terminating bridge","environment_id":"env_01m2qkgmbyk4y0cr4d8gq0h36k","pid":90891,"reason":"Completed","graceful":true,"target":"tachyon_serverless_provider_process"}
{"timestamp":"2026-09-17T11:54:59.110701Z","level":"INFO","message":"asynchronous invocation settled","invocation_id":"inv_01m2qkgmb80cc0bezx2yjy0ky6","status":"succeeded","target":"tachyon_serverless_application::services::invoke_async::dispatch"}
{"timestamp":"2026-09-17T11:54:59.111110Z","level":"INFO","message":"asynchronous invocation settled","invocation_id":"inv_01m2qkgm9svp2tpmskd25zqdeg","status":"succeeded","target":"tachyon_serverless_application::services::invoke_async::dispatch"}
{"timestamp":"2026-09-17T11:54:59.114653Z","level":"INFO","message":"async dispatch: delivery handled","message_id":"inv_01m2qkgmb80cc0bezx2yjy0ky6","sequence":2,"delivery_count":1,"outcome":"Completed { status: \"succeeded\" }","target":"tachyon_serverless_application::services::invoke_async::dispatch"}
{"timestamp":"2026-09-17T11:54:59.118581Z","level":"INFO","message":"async dispatch: delivery handled","message_id":"inv_01m2qkgm9svp2tpmskd25zqdeg","sequence":1,"delivery_count":1,"outcome":"Completed { status: \"succeeded\" }","target":"tachyon_serverless_application::services::invoke_async::dispatch"}
{"timestamp":"2026-09-17T11:54:59.119165Z","level":"INFO","message":"asynchronous invocation accepted","invocation_id":"inv_01m2qkgmmme0mp3y9z8k2gzgvw","tenant_id":"tn_01hzzzzzzzzzzzzzzzzzzzzzza","revision_id":"rev_01m2qkgjrrjwc0t1029waggv6t","input_bytes":4127,"input_storage":"object","target":"tachyon_serverless_application::services::invoke_async"}
{"timestamp":"2026-09-17T11:54:59.122496Z","level":"INFO","message":"asynchronous run claimed","invocation_id":"inv_01m2qkgmk5mt4j8mhk1cbcekkh","attempt":1,"generation":0,"delivery_count":1,"target":"tachyon_serverless_application::services::invoke_async::dispatch"}
{"timestamp":"2026-09-17T11:54:59.122796Z","level":"INFO","message":"asynchronous run claimed","invocation_id":"inv_01m2qkgmcjn7rqzjwqb9fswmgr","attempt":1,"generation":0,"delivery_count":1,"target":"tachyon_serverless_application::services::invoke_async::dispatch"}
{"timestamp":"2026-09-17T11:54:59.151176Z","level":"INFO","message":"asynchronous invocation accepted","invocation_id":"inv_01m2qkgmpe4kpp58h1y42c2mh2","tenant_id":"tn_01hzzzzzzzzzzzzzzzzzzzzzza","revision_id":"rev_01m2qkgk7f82kf8y02cz3mamr5","input_bytes":189,"input_storage":"inline","target":"tachyon_serverless_application::services::invoke_async"}
{"timestamp":"2026-09-17T11:54:59.151213Z","level":"INFO","message":"webhook trigger fired","trigger_id":"trg_01m2qkgkvxhkzx2ecr6k0kv0pc","event_id":"evt-pre-w2","invocation_id":"inv_01m2qkgmpe4kpp58h1y42c2mh2","revision_id":"rev_01m2qkgk7f82kf8y02cz3mamr5","replayed":false,"target":"tachyon_serverless_application::services::triggers"}
{"timestamp":"2026-09-17T11:54:59.170484Z","level":"INFO","message":"trigger updated","trigger_id":"trg_01m2qkgkvjhev98x10njqg0n78","generation":2,"status":"disabled","next_fire_at":"None","rotated_secret":false,"target":"tachyon_serverless_application::services::triggers"}
{"timestamp":"2026-09-17T11:54:59.277006Z","level":"INFO","message":"bridge spawned","environment_id":"env_01m2qkgmnkq4et4ry90xqa99w4","pid":90970,"target":"tachyon_serverless_provider_process"}
{"timestamp":"2026-09-17T11:54:59.280905Z","level":"INFO","message":"bridge spawned","environment_id":"env_01m2qkgmnjc07rn9btke2q1c9b","pid":90971,"target":"tachyon_serverless_provider_process"}
{"timestamp":"2026-09-17T11:54:59.286638Z","level":"INFO","message":"invocation finished","invocation_id":"inv_01m2qkgmcjn7rqzjwqb9fswmgr","status":"succeeded (async run)","handler_ms":0,"environment_boot_ms":4,"runtime_init_ms":4,"target":"tachyon_serverless_application::services::invoke"}
{"timestamp":"2026-09-17T11:54:59.288200Z","level":"INFO","message":"terminating bridge","environment_id":"env_01m2qkgmnkq4et4ry90xqa99w4","pid":90970,"reason":"Completed","graceful":true,"target":"tachyon_serverless_provider_process"}
{"timestamp":"2026-09-17T11:54:59.290642Z","level":"INFO","message":"asynchronous invocation settled","invocation_id":"inv_01m2qkgmcjn7rqzjwqb9fswmgr","status":"succeeded","target":"tachyon_serverless_application::services::invoke_async::dispatch"}
{"timestamp":"2026-09-17T11:54:59.291097Z","level":"INFO","message":"invocation finished","invocation_id":"inv_01m2qkgmk5mt4j8mhk1cbcekkh","status":"succeeded (async run)","handler_ms":1,"environment_boot_ms":3,"runtime_init_ms":4,"target":"tachyon_serverless_application::services::invoke"}
{"timestamp":"2026-09-17T11:54:59.292600Z","level":"INFO","message":"terminating bridge","environment_id":"env_01m2qkgmnjc07rn9btke2q1c9b","pid":90971,"reason":"Completed","graceful":true,"target":"tachyon_serverless_provider_process"}
{"timestamp":"2026-09-17T11:54:59.295592Z","level":"INFO","message":"async dispatch: delivery handled","message_id":"inv_01m2qkgmcjn7rqzjwqb9fswmgr","sequence":3,"delivery_count":1,"outcome":"Completed { status: \"succeeded\" }","target":"tachyon_serverless_application::services::invoke_async::dispatch"}
{"timestamp":"2026-09-17T11:54:59.296024Z","level":"INFO","message":"asynchronous run claimed","invocation_id":"inv_01m2qkgmmme0mp3y9z8k2gzgvw","attempt":1,"generation":0,"delivery_count":1,"target":"tachyon_serverless_application::services::invoke_async::dispatch"}
{"timestamp":"2026-09-17T11:54:59.297966Z","level":"INFO","message":"asynchronous invocation settled","invocation_id":"inv_01m2qkgmk5mt4j8mhk1cbcekkh","status":"succeeded","target":"tachyon_serverless_application::services::invoke_async::dispatch"}
{"timestamp":"2026-09-17T11:54:59.302407Z","level":"INFO","message":"async dispatch: delivery handled","message_id":"inv_01m2qkgmk5mt4j8mhk1cbcekkh","sequence":4,"delivery_count":1,"outcome":"Completed { status: \"succeeded\" }","target":"tachyon_serverless_application::services::invoke_async::dispatch"}
{"timestamp":"2026-09-17T11:54:59.302778Z","level":"INFO","message":"asynchronous run claimed","invocation_id":"inv_01m2qkgmpe4kpp58h1y42c2mh2","attempt":1,"generation":0,"delivery_count":1,"target":"tachyon_serverless_application::services::invoke_async::dispatch"}
{"timestamp":"2026-09-17T11:54:59.468523Z","level":"INFO","message":"bridge spawned","environment_id":"env_01m2qkgmv6z6gtvhtz62wqnhh4","pid":90975,"target":"tachyon_serverless_provider_process"}
{"timestamp":"2026-09-17T11:54:59.468523Z","level":"INFO","message":"bridge spawned","environment_id":"env_01m2qkgmv1zx1bpsms4mj98mg5","pid":90974,"target":"tachyon_serverless_provider_process"}
{"timestamp":"2026-09-17T11:54:59.480468Z","level":"INFO","message":"invocation finished","invocation_id":"inv_01m2qkgmpe4kpp58h1y42c2mh2","status":"succeeded (async run)","handler_ms":0,"environment_boot_ms":5,"runtime_init_ms":5,"target":"tachyon_serverless_application::services::invoke"}
{"timestamp":"2026-09-17T11:54:59.481283Z","level":"INFO","message":"invocation finished","invocation_id":"inv_01m2qkgmmme0mp3y9z8k2gzgvw","status":"succeeded (async run)","handler_ms":1,"environment_boot_ms":5,"runtime_init_ms":5,"target":"tachyon_serverless_application::services::invoke"}
{"timestamp":"2026-09-17T11:54:59.481583Z","level":"INFO","message":"terminating bridge","environment_id":"env_01m2qkgmv6z6gtvhtz62wqnhh4","pid":90975,"reason":"Completed","graceful":true,"target":"tachyon_serverless_provider_process"}
{"timestamp":"2026-09-17T11:54:59.482794Z","level":"INFO","message":"terminating bridge","environment_id":"env_01m2qkgmv1zx1bpsms4mj98mg5","pid":90974,"reason":"Completed","graceful":true,"target":"tachyon_serverless_provider_process"}
{"timestamp":"2026-09-17T11:54:59.484359Z","level":"INFO","message":"asynchronous invocation settled","invocation_id":"inv_01m2qkgmpe4kpp58h1y42c2mh2","status":"succeeded","target":"tachyon_serverless_application::services::invoke_async::dispatch"}
{"timestamp":"2026-09-17T11:54:59.489809Z","level":"INFO","message":"async dispatch: delivery handled","message_id":"inv_01m2qkgmpe4kpp58h1y42c2mh2","sequence":6,"delivery_count":1,"outcome":"Completed { status: \"succeeded\" }","target":"tachyon_serverless_application::services::invoke_async::dispatch"}
{"timestamp":"2026-09-17T11:54:59.490459Z","level":"INFO","message":"asynchronous invocation settled","invocation_id":"inv_01m2qkgmmme0mp3y9z8k2gzgvw","status":"succeeded","target":"tachyon_serverless_application::services::invoke_async::dispatch"}
{"timestamp":"2026-09-17T11:54:59.495883Z","level":"INFO","message":"async dispatch: delivery handled","message_id":"inv_01m2qkgmmme0mp3y9z8k2gzgvw","sequence":5,"delivery_count":1,"outcome":"Completed { status: \"succeeded\" }","target":"tachyon_serverless_application::services::invoke_async::dispatch"}
{"timestamp":"2026-09-17T11:55:00.250532Z","level":"INFO","message":"SIGTERM received","target":"tachyon_serverless_gateway"}
{"timestamp":"2026-09-17T11:55:00.250612Z","level":"INFO","message":"shutdown requested; cancelling in-flight invocations","target":"tachyon_serverless_gateway"}
{"timestamp":"2026-09-17T11:55:00.251142Z","level":"INFO","message":"final usage collection","report":"CollectReport { batches: 0, read: 0, inserted: 0, duplicates: 0, cursor_seq: 40 }","target":"tachyon_serverless_gateway"}
{"timestamp":"2026-09-17T11:55:00.252355Z","level":"INFO","message":"gateway stopped","target":"tachyon_serverless_gateway"}
{"timestamp":"2026-09-17T11:55:00.252694Z","level":"INFO","message":"event: closed","target":"async_nats"}

===== a start (failpoints: dispatch.after_commit=kill) 11:55:00 =====
{"timestamp":"2026-09-17T11:55:00.394549Z","level":"INFO","message":"configuration loaded","config":"/private/var/folders/z7/khzdjrt95cg_fcmcnh4j1b5h0000gn/T/tsls-chaos.tfZ6BR/gw-a.toml","target":"tachyon_serverless_gateway"}
{"timestamp":"2026-09-17T11:55:00.396832Z","level":"INFO","message":"connected successfully","server":"59583","max_payload":"1048576","target":"async_nats::connector"}
{"timestamp":"2026-09-17T11:55:00.396953Z","level":"INFO","message":"event: connected","target":"async_nats"}
{"timestamp":"2026-09-17T11:55:00.418257Z","level":"INFO","message":"JetStream queue connected and stream bootstrapped","url":"nats://127.0.0.1:59583","stream":"TACHYON_EVENTS","target":"tachyon_serverless_gateway::durable"}
{"timestamp":"2026-09-17T11:55:00.420570Z","level":"INFO","message":"state store opened","path":"/private/var/folders/z7/khzdjrt95cg_fcmcnh4j1b5h0000gn/T/tsls-chaos.tfZ6BR/data/state.db","schema_version":8,"migrations_applied":"[]","imported_state_json":"None","settled_invocations":0,"settled_attempts":0,"settled_environments":0,"released_leases":0,"dropped_idempotency_keys":0,"purged_idempotency_keys":0,"outputs_purged":0,"target":"tachyon_serverless_application::app"}
{"timestamp":"2026-09-17T11:55:00.422992Z","level":"INFO","message":"dispatcher registered","dispatcher_id":"dsp_01m2qkgny4j22xc57ajmjtr73g","instance":"chaos-a","pid":90990,"lease_ttl_seconds":6,"target":"tachyon_serverless_application::services::dispatcher"}
{"timestamp":"2026-09-17T11:55:00.425879Z","level":"WARN","message":"reclaimed the work of dispatchers that lost their lease","dispatcher_id":"dsp_01m2qkgny4j22xc57ajmjtr73g","reclaimed_dispatchers":"[DispatcherId(dsp_01m2qkgj4z7964b7vf278fzfwy)]","leases":0,"invocations":0,"attempts":0,"fenced":0,"target":"tachyon_serverless_application::services::dispatcher"}
{"timestamp":"2026-09-17T11:55:00.427880Z","level":"WARN","message":"failpoint armed from TSLS_FAILPOINTS","name":"dispatch.after_commit","action":"Kill","count":"None","target":"tachyon_serverless_application::failpoints"}
{"timestamp":"2026-09-17T11:55:00.427992Z","level":"INFO","message":"application bootstrapped","profile":"dev","provider":"process","dev_only":true,"environment_reuse":false,"reuse_verified":false,"reuse_reason":"[pool] enabled is false","reuse_disabled":"Some(Configuration)","idle_quiesce":"unsupported","idle_resume":"unsupported","data_dir":"/private/var/folders/z7/khzdjrt95cg_fcmcnh4j1b5h0000gn/T/tsls-chaos.tfZ6BR/data","store":"sqlite","dispatcher_id":"dsp_01m2qkgny4j22xc57ajmjtr73g","node":"local","node_region":"none","node_memory_mib":"None","max_concurrency":8,"queue":"nats","objects":"filesystem","invoke_async":true,"triggers":true,"target":"tachyon_serverless_application::app"}
{"timestamp":"2026-09-17T11:55:00.428428Z","level":"INFO","message":"startup reconcile finished","provider":"process","found":0,"adopted":0,"terminated":0,"disowned":0,"failed":0,"lost":0,"foreign":0,"reclaimed_dispatchers":0,"fenced_terminated":0,"fenced_pending":0,"target":"tachyon_serverless_application::services::reconcile"}
{"timestamp":"2026-09-17T11:55:00.428504Z","level":"INFO","message":"gateway listening","addr":"127.0.0.1:59587","profile":"dev","provider":"process","target":"tachyon_serverless_gateway"}
{"timestamp":"2026-09-17T11:55:00.430335Z","level":"INFO","message":"asynchronous dispatcher started","workers":2,"owner":"dsp_01m2qkgny4j22xc57ajmjtr73g","target":"tachyon_serverless_gateway"}
{"timestamp":"2026-09-17T11:55:00.747665Z","level":"INFO","message":"asynchronous invocation accepted","invocation_id":"inv_01m2qkgp8axpr50r7zfv0mynba","tenant_id":"tn_01hzzzzzzzzzzzzzzzzzzzzzza","revision_id":"rev_01m2qkgjrrjwc0t1029waggv6t","input_bytes":93,"input_storage":"inline","target":"tachyon_serverless_application::services::invoke_async"}
{"timestamp":"2026-09-17T11:55:00.761364Z","level":"INFO","message":"asynchronous run claimed","invocation_id":"inv_01m2qkgp8axpr50r7zfv0mynba","attempt":1,"generation":0,"delivery_count":1,"target":"tachyon_serverless_application::services::invoke_async::dispatch"}
{"timestamp":"2026-09-17T11:55:00.918434Z","level":"INFO","message":"bridge spawned","environment_id":"env_01m2qkgp8s4a4h85bsnx7ctsjv","pid":91021,"target":"tachyon_serverless_provider_process"}
{"timestamp":"2026-09-17T11:55:01.235618Z","level":"INFO","message":"invocation finished","invocation_id":"inv_01m2qkgp8axpr50r7zfv0mynba","status":"succeeded (async run)","handler_ms":305,"environment_boot_ms":4,"runtime_init_ms":5,"target":"tachyon_serverless_application::services::invoke"}
{"timestamp":"2026-09-17T11:55:01.238648Z","level":"INFO","message":"terminating bridge","environment_id":"env_01m2qkgp8s4a4h85bsnx7ctsjv","pid":91021,"reason":"Completed","graceful":true,"target":"tachyon_serverless_provider_process"}
{"timestamp":"2026-09-17T11:55:01.248771Z","level":"INFO","message":"asynchronous invocation settled","invocation_id":"inv_01m2qkgp8axpr50r7zfv0mynba","status":"succeeded","target":"tachyon_serverless_application::services::invoke_async::dispatch"}
{"timestamp":"2026-09-17T11:55:01.248884Z","level":"ERROR","message":"failpoint fired: SIGKILL","name":"dispatch.after_commit","target":"tachyon_serverless_application::failpoints"}

===== a start (failpoints: none) 11:55:01 =====
{"timestamp":"2026-09-17T11:55:01.558334Z","level":"INFO","message":"configuration loaded","config":"/private/var/folders/z7/khzdjrt95cg_fcmcnh4j1b5h0000gn/T/tsls-chaos.tfZ6BR/gw-a.toml","target":"tachyon_serverless_gateway"}
{"timestamp":"2026-09-17T11:55:01.560214Z","level":"INFO","message":"connected successfully","server":"59583","max_payload":"1048576","target":"async_nats::connector"}
{"timestamp":"2026-09-17T11:55:01.560302Z","level":"INFO","message":"event: connected","target":"async_nats"}
{"timestamp":"2026-09-17T11:55:01.575827Z","level":"INFO","message":"JetStream queue connected and stream bootstrapped","url":"nats://127.0.0.1:59583","stream":"TACHYON_EVENTS","target":"tachyon_serverless_gateway::durable"}
{"timestamp":"2026-09-17T11:55:01.577176Z","level":"INFO","message":"state store opened","path":"/private/var/folders/z7/khzdjrt95cg_fcmcnh4j1b5h0000gn/T/tsls-chaos.tfZ6BR/data/state.db","schema_version":8,"migrations_applied":"[]","imported_state_json":"None","settled_invocations":0,"settled_attempts":0,"settled_environments":0,"released_leases":0,"dropped_idempotency_keys":0,"purged_idempotency_keys":0,"outputs_purged":0,"target":"tachyon_serverless_application::app"}
{"timestamp":"2026-09-17T11:55:01.577457Z","level":"INFO","message":"dispatcher registered","dispatcher_id":"dsp_01m2qkgq29mshr1t8eznsqgvpz","instance":"chaos-a","pid":91060,"lease_ttl_seconds":6,"target":"tachyon_serverless_application::services::dispatcher"}
{"timestamp":"2026-09-17T11:55:01.577791Z","level":"WARN","message":"reclaimed the work of dispatchers that lost their lease","dispatcher_id":"dsp_01m2qkgq29mshr1t8eznsqgvpz","reclaimed_dispatchers":"[DispatcherId(dsp_01m2qkgny4j22xc57ajmjtr73g)]","leases":0,"invocations":0,"attempts":0,"fenced":0,"target":"tachyon_serverless_application::services::dispatcher"}
{"timestamp":"2026-09-17T11:55:01.579692Z","level":"INFO","message":"application bootstrapped","profile":"dev","provider":"process","dev_only":true,"environment_reuse":false,"reuse_verified":false,"reuse_reason":"[pool] enabled is false","reuse_disabled":"Some(Configuration)","idle_quiesce":"unsupported","idle_resume":"unsupported","data_dir":"/private/var/folders/z7/khzdjrt95cg_fcmcnh4j1b5h0000gn/T/tsls-chaos.tfZ6BR/data","store":"sqlite","dispatcher_id":"dsp_01m2qkgq29mshr1t8eznsqgvpz","node":"local","node_region":"none","node_memory_mib":"None","max_concurrency":8,"queue":"nats","objects":"filesystem","invoke_async":true,"triggers":true,"target":"tachyon_serverless_application::app"}
{"timestamp":"2026-09-17T11:55:01.579984Z","level":"INFO","message":"startup reconcile finished","provider":"process","found":0,"adopted":0,"terminated":0,"disowned":0,"failed":0,"lost":0,"foreign":0,"reclaimed_dispatchers":0,"fenced_terminated":0,"fenced_pending":0,"target":"tachyon_serverless_application::services::reconcile"}
{"timestamp":"2026-09-17T11:55:01.580032Z","level":"INFO","message":"gateway listening","addr":"127.0.0.1:59587","profile":"dev","provider":"process","target":"tachyon_serverless_gateway"}
{"timestamp":"2026-09-17T11:55:01.581070Z","level":"INFO","message":"asynchronous dispatcher started","workers":2,"owner":"dsp_01m2qkgq29mshr1t8eznsqgvpz","target":"tachyon_serverless_gateway"}
{"timestamp":"2026-09-17T11:55:02.086122Z","level":"INFO","message":"bridge spawned","environment_id":"env_01m2qkgqdebc3gcnm08nzmxa9h","pid":91142,"target":"tachyon_serverless_provider_process"}
{"timestamp":"2026-09-17T11:55:02.096404Z","level":"INFO","message":"invocation finished","invocation_id":"inv_01m2qkgqde395dfhrtaxc1xzmy","status":"succeeded","handler_ms":0,"environment_boot_ms":4,"runtime_init_ms":4,"target":"tachyon_serverless_application::services::invoke"}
{"timestamp":"2026-09-17T11:55:02.098031Z","level":"INFO","message":"terminating bridge","environment_id":"env_01m2qkgqdebc3gcnm08nzmxa9h","pid":91142,"reason":"Completed","graceful":true,"target":"tachyon_serverless_provider_process"}
{"timestamp":"2026-09-17T11:55:02.153449Z","level":"INFO","message":"asynchronous invocation accepted","invocation_id":"inv_01m2qkgqm8074nq0jzj1rcx160","tenant_id":"tn_01hzzzzzzzzzzzzzzzzzzzzzza","revision_id":"rev_01m2qkgjrrjwc0t1029waggv6t","input_bytes":48,"input_storage":"inline","target":"tachyon_serverless_application::services::invoke_async"}
{"timestamp":"2026-09-17T11:55:02.173841Z","level":"INFO","message":"asynchronous run claimed","invocation_id":"inv_01m2qkgqm8074nq0jzj1rcx160","attempt":1,"generation":0,"delivery_count":1,"target":"tachyon_serverless_application::services::invoke_async::dispatch"}
{"timestamp":"2026-09-17T11:55:02.229025Z","level":"INFO","message":"asynchronous invocation accepted","invocation_id":"inv_01m2qkgqp06ajg0dedsndh46zn","tenant_id":"tn_01hzzzzzzzzzzzzzzzzzzzzzza","revision_id":"rev_01m2qkgjrrjwc0t1029waggv6t","input_bytes":4128,"input_storage":"object","target":"tachyon_serverless_application::services::invoke_async"}
{"timestamp":"2026-09-17T11:55:02.235738Z","level":"INFO","message":"asynchronous run claimed","invocation_id":"inv_01m2qkgqp06ajg0dedsndh46zn","attempt":1,"generation":0,"delivery_count":1,"target":"tachyon_serverless_application::services::invoke_async::dispatch"}
{"timestamp":"2026-09-17T11:55:02.262753Z","level":"INFO","message":"asynchronous invocation accepted","invocation_id":"inv_01m2qkgqqnm5359bczhdm3bdgw","tenant_id":"tn_01hzzzzzzzzzzzzzzzzzzzzzza","revision_id":"rev_01m2qkgk7f82kf8y02cz3mamr5","input_bytes":191,"input_storage":"inline","target":"tachyon_serverless_application::services::invoke_async"}
{"timestamp":"2026-09-17T11:55:02.262798Z","level":"INFO","message":"webhook trigger fired","trigger_id":"trg_01m2qkgkvxhkzx2ecr6k0kv0pc","event_id":"evt-post-w1","invocation_id":"inv_01m2qkgqqnm5359bczhdm3bdgw","revision_id":"rev_01m2qkgk7f82kf8y02cz3mamr5","replayed":false,"target":"tachyon_serverless_application::services::triggers"}
{"timestamp":"2026-09-17T11:55:02.293573Z","level":"INFO","message":"trigger updated","trigger_id":"trg_01m2qkgkvjhev98x10njqg0n78","generation":3,"status":"disabled","next_fire_at":"None","rotated_secret":false,"target":"tachyon_serverless_application::services::triggers"}
{"timestamp":"2026-09-17T11:55:02.365633Z","level":"INFO","message":"bridge spawned","environment_id":"env_01m2qkgqmy6yc0630j633zy5jh","pid":91249,"target":"tachyon_serverless_provider_process"}
{"timestamp":"2026-09-17T11:55:02.379916Z","level":"INFO","message":"invocation finished","invocation_id":"inv_01m2qkgqm8074nq0jzj1rcx160","status":"succeeded (async run)","handler_ms":1,"environment_boot_ms":5,"runtime_init_ms":6,"target":"tachyon_serverless_application::services::invoke"}
{"timestamp":"2026-09-17T11:55:02.381634Z","level":"INFO","message":"terminating bridge","environment_id":"env_01m2qkgqmy6yc0630j633zy5jh","pid":91249,"reason":"Completed","graceful":true,"target":"tachyon_serverless_provider_process"}
{"timestamp":"2026-09-17T11:55:02.385483Z","level":"INFO","message":"asynchronous invocation settled","invocation_id":"inv_01m2qkgqm8074nq0jzj1rcx160","status":"succeeded","target":"tachyon_serverless_application::services::invoke_async::dispatch"}
{"timestamp":"2026-09-17T11:55:02.400305Z","level":"INFO","message":"async dispatch: delivery handled","message_id":"inv_01m2qkgqm8074nq0jzj1rcx160","sequence":8,"delivery_count":1,"outcome":"Completed { status: \"succeeded\" }","target":"tachyon_serverless_application::services::invoke_async::dispatch"}
{"timestamp":"2026-09-17T11:55:02.405589Z","level":"INFO","message":"asynchronous run claimed","invocation_id":"inv_01m2qkgqqnm5359bczhdm3bdgw","attempt":1,"generation":0,"delivery_count":1,"target":"tachyon_serverless_application::services::invoke_async::dispatch"}
{"timestamp":"2026-09-17T11:55:02.456169Z","level":"INFO","message":"bridge spawned","environment_id":"env_01m2qkgqpx259nqrfjyv8rkwk2","pid":91254,"target":"tachyon_serverless_provider_process"}
{"timestamp":"2026-09-17T11:55:02.471060Z","level":"INFO","message":"invocation finished","invocation_id":"inv_01m2qkgqp06ajg0dedsndh46zn","status":"succeeded (async run)","handler_ms":1,"environment_boot_ms":5,"runtime_init_ms":6,"target":"tachyon_serverless_application::services::invoke"}
{"timestamp":"2026-09-17T11:55:02.472823Z","level":"INFO","message":"terminating bridge","environment_id":"env_01m2qkgqpx259nqrfjyv8rkwk2","pid":91254,"reason":"Completed","graceful":true,"target":"tachyon_serverless_provider_process"}
{"timestamp":"2026-09-17T11:55:02.476333Z","level":"INFO","message":"asynchronous invocation settled","invocation_id":"inv_01m2qkgqp06ajg0dedsndh46zn","status":"succeeded","target":"tachyon_serverless_application::services::invoke_async::dispatch"}
{"timestamp":"2026-09-17T11:55:02.485691Z","level":"INFO","message":"async dispatch: delivery handled","message_id":"inv_01m2qkgqp06ajg0dedsndh46zn","sequence":9,"delivery_count":1,"outcome":"Completed { status: \"succeeded\" }","target":"tachyon_serverless_application::services::invoke_async::dispatch"}
{"timestamp":"2026-09-17T11:55:02.638835Z","level":"INFO","message":"bridge spawned","environment_id":"env_01m2qkgqw5x60p6mh53cqx3pfy","pid":91256,"target":"tachyon_serverless_provider_process"}
{"timestamp":"2026-09-17T11:55:02.652933Z","level":"INFO","message":"invocation finished","invocation_id":"inv_01m2qkgqqnm5359bczhdm3bdgw","status":"succeeded (async run)","handler_ms":0,"environment_boot_ms":7,"runtime_init_ms":7,"target":"tachyon_serverless_application::services::invoke"}
{"timestamp":"2026-09-17T11:55:02.654659Z","level":"INFO","message":"terminating bridge","environment_id":"env_01m2qkgqw5x60p6mh53cqx3pfy","pid":91256,"reason":"Completed","graceful":true,"target":"tachyon_serverless_provider_process"}
{"timestamp":"2026-09-17T11:55:02.658314Z","level":"INFO","message":"asynchronous invocation settled","invocation_id":"inv_01m2qkgqqnm5359bczhdm3bdgw","status":"succeeded","target":"tachyon_serverless_application::services::invoke_async::dispatch"}
{"timestamp":"2026-09-17T11:55:02.667551Z","level":"INFO","message":"async dispatch: delivery handled","message_id":"inv_01m2qkgqqnm5359bczhdm3bdgw","sequence":10,"delivery_count":1,"outcome":"Completed { status: \"succeeded\" }","target":"tachyon_serverless_application::services::invoke_async::dispatch"}
{"timestamp":"2026-09-17T11:55:04.772448Z","level":"INFO","message":"async dispatch: delivery handled","message_id":"inv_01m2qkgp8axpr50r7zfv0mynba","sequence":7,"delivery_count":2,"outcome":"Skipped(\"terminal\")","target":"tachyon_serverless_application::services::invoke_async::dispatch"}
{"timestamp":"2026-09-17T11:55:05.260343Z","level":"INFO","message":"SIGTERM received","target":"tachyon_serverless_gateway"}
{"timestamp":"2026-09-17T11:55:05.260380Z","level":"INFO","message":"shutdown requested; cancelling in-flight invocations","target":"tachyon_serverless_gateway"}
{"timestamp":"2026-09-17T11:55:05.260678Z","level":"INFO","message":"final usage collection","report":"CollectReport { batches: 0, read: 0, inserted: 0, duplicates: 0, cursor_seq: 65 }","target":"tachyon_serverless_gateway"}
{"timestamp":"2026-09-17T11:55:05.261730Z","level":"INFO","message":"gateway stopped","target":"tachyon_serverless_gateway"}
{"timestamp":"2026-09-17T11:55:05.261996Z","level":"INFO","message":"event: closed","target":"async_nats"}
