
===== a start (failpoints: none) 04:09:46 =====
{"timestamp":"2026-09-18T04:09:46.630386Z","level":"INFO","message":"configuration loaded","config":"/home/takanorifukuyama.guest/w/tsls-chaos.DIQp7Z/gw-a.toml","target":"tachyon_serverless_gateway"}
{"timestamp":"2026-09-18T04:09:46.632888Z","level":"INFO","message":"connected successfully","server":"53145","max_payload":"1048576","target":"async_nats::connector"}
{"timestamp":"2026-09-18T04:09:46.632988Z","level":"INFO","message":"event: connected","target":"async_nats"}
{"timestamp":"2026-09-18T04:09:46.638046Z","level":"INFO","message":"JetStream queue connected and stream bootstrapped","url":"nats://127.0.0.1:53145","stream":"TACHYON_EVENTS","target":"tachyon_serverless_gateway::durable"}
{"timestamp":"2026-09-18T04:09:46.648113Z","level":"INFO","message":"state store opened","path":"/home/takanorifukuyama.guest/w/tsls-chaos.DIQp7Z/data/state.db","schema_version":8,"migrations_applied":"[1, 2, 3, 4, 5, 6, 7, 8]","imported_state_json":"None","settled_invocations":0,"settled_attempts":0,"settled_environments":0,"released_leases":0,"dropped_idempotency_keys":0,"purged_idempotency_keys":0,"outputs_purged":0,"target":"tachyon_serverless_application::app"}
{"timestamp":"2026-09-18T04:09:46.653523Z","level":"INFO","message":"log store opened","path":"/home/takanorifukuyama.guest/w/tsls-chaos.DIQp7Z/data/logs/logs.db","healthy":true,"retention_seconds":604800,"max_total_bytes":1073741824,"target":"tachyon_serverless_application::app"}
{"timestamp":"2026-09-18T04:09:46.654048Z","level":"INFO","message":"dispatcher registered","dispatcher_id":"dsp_01m2sb9hcx79r3bk5c9g07xvj9","instance":"chaos-a","pid":805611,"lease_ttl_seconds":6,"target":"tachyon_serverless_application::services::dispatcher"}
{"timestamp":"2026-09-18T04:09:46.662547Z","level":"INFO","message":"application bootstrapped","profile":"dev","provider":"process","dev_only":true,"environment_reuse":false,"reuse_verified":false,"reuse_reason":"[pool] enabled is false","reuse_disabled":"Some(Configuration)","idle_quiesce":"unsupported","idle_resume":"unsupported","data_dir":"/home/takanorifukuyama.guest/w/tsls-chaos.DIQp7Z/data","store":"sqlite","dispatcher_id":"dsp_01m2sb9hcx79r3bk5c9g07xvj9","node":"local","node_region":"none","node_memory_mib":"None","max_concurrency":8,"queue":"nats","objects":"filesystem","invoke_async":true,"triggers":true,"target":"tachyon_serverless_application::app"}
{"timestamp":"2026-09-18T04:09:46.662710Z","level":"INFO","message":"startup reconcile finished","provider":"process","found":0,"adopted":0,"terminated":0,"disowned":0,"failed":0,"lost":0,"foreign":0,"reclaimed_dispatchers":0,"fenced_terminated":0,"fenced_pending":0,"target":"tachyon_serverless_application::services::reconcile"}
{"timestamp":"2026-09-18T04:09:46.662790Z","level":"INFO","message":"gateway listening","addr":"127.0.0.1:39929","profile":"dev","provider":"process","target":"tachyon_serverless_gateway"}
{"timestamp":"2026-09-18T04:09:46.663873Z","level":"INFO","message":"asynchronous dispatcher started","workers":2,"owner":"dsp_01m2sb9hcx79r3bk5c9g07xvj9","target":"tachyon_serverless_gateway"}
{"timestamp":"2026-09-18T04:09:50.527998Z","level":"INFO","message":"revision ready","revision_id":"rev_01m2sb9kzn676nnxvcs970k7xa","function_id":"fn_01m2sb9hnmnvzff681xpb6aj2d","target":"tachyon_serverless_application::services::revision"}
{"timestamp":"2026-09-18T04:09:54.109383Z","level":"INFO","message":"revision ready","revision_id":"rev_01m2sb9qh9wx14347tkgewdyx3","function_id":"fn_01m2sb9n6e8s7c97ps04ggqmy1","target":"tachyon_serverless_application::services::revision"}
{"timestamp":"2026-09-18T04:09:57.839878Z","level":"INFO","message":"revision ready","revision_id":"rev_01m2sb9v4jf6cym01msawnypbc","function_id":"fn_01m2sb9rr48xtahcdymfqdh5qv","target":"tachyon_serverless_application::services::revision"}
{"timestamp":"2026-09-18T04:09:57.867737Z","level":"INFO","message":"trigger created","trigger_id":"trg_01m2sb9wbapm7fxvnvtmakk2nb","function_id":"fn_01m2sb9n6e8s7c97ps04ggqmy1","kind":"cron","enabled":true,"next_fire_at":"Some(2026-09-18T04:09:58Z)","target":"tachyon_serverless_application::services::triggers"}
{"timestamp":"2026-09-18T04:09:57.872685Z","level":"INFO","message":"trigger created","trigger_id":"trg_01m2sb9wbgjxhc8rkfddfmbqav","function_id":"fn_01m2sb9n6e8s7c97ps04ggqmy1","kind":"webhook","enabled":true,"next_fire_at":"None","target":"tachyon_serverless_application::services::triggers"}
{"timestamp":"2026-09-18T04:09:58.003671Z","level":"INFO","message":"asynchronous invocation accepted","invocation_id":"inv_01m2sb9wfjdmdgvkm8jw7pz1z5","tenant_id":"tn_01hzzzzzzzzzzzzzzzzzzzzzza","revision_id":"rev_01m2sb9qh9wx14347tkgewdyx3","input_bytes":180,"input_storage":"inline","target":"tachyon_serverless_application::services::invoke_async"}
{"timestamp":"2026-09-18T04:09:58.003712Z","level":"INFO","message":"cron trigger fired","trigger_id":"trg_01m2sb9wbapm7fxvnvtmakk2nb","scheduled_at":"2026-09-18T04:09:58Z","invocation_id":"inv_01m2sb9wfjdmdgvkm8jw7pz1z5","revision_id":"rev_01m2sb9qh9wx14347tkgewdyx3","replayed":false,"target":"tachyon_serverless_application::services::triggers"}
{"timestamp":"2026-09-18T04:09:58.008303Z","level":"INFO","message":"asynchronous run claimed","invocation_id":"inv_01m2sb9wfjdmdgvkm8jw7pz1z5","attempt":1,"generation":0,"delivery_count":1,"target":"tachyon_serverless_application::services::invoke_async::dispatch"}
{"timestamp":"2026-09-18T04:09:59.065270Z","level":"INFO","message":"bridge spawned","environment_id":"env_01m2sb9wbvgj4jy9mrt8acf9zw","pid":806306,"target":"tachyon_serverless_provider_process"}
{"timestamp":"2026-09-18T04:09:59.090826Z","level":"INFO","message":"invocation finished","invocation_id":"inv_01m2sb9wbtn1psx03xkbc2y8dh","status":"succeeded","handler_ms":6,"environment_boot_ms":2,"runtime_init_ms":5,"target":"tachyon_serverless_application::services::invoke"}
{"timestamp":"2026-09-18T04:09:59.092650Z","level":"INFO","message":"terminating bridge","environment_id":"env_01m2sb9wbvgj4jy9mrt8acf9zw","pid":806306,"reason":"Completed","graceful":true,"target":"tachyon_serverless_provider_process"}
{"timestamp":"2026-09-18T04:09:59.118370Z","level":"INFO","message":"asynchronous invocation accepted","invocation_id":"inv_01m2sb9xjdmtk83xcjsvtf18xx","tenant_id":"tn_01hzzzzzzzzzzzzzzzzzzzzzza","revision_id":"rev_01m2sb9kzn676nnxvcs970k7xa","input_bytes":47,"input_storage":"inline","target":"tachyon_serverless_application::services::invoke_async"}
{"timestamp":"2026-09-18T04:09:59.120986Z","level":"INFO","message":"asynchronous run claimed","invocation_id":"inv_01m2sb9xjdmtk83xcjsvtf18xx","attempt":1,"generation":0,"delivery_count":1,"target":"tachyon_serverless_application::services::invoke_async::dispatch"}
{"timestamp":"2026-09-18T04:09:59.143682Z","level":"INFO","message":"asynchronous invocation accepted","invocation_id":"inv_01m2sb9xk4k12z5j55xmrcb962","tenant_id":"tn_01hzzzzzzzzzzzzzzzzzzzzzza","revision_id":"rev_01m2sb9kzn676nnxvcs970k7xa","input_bytes":4127,"input_storage":"object","target":"tachyon_serverless_application::services::invoke_async"}
{"timestamp":"2026-09-18T04:09:59.159971Z","level":"INFO","message":"asynchronous invocation accepted","invocation_id":"inv_01m2sb9xkp4hz4v3565ep8qvh4","tenant_id":"tn_01hzzzzzzzzzzzzzzzzzzzzzza","revision_id":"rev_01m2sb9qh9wx14347tkgewdyx3","input_bytes":189,"input_storage":"inline","target":"tachyon_serverless_application::services::invoke_async"}
{"timestamp":"2026-09-18T04:09:59.160010Z","level":"INFO","message":"webhook trigger fired","trigger_id":"trg_01m2sb9wbgjxhc8rkfddfmbqav","event_id":"evt-pre-w1","invocation_id":"inv_01m2sb9xkp4hz4v3565ep8qvh4","revision_id":"rev_01m2sb9qh9wx14347tkgewdyx3","replayed":false,"target":"tachyon_serverless_application::services::triggers"}
{"timestamp":"2026-09-18T04:09:59.191601Z","level":"INFO","message":"bridge spawned","environment_id":"env_01m2sb9wfrztrsn84fzmntybq6","pid":806388,"target":"tachyon_serverless_provider_process"}
{"timestamp":"2026-09-18T04:09:59.239455Z","level":"INFO","message":"invocation finished","invocation_id":"inv_01m2sb9wfjdmdgvkm8jw7pz1z5","status":"succeeded (async run)","handler_ms":1,"environment_boot_ms":1,"runtime_init_ms":22,"target":"tachyon_serverless_application::services::invoke"}
{"timestamp":"2026-09-18T04:09:59.241663Z","level":"INFO","message":"terminating bridge","environment_id":"env_01m2sb9wfrztrsn84fzmntybq6","pid":806388,"reason":"Completed","graceful":true,"target":"tachyon_serverless_provider_process"}
{"timestamp":"2026-09-18T04:09:59.247050Z","level":"INFO","message":"asynchronous invocation settled","invocation_id":"inv_01m2sb9wfjdmdgvkm8jw7pz1z5","status":"succeeded","target":"tachyon_serverless_application::services::invoke_async::dispatch"}
{"timestamp":"2026-09-18T04:09:59.247897Z","level":"INFO","message":"async dispatch: delivery handled","message_id":"inv_01m2sb9wfjdmdgvkm8jw7pz1z5","sequence":1,"delivery_count":1,"outcome":"Completed { status: \"succeeded\" }","target":"tachyon_serverless_application::services::invoke_async::dispatch"}
{"timestamp":"2026-09-18T04:09:59.248906Z","level":"INFO","message":"asynchronous run claimed","invocation_id":"inv_01m2sb9xk4k12z5j55xmrcb962","attempt":1,"generation":0,"delivery_count":1,"target":"tachyon_serverless_application::services::invoke_async::dispatch"}
{"timestamp":"2026-09-18T04:10:00.004382Z","level":"INFO","message":"asynchronous invocation accepted","invocation_id":"inv_01m2sb9ye3yqydhvrkkxvn3zsr","tenant_id":"tn_01hzzzzzzzzzzzzzzzzzzzzzza","revision_id":"rev_01m2sb9qh9wx14347tkgewdyx3","input_bytes":180,"input_storage":"inline","target":"tachyon_serverless_application::services::invoke_async"}
{"timestamp":"2026-09-18T04:10:00.004420Z","level":"INFO","message":"cron trigger fired","trigger_id":"trg_01m2sb9wbapm7fxvnvtmakk2nb","scheduled_at":"2026-09-18T04:10:00Z","invocation_id":"inv_01m2sb9ye3yqydhvrkkxvn3zsr","revision_id":"rev_01m2sb9qh9wx14347tkgewdyx3","replayed":false,"target":"tachyon_serverless_application::services::triggers"}
{"timestamp":"2026-09-18T04:10:00.345342Z","level":"INFO","message":"bridge spawned","environment_id":"env_01m2sb9xjhhrjgt89etfv3qrzq","pid":806413,"target":"tachyon_serverless_provider_process"}
{"timestamp":"2026-09-18T04:10:00.368241Z","level":"INFO","message":"invocation finished","invocation_id":"inv_01m2sb9xjdmtk83xcjsvtf18xx","status":"succeeded (async run)","handler_ms":1,"environment_boot_ms":2,"runtime_init_ms":5,"target":"tachyon_serverless_application::services::invoke"}
{"timestamp":"2026-09-18T04:10:00.371543Z","level":"INFO","message":"terminating bridge","environment_id":"env_01m2sb9xjhhrjgt89etfv3qrzq","pid":806413,"reason":"Completed","graceful":true,"target":"tachyon_serverless_provider_process"}
{"timestamp":"2026-09-18T04:10:00.374770Z","level":"INFO","message":"asynchronous invocation settled","invocation_id":"inv_01m2sb9xjdmtk83xcjsvtf18xx","status":"succeeded","target":"tachyon_serverless_application::services::invoke_async::dispatch"}
{"timestamp":"2026-09-18T04:10:00.375923Z","level":"INFO","message":"async dispatch: delivery handled","message_id":"inv_01m2sb9xjdmtk83xcjsvtf18xx","sequence":2,"delivery_count":1,"outcome":"Completed { status: \"succeeded\" }","target":"tachyon_serverless_application::services::invoke_async::dispatch"}
{"timestamp":"2026-09-18T04:10:00.376757Z","level":"INFO","message":"asynchronous run claimed","invocation_id":"inv_01m2sb9xkp4hz4v3565ep8qvh4","attempt":1,"generation":0,"delivery_count":1,"target":"tachyon_serverless_application::services::invoke_async::dispatch"}
{"timestamp":"2026-09-18T04:10:00.381695Z","level":"INFO","message":"bridge spawned","environment_id":"env_01m2sb9xm3hg40qpcgxb9g9zpr","pid":806423,"target":"tachyon_serverless_provider_process"}
{"timestamp":"2026-09-18T04:10:00.479103Z","level":"INFO","message":"bridge spawned","environment_id":"env_01m2sb9xpjxtyww97cg5rgqfss","pid":806436,"target":"tachyon_serverless_provider_process"}
{"timestamp":"2026-09-18T04:10:00.517468Z","level":"INFO","message":"invocation finished","invocation_id":"inv_01m2sb9xk4k12z5j55xmrcb962","status":"succeeded (async run)","handler_ms":2,"environment_boot_ms":2,"runtime_init_ms":23,"target":"tachyon_serverless_application::services::invoke"}
{"timestamp":"2026-09-18T04:10:00.519588Z","level":"INFO","message":"terminating bridge","environment_id":"env_01m2sb9xpjxtyww97cg5rgqfss","pid":806436,"reason":"Completed","graceful":true,"target":"tachyon_serverless_provider_process"}
{"timestamp":"2026-09-18T04:10:00.523654Z","level":"INFO","message":"asynchronous invocation settled","invocation_id":"inv_01m2sb9xk4k12z5j55xmrcb962","status":"succeeded","target":"tachyon_serverless_application::services::invoke_async::dispatch"}
{"timestamp":"2026-09-18T04:10:00.524190Z","level":"INFO","message":"async dispatch: delivery handled","message_id":"inv_01m2sb9xk4k12z5j55xmrcb962","sequence":3,"delivery_count":1,"outcome":"Completed { status: \"succeeded\" }","target":"tachyon_serverless_application::services::invoke_async::dispatch"}
{"timestamp":"2026-09-18T04:10:00.524951Z","level":"INFO","message":"asynchronous run claimed","invocation_id":"inv_01m2sb9ye3yqydhvrkkxvn3zsr","attempt":1,"generation":0,"delivery_count":1,"target":"tachyon_serverless_application::services::invoke_async::dispatch"}
{"timestamp":"2026-09-18T04:10:01.521210Z","level":"INFO","message":"invocation finished","invocation_id":"inv_01m2sb9xm23ns3v0kzbjb59m2s","status":"outcome_unknown","handler_ms":1115,"environment_boot_ms":3,"runtime_init_ms":14,"target":"tachyon_serverless_application::services::invoke"}
{"timestamp":"2026-09-18T04:10:01.595498Z","level":"INFO","message":"bridge spawned","environment_id":"env_01m2sb9yssgp3nvpxkw96205zh","pid":806515,"target":"tachyon_serverless_provider_process"}
{"timestamp":"2026-09-18T04:10:01.640119Z","level":"INFO","message":"invocation finished","invocation_id":"inv_01m2sb9xkp4hz4v3565ep8qvh4","status":"succeeded (async run)","handler_ms":4,"environment_boot_ms":1,"runtime_init_ms":21,"target":"tachyon_serverless_application::services::invoke"}
{"timestamp":"2026-09-18T04:10:01.643460Z","level":"INFO","message":"terminating bridge","environment_id":"env_01m2sb9yssgp3nvpxkw96205zh","pid":806515,"reason":"Completed","graceful":true,"target":"tachyon_serverless_provider_process"}
{"timestamp":"2026-09-18T04:10:01.660575Z","level":"INFO","message":"asynchronous invocation settled","invocation_id":"inv_01m2sb9xkp4hz4v3565ep8qvh4","status":"succeeded","target":"tachyon_serverless_application::services::invoke_async::dispatch"}
{"timestamp":"2026-09-18T04:10:01.661521Z","level":"INFO","message":"async dispatch: delivery handled","message_id":"inv_01m2sb9xkp4hz4v3565ep8qvh4","sequence":4,"delivery_count":1,"outcome":"Completed { status: \"succeeded\" }","target":"tachyon_serverless_application::services::invoke_async::dispatch"}
{"timestamp":"2026-09-18T04:10:01.724338Z","level":"INFO","message":"bridge spawned","environment_id":"env_01m2sb9yydk2jka75zb1j37p3g","pid":806541,"target":"tachyon_serverless_provider_process"}
{"timestamp":"2026-09-18T04:10:01.757524Z","level":"INFO","message":"invocation finished","invocation_id":"inv_01m2sb9ye3yqydhvrkkxvn3zsr","status":"succeeded (async run)","handler_ms":2,"environment_boot_ms":1,"runtime_init_ms":11,"target":"tachyon_serverless_application::services::invoke"}
{"timestamp":"2026-09-18T04:10:01.760770Z","level":"INFO","message":"terminating bridge","environment_id":"env_01m2sb9yydk2jka75zb1j37p3g","pid":806541,"reason":"Completed","graceful":true,"target":"tachyon_serverless_provider_process"}
{"timestamp":"2026-09-18T04:10:01.764661Z","level":"INFO","message":"asynchronous invocation settled","invocation_id":"inv_01m2sb9ye3yqydhvrkkxvn3zsr","status":"succeeded","target":"tachyon_serverless_application::services::invoke_async::dispatch"}
{"timestamp":"2026-09-18T04:10:01.765492Z","level":"INFO","message":"async dispatch: delivery handled","message_id":"inv_01m2sb9ye3yqydhvrkkxvn3zsr","sequence":5,"delivery_count":1,"outcome":"Completed { status: \"succeeded\" }","target":"tachyon_serverless_application::services::invoke_async::dispatch"}
{"timestamp":"2026-09-18T04:10:02.003298Z","level":"INFO","message":"asynchronous invocation accepted","invocation_id":"inv_01m2sba0cjm4vs06a7wtqgf69p","tenant_id":"tn_01hzzzzzzzzzzzzzzzzzzzzzza","revision_id":"rev_01m2sb9qh9wx14347tkgewdyx3","input_bytes":180,"input_storage":"inline","target":"tachyon_serverless_application::services::invoke_async"}
{"timestamp":"2026-09-18T04:10:02.003340Z","level":"INFO","message":"cron trigger fired","trigger_id":"trg_01m2sb9wbapm7fxvnvtmakk2nb","scheduled_at":"2026-09-18T04:10:02Z","invocation_id":"inv_01m2sba0cjm4vs06a7wtqgf69p","revision_id":"rev_01m2sb9qh9wx14347tkgewdyx3","replayed":false,"target":"tachyon_serverless_application::services::triggers"}
{"timestamp":"2026-09-18T04:10:02.006050Z","level":"INFO","message":"asynchronous run claimed","invocation_id":"inv_01m2sba0cjm4vs06a7wtqgf69p","attempt":1,"generation":0,"delivery_count":1,"target":"tachyon_serverless_application::services::invoke_async::dispatch"}
{"timestamp":"2026-09-18T04:10:02.858955Z","level":"INFO","message":"bridge spawned","environment_id":"env_01m2sba01ghas4mk37q3d0pgky","pid":806551,"target":"tachyon_serverless_provider_process"}
{"timestamp":"2026-09-18T04:10:03.083127Z","level":"INFO","message":"invocation finished","invocation_id":"inv_01m2sba019pcn2qv22ykq0mkez","status":"succeeded","handler_ms":201,"environment_boot_ms":2,"runtime_init_ms":6,"target":"tachyon_serverless_application::services::invoke"}
{"timestamp":"2026-09-18T04:10:03.085264Z","level":"INFO","message":"terminating bridge","environment_id":"env_01m2sba01ghas4mk37q3d0pgky","pid":806551,"reason":"Completed","graceful":true,"target":"tachyon_serverless_provider_process"}
{"timestamp":"2026-09-18T04:10:03.099572Z","level":"INFO","message":"trigger updated","trigger_id":"trg_01m2sb9wbapm7fxvnvtmakk2nb","generation":2,"status":"disabled","next_fire_at":"None","rotated_secret":false,"target":"tachyon_serverless_application::services::triggers"}
{"timestamp":"2026-09-18T04:10:03.201661Z","level":"INFO","message":"bridge spawned","environment_id":"env_01m2sba0cpf77r8w4gbj92bj0a","pid":806656,"target":"tachyon_serverless_provider_process"}
{"timestamp":"2026-09-18T04:10:03.246881Z","level":"INFO","message":"invocation finished","invocation_id":"inv_01m2sba0cjm4vs06a7wtqgf69p","status":"succeeded (async run)","handler_ms":7,"environment_boot_ms":1,"runtime_init_ms":12,"target":"tachyon_serverless_application::services::invoke"}
{"timestamp":"2026-09-18T04:10:03.248796Z","level":"INFO","message":"terminating bridge","environment_id":"env_01m2sba0cpf77r8w4gbj92bj0a","pid":806656,"reason":"Completed","graceful":true,"target":"tachyon_serverless_provider_process"}
{"timestamp":"2026-09-18T04:10:03.252271Z","level":"INFO","message":"asynchronous invocation settled","invocation_id":"inv_01m2sba0cjm4vs06a7wtqgf69p","status":"succeeded","target":"tachyon_serverless_application::services::invoke_async::dispatch"}
{"timestamp":"2026-09-18T04:10:03.253600Z","level":"INFO","message":"async dispatch: delivery handled","message_id":"inv_01m2sba0cjm4vs06a7wtqgf69p","sequence":6,"delivery_count":1,"outcome":"Completed { status: \"succeeded\" }","target":"tachyon_serverless_application::services::invoke_async::dispatch"}
{"timestamp":"2026-09-18T04:10:03.657567Z","level":"INFO","message":"SIGTERM received","target":"tachyon_serverless_gateway"}
{"timestamp":"2026-09-18T04:10:03.657591Z","level":"INFO","message":"shutdown requested; cancelling in-flight invocations","target":"tachyon_serverless_gateway"}
{"timestamp":"2026-09-18T04:10:03.657852Z","level":"INFO","message":"final usage collection","report":"CollectReport { batches: 0, read: 0, inserted: 0, duplicates: 0, cursor_seq: 45 }","target":"tachyon_serverless_gateway"}
{"timestamp":"2026-09-18T04:10:03.660442Z","level":"INFO","message":"gateway stopped","target":"tachyon_serverless_gateway"}
{"timestamp":"2026-09-18T04:10:03.660580Z","level":"INFO","message":"event: closed","target":"async_nats"}
