
===== a start (failpoints: none) 11:18:36 =====
{"timestamp":"2026-09-17T11:18:36.528677Z","level":"INFO","message":"configuration loaded","config":"/private/var/folders/z7/khzdjrt95cg_fcmcnh4j1b5h0000gn/T/tsls-chaos.iB9PGZ/gw-a.toml","target":"tachyon_serverless_gateway"}
{"timestamp":"2026-09-17T11:18:36.531049Z","level":"INFO","message":"connected successfully","server":"51644","max_payload":"1048576","target":"async_nats::connector"}
{"timestamp":"2026-09-17T11:18:36.531180Z","level":"INFO","message":"event: connected","target":"async_nats"}
{"timestamp":"2026-09-17T11:18:36.545892Z","level":"INFO","message":"JetStream queue connected and stream bootstrapped","url":"nats://127.0.0.1:51644","stream":"TACHYON_EVENTS","target":"tachyon_serverless_gateway::durable"}
{"timestamp":"2026-09-17T11:18:36.555781Z","level":"INFO","message":"state store opened","path":"/private/var/folders/z7/khzdjrt95cg_fcmcnh4j1b5h0000gn/T/tsls-chaos.iB9PGZ/data/state.db","schema_version":8,"migrations_applied":"[1, 2, 3, 4, 5, 6, 7, 8]","imported_state_json":"None","settled_invocations":0,"settled_attempts":0,"settled_environments":0,"released_leases":0,"dropped_idempotency_keys":0,"purged_idempotency_keys":0,"outputs_purged":0,"target":"tachyon_serverless_application::app"}
{"timestamp":"2026-09-17T11:18:36.556103Z","level":"INFO","message":"dispatcher registered","dispatcher_id":"dsp_01m2qhe18byr1x9sp279qewz93","instance":"chaos-a","pid":32785,"lease_ttl_seconds":6,"target":"tachyon_serverless_application::services::dispatcher"}
{"timestamp":"2026-09-17T11:18:36.559475Z","level":"INFO","message":"application bootstrapped","profile":"dev","provider":"process","dev_only":true,"environment_reuse":false,"reuse_verified":false,"reuse_reason":"[pool] enabled is false","reuse_disabled":"Some(Configuration)","idle_quiesce":"unsupported","idle_resume":"unsupported","data_dir":"/private/var/folders/z7/khzdjrt95cg_fcmcnh4j1b5h0000gn/T/tsls-chaos.iB9PGZ/data","store":"sqlite","dispatcher_id":"dsp_01m2qhe18byr1x9sp279qewz93","node":"local","node_region":"none","node_memory_mib":"None","max_concurrency":8,"queue":"nats","objects":"filesystem","invoke_async":true,"triggers":true,"target":"tachyon_serverless_application::app"}
{"timestamp":"2026-09-17T11:18:36.559707Z","level":"INFO","message":"startup reconcile finished","provider":"process","found":0,"adopted":0,"terminated":0,"disowned":0,"failed":0,"lost":0,"foreign":0,"reclaimed_dispatchers":0,"fenced_terminated":0,"fenced_pending":0,"target":"tachyon_serverless_application::services::reconcile"}
{"timestamp":"2026-09-17T11:18:36.559785Z","level":"INFO","message":"gateway listening","addr":"127.0.0.1:51648","profile":"dev","provider":"process","target":"tachyon_serverless_gateway"}
{"timestamp":"2026-09-17T11:18:36.561385Z","level":"INFO","message":"asynchronous dispatcher started","workers":2,"owner":"dsp_01m2qhe18byr1x9sp279qewz93","target":"tachyon_serverless_gateway"}
{"timestamp":"2026-09-17T11:18:37.576146Z","level":"INFO","message":"revision ready","revision_id":"rev_01m2qhe20y53cc5cb07a8596q9","function_id":"fn_01m2qhe1h11s3b31qvb1kbsw78","target":"tachyon_serverless_application::services::revision"}
{"timestamp":"2026-09-17T11:18:38.445711Z","level":"INFO","message":"revision ready","revision_id":"rev_01m2qhe2ver4fd05kdbxy0hwpd","function_id":"fn_01m2qhe2bfpr7xzeehce17t4vf","target":"tachyon_serverless_application::services::revision"}
{"timestamp":"2026-09-17T11:18:39.333249Z","level":"INFO","message":"revision ready","revision_id":"rev_01m2qhe3q4ekvcmv7pxyh7n4bc","function_id":"fn_01m2qhe3616em5qrda75bw2zke","target":"tachyon_serverless_application::services::revision"}
{"timestamp":"2026-09-17T11:18:39.415119Z","level":"INFO","message":"trigger created","trigger_id":"trg_01m2qhe41prjdavbhwkyek6bw2","function_id":"fn_01m2qhe2bfpr7xzeehce17t4vf","kind":"cron","enabled":true,"next_fire_at":"Some(2026-09-17T11:18:40Z)","target":"tachyon_serverless_application::services::triggers"}
{"timestamp":"2026-09-17T11:18:39.431714Z","level":"INFO","message":"trigger created","trigger_id":"trg_01m2qhe427vk77qcb8r27086fd","function_id":"fn_01m2qhe2bfpr7xzeehce17t4vf","kind":"webhook","enabled":true,"next_fire_at":"None","target":"tachyon_serverless_application::services::triggers"}
{"timestamp":"2026-09-17T11:18:39.712121Z","level":"INFO","message":"bridge spawned","environment_id":"env_01m2qhe438vdtnhns9h0e15qea","pid":33098,"target":"tachyon_serverless_provider_process"}
{"timestamp":"2026-09-17T11:18:40.005077Z","level":"INFO","message":"asynchronous invocation accepted","invocation_id":"inv_01m2qhe4m47x25z8ggabjrqge6","tenant_id":"tn_01hzzzzzzzzzzzzzzzzzzzzzza","revision_id":"rev_01m2qhe2ver4fd05kdbxy0hwpd","input_bytes":180,"input_storage":"inline","target":"tachyon_serverless_application::services::invoke_async"}
{"timestamp":"2026-09-17T11:18:40.005135Z","level":"INFO","message":"cron trigger fired","trigger_id":"trg_01m2qhe41prjdavbhwkyek6bw2","scheduled_at":"2026-09-17T11:18:40Z","invocation_id":"inv_01m2qhe4m47x25z8ggabjrqge6","revision_id":"rev_01m2qhe2ver4fd05kdbxy0hwpd","replayed":false,"target":"tachyon_serverless_application::services::triggers"}
{"timestamp":"2026-09-17T11:18:40.015630Z","level":"INFO","message":"asynchronous run claimed","invocation_id":"inv_01m2qhe4m47x25z8ggabjrqge6","attempt":1,"generation":0,"delivery_count":1,"target":"tachyon_serverless_application::services::invoke_async::dispatch"}
{"timestamp":"2026-09-17T11:18:40.018551Z","level":"INFO","message":"invocation finished","invocation_id":"inv_01m2qhe438yg3gkzm51hxs5cr3","status":"succeeded","handler_ms":0,"environment_boot_ms":6,"runtime_init_ms":298,"target":"tachyon_serverless_application::services::invoke"}
{"timestamp":"2026-09-17T11:18:40.020225Z","level":"INFO","message":"terminating bridge","environment_id":"env_01m2qhe438vdtnhns9h0e15qea","pid":33098,"reason":"Completed","graceful":true,"target":"tachyon_serverless_provider_process"}
{"timestamp":"2026-09-17T11:18:40.098552Z","level":"INFO","message":"asynchronous invocation accepted","invocation_id":"inv_01m2qhe4q19sn9v3bfa5jvq0s1","tenant_id":"tn_01hzzzzzzzzzzzzzzzzzzzzzza","revision_id":"rev_01m2qhe20y53cc5cb07a8596q9","input_bytes":47,"input_storage":"inline","target":"tachyon_serverless_application::services::invoke_async"}
{"timestamp":"2026-09-17T11:18:40.105736Z","level":"INFO","message":"asynchronous run claimed","invocation_id":"inv_01m2qhe4q19sn9v3bfa5jvq0s1","attempt":1,"generation":0,"delivery_count":1,"target":"tachyon_serverless_application::services::invoke_async::dispatch"}
{"timestamp":"2026-09-17T11:18:40.194423Z","level":"INFO","message":"asynchronous invocation accepted","invocation_id":"inv_01m2qhe4sjm22qkp5dp8ze6qm6","tenant_id":"tn_01hzzzzzzzzzzzzzzzzzzzzzza","revision_id":"rev_01m2qhe20y53cc5cb07a8596q9","input_bytes":4127,"input_storage":"object","target":"tachyon_serverless_application::services::invoke_async"}
{"timestamp":"2026-09-17T11:18:40.244943Z","level":"INFO","message":"asynchronous invocation accepted","invocation_id":"inv_01m2qhe4vkhw48kmaxfs63ctf3","tenant_id":"tn_01hzzzzzzzzzzzzzzzzzzzzzza","revision_id":"rev_01m2qhe2ver4fd05kdbxy0hwpd","input_bytes":189,"input_storage":"inline","target":"tachyon_serverless_application::services::invoke_async"}
{"timestamp":"2026-09-17T11:18:40.245012Z","level":"INFO","message":"webhook trigger fired","trigger_id":"trg_01m2qhe427vk77qcb8r27086fd","event_id":"evt-pre-w1","invocation_id":"inv_01m2qhe4vkhw48kmaxfs63ctf3","revision_id":"rev_01m2qhe2ver4fd05kdbxy0hwpd","replayed":false,"target":"tachyon_serverless_application::services::triggers"}
{"timestamp":"2026-09-17T11:18:40.279786Z","level":"INFO","message":"bridge spawned","environment_id":"env_01m2qhe4mgzqj4x2c0ebmd7m29","pid":33176,"target":"tachyon_serverless_provider_process"}
{"timestamp":"2026-09-17T11:18:40.297917Z","level":"INFO","message":"invocation finished","invocation_id":"inv_01m2qhe4m47x25z8ggabjrqge6","status":"succeeded (async run)","handler_ms":0,"environment_boot_ms":7,"runtime_init_ms":8,"target":"tachyon_serverless_application::services::invoke"}
{"timestamp":"2026-09-17T11:18:40.299741Z","level":"INFO","message":"terminating bridge","environment_id":"env_01m2qhe4mgzqj4x2c0ebmd7m29","pid":33176,"reason":"Completed","graceful":true,"target":"tachyon_serverless_provider_process"}
{"timestamp":"2026-09-17T11:18:40.304712Z","level":"INFO","message":"asynchronous invocation settled","invocation_id":"inv_01m2qhe4m47x25z8ggabjrqge6","status":"succeeded","target":"tachyon_serverless_application::services::invoke_async::dispatch"}
{"timestamp":"2026-09-17T11:18:40.309559Z","level":"INFO","message":"async dispatch: delivery handled","message_id":"inv_01m2qhe4m47x25z8ggabjrqge6","sequence":1,"delivery_count":1,"outcome":"Completed { status: \"succeeded\" }","target":"tachyon_serverless_application::services::invoke_async::dispatch"}
{"timestamp":"2026-09-17T11:18:40.313541Z","level":"INFO","message":"asynchronous run claimed","invocation_id":"inv_01m2qhe4sjm22qkp5dp8ze6qm6","attempt":1,"generation":0,"delivery_count":1,"target":"tachyon_serverless_application::services::invoke_async::dispatch"}
{"timestamp":"2026-09-17T11:18:40.395681Z","level":"INFO","message":"bridge spawned","environment_id":"env_01m2qhe4q9n97ymfcc188kxndx","pid":33179,"target":"tachyon_serverless_provider_process"}
{"timestamp":"2026-09-17T11:18:40.581376Z","level":"INFO","message":"bridge spawned","environment_id":"env_01m2qhe4wvfswkkmmxbn7ejnwz","pid":33181,"target":"tachyon_serverless_provider_process"}
{"timestamp":"2026-09-17T11:18:40.622291Z","level":"INFO","message":"bridge spawned","environment_id":"env_01m2qhe4xwm80z2wm79q57nckn","pid":33185,"target":"tachyon_serverless_provider_process"}
{"timestamp":"2026-09-17T11:18:40.732583Z","level":"INFO","message":"invocation finished","invocation_id":"inv_01m2qhe4sjm22qkp5dp8ze6qm6","status":"succeeded (async run)","handler_ms":2,"environment_boot_ms":6,"runtime_init_ms":100,"target":"tachyon_serverless_application::services::invoke"}
{"timestamp":"2026-09-17T11:18:40.733531Z","level":"INFO","message":"invocation finished","invocation_id":"inv_01m2qhe4q19sn9v3bfa5jvq0s1","status":"succeeded (async run)","handler_ms":1,"environment_boot_ms":7,"runtime_init_ms":328,"target":"tachyon_serverless_application::services::invoke"}
{"timestamp":"2026-09-17T11:18:40.734023Z","level":"INFO","message":"terminating bridge","environment_id":"env_01m2qhe4xwm80z2wm79q57nckn","pid":33185,"reason":"Completed","graceful":true,"target":"tachyon_serverless_provider_process"}
{"timestamp":"2026-09-17T11:18:40.735173Z","level":"INFO","message":"terminating bridge","environment_id":"env_01m2qhe4q9n97ymfcc188kxndx","pid":33179,"reason":"Completed","graceful":true,"target":"tachyon_serverless_provider_process"}
{"timestamp":"2026-09-17T11:18:40.738746Z","level":"INFO","message":"asynchronous invocation settled","invocation_id":"inv_01m2qhe4sjm22qkp5dp8ze6qm6","status":"succeeded","target":"tachyon_serverless_application::services::invoke_async::dispatch"}
{"timestamp":"2026-09-17T11:18:40.744346Z","level":"INFO","message":"async dispatch: delivery handled","message_id":"inv_01m2qhe4sjm22qkp5dp8ze6qm6","sequence":3,"delivery_count":1,"outcome":"Completed { status: \"succeeded\" }","target":"tachyon_serverless_application::services::invoke_async::dispatch"}
{"timestamp":"2026-09-17T11:18:40.744681Z","level":"INFO","message":"asynchronous invocation settled","invocation_id":"inv_01m2qhe4q19sn9v3bfa5jvq0s1","status":"succeeded","target":"tachyon_serverless_application::services::invoke_async::dispatch"}
{"timestamp":"2026-09-17T11:18:40.748460Z","level":"INFO","message":"asynchronous run claimed","invocation_id":"inv_01m2qhe4vkhw48kmaxfs63ctf3","attempt":1,"generation":0,"delivery_count":1,"target":"tachyon_serverless_application::services::invoke_async::dispatch"}
{"timestamp":"2026-09-17T11:18:40.752325Z","level":"INFO","message":"async dispatch: delivery handled","message_id":"inv_01m2qhe4q19sn9v3bfa5jvq0s1","sequence":2,"delivery_count":1,"outcome":"Completed { status: \"succeeded\" }","target":"tachyon_serverless_application::services::invoke_async::dispatch"}
{"timestamp":"2026-09-17T11:18:41.047508Z","level":"INFO","message":"bridge spawned","environment_id":"env_01m2qhe5bc6rjbgnvjdqzh80ne","pid":33191,"target":"tachyon_serverless_provider_process"}
{"timestamp":"2026-09-17T11:18:41.065673Z","level":"INFO","message":"invocation finished","invocation_id":"inv_01m2qhe4vkhw48kmaxfs63ctf3","status":"succeeded (async run)","handler_ms":1,"environment_boot_ms":7,"runtime_init_ms":8,"target":"tachyon_serverless_application::services::invoke"}
{"timestamp":"2026-09-17T11:18:41.067423Z","level":"INFO","message":"terminating bridge","environment_id":"env_01m2qhe5bc6rjbgnvjdqzh80ne","pid":33191,"reason":"Completed","graceful":true,"target":"tachyon_serverless_provider_process"}
{"timestamp":"2026-09-17T11:18:41.071994Z","level":"INFO","message":"asynchronous invocation settled","invocation_id":"inv_01m2qhe4vkhw48kmaxfs63ctf3","status":"succeeded","target":"tachyon_serverless_application::services::invoke_async::dispatch"}
{"timestamp":"2026-09-17T11:18:41.078220Z","level":"INFO","message":"async dispatch: delivery handled","message_id":"inv_01m2qhe4vkhw48kmaxfs63ctf3","sequence":4,"delivery_count":1,"outcome":"Completed { status: \"succeeded\" }","target":"tachyon_serverless_application::services::invoke_async::dispatch"}
{"timestamp":"2026-09-17T11:18:42.004997Z","level":"INFO","message":"asynchronous invocation accepted","invocation_id":"inv_01m2qhe6jkc13s5xgrt0gqw9qr","tenant_id":"tn_01hzzzzzzzzzzzzzzzzzzzzzza","revision_id":"rev_01m2qhe2ver4fd05kdbxy0hwpd","input_bytes":180,"input_storage":"inline","target":"tachyon_serverless_application::services::invoke_async"}
{"timestamp":"2026-09-17T11:18:42.005075Z","level":"INFO","message":"cron trigger fired","trigger_id":"trg_01m2qhe41prjdavbhwkyek6bw2","scheduled_at":"2026-09-17T11:18:42Z","invocation_id":"inv_01m2qhe6jkc13s5xgrt0gqw9qr","revision_id":"rev_01m2qhe2ver4fd05kdbxy0hwpd","replayed":false,"target":"tachyon_serverless_application::services::triggers"}
{"timestamp":"2026-09-17T11:18:42.013445Z","level":"INFO","message":"asynchronous run claimed","invocation_id":"inv_01m2qhe6jkc13s5xgrt0gqw9qr","attempt":1,"generation":0,"delivery_count":1,"target":"tachyon_serverless_application::services::invoke_async::dispatch"}
{"timestamp":"2026-09-17T11:18:42.271791Z","level":"INFO","message":"bridge spawned","environment_id":"env_01m2qhe6jx7984sd1zx296tkka","pid":33205,"target":"tachyon_serverless_provider_process"}
{"timestamp":"2026-09-17T11:18:42.288040Z","level":"INFO","message":"invocation finished","invocation_id":"inv_01m2qhe6jkc13s5xgrt0gqw9qr","status":"succeeded (async run)","handler_ms":0,"environment_boot_ms":7,"runtime_init_ms":7,"target":"tachyon_serverless_application::services::invoke"}
{"timestamp":"2026-09-17T11:18:42.289920Z","level":"INFO","message":"terminating bridge","environment_id":"env_01m2qhe6jx7984sd1zx296tkka","pid":33205,"reason":"Completed","graceful":true,"target":"tachyon_serverless_provider_process"}
{"timestamp":"2026-09-17T11:18:42.293816Z","level":"INFO","message":"asynchronous invocation settled","invocation_id":"inv_01m2qhe6jkc13s5xgrt0gqw9qr","status":"succeeded","target":"tachyon_serverless_application::services::invoke_async::dispatch"}
{"timestamp":"2026-09-17T11:18:42.298708Z","level":"INFO","message":"async dispatch: delivery handled","message_id":"inv_01m2qhe6jkc13s5xgrt0gqw9qr","sequence":5,"delivery_count":1,"outcome":"Completed { status: \"succeeded\" }","target":"tachyon_serverless_application::services::invoke_async::dispatch"}
{"timestamp":"2026-09-17T11:18:42.413751Z","level":"INFO","message":"invocation finished","invocation_id":"inv_01m2qhe4wtha5qh9jdsx66xgfh","status":"outcome_unknown","handler_ms":1227,"environment_boot_ms":7,"runtime_init_ms":596,"target":"tachyon_serverless_application::services::invoke"}
{"timestamp":"2026-09-17T11:18:43.140534Z","level":"INFO","message":"bridge spawned","environment_id":"env_01m2qhe7d7deyxz5ex6j5sxr9d","pid":33293,"target":"tachyon_serverless_provider_process"}
{"timestamp":"2026-09-17T11:18:43.358645Z","level":"INFO","message":"invocation finished","invocation_id":"inv_01m2qhe7d679dzejenf8ag1e5h","status":"succeeded","handler_ms":201,"environment_boot_ms":7,"runtime_init_ms":7,"target":"tachyon_serverless_application::services::invoke"}
{"timestamp":"2026-09-17T11:18:43.360467Z","level":"INFO","message":"terminating bridge","environment_id":"env_01m2qhe7d7deyxz5ex6j5sxr9d","pid":33293,"reason":"Completed","graceful":true,"target":"tachyon_serverless_provider_process"}
{"timestamp":"2026-09-17T11:18:43.403199Z","level":"INFO","message":"trigger updated","trigger_id":"trg_01m2qhe41prjdavbhwkyek6bw2","generation":2,"status":"disabled","next_fire_at":"None","rotated_secret":false,"target":"tachyon_serverless_application::services::triggers"}
{"timestamp":"2026-09-17T11:18:44.734041Z","level":"INFO","message":"SIGTERM received","target":"tachyon_serverless_gateway"}
{"timestamp":"2026-09-17T11:18:44.734082Z","level":"INFO","message":"shutdown requested; cancelling in-flight invocations","target":"tachyon_serverless_gateway"}
{"timestamp":"2026-09-17T11:18:44.734429Z","level":"INFO","message":"final usage collection","report":"CollectReport { batches: 0, read: 0, inserted: 0, duplicates: 0, cursor_seq: 40 }","target":"tachyon_serverless_gateway"}
{"timestamp":"2026-09-17T11:18:44.735699Z","level":"INFO","message":"gateway stopped","target":"tachyon_serverless_gateway"}
{"timestamp":"2026-09-17T11:18:44.735939Z","level":"INFO","message":"event: closed","target":"async_nats"}
