[chaos broker_sigkill] begin (nats-server SIGKILL with messages in flight, then restart on the same store) work=/private/var/folders/z7/khzdjrt95cg_fcmcnh4j1b5h0000gn/T/tsls-chaos.ZCR2N3
[chaos broker_sigkill]   ok   workload.sync_ok sync_200_with_secret=1/1
[chaos broker_sigkill]   ok   workload.async_accepted accepted=3 refused=0
[chaos broker_sigkill] fault injected
[chaos broker_sigkill]   ok   outage.accepts_into_outbox_while_broker_down accepted=6 unsent=8
[chaos broker_sigkill] fault removed
[chaos broker_sigkill] converged
[chaos broker_sigkill]   ok   workload.sync_ok sync_200_with_secret=1/1
[chaos broker_sigkill]   ok   workload.async_accepted accepted=3 refused=0
[chaos broker_sigkill]   ok   cv.accepted_never_lost accepted=16 missing_rows=0
[chaos broker_sigkill]   ok   cv.accepted_all_terminal accepted=16 not_terminal=0
[chaos broker_sigkill]   ok   cv.outcome_per_policy unexpected_outcomes=0 expected_failures=0
[chaos broker_sigkill]   ok   cv.one_outcome_per_invocation invocations_with_>1_dead_letter=0 succeeded_but_dead_lettered=0 invocations_with_>1_succeeded_attempt=0 (re-executions, recorded)
[chaos broker_sigkill]   ok   cv.side_effect_exactly_once orders_not_applied_exactly_once=0 executions=14
[chaos broker_sigkill]   ok   cv.outbox_drained unsent_outbox_rows=0
[chaos broker_sigkill]   ok   cv.ledger_all_terminal invocations=33 non_terminal=0 by_status=succeeded:33
[chaos broker_sigkill]   ok   cv.jetstream_drained pending=0 ack_pending=0 stream_messages=0 redelivered=0
[chaos broker_sigkill]   ok   cv.cron_each_time_once fires=15 distinct_times=15
[chaos broker_sigkill]   ok   cv.usage_counted_once journal_pending=0 ledger_events=165 distinct=165 attempts_settled_twice=0 duplicates_ignored=0
[chaos broker_sigkill]   ok   cv.graceful_stop_exit_0 exit=0
[chaos broker_sigkill]   ok   cv.no_orphan_processes bridge_or_user_processes=0 env_dirs=0
[chaos broker_sigkill]   ok   cv.no_open_environments non_terminal_environment_rows=0
[chaos broker_sigkill]   ok   cv.no_secret_value_on_disk files_containing_the_secret_value=0 (config excluded)
