{"timestamp":"2026-09-17T15:17:08.038091Z","level":"INFO","message":"configuration loaded","config":"/home/takanorifukuyama.guest/w/jab-A2/gateway.toml","target":"tachyon_serverless_gateway"}
{"timestamp":"2026-09-17T15:17:08.039940Z","level":"INFO","message":"egress restricted / public-web are unavailable on this host (egress none is unaffected)","reason":"net.ipv4.ip_forward is not 1 (guests could not reach anything)","target":"tachyon_serverless_provider_firecracker::provider"}
{"timestamp":"2026-09-17T15:17:08.073715Z","level":"INFO","message":"state store opened","path":"/home/takanorifukuyama.guest/w/jab-A2/data/state.db","schema_version":8,"migrations_applied":"[1, 2, 3, 4, 5, 6, 7, 8]","imported_state_json":"None","settled_invocations":0,"settled_attempts":0,"settled_environments":0,"released_leases":0,"dropped_idempotency_keys":0,"purged_idempotency_keys":0,"outputs_purged":0,"target":"tachyon_serverless_application::app"}
{"timestamp":"2026-09-17T15:17:08.103081Z","level":"INFO","message":"log store opened","path":"/home/takanorifukuyama.guest/w/jab-A2/data/logs/logs.db","healthy":true,"retention_seconds":604800,"max_total_bytes":1073741824,"target":"tachyon_serverless_application::app"}
{"timestamp":"2026-09-17T15:17:08.105290Z","level":"INFO","message":"dispatcher registered","dispatcher_id":"dsp_01m2qz2sc7hznmf6hb429zknty","instance":"gateway@127.0.0.1:18495","pid":254530,"lease_ttl_seconds":30,"target":"tachyon_serverless_application::services::dispatcher"}
{"timestamp":"2026-09-17T15:17:08.157420Z","level":"INFO","message":"application bootstrapped","profile":"production","provider":"firecracker","dev_only":false,"environment_reuse":true,"reuse_verified":true,"reuse_reason":"the provider reports both idle capabilities as supported and [pool] enabled is true","reuse_disabled":"None","idle_quiesce":"supported","idle_resume":"supported","data_dir":"/home/takanorifukuyama.guest/w/jab-A2/data","store":"sqlite","dispatcher_id":"dsp_01m2qz2sc7hznmf6hb429zknty","node":"kvm-ab","node_region":"none","node_memory_mib":"None","max_concurrency":8,"queue":"none","objects":"none","invoke_async":false,"triggers":false,"target":"tachyon_serverless_application::app"}
{"timestamp":"2026-09-17T15:17:08.159776Z","level":"INFO","message":"startup reconcile finished","provider":"firecracker","found":0,"adopted":0,"terminated":0,"disowned":0,"failed":0,"lost":0,"foreign":0,"reclaimed_dispatchers":0,"fenced_terminated":0,"fenced_pending":0,"target":"tachyon_serverless_application::services::reconcile"}
{"timestamp":"2026-09-17T15:17:08.160078Z","level":"INFO","message":"gateway listening","addr":"127.0.0.1:18495","profile":"production","provider":"firecracker","target":"tachyon_serverless_gateway"}
{"timestamp":"2026-09-17T15:17:16.159045Z","level":"INFO","message":"revision ready","revision_id":"rev_01m2qz3135vm6b13apt080chb7","function_id":"fn_01m2qz30rvq051ncceh31k3ze2","target":"tachyon_serverless_application::services::revision"}
{"timestamp":"2026-09-17T15:17:16.525764Z","level":"INFO","message":"firecracker spawned","env_id":"env_01m2qz31das8a534q9gjceh4bj","pid":254573,"instance_id":"env-01m2qz31das8a534q9gjceh4bj","jailed":true,"cgroup":"/sys/fs/cgroup/tachyon/env_01m2qz31das8a534q9gjceh4bj","target":"tachyon_serverless_provider_firecracker::provider"}
{"timestamp":"2026-09-17T15:17:16.597992Z","level":"INFO","message":"InstanceStart accepted","env_id":"env_01m2qz31das8a534q9gjceh4bj","vcpus":1,"mem_mib":256,"scratch_bytes":268435456,"target":"tachyon_serverless_provider_firecracker::provider"}
{"timestamp":"2026-09-17T15:17:28.984589Z","level":"INFO","message":"invocation finished","invocation_id":"inv_01m2qz31d7kevxsw6syhtm81zt","status":"succeeded","handler_ms":291,"environment_boot_ms":11029,"runtime_init_ms":1192,"target":"tachyon_serverless_application::services::invoke"}
{"timestamp":"2026-09-17T15:17:29.399519Z","level":"INFO","message":"invocation finished","invocation_id":"inv_01m2qz3e2zp9cw7hgcmzm73fsr","status":"succeeded","handler_ms":70,"environment_boot_ms":0,"runtime_init_ms":0,"target":"tachyon_serverless_application::services::invoke"}
{"timestamp":"2026-09-17T15:17:29.788262Z","level":"INFO","message":"invocation finished","invocation_id":"inv_01m2qz3eetmyxv9zk6z519ebay","status":"succeeded","handler_ms":78,"environment_boot_ms":0,"runtime_init_ms":0,"target":"tachyon_serverless_application::services::invoke"}
{"timestamp":"2026-09-17T15:17:30.171377Z","level":"INFO","message":"invocation finished","invocation_id":"inv_01m2qz3ev780h5zyd57x0d1tnj","status":"succeeded","handler_ms":62,"environment_boot_ms":0,"runtime_init_ms":0,"target":"tachyon_serverless_application::services::invoke"}
{"timestamp":"2026-09-17T15:17:30.563989Z","level":"INFO","message":"invocation finished","invocation_id":"inv_01m2qz3f74x0yyxxzy51az11ec","status":"succeeded","handler_ms":77,"environment_boot_ms":0,"runtime_init_ms":0,"target":"tachyon_serverless_application::services::invoke"}
{"timestamp":"2026-09-17T15:17:31.064889Z","level":"INFO","message":"invocation finished","invocation_id":"inv_01m2qz3fk4r3pjyf313y2pxy25","status":"succeeded","handler_ms":180,"environment_boot_ms":0,"runtime_init_ms":0,"target":"tachyon_serverless_application::services::invoke"}
{"timestamp":"2026-09-17T15:17:31.470898Z","level":"INFO","message":"invocation finished","invocation_id":"inv_01m2qz3g3n0r7ht9a1614gyd90","status":"succeeded","handler_ms":69,"environment_boot_ms":0,"runtime_init_ms":0,"target":"tachyon_serverless_application::services::invoke"}
{"timestamp":"2026-09-17T15:17:31.867818Z","level":"INFO","message":"invocation finished","invocation_id":"inv_01m2qz3gfn3e5zef1ra1zqzcp0","status":"succeeded","handler_ms":84,"environment_boot_ms":0,"runtime_init_ms":0,"target":"tachyon_serverless_application::services::invoke"}
{"timestamp":"2026-09-17T15:17:32.267901Z","level":"INFO","message":"invocation finished","invocation_id":"inv_01m2qz3gw6ft90jdb9qwwhd02d","status":"succeeded","handler_ms":83,"environment_boot_ms":0,"runtime_init_ms":0,"target":"tachyon_serverless_application::services::invoke"}
{"timestamp":"2026-09-17T15:17:32.692225Z","level":"INFO","message":"invocation finished","invocation_id":"inv_01m2qz3h8j9sq3a65jztm8z8rq","status":"succeeded","handler_ms":101,"environment_boot_ms":0,"runtime_init_ms":0,"target":"tachyon_serverless_application::services::invoke"}
{"timestamp":"2026-09-17T15:17:33.070310Z","level":"INFO","message":"invocation finished","invocation_id":"inv_01m2qz3hnr672b3wbx6pm7k3xm","status":"succeeded","handler_ms":65,"environment_boot_ms":0,"runtime_init_ms":0,"target":"tachyon_serverless_application::services::invoke"}
{"timestamp":"2026-09-17T15:17:33.469137Z","level":"INFO","message":"invocation finished","invocation_id":"inv_01m2qz3j1smztft7m397s2tz9a","status":"succeeded","handler_ms":82,"environment_boot_ms":0,"runtime_init_ms":0,"target":"tachyon_serverless_application::services::invoke"}
{"timestamp":"2026-09-17T15:17:33.876128Z","level":"INFO","message":"invocation finished","invocation_id":"inv_01m2qz3jdzv2bw765bjszrqrrk","status":"succeeded","handler_ms":98,"environment_boot_ms":0,"runtime_init_ms":0,"target":"tachyon_serverless_application::services::invoke"}
{"timestamp":"2026-09-17T15:17:34.267372Z","level":"INFO","message":"invocation finished","invocation_id":"inv_01m2qz3jtm0vx8e758xz5tzmrc","status":"succeeded","handler_ms":87,"environment_boot_ms":0,"runtime_init_ms":0,"target":"tachyon_serverless_application::services::invoke"}
{"timestamp":"2026-09-17T15:17:34.668002Z","level":"INFO","message":"invocation finished","invocation_id":"inv_01m2qz3k73spk54r5vdaj0hrxr","status":"succeeded","handler_ms":87,"environment_boot_ms":0,"runtime_init_ms":0,"target":"tachyon_serverless_application::services::invoke"}
{"timestamp":"2026-09-17T15:17:35.068013Z","level":"INFO","message":"invocation finished","invocation_id":"inv_01m2qz3kkh0rb5eh1qr8syxqxh","status":"succeeded","handler_ms":85,"environment_boot_ms":0,"runtime_init_ms":0,"target":"tachyon_serverless_application::services::invoke"}
{"timestamp":"2026-09-17T15:17:35.502133Z","level":"INFO","message":"invocation finished","invocation_id":"inv_01m2qz3m0xfcmkgqq3c0hv9y1a","status":"succeeded","handler_ms":84,"environment_boot_ms":0,"runtime_init_ms":0,"target":"tachyon_serverless_application::services::invoke"}
{"timestamp":"2026-09-17T15:17:35.964221Z","level":"INFO","message":"invocation finished","invocation_id":"inv_01m2qz3mex3n722vrvtw7jgkzc","status":"succeeded","handler_ms":111,"environment_boot_ms":0,"runtime_init_ms":0,"target":"tachyon_serverless_application::services::invoke"}
{"timestamp":"2026-09-17T15:17:36.370326Z","level":"INFO","message":"invocation finished","invocation_id":"inv_01m2qz3mw6yps93kqgcpxymrq3","status":"succeeded","handler_ms":91,"environment_boot_ms":0,"runtime_init_ms":0,"target":"tachyon_serverless_application::services::invoke"}
{"timestamp":"2026-09-17T15:17:36.769233Z","level":"INFO","message":"invocation finished","invocation_id":"inv_01m2qz3n9enknpbx13ef0e6y9f","status":"succeeded","handler_ms":65,"environment_boot_ms":0,"runtime_init_ms":0,"target":"tachyon_serverless_application::services::invoke"}
{"timestamp":"2026-09-17T15:17:37.177301Z","level":"INFO","message":"invocation finished","invocation_id":"inv_01m2qz3nnavh6wpt9gej0x2e6v","status":"succeeded","handler_ms":92,"environment_boot_ms":0,"runtime_init_ms":0,"target":"tachyon_serverless_application::services::invoke"}
{"timestamp":"2026-09-17T15:17:37.570832Z","level":"INFO","message":"invocation finished","invocation_id":"inv_01m2qz3p2ase6xqj6k7wchcekr","status":"succeeded","handler_ms":70,"environment_boot_ms":0,"runtime_init_ms":0,"target":"tachyon_serverless_application::services::invoke"}
{"timestamp":"2026-09-17T15:17:37.968027Z","level":"INFO","message":"invocation finished","invocation_id":"inv_01m2qz3pea321r5fxebna80at7","status":"succeeded","handler_ms":82,"environment_boot_ms":0,"runtime_init_ms":0,"target":"tachyon_serverless_application::services::invoke"}
{"timestamp":"2026-09-17T15:17:38.373423Z","level":"INFO","message":"invocation finished","invocation_id":"inv_01m2qz3ptq6pbehtezp48pe1kv","status":"succeeded","handler_ms":87,"environment_boot_ms":0,"runtime_init_ms":0,"target":"tachyon_serverless_application::services::invoke"}
{"timestamp":"2026-09-17T15:17:38.768960Z","level":"INFO","message":"invocation finished","invocation_id":"inv_01m2qz3q7ptd77epjvcj1aa7c8","status":"succeeded","handler_ms":68,"environment_boot_ms":0,"runtime_init_ms":0,"target":"tachyon_serverless_application::services::invoke"}
{"timestamp":"2026-09-17T15:17:39.176905Z","level":"INFO","message":"invocation finished","invocation_id":"inv_01m2qz3qkn1dr0fba72qpm0gev","status":"succeeded","handler_ms":94,"environment_boot_ms":0,"runtime_init_ms":0,"target":"tachyon_serverless_application::services::invoke"}
{"timestamp":"2026-09-17T15:17:39.567854Z","level":"INFO","message":"invocation finished","invocation_id":"inv_01m2qz3r0h6zazw9rr582f749w","status":"succeeded","handler_ms":77,"environment_boot_ms":0,"runtime_init_ms":0,"target":"tachyon_serverless_application::services::invoke"}
{"timestamp":"2026-09-17T15:17:39.971992Z","level":"INFO","message":"invocation finished","invocation_id":"inv_01m2qz3rch9wys142xq10qdb9h","status":"succeeded","handler_ms":96,"environment_boot_ms":0,"runtime_init_ms":0,"target":"tachyon_serverless_application::services::invoke"}
{"timestamp":"2026-09-17T15:17:40.368722Z","level":"INFO","message":"invocation finished","invocation_id":"inv_01m2qz3rsdkmrxzafjy0bskeqz","status":"succeeded","handler_ms":81,"environment_boot_ms":0,"runtime_init_ms":0,"target":"tachyon_serverless_application::services::invoke"}
{"timestamp":"2026-09-17T15:17:40.777010Z","level":"INFO","message":"invocation finished","invocation_id":"inv_01m2qz3s5rx04set8gz9675f5h","status":"succeeded","handler_ms":93,"environment_boot_ms":0,"runtime_init_ms":0,"target":"tachyon_serverless_application::services::invoke"}
{"timestamp":"2026-09-17T15:17:41.172042Z","level":"INFO","message":"invocation finished","invocation_id":"inv_01m2qz3sk00456s1y8wh47awmj","status":"succeeded","handler_ms":59,"environment_boot_ms":0,"runtime_init_ms":0,"target":"tachyon_serverless_application::services::invoke"}
{"timestamp":"2026-09-17T15:17:41.570099Z","level":"INFO","message":"invocation finished","invocation_id":"inv_01m2qz3syydz4pcs5pspn1s3t1","status":"succeeded","handler_ms":82,"environment_boot_ms":0,"runtime_init_ms":0,"target":"tachyon_serverless_application::services::invoke"}
{"timestamp":"2026-09-17T15:17:41.971775Z","level":"INFO","message":"invocation finished","invocation_id":"inv_01m2qz3tbn0vjz4rj1czbz71pt","status":"succeeded","handler_ms":73,"environment_boot_ms":0,"runtime_init_ms":0,"target":"tachyon_serverless_application::services::invoke"}
{"timestamp":"2026-09-17T15:17:42.376341Z","level":"INFO","message":"invocation finished","invocation_id":"inv_01m2qz3trk74dhbqjsdq8wsmjz","status":"succeeded","handler_ms":63,"environment_boot_ms":0,"runtime_init_ms":0,"target":"tachyon_serverless_application::services::invoke"}
{"timestamp":"2026-09-17T15:17:42.782514Z","level":"INFO","message":"invocation finished","invocation_id":"inv_01m2qz3v4j4e5rfdq77txyv0x5","status":"succeeded","handler_ms":86,"environment_boot_ms":0,"runtime_init_ms":0,"target":"tachyon_serverless_application::services::invoke"}
{"timestamp":"2026-09-17T15:17:43.176992Z","level":"INFO","message":"invocation finished","invocation_id":"inv_01m2qz3vh8hq4p2q0b3pqqt40p","status":"succeeded","handler_ms":68,"environment_boot_ms":0,"runtime_init_ms":0,"target":"tachyon_serverless_application::services::invoke"}
{"timestamp":"2026-09-17T15:17:43.577937Z","level":"INFO","message":"invocation finished","invocation_id":"inv_01m2qz3vxfb8y9gy4emr8bgd4j","status":"succeeded","handler_ms":81,"environment_boot_ms":0,"runtime_init_ms":0,"target":"tachyon_serverless_application::services::invoke"}
{"timestamp":"2026-09-17T15:17:43.836044Z","level":"INFO","message":"invocation finished","invocation_id":"inv_01m2qz3w5q7ncjhv5efxez2p8v","status":"succeeded","handler_ms":84,"environment_boot_ms":0,"runtime_init_ms":0,"target":"tachyon_serverless_application::services::invoke"}
{"timestamp":"2026-09-17T15:17:44.233728Z","level":"INFO","message":"invocation finished","invocation_id":"inv_01m2qz3wj3tr7srgq32a8zc339","status":"succeeded","handler_ms":80,"environment_boot_ms":0,"runtime_init_ms":0,"target":"tachyon_serverless_application::services::invoke"}
{"timestamp":"2026-09-17T15:17:44.637934Z","level":"INFO","message":"invocation finished","invocation_id":"inv_01m2qz3wyqm9c7b5j9nn2kcbkz","status":"succeeded","handler_ms":84,"environment_boot_ms":0,"runtime_init_ms":0,"target":"tachyon_serverless_application::services::invoke"}
{"timestamp":"2026-09-17T15:17:45.037854Z","level":"INFO","message":"invocation finished","invocation_id":"inv_01m2qz3xb545zw3gj3wj57bj5e","status":"succeeded","handler_ms":87,"environment_boot_ms":0,"runtime_init_ms":0,"target":"tachyon_serverless_application::services::invoke"}
{"timestamp":"2026-09-17T15:17:45.342643Z","level":"INFO","message":"SIGTERM received","target":"tachyon_serverless_gateway"}
{"timestamp":"2026-09-17T15:17:45.342711Z","level":"INFO","message":"shutdown requested; cancelling in-flight invocations","target":"tachyon_serverless_gateway"}
{"timestamp":"2026-09-17T15:17:45.403499Z","level":"INFO","message":"cgroup stats at teardown","env_id":"env_01m2qz31das8a534q9gjceh4bj","cgroup":"/sys/fs/cgroup/tachyon/env_01m2qz31das8a534q9gjceh4bj","stats":"{\"cpu.max\":\"50000 100000\",\"cpu.stat\":{\"burst_usec\":0,\"core_sched.force_idle_usec\":0,\"nice_usec\":0,\"nr_bursts\":0,\"nr_periods\":249,\"nr_throttled\":160,\"system_usec\":5555292,\"throttled_usec\":6945392,\"usage_usec\":9087466,\"user_usec\":3532173},\"memory.current\":4034560,\"memory.events\":{\"high\":0,\"low\":0,\"max\":0,\"oom\":0,\"oom_group_kill\":0,\"oom_kill\":0,\"sock_throttled\":0},\"memory.max\":335544320,\"memory.peak\":43225088,\"pids.max\":64,\"pids.peak\":3}","target":"tachyon_serverless_provider_firecracker::provider"}
{"timestamp":"2026-09-17T15:17:45.412827Z","level":"INFO","message":"environment terminated","env_id":"env_01m2qz31das8a534q9gjceh4bj","reason":"Quiesced","was_running":true,"target":"tachyon_serverless_provider_firecracker::provider"}
{"timestamp":"2026-09-17T15:17:45.418809Z","level":"INFO","message":"idle environment reaped","environment_id":"env_01m2qz31das8a534q9gjceh4bj","revision_id":"rev_01m2qz3135vm6b13apt080chb7","reason":"pool drain","target":"tachyon_serverless_application::services::pool"}
{"timestamp":"2026-09-17T15:17:45.418953Z","level":"INFO","message":"idle sweep finished","examined":1,"reaped":1,"drained":0,"kept":0,"raced":0,"failed":0,"target":"tachyon_serverless_application::services::pool"}
{"timestamp":"2026-09-17T15:17:45.419000Z","level":"INFO","message":"pooled environments terminated on shutdown","reaped":1,"target":"tachyon_serverless_gateway"}
{"timestamp":"2026-09-17T15:17:45.425840Z","level":"INFO","message":"final usage collection","report":"CollectReport { batches: 1, read: 4, inserted: 4, duplicates: 0, cursor_seq: 125 }","target":"tachyon_serverless_gateway"}
{"timestamp":"2026-09-17T15:17:45.434101Z","level":"INFO","message":"gateway stopped","target":"tachyon_serverless_gateway"}
