
===== a start (failpoints: none) 11:58:32 =====
{"timestamp":"2026-09-17T11:58:32.351720Z","level":"INFO","message":"configuration loaded","config":"/private/var/folders/z7/khzdjrt95cg_fcmcnh4j1b5h0000gn/T/tsls-chaos.Sdl0zb/gw-a.toml","target":"tachyon_serverless_gateway"}
{"timestamp":"2026-09-17T11:58:32.354130Z","level":"INFO","message":"connected successfully","server":"61188","max_payload":"1048576","target":"async_nats::connector"}
{"timestamp":"2026-09-17T11:58:32.354247Z","level":"INFO","message":"event: connected","target":"async_nats"}
{"timestamp":"2026-09-17T11:58:32.369226Z","level":"INFO","message":"JetStream queue connected and stream bootstrapped","url":"nats://127.0.0.1:61188","stream":"TACHYON_EVENTS","target":"tachyon_serverless_gateway::durable"}
{"timestamp":"2026-09-17T11:58:32.390265Z","level":"INFO","message":"state store opened","path":"/private/var/folders/z7/khzdjrt95cg_fcmcnh4j1b5h0000gn/T/tsls-chaos.Sdl0zb/data/state.db","schema_version":8,"migrations_applied":"[1, 2, 3, 4, 5, 6, 7, 8]","imported_state_json":"None","settled_invocations":0,"settled_attempts":0,"settled_environments":0,"released_leases":0,"dropped_idempotency_keys":0,"purged_idempotency_keys":0,"outputs_purged":0,"target":"tachyon_serverless_application::app"}
{"timestamp":"2026-09-17T11:58:32.390627Z","level":"INFO","message":"dispatcher registered","dispatcher_id":"dsp_01m2qkq4y6rswv4e88ty7pf4cw","instance":"chaos-a","pid":2472,"lease_ttl_seconds":6,"target":"tachyon_serverless_application::services::dispatcher"}
{"timestamp":"2026-09-17T11:58:32.396534Z","level":"INFO","message":"application bootstrapped","profile":"dev","provider":"process","dev_only":true,"environment_reuse":false,"reuse_verified":false,"reuse_reason":"[pool] enabled is false","reuse_disabled":"Some(Configuration)","idle_quiesce":"unsupported","idle_resume":"unsupported","data_dir":"/private/var/folders/z7/khzdjrt95cg_fcmcnh4j1b5h0000gn/T/tsls-chaos.Sdl0zb/data","store":"sqlite","dispatcher_id":"dsp_01m2qkq4y6rswv4e88ty7pf4cw","node":"local","node_region":"none","node_memory_mib":"None","max_concurrency":8,"queue":"nats","objects":"filesystem","invoke_async":true,"triggers":true,"target":"tachyon_serverless_application::app"}
{"timestamp":"2026-09-17T11:58:32.396807Z","level":"INFO","message":"startup reconcile finished","provider":"process","found":0,"adopted":0,"terminated":0,"disowned":0,"failed":0,"lost":0,"foreign":0,"reclaimed_dispatchers":0,"fenced_terminated":0,"fenced_pending":0,"target":"tachyon_serverless_application::services::reconcile"}
{"timestamp":"2026-09-17T11:58:32.396895Z","level":"INFO","message":"gateway listening","addr":"127.0.0.1:61192","profile":"dev","provider":"process","target":"tachyon_serverless_gateway"}
{"timestamp":"2026-09-17T11:58:32.398553Z","level":"INFO","message":"asynchronous dispatcher started","workers":2,"owner":"dsp_01m2qkq4y6rswv4e88ty7pf4cw","target":"tachyon_serverless_gateway"}
{"timestamp":"2026-09-17T11:58:33.289596Z","level":"INFO","message":"revision ready","revision_id":"rev_01m2qkq5m8x5gx0xxtygfy6cxd","function_id":"fn_01m2qkq56t83xp20tgy5rxes5q","target":"tachyon_serverless_application::services::revision"}
{"timestamp":"2026-09-17T11:58:33.977750Z","level":"INFO","message":"revision ready","revision_id":"rev_01m2qkq6abnn0jsq0sbm7hg3kx","function_id":"fn_01m2qkq5y8cs78admxne5w0ve8","target":"tachyon_serverless_application::services::revision"}
{"timestamp":"2026-09-17T11:58:34.657463Z","level":"INFO","message":"revision ready","revision_id":"rev_01m2qkq6zkjy0sg92czkmyyyxy","function_id":"fn_01m2qkq6m85dhfa3zrz8mrtqga","target":"tachyon_serverless_application::services::revision"}
{"timestamp":"2026-09-17T11:58:34.788639Z","level":"INFO","message":"trigger created","trigger_id":"trg_01m2qkq794wpn649n0gn8jv1xm","function_id":"fn_01m2qkq5y8cs78admxne5w0ve8","kind":"cron","enabled":true,"next_fire_at":"Some(2026-09-17T11:58:36Z)","target":"tachyon_serverless_application::services::triggers"}
{"timestamp":"2026-09-17T11:58:34.802603Z","level":"INFO","message":"trigger created","trigger_id":"trg_01m2qkq79jfc4360q95tndarwp","function_id":"fn_01m2qkq5y8cs78admxne5w0ve8","kind":"webhook","enabled":true,"next_fire_at":"None","target":"tachyon_serverless_application::services::triggers"}
{"timestamp":"2026-09-17T11:58:35.028495Z","level":"INFO","message":"bridge spawned","environment_id":"env_01m2qkq7adaxv8gxmsj3hd336b","pid":2796,"target":"tachyon_serverless_provider_process"}
{"timestamp":"2026-09-17T11:58:35.401544Z","level":"INFO","message":"invocation finished","invocation_id":"inv_01m2qkq7adqapqc4ztzh037w8x","status":"succeeded","handler_ms":1,"environment_boot_ms":7,"runtime_init_ms":363,"target":"tachyon_serverless_application::services::invoke"}
{"timestamp":"2026-09-17T11:58:35.403256Z","level":"INFO","message":"terminating bridge","environment_id":"env_01m2qkq7adaxv8gxmsj3hd336b","pid":2796,"reason":"Completed","graceful":true,"target":"tachyon_serverless_provider_process"}
{"timestamp":"2026-09-17T11:58:35.483447Z","level":"INFO","message":"asynchronous invocation accepted","invocation_id":"inv_01m2qkq7ytaef4y4ffac8ckycj","tenant_id":"tn_01hzzzzzzzzzzzzzzzzzzzzzza","revision_id":"rev_01m2qkq5m8x5gx0xxtygfy6cxd","input_bytes":47,"input_storage":"inline","target":"tachyon_serverless_application::services::invoke_async"}
{"timestamp":"2026-09-17T11:58:35.513640Z","level":"INFO","message":"asynchronous run claimed","invocation_id":"inv_01m2qkq7ytaef4y4ffac8ckycj","attempt":1,"generation":0,"delivery_count":1,"target":"tachyon_serverless_application::services::invoke_async::dispatch"}
{"timestamp":"2026-09-17T11:58:35.586503Z","level":"INFO","message":"asynchronous invocation accepted","invocation_id":"inv_01m2qkq81a3kvp4f5zc0rd8byv","tenant_id":"tn_01hzzzzzzzzzzzzzzzzzzzzzza","revision_id":"rev_01m2qkq5m8x5gx0xxtygfy6cxd","input_bytes":4127,"input_storage":"object","target":"tachyon_serverless_application::services::invoke_async"}
{"timestamp":"2026-09-17T11:58:35.592638Z","level":"INFO","message":"asynchronous run claimed","invocation_id":"inv_01m2qkq81a3kvp4f5zc0rd8byv","attempt":1,"generation":0,"delivery_count":1,"target":"tachyon_serverless_application::services::invoke_async::dispatch"}
{"timestamp":"2026-09-17T11:58:35.630974Z","level":"INFO","message":"asynchronous invocation accepted","invocation_id":"inv_01m2qkq83defpehman2g6mg9pe","tenant_id":"tn_01hzzzzzzzzzzzzzzzzzzzzzza","revision_id":"rev_01m2qkq6abnn0jsq0sbm7hg3kx","input_bytes":189,"input_storage":"inline","target":"tachyon_serverless_application::services::invoke_async"}
{"timestamp":"2026-09-17T11:58:35.631043Z","level":"INFO","message":"webhook trigger fired","trigger_id":"trg_01m2qkq79jfc4360q95tndarwp","event_id":"evt-pre-w1","invocation_id":"inv_01m2qkq83defpehman2g6mg9pe","revision_id":"rev_01m2qkq6abnn0jsq0sbm7hg3kx","replayed":false,"target":"tachyon_serverless_application::services::triggers"}
{"timestamp":"2026-09-17T11:58:35.706465Z","level":"INFO","message":"asynchronous invocation accepted","invocation_id":"inv_01m2qkq85skfqd59wkggdd8a96","tenant_id":"tn_01hzzzzzzzzzzzzzzzzzzzzzza","revision_id":"rev_01m2qkq5m8x5gx0xxtygfy6cxd","input_bytes":67,"input_storage":"inline","target":"tachyon_serverless_application::services::invoke_async"}
{"timestamp":"2026-09-17T11:58:35.778357Z","level":"INFO","message":"bridge spawned","environment_id":"env_01m2qkq7zs3ve611eaw7grby4p","pid":2898,"target":"tachyon_serverless_provider_process"}
{"timestamp":"2026-09-17T11:58:35.794101Z","level":"INFO","message":"asynchronous invocation accepted","invocation_id":"inv_01m2qkq88h1v7ps3x8jq21arzc","tenant_id":"tn_01hzzzzzzzzzzzzzzzzzzzzzza","revision_id":"rev_01m2qkq5m8x5gx0xxtygfy6cxd","input_bytes":67,"input_storage":"inline","target":"tachyon_serverless_application::services::invoke_async"}
{"timestamp":"2026-09-17T11:58:35.883920Z","level":"INFO","message":"bridge spawned","environment_id":"env_01m2qkq82abh70qhe6vg4ggee5","pid":2922,"target":"tachyon_serverless_provider_process"}
{"timestamp":"2026-09-17T11:58:35.885032Z","level":"INFO","message":"asynchronous invocation accepted","invocation_id":"inv_01m2qkq8bcg8nyp7v286nvyj07","tenant_id":"tn_01hzzzzzzzzzzzzzzzzzzzzzza","revision_id":"rev_01m2qkq5m8x5gx0xxtygfy6cxd","input_bytes":67,"input_storage":"inline","target":"tachyon_serverless_application::services::invoke_async"}
{"timestamp":"2026-09-17T11:58:35.976741Z","level":"INFO","message":"asynchronous invocation accepted","invocation_id":"inv_01m2qkq8e7ssh1bjq96cbscbj2","tenant_id":"tn_01hzzzzzzzzzzzzzzzzzzzzzza","revision_id":"rev_01m2qkq5m8x5gx0xxtygfy6cxd","input_bytes":67,"input_storage":"inline","target":"tachyon_serverless_application::services::invoke_async"}
{"timestamp":"2026-09-17T11:58:36.003553Z","level":"INFO","message":"asynchronous invocation accepted","invocation_id":"inv_01m2qkq8f26qtk6w0k3y3khwgg","tenant_id":"tn_01hzzzzzzzzzzzzzzzzzzzzzza","revision_id":"rev_01m2qkq6abnn0jsq0sbm7hg3kx","input_bytes":180,"input_storage":"inline","target":"tachyon_serverless_application::services::invoke_async"}
{"timestamp":"2026-09-17T11:58:36.003630Z","level":"INFO","message":"cron trigger fired","trigger_id":"trg_01m2qkq794wpn649n0gn8jv1xm","scheduled_at":"2026-09-17T11:58:36Z","invocation_id":"inv_01m2qkq8f26qtk6w0k3y3khwgg","revision_id":"rev_01m2qkq6abnn0jsq0sbm7hg3kx","replayed":false,"target":"tachyon_serverless_application::services::triggers"}
{"timestamp":"2026-09-17T11:58:36.142799Z","level":"INFO","message":"event: disconnected","target":"async_nats"}
{"timestamp":"2026-09-17T11:58:36.144328Z","level":"INFO","message":"event: client error: nats: IO error","target":"async_nats"}
{"timestamp":"2026-09-17T11:58:36.148252Z","level":"INFO","message":"event: client error: nats: IO error","target":"async_nats"}
{"timestamp":"2026-09-17T11:58:36.154656Z","level":"INFO","message":"event: client error: nats: IO error","target":"async_nats"}
{"timestamp":"2026-09-17T11:58:36.165833Z","level":"INFO","message":"event: client error: nats: IO error","target":"async_nats"}
{"timestamp":"2026-09-17T11:58:36.184999Z","level":"INFO","message":"event: client error: nats: IO error","target":"async_nats"}
{"timestamp":"2026-09-17T11:58:36.218001Z","level":"INFO","message":"event: client error: nats: IO error","target":"async_nats"}
{"timestamp":"2026-09-17T11:58:36.285464Z","level":"INFO","message":"event: client error: nats: IO error","target":"async_nats"}
{"timestamp":"2026-09-17T11:58:36.352024Z","level":"INFO","message":"asynchronous invocation accepted","invocation_id":"inv_01m2qkq8sccx8m43ymg1s2h1f0","tenant_id":"tn_01hzzzzzzzzzzzzzzzzzzzzzza","revision_id":"rev_01m2qkq5m8x5gx0xxtygfy6cxd","input_bytes":4127,"input_storage":"object","target":"tachyon_serverless_application::services::invoke_async"}
{"timestamp":"2026-09-17T11:58:36.415373Z","level":"INFO","message":"event: client error: nats: IO error","target":"async_nats"}
{"timestamp":"2026-09-17T11:58:36.674273Z","level":"INFO","message":"event: client error: nats: IO error","target":"async_nats"}
{"timestamp":"2026-09-17T11:58:36.755521Z","level":"INFO","message":"invocation finished","invocation_id":"inv_01m2qkq7ytaef4y4ffac8ckycj","status":"succeeded (async run)","handler_ms":1,"environment_boot_ms":6,"runtime_init_ms":966,"target":"tachyon_serverless_application::services::invoke"}
{"timestamp":"2026-09-17T11:58:36.756579Z","level":"INFO","message":"invocation finished","invocation_id":"inv_01m2qkq81a3kvp4f5zc0rd8byv","status":"succeeded (async run)","handler_ms":2,"environment_boot_ms":6,"runtime_init_ms":860,"target":"tachyon_serverless_application::services::invoke"}
{"timestamp":"2026-09-17T11:58:36.757115Z","level":"INFO","message":"terminating bridge","environment_id":"env_01m2qkq7zs3ve611eaw7grby4p","pid":2898,"reason":"Completed","graceful":true,"target":"tachyon_serverless_provider_process"}
{"timestamp":"2026-09-17T11:58:36.758521Z","level":"INFO","message":"terminating bridge","environment_id":"env_01m2qkq82abh70qhe6vg4ggee5","pid":2922,"reason":"Completed","graceful":true,"target":"tachyon_serverless_provider_process"}
{"timestamp":"2026-09-17T11:58:36.763685Z","level":"INFO","message":"asynchronous invocation settled","invocation_id":"inv_01m2qkq7ytaef4y4ffac8ckycj","status":"succeeded","target":"tachyon_serverless_application::services::invoke_async::dispatch"}
{"timestamp":"2026-09-17T11:58:36.765233Z","level":"INFO","message":"asynchronous invocation settled","invocation_id":"inv_01m2qkq81a3kvp4f5zc0rd8byv","status":"succeeded","target":"tachyon_serverless_application::services::invoke_async::dispatch"}
{"timestamp":"2026-09-17T11:58:36.979731Z","level":"INFO","message":"asynchronous invocation accepted","invocation_id":"inv_01m2qkq9cyvmw74qrgtzh4fp2y","tenant_id":"tn_01hzzzzzzzzzzzzzzzzzzzzzza","revision_id":"rev_01m2qkq5m8x5gx0xxtygfy6cxd","input_bytes":4127,"input_storage":"object","target":"tachyon_serverless_application::services::invoke_async"}
{"timestamp":"2026-09-17T11:58:37.189674Z","level":"INFO","message":"event: client error: nats: IO error","target":"async_nats"}
{"timestamp":"2026-09-17T11:58:37.624330Z","level":"INFO","message":"asynchronous invocation accepted","invocation_id":"inv_01m2qkqa13ffac819ft7j5qzq2","tenant_id":"tn_01hzzzzzzzzzzzzzzzzzzzzzza","revision_id":"rev_01m2qkq5m8x5gx0xxtygfy6cxd","input_bytes":4127,"input_storage":"object","target":"tachyon_serverless_application::services::invoke_async"}
{"timestamp":"2026-09-17T11:58:38.007034Z","level":"INFO","message":"asynchronous invocation accepted","invocation_id":"inv_01m2qkqadm72fgkh5e2dy1knrp","tenant_id":"tn_01hzzzzzzzzzzzzzzzzzzzzzza","revision_id":"rev_01m2qkq6abnn0jsq0sbm7hg3kx","input_bytes":180,"input_storage":"inline","target":"tachyon_serverless_application::services::invoke_async"}
{"timestamp":"2026-09-17T11:58:38.007224Z","level":"INFO","message":"cron trigger fired","trigger_id":"trg_01m2qkq794wpn649n0gn8jv1xm","scheduled_at":"2026-09-17T11:58:38Z","invocation_id":"inv_01m2qkqadm72fgkh5e2dy1knrp","revision_id":"rev_01m2qkq6abnn0jsq0sbm7hg3kx","replayed":false,"target":"tachyon_serverless_application::services::triggers"}
{"timestamp":"2026-09-17T11:58:38.215678Z","level":"INFO","message":"event: client error: nats: IO error","target":"async_nats"}
{"timestamp":"2026-09-17T11:58:38.234748Z","level":"INFO","message":"asynchronous invocation accepted","invocation_id":"inv_01m2qkqam8zrn8w9hcpg4hghrx","tenant_id":"tn_01hzzzzzzzzzzzzzzzzzzzzzza","revision_id":"rev_01m2qkq5m8x5gx0xxtygfy6cxd","input_bytes":4127,"input_storage":"object","target":"tachyon_serverless_application::services::invoke_async"}
{"timestamp":"2026-09-17T11:58:38.355737Z","level":"WARN","message":"outbox: publish failed","event":"inv_01m2qkq8sccx8m43ymg1s2h1f0","attempts":1,"code":"unavailable","error":"queue unavailable: publish: timed out: didn't receive ack in time","target":"tachyon_serverless_application::services::invoke_async::publisher"}
{"timestamp":"2026-09-17T11:58:38.766270Z","level":"WARN","message":"async dispatch: ack failed; the redelivery settles on the ledger","message_id":"inv_01m2qkq81a3kvp4f5zc0rd8byv","error":"queue unavailable: ack not confirmed: request timed out: deadline has elapsed","target":"tachyon_serverless_application::services::invoke_async::dispatch"}
{"timestamp":"2026-09-17T11:58:38.766519Z","level":"INFO","message":"async dispatch: delivery handled","message_id":"inv_01m2qkq81a3kvp4f5zc0rd8byv","sequence":2,"delivery_count":1,"outcome":"Completed { status: \"succeeded\" }","target":"tachyon_serverless_application::services::invoke_async::dispatch"}
{"timestamp":"2026-09-17T11:58:38.766270Z","level":"WARN","message":"async dispatch: ack failed; the redelivery settles on the ledger","message_id":"inv_01m2qkq7ytaef4y4ffac8ckycj","error":"queue unavailable: ack not confirmed: request timed out: deadline has elapsed","target":"tachyon_serverless_application::services::invoke_async::dispatch"}
{"timestamp":"2026-09-17T11:58:38.766687Z","level":"INFO","message":"async dispatch: delivery handled","message_id":"inv_01m2qkq7ytaef4y4ffac8ckycj","sequence":1,"delivery_count":1,"outcome":"Completed { status: \"succeeded\" }","target":"tachyon_serverless_application::services::invoke_async::dispatch"}
{"timestamp":"2026-09-17T11:58:38.849724Z","level":"INFO","message":"asynchronous invocation accepted","invocation_id":"inv_01m2qkqb7gt16f432gvjx84szv","tenant_id":"tn_01hzzzzzzzzzzzzzzzzzzzzzza","revision_id":"rev_01m2qkq5m8x5gx0xxtygfy6cxd","input_bytes":4127,"input_storage":"object","target":"tachyon_serverless_application::services::invoke_async"}
{"timestamp":"2026-09-17T11:58:39.463124Z","level":"INFO","message":"asynchronous invocation accepted","invocation_id":"inv_01m2qkqbtr3jwv99m6f01aspfx","tenant_id":"tn_01hzzzzzzzzzzzzzzzzzzzzzza","revision_id":"rev_01m2qkq5m8x5gx0xxtygfy6cxd","input_bytes":4127,"input_storage":"object","target":"tachyon_serverless_application::services::invoke_async"}
{"timestamp":"2026-09-17T11:58:40.003762Z","level":"INFO","message":"asynchronous invocation accepted","invocation_id":"inv_01m2qkqcc311rz87rpvw2h86cb","tenant_id":"tn_01hzzzzzzzzzzzzzzzzzzzzzza","revision_id":"rev_01m2qkq6abnn0jsq0sbm7hg3kx","input_bytes":180,"input_storage":"inline","target":"tachyon_serverless_application::services::invoke_async"}
{"timestamp":"2026-09-17T11:58:40.003799Z","level":"INFO","message":"cron trigger fired","trigger_id":"trg_01m2qkq794wpn649n0gn8jv1xm","scheduled_at":"2026-09-17T11:58:40Z","invocation_id":"inv_01m2qkqcc311rz87rpvw2h86cb","revision_id":"rev_01m2qkq6abnn0jsq0sbm7hg3kx","replayed":false,"target":"tachyon_serverless_application::services::triggers"}
{"timestamp":"2026-09-17T11:58:40.266972Z","level":"INFO","message":"event: client error: nats: IO error","target":"async_nats"}
{"timestamp":"2026-09-17T11:58:40.359269Z","level":"WARN","message":"outbox: publish failed","event":"inv_01m2qkq9cyvmw74qrgtzh4fp2y","attempts":1,"code":"unavailable","error":"queue unavailable: publish: timed out: didn't receive ack in time","target":"tachyon_serverless_application::services::invoke_async::publisher"}
{"timestamp":"2026-09-17T11:58:42.005776Z","level":"INFO","message":"asynchronous invocation accepted","invocation_id":"inv_01m2qkqeajddhbwpw0ge0vt0em","tenant_id":"tn_01hzzzzzzzzzzzzzzzzzzzzzza","revision_id":"rev_01m2qkq6abnn0jsq0sbm7hg3kx","input_bytes":180,"input_storage":"inline","target":"tachyon_serverless_application::services::invoke_async"}
{"timestamp":"2026-09-17T11:58:42.006127Z","level":"INFO","message":"cron trigger fired","trigger_id":"trg_01m2qkq794wpn649n0gn8jv1xm","scheduled_at":"2026-09-17T11:58:42Z","invocation_id":"inv_01m2qkqeajddhbwpw0ge0vt0em","revision_id":"rev_01m2qkq6abnn0jsq0sbm7hg3kx","replayed":false,"target":"tachyon_serverless_application::services::triggers"}
{"timestamp":"2026-09-17T11:58:42.365371Z","level":"WARN","message":"outbox: publish failed","event":"inv_01m2qkq8sccx8m43ymg1s2h1f0","attempts":2,"code":"unavailable","error":"queue unavailable: publish: timed out: didn't receive ack in time","target":"tachyon_serverless_application::services::invoke_async::publisher"}
{"timestamp":"2026-09-17T11:58:42.401347Z","level":"INFO","message":"object retention pass","report":"GcReport { examined: 2, collected_expired: 0, collected_orphans: 0, kept_in_use: 1, kept_referenced: 1, incomplete_removed: 0, tombstones_purged: 0, failed: 0 }","target":"tachyon_serverless_gateway"}
{"timestamp":"2026-09-17T11:58:44.003636Z","level":"INFO","message":"asynchronous invocation accepted","invocation_id":"inv_01m2qkqg92rvgmn11bayjd4ann","tenant_id":"tn_01hzzzzzzzzzzzzzzzzzzzzzza","revision_id":"rev_01m2qkq6abnn0jsq0sbm7hg3kx","input_bytes":180,"input_storage":"inline","target":"tachyon_serverless_application::services::invoke_async"}
{"timestamp":"2026-09-17T11:58:44.003700Z","level":"INFO","message":"cron trigger fired","trigger_id":"trg_01m2qkq794wpn649n0gn8jv1xm","scheduled_at":"2026-09-17T11:58:44Z","invocation_id":"inv_01m2qkqg92rvgmn11bayjd4ann","revision_id":"rev_01m2qkq6abnn0jsq0sbm7hg3kx","replayed":false,"target":"tachyon_serverless_application::services::triggers"}
{"timestamp":"2026-09-17T11:58:44.270028Z","level":"INFO","message":"event: client error: nats: IO error","target":"async_nats"}
{"timestamp":"2026-09-17T11:58:44.369370Z","level":"WARN","message":"outbox: publish failed","event":"inv_01m2qkq9cyvmw74qrgtzh4fp2y","attempts":2,"code":"unavailable","error":"queue unavailable: publish: timed out: didn't receive ack in time","target":"tachyon_serverless_application::services::invoke_async::publisher"}
{"timestamp":"2026-09-17T11:58:44.402371Z","level":"INFO","message":"object retention pass","report":"GcReport { examined: 5, collected_expired: 0, collected_orphans: 0, kept_in_use: 4, kept_referenced: 1, incomplete_removed: 0, tombstones_purged: 0, failed: 0 }","target":"tachyon_serverless_gateway"}
{"timestamp":"2026-09-17T11:58:46.002186Z","level":"INFO","message":"asynchronous invocation accepted","invocation_id":"inv_01m2qkqj7ht6x5paz4cyc2swce","tenant_id":"tn_01hzzzzzzzzzzzzzzzzzzzzzza","revision_id":"rev_01m2qkq6abnn0jsq0sbm7hg3kx","input_bytes":180,"input_storage":"inline","target":"tachyon_serverless_application::services::invoke_async"}
{"timestamp":"2026-09-17T11:58:46.002228Z","level":"INFO","message":"cron trigger fired","trigger_id":"trg_01m2qkq794wpn649n0gn8jv1xm","scheduled_at":"2026-09-17T11:58:46Z","invocation_id":"inv_01m2qkqj7ht6x5paz4cyc2swce","revision_id":"rev_01m2qkq6abnn0jsq0sbm7hg3kx","replayed":false,"target":"tachyon_serverless_application::services::triggers"}
{"timestamp":"2026-09-17T11:58:46.375192Z","level":"WARN","message":"outbox: publish failed","event":"inv_01m2qkq8sccx8m43ymg1s2h1f0","attempts":3,"code":"unavailable","error":"queue unavailable: publish: timed out: didn't receive ack in time","target":"tachyon_serverless_application::services::invoke_async::publisher"}
{"timestamp":"2026-09-17T11:58:46.404046Z","level":"INFO","message":"object retention pass","report":"GcReport { examined: 7, collected_expired: 0, collected_orphans: 0, kept_in_use: 6, kept_referenced: 1, incomplete_removed: 0, tombstones_purged: 0, failed: 0 }","target":"tachyon_serverless_gateway"}
{"timestamp":"2026-09-17T11:58:48.005744Z","level":"INFO","message":"asynchronous invocation accepted","invocation_id":"inv_01m2qkqm639y50a1xqahnzj7qt","tenant_id":"tn_01hzzzzzzzzzzzzzzzzzzzzzza","revision_id":"rev_01m2qkq6abnn0jsq0sbm7hg3kx","input_bytes":180,"input_storage":"inline","target":"tachyon_serverless_application::services::invoke_async"}
{"timestamp":"2026-09-17T11:58:48.005857Z","level":"INFO","message":"cron trigger fired","trigger_id":"trg_01m2qkq794wpn649n0gn8jv1xm","scheduled_at":"2026-09-17T11:58:48Z","invocation_id":"inv_01m2qkqm639y50a1xqahnzj7qt","revision_id":"rev_01m2qkq6abnn0jsq0sbm7hg3kx","replayed":false,"target":"tachyon_serverless_application::services::triggers"}
{"timestamp":"2026-09-17T11:58:48.274850Z","level":"INFO","message":"connected successfully","server":"61188","max_payload":"1048576","target":"async_nats::connector"}
{"timestamp":"2026-09-17T11:58:48.275365Z","level":"INFO","message":"event: connected","target":"async_nats"}
{"timestamp":"2026-09-17T11:58:48.303155Z","level":"INFO","message":"asynchronous run claimed","invocation_id":"inv_01m2qkq83defpehman2g6mg9pe","attempt":1,"generation":0,"delivery_count":1,"target":"tachyon_serverless_application::services::invoke_async::dispatch"}
{"timestamp":"2026-09-17T11:58:48.313585Z","level":"INFO","message":"async dispatch: delivery handled","message_id":"inv_01m2qkq81a3kvp4f5zc0rd8byv","sequence":2,"delivery_count":2,"outcome":"Skipped(\"terminal\")","target":"tachyon_serverless_application::services::invoke_async::dispatch"}
{"timestamp":"2026-09-17T11:58:48.320190Z","level":"INFO","message":"asynchronous run claimed","invocation_id":"inv_01m2qkq85skfqd59wkggdd8a96","attempt":1,"generation":0,"delivery_count":1,"target":"tachyon_serverless_application::services::invoke_async::dispatch"}
{"timestamp":"2026-09-17T11:58:48.344364Z","level":"INFO","message":"outbox: re-published events the broker already had, or whose claim moved on","duplicates":1,"lost_claims":0,"marked":6,"target":"tachyon_serverless_application::services::invoke_async::publisher"}
{"timestamp":"2026-09-17T11:58:48.369472Z","level":"INFO","message":"outbox: re-published events the broker already had, or whose claim moved on","duplicates":1,"lost_claims":0,"marked":6,"target":"tachyon_serverless_application::services::invoke_async::publisher"}
{"timestamp":"2026-09-17T11:58:48.406740Z","level":"INFO","message":"object retention pass","report":"GcReport { examined: 7, collected_expired: 0, collected_orphans: 0, kept_in_use: 6, kept_referenced: 1, incomplete_removed: 0, tombstones_purged: 0, failed: 0 }","target":"tachyon_serverless_gateway"}
{"timestamp":"2026-09-17T11:58:48.481346Z","level":"INFO","message":"bridge spawned","environment_id":"env_01m2qkqmfgnxetsmexktqd6es6","pid":3374,"target":"tachyon_serverless_provider_process"}
{"timestamp":"2026-09-17T11:58:48.491174Z","level":"INFO","message":"bridge spawned","environment_id":"env_01m2qkqmg1jknsscdg5n3a2ag2","pid":3376,"target":"tachyon_serverless_provider_process"}
{"timestamp":"2026-09-17T11:58:48.492570Z","level":"INFO","message":"invocation finished","invocation_id":"inv_01m2qkq83defpehman2g6mg9pe","status":"succeeded (async run)","handler_ms":0,"environment_boot_ms":4,"runtime_init_ms":5,"target":"tachyon_serverless_application::services::invoke"}
{"timestamp":"2026-09-17T11:58:48.494132Z","level":"INFO","message":"terminating bridge","environment_id":"env_01m2qkqmfgnxetsmexktqd6es6","pid":3374,"reason":"Completed","graceful":true,"target":"tachyon_serverless_provider_process"}
{"timestamp":"2026-09-17T11:58:48.498945Z","level":"INFO","message":"asynchronous invocation settled","invocation_id":"inv_01m2qkq83defpehman2g6mg9pe","status":"succeeded","target":"tachyon_serverless_application::services::invoke_async::dispatch"}
{"timestamp":"2026-09-17T11:58:48.510275Z","level":"INFO","message":"async dispatch: delivery handled","message_id":"inv_01m2qkq83defpehman2g6mg9pe","sequence":3,"delivery_count":1,"outcome":"Completed { status: \"succeeded\" }","target":"tachyon_serverless_application::services::invoke_async::dispatch"}
{"timestamp":"2026-09-17T11:58:48.510799Z","level":"INFO","message":"asynchronous run claimed","invocation_id":"inv_01m2qkq88h1v7ps3x8jq21arzc","attempt":1,"generation":0,"delivery_count":1,"target":"tachyon_serverless_application::services::invoke_async::dispatch"}
{"timestamp":"2026-09-17T11:58:48.665028Z","level":"INFO","message":"bridge spawned","environment_id":"env_01m2qkqmnyqb2vmmj94c59wdc5","pid":3379,"target":"tachyon_serverless_provider_process"}
{"timestamp":"2026-09-17T11:58:50.005153Z","level":"INFO","message":"asynchronous invocation accepted","invocation_id":"inv_01m2qkqp4j1b11gs455jm5g5gt","tenant_id":"tn_01hzzzzzzzzzzzzzzzzzzzzzza","revision_id":"rev_01m2qkq6abnn0jsq0sbm7hg3kx","input_bytes":180,"input_storage":"inline","target":"tachyon_serverless_application::services::invoke_async"}
{"timestamp":"2026-09-17T11:58:50.006467Z","level":"INFO","message":"cron trigger fired","trigger_id":"trg_01m2qkq794wpn649n0gn8jv1xm","scheduled_at":"2026-09-17T11:58:50Z","invocation_id":"inv_01m2qkqp4j1b11gs455jm5g5gt","revision_id":"rev_01m2qkq6abnn0jsq0sbm7hg3kx","replayed":false,"target":"tachyon_serverless_application::services::triggers"}
{"timestamp":"2026-09-17T11:58:50.401464Z","level":"INFO","message":"object retention pass","report":"GcReport { examined: 7, collected_expired: 0, collected_orphans: 0, kept_in_use: 6, kept_referenced: 1, incomplete_removed: 0, tombstones_purged: 0, failed: 0 }","target":"tachyon_serverless_gateway"}
{"timestamp":"2026-09-17T11:58:51.514449Z","level":"INFO","message":"invocation finished","invocation_id":"inv_01m2qkq85skfqd59wkggdd8a96","status":"succeeded (async run)","handler_ms":3003,"environment_boot_ms":3,"runtime_init_ms":9,"target":"tachyon_serverless_application::services::invoke"}
{"timestamp":"2026-09-17T11:58:51.516303Z","level":"INFO","message":"terminating bridge","environment_id":"env_01m2qkqmg1jknsscdg5n3a2ag2","pid":3376,"reason":"Completed","graceful":true,"target":"tachyon_serverless_provider_process"}
{"timestamp":"2026-09-17T11:58:51.521559Z","level":"INFO","message":"asynchronous invocation settled","invocation_id":"inv_01m2qkq85skfqd59wkggdd8a96","status":"succeeded","target":"tachyon_serverless_application::services::invoke_async::dispatch"}
{"timestamp":"2026-09-17T11:58:51.528697Z","level":"INFO","message":"async dispatch: delivery handled","message_id":"inv_01m2qkq85skfqd59wkggdd8a96","sequence":4,"delivery_count":1,"outcome":"Completed { status: \"succeeded\" }","target":"tachyon_serverless_application::services::invoke_async::dispatch"}
{"timestamp":"2026-09-17T11:58:51.535048Z","level":"INFO","message":"asynchronous run claimed","invocation_id":"inv_01m2qkq8bcg8nyp7v286nvyj07","attempt":1,"generation":0,"delivery_count":1,"target":"tachyon_serverless_application::services::invoke_async::dispatch"}
{"timestamp":"2026-09-17T11:58:51.680633Z","level":"INFO","message":"invocation finished","invocation_id":"inv_01m2qkq88h1v7ps3x8jq21arzc","status":"succeeded (async run)","handler_ms":3004,"environment_boot_ms":4,"runtime_init_ms":5,"target":"tachyon_serverless_application::services::invoke"}
{"timestamp":"2026-09-17T11:58:51.682400Z","level":"INFO","message":"terminating bridge","environment_id":"env_01m2qkqmnyqb2vmmj94c59wdc5","pid":3379,"reason":"Completed","graceful":true,"target":"tachyon_serverless_provider_process"}
{"timestamp":"2026-09-17T11:58:51.687111Z","level":"INFO","message":"asynchronous invocation settled","invocation_id":"inv_01m2qkq88h1v7ps3x8jq21arzc","status":"succeeded","target":"tachyon_serverless_application::services::invoke_async::dispatch"}
{"timestamp":"2026-09-17T11:58:51.692730Z","level":"INFO","message":"async dispatch: delivery handled","message_id":"inv_01m2qkq88h1v7ps3x8jq21arzc","sequence":5,"delivery_count":1,"outcome":"Completed { status: \"succeeded\" }","target":"tachyon_serverless_application::services::invoke_async::dispatch"}
{"timestamp":"2026-09-17T11:58:51.693369Z","level":"INFO","message":"asynchronous run claimed","invocation_id":"inv_01m2qkq8e7ssh1bjq96cbscbj2","attempt":1,"generation":0,"delivery_count":1,"target":"tachyon_serverless_application::services::invoke_async::dispatch"}
{"timestamp":"2026-09-17T11:58:51.782125Z","level":"INFO","message":"bridge spawned","environment_id":"env_01m2qkqqmf7992204n5rgsxy78","pid":3524,"target":"tachyon_serverless_provider_process"}
{"timestamp":"2026-09-17T11:58:51.980678Z","level":"INFO","message":"bridge spawned","environment_id":"env_01m2qkqqsdj7q89zfsz52a7005","pid":3526,"target":"tachyon_serverless_provider_process"}
{"timestamp":"2026-09-17T11:58:52.003353Z","level":"INFO","message":"asynchronous invocation accepted","invocation_id":"inv_01m2qkqr321n6vcjqbdcf1fcqy","tenant_id":"tn_01hzzzzzzzzzzzzzzzzzzzzzza","revision_id":"rev_01m2qkq6abnn0jsq0sbm7hg3kx","input_bytes":180,"input_storage":"inline","target":"tachyon_serverless_application::services::invoke_async"}
{"timestamp":"2026-09-17T11:58:52.003411Z","level":"INFO","message":"cron trigger fired","trigger_id":"trg_01m2qkq794wpn649n0gn8jv1xm","scheduled_at":"2026-09-17T11:58:52Z","invocation_id":"inv_01m2qkqr321n6vcjqbdcf1fcqy","revision_id":"rev_01m2qkq6abnn0jsq0sbm7hg3kx","replayed":false,"target":"tachyon_serverless_application::services::triggers"}
{"timestamp":"2026-09-17T11:58:52.402834Z","level":"INFO","message":"object retention pass","report":"GcReport { examined: 7, collected_expired: 0, collected_orphans: 0, kept_in_use: 6, kept_referenced: 1, incomplete_removed: 0, tombstones_purged: 0, failed: 0 }","target":"tachyon_serverless_gateway"}
{"timestamp":"2026-09-17T11:58:54.003261Z","level":"INFO","message":"asynchronous invocation accepted","invocation_id":"inv_01m2qkqt1hpn4dqtb5dcp1dzmr","tenant_id":"tn_01hzzzzzzzzzzzzzzzzzzzzzza","revision_id":"rev_01m2qkq6abnn0jsq0sbm7hg3kx","input_bytes":180,"input_storage":"inline","target":"tachyon_serverless_application::services::invoke_async"}
{"timestamp":"2026-09-17T11:58:54.003324Z","level":"INFO","message":"cron trigger fired","trigger_id":"trg_01m2qkq794wpn649n0gn8jv1xm","scheduled_at":"2026-09-17T11:58:54Z","invocation_id":"inv_01m2qkqt1hpn4dqtb5dcp1dzmr","revision_id":"rev_01m2qkq6abnn0jsq0sbm7hg3kx","replayed":false,"target":"tachyon_serverless_application::services::triggers"}
{"timestamp":"2026-09-17T11:58:54.402439Z","level":"INFO","message":"object retention pass","report":"GcReport { examined: 7, collected_expired: 0, collected_orphans: 0, kept_in_use: 6, kept_referenced: 1, incomplete_removed: 0, tombstones_purged: 0, failed: 0 }","target":"tachyon_serverless_gateway"}
{"timestamp":"2026-09-17T11:58:54.803135Z","level":"INFO","message":"invocation finished","invocation_id":"inv_01m2qkq8bcg8nyp7v286nvyj07","status":"succeeded (async run)","handler_ms":3004,"environment_boot_ms":6,"runtime_init_ms":7,"target":"tachyon_serverless_application::services::invoke"}
{"timestamp":"2026-09-17T11:58:54.804843Z","level":"INFO","message":"terminating bridge","environment_id":"env_01m2qkqqmf7992204n5rgsxy78","pid":3524,"reason":"Completed","graceful":true,"target":"tachyon_serverless_provider_process"}
{"timestamp":"2026-09-17T11:58:54.809579Z","level":"INFO","message":"asynchronous invocation settled","invocation_id":"inv_01m2qkq8bcg8nyp7v286nvyj07","status":"succeeded","target":"tachyon_serverless_application::services::invoke_async::dispatch"}
{"timestamp":"2026-09-17T11:58:54.832807Z","level":"INFO","message":"async dispatch: delivery handled","message_id":"inv_01m2qkq8bcg8nyp7v286nvyj07","sequence":6,"delivery_count":1,"outcome":"Completed { status: \"succeeded\" }","target":"tachyon_serverless_application::services::invoke_async::dispatch"}
{"timestamp":"2026-09-17T11:58:54.838521Z","level":"INFO","message":"asynchronous run claimed","invocation_id":"inv_01m2qkq8f26qtk6w0k3y3khwgg","attempt":1,"generation":0,"delivery_count":1,"target":"tachyon_serverless_application::services::invoke_async::dispatch"}
{"timestamp":"2026-09-17T11:58:55.003425Z","level":"INFO","message":"invocation finished","invocation_id":"inv_01m2qkq8e7ssh1bjq96cbscbj2","status":"succeeded (async run)","handler_ms":3004,"environment_boot_ms":7,"runtime_init_ms":9,"target":"tachyon_serverless_application::services::invoke"}
{"timestamp":"2026-09-17T11:58:55.005174Z","level":"INFO","message":"terminating bridge","environment_id":"env_01m2qkqqsdj7q89zfsz52a7005","pid":3526,"reason":"Completed","graceful":true,"target":"tachyon_serverless_provider_process"}
{"timestamp":"2026-09-17T11:58:55.009769Z","level":"INFO","message":"asynchronous invocation settled","invocation_id":"inv_01m2qkq8e7ssh1bjq96cbscbj2","status":"succeeded","target":"tachyon_serverless_application::services::invoke_async::dispatch"}
{"timestamp":"2026-09-17T11:58:55.022063Z","level":"INFO","message":"async dispatch: delivery handled","message_id":"inv_01m2qkq8e7ssh1bjq96cbscbj2","sequence":7,"delivery_count":1,"outcome":"Completed { status: \"succeeded\" }","target":"tachyon_serverless_application::services::invoke_async::dispatch"}
{"timestamp":"2026-09-17T11:58:55.023085Z","level":"INFO","message":"asynchronous run claimed","invocation_id":"inv_01m2qkq8sccx8m43ymg1s2h1f0","attempt":1,"generation":0,"delivery_count":1,"target":"tachyon_serverless_application::services::invoke_async::dispatch"}
{"timestamp":"2026-09-17T11:58:55.056846Z","level":"INFO","message":"bridge spawned","environment_id":"env_01m2qkqtvpte0vtvnpj45tvwt2","pid":3646,"target":"tachyon_serverless_provider_process"}
{"timestamp":"2026-09-17T11:58:55.073479Z","level":"INFO","message":"invocation finished","invocation_id":"inv_01m2qkq8f26qtk6w0k3y3khwgg","status":"succeeded (async run)","handler_ms":1,"environment_boot_ms":6,"runtime_init_ms":7,"target":"tachyon_serverless_application::services::invoke"}
{"timestamp":"2026-09-17T11:58:55.075152Z","level":"INFO","message":"terminating bridge","environment_id":"env_01m2qkqtvpte0vtvnpj45tvwt2","pid":3646,"reason":"Completed","graceful":true,"target":"tachyon_serverless_provider_process"}
{"timestamp":"2026-09-17T11:58:55.084853Z","level":"INFO","message":"asynchronous invocation settled","invocation_id":"inv_01m2qkq8f26qtk6w0k3y3khwgg","status":"succeeded","target":"tachyon_serverless_application::services::invoke_async::dispatch"}
{"timestamp":"2026-09-17T11:58:55.097769Z","level":"INFO","message":"async dispatch: delivery handled","message_id":"inv_01m2qkq8f26qtk6w0k3y3khwgg","sequence":8,"delivery_count":1,"outcome":"Completed { status: \"succeeded\" }","target":"tachyon_serverless_application::services::invoke_async::dispatch"}
{"timestamp":"2026-09-17T11:58:55.099136Z","level":"INFO","message":"asynchronous run claimed","invocation_id":"inv_01m2qkq9cyvmw74qrgtzh4fp2y","attempt":1,"generation":0,"delivery_count":1,"target":"tachyon_serverless_application::services::invoke_async::dispatch"}
{"timestamp":"2026-09-17T11:58:55.290961Z","level":"INFO","message":"bridge spawned","environment_id":"env_01m2qkqv1hcdy5zj770n20yt5z","pid":3666,"target":"tachyon_serverless_provider_process"}
{"timestamp":"2026-09-17T11:58:55.311849Z","level":"INFO","message":"invocation finished","invocation_id":"inv_01m2qkq8sccx8m43ymg1s2h1f0","status":"succeeded (async run)","handler_ms":1,"environment_boot_ms":7,"runtime_init_ms":9,"target":"tachyon_serverless_application::services::invoke"}
{"timestamp":"2026-09-17T11:58:55.313693Z","level":"INFO","message":"terminating bridge","environment_id":"env_01m2qkqv1hcdy5zj770n20yt5z","pid":3666,"reason":"Completed","graceful":true,"target":"tachyon_serverless_provider_process"}
{"timestamp":"2026-09-17T11:58:55.318759Z","level":"INFO","message":"asynchronous invocation settled","invocation_id":"inv_01m2qkq8sccx8m43ymg1s2h1f0","status":"succeeded","target":"tachyon_serverless_application::services::invoke_async::dispatch"}
{"timestamp":"2026-09-17T11:58:55.326829Z","level":"INFO","message":"async dispatch: delivery handled","message_id":"inv_01m2qkq8sccx8m43ymg1s2h1f0","sequence":9,"delivery_count":1,"outcome":"Completed { status: \"succeeded\" }","target":"tachyon_serverless_application::services::invoke_async::dispatch"}
{"timestamp":"2026-09-17T11:58:55.328734Z","level":"INFO","message":"asynchronous run claimed","invocation_id":"inv_01m2qkqa13ffac819ft7j5qzq2","attempt":1,"generation":0,"delivery_count":1,"target":"tachyon_serverless_application::services::invoke_async::dispatch"}
{"timestamp":"2026-09-17T11:58:55.385253Z","level":"INFO","message":"bridge spawned","environment_id":"env_01m2qkqv3xg6yh6fwqqz8vedsn","pid":3668,"target":"tachyon_serverless_provider_process"}
{"timestamp":"2026-09-17T11:58:55.405012Z","level":"INFO","message":"invocation finished","invocation_id":"inv_01m2qkq9cyvmw74qrgtzh4fp2y","status":"succeeded (async run)","handler_ms":1,"environment_boot_ms":7,"runtime_init_ms":9,"target":"tachyon_serverless_application::services::invoke"}
{"timestamp":"2026-09-17T11:58:55.406840Z","level":"INFO","message":"terminating bridge","environment_id":"env_01m2qkqv3xg6yh6fwqqz8vedsn","pid":3668,"reason":"Completed","graceful":true,"target":"tachyon_serverless_provider_process"}
{"timestamp":"2026-09-17T11:58:55.413759Z","level":"INFO","message":"asynchronous invocation settled","invocation_id":"inv_01m2qkq9cyvmw74qrgtzh4fp2y","status":"succeeded","target":"tachyon_serverless_application::services::invoke_async::dispatch"}
{"timestamp":"2026-09-17T11:58:55.418583Z","level":"INFO","message":"async dispatch: delivery handled","message_id":"inv_01m2qkq9cyvmw74qrgtzh4fp2y","sequence":10,"delivery_count":1,"outcome":"Completed { status: \"succeeded\" }","target":"tachyon_serverless_application::services::invoke_async::dispatch"}
{"timestamp":"2026-09-17T11:58:55.421562Z","level":"INFO","message":"asynchronous run claimed","invocation_id":"inv_01m2qkqadm72fgkh5e2dy1knrp","attempt":1,"generation":0,"delivery_count":1,"target":"tachyon_serverless_application::services::invoke_async::dispatch"}
{"timestamp":"2026-09-17T11:58:55.639126Z","level":"INFO","message":"bridge spawned","environment_id":"env_01m2qkqvb3gs672axchm51tb9t","pid":3670,"target":"tachyon_serverless_provider_process"}
{"timestamp":"2026-09-17T11:58:55.659417Z","level":"INFO","message":"invocation finished","invocation_id":"inv_01m2qkqa13ffac819ft7j5qzq2","status":"succeeded (async run)","handler_ms":1,"environment_boot_ms":8,"runtime_init_ms":9,"target":"tachyon_serverless_application::services::invoke"}
{"timestamp":"2026-09-17T11:58:55.661260Z","level":"INFO","message":"terminating bridge","environment_id":"env_01m2qkqvb3gs672axchm51tb9t","pid":3670,"reason":"Completed","graceful":true,"target":"tachyon_serverless_provider_process"}
{"timestamp":"2026-09-17T11:58:55.665963Z","level":"INFO","message":"asynchronous invocation settled","invocation_id":"inv_01m2qkqa13ffac819ft7j5qzq2","status":"succeeded","target":"tachyon_serverless_application::services::invoke_async::dispatch"}
{"timestamp":"2026-09-17T11:58:55.671227Z","level":"INFO","message":"async dispatch: delivery handled","message_id":"inv_01m2qkqa13ffac819ft7j5qzq2","sequence":11,"delivery_count":1,"outcome":"Completed { status: \"succeeded\" }","target":"tachyon_serverless_application::services::invoke_async::dispatch"}
{"timestamp":"2026-09-17T11:58:55.672016Z","level":"INFO","message":"asynchronous run claimed","invocation_id":"inv_01m2qkqam8zrn8w9hcpg4hghrx","attempt":1,"generation":0,"delivery_count":1,"target":"tachyon_serverless_application::services::invoke_async::dispatch"}
{"timestamp":"2026-09-17T11:58:55.721386Z","level":"INFO","message":"bridge spawned","environment_id":"env_01m2qkqvdxkk9qgs60zfqbzthj","pid":3672,"target":"tachyon_serverless_provider_process"}
{"timestamp":"2026-09-17T11:58:55.743072Z","level":"INFO","message":"invocation finished","invocation_id":"inv_01m2qkqadm72fgkh5e2dy1knrp","status":"succeeded (async run)","handler_ms":1,"environment_boot_ms":7,"runtime_init_ms":11,"target":"tachyon_serverless_application::services::invoke"}
{"timestamp":"2026-09-17T11:58:55.744927Z","level":"INFO","message":"terminating bridge","environment_id":"env_01m2qkqvdxkk9qgs60zfqbzthj","pid":3672,"reason":"Completed","graceful":true,"target":"tachyon_serverless_provider_process"}
{"timestamp":"2026-09-17T11:58:55.750182Z","level":"INFO","message":"asynchronous invocation settled","invocation_id":"inv_01m2qkqadm72fgkh5e2dy1knrp","status":"succeeded","target":"tachyon_serverless_application::services::invoke_async::dispatch"}
{"timestamp":"2026-09-17T11:58:55.755254Z","level":"INFO","message":"async dispatch: delivery handled","message_id":"inv_01m2qkqadm72fgkh5e2dy1knrp","sequence":12,"delivery_count":1,"outcome":"Completed { status: \"succeeded\" }","target":"tachyon_serverless_application::services::invoke_async::dispatch"}
{"timestamp":"2026-09-17T11:58:55.756103Z","level":"INFO","message":"asynchronous run claimed","invocation_id":"inv_01m2qkqeajddhbwpw0ge0vt0em","attempt":1,"generation":0,"delivery_count":1,"target":"tachyon_serverless_application::services::invoke_async::dispatch"}
{"timestamp":"2026-09-17T11:58:56.006657Z","level":"INFO","message":"asynchronous invocation accepted","invocation_id":"inv_01m2qkqw03bq87gj56wrccea5n","tenant_id":"tn_01hzzzzzzzzzzzzzzzzzzzzzza","revision_id":"rev_01m2qkq6abnn0jsq0sbm7hg3kx","input_bytes":180,"input_storage":"inline","target":"tachyon_serverless_application::services::invoke_async"}
{"timestamp":"2026-09-17T11:58:56.006738Z","level":"INFO","message":"cron trigger fired","trigger_id":"trg_01m2qkq794wpn649n0gn8jv1xm","scheduled_at":"2026-09-17T11:58:56Z","invocation_id":"inv_01m2qkqw03bq87gj56wrccea5n","revision_id":"rev_01m2qkq6abnn0jsq0sbm7hg3kx","replayed":false,"target":"tachyon_serverless_application::services::triggers"}
{"timestamp":"2026-09-17T11:58:56.026378Z","level":"INFO","message":"bridge spawned","environment_id":"env_01m2qkqvntp5kzp1td11md57qq","pid":3692,"target":"tachyon_serverless_provider_process"}
{"timestamp":"2026-09-17T11:58:56.050628Z","level":"INFO","message":"invocation finished","invocation_id":"inv_01m2qkqam8zrn8w9hcpg4hghrx","status":"succeeded (async run)","handler_ms":2,"environment_boot_ms":8,"runtime_init_ms":11,"target":"tachyon_serverless_application::services::invoke"}
{"timestamp":"2026-09-17T11:58:56.052671Z","level":"INFO","message":"terminating bridge","environment_id":"env_01m2qkqvntp5kzp1td11md57qq","pid":3692,"reason":"Completed","graceful":true,"target":"tachyon_serverless_provider_process"}
{"timestamp":"2026-09-17T11:58:56.058912Z","level":"INFO","message":"asynchronous invocation settled","invocation_id":"inv_01m2qkqam8zrn8w9hcpg4hghrx","status":"succeeded","target":"tachyon_serverless_application::services::invoke_async::dispatch"}
{"timestamp":"2026-09-17T11:58:56.064572Z","level":"INFO","message":"async dispatch: delivery handled","message_id":"inv_01m2qkqam8zrn8w9hcpg4hghrx","sequence":13,"delivery_count":1,"outcome":"Completed { status: \"succeeded\" }","target":"tachyon_serverless_application::services::invoke_async::dispatch"}
{"timestamp":"2026-09-17T11:58:56.070133Z","level":"INFO","message":"asynchronous run claimed","invocation_id":"inv_01m2qkqj7ht6x5paz4cyc2swce","attempt":1,"generation":0,"delivery_count":1,"target":"tachyon_serverless_application::services::invoke_async::dispatch"}
{"timestamp":"2026-09-17T11:58:56.112265Z","level":"INFO","message":"bridge spawned","environment_id":"env_01m2qkqvrcpppzjvnn7pv6dc9n","pid":3694,"target":"tachyon_serverless_provider_process"}
{"timestamp":"2026-09-17T11:58:56.136145Z","level":"INFO","message":"invocation finished","invocation_id":"inv_01m2qkqeajddhbwpw0ge0vt0em","status":"succeeded (async run)","handler_ms":1,"environment_boot_ms":9,"runtime_init_ms":11,"target":"tachyon_serverless_application::services::invoke"}
{"timestamp":"2026-09-17T11:58:56.138135Z","level":"INFO","message":"terminating bridge","environment_id":"env_01m2qkqvrcpppzjvnn7pv6dc9n","pid":3694,"reason":"Completed","graceful":true,"target":"tachyon_serverless_provider_process"}
{"timestamp":"2026-09-17T11:58:56.143793Z","level":"INFO","message":"asynchronous invocation settled","invocation_id":"inv_01m2qkqeajddhbwpw0ge0vt0em","status":"succeeded","target":"tachyon_serverless_application::services::invoke_async::dispatch"}
{"timestamp":"2026-09-17T11:58:56.150204Z","level":"INFO","message":"async dispatch: delivery handled","message_id":"inv_01m2qkqeajddhbwpw0ge0vt0em","sequence":14,"delivery_count":1,"outcome":"Completed { status: \"succeeded\" }","target":"tachyon_serverless_application::services::invoke_async::dispatch"}
{"timestamp":"2026-09-17T11:58:56.151078Z","level":"INFO","message":"asynchronous run claimed","invocation_id":"inv_01m2qkqb7gt16f432gvjx84szv","attempt":1,"generation":0,"delivery_count":1,"target":"tachyon_serverless_application::services::invoke_async::dispatch"}
{"timestamp":"2026-09-17T11:58:56.402815Z","level":"INFO","message":"object retention pass","report":"GcReport { examined: 7, collected_expired: 0, collected_orphans: 0, kept_in_use: 2, kept_referenced: 5, incomplete_removed: 0, tombstones_purged: 0, failed: 0 }","target":"tachyon_serverless_gateway"}
{"timestamp":"2026-09-17T11:58:56.444302Z","level":"INFO","message":"bridge spawned","environment_id":"env_01m2qkqw26c1pqvd0r63xrxjjv","pid":3712,"target":"tachyon_serverless_provider_process"}
{"timestamp":"2026-09-17T11:58:56.471661Z","level":"INFO","message":"invocation finished","invocation_id":"inv_01m2qkqj7ht6x5paz4cyc2swce","status":"succeeded (async run)","handler_ms":1,"environment_boot_ms":9,"runtime_init_ms":12,"target":"tachyon_serverless_application::services::invoke"}
{"timestamp":"2026-09-17T11:58:56.473805Z","level":"INFO","message":"terminating bridge","environment_id":"env_01m2qkqw26c1pqvd0r63xrxjjv","pid":3712,"reason":"Completed","graceful":true,"target":"tachyon_serverless_provider_process"}
{"timestamp":"2026-09-17T11:58:56.481526Z","level":"INFO","message":"asynchronous invocation settled","invocation_id":"inv_01m2qkqj7ht6x5paz4cyc2swce","status":"succeeded","target":"tachyon_serverless_application::services::invoke_async::dispatch"}
{"timestamp":"2026-09-17T11:58:56.501518Z","level":"INFO","message":"async dispatch: delivery handled","message_id":"inv_01m2qkqj7ht6x5paz4cyc2swce","sequence":15,"delivery_count":1,"outcome":"Completed { status: \"succeeded\" }","target":"tachyon_serverless_application::services::invoke_async::dispatch"}
{"timestamp":"2026-09-17T11:58:56.507630Z","level":"INFO","message":"asynchronous run claimed","invocation_id":"inv_01m2qkqbtr3jwv99m6f01aspfx","attempt":1,"generation":0,"delivery_count":1,"target":"tachyon_serverless_application::services::invoke_async::dispatch"}
{"timestamp":"2026-09-17T11:58:56.543789Z","level":"INFO","message":"bridge spawned","environment_id":"env_01m2qkqw4tq08exhkhr1nqmzbr","pid":3717,"target":"tachyon_serverless_provider_process"}
{"timestamp":"2026-09-17T11:58:56.577050Z","level":"INFO","message":"invocation finished","invocation_id":"inv_01m2qkqb7gt16f432gvjx84szv","status":"succeeded (async run)","handler_ms":4,"environment_boot_ms":11,"runtime_init_ms":15,"target":"tachyon_serverless_application::services::invoke"}
{"timestamp":"2026-09-17T11:58:56.579188Z","level":"INFO","message":"terminating bridge","environment_id":"env_01m2qkqw4tq08exhkhr1nqmzbr","pid":3717,"reason":"Completed","graceful":true,"target":"tachyon_serverless_provider_process"}
{"timestamp":"2026-09-17T11:58:56.586122Z","level":"INFO","message":"asynchronous invocation settled","invocation_id":"inv_01m2qkqb7gt16f432gvjx84szv","status":"succeeded","target":"tachyon_serverless_application::services::invoke_async::dispatch"}
{"timestamp":"2026-09-17T11:58:56.592675Z","level":"INFO","message":"async dispatch: delivery handled","message_id":"inv_01m2qkqb7gt16f432gvjx84szv","sequence":16,"delivery_count":1,"outcome":"Completed { status: \"succeeded\" }","target":"tachyon_serverless_application::services::invoke_async::dispatch"}
{"timestamp":"2026-09-17T11:58:56.594881Z","level":"INFO","message":"asynchronous run claimed","invocation_id":"inv_01m2qkqcc311rz87rpvw2h86cb","attempt":1,"generation":0,"delivery_count":1,"target":"tachyon_serverless_application::services::invoke_async::dispatch"}
{"timestamp":"2026-09-17T11:58:56.926060Z","level":"INFO","message":"bridge spawned","environment_id":"env_01m2qkqwg01xkqrv2k48ygttnr","pid":3722,"target":"tachyon_serverless_provider_process"}
{"timestamp":"2026-09-17T11:58:56.982254Z","level":"INFO","message":"invocation finished","invocation_id":"inv_01m2qkqbtr3jwv99m6f01aspfx","status":"succeeded (async run)","handler_ms":5,"environment_boot_ms":21,"runtime_init_ms":27,"target":"tachyon_serverless_application::services::invoke"}
{"timestamp":"2026-09-17T11:58:56.984661Z","level":"INFO","message":"terminating bridge","environment_id":"env_01m2qkqwg01xkqrv2k48ygttnr","pid":3722,"reason":"Completed","graceful":true,"target":"tachyon_serverless_provider_process"}
{"timestamp":"2026-09-17T11:58:56.994613Z","level":"INFO","message":"asynchronous invocation settled","invocation_id":"inv_01m2qkqbtr3jwv99m6f01aspfx","status":"succeeded","target":"tachyon_serverless_application::services::invoke_async::dispatch"}
{"timestamp":"2026-09-17T11:58:56.996226Z","level":"INFO","message":"bridge spawned","environment_id":"env_01m2qkqwjkhekew9v4jxmhshaj","pid":3724,"target":"tachyon_serverless_provider_process"}
{"timestamp":"2026-09-17T11:58:57.002402Z","level":"INFO","message":"async dispatch: delivery handled","message_id":"inv_01m2qkqbtr3jwv99m6f01aspfx","sequence":17,"delivery_count":1,"outcome":"Completed { status: \"succeeded\" }","target":"tachyon_serverless_application::services::invoke_async::dispatch"}
{"timestamp":"2026-09-17T11:58:57.007153Z","level":"INFO","message":"asynchronous run claimed","invocation_id":"inv_01m2qkqg92rvgmn11bayjd4ann","attempt":1,"generation":0,"delivery_count":1,"target":"tachyon_serverless_application::services::invoke_async::dispatch"}
{"timestamp":"2026-09-17T11:58:57.032582Z","level":"INFO","message":"invocation finished","invocation_id":"inv_01m2qkqcc311rz87rpvw2h86cb","status":"succeeded (async run)","handler_ms":2,"environment_boot_ms":14,"runtime_init_ms":16,"target":"tachyon_serverless_application::services::invoke"}
{"timestamp":"2026-09-17T11:58:57.035916Z","level":"INFO","message":"terminating bridge","environment_id":"env_01m2qkqwjkhekew9v4jxmhshaj","pid":3724,"reason":"Completed","graceful":true,"target":"tachyon_serverless_provider_process"}
{"timestamp":"2026-09-17T11:58:57.047831Z","level":"INFO","message":"asynchronous invocation settled","invocation_id":"inv_01m2qkqcc311rz87rpvw2h86cb","status":"succeeded","target":"tachyon_serverless_application::services::invoke_async::dispatch"}
{"timestamp":"2026-09-17T11:58:57.059130Z","level":"INFO","message":"async dispatch: delivery handled","message_id":"inv_01m2qkqcc311rz87rpvw2h86cb","sequence":18,"delivery_count":1,"outcome":"Completed { status: \"succeeded\" }","target":"tachyon_serverless_application::services::invoke_async::dispatch"}
{"timestamp":"2026-09-17T11:58:57.062741Z","level":"INFO","message":"asynchronous run claimed","invocation_id":"inv_01m2qkqm639y50a1xqahnzj7qt","attempt":1,"generation":0,"delivery_count":1,"target":"tachyon_serverless_application::services::invoke_async::dispatch"}
{"timestamp":"2026-09-17T11:58:57.424593Z","level":"INFO","message":"bridge spawned","environment_id":"env_01m2qkqwzgr5hjqbt0zhd7v2k5","pid":3756,"target":"tachyon_serverless_provider_process"}
{"timestamp":"2026-09-17T11:58:57.464824Z","level":"INFO","message":"bridge spawned","environment_id":"env_01m2qkqx17m103xvz2qgdyaptb","pid":3759,"target":"tachyon_serverless_provider_process"}
{"timestamp":"2026-09-17T11:58:57.476214Z","level":"INFO","message":"invocation finished","invocation_id":"inv_01m2qkqg92rvgmn11bayjd4ann","status":"succeeded (async run)","handler_ms":5,"environment_boot_ms":31,"runtime_init_ms":29,"target":"tachyon_serverless_application::services::invoke"}
{"timestamp":"2026-09-17T11:58:57.477283Z","level":"INFO","message":"terminating bridge","environment_id":"env_01m2qkqwzgr5hjqbt0zhd7v2k5","pid":3756,"reason":"Completed","graceful":true,"target":"tachyon_serverless_provider_process"}
{"timestamp":"2026-09-17T11:58:57.487969Z","level":"INFO","message":"asynchronous invocation settled","invocation_id":"inv_01m2qkqg92rvgmn11bayjd4ann","status":"succeeded","target":"tachyon_serverless_application::services::invoke_async::dispatch"}
{"timestamp":"2026-09-17T11:58:57.495699Z","level":"INFO","message":"async dispatch: delivery handled","message_id":"inv_01m2qkqg92rvgmn11bayjd4ann","sequence":19,"delivery_count":1,"outcome":"Completed { status: \"succeeded\" }","target":"tachyon_serverless_application::services::invoke_async::dispatch"}
{"timestamp":"2026-09-17T11:58:57.507011Z","level":"INFO","message":"asynchronous run claimed","invocation_id":"inv_01m2qkqp4j1b11gs455jm5g5gt","attempt":1,"generation":0,"delivery_count":1,"target":"tachyon_serverless_application::services::invoke_async::dispatch"}
{"timestamp":"2026-09-17T11:58:57.509014Z","level":"INFO","message":"invocation finished","invocation_id":"inv_01m2qkqm639y50a1xqahnzj7qt","status":"succeeded (async run)","handler_ms":2,"environment_boot_ms":18,"runtime_init_ms":17,"target":"tachyon_serverless_application::services::invoke"}
{"timestamp":"2026-09-17T11:58:57.511182Z","level":"INFO","message":"terminating bridge","environment_id":"env_01m2qkqx17m103xvz2qgdyaptb","pid":3759,"reason":"Completed","graceful":true,"target":"tachyon_serverless_provider_process"}
{"timestamp":"2026-09-17T11:58:57.520122Z","level":"INFO","message":"asynchronous invocation settled","invocation_id":"inv_01m2qkqm639y50a1xqahnzj7qt","status":"succeeded","target":"tachyon_serverless_application::services::invoke_async::dispatch"}
{"timestamp":"2026-09-17T11:58:57.528377Z","level":"INFO","message":"async dispatch: delivery handled","message_id":"inv_01m2qkqm639y50a1xqahnzj7qt","sequence":20,"delivery_count":1,"outcome":"Completed { status: \"succeeded\" }","target":"tachyon_serverless_application::services::invoke_async::dispatch"}
{"timestamp":"2026-09-17T11:58:57.530320Z","level":"INFO","message":"asynchronous run claimed","invocation_id":"inv_01m2qkqr321n6vcjqbdcf1fcqy","attempt":1,"generation":0,"delivery_count":1,"target":"tachyon_serverless_application::services::invoke_async::dispatch"}
{"timestamp":"2026-09-17T11:58:58.002562Z","level":"INFO","message":"bridge spawned","environment_id":"env_01m2qkqxf33d0sbfr4rybdj929","pid":3778,"target":"tachyon_serverless_provider_process"}
{"timestamp":"2026-09-17T11:58:58.003097Z","level":"INFO","message":"asynchronous invocation accepted","invocation_id":"inv_01m2qkqxyhwc9da4qvjpgr7zs9","tenant_id":"tn_01hzzzzzzzzzzzzzzzzzzzzzza","revision_id":"rev_01m2qkq6abnn0jsq0sbm7hg3kx","input_bytes":180,"input_storage":"inline","target":"tachyon_serverless_application::services::invoke_async"}
{"timestamp":"2026-09-17T11:58:58.003186Z","level":"INFO","message":"cron trigger fired","trigger_id":"trg_01m2qkq794wpn649n0gn8jv1xm","scheduled_at":"2026-09-17T11:58:58Z","invocation_id":"inv_01m2qkqxyhwc9da4qvjpgr7zs9","revision_id":"rev_01m2qkq6abnn0jsq0sbm7hg3kx","replayed":false,"target":"tachyon_serverless_application::services::triggers"}
{"timestamp":"2026-09-17T11:58:58.022074Z","level":"INFO","message":"bridge spawned","environment_id":"env_01m2qkqxfr893wj7f4jngspmx1","pid":3780,"target":"tachyon_serverless_provider_process"}
{"timestamp":"2026-09-17T11:58:58.022876Z","level":"INFO","message":"bridge spawned","environment_id":"env_01m2qkqxfvdhzdpawjm35gj8aa","pid":3781,"target":"tachyon_serverless_provider_process"}
{"timestamp":"2026-09-17T11:58:58.038642Z","level":"INFO","message":"invocation finished","invocation_id":"inv_01m2qkqp4j1b11gs455jm5g5gt","status":"succeeded (async run)","handler_ms":2,"environment_boot_ms":13,"runtime_init_ms":16,"target":"tachyon_serverless_application::services::invoke"}
{"timestamp":"2026-09-17T11:58:58.041048Z","level":"INFO","message":"terminating bridge","environment_id":"env_01m2qkqxf33d0sbfr4rybdj929","pid":3778,"reason":"Completed","graceful":true,"target":"tachyon_serverless_provider_process"}
{"timestamp":"2026-09-17T11:58:58.052324Z","level":"INFO","message":"asynchronous invocation settled","invocation_id":"inv_01m2qkqp4j1b11gs455jm5g5gt","status":"succeeded","target":"tachyon_serverless_application::services::invoke_async::dispatch"}
{"timestamp":"2026-09-17T11:58:58.054135Z","level":"INFO","message":"invocation finished","invocation_id":"inv_01m2qkqxfh83vqhs2dxcbp34sg","status":"succeeded","handler_ms":2,"environment_boot_ms":10,"runtime_init_ms":15,"target":"tachyon_serverless_application::services::invoke"}
{"timestamp":"2026-09-17T11:58:58.055275Z","level":"INFO","message":"invocation finished","invocation_id":"inv_01m2qkqr321n6vcjqbdcf1fcqy","status":"succeeded (async run)","handler_ms":3,"environment_boot_ms":9,"runtime_init_ms":15,"target":"tachyon_serverless_application::services::invoke"}
{"timestamp":"2026-09-17T11:58:58.060804Z","level":"INFO","message":"async dispatch: delivery handled","message_id":"inv_01m2qkqp4j1b11gs455jm5g5gt","sequence":21,"delivery_count":1,"outcome":"Completed { status: \"succeeded\" }","target":"tachyon_serverless_application::services::invoke_async::dispatch"}
{"timestamp":"2026-09-17T11:58:58.062591Z","level":"INFO","message":"terminating bridge","environment_id":"env_01m2qkqxfr893wj7f4jngspmx1","pid":3780,"reason":"Completed","graceful":true,"target":"tachyon_serverless_provider_process"}
{"timestamp":"2026-09-17T11:58:58.063478Z","level":"INFO","message":"terminating bridge","environment_id":"env_01m2qkqxfvdhzdpawjm35gj8aa","pid":3781,"reason":"Completed","graceful":true,"target":"tachyon_serverless_provider_process"}
{"timestamp":"2026-09-17T11:58:58.068696Z","level":"INFO","message":"asynchronous run claimed","invocation_id":"inv_01m2qkqt1hpn4dqtb5dcp1dzmr","attempt":1,"generation":0,"delivery_count":1,"target":"tachyon_serverless_application::services::invoke_async::dispatch"}
{"timestamp":"2026-09-17T11:58:58.081206Z","level":"INFO","message":"asynchronous invocation settled","invocation_id":"inv_01m2qkqr321n6vcjqbdcf1fcqy","status":"succeeded","target":"tachyon_serverless_application::services::invoke_async::dispatch"}
{"timestamp":"2026-09-17T11:58:58.094597Z","level":"INFO","message":"async dispatch: delivery handled","message_id":"inv_01m2qkqr321n6vcjqbdcf1fcqy","sequence":22,"delivery_count":1,"outcome":"Completed { status: \"succeeded\" }","target":"tachyon_serverless_application::services::invoke_async::dispatch"}
{"timestamp":"2026-09-17T11:58:58.096391Z","level":"INFO","message":"asynchronous run claimed","invocation_id":"inv_01m2qkqw03bq87gj56wrccea5n","attempt":1,"generation":0,"delivery_count":1,"target":"tachyon_serverless_application::services::invoke_async::dispatch"}
{"timestamp":"2026-09-17T11:58:58.261567Z","level":"INFO","message":"asynchronous invocation accepted","invocation_id":"inv_01m2qkqy6m78020sej4tqgb1zd","tenant_id":"tn_01hzzzzzzzzzzzzzzzzzzzzzza","revision_id":"rev_01m2qkq5m8x5gx0xxtygfy6cxd","input_bytes":48,"input_storage":"inline","target":"tachyon_serverless_application::services::invoke_async"}
{"timestamp":"2026-09-17T11:58:58.415967Z","level":"INFO","message":"object retention pass","report":"GcReport { examined: 7, collected_expired: 0, collected_orphans: 0, kept_in_use: 0, kept_referenced: 7, incomplete_removed: 0, tombstones_purged: 0, failed: 0 }","target":"tachyon_serverless_gateway"}
{"timestamp":"2026-09-17T11:58:58.481873Z","level":"INFO","message":"asynchronous invocation accepted","invocation_id":"inv_01m2qkqycs7j96qmeanxtkq8k6","tenant_id":"tn_01hzzzzzzzzzzzzzzzzzzzzzza","revision_id":"rev_01m2qkq5m8x5gx0xxtygfy6cxd","input_bytes":4128,"input_storage":"object","target":"tachyon_serverless_application::services::invoke_async"}
{"timestamp":"2026-09-17T11:58:58.508507Z","level":"INFO","message":"bridge spawned","environment_id":"env_01m2qkqy0nk06rc8s32v8hq3z6","pid":3834,"target":"tachyon_serverless_provider_process"}
{"timestamp":"2026-09-17T11:58:58.540990Z","level":"INFO","message":"invocation finished","invocation_id":"inv_01m2qkqt1hpn4dqtb5dcp1dzmr","status":"succeeded (async run)","handler_ms":2,"environment_boot_ms":10,"runtime_init_ms":17,"target":"tachyon_serverless_application::services::invoke"}
{"timestamp":"2026-09-17T11:58:58.543432Z","level":"INFO","message":"terminating bridge","environment_id":"env_01m2qkqy0nk06rc8s32v8hq3z6","pid":3834,"reason":"Completed","graceful":true,"target":"tachyon_serverless_provider_process"}
{"timestamp":"2026-09-17T11:58:58.552968Z","level":"INFO","message":"asynchronous invocation settled","invocation_id":"inv_01m2qkqt1hpn4dqtb5dcp1dzmr","status":"succeeded","target":"tachyon_serverless_application::services::invoke_async::dispatch"}
{"timestamp":"2026-09-17T11:58:58.559770Z","level":"INFO","message":"async dispatch: delivery handled","message_id":"inv_01m2qkqt1hpn4dqtb5dcp1dzmr","sequence":23,"delivery_count":1,"outcome":"Completed { status: \"succeeded\" }","target":"tachyon_serverless_application::services::invoke_async::dispatch"}
{"timestamp":"2026-09-17T11:58:58.566258Z","level":"INFO","message":"asynchronous run claimed","invocation_id":"inv_01m2qkqxyhwc9da4qvjpgr7zs9","attempt":1,"generation":0,"delivery_count":1,"target":"tachyon_serverless_application::services::invoke_async::dispatch"}
{"timestamp":"2026-09-17T11:58:58.567875Z","level":"INFO","message":"bridge spawned","environment_id":"env_01m2qkqy1hpv8dbsyx7s92qqm7","pid":3854,"target":"tachyon_serverless_provider_process"}
{"timestamp":"2026-09-17T11:58:58.607964Z","level":"INFO","message":"invocation finished","invocation_id":"inv_01m2qkqw03bq87gj56wrccea5n","status":"succeeded (async run)","handler_ms":2,"environment_boot_ms":14,"runtime_init_ms":22,"target":"tachyon_serverless_application::services::invoke"}
{"timestamp":"2026-09-17T11:58:58.609400Z","level":"INFO","message":"asynchronous invocation accepted","invocation_id":"inv_01m2qkqyhebamxf80yj77rp602","tenant_id":"tn_01hzzzzzzzzzzzzzzzzzzzzzza","revision_id":"rev_01m2qkq6abnn0jsq0sbm7hg3kx","input_bytes":191,"input_storage":"inline","target":"tachyon_serverless_application::services::invoke_async"}
{"timestamp":"2026-09-17T11:58:58.609468Z","level":"INFO","message":"webhook trigger fired","trigger_id":"trg_01m2qkq79jfc4360q95tndarwp","event_id":"evt-post-w1","invocation_id":"inv_01m2qkqyhebamxf80yj77rp602","revision_id":"rev_01m2qkq6abnn0jsq0sbm7hg3kx","replayed":false,"target":"tachyon_serverless_application::services::triggers"}
{"timestamp":"2026-09-17T11:58:58.609926Z","level":"INFO","message":"terminating bridge","environment_id":"env_01m2qkqy1hpv8dbsyx7s92qqm7","pid":3854,"reason":"Completed","graceful":true,"target":"tachyon_serverless_provider_process"}
{"timestamp":"2026-09-17T11:58:58.622948Z","level":"INFO","message":"asynchronous invocation settled","invocation_id":"inv_01m2qkqw03bq87gj56wrccea5n","status":"succeeded","target":"tachyon_serverless_application::services::invoke_async::dispatch"}
{"timestamp":"2026-09-17T11:58:58.629905Z","level":"INFO","message":"async dispatch: delivery handled","message_id":"inv_01m2qkqw03bq87gj56wrccea5n","sequence":24,"delivery_count":1,"outcome":"Completed { status: \"succeeded\" }","target":"tachyon_serverless_application::services::invoke_async::dispatch"}
{"timestamp":"2026-09-17T11:58:58.633234Z","level":"INFO","message":"asynchronous run claimed","invocation_id":"inv_01m2qkqy6m78020sej4tqgb1zd","attempt":1,"generation":0,"delivery_count":1,"target":"tachyon_serverless_application::services::invoke_async::dispatch"}
{"timestamp":"2026-09-17T11:58:58.690266Z","level":"INFO","message":"trigger updated","trigger_id":"trg_01m2qkq794wpn649n0gn8jv1xm","generation":2,"status":"disabled","next_fire_at":"None","rotated_secret":false,"target":"tachyon_serverless_application::services::triggers"}
{"timestamp":"2026-09-17T11:58:58.947611Z","level":"INFO","message":"bridge spawned","environment_id":"env_01m2qkqyg73g9str60w2v6q811","pid":3906,"target":"tachyon_serverless_provider_process"}
{"timestamp":"2026-09-17T11:58:58.974609Z","level":"INFO","message":"invocation finished","invocation_id":"inv_01m2qkqxyhwc9da4qvjpgr7zs9","status":"succeeded (async run)","handler_ms":1,"environment_boot_ms":10,"runtime_init_ms":14,"target":"tachyon_serverless_application::services::invoke"}
{"timestamp":"2026-09-17T11:58:58.976728Z","level":"INFO","message":"terminating bridge","environment_id":"env_01m2qkqyg73g9str60w2v6q811","pid":3906,"reason":"Completed","graceful":true,"target":"tachyon_serverless_provider_process"}
{"timestamp":"2026-09-17T11:58:58.984014Z","level":"INFO","message":"asynchronous invocation settled","invocation_id":"inv_01m2qkqxyhwc9da4qvjpgr7zs9","status":"succeeded","target":"tachyon_serverless_application::services::invoke_async::dispatch"}
{"timestamp":"2026-09-17T11:58:58.990968Z","level":"INFO","message":"async dispatch: delivery handled","message_id":"inv_01m2qkqxyhwc9da4qvjpgr7zs9","sequence":25,"delivery_count":1,"outcome":"Completed { status: \"succeeded\" }","target":"tachyon_serverless_application::services::invoke_async::dispatch"}
{"timestamp":"2026-09-17T11:58:58.997874Z","level":"INFO","message":"asynchronous run claimed","invocation_id":"inv_01m2qkqycs7j96qmeanxtkq8k6","attempt":1,"generation":0,"delivery_count":1,"target":"tachyon_serverless_application::services::invoke_async::dispatch"}
{"timestamp":"2026-09-17T11:58:59.014990Z","level":"INFO","message":"bridge spawned","environment_id":"env_01m2qkqyjatnnnhs7bbp3w407h","pid":3909,"target":"tachyon_serverless_provider_process"}
{"timestamp":"2026-09-17T11:58:59.040384Z","level":"INFO","message":"invocation finished","invocation_id":"inv_01m2qkqy6m78020sej4tqgb1zd","status":"succeeded (async run)","handler_ms":2,"environment_boot_ms":10,"runtime_init_ms":12,"target":"tachyon_serverless_application::services::invoke"}
{"timestamp":"2026-09-17T11:58:59.042363Z","level":"INFO","message":"terminating bridge","environment_id":"env_01m2qkqyjatnnnhs7bbp3w407h","pid":3909,"reason":"Completed","graceful":true,"target":"tachyon_serverless_provider_process"}
{"timestamp":"2026-09-17T11:58:59.048081Z","level":"INFO","message":"asynchronous invocation settled","invocation_id":"inv_01m2qkqy6m78020sej4tqgb1zd","status":"succeeded","target":"tachyon_serverless_application::services::invoke_async::dispatch"}
{"timestamp":"2026-09-17T11:58:59.053840Z","level":"INFO","message":"async dispatch: delivery handled","message_id":"inv_01m2qkqy6m78020sej4tqgb1zd","sequence":26,"delivery_count":1,"outcome":"Completed { status: \"succeeded\" }","target":"tachyon_serverless_application::services::invoke_async::dispatch"}
{"timestamp":"2026-09-17T11:58:59.054782Z","level":"INFO","message":"asynchronous run claimed","invocation_id":"inv_01m2qkqyhebamxf80yj77rp602","attempt":1,"generation":0,"delivery_count":1,"target":"tachyon_serverless_application::services::invoke_async::dispatch"}
{"timestamp":"2026-09-17T11:58:59.368058Z","level":"INFO","message":"bridge spawned","environment_id":"env_01m2qkqyxsvcfq4n65n14wpnf6","pid":3911,"target":"tachyon_serverless_provider_process"}
{"timestamp":"2026-09-17T11:58:59.395044Z","level":"INFO","message":"invocation finished","invocation_id":"inv_01m2qkqycs7j96qmeanxtkq8k6","status":"succeeded (async run)","handler_ms":2,"environment_boot_ms":10,"runtime_init_ms":12,"target":"tachyon_serverless_application::services::invoke"}
{"timestamp":"2026-09-17T11:58:59.397195Z","level":"INFO","message":"terminating bridge","environment_id":"env_01m2qkqyxsvcfq4n65n14wpnf6","pid":3911,"reason":"Completed","graceful":true,"target":"tachyon_serverless_provider_process"}
{"timestamp":"2026-09-17T11:58:59.404545Z","level":"INFO","message":"asynchronous invocation settled","invocation_id":"inv_01m2qkqycs7j96qmeanxtkq8k6","status":"succeeded","target":"tachyon_serverless_application::services::invoke_async::dispatch"}
{"timestamp":"2026-09-17T11:58:59.410277Z","level":"INFO","message":"async dispatch: delivery handled","message_id":"inv_01m2qkqycs7j96qmeanxtkq8k6","sequence":27,"delivery_count":1,"outcome":"Completed { status: \"succeeded\" }","target":"tachyon_serverless_application::services::invoke_async::dispatch"}
{"timestamp":"2026-09-17T11:58:59.415822Z","level":"INFO","message":"bridge spawned","environment_id":"env_01m2qkqyzf80aazrv48j1f6jjf","pid":3913,"target":"tachyon_serverless_provider_process"}
{"timestamp":"2026-09-17T11:58:59.440757Z","level":"INFO","message":"invocation finished","invocation_id":"inv_01m2qkqyhebamxf80yj77rp602","status":"succeeded (async run)","handler_ms":1,"environment_boot_ms":13,"runtime_init_ms":12,"target":"tachyon_serverless_application::services::invoke"}
{"timestamp":"2026-09-17T11:58:59.442767Z","level":"INFO","message":"terminating bridge","environment_id":"env_01m2qkqyzf80aazrv48j1f6jjf","pid":3913,"reason":"Completed","graceful":true,"target":"tachyon_serverless_provider_process"}
{"timestamp":"2026-09-17T11:58:59.448621Z","level":"INFO","message":"asynchronous invocation settled","invocation_id":"inv_01m2qkqyhebamxf80yj77rp602","status":"succeeded","target":"tachyon_serverless_application::services::invoke_async::dispatch"}
{"timestamp":"2026-09-17T11:58:59.455903Z","level":"INFO","message":"async dispatch: delivery handled","message_id":"inv_01m2qkqyhebamxf80yj77rp602","sequence":28,"delivery_count":1,"outcome":"Completed { status: \"succeeded\" }","target":"tachyon_serverless_application::services::invoke_async::dispatch"}
{"timestamp":"2026-09-17T11:59:00.402514Z","level":"INFO","message":"object retention pass","report":"GcReport { examined: 7, collected_expired: 0, collected_orphans: 0, kept_in_use: 0, kept_referenced: 7, incomplete_removed: 0, tombstones_purged: 0, failed: 0 }","target":"tachyon_serverless_gateway"}
{"timestamp":"2026-09-17T11:59:01.522965Z","level":"INFO","message":"SIGTERM received","target":"tachyon_serverless_gateway"}
{"timestamp":"2026-09-17T11:59:01.523011Z","level":"INFO","message":"shutdown requested; cancelling in-flight invocations","target":"tachyon_serverless_gateway"}
{"timestamp":"2026-09-17T11:59:01.523304Z","level":"INFO","message":"final usage collection","report":"CollectReport { batches: 0, read: 0, inserted: 0, duplicates: 0, cursor_seq: 150 }","target":"tachyon_serverless_gateway"}
{"timestamp":"2026-09-17T11:59:01.525143Z","level":"INFO","message":"gateway stopped","target":"tachyon_serverless_gateway"}
{"timestamp":"2026-09-17T11:59:01.525368Z","level":"INFO","message":"event: closed","target":"async_nats"}
