[chaos stale_owner_sync_lease] begin (SIGSTOP gateway A holding a sync slot lease past expiry; B on the same data_dir reclaims; SIGCONT A) work=/home/takanorifukuyama.guest/w/tsls-chaos.zyn2rq
[chaos stale_owner_sync_lease]   ok   setup.a_owns_the_running_invocation invocation=inv_01m2r0vmbpnr2t37tjmhs57pg6 owner=dsp_01m2r0sj9ew98ne830aty7xczy a=dsp_01m2r0sj9ew98ne830aty7xczy env=env_01m2r0vmbyjry1p2zhtzm6b48v
[chaos stale_owner_sync_lease] fault injected
[chaos stale_owner_sync_lease]   FAIL reclaim.b_settles_as_outcome_unknown status=null Host.AuthLeaseExpired after 39572 ms
[chaos stale_owner_sync_lease]   FAIL reclaim.not_before_lease_expiry_plus_skew lease_expires_at+reclaimed_at=[2026-09-17T15:48:33.900751257Z ] reclaimed -1 ms after expiry (skew 500 ms); 39572 ms after SIGSTOP
[chaos stale_owner_sync_lease]   FAIL reclaim.fenced_environment_terminated env=env_01m2r0vmbyjry1p2zhtzm6b48v state=busy processes=4
[chaos stale_owner_sync_lease] fault removed
[chaos stale_owner_sync_lease]   FAIL fencing.late_completion_does_not_overwrite invocation running:0::914 -> succeeded:1:2026-09-17T15:50:45.462949001Z:1091; attempts unchanged=no
[chaos stale_owner_sync_lease]   ok   fencing.a_is_fenced readyz=503 fenced=true
[chaos stale_owner_sync_lease]   ok   fencing.a_refuses_new_invocations code=503 error_type=null
[chaos stale_owner_sync_lease]   FAIL fencing.b_keeps_serving code=503
[chaos stale_owner_sync_lease] converged
[chaos stale_owner_sync_lease]   ok   workload.sync_ok sync_200_with_secret=1/1
[chaos stale_owner_sync_lease]   ok   workload.async_accepted accepted=3 refused=0
[chaos stale_owner_sync_lease]   ok   cv.accepted_never_lost accepted=9 missing_rows=0
[chaos stale_owner_sync_lease]   ok   cv.accepted_all_terminal accepted=9 not_terminal=0
[chaos stale_owner_sync_lease]   ok   cv.outcome_per_policy unexpected_outcomes=0 expected_failures=0
[chaos stale_owner_sync_lease]   ok   cv.one_outcome_per_invocation invocations_with_>1_dead_letter=0 succeeded_but_dead_lettered=0 invocations_with_>1_succeeded_attempt=0 (re-executions, recorded)
[chaos stale_owner_sync_lease]   ok   cv.side_effect_exactly_once orders_not_applied_exactly_once=0 executions=6
[chaos stale_owner_sync_lease]   ok   cv.outbox_drained unsent_outbox_rows=0
[chaos stale_owner_sync_lease]   ok   cv.ledger_all_terminal invocations=34 non_terminal=0 by_status=succeeded:34
[chaos stale_owner_sync_lease]   ok   cv.jetstream_drained pending=0 ack_pending=0 stream_messages=0 redelivered=0
[chaos stale_owner_sync_lease]   ok   cv.cron_each_time_once fires=21 distinct_times=21
[chaos stale_owner_sync_lease]   ok   cv.usage_counted_once journal_pending=0 ledger_events=122 distinct=122 attempts_settled_twice=0 duplicates_ignored=1
[chaos stale_owner_sync_lease]   ok   cv.usage_from_cgroup_accounting_or_unknown environment_stopped=7 provider_reported=6 unknown=1 other=0; terminal environments=11, without a stop event=4 (known gaps, docs/failure-matrix.md §8)
[chaos stale_owner_sync_lease]   ok   cv.graceful_stop_exit_0 exit=0
[chaos stale_owner_sync_lease]   ok   cv.no_orphan_processes bridge_or_user_processes=0 env_dirs=0
[chaos stale_owner_sync_lease]   ok   cv.no_open_environments non_terminal_environment_rows=0
[chaos stale_owner_sync_lease]   ok   cv.no_secret_value_on_disk files_containing_the_secret_value=0 (config excluded; /home/takanorifukuyama.guest/w/tsls-chaos.zyn2rq (data_dir, provider workdir with function/scratch drives, console and fc logs, snapshots) /srv/jailer (jails))
[chaos stale_owner_sync_lease]   ok   cv.no_vmm_jail_cgroup_tap_or_table_left firecracker/jailer processes, /sys/fs/cgroup/tachyon/*, /srv/jailer/firecracker/*, tsls* taps, table inet tachyon_egress: 0
