
===== a start (failpoints: none) 04:04:35 =====
{"timestamp":"2026-09-18T04:04:35.108197Z","level":"INFO","message":"configuration loaded","config":"/home/takanorifukuyama.guest/w/tsls-chaos.0JKJjM/gw-a.toml","target":"tachyon_serverless_gateway"}
{"timestamp":"2026-09-18T04:04:35.110781Z","level":"INFO","message":"connected successfully","server":"44611","max_payload":"1048576","target":"async_nats::connector"}
{"timestamp":"2026-09-18T04:04:35.110896Z","level":"INFO","message":"event: connected","target":"async_nats"}
{"timestamp":"2026-09-18T04:04:35.117626Z","level":"INFO","message":"JetStream queue connected and stream bootstrapped","url":"nats://127.0.0.1:44611","stream":"TACHYON_EVENTS","target":"tachyon_serverless_gateway::durable"}
{"timestamp":"2026-09-18T04:04:35.131753Z","level":"INFO","message":"state store opened","path":"/home/takanorifukuyama.guest/w/tsls-chaos.0JKJjM/data/state.db","schema_version":8,"migrations_applied":"[1, 2, 3, 4, 5, 6, 7, 8]","imported_state_json":"None","settled_invocations":0,"settled_attempts":0,"settled_environments":0,"released_leases":0,"dropped_idempotency_keys":0,"purged_idempotency_keys":0,"outputs_purged":0,"target":"tachyon_serverless_application::app"}
{"timestamp":"2026-09-18T04:04:35.149028Z","level":"INFO","message":"log store opened","path":"/home/takanorifukuyama.guest/w/tsls-chaos.0JKJjM/data/logs/logs.db","healthy":true,"retention_seconds":604800,"max_total_bytes":1073741824,"target":"tachyon_serverless_application::app"}
{"timestamp":"2026-09-18T04:04:35.150131Z","level":"INFO","message":"dispatcher registered","dispatcher_id":"dsp_01m2sb016d4dwe89b6wbqmsw4v","instance":"chaos-a","pid":787619,"lease_ttl_seconds":60,"target":"tachyon_serverless_application::services::dispatcher"}
{"timestamp":"2026-09-18T04:04:35.177730Z","level":"INFO","message":"application bootstrapped","profile":"dev","provider":"process","dev_only":true,"environment_reuse":false,"reuse_verified":false,"reuse_reason":"[pool] enabled is false","reuse_disabled":"Some(Configuration)","idle_quiesce":"unsupported","idle_resume":"unsupported","data_dir":"/home/takanorifukuyama.guest/w/tsls-chaos.0JKJjM/data","store":"sqlite","dispatcher_id":"dsp_01m2sb016d4dwe89b6wbqmsw4v","node":"local","node_region":"none","node_memory_mib":"None","max_concurrency":8,"queue":"nats","objects":"filesystem","invoke_async":true,"triggers":true,"target":"tachyon_serverless_application::app"}
{"timestamp":"2026-09-18T04:04:35.178048Z","level":"INFO","message":"startup reconcile finished","provider":"process","found":0,"adopted":0,"terminated":0,"disowned":0,"failed":0,"lost":0,"foreign":0,"reclaimed_dispatchers":0,"fenced_terminated":0,"fenced_pending":0,"target":"tachyon_serverless_application::services::reconcile"}
{"timestamp":"2026-09-18T04:04:35.178141Z","level":"INFO","message":"gateway listening","addr":"127.0.0.1:52207","profile":"dev","provider":"process","target":"tachyon_serverless_gateway"}
{"timestamp":"2026-09-18T04:04:35.179678Z","level":"INFO","message":"asynchronous dispatcher started","workers":2,"owner":"dsp_01m2sb016d4dwe89b6wbqmsw4v","target":"tachyon_serverless_gateway"}
{"timestamp":"2026-09-18T04:04:40.767114Z","level":"INFO","message":"revision ready","revision_id":"rev_01m2sb05595hk7abcat3pd7vew","function_id":"fn_01m2sb01dw7qne5dcyderc86nr","target":"tachyon_serverless_application::services::revision"}
{"timestamp":"2026-09-18T04:04:45.524801Z","level":"INFO","message":"revision ready","revision_id":"rev_01m2sb09vfx2kqfzvvngc9xhgy","function_id":"fn_01m2sb06stehy902hjv27dmjkd","target":"tachyon_serverless_application::services::revision"}
{"timestamp":"2026-09-18T04:04:50.166510Z","level":"INFO","message":"revision ready","revision_id":"rev_01m2sb0e9jprxc7razmym21grg","function_id":"fn_01m2sb0bc3r4p6jd2wq0y0h337","target":"tachyon_serverless_application::services::revision"}
{"timestamp":"2026-09-18T04:04:50.311873Z","level":"INFO","message":"trigger created","trigger_id":"trg_01m2sb0g02f3bpqgp9r36pn1tm","function_id":"fn_01m2sb06stehy902hjv27dmjkd","kind":"cron","enabled":true,"next_fire_at":"Some(2026-09-18T04:04:52Z)","target":"tachyon_serverless_application::services::triggers"}
{"timestamp":"2026-09-18T04:04:50.323130Z","level":"INFO","message":"trigger created","trigger_id":"trg_01m2sb0g0h8q2wb4cv184x0vqa","function_id":"fn_01m2sb06stehy902hjv27dmjkd","kind":"webhook","enabled":true,"next_fire_at":"None","target":"tachyon_serverless_application::services::triggers"}
{"timestamp":"2026-09-18T04:04:52.008075Z","level":"INFO","message":"asynchronous invocation accepted","invocation_id":"inv_01m2sb0hn37xgj0x4pd0tt7myq","tenant_id":"tn_01hzzzzzzzzzzzzzzzzzzzzzza","revision_id":"rev_01m2sb09vfx2kqfzvvngc9xhgy","input_bytes":180,"input_storage":"inline","target":"tachyon_serverless_application::services::invoke_async"}
{"timestamp":"2026-09-18T04:04:52.008196Z","level":"INFO","message":"cron trigger fired","trigger_id":"trg_01m2sb0g02f3bpqgp9r36pn1tm","scheduled_at":"2026-09-18T04:04:52Z","invocation_id":"inv_01m2sb0hn37xgj0x4pd0tt7myq","revision_id":"rev_01m2sb09vfx2kqfzvvngc9xhgy","replayed":false,"target":"tachyon_serverless_application::services::triggers"}
{"timestamp":"2026-09-18T04:04:52.019214Z","level":"INFO","message":"asynchronous run claimed","invocation_id":"inv_01m2sb0hn37xgj0x4pd0tt7myq","attempt":1,"generation":0,"delivery_count":1,"target":"tachyon_serverless_application::services::invoke_async::dispatch"}
{"timestamp":"2026-09-18T04:04:52.612082Z","level":"INFO","message":"bridge spawned","environment_id":"env_01m2sb0g1866sgttct3md0fep9","pid":788418,"target":"tachyon_serverless_provider_process"}
{"timestamp":"2026-09-18T04:04:52.659562Z","level":"INFO","message":"invocation finished","invocation_id":"inv_01m2sb0g16p6hqpvs4wgs5bpx5","status":"succeeded","handler_ms":4,"environment_boot_ms":7,"runtime_init_ms":10,"target":"tachyon_serverless_application::services::invoke"}
{"timestamp":"2026-09-18T04:04:52.663497Z","level":"INFO","message":"terminating bridge","environment_id":"env_01m2sb0g1866sgttct3md0fep9","pid":788418,"reason":"Completed","graceful":true,"target":"tachyon_serverless_provider_process"}
{"timestamp":"2026-09-18T04:04:52.748273Z","level":"INFO","message":"asynchronous invocation accepted","invocation_id":"inv_01m2sb0jc79eamps4vpfq6e41v","tenant_id":"tn_01hzzzzzzzzzzzzzzzzzzzzzza","revision_id":"rev_01m2sb05595hk7abcat3pd7vew","input_bytes":47,"input_storage":"inline","target":"tachyon_serverless_application::services::invoke_async"}
{"timestamp":"2026-09-18T04:04:52.758661Z","level":"INFO","message":"asynchronous run claimed","invocation_id":"inv_01m2sb0jc79eamps4vpfq6e41v","attempt":1,"generation":0,"delivery_count":1,"target":"tachyon_serverless_application::services::invoke_async::dispatch"}
{"timestamp":"2026-09-18T04:04:52.823852Z","level":"INFO","message":"asynchronous invocation accepted","invocation_id":"inv_01m2sb0jecxvzs4y40950ns3jr","tenant_id":"tn_01hzzzzzzzzzzzzzzzzzzzzzza","revision_id":"rev_01m2sb05595hk7abcat3pd7vew","input_bytes":4127,"input_storage":"object","target":"tachyon_serverless_application::services::invoke_async"}
{"timestamp":"2026-09-18T04:04:52.874247Z","level":"INFO","message":"asynchronous invocation accepted","invocation_id":"inv_01m2sb0jg7zkg74ehqtw83hzm3","tenant_id":"tn_01hzzzzzzzzzzzzzzzzzzzzzza","revision_id":"rev_01m2sb09vfx2kqfzvvngc9xhgy","input_bytes":189,"input_storage":"inline","target":"tachyon_serverless_application::services::invoke_async"}
{"timestamp":"2026-09-18T04:04:52.874357Z","level":"INFO","message":"webhook trigger fired","trigger_id":"trg_01m2sb0g0h8q2wb4cv184x0vqa","event_id":"evt-pre-w1","invocation_id":"inv_01m2sb0jg7zkg74ehqtw83hzm3","revision_id":"rev_01m2sb09vfx2kqfzvvngc9xhgy","replayed":false,"target":"tachyon_serverless_application::services::triggers"}
{"timestamp":"2026-09-18T04:04:54.011035Z","level":"INFO","message":"asynchronous invocation accepted","invocation_id":"inv_01m2sb0kkncs2fn159tk2vc16h","tenant_id":"tn_01hzzzzzzzzzzzzzzzzzzzzzza","revision_id":"rev_01m2sb09vfx2kqfzvvngc9xhgy","input_bytes":180,"input_storage":"inline","target":"tachyon_serverless_application::services::invoke_async"}
{"timestamp":"2026-09-18T04:04:54.011120Z","level":"INFO","message":"cron trigger fired","trigger_id":"trg_01m2sb0g02f3bpqgp9r36pn1tm","scheduled_at":"2026-09-18T04:04:54Z","invocation_id":"inv_01m2sb0kkncs2fn159tk2vc16h","revision_id":"rev_01m2sb09vfx2kqfzvvngc9xhgy","replayed":false,"target":"tachyon_serverless_application::services::triggers"}
{"timestamp":"2026-09-18T04:04:54.325064Z","level":"INFO","message":"bridge spawned","environment_id":"env_01m2sb0hnk36tqw3v2aqk2e2n6","pid":788497,"target":"tachyon_serverless_provider_process"}
{"timestamp":"2026-09-18T04:04:54.348224Z","level":"INFO","message":"invocation finished","invocation_id":"inv_01m2sb0hn37xgj0x4pd0tt7myq","status":"succeeded (async run)","handler_ms":2,"environment_boot_ms":5,"runtime_init_ms":13,"target":"tachyon_serverless_application::services::invoke"}
{"timestamp":"2026-09-18T04:04:54.351489Z","level":"INFO","message":"terminating bridge","environment_id":"env_01m2sb0hnk36tqw3v2aqk2e2n6","pid":788497,"reason":"Completed","graceful":true,"target":"tachyon_serverless_provider_process"}
{"timestamp":"2026-09-18T04:04:54.361128Z","level":"INFO","message":"asynchronous invocation settled","invocation_id":"inv_01m2sb0hn37xgj0x4pd0tt7myq","status":"succeeded","target":"tachyon_serverless_application::services::invoke_async::dispatch"}
{"timestamp":"2026-09-18T04:04:54.364031Z","level":"INFO","message":"async dispatch: delivery handled","message_id":"inv_01m2sb0hn37xgj0x4pd0tt7myq","sequence":1,"delivery_count":1,"outcome":"Completed { status: \"succeeded\" }","target":"tachyon_serverless_application::services::invoke_async::dispatch"}
{"timestamp":"2026-09-18T04:04:54.366385Z","level":"INFO","message":"asynchronous run claimed","invocation_id":"inv_01m2sb0jecxvzs4y40950ns3jr","attempt":1,"generation":0,"delivery_count":1,"target":"tachyon_serverless_application::services::invoke_async::dispatch"}
{"timestamp":"2026-09-18T04:04:55.022600Z","level":"INFO","message":"bridge spawned","environment_id":"env_01m2sb0jcqkqbc1zn6ffb39tjt","pid":788510,"target":"tachyon_serverless_provider_process"}
{"timestamp":"2026-09-18T04:04:55.054017Z","level":"INFO","message":"invocation finished","invocation_id":"inv_01m2sb0jc79eamps4vpfq6e41v","status":"succeeded (async run)","handler_ms":2,"environment_boot_ms":4,"runtime_init_ms":8,"target":"tachyon_serverless_application::services::invoke"}
{"timestamp":"2026-09-18T04:04:55.056951Z","level":"INFO","message":"terminating bridge","environment_id":"env_01m2sb0jcqkqbc1zn6ffb39tjt","pid":788510,"reason":"Completed","graceful":true,"target":"tachyon_serverless_provider_process"}
{"timestamp":"2026-09-18T04:04:55.067372Z","level":"INFO","message":"asynchronous invocation settled","invocation_id":"inv_01m2sb0jc79eamps4vpfq6e41v","status":"succeeded","target":"tachyon_serverless_application::services::invoke_async::dispatch"}
{"timestamp":"2026-09-18T04:04:55.069336Z","level":"INFO","message":"async dispatch: delivery handled","message_id":"inv_01m2sb0jc79eamps4vpfq6e41v","sequence":2,"delivery_count":1,"outcome":"Completed { status: \"succeeded\" }","target":"tachyon_serverless_application::services::invoke_async::dispatch"}
{"timestamp":"2026-09-18T04:04:55.071348Z","level":"INFO","message":"asynchronous run claimed","invocation_id":"inv_01m2sb0jg7zkg74ehqtw83hzm3","attempt":1,"generation":0,"delivery_count":1,"target":"tachyon_serverless_application::services::invoke_async::dispatch"}
{"timestamp":"2026-09-18T04:04:55.084306Z","level":"INFO","message":"bridge spawned","environment_id":"env_01m2sb0jh6p8pn5nhbznb3xav9","pid":788520,"target":"tachyon_serverless_provider_process"}
{"timestamp":"2026-09-18T04:04:55.127969Z","level":"INFO","message":"invocation finished","invocation_id":"inv_01m2sb0jh4fp4r0c2ssf59r7hf","status":"succeeded","handler_ms":3,"environment_boot_ms":3,"runtime_init_ms":29,"target":"tachyon_serverless_application::services::invoke"}
{"timestamp":"2026-09-18T04:04:55.131430Z","level":"INFO","message":"terminating bridge","environment_id":"env_01m2sb0jh6p8pn5nhbznb3xav9","pid":788520,"reason":"Completed","graceful":true,"target":"tachyon_serverless_provider_process"}
{"timestamp":"2026-09-18T04:04:55.180204Z","level":"INFO","message":"asynchronous invocation accepted","invocation_id":"inv_01m2sb0mra40jccqf436zv083j","tenant_id":"tn_01hzzzzzzzzzzzzzzzzzzzzzza","revision_id":"rev_01m2sb05595hk7abcat3pd7vew","input_bytes":47,"input_storage":"inline","target":"tachyon_serverless_application::services::invoke_async"}
{"timestamp":"2026-09-18T04:04:55.225545Z","level":"INFO","message":"asynchronous invocation accepted","invocation_id":"inv_01m2sb0msjjgwphcg3cnhrt262","tenant_id":"tn_01hzzzzzzzzzzzzzzzzzzzzzza","revision_id":"rev_01m2sb05595hk7abcat3pd7vew","input_bytes":4127,"input_storage":"object","target":"tachyon_serverless_application::services::invoke_async"}
{"timestamp":"2026-09-18T04:04:55.260692Z","level":"INFO","message":"asynchronous invocation accepted","invocation_id":"inv_01m2sb0mtth4py62b15ph223fm","tenant_id":"tn_01hzzzzzzzzzzzzzzzzzzzzzza","revision_id":"rev_01m2sb09vfx2kqfzvvngc9xhgy","input_bytes":189,"input_storage":"inline","target":"tachyon_serverless_application::services::invoke_async"}
{"timestamp":"2026-09-18T04:04:55.260807Z","level":"INFO","message":"webhook trigger fired","trigger_id":"trg_01m2sb0g0h8q2wb4cv184x0vqa","event_id":"evt-pre-w2","invocation_id":"inv_01m2sb0mtth4py62b15ph223fm","revision_id":"rev_01m2sb09vfx2kqfzvvngc9xhgy","replayed":false,"target":"tachyon_serverless_application::services::triggers"}
{"timestamp":"2026-09-18T04:04:56.006125Z","level":"INFO","message":"asynchronous invocation accepted","invocation_id":"inv_01m2sb0nj4gcwenqkvneddj571","tenant_id":"tn_01hzzzzzzzzzzzzzzzzzzzzzza","revision_id":"rev_01m2sb09vfx2kqfzvvngc9xhgy","input_bytes":180,"input_storage":"inline","target":"tachyon_serverless_application::services::invoke_async"}
{"timestamp":"2026-09-18T04:04:56.006201Z","level":"INFO","message":"cron trigger fired","trigger_id":"trg_01m2sb0g02f3bpqgp9r36pn1tm","scheduled_at":"2026-09-18T04:04:56Z","invocation_id":"inv_01m2sb0nj4gcwenqkvneddj571","revision_id":"rev_01m2sb09vfx2kqfzvvngc9xhgy","replayed":false,"target":"tachyon_serverless_application::services::triggers"}
{"timestamp":"2026-09-18T04:04:56.284717Z","level":"INFO","message":"bridge spawned","environment_id":"env_01m2sb0kz1pz0jjvgbfczmxrby","pid":788621,"target":"tachyon_serverless_provider_process"}
{"timestamp":"2026-09-18T04:04:56.318338Z","level":"INFO","message":"invocation finished","invocation_id":"inv_01m2sb0jecxvzs4y40950ns3jr","status":"succeeded (async run)","handler_ms":3,"environment_boot_ms":3,"runtime_init_ms":9,"target":"tachyon_serverless_application::services::invoke"}
{"timestamp":"2026-09-18T04:04:56.321699Z","level":"INFO","message":"terminating bridge","environment_id":"env_01m2sb0kz1pz0jjvgbfczmxrby","pid":788621,"reason":"Completed","graceful":true,"target":"tachyon_serverless_provider_process"}
{"timestamp":"2026-09-18T04:04:56.331046Z","level":"INFO","message":"asynchronous invocation settled","invocation_id":"inv_01m2sb0jecxvzs4y40950ns3jr","status":"succeeded","target":"tachyon_serverless_application::services::invoke_async::dispatch"}
{"timestamp":"2026-09-18T04:04:56.332735Z","level":"INFO","message":"async dispatch: delivery handled","message_id":"inv_01m2sb0jecxvzs4y40950ns3jr","sequence":3,"delivery_count":1,"outcome":"Completed { status: \"succeeded\" }","target":"tachyon_serverless_application::services::invoke_async::dispatch"}
{"timestamp":"2026-09-18T04:04:56.335170Z","level":"INFO","message":"asynchronous run claimed","invocation_id":"inv_01m2sb0kkncs2fn159tk2vc16h","attempt":1,"generation":0,"delivery_count":1,"target":"tachyon_serverless_application::services::invoke_async::dispatch"}
{"timestamp":"2026-09-18T04:04:57.025241Z","level":"INFO","message":"bridge spawned","environment_id":"env_01m2sb0mmzf7sxg9qsj0jnm2bt","pid":788631,"target":"tachyon_serverless_provider_process"}
{"timestamp":"2026-09-18T04:04:57.082611Z","level":"INFO","message":"invocation finished","invocation_id":"inv_01m2sb0jg7zkg74ehqtw83hzm3","status":"succeeded (async run)","handler_ms":14,"environment_boot_ms":3,"runtime_init_ms":21,"target":"tachyon_serverless_application::services::invoke"}
{"timestamp":"2026-09-18T04:04:57.092075Z","level":"INFO","message":"terminating bridge","environment_id":"env_01m2sb0mmzf7sxg9qsj0jnm2bt","pid":788631,"reason":"Completed","graceful":true,"target":"tachyon_serverless_provider_process"}
{"timestamp":"2026-09-18T04:04:57.103241Z","level":"INFO","message":"asynchronous invocation settled","invocation_id":"inv_01m2sb0jg7zkg74ehqtw83hzm3","status":"succeeded","target":"tachyon_serverless_application::services::invoke_async::dispatch"}
{"timestamp":"2026-09-18T04:04:57.105301Z","level":"INFO","message":"async dispatch: delivery handled","message_id":"inv_01m2sb0jg7zkg74ehqtw83hzm3","sequence":4,"delivery_count":1,"outcome":"Completed { status: \"succeeded\" }","target":"tachyon_serverless_application::services::invoke_async::dispatch"}
{"timestamp":"2026-09-18T04:04:57.109441Z","level":"INFO","message":"asynchronous run claimed","invocation_id":"inv_01m2sb0mra40jccqf436zv083j","attempt":1,"generation":0,"delivery_count":1,"target":"tachyon_serverless_application::services::invoke_async::dispatch"}
{"timestamp":"2026-09-18T04:04:58.176431Z","level":"INFO","message":"bridge spawned","environment_id":"env_01m2sb0nwf8vsdjt73p4sdsa74","pid":788691,"target":"tachyon_serverless_provider_process"}
{"timestamp":"2026-09-18T04:05:02.615256Z","level":"WARN","message":"cannot take the trigger scheduler lease","error":"store: database is locked","target":"tachyon_serverless_application::services::triggers"}
{"timestamp":"2026-09-18T04:05:02.616224Z","level":"INFO","message":"bridge spawned","environment_id":"env_01m2sb0pmpb7xc2bk7mknt8vpw","pid":788818,"target":"tachyon_serverless_provider_process"}
{"timestamp":"2026-09-18T04:05:03.178601Z","level":"WARN","message":"outbox: claiming failed","error":"store: the store connection stayed busy for 5 s (database locked?)","target":"tachyon_serverless_application::services::invoke_async::publisher"}
{"timestamp":"2026-09-18T04:05:07.617655Z","level":"WARN","message":"async reaper: listing candidates failed","error":"store: the store connection stayed busy for 5 s (database locked?)","target":"tachyon_serverless_application::services::invoke_async::dispatch"}
{"timestamp":"2026-09-18T04:05:07.617659Z","level":"WARN","message":"environment update failed","error":"store: the store connection stayed busy for 5 s (database locked?)","environment_id":"env_01m2sb0nwf8vsdjt73p4sdsa74","target":"tachyon_serverless_application::services::invoke"}
{"timestamp":"2026-09-18T04:05:07.788299Z","level":"WARN","message":"async dispatch: renewing the claim failed","invocation_id":"inv_01m2sb0kkncs2fn159tk2vc16h","error":"store: database is locked","target":"tachyon_serverless_application::services::invoke_async::dispatch"}
{"timestamp":"2026-09-18T04:05:12.618460Z","level":"WARN","message":"async dispatch: renewing the claim failed","invocation_id":"inv_01m2sb0mra40jccqf436zv083j","error":"store: the store connection stayed busy for 5 s (database locked?)","target":"tachyon_serverless_application::services::invoke_async::dispatch"}
{"timestamp":"2026-09-18T04:05:17.417647Z","level":"INFO","message":"object retention pass","report":"GcReport { examined: 2, collected_expired: 0, collected_orphans: 0, kept_in_use: 1, kept_referenced: 1, incomplete_removed: 0, tombstones_purged: 0, failed: 0 }","target":"tachyon_serverless_gateway"}
{"timestamp":"2026-09-18T04:05:17.429863Z","level":"INFO","message":"asynchronous invocation rescheduled","invocation_id":"inv_01m2sb0kkncs2fn159tk2vc16h","next_attempt_at":"2026-09-18T04:05:07.901930760+00:00","counted":true,"error_type":"Host.AsyncRunAbandoned","target":"tachyon_serverless_application::services::invoke_async::dispatch"}
{"timestamp":"2026-09-18T04:05:17.429916Z","level":"WARN","message":"async dispatch: the claim was taken over while running; this run's outcome will be refused","invocation_id":"inv_01m2sb0kkncs2fn159tk2vc16h","target":"tachyon_serverless_application::services::invoke_async::dispatch"}
{"timestamp":"2026-09-18T04:05:17.430100Z","level":"INFO","message":"late scheduled times skipped by the missed-run policy","trigger_id":"trg_01m2sb0g02f3bpqgp9r36pn1tm","skipped":10,"policy":"Skip","target":"tachyon_serverless_application::services::triggers"}
{"timestamp":"2026-09-18T04:05:17.475453Z","level":"INFO","message":"asynchronous invocation rescheduled","invocation_id":"inv_01m2sb0mra40jccqf436zv083j","next_attempt_at":"2026-09-18T04:05:07.738930760+00:00","counted":true,"error_type":"Host.AsyncRunAbandoned","target":"tachyon_serverless_application::services::invoke_async::dispatch"}
{"timestamp":"2026-09-18T04:05:17.475496Z","level":"INFO","message":"async reaper pass","report":"ReapReport { examined: 2, abandoned: 2, republished: 0, dead_lettered: 0, lost: 0, failed: 0 }","target":"tachyon_serverless_application::services::invoke_async::dispatch"}
{"timestamp":"2026-09-18T04:05:17.480530Z","level":"INFO","message":"asynchronous invocation accepted","invocation_id":"inv_01m2sb1ah564wh35j8fnbm2mqc","tenant_id":"tn_01hzzzzzzzzzzzzzzzzzzzzzza","revision_id":"rev_01m2sb05595hk7abcat3pd7vew","input_bytes":49,"input_storage":"inline","target":"tachyon_serverless_application::services::invoke_async"}
{"timestamp":"2026-09-18T04:05:17.498287Z","level":"WARN","message":"async dispatch: the settle lost its fence; nothing written","message_id":"inv_01m2sb0kkncs2fn159tk2vc16h","reason":"the claim of invocation inv_01m2sb0kkncs2fn159tk2vc16h is no longer dsp_01m2sb016d4dwe89b6wbqmsw4v's attempt 1","target":"tachyon_serverless_application::services::invoke_async::dispatch"}
{"timestamp":"2026-09-18T04:05:17.508081Z","level":"INFO","message":"object retention pass","report":"GcReport { examined: 2, collected_expired: 0, collected_orphans: 0, kept_in_use: 1, kept_referenced: 1, incomplete_removed: 0, tombstones_purged: 0, failed: 0 }","target":"tachyon_serverless_gateway"}
{"timestamp":"2026-09-18T04:05:17.508196Z","level":"INFO","message":"async dispatch: delivery handled","message_id":"inv_01m2sb0kkncs2fn159tk2vc16h","sequence":5,"delivery_count":1,"outcome":"LostClaim","target":"tachyon_serverless_application::services::invoke_async::dispatch"}
{"timestamp":"2026-09-18T04:05:17.517685Z","level":"WARN","message":"async dispatch: the claim was taken over while running; this run's outcome will be refused","invocation_id":"inv_01m2sb0mra40jccqf436zv083j","target":"tachyon_serverless_application::services::invoke_async::dispatch"}
{"timestamp":"2026-09-18T04:05:17.525225Z","level":"INFO","message":"async dispatch: delivery handled","message_id":"inv_01m2sb0mra40jccqf436zv083j","sequence":6,"delivery_count":2,"outcome":"Skipped(\"stale_generation\")","target":"tachyon_serverless_application::services::invoke_async::dispatch"}
{"timestamp":"2026-09-18T04:05:17.527253Z","level":"INFO","message":"asynchronous run claimed","invocation_id":"inv_01m2sb0msjjgwphcg3cnhrt262","attempt":1,"generation":0,"delivery_count":1,"target":"tachyon_serverless_application::services::invoke_async::dispatch"}
{"timestamp":"2026-09-18T04:05:17.528336Z","level":"WARN","message":"async dispatch: the settle lost its fence; nothing written","message_id":"inv_01m2sb0mra40jccqf436zv083j","reason":"the claim of invocation inv_01m2sb0mra40jccqf436zv083j is no longer dsp_01m2sb016d4dwe89b6wbqmsw4v's attempt 1","target":"tachyon_serverless_application::services::invoke_async::dispatch"}
{"timestamp":"2026-09-18T04:05:17.528529Z","level":"INFO","message":"async dispatch: delivery handled","message_id":"inv_01m2sb0mra40jccqf436zv083j","sequence":6,"delivery_count":1,"outcome":"LostClaim","target":"tachyon_serverless_application::services::invoke_async::dispatch"}
{"timestamp":"2026-09-18T04:05:17.529429Z","level":"INFO","message":"asynchronous run claimed","invocation_id":"inv_01m2sb0mtth4py62b15ph223fm","attempt":1,"generation":0,"delivery_count":1,"target":"tachyon_serverless_application::services::invoke_async::dispatch"}
{"timestamp":"2026-09-18T04:05:18.004407Z","level":"INFO","message":"asynchronous invocation accepted","invocation_id":"inv_01m2sb1b1jc6n9epb5gm2kvqm5","tenant_id":"tn_01hzzzzzzzzzzzzzzzzzzzzzza","revision_id":"rev_01m2sb09vfx2kqfzvvngc9xhgy","input_bytes":180,"input_storage":"inline","target":"tachyon_serverless_application::services::invoke_async"}
{"timestamp":"2026-09-18T04:05:18.004499Z","level":"INFO","message":"cron trigger fired","trigger_id":"trg_01m2sb0g02f3bpqgp9r36pn1tm","scheduled_at":"2026-09-18T04:05:18Z","invocation_id":"inv_01m2sb1b1jc6n9epb5gm2kvqm5","revision_id":"rev_01m2sb09vfx2kqfzvvngc9xhgy","replayed":false,"target":"tachyon_serverless_application::services::triggers"}
{"timestamp":"2026-09-18T04:05:18.844315Z","level":"INFO","message":"bridge spawned","environment_id":"env_01m2sb1ah3t5pwz0z35mvxygbk","pid":789303,"target":"tachyon_serverless_provider_process"}
{"timestamp":"2026-09-18T04:05:18.871901Z","level":"INFO","message":"invocation finished","invocation_id":"inv_01m2sb1afh4bbpm6k6rmtw88mz","status":"succeeded","handler_ms":4,"environment_boot_ms":3,"runtime_init_ms":6,"target":"tachyon_serverless_application::services::invoke"}
{"timestamp":"2026-09-18T04:05:18.874405Z","level":"INFO","message":"terminating bridge","environment_id":"env_01m2sb1ah3t5pwz0z35mvxygbk","pid":789303,"reason":"Completed","graceful":true,"target":"tachyon_serverless_provider_process"}
{"timestamp":"2026-09-18T04:05:18.903021Z","level":"INFO","message":"bridge spawned","environment_id":"env_01m2sb1ajsj3cxzw3nepgmay9n","pid":789333,"target":"tachyon_serverless_provider_process"}
{"timestamp":"2026-09-18T04:05:18.945897Z","level":"INFO","message":"bridge spawned","environment_id":"env_01m2sb1ajtsbpch3j13xwehsvz","pid":789343,"target":"tachyon_serverless_provider_process"}
{"timestamp":"2026-09-18T04:05:18.950246Z","level":"INFO","message":"invocation finished","invocation_id":"inv_01m2sb0mtth4py62b15ph223fm","status":"succeeded (async run)","handler_ms":10,"environment_boot_ms":1,"runtime_init_ms":18,"target":"tachyon_serverless_application::services::invoke"}
{"timestamp":"2026-09-18T04:05:18.952615Z","level":"INFO","message":"terminating bridge","environment_id":"env_01m2sb1ajsj3cxzw3nepgmay9n","pid":789333,"reason":"Completed","graceful":true,"target":"tachyon_serverless_provider_process"}
{"timestamp":"2026-09-18T04:05:18.971461Z","level":"INFO","message":"asynchronous invocation settled","invocation_id":"inv_01m2sb0mtth4py62b15ph223fm","status":"succeeded","target":"tachyon_serverless_application::services::invoke_async::dispatch"}
{"timestamp":"2026-09-18T04:05:18.972695Z","level":"INFO","message":"async dispatch: delivery handled","message_id":"inv_01m2sb0mtth4py62b15ph223fm","sequence":8,"delivery_count":1,"outcome":"Completed { status: \"succeeded\" }","target":"tachyon_serverless_application::services::invoke_async::dispatch"}
{"timestamp":"2026-09-18T04:05:18.974066Z","level":"INFO","message":"asynchronous run claimed","invocation_id":"inv_01m2sb0nj4gcwenqkvneddj571","attempt":1,"generation":0,"delivery_count":1,"target":"tachyon_serverless_application::services::invoke_async::dispatch"}
{"timestamp":"2026-09-18T04:05:18.975997Z","level":"INFO","message":"invocation finished","invocation_id":"inv_01m2sb0msjjgwphcg3cnhrt262","status":"succeeded (async run)","handler_ms":1,"environment_boot_ms":2,"runtime_init_ms":25,"target":"tachyon_serverless_application::services::invoke"}
{"timestamp":"2026-09-18T04:05:18.977035Z","level":"INFO","message":"terminating bridge","environment_id":"env_01m2sb1ajtsbpch3j13xwehsvz","pid":789343,"reason":"Completed","graceful":true,"target":"tachyon_serverless_provider_process"}
{"timestamp":"2026-09-18T04:05:18.983694Z","level":"INFO","message":"asynchronous invocation settled","invocation_id":"inv_01m2sb0msjjgwphcg3cnhrt262","status":"succeeded","target":"tachyon_serverless_application::services::invoke_async::dispatch"}
{"timestamp":"2026-09-18T04:05:18.984601Z","level":"INFO","message":"async dispatch: delivery handled","message_id":"inv_01m2sb0msjjgwphcg3cnhrt262","sequence":7,"delivery_count":1,"outcome":"Completed { status: \"succeeded\" }","target":"tachyon_serverless_application::services::invoke_async::dispatch"}
{"timestamp":"2026-09-18T04:05:18.985720Z","level":"INFO","message":"asynchronous run claimed","invocation_id":"inv_01m2sb0mra40jccqf436zv083j","attempt":2,"generation":1,"delivery_count":1,"target":"tachyon_serverless_application::services::invoke_async::dispatch"}
{"timestamp":"2026-09-18T04:05:19.080113Z","level":"INFO","message":"object retention pass","report":"GcReport { examined: 2, collected_expired: 0, collected_orphans: 0, kept_in_use: 0, kept_referenced: 2, incomplete_removed: 0, tombstones_purged: 0, failed: 0 }","target":"tachyon_serverless_gateway"}
{"timestamp":"2026-09-18T04:05:20.005302Z","level":"INFO","message":"asynchronous invocation accepted","invocation_id":"inv_01m2sb1d03n44qb3qd8gdx9x37","tenant_id":"tn_01hzzzzzzzzzzzzzzzzzzzzzza","revision_id":"rev_01m2sb09vfx2kqfzvvngc9xhgy","input_bytes":180,"input_storage":"inline","target":"tachyon_serverless_application::services::invoke_async"}
{"timestamp":"2026-09-18T04:05:20.005380Z","level":"INFO","message":"cron trigger fired","trigger_id":"trg_01m2sb0g02f3bpqgp9r36pn1tm","scheduled_at":"2026-09-18T04:05:20Z","invocation_id":"inv_01m2sb1d03n44qb3qd8gdx9x37","revision_id":"rev_01m2sb09vfx2kqfzvvngc9xhgy","replayed":false,"target":"tachyon_serverless_application::services::triggers"}
{"timestamp":"2026-09-18T04:05:20.357069Z","level":"INFO","message":"bridge spawned","environment_id":"env_01m2sb1bzyphdq2m3h7yjdgqne","pid":789404,"target":"tachyon_serverless_provider_process"}
{"timestamp":"2026-09-18T04:05:20.406341Z","level":"INFO","message":"invocation finished","invocation_id":"inv_01m2sb0nj4gcwenqkvneddj571","status":"succeeded (async run)","handler_ms":8,"environment_boot_ms":1,"runtime_init_ms":17,"target":"tachyon_serverless_application::services::invoke"}
{"timestamp":"2026-09-18T04:05:20.408928Z","level":"INFO","message":"terminating bridge","environment_id":"env_01m2sb1bzyphdq2m3h7yjdgqne","pid":789404,"reason":"Completed","graceful":true,"target":"tachyon_serverless_provider_process"}
{"timestamp":"2026-09-18T04:05:20.411757Z","level":"INFO","message":"bridge spawned","environment_id":"env_01m2sb1c094tj5psrzj1x2k28m","pid":789414,"target":"tachyon_serverless_provider_process"}
{"timestamp":"2026-09-18T04:05:20.496200Z","level":"INFO","message":"asynchronous invocation settled","invocation_id":"inv_01m2sb0nj4gcwenqkvneddj571","status":"succeeded","target":"tachyon_serverless_application::services::invoke_async::dispatch"}
{"timestamp":"2026-09-18T04:05:20.497517Z","level":"INFO","message":"async dispatch: delivery handled","message_id":"inv_01m2sb0nj4gcwenqkvneddj571","sequence":9,"delivery_count":1,"outcome":"Completed { status: \"succeeded\" }","target":"tachyon_serverless_application::services::invoke_async::dispatch"}
{"timestamp":"2026-09-18T04:05:20.497972Z","level":"INFO","message":"invocation finished","invocation_id":"inv_01m2sb0mra40jccqf436zv083j","status":"succeeded (async run)","handler_ms":7,"environment_boot_ms":1,"runtime_init_ms":55,"target":"tachyon_serverless_application::services::invoke"}
{"timestamp":"2026-09-18T04:05:20.499117Z","level":"INFO","message":"asynchronous run claimed","invocation_id":"inv_01m2sb0kkncs2fn159tk2vc16h","attempt":2,"generation":1,"delivery_count":1,"target":"tachyon_serverless_application::services::invoke_async::dispatch"}
{"timestamp":"2026-09-18T04:05:20.501286Z","level":"INFO","message":"terminating bridge","environment_id":"env_01m2sb1c094tj5psrzj1x2k28m","pid":789414,"reason":"Completed","graceful":true,"target":"tachyon_serverless_provider_process"}
{"timestamp":"2026-09-18T04:05:20.513478Z","level":"INFO","message":"asynchronous invocation settled","invocation_id":"inv_01m2sb0mra40jccqf436zv083j","status":"succeeded","target":"tachyon_serverless_application::services::invoke_async::dispatch"}
{"timestamp":"2026-09-18T04:05:20.514736Z","level":"INFO","message":"async dispatch: delivery handled","message_id":"inv_01m2sb0mra40jccqf436zv083j.g1","sequence":10,"delivery_count":1,"outcome":"Completed { status: \"succeeded\" }","target":"tachyon_serverless_application::services::invoke_async::dispatch"}
{"timestamp":"2026-09-18T04:05:20.516195Z","level":"INFO","message":"asynchronous run claimed","invocation_id":"inv_01m2sb1ah564wh35j8fnbm2mqc","attempt":1,"generation":0,"delivery_count":1,"target":"tachyon_serverless_application::services::invoke_async::dispatch"}
{"timestamp":"2026-09-18T04:05:20.615193Z","level":"INFO","message":"bridge spawned","environment_id":"env_01m2sb1c72vqx780wbks8pj4ed","pid":789424,"target":"tachyon_serverless_provider_process"}
{"timestamp":"2026-09-18T04:05:20.708127Z","level":"INFO","message":"invocation finished","invocation_id":"inv_01m2sb1c71m8y0watxkmgtcnbc","status":"succeeded","handler_ms":1,"environment_boot_ms":2,"runtime_init_ms":59,"target":"tachyon_serverless_application::services::invoke"}
{"timestamp":"2026-09-18T04:05:20.710222Z","level":"INFO","message":"terminating bridge","environment_id":"env_01m2sb1c72vqx780wbks8pj4ed","pid":789424,"reason":"Completed","graceful":true,"target":"tachyon_serverless_provider_process"}
{"timestamp":"2026-09-18T04:05:21.080394Z","level":"INFO","message":"object retention pass","report":"GcReport { examined: 2, collected_expired: 0, collected_orphans: 0, kept_in_use: 0, kept_referenced: 2, incomplete_removed: 0, tombstones_purged: 0, failed: 0 }","target":"tachyon_serverless_gateway"}
{"timestamp":"2026-09-18T04:05:22.006220Z","level":"INFO","message":"asynchronous invocation accepted","invocation_id":"inv_01m2sb1eymj3vpj42vpf6hqa6y","tenant_id":"tn_01hzzzzzzzzzzzzzzzzzzzzzza","revision_id":"rev_01m2sb09vfx2kqfzvvngc9xhgy","input_bytes":180,"input_storage":"inline","target":"tachyon_serverless_application::services::invoke_async"}
{"timestamp":"2026-09-18T04:05:22.006308Z","level":"INFO","message":"cron trigger fired","trigger_id":"trg_01m2sb0g02f3bpqgp9r36pn1tm","scheduled_at":"2026-09-18T04:05:22Z","invocation_id":"inv_01m2sb1eymj3vpj42vpf6hqa6y","revision_id":"rev_01m2sb09vfx2kqfzvvngc9xhgy","replayed":false,"target":"tachyon_serverless_application::services::triggers"}
{"timestamp":"2026-09-18T04:05:22.054835Z","level":"INFO","message":"bridge spawned","environment_id":"env_01m2sb1dfnzp4fmfhnkqy14npq","pid":789472,"target":"tachyon_serverless_provider_process"}
{"timestamp":"2026-09-18T04:05:22.084815Z","level":"INFO","message":"invocation finished","invocation_id":"inv_01m2sb0kkncs2fn159tk2vc16h","status":"succeeded (async run)","handler_ms":6,"environment_boot_ms":2,"runtime_init_ms":8,"target":"tachyon_serverless_application::services::invoke"}
{"timestamp":"2026-09-18T04:05:22.086031Z","level":"INFO","message":"terminating bridge","environment_id":"env_01m2sb1dfnzp4fmfhnkqy14npq","pid":789472,"reason":"Completed","graceful":true,"target":"tachyon_serverless_provider_process"}
{"timestamp":"2026-09-18T04:05:22.093275Z","level":"INFO","message":"asynchronous invocation settled","invocation_id":"inv_01m2sb0kkncs2fn159tk2vc16h","status":"succeeded","target":"tachyon_serverless_application::services::invoke_async::dispatch"}
{"timestamp":"2026-09-18T04:05:22.094640Z","level":"INFO","message":"async dispatch: delivery handled","message_id":"inv_01m2sb0kkncs2fn159tk2vc16h.g1","sequence":11,"delivery_count":1,"outcome":"Completed { status: \"succeeded\" }","target":"tachyon_serverless_application::services::invoke_async::dispatch"}
{"timestamp":"2026-09-18T04:05:22.097739Z","level":"INFO","message":"asynchronous run claimed","invocation_id":"inv_01m2sb1b1jc6n9epb5gm2kvqm5","attempt":1,"generation":0,"delivery_count":1,"target":"tachyon_serverless_application::services::invoke_async::dispatch"}
{"timestamp":"2026-09-18T04:05:22.116985Z","level":"INFO","message":"bridge spawned","environment_id":"env_01m2sb1dg5njt0r1rjv7qn0gcx","pid":789482,"target":"tachyon_serverless_provider_process"}
{"timestamp":"2026-09-18T04:05:22.167031Z","level":"INFO","message":"invocation finished","invocation_id":"inv_01m2sb1ah564wh35j8fnbm2mqc","status":"succeeded (async run)","handler_ms":1,"environment_boot_ms":2,"runtime_init_ms":23,"target":"tachyon_serverless_application::services::invoke"}
{"timestamp":"2026-09-18T04:05:22.169525Z","level":"INFO","message":"terminating bridge","environment_id":"env_01m2sb1dg5njt0r1rjv7qn0gcx","pid":789482,"reason":"Completed","graceful":true,"target":"tachyon_serverless_provider_process"}
{"timestamp":"2026-09-18T04:05:22.177200Z","level":"INFO","message":"asynchronous invocation settled","invocation_id":"inv_01m2sb1ah564wh35j8fnbm2mqc","status":"succeeded","target":"tachyon_serverless_application::services::invoke_async::dispatch"}
{"timestamp":"2026-09-18T04:05:22.178420Z","level":"INFO","message":"async dispatch: delivery handled","message_id":"inv_01m2sb1ah564wh35j8fnbm2mqc","sequence":12,"delivery_count":1,"outcome":"Completed { status: \"succeeded\" }","target":"tachyon_serverless_application::services::invoke_async::dispatch"}
{"timestamp":"2026-09-18T04:05:22.179584Z","level":"INFO","message":"asynchronous run claimed","invocation_id":"inv_01m2sb1d03n44qb3qd8gdx9x37","attempt":1,"generation":0,"delivery_count":1,"target":"tachyon_serverless_application::services::invoke_async::dispatch"}
{"timestamp":"2026-09-18T04:05:22.371866Z","level":"INFO","message":"bridge spawned","environment_id":"env_01m2sb1drc2qnn88k9r5p10tee","pid":789492,"target":"tachyon_serverless_provider_process"}
{"timestamp":"2026-09-18T04:05:22.429286Z","level":"INFO","message":"invocation finished","invocation_id":"inv_01m2sb1drbq4m1tnz0gx40bwcw","status":"succeeded","handler_ms":1,"environment_boot_ms":3,"runtime_init_ms":33,"target":"tachyon_serverless_application::services::invoke"}
{"timestamp":"2026-09-18T04:05:22.431959Z","level":"INFO","message":"terminating bridge","environment_id":"env_01m2sb1drc2qnn88k9r5p10tee","pid":789492,"reason":"Completed","graceful":true,"target":"tachyon_serverless_provider_process"}
{"timestamp":"2026-09-18T04:05:22.469131Z","level":"INFO","message":"asynchronous invocation accepted","invocation_id":"inv_01m2sb1fd3b78hp1rztafswbtf","tenant_id":"tn_01hzzzzzzzzzzzzzzzzzzzzzza","revision_id":"rev_01m2sb05595hk7abcat3pd7vew","input_bytes":48,"input_storage":"inline","target":"tachyon_serverless_application::services::invoke_async"}
{"timestamp":"2026-09-18T04:05:22.506760Z","level":"INFO","message":"asynchronous invocation accepted","invocation_id":"inv_01m2sb1fe507xhx5p7bat0q66d","tenant_id":"tn_01hzzzzzzzzzzzzzzzzzzzzzza","revision_id":"rev_01m2sb05595hk7abcat3pd7vew","input_bytes":4128,"input_storage":"object","target":"tachyon_serverless_application::services::invoke_async"}
{"timestamp":"2026-09-18T04:05:22.533537Z","level":"INFO","message":"asynchronous invocation accepted","invocation_id":"inv_01m2sb1ff3e4zmrcc1e28c10jn","tenant_id":"tn_01hzzzzzzzzzzzzzzzzzzzzzza","revision_id":"rev_01m2sb09vfx2kqfzvvngc9xhgy","input_bytes":191,"input_storage":"inline","target":"tachyon_serverless_application::services::invoke_async"}
{"timestamp":"2026-09-18T04:05:22.533588Z","level":"INFO","message":"webhook trigger fired","trigger_id":"trg_01m2sb0g0h8q2wb4cv184x0vqa","event_id":"evt-post-w1","invocation_id":"inv_01m2sb1ff3e4zmrcc1e28c10jn","revision_id":"rev_01m2sb09vfx2kqfzvvngc9xhgy","replayed":false,"target":"tachyon_serverless_application::services::triggers"}
{"timestamp":"2026-09-18T04:05:23.080786Z","level":"INFO","message":"object retention pass","report":"GcReport { examined: 2, collected_expired: 0, collected_orphans: 0, kept_in_use: 0, kept_referenced: 2, incomplete_removed: 0, tombstones_purged: 0, failed: 0 }","target":"tachyon_serverless_gateway"}
{"timestamp":"2026-09-18T04:05:23.740236Z","level":"INFO","message":"bridge spawned","environment_id":"env_01m2sb1f1jy3xah5axz86ncx0y","pid":789569,"target":"tachyon_serverless_provider_process"}
{"timestamp":"2026-09-18T04:05:23.778557Z","level":"INFO","message":"invocation finished","invocation_id":"inv_01m2sb1b1jc6n9epb5gm2kvqm5","status":"succeeded (async run)","handler_ms":4,"environment_boot_ms":2,"runtime_init_ms":15,"target":"tachyon_serverless_application::services::invoke"}
{"timestamp":"2026-09-18T04:05:23.784431Z","level":"INFO","message":"terminating bridge","environment_id":"env_01m2sb1f1jy3xah5axz86ncx0y","pid":789569,"reason":"Completed","graceful":true,"target":"tachyon_serverless_provider_process"}
{"timestamp":"2026-09-18T04:05:23.792068Z","level":"INFO","message":"asynchronous invocation settled","invocation_id":"inv_01m2sb1b1jc6n9epb5gm2kvqm5","status":"succeeded","target":"tachyon_serverless_application::services::invoke_async::dispatch"}
{"timestamp":"2026-09-18T04:05:23.793267Z","level":"INFO","message":"async dispatch: delivery handled","message_id":"inv_01m2sb1b1jc6n9epb5gm2kvqm5","sequence":13,"delivery_count":1,"outcome":"Completed { status: \"succeeded\" }","target":"tachyon_serverless_application::services::invoke_async::dispatch"}
{"timestamp":"2026-09-18T04:05:23.795803Z","level":"INFO","message":"asynchronous run claimed","invocation_id":"inv_01m2sb1eymj3vpj42vpf6hqa6y","attempt":1,"generation":0,"delivery_count":1,"target":"tachyon_serverless_application::services::invoke_async::dispatch"}
{"timestamp":"2026-09-18T04:05:23.835728Z","level":"INFO","message":"bridge spawned","environment_id":"env_01m2sb1f431xg4b8cvk495p52k","pid":789579,"target":"tachyon_serverless_provider_process"}
{"timestamp":"2026-09-18T04:05:23.892959Z","level":"INFO","message":"invocation finished","invocation_id":"inv_01m2sb1d03n44qb3qd8gdx9x37","status":"succeeded (async run)","handler_ms":2,"environment_boot_ms":3,"runtime_init_ms":36,"target":"tachyon_serverless_application::services::invoke"}
{"timestamp":"2026-09-18T04:05:23.895379Z","level":"INFO","message":"terminating bridge","environment_id":"env_01m2sb1f431xg4b8cvk495p52k","pid":789579,"reason":"Completed","graceful":true,"target":"tachyon_serverless_provider_process"}
{"timestamp":"2026-09-18T04:05:23.902537Z","level":"INFO","message":"asynchronous invocation settled","invocation_id":"inv_01m2sb1d03n44qb3qd8gdx9x37","status":"succeeded","target":"tachyon_serverless_application::services::invoke_async::dispatch"}
{"timestamp":"2026-09-18T04:05:23.903927Z","level":"INFO","message":"async dispatch: delivery handled","message_id":"inv_01m2sb1d03n44qb3qd8gdx9x37","sequence":14,"delivery_count":1,"outcome":"Completed { status: \"succeeded\" }","target":"tachyon_serverless_application::services::invoke_async::dispatch"}
{"timestamp":"2026-09-18T04:05:23.905225Z","level":"INFO","message":"asynchronous run claimed","invocation_id":"inv_01m2sb1fd3b78hp1rztafswbtf","attempt":1,"generation":0,"delivery_count":1,"target":"tachyon_serverless_application::services::invoke_async::dispatch"}
{"timestamp":"2026-09-18T04:05:24.004515Z","level":"INFO","message":"asynchronous invocation accepted","invocation_id":"inv_01m2sb1gx2z55yhxv47j17c5w0","tenant_id":"tn_01hzzzzzzzzzzzzzzzzzzzzzza","revision_id":"rev_01m2sb09vfx2kqfzvvngc9xhgy","input_bytes":180,"input_storage":"inline","target":"tachyon_serverless_application::services::invoke_async"}
{"timestamp":"2026-09-18T04:05:24.004566Z","level":"INFO","message":"cron trigger fired","trigger_id":"trg_01m2sb0g02f3bpqgp9r36pn1tm","scheduled_at":"2026-09-18T04:05:24Z","invocation_id":"inv_01m2sb1gx2z55yhxv47j17c5w0","revision_id":"rev_01m2sb09vfx2kqfzvvngc9xhgy","replayed":false,"target":"tachyon_serverless_application::services::triggers"}
{"timestamp":"2026-09-18T04:05:24.202576Z","level":"INFO","message":"bridge spawned","environment_id":"env_01m2sb1ffmk9wdzwc157gph5q9","pid":789589,"target":"tachyon_serverless_provider_process"}
{"timestamp":"2026-09-18T04:05:24.245970Z","level":"INFO","message":"invocation finished","invocation_id":"inv_01m2sb1ffkwq38x8q5cr7znmea","status":"succeeded","handler_ms":5,"environment_boot_ms":3,"runtime_init_ms":19,"target":"tachyon_serverless_application::services::invoke"}
{"timestamp":"2026-09-18T04:05:24.252164Z","level":"INFO","message":"terminating bridge","environment_id":"env_01m2sb1ffmk9wdzwc157gph5q9","pid":789589,"reason":"Completed","graceful":true,"target":"tachyon_serverless_provider_process"}
{"timestamp":"2026-09-18T04:05:24.307539Z","level":"INFO","message":"asynchronous invocation accepted","invocation_id":"inv_01m2sb1h6hk7p2gssqhbmesm9d","tenant_id":"tn_01hzzzzzzzzzzzzzzzzzzzzzza","revision_id":"rev_01m2sb05595hk7abcat3pd7vew","input_bytes":48,"input_storage":"inline","target":"tachyon_serverless_application::services::invoke_async"}
{"timestamp":"2026-09-18T04:05:24.346371Z","level":"INFO","message":"asynchronous invocation accepted","invocation_id":"inv_01m2sb1h7kknbtwy4p4anwqz9h","tenant_id":"tn_01hzzzzzzzzzzzzzzzzzzzzzza","revision_id":"rev_01m2sb05595hk7abcat3pd7vew","input_bytes":4128,"input_storage":"object","target":"tachyon_serverless_application::services::invoke_async"}
{"timestamp":"2026-09-18T04:05:24.371994Z","level":"INFO","message":"asynchronous invocation accepted","invocation_id":"inv_01m2sb1h8js6xtv21f1n654pdz","tenant_id":"tn_01hzzzzzzzzzzzzzzzzzzzzzza","revision_id":"rev_01m2sb09vfx2kqfzvvngc9xhgy","input_bytes":191,"input_storage":"inline","target":"tachyon_serverless_application::services::invoke_async"}
{"timestamp":"2026-09-18T04:05:24.372042Z","level":"INFO","message":"webhook trigger fired","trigger_id":"trg_01m2sb0g0h8q2wb4cv184x0vqa","event_id":"evt-post-w2","invocation_id":"inv_01m2sb1h8js6xtv21f1n654pdz","revision_id":"rev_01m2sb09vfx2kqfzvvngc9xhgy","replayed":false,"target":"tachyon_serverless_application::services::triggers"}
{"timestamp":"2026-09-18T04:05:25.082567Z","level":"INFO","message":"object retention pass","report":"GcReport { examined: 2, collected_expired: 0, collected_orphans: 0, kept_in_use: 0, kept_referenced: 2, incomplete_removed: 0, tombstones_purged: 0, failed: 0 }","target":"tachyon_serverless_gateway"}
{"timestamp":"2026-09-18T04:05:25.589239Z","level":"INFO","message":"bridge spawned","environment_id":"env_01m2sb1gpmrbj93j6ts4d9cy4x","pid":789669,"target":"tachyon_serverless_provider_process"}
{"timestamp":"2026-09-18T04:05:25.626221Z","level":"INFO","message":"invocation finished","invocation_id":"inv_01m2sb1eymj3vpj42vpf6hqa6y","status":"succeeded (async run)","handler_ms":2,"environment_boot_ms":2,"runtime_init_ms":23,"target":"tachyon_serverless_application::services::invoke"}
{"timestamp":"2026-09-18T04:05:25.629420Z","level":"INFO","message":"terminating bridge","environment_id":"env_01m2sb1gpmrbj93j6ts4d9cy4x","pid":789669,"reason":"Completed","graceful":true,"target":"tachyon_serverless_provider_process"}
{"timestamp":"2026-09-18T04:05:25.640200Z","level":"INFO","message":"asynchronous invocation settled","invocation_id":"inv_01m2sb1eymj3vpj42vpf6hqa6y","status":"succeeded","target":"tachyon_serverless_application::services::invoke_async::dispatch"}
{"timestamp":"2026-09-18T04:05:25.646643Z","level":"INFO","message":"async dispatch: delivery handled","message_id":"inv_01m2sb1eymj3vpj42vpf6hqa6y","sequence":15,"delivery_count":1,"outcome":"Completed { status: \"succeeded\" }","target":"tachyon_serverless_application::services::invoke_async::dispatch"}
{"timestamp":"2026-09-18T04:05:25.649352Z","level":"INFO","message":"asynchronous run claimed","invocation_id":"inv_01m2sb1fe507xhx5p7bat0q66d","attempt":1,"generation":0,"delivery_count":1,"target":"tachyon_serverless_application::services::invoke_async::dispatch"}
{"timestamp":"2026-09-18T04:05:25.827273Z","level":"INFO","message":"bridge spawned","environment_id":"env_01m2sb1gt14z4w0qwj10cfred7","pid":789679,"target":"tachyon_serverless_provider_process"}
{"timestamp":"2026-09-18T04:05:25.881766Z","level":"INFO","message":"invocation finished","invocation_id":"inv_01m2sb1fd3b78hp1rztafswbtf","status":"succeeded (async run)","handler_ms":3,"environment_boot_ms":2,"runtime_init_ms":31,"target":"tachyon_serverless_application::services::invoke"}
{"timestamp":"2026-09-18T04:05:25.885366Z","level":"INFO","message":"terminating bridge","environment_id":"env_01m2sb1gt14z4w0qwj10cfred7","pid":789679,"reason":"Completed","graceful":true,"target":"tachyon_serverless_provider_process"}
{"timestamp":"2026-09-18T04:05:25.898022Z","level":"INFO","message":"asynchronous invocation settled","invocation_id":"inv_01m2sb1fd3b78hp1rztafswbtf","status":"succeeded","target":"tachyon_serverless_application::services::invoke_async::dispatch"}
{"timestamp":"2026-09-18T04:05:25.900127Z","level":"INFO","message":"async dispatch: delivery handled","message_id":"inv_01m2sb1fd3b78hp1rztafswbtf","sequence":16,"delivery_count":1,"outcome":"Completed { status: \"succeeded\" }","target":"tachyon_serverless_application::services::invoke_async::dispatch"}
{"timestamp":"2026-09-18T04:05:25.902475Z","level":"INFO","message":"asynchronous run claimed","invocation_id":"inv_01m2sb1ff3e4zmrcc1e28c10jn","attempt":1,"generation":0,"delivery_count":1,"target":"tachyon_serverless_application::services::invoke_async::dispatch"}
{"timestamp":"2026-09-18T04:05:26.005772Z","level":"INFO","message":"asynchronous invocation accepted","invocation_id":"inv_01m2sb1jvkerw5ymzytfatywv1","tenant_id":"tn_01hzzzzzzzzzzzzzzzzzzzzzza","revision_id":"rev_01m2sb09vfx2kqfzvvngc9xhgy","input_bytes":180,"input_storage":"inline","target":"tachyon_serverless_application::services::invoke_async"}
{"timestamp":"2026-09-18T04:05:26.005889Z","level":"INFO","message":"cron trigger fired","trigger_id":"trg_01m2sb0g02f3bpqgp9r36pn1tm","scheduled_at":"2026-09-18T04:05:26Z","invocation_id":"inv_01m2sb1jvkerw5ymzytfatywv1","revision_id":"rev_01m2sb09vfx2kqfzvvngc9xhgy","replayed":false,"target":"tachyon_serverless_application::services::triggers"}
{"timestamp":"2026-09-18T04:05:27.081379Z","level":"INFO","message":"object retention pass","report":"GcReport { examined: 2, collected_expired: 0, collected_orphans: 0, kept_in_use: 0, kept_referenced: 2, incomplete_removed: 0, tombstones_purged: 0, failed: 0 }","target":"tachyon_serverless_gateway"}
{"timestamp":"2026-09-18T04:05:27.952475Z","level":"INFO","message":"bridge spawned","environment_id":"env_01m2sb1jgmz389m3r5nswxh469","pid":789689,"target":"tachyon_serverless_provider_process"}
{"timestamp":"2026-09-18T04:05:27.983153Z","level":"INFO","message":"invocation finished","invocation_id":"inv_01m2sb1fe507xhx5p7bat0q66d","status":"succeeded (async run)","handler_ms":10,"environment_boot_ms":3,"runtime_init_ms":8,"target":"tachyon_serverless_application::services::invoke"}
{"timestamp":"2026-09-18T04:05:27.986511Z","level":"INFO","message":"terminating bridge","environment_id":"env_01m2sb1jgmz389m3r5nswxh469","pid":789689,"reason":"Completed","graceful":true,"target":"tachyon_serverless_provider_process"}
{"timestamp":"2026-09-18T04:05:27.995681Z","level":"INFO","message":"asynchronous invocation settled","invocation_id":"inv_01m2sb1fe507xhx5p7bat0q66d","status":"succeeded","target":"tachyon_serverless_application::services::invoke_async::dispatch"}
{"timestamp":"2026-09-18T04:05:27.997295Z","level":"INFO","message":"async dispatch: delivery handled","message_id":"inv_01m2sb1fe507xhx5p7bat0q66d","sequence":17,"delivery_count":1,"outcome":"Completed { status: \"succeeded\" }","target":"tachyon_serverless_application::services::invoke_async::dispatch"}
{"timestamp":"2026-09-18T04:05:28.000520Z","level":"INFO","message":"asynchronous run claimed","invocation_id":"inv_01m2sb1gx2z55yhxv47j17c5w0","attempt":1,"generation":0,"delivery_count":1,"target":"tachyon_serverless_application::services::invoke_async::dispatch"}
{"timestamp":"2026-09-18T04:05:28.007482Z","level":"INFO","message":"asynchronous invocation accepted","invocation_id":"inv_01m2sb1mt5023dys1c6qxjmxd3","tenant_id":"tn_01hzzzzzzzzzzzzzzzzzzzzzza","revision_id":"rev_01m2sb09vfx2kqfzvvngc9xhgy","input_bytes":180,"input_storage":"inline","target":"tachyon_serverless_application::services::invoke_async"}
{"timestamp":"2026-09-18T04:05:28.007582Z","level":"INFO","message":"cron trigger fired","trigger_id":"trg_01m2sb0g02f3bpqgp9r36pn1tm","scheduled_at":"2026-09-18T04:05:28Z","invocation_id":"inv_01m2sb1mt5023dys1c6qxjmxd3","revision_id":"rev_01m2sb09vfx2kqfzvvngc9xhgy","replayed":false,"target":"tachyon_serverless_application::services::triggers"}
{"timestamp":"2026-09-18T04:05:28.089680Z","level":"INFO","message":"bridge spawned","environment_id":"env_01m2sb1jrfjqe6m80cf4xvyat1","pid":789699,"target":"tachyon_serverless_provider_process"}
{"timestamp":"2026-09-18T04:05:28.143701Z","level":"INFO","message":"invocation finished","invocation_id":"inv_01m2sb1ff3e4zmrcc1e28c10jn","status":"succeeded (async run)","handler_ms":2,"environment_boot_ms":5,"runtime_init_ms":32,"target":"tachyon_serverless_application::services::invoke"}
{"timestamp":"2026-09-18T04:05:28.147112Z","level":"INFO","message":"terminating bridge","environment_id":"env_01m2sb1jrfjqe6m80cf4xvyat1","pid":789699,"reason":"Completed","graceful":true,"target":"tachyon_serverless_provider_process"}
{"timestamp":"2026-09-18T04:05:28.156621Z","level":"INFO","message":"asynchronous invocation settled","invocation_id":"inv_01m2sb1ff3e4zmrcc1e28c10jn","status":"succeeded","target":"tachyon_serverless_application::services::invoke_async::dispatch"}
{"timestamp":"2026-09-18T04:05:28.158133Z","level":"INFO","message":"async dispatch: delivery handled","message_id":"inv_01m2sb1ff3e4zmrcc1e28c10jn","sequence":18,"delivery_count":1,"outcome":"Completed { status: \"succeeded\" }","target":"tachyon_serverless_application::services::invoke_async::dispatch"}
{"timestamp":"2026-09-18T04:05:28.163126Z","level":"INFO","message":"asynchronous run claimed","invocation_id":"inv_01m2sb1h6hk7p2gssqhbmesm9d","attempt":1,"generation":0,"delivery_count":1,"target":"tachyon_serverless_application::services::invoke_async::dispatch"}
{"timestamp":"2026-09-18T04:05:29.081155Z","level":"INFO","message":"object retention pass","report":"GcReport { examined: 3, collected_expired: 0, collected_orphans: 0, kept_in_use: 0, kept_referenced: 3, incomplete_removed: 0, tombstones_purged: 0, failed: 0 }","target":"tachyon_serverless_gateway"}
{"timestamp":"2026-09-18T04:05:29.430329Z","level":"INFO","message":"trigger updated","trigger_id":"trg_01m2sb0g02f3bpqgp9r36pn1tm","generation":2,"status":"disabled","next_fire_at":"None","rotated_secret":false,"target":"tachyon_serverless_application::services::triggers"}
{"timestamp":"2026-09-18T04:05:30.048881Z","level":"INFO","message":"bridge spawned","environment_id":"env_01m2sb1mt27wasbednctm3hbn0","pid":789782,"target":"tachyon_serverless_provider_process"}
{"timestamp":"2026-09-18T04:05:30.088930Z","level":"INFO","message":"invocation finished","invocation_id":"inv_01m2sb1gx2z55yhxv47j17c5w0","status":"succeeded (async run)","handler_ms":8,"environment_boot_ms":2,"runtime_init_ms":14,"target":"tachyon_serverless_application::services::invoke"}
{"timestamp":"2026-09-18T04:05:30.091259Z","level":"INFO","message":"terminating bridge","environment_id":"env_01m2sb1mt27wasbednctm3hbn0","pid":789782,"reason":"Completed","graceful":true,"target":"tachyon_serverless_provider_process"}
{"timestamp":"2026-09-18T04:05:30.096327Z","level":"INFO","message":"asynchronous invocation settled","invocation_id":"inv_01m2sb1gx2z55yhxv47j17c5w0","status":"succeeded","target":"tachyon_serverless_application::services::invoke_async::dispatch"}
{"timestamp":"2026-09-18T04:05:30.098519Z","level":"INFO","message":"async dispatch: delivery handled","message_id":"inv_01m2sb1gx2z55yhxv47j17c5w0","sequence":19,"delivery_count":1,"outcome":"Completed { status: \"succeeded\" }","target":"tachyon_serverless_application::services::invoke_async::dispatch"}
{"timestamp":"2026-09-18T04:05:30.099716Z","level":"INFO","message":"asynchronous run claimed","invocation_id":"inv_01m2sb1h7kknbtwy4p4anwqz9h","attempt":1,"generation":0,"delivery_count":1,"target":"tachyon_serverless_application::services::invoke_async::dispatch"}
{"timestamp":"2026-09-18T04:05:30.173441Z","level":"INFO","message":"bridge spawned","environment_id":"env_01m2sb1mz39ry2q78apm3m99qt","pid":789793,"target":"tachyon_serverless_provider_process"}
{"timestamp":"2026-09-18T04:05:30.197373Z","level":"INFO","message":"invocation finished","invocation_id":"inv_01m2sb1h6hk7p2gssqhbmesm9d","status":"succeeded (async run)","handler_ms":4,"environment_boot_ms":1,"runtime_init_ms":6,"target":"tachyon_serverless_application::services::invoke"}
{"timestamp":"2026-09-18T04:05:30.199682Z","level":"INFO","message":"terminating bridge","environment_id":"env_01m2sb1mz39ry2q78apm3m99qt","pid":789793,"reason":"Completed","graceful":true,"target":"tachyon_serverless_provider_process"}
{"timestamp":"2026-09-18T04:05:30.205497Z","level":"INFO","message":"asynchronous invocation settled","invocation_id":"inv_01m2sb1h6hk7p2gssqhbmesm9d","status":"succeeded","target":"tachyon_serverless_application::services::invoke_async::dispatch"}
{"timestamp":"2026-09-18T04:05:30.206798Z","level":"INFO","message":"async dispatch: delivery handled","message_id":"inv_01m2sb1h6hk7p2gssqhbmesm9d","sequence":20,"delivery_count":1,"outcome":"Completed { status: \"succeeded\" }","target":"tachyon_serverless_application::services::invoke_async::dispatch"}
{"timestamp":"2026-09-18T04:05:30.207986Z","level":"INFO","message":"asynchronous run claimed","invocation_id":"inv_01m2sb1h8js6xtv21f1n654pdz","attempt":1,"generation":0,"delivery_count":1,"target":"tachyon_serverless_application::services::invoke_async::dispatch"}
{"timestamp":"2026-09-18T04:05:31.079808Z","level":"INFO","message":"object retention pass","report":"GcReport { examined: 4, collected_expired: 0, collected_orphans: 0, kept_in_use: 1, kept_referenced: 3, incomplete_removed: 0, tombstones_purged: 0, failed: 0 }","target":"tachyon_serverless_gateway"}
{"timestamp":"2026-09-18T04:05:31.515258Z","level":"INFO","message":"bridge spawned","environment_id":"env_01m2sb1pvngc5gwqpavktqag99","pid":789843,"target":"tachyon_serverless_provider_process"}
{"timestamp":"2026-09-18T04:05:31.537172Z","level":"INFO","message":"invocation finished","invocation_id":"inv_01m2sb1h7kknbtwy4p4anwqz9h","status":"succeeded (async run)","handler_ms":1,"environment_boot_ms":1,"runtime_init_ms":5,"target":"tachyon_serverless_application::services::invoke"}
{"timestamp":"2026-09-18T04:05:31.549615Z","level":"INFO","message":"terminating bridge","environment_id":"env_01m2sb1pvngc5gwqpavktqag99","pid":789843,"reason":"Completed","graceful":true,"target":"tachyon_serverless_provider_process"}
{"timestamp":"2026-09-18T04:05:31.555511Z","level":"INFO","message":"asynchronous invocation settled","invocation_id":"inv_01m2sb1h7kknbtwy4p4anwqz9h","status":"succeeded","target":"tachyon_serverless_application::services::invoke_async::dispatch"}
{"timestamp":"2026-09-18T04:05:31.556505Z","level":"INFO","message":"async dispatch: delivery handled","message_id":"inv_01m2sb1h7kknbtwy4p4anwqz9h","sequence":21,"delivery_count":1,"outcome":"Completed { status: \"succeeded\" }","target":"tachyon_serverless_application::services::invoke_async::dispatch"}
{"timestamp":"2026-09-18T04:05:31.559302Z","level":"INFO","message":"asynchronous run claimed","invocation_id":"inv_01m2sb1jvkerw5ymzytfatywv1","attempt":1,"generation":0,"delivery_count":1,"target":"tachyon_serverless_application::services::invoke_async::dispatch"}
{"timestamp":"2026-09-18T04:05:31.580284Z","level":"INFO","message":"bridge spawned","environment_id":"env_01m2sb1pz0z15j3rfc5vgc8bq1","pid":789853,"target":"tachyon_serverless_provider_process"}
{"timestamp":"2026-09-18T04:05:31.622046Z","level":"INFO","message":"invocation finished","invocation_id":"inv_01m2sb1h8js6xtv21f1n654pdz","status":"succeeded (async run)","handler_ms":8,"environment_boot_ms":2,"runtime_init_ms":14,"target":"tachyon_serverless_application::services::invoke"}
{"timestamp":"2026-09-18T04:05:31.628685Z","level":"INFO","message":"terminating bridge","environment_id":"env_01m2sb1pz0z15j3rfc5vgc8bq1","pid":789853,"reason":"Completed","graceful":true,"target":"tachyon_serverless_provider_process"}
{"timestamp":"2026-09-18T04:05:31.634564Z","level":"INFO","message":"asynchronous invocation settled","invocation_id":"inv_01m2sb1h8js6xtv21f1n654pdz","status":"succeeded","target":"tachyon_serverless_application::services::invoke_async::dispatch"}
{"timestamp":"2026-09-18T04:05:31.635537Z","level":"INFO","message":"async dispatch: delivery handled","message_id":"inv_01m2sb1h8js6xtv21f1n654pdz","sequence":22,"delivery_count":1,"outcome":"Completed { status: \"succeeded\" }","target":"tachyon_serverless_application::services::invoke_async::dispatch"}
{"timestamp":"2026-09-18T04:05:31.636525Z","level":"INFO","message":"asynchronous run claimed","invocation_id":"inv_01m2sb1mt5023dys1c6qxjmxd3","attempt":1,"generation":0,"delivery_count":1,"target":"tachyon_serverless_application::services::invoke_async::dispatch"}
{"timestamp":"2026-09-18T04:05:33.002892Z","level":"INFO","message":"bridge spawned","environment_id":"env_01m2sb1r97p6t5m07vw2rwrwbr","pid":790012,"target":"tachyon_serverless_provider_process"}
{"timestamp":"2026-09-18T04:05:33.050809Z","level":"INFO","message":"invocation finished","invocation_id":"inv_01m2sb1jvkerw5ymzytfatywv1","status":"succeeded (async run)","handler_ms":10,"environment_boot_ms":1,"runtime_init_ms":18,"target":"tachyon_serverless_application::services::invoke"}
{"timestamp":"2026-09-18T04:05:33.053058Z","level":"INFO","message":"terminating bridge","environment_id":"env_01m2sb1r97p6t5m07vw2rwrwbr","pid":790012,"reason":"Completed","graceful":true,"target":"tachyon_serverless_provider_process"}
{"timestamp":"2026-09-18T04:05:33.057677Z","level":"INFO","message":"asynchronous invocation settled","invocation_id":"inv_01m2sb1jvkerw5ymzytfatywv1","status":"succeeded","target":"tachyon_serverless_application::services::invoke_async::dispatch"}
{"timestamp":"2026-09-18T04:05:33.058803Z","level":"INFO","message":"async dispatch: delivery handled","message_id":"inv_01m2sb1jvkerw5ymzytfatywv1","sequence":23,"delivery_count":1,"outcome":"Completed { status: \"succeeded\" }","target":"tachyon_serverless_application::services::invoke_async::dispatch"}
{"timestamp":"2026-09-18T04:05:33.081286Z","level":"INFO","message":"object retention pass","report":"GcReport { examined: 4, collected_expired: 0, collected_orphans: 0, kept_in_use: 0, kept_referenced: 4, incomplete_removed: 0, tombstones_purged: 0, failed: 0 }","target":"tachyon_serverless_gateway"}
{"timestamp":"2026-09-18T04:05:33.086608Z","level":"INFO","message":"bridge spawned","environment_id":"env_01m2sb1rbmhfe2gdd84nzr6naa","pid":790022,"target":"tachyon_serverless_provider_process"}
{"timestamp":"2026-09-18T04:05:33.136413Z","level":"INFO","message":"invocation finished","invocation_id":"inv_01m2sb1mt5023dys1c6qxjmxd3","status":"succeeded (async run)","handler_ms":10,"environment_boot_ms":2,"runtime_init_ms":26,"target":"tachyon_serverless_application::services::invoke"}
{"timestamp":"2026-09-18T04:05:33.138651Z","level":"INFO","message":"terminating bridge","environment_id":"env_01m2sb1rbmhfe2gdd84nzr6naa","pid":790022,"reason":"Completed","graceful":true,"target":"tachyon_serverless_provider_process"}
{"timestamp":"2026-09-18T04:05:33.142932Z","level":"INFO","message":"asynchronous invocation settled","invocation_id":"inv_01m2sb1mt5023dys1c6qxjmxd3","status":"succeeded","target":"tachyon_serverless_application::services::invoke_async::dispatch"}
{"timestamp":"2026-09-18T04:05:33.144877Z","level":"INFO","message":"async dispatch: delivery handled","message_id":"inv_01m2sb1mt5023dys1c6qxjmxd3","sequence":24,"delivery_count":1,"outcome":"Completed { status: \"succeeded\" }","target":"tachyon_serverless_application::services::invoke_async::dispatch"}
{"timestamp":"2026-09-18T04:05:33.440870Z","level":"INFO","message":"SIGTERM received","target":"tachyon_serverless_gateway"}
{"timestamp":"2026-09-18T04:05:33.440899Z","level":"INFO","message":"shutdown requested; cancelling in-flight invocations","target":"tachyon_serverless_gateway"}
{"timestamp":"2026-09-18T04:05:33.441271Z","level":"INFO","message":"final usage collection","report":"CollectReport { batches: 0, read: 0, inserted: 0, duplicates: 0, cursor_seq: 144 }","target":"tachyon_serverless_gateway"}
{"timestamp":"2026-09-18T04:05:33.445455Z","level":"INFO","message":"gateway stopped","target":"tachyon_serverless_gateway"}
{"timestamp":"2026-09-18T04:05:33.445667Z","level":"INFO","message":"event: closed","target":"async_nats"}
