{"timestamp":"2026-09-17T06:49:03.173211Z","level":"INFO","message":"configuration loaded","config":"/home/takanorifukuyama.guest/tsls/docs/evidence/warm-20260917T064903Z/gateway.toml","target":"tachyon_serverless_gateway"}
{"timestamp":"2026-09-17T06:49:03.174343Z","level":"INFO","message":"egress restricted / public-web are unavailable on this host (egress none is unaffected)","reason":"net.ipv4.ip_forward is not 1 (guests could not reach anything)","target":"tachyon_serverless_provider_firecracker::provider"}
{"timestamp":"2026-09-17T06:49:03.184291Z","level":"INFO","message":"state store opened","path":"/home/takanorifukuyama.guest/verify/warm/data/state.db","schema_version":5,"migrations_applied":"[1, 2, 3, 4, 5]","imported_state_json":"None","settled_invocations":0,"settled_attempts":0,"settled_environments":0,"released_leases":0,"dropped_idempotency_keys":0,"purged_idempotency_keys":0,"outputs_purged":0,"target":"tachyon_serverless_application::app"}
{"timestamp":"2026-09-17T06:49:03.185186Z","level":"INFO","message":"dispatcher registered","dispatcher_id":"dsp_01m2q20eygrfzh5dbqx9n0cmc5","instance":"gateway@127.0.0.1:18482","pid":107969,"lease_ttl_seconds":30,"target":"tachyon_serverless_application::services::dispatcher"}
{"timestamp":"2026-09-17T06:49:03.185797Z","level":"INFO","message":"application bootstrapped","profile":"dev","provider":"firecracker","dev_only":false,"environment_reuse":true,"reuse_verified":true,"reuse_reason":"the provider reports both idle capabilities as supported and [pool] enabled is true","reuse_disabled":"None","idle_quiesce":"supported","idle_resume":"supported","data_dir":"/home/takanorifukuyama.guest/verify/warm/data","store":"sqlite","dispatcher_id":"dsp_01m2q20eygrfzh5dbqx9n0cmc5","node":"kvm-node","node_region":"none","node_memory_mib":"None","max_concurrency":8,"queue":"none","objects":"none","target":"tachyon_serverless_application::app"}
{"timestamp":"2026-09-17T06:49:03.187948Z","level":"INFO","message":"startup reconcile finished","provider":"firecracker","found":0,"adopted":0,"terminated":0,"disowned":0,"failed":0,"lost":0,"foreign":0,"reclaimed_dispatchers":0,"fenced_terminated":0,"fenced_pending":0,"target":"tachyon_serverless_application::services::reconcile"}
{"timestamp":"2026-09-17T06:49:03.188061Z","level":"INFO","message":"gateway listening","addr":"127.0.0.1:18482","profile":"dev","provider":"firecracker","target":"tachyon_serverless_gateway"}
{"timestamp":"2026-09-17T06:49:07.133276Z","level":"INFO","message":"revision ready","revision_id":"rev_01m2q20jqx8fazfqbrfm956per","function_id":"fn_01m2q20jkjg8367tn7xe61s9bb","target":"tachyon_serverless_application::services::revision"}
{"timestamp":"2026-09-17T06:49:07.468601Z","level":"INFO","message":"firecracker spawned","env_id":"env_01m2q20k1cs244hyg8y5pw2j3d","pid":108125,"instance_id":"env-01m2q20k1cs244hyg8y5pw2j3d","jailed":true,"cgroup":"/sys/fs/cgroup/tachyon/env_01m2q20k1cs244hyg8y5pw2j3d","target":"tachyon_serverless_provider_firecracker::provider"}
{"timestamp":"2026-09-17T06:49:07.481482Z","level":"INFO","message":"InstanceStart accepted","env_id":"env_01m2q20k1cs244hyg8y5pw2j3d","vcpus":1,"mem_mib":256,"scratch_bytes":268435456,"target":"tachyon_serverless_provider_firecracker::provider"}
{"timestamp":"2026-09-17T06:49:13.402291Z","level":"INFO","message":"invocation finished","invocation_id":"inv_01m2q20k1ataj4k4ekyycsj7q2","status":"succeeded","handler_ms":116,"environment_boot_ms":5251,"runtime_init_ms":591,"target":"tachyon_serverless_application::services::invoke"}
{"timestamp":"2026-09-17T06:49:16.586357Z","level":"INFO","message":"invocation finished","invocation_id":"inv_01m2q20vzm1p4x3rpxkg90g4h8","status":"succeeded","handler_ms":35,"environment_boot_ms":0,"runtime_init_ms":0,"target":"tachyon_serverless_application::services::invoke"}
{"timestamp":"2026-09-17T06:49:16.679284Z","level":"INFO","message":"invocation finished","invocation_id":"inv_01m2q20w25zc41623ge400a17g","status":"succeeded","handler_ms":58,"environment_boot_ms":0,"runtime_init_ms":0,"target":"tachyon_serverless_application::services::invoke"}
{"timestamp":"2026-09-17T06:49:16.742593Z","level":"INFO","message":"invocation finished","invocation_id":"inv_01m2q20w510pgfq9gn8je3j1y6","status":"succeeded","handler_ms":29,"environment_boot_ms":0,"runtime_init_ms":0,"target":"tachyon_serverless_application::services::invoke"}
{"timestamp":"2026-09-17T06:49:16.805975Z","level":"INFO","message":"invocation finished","invocation_id":"inv_01m2q20w72hzgadh6nk7aqmdyx","status":"succeeded","handler_ms":28,"environment_boot_ms":0,"runtime_init_ms":0,"target":"tachyon_serverless_application::services::invoke"}
{"timestamp":"2026-09-17T06:49:16.878485Z","level":"INFO","message":"invocation finished","invocation_id":"inv_01m2q20w8ydcp9bqrx3efby64e","status":"succeeded","handler_ms":40,"environment_boot_ms":0,"runtime_init_ms":0,"target":"tachyon_serverless_application::services::invoke"}
{"timestamp":"2026-09-17T06:49:16.896882Z","level":"INFO","message":"SIGTERM received","target":"tachyon_serverless_gateway"}
{"timestamp":"2026-09-17T06:49:16.896907Z","level":"INFO","message":"shutdown requested; cancelling in-flight invocations","target":"tachyon_serverless_gateway"}
{"timestamp":"2026-09-17T06:49:16.950851Z","level":"INFO","message":"cgroup stats at teardown","env_id":"env_01m2q20k1cs244hyg8y5pw2j3d","cgroup":"/sys/fs/cgroup/tachyon/env_01m2q20k1cs244hyg8y5pw2j3d","stats":"{\"cpu.max\":\"50000 100000\",\"cpu.stat\":{\"burst_usec\":0,\"core_sched.force_idle_usec\":0,\"nice_usec\":0,\"nr_bursts\":0,\"nr_periods\":66,\"nr_throttled\":61,\"system_usec\":1806385,\"throttled_usec\":2959475,\"usage_usec\":3161424,\"user_usec\":1355038},\"memory.current\":4317184,\"memory.events\":{\"high\":0,\"low\":0,\"max\":0,\"oom\":0,\"oom_group_kill\":0,\"oom_kill\":0,\"sock_throttled\":0},\"memory.max\":335544320,\"memory.peak\":42950656,\"pids.max\":64,\"pids.peak\":3}","target":"tachyon_serverless_provider_firecracker::provider"}
{"timestamp":"2026-09-17T06:49:16.952651Z","level":"INFO","message":"environment terminated","env_id":"env_01m2q20k1cs244hyg8y5pw2j3d","reason":"Quiesced","was_running":true,"target":"tachyon_serverless_provider_firecracker::provider"}
{"timestamp":"2026-09-17T06:49:16.954220Z","level":"INFO","message":"idle environment reaped","environment_id":"env_01m2q20k1cs244hyg8y5pw2j3d","revision_id":"rev_01m2q20jqx8fazfqbrfm956per","reason":"pool drain","target":"tachyon_serverless_application::services::pool"}
{"timestamp":"2026-09-17T06:49:16.954253Z","level":"INFO","message":"idle sweep finished","examined":1,"reaped":1,"drained":0,"kept":0,"raced":0,"failed":0,"target":"tachyon_serverless_application::services::pool"}
{"timestamp":"2026-09-17T06:49:16.954266Z","level":"INFO","message":"pooled environments terminated on shutdown","reaped":1,"target":"tachyon_serverless_gateway"}
{"timestamp":"2026-09-17T06:49:16.956973Z","level":"INFO","message":"gateway stopped","target":"tachyon_serverless_gateway"}
