[2m2026-09-17T07:24:15.418044Z[0m [32m INFO[0m [2mtachyon_serverless_gateway[0m[2m:[0m configuration loaded [3mconfig[0m[2m=[0m/var/folders/z7/khzdjrt95cg_fcmcnh4j1b5h0000gn/T//tsls-load.yNpUpe/gateway.toml
[2m2026-09-17T07:24:15.429007Z[0m [32m INFO[0m [2mtachyon_serverless_application::app[0m[2m:[0m state store opened [3mpath[0m[2m=[0m/var/folders/z7/khzdjrt95cg_fcmcnh4j1b5h0000gn/T//tsls-load.yNpUpe/data/state.db [3mschema_version[0m[2m=[0m6 [3mmigrations_applied[0m[2m=[0m[1, 2, 3, 4, 5, 6] [3mimported_state_json[0m[2m=[0mNone [3msettled_invocations[0m[2m=[0m0 [3msettled_attempts[0m[2m=[0m0 [3msettled_environments[0m[2m=[0m0 [3mreleased_leases[0m[2m=[0m0 [3mdropped_idempotency_keys[0m[2m=[0m0 [3mpurged_idempotency_keys[0m[2m=[0m0 [3moutputs_purged[0m[2m=[0m0
[2m2026-09-17T07:24:15.429384Z[0m [32m INFO[0m [2mtachyon_serverless_application::services::dispatcher[0m[2m:[0m dispatcher registered [3mdispatcher_id[0m[2m=[0mdsp_01m2q40xp508hnktjpfpwfhhxp [3minstance[0m[2m=[0mgateway@127.0.0.1:63525 [3mpid[0m[2m=[0m61782 [3mlease_ttl_seconds[0m[2m=[0m30
[2m2026-09-17T07:24:15.429798Z[0m [32m INFO[0m [2mtachyon_serverless_application::app[0m[2m:[0m application bootstrapped [3mprofile[0m[2m=[0m"dev" [3mprovider[0m[2m=[0m"process" [3mdev_only[0m[2m=[0mtrue [3menvironment_reuse[0m[2m=[0mfalse [3mreuse_verified[0m[2m=[0mfalse [3mreuse_reason[0m[2m=[0m"[pool] enabled is false" [3mreuse_disabled[0m[2m=[0mSome(Configuration) [3midle_quiesce[0m[2m=[0m"unsupported" [3midle_resume[0m[2m=[0m"unsupported" [3mdata_dir[0m[2m=[0m/var/folders/z7/khzdjrt95cg_fcmcnh4j1b5h0000gn/T//tsls-load.yNpUpe/data [3mstore[0m[2m=[0m"sqlite" [3mdispatcher_id[0m[2m=[0mdsp_01m2q40xp508hnktjpfpwfhhxp [3mnode[0m[2m=[0mlocal [3mnode_region[0m[2m=[0m"none" [3mnode_memory_mib[0m[2m=[0mNone [3mmax_concurrency[0m[2m=[0m4 [3mqueue[0m[2m=[0m"none" [3mobjects[0m[2m=[0m"none" [3minvoke_async[0m[2m=[0mfalse
[2m2026-09-17T07:24:15.430032Z[0m [32m INFO[0m [2mtachyon_serverless_application::services::reconcile[0m[2m:[0m startup reconcile finished [3mprovider[0m[2m=[0m"process" [3mfound[0m[2m=[0m0 [3madopted[0m[2m=[0m0 [3mterminated[0m[2m=[0m0 [3mdisowned[0m[2m=[0m0 [3mfailed[0m[2m=[0m0 [3mlost[0m[2m=[0m0 [3mforeign[0m[2m=[0m0 [3mreclaimed_dispatchers[0m[2m=[0m0 [3mfenced_terminated[0m[2m=[0m0 [3mfenced_pending[0m[2m=[0m0
[2m2026-09-17T07:24:15.430110Z[0m [32m INFO[0m [2mtachyon_serverless_gateway[0m[2m:[0m gateway listening [3maddr[0m[2m=[0m127.0.0.1:63525 [3mprofile[0m[2m=[0m"dev" [3mprovider[0m[2m=[0m"process"
[2m2026-09-17T07:24:16.563157Z[0m [32m INFO[0m [2mtachyon_serverless_application::services::revision[0m[2m:[0m revision ready [3mrevision_id[0m[2m=[0mrev_01m2q40yfwd4bmy397crg9fdbs [3mfunction_id[0m[2m=[0mfn_01m2q40xzfk921cf5pqc8gfdf5
[2m2026-09-17T07:24:17.574187Z[0m [32m INFO[0m [2mtachyon_serverless_application::services::revision[0m[2m:[0m revision ready [3mrevision_id[0m[2m=[0mrev_01m2q40zgpvt2snnrqpg4kqseg [3mfunction_id[0m[2m=[0mfn_01m2q40z0gtyf1sxgrvn4yh6rw
[2m2026-09-17T07:24:19.277771Z[0m [32m INFO[0m [2mtachyon_serverless_provider_process[0m[2m:[0m bridge spawned [3menvironment_id[0m[2m=[0menv_01m2q4117jzknh7tcdspehmf7s [3mpid[0m[2m=[0m61840
[2m2026-09-17T07:24:19.928281Z[0m [32m INFO[0m [2mtachyon_serverless_application::services::invoke[0m[2m:[0m invocation finished [3minvocation_id[0m[2m=[0minv_01m2q4117hx76ffa7x9y8natd6 [3mstatus[0m[2m=[0m"succeeded" [3mhandler_ms[0m[2m=[0m303 [3menvironment_boot_ms[0m[2m=[0m6 [3mruntime_init_ms[0m[2m=[0m340
[2m2026-09-17T07:24:19.929699Z[0m [32m INFO[0m [2mtachyon_serverless_provider_process[0m[2m:[0m terminating bridge [3menvironment_id[0m[2m=[0menv_01m2q4117jzknh7tcdspehmf7s [3mpid[0m[2m=[0m61840 [3mreason[0m[2m=[0mCompleted [3mgraceful[0m[2m=[0mtrue
[2m2026-09-17T07:24:20.188549Z[0m [32m INFO[0m [2mtachyon_serverless_provider_process[0m[2m:[0m bridge spawned [3menvironment_id[0m[2m=[0menv_01m2q41245fhjk70dkk1skm80d [3mpid[0m[2m=[0m61866
[2m2026-09-17T07:24:20.562542Z[0m [32m INFO[0m [2mtachyon_serverless_application::services::invoke[0m[2m:[0m invocation finished [3minvocation_id[0m[2m=[0minv_01m2q41244xztpa40zgjzvcw05 [3mstatus[0m[2m=[0m"succeeded" [3mhandler_ms[0m[2m=[0m356 [3menvironment_boot_ms[0m[2m=[0m5 [3mruntime_init_ms[0m[2m=[0m10
[2m2026-09-17T07:24:20.563950Z[0m [32m INFO[0m [2mtachyon_serverless_provider_process[0m[2m:[0m terminating bridge [3menvironment_id[0m[2m=[0menv_01m2q41245fhjk70dkk1skm80d [3mpid[0m[2m=[0m61866 [3mreason[0m[2m=[0mCompleted [3mgraceful[0m[2m=[0mtrue
[2m2026-09-17T07:24:20.858422Z[0m [32m INFO[0m [2mtachyon_serverless_provider_process[0m[2m:[0m bridge spawned [3menvironment_id[0m[2m=[0menv_01m2q412sd5pycpd8n24cx41kq [3mpid[0m[2m=[0m61874
[2m2026-09-17T07:24:21.215442Z[0m [32m INFO[0m [2mtachyon_serverless_application::services::invoke[0m[2m:[0m invocation finished [3minvocation_id[0m[2m=[0minv_01m2q412schxkefen9j8w7880m [3mstatus[0m[2m=[0m"succeeded" [3mhandler_ms[0m[2m=[0m336 [3menvironment_boot_ms[0m[2m=[0m7 [3mruntime_init_ms[0m[2m=[0m11
[2m2026-09-17T07:24:21.216836Z[0m [32m INFO[0m [2mtachyon_serverless_provider_process[0m[2m:[0m terminating bridge [3menvironment_id[0m[2m=[0menv_01m2q412sd5pycpd8n24cx41kq [3mpid[0m[2m=[0m61874 [3mreason[0m[2m=[0mCompleted [3mgraceful[0m[2m=[0mtrue
[2m2026-09-17T07:24:21.456863Z[0m [32m INFO[0m [2mtachyon_serverless_provider_process[0m[2m:[0m bridge spawned [3menvironment_id[0m[2m=[0menv_01m2q413br9yd0wpgxmb7wrabs [3mpid[0m[2m=[0m61877
[2m2026-09-17T07:24:21.492222Z[0m [32m INFO[0m [2mtachyon_serverless_provider_process[0m[2m:[0m bridge spawned [3menvironment_id[0m[2m=[0menv_01m2q413cw33z2j698jkxn39m2 [3mpid[0m[2m=[0m61879
[2m2026-09-17T07:24:21.846282Z[0m [32m INFO[0m [2mtachyon_serverless_application::services::invoke[0m[2m:[0m invocation finished [3minvocation_id[0m[2m=[0minv_01m2q413bryxvv2fbd2d5tnxgs [3mstatus[0m[2m=[0m"succeeded" [3mhandler_ms[0m[2m=[0m371 [3menvironment_boot_ms[0m[2m=[0m10 [3mruntime_init_ms[0m[2m=[0m9
[2m2026-09-17T07:24:21.847661Z[0m [32m INFO[0m [2mtachyon_serverless_provider_process[0m[2m:[0m terminating bridge [3menvironment_id[0m[2m=[0menv_01m2q413br9yd0wpgxmb7wrabs [3mpid[0m[2m=[0m61877 [3mreason[0m[2m=[0mCompleted [3mgraceful[0m[2m=[0mtrue
[2m2026-09-17T07:24:21.848827Z[0m [32m INFO[0m [2mtachyon_serverless_application::services::invoke[0m[2m:[0m invocation finished [3minvocation_id[0m[2m=[0minv_01m2q413cvypz2x6jzg8znm8v6 [3mstatus[0m[2m=[0m"succeeded" [3mhandler_ms[0m[2m=[0m336 [3menvironment_boot_ms[0m[2m=[0m7 [3mruntime_init_ms[0m[2m=[0m10
[2m2026-09-17T07:24:21.849927Z[0m [32m INFO[0m [2mtachyon_serverless_provider_process[0m[2m:[0m terminating bridge [3menvironment_id[0m[2m=[0menv_01m2q413cw33z2j698jkxn39m2 [3mpid[0m[2m=[0m61879 [3mreason[0m[2m=[0mCompleted [3mgraceful[0m[2m=[0mtrue
[2m2026-09-17T07:24:22.099719Z[0m [32m INFO[0m [2mtachyon_serverless_provider_process[0m[2m:[0m bridge spawned [3menvironment_id[0m[2m=[0menv_01m2q413zk5hxjcj9fsa8w5cj4 [3mpid[0m[2m=[0m61883
[2m2026-09-17T07:24:22.142876Z[0m [32m INFO[0m [2mtachyon_serverless_provider_process[0m[2m:[0m bridge spawned [3menvironment_id[0m[2m=[0menv_01m2q4140man2zcrgjrme34220 [3mpid[0m[2m=[0m61887
[2m2026-09-17T07:24:22.488129Z[0m [32m INFO[0m [2mtachyon_serverless_application::services::invoke[0m[2m:[0m invocation finished [3minvocation_id[0m[2m=[0minv_01m2q413zkv1zz01hqs0r6bvjx [3mstatus[0m[2m=[0m"succeeded" [3mhandler_ms[0m[2m=[0m371 [3menvironment_boot_ms[0m[2m=[0m5 [3mruntime_init_ms[0m[2m=[0m9
[2m2026-09-17T07:24:22.489555Z[0m [32m INFO[0m [2mtachyon_serverless_provider_process[0m[2m:[0m terminating bridge [3menvironment_id[0m[2m=[0menv_01m2q413zk5hxjcj9fsa8w5cj4 [3mpid[0m[2m=[0m61883 [3mreason[0m[2m=[0mCompleted [3mgraceful[0m[2m=[0mtrue
[2m2026-09-17T07:24:22.525566Z[0m [32m INFO[0m [2mtachyon_serverless_application::services::invoke[0m[2m:[0m invocation finished [3minvocation_id[0m[2m=[0minv_01m2q4140fw1g2a72wmq4nc02b [3mstatus[0m[2m=[0m"succeeded" [3mhandler_ms[0m[2m=[0m361 [3menvironment_boot_ms[0m[2m=[0m6 [3mruntime_init_ms[0m[2m=[0m12
[2m2026-09-17T07:24:22.526990Z[0m [32m INFO[0m [2mtachyon_serverless_provider_process[0m[2m:[0m terminating bridge [3menvironment_id[0m[2m=[0menv_01m2q4140man2zcrgjrme34220 [3mpid[0m[2m=[0m61887 [3mreason[0m[2m=[0mCompleted [3mgraceful[0m[2m=[0mtrue
[2m2026-09-17T07:24:22.787388Z[0m [32m INFO[0m [2mtachyon_serverless_provider_process[0m[2m:[0m bridge spawned [3menvironment_id[0m[2m=[0menv_01m2q414n55appbmjpja9tex6p [3mpid[0m[2m=[0m61903
[2m2026-09-17T07:24:22.851083Z[0m [32m INFO[0m [2mtachyon_serverless_provider_process[0m[2m:[0m bridge spawned [3menvironment_id[0m[2m=[0menv_01m2q414pzvtr90c3pswf1nsy4 [3mpid[0m[2m=[0m61905
[2m2026-09-17T07:24:23.111980Z[0m [32m INFO[0m [2mtachyon_serverless_application::services::invoke[0m[2m:[0m invocation finished [3minvocation_id[0m[2m=[0minv_01m2q414n4pf980hhtmpschbv7 [3mstatus[0m[2m=[0m"succeeded" [3mhandler_ms[0m[2m=[0m305 [3menvironment_boot_ms[0m[2m=[0m5 [3mruntime_init_ms[0m[2m=[0m12
[2m2026-09-17T07:24:23.113377Z[0m [32m INFO[0m [2mtachyon_serverless_provider_process[0m[2m:[0m terminating bridge [3menvironment_id[0m[2m=[0menv_01m2q414n55appbmjpja9tex6p [3mpid[0m[2m=[0m61903 [3mreason[0m[2m=[0mCompleted [3mgraceful[0m[2m=[0mtrue
[2m2026-09-17T07:24:23.208320Z[0m [32m INFO[0m [2mtachyon_serverless_application::services::invoke[0m[2m:[0m invocation finished [3minvocation_id[0m[2m=[0minv_01m2q414pykpy0qhqxwe5j8kcs [3mstatus[0m[2m=[0m"succeeded" [3mhandler_ms[0m[2m=[0m340 [3menvironment_boot_ms[0m[2m=[0m6 [3mruntime_init_ms[0m[2m=[0m8
[2m2026-09-17T07:24:23.209732Z[0m [32m INFO[0m [2mtachyon_serverless_provider_process[0m[2m:[0m terminating bridge [3menvironment_id[0m[2m=[0menv_01m2q414pzvtr90c3pswf1nsy4 [3mpid[0m[2m=[0m61905 [3mreason[0m[2m=[0mCompleted [3mgraceful[0m[2m=[0mtrue
[2m2026-09-17T07:24:23.460273Z[0m [32m INFO[0m [2mtachyon_serverless_provider_process[0m[2m:[0m bridge spawned [3menvironment_id[0m[2m=[0menv_01m2q4159sg7z24bsh7f9px328 [3mpid[0m[2m=[0m61914
[2m2026-09-17T07:24:23.486412Z[0m [32m INFO[0m [2mtachyon_serverless_provider_process[0m[2m:[0m bridge spawned [3menvironment_id[0m[2m=[0menv_01m2q415avkwkj1vsecbpqkqc4 [3mpid[0m[2m=[0m61916
[2m2026-09-17T07:24:23.492282Z[0m [32m INFO[0m [2mtachyon_serverless_provider_process[0m[2m:[0m bridge spawned [3menvironment_id[0m[2m=[0menv_01m2q415aq845gxy230d0ka748 [3mpid[0m[2m=[0m61917
[2m2026-09-17T07:24:23.996793Z[0m [32m INFO[0m [2mtachyon_serverless_application::services::invoke[0m[2m:[0m invocation finished [3minvocation_id[0m[2m=[0minv_01m2q4159n43bjndwfqckbh02x [3mstatus[0m[2m=[0m"succeeded" [3mhandler_ms[0m[2m=[0m521 [3menvironment_boot_ms[0m[2m=[0m7 [3mruntime_init_ms[0m[2m=[0m8
[2m2026-09-17T07:24:23.998207Z[0m [32m INFO[0m [2mtachyon_serverless_provider_process[0m[2m:[0m terminating bridge [3menvironment_id[0m[2m=[0menv_01m2q4159sg7z24bsh7f9px328 [3mpid[0m[2m=[0m61914 [3mreason[0m[2m=[0mCompleted [3mgraceful[0m[2m=[0mtrue
[2m2026-09-17T07:24:24.081922Z[0m [32m INFO[0m [2mtachyon_serverless_application::services::invoke[0m[2m:[0m invocation finished [3minvocation_id[0m[2m=[0minv_01m2q415atna7ft4bjf96m7cre [3mstatus[0m[2m=[0m"succeeded" [3mhandler_ms[0m[2m=[0m575 [3menvironment_boot_ms[0m[2m=[0m9 [3mruntime_init_ms[0m[2m=[0m8
[2m2026-09-17T07:24:24.083303Z[0m [32m INFO[0m [2mtachyon_serverless_provider_process[0m[2m:[0m terminating bridge [3menvironment_id[0m[2m=[0menv_01m2q415avkwkj1vsecbpqkqc4 [3mpid[0m[2m=[0m61916 [3mreason[0m[2m=[0mCompleted [3mgraceful[0m[2m=[0mtrue
[2m2026-09-17T07:24:24.085402Z[0m [32m INFO[0m [2mtachyon_serverless_application::services::invoke[0m[2m:[0m invocation finished [3minvocation_id[0m[2m=[0minv_01m2q415aq28v8mwpna0fq1chp [3mstatus[0m[2m=[0m"succeeded" [3mhandler_ms[0m[2m=[0m577 [3menvironment_boot_ms[0m[2m=[0m6 [3mruntime_init_ms[0m[2m=[0m8
[2m2026-09-17T07:24:24.086862Z[0m [32m INFO[0m [2mtachyon_serverless_provider_process[0m[2m:[0m terminating bridge [3menvironment_id[0m[2m=[0menv_01m2q415aq845gxy230d0ka748 [3mpid[0m[2m=[0m61917 [3mreason[0m[2m=[0mCompleted [3mgraceful[0m[2m=[0mtrue
[2m2026-09-17T07:24:24.248481Z[0m [32m INFO[0m [2mtachyon_serverless_provider_process[0m[2m:[0m bridge spawned [3menvironment_id[0m[2m=[0menv_01m2q41621sx3gvppjp8yefw2h [3mpid[0m[2m=[0m61924
[2m2026-09-17T07:24:24.336740Z[0m [32m INFO[0m [2mtachyon_serverless_provider_process[0m[2m:[0m bridge spawned [3menvironment_id[0m[2m=[0menv_01m2q4164p2wfvs3e3f87hh5g4 [3mpid[0m[2m=[0m61926
[2m2026-09-17T07:24:24.338840Z[0m [32m INFO[0m [2mtachyon_serverless_provider_process[0m[2m:[0m bridge spawned [3menvironment_id[0m[2m=[0menv_01m2q4164vnd3bgb3egpecpygx [3mpid[0m[2m=[0m61927
[2m2026-09-17T07:24:24.814066Z[0m [32m INFO[0m [2mtachyon_serverless_application::services::invoke[0m[2m:[0m invocation finished [3minvocation_id[0m[2m=[0minv_01m2q415azda0th24tesydg8md [3mstatus[0m[2m=[0m"succeeded" [3mhandler_ms[0m[2m=[0m543 [3menvironment_boot_ms[0m[2m=[0m6 [3mruntime_init_ms[0m[2m=[0m14
[2m2026-09-17T07:24:24.814235Z[0m [32m INFO[0m [2mtachyon_serverless_provider_process[0m[2m:[0m terminating bridge [3menvironment_id[0m[2m=[0menv_01m2q41621sx3gvppjp8yefw2h [3mpid[0m[2m=[0m61924 [3mreason[0m[2m=[0mCompleted [3mgraceful[0m[2m=[0mtrue
[2m2026-09-17T07:24:24.859017Z[0m [32m INFO[0m [2mtachyon_serverless_application::services::invoke[0m[2m:[0m invocation finished [3minvocation_id[0m[2m=[0minv_01m2q415b1fmpxjb9fga42r2gp [3mstatus[0m[2m=[0m"succeeded" [3mhandler_ms[0m[2m=[0m505 [3menvironment_boot_ms[0m[2m=[0m7 [3mruntime_init_ms[0m[2m=[0m8
[2m2026-09-17T07:24:24.860537Z[0m [32m INFO[0m [2mtachyon_serverless_provider_process[0m[2m:[0m terminating bridge [3menvironment_id[0m[2m=[0menv_01m2q4164p2wfvs3e3f87hh5g4 [3mpid[0m[2m=[0m61926 [3mreason[0m[2m=[0mCompleted [3mgraceful[0m[2m=[0mtrue
[2m2026-09-17T07:24:24.938412Z[0m [32m INFO[0m [2mtachyon_serverless_application::services::invoke[0m[2m:[0m invocation finished [3minvocation_id[0m[2m=[0minv_01m2q415b4qw7jfq9dkpcm5zw0 [3mstatus[0m[2m=[0m"succeeded" [3mhandler_ms[0m[2m=[0m583 [3menvironment_boot_ms[0m[2m=[0m8 [3mruntime_init_ms[0m[2m=[0m7
[2m2026-09-17T07:24:24.939798Z[0m [32m INFO[0m [2mtachyon_serverless_provider_process[0m[2m:[0m terminating bridge [3menvironment_id[0m[2m=[0menv_01m2q4164vnd3bgb3egpecpygx [3mpid[0m[2m=[0m61927 [3mreason[0m[2m=[0mCompleted [3mgraceful[0m[2m=[0mtrue
[2m2026-09-17T07:24:25.077954Z[0m [32m INFO[0m [2mtachyon_serverless_provider_process[0m[2m:[0m bridge spawned [3menvironment_id[0m[2m=[0menv_01m2q416vhm5b66906qnmsaqrj [3mpid[0m[2m=[0m61952
[2m2026-09-17T07:24:25.119499Z[0m [32m INFO[0m [2mtachyon_serverless_provider_process[0m[2m:[0m bridge spawned [3menvironment_id[0m[2m=[0menv_01m2q416x76nc3nbccqgd94gjv [3mpid[0m[2m=[0m61954
[2m2026-09-17T07:24:25.212177Z[0m [32m INFO[0m [2mtachyon_serverless_provider_process[0m[2m:[0m bridge spawned [3menvironment_id[0m[2m=[0menv_01m2q416znvw5jnmadrfn1r9nn [3mpid[0m[2m=[0m61956
[2m2026-09-17T07:24:25.605521Z[0m [32m INFO[0m [2mtachyon_serverless_application::services::invoke[0m[2m:[0m invocation finished [3minvocation_id[0m[2m=[0minv_01m2q415bmankqnp3735gvr8a1 [3mstatus[0m[2m=[0m"succeeded" [3mhandler_ms[0m[2m=[0m507 [3menvironment_boot_ms[0m[2m=[0m7 [3mruntime_init_ms[0m[2m=[0m11
[2m2026-09-17T07:24:25.606932Z[0m [32m INFO[0m [2mtachyon_serverless_provider_process[0m[2m:[0m terminating bridge [3menvironment_id[0m[2m=[0menv_01m2q416vhm5b66906qnmsaqrj [3mpid[0m[2m=[0m61952 [3mreason[0m[2m=[0mCompleted [3mgraceful[0m[2m=[0mtrue
[2m2026-09-17T07:24:25.648060Z[0m [32m INFO[0m [2mtachyon_serverless_application::services::invoke[0m[2m:[0m invocation finished [3minvocation_id[0m[2m=[0minv_01m2q415cnz701w2067swtbr5b [3mstatus[0m[2m=[0m"succeeded" [3mhandler_ms[0m[2m=[0m512 [3menvironment_boot_ms[0m[2m=[0m7 [3mruntime_init_ms[0m[2m=[0m7
[2m2026-09-17T07:24:25.649433Z[0m [32m INFO[0m [2mtachyon_serverless_provider_process[0m[2m:[0m terminating bridge [3menvironment_id[0m[2m=[0menv_01m2q416x76nc3nbccqgd94gjv [3mpid[0m[2m=[0m61954 [3mreason[0m[2m=[0mCompleted [3mgraceful[0m[2m=[0mtrue
[2m2026-09-17T07:24:25.817148Z[0m [32m INFO[0m [2mtachyon_serverless_application::services::invoke[0m[2m:[0m invocation finished [3minvocation_id[0m[2m=[0minv_01m2q41637qm2qjm7yt1eddczb [3mstatus[0m[2m=[0m"succeeded" [3mhandler_ms[0m[2m=[0m584 [3menvironment_boot_ms[0m[2m=[0m8 [3mruntime_init_ms[0m[2m=[0m12
[2m2026-09-17T07:24:25.818524Z[0m [32m INFO[0m [2mtachyon_serverless_provider_process[0m[2m:[0m terminating bridge [3menvironment_id[0m[2m=[0menv_01m2q416znvw5jnmadrfn1r9nn [3mpid[0m[2m=[0m61956 [3mreason[0m[2m=[0mCompleted [3mgraceful[0m[2m=[0mtrue
[2m2026-09-17T07:24:25.861899Z[0m [32m INFO[0m [2mtachyon_serverless_provider_process[0m[2m:[0m bridge spawned [3menvironment_id[0m[2m=[0menv_01m2q417mcpk24fta9xayxegb2 [3mpid[0m[2m=[0m61958
[2m2026-09-17T07:24:25.908710Z[0m [32m INFO[0m [2mtachyon_serverless_provider_process[0m[2m:[0m bridge spawned [3menvironment_id[0m[2m=[0menv_01m2q417nmwcshxz9y6syn0b97 [3mpid[0m[2m=[0m61960
[2m2026-09-17T07:24:26.078820Z[0m [32m INFO[0m [2mtachyon_serverless_provider_process[0m[2m:[0m bridge spawned [3menvironment_id[0m[2m=[0menv_01m2q417tyazs7xnarzcf8x6hx [3mpid[0m[2m=[0m61962
[2m2026-09-17T07:24:26.415841Z[0m [32m INFO[0m [2mtachyon_serverless_application::services::invoke[0m[2m:[0m invocation finished [3minvocation_id[0m[2m=[0minv_01m2q41653e63gjwa3cx3vb4h0 [3mstatus[0m[2m=[0m"succeeded" [3mhandler_ms[0m[2m=[0m536 [3menvironment_boot_ms[0m[2m=[0m5 [3mruntime_init_ms[0m[2m=[0m10
[2m2026-09-17T07:24:26.417242Z[0m [32m INFO[0m [2mtachyon_serverless_provider_process[0m[2m:[0m terminating bridge [3menvironment_id[0m[2m=[0menv_01m2q417mcpk24fta9xayxegb2 [3mpid[0m[2m=[0m61958 [3mreason[0m[2m=[0mCompleted [3mgraceful[0m[2m=[0mtrue
[2m2026-09-17T07:24:26.487520Z[0m [32m INFO[0m [2mtachyon_serverless_application::services::invoke[0m[2m:[0m invocation finished [3minvocation_id[0m[2m=[0minv_01m2q41660z1twtxx09vqncc96 [3mstatus[0m[2m=[0m"succeeded" [3mhandler_ms[0m[2m=[0m560 [3menvironment_boot_ms[0m[2m=[0m8 [3mruntime_init_ms[0m[2m=[0m8
[2m2026-09-17T07:24:26.488939Z[0m [32m INFO[0m [2mtachyon_serverless_provider_process[0m[2m:[0m terminating bridge [3menvironment_id[0m[2m=[0menv_01m2q417nmwcshxz9y6syn0b97 [3mpid[0m[2m=[0m61960 [3mreason[0m[2m=[0mCompleted [3mgraceful[0m[2m=[0mtrue
[2m2026-09-17T07:24:26.607958Z[0m [32m INFO[0m [2mtachyon_serverless_application::services::invoke[0m[2m:[0m invocation finished [3minvocation_id[0m[2m=[0minv_01m2q416y1z12067exk47p3d99 [3mstatus[0m[2m=[0m"succeeded" [3mhandler_ms[0m[2m=[0m508 [3menvironment_boot_ms[0m[2m=[0m6 [3mruntime_init_ms[0m[2m=[0m13
[2m2026-09-17T07:24:26.609394Z[0m [32m INFO[0m [2mtachyon_serverless_provider_process[0m[2m:[0m terminating bridge [3menvironment_id[0m[2m=[0menv_01m2q417tyazs7xnarzcf8x6hx [3mpid[0m[2m=[0m61962 [3mreason[0m[2m=[0mCompleted [3mgraceful[0m[2m=[0mtrue
[2m2026-09-17T07:24:26.665910Z[0m [32m INFO[0m [2mtachyon_serverless_provider_process[0m[2m:[0m bridge spawned [3menvironment_id[0m[2m=[0menv_01m2q418dm80ed4s5h0a7mthpt [3mpid[0m[2m=[0m61964
[2m2026-09-17T07:24:26.761154Z[0m [32m INFO[0m [2mtachyon_serverless_provider_process[0m[2m:[0m bridge spawned [3menvironment_id[0m[2m=[0menv_01m2q418fwwdnkcgr6zh76syws [3mpid[0m[2m=[0m61967
[2m2026-09-17T07:24:26.880168Z[0m [32m INFO[0m [2mtachyon_serverless_provider_process[0m[2m:[0m bridge spawned [3menvironment_id[0m[2m=[0menv_01m2q418kts1w3j7ds4xhh9j49 [3mpid[0m[2m=[0m61969
[2m2026-09-17T07:24:27.214320Z[0m [32m INFO[0m [2mtachyon_serverless_application::services::invoke[0m[2m:[0m invocation finished [3minvocation_id[0m[2m=[0minv_01m2q416ydxc99fy1vh432qcnh [3mstatus[0m[2m=[0m"succeeded" [3mhandler_ms[0m[2m=[0m526 [3menvironment_boot_ms[0m[2m=[0m11 [3mruntime_init_ms[0m[2m=[0m9
[2m2026-09-17T07:24:27.215693Z[0m [32m INFO[0m [2mtachyon_serverless_provider_process[0m[2m:[0m terminating bridge [3menvironment_id[0m[2m=[0menv_01m2q418dm80ed4s5h0a7mthpt [3mpid[0m[2m=[0m61964 [3mreason[0m[2m=[0mCompleted [3mgraceful[0m[2m=[0mtrue
[2m2026-09-17T07:24:27.370246Z[0m [32m INFO[0m [2mtachyon_serverless_application::services::invoke[0m[2m:[0m invocation finished [3minvocation_id[0m[2m=[0minv_01m2q4171hkt3wde2y7ds51r7e [3mstatus[0m[2m=[0m"succeeded" [3mhandler_ms[0m[2m=[0m592 [3menvironment_boot_ms[0m[2m=[0m6 [3mruntime_init_ms[0m[2m=[0m8
[2m2026-09-17T07:24:27.371642Z[0m [32m INFO[0m [2mtachyon_serverless_provider_process[0m[2m:[0m terminating bridge [3menvironment_id[0m[2m=[0menv_01m2q418fwwdnkcgr6zh76syws [3mpid[0m[2m=[0m61967 [3mreason[0m[2m=[0mCompleted [3mgraceful[0m[2m=[0mtrue
[2m2026-09-17T07:24:27.463657Z[0m [32m INFO[0m [2mtachyon_serverless_provider_process[0m[2m:[0m bridge spawned [3menvironment_id[0m[2m=[0menv_01m2q4196kv11j3gza9eppwaxs [3mpid[0m[2m=[0m61972
[2m2026-09-17T07:24:27.471450Z[0m [32m INFO[0m [2mtachyon_serverless_application::services::invoke[0m[2m:[0m invocation finished [3minvocation_id[0m[2m=[0minv_01m2q417n0cetd73qph2s9d4n6 [3mstatus[0m[2m=[0m"succeeded" [3mhandler_ms[0m[2m=[0m571 [3menvironment_boot_ms[0m[2m=[0m6 [3mruntime_init_ms[0m[2m=[0m11
[2m2026-09-17T07:24:27.472266Z[0m [32m INFO[0m [2mtachyon_serverless_provider_process[0m[2m:[0m terminating bridge [3menvironment_id[0m[2m=[0menv_01m2q418kts1w3j7ds4xhh9j49 [3mpid[0m[2m=[0m61969 [3mreason[0m[2m=[0mCompleted [3mgraceful[0m[2m=[0mtrue
[2m2026-09-17T07:24:27.641719Z[0m [32m INFO[0m [2mtachyon_serverless_provider_process[0m[2m:[0m bridge spawned [3menvironment_id[0m[2m=[0menv_01m2q419bv75v8dvyhgv1bekz2 [3mpid[0m[2m=[0m61974
[2m2026-09-17T07:24:27.728256Z[0m [32m INFO[0m [2mtachyon_serverless_provider_process[0m[2m:[0m bridge spawned [3menvironment_id[0m[2m=[0menv_01m2q419en13qj0cjaa1r007nb [3mpid[0m[2m=[0m61976
[2m2026-09-17T07:24:28.074145Z[0m [32m INFO[0m [2mtachyon_serverless_application::services::invoke[0m[2m:[0m invocation finished [3minvocation_id[0m[2m=[0minv_01m2q417rgb0w82vtve9qa9f24 [3mstatus[0m[2m=[0m"succeeded" [3mhandler_ms[0m[2m=[0m591 [3menvironment_boot_ms[0m[2m=[0m7 [3mruntime_init_ms[0m[2m=[0m10
[2m2026-09-17T07:24:28.075540Z[0m [32m INFO[0m [2mtachyon_serverless_provider_process[0m[2m:[0m terminating bridge [3menvironment_id[0m[2m=[0menv_01m2q4196kv11j3gza9eppwaxs [3mpid[0m[2m=[0m61972 [3mreason[0m[2m=[0mCompleted [3mgraceful[0m[2m=[0mtrue
[2m2026-09-17T07:24:28.258101Z[0m [32m INFO[0m [2mtachyon_serverless_application::services::invoke[0m[2m:[0m invocation finished [3minvocation_id[0m[2m=[0minv_01m2q417w3dh0ztpf1es8bafmw [3mstatus[0m[2m=[0m"succeeded" [3mhandler_ms[0m[2m=[0m594 [3menvironment_boot_ms[0m[2m=[0m8 [3mruntime_init_ms[0m[2m=[0m11
[2m2026-09-17T07:24:28.259494Z[0m [32m INFO[0m [2mtachyon_serverless_provider_process[0m[2m:[0m terminating bridge [3menvironment_id[0m[2m=[0menv_01m2q419bv75v8dvyhgv1bekz2 [3mpid[0m[2m=[0m61974 [3mreason[0m[2m=[0mCompleted [3mgraceful[0m[2m=[0mtrue
[2m2026-09-17T07:24:28.261629Z[0m [32m INFO[0m [2mtachyon_serverless_application::services::invoke[0m[2m:[0m invocation finished [3minvocation_id[0m[2m=[0minv_01m2q418g83vwqbrn0nfjs6nzm [3mstatus[0m[2m=[0m"succeeded" [3mhandler_ms[0m[2m=[0m510 [3menvironment_boot_ms[0m[2m=[0m6 [3mruntime_init_ms[0m[2m=[0m14
[2m2026-09-17T07:24:28.262957Z[0m [32m INFO[0m [2mtachyon_serverless_provider_process[0m[2m:[0m terminating bridge [3menvironment_id[0m[2m=[0menv_01m2q419en13qj0cjaa1r007nb [3mpid[0m[2m=[0m61976 [3mreason[0m[2m=[0mCompleted [3mgraceful[0m[2m=[0mtrue
[2m2026-09-17T07:24:28.347758Z[0m [32m INFO[0m [2mtachyon_serverless_provider_process[0m[2m:[0m bridge spawned [3menvironment_id[0m[2m=[0menv_01m2q41a1mdtz72pw862y4reew [3mpid[0m[2m=[0m61981
[2m2026-09-17T07:24:28.516899Z[0m [32m INFO[0m [2mtachyon_serverless_provider_process[0m[2m:[0m bridge spawned [3menvironment_id[0m[2m=[0menv_01m2q41a78x3d4f71xfgbh7kpb [3mpid[0m[2m=[0m61983
[2m2026-09-17T07:24:28.517876Z[0m [32m INFO[0m [2mtachyon_serverless_provider_process[0m[2m:[0m bridge spawned [3menvironment_id[0m[2m=[0menv_01m2q41a7anvs81wtz22jyj5qf [3mpid[0m[2m=[0m61984
[2m2026-09-17T07:24:28.872604Z[0m [32m INFO[0m [2mtachyon_serverless_application::services::invoke[0m[2m:[0m invocation finished [3minvocation_id[0m[2m=[0minv_01m2q418gfxmj7b0cbqmyk74bz [3mstatus[0m[2m=[0m"succeeded" [3mhandler_ms[0m[2m=[0m507 [3menvironment_boot_ms[0m[2m=[0m9 [3mruntime_init_ms[0m[2m=[0m9
[2m2026-09-17T07:24:28.874002Z[0m [32m INFO[0m [2mtachyon_serverless_provider_process[0m[2m:[0m terminating bridge [3menvironment_id[0m[2m=[0menv_01m2q41a1mdtz72pw862y4reew [3mpid[0m[2m=[0m61981 [3mreason[0m[2m=[0mCompleted [3mgraceful[0m[2m=[0mtrue
[2m2026-09-17T07:24:29.119723Z[0m [32m INFO[0m [2mtachyon_serverless_application::services::invoke[0m[2m:[0m invocation finished [3minvocation_id[0m[2m=[0minv_01m2q418pc6d9642dzzm89et4p [3mstatus[0m[2m=[0m"succeeded" [3mhandler_ms[0m[2m=[0m585 [3menvironment_boot_ms[0m[2m=[0m7 [3mruntime_init_ms[0m[2m=[0m9
[2m2026-09-17T07:24:29.120977Z[0m [32m INFO[0m [2mtachyon_serverless_provider_process[0m[2m:[0m terminating bridge [3menvironment_id[0m[2m=[0menv_01m2q41a78x3d4f71xfgbh7kpb [3mpid[0m[2m=[0m61983 [3mreason[0m[2m=[0mCompleted [3mgraceful[0m[2m=[0mtrue
[2m2026-09-17T07:24:29.121973Z[0m [32m INFO[0m [2mtachyon_serverless_provider_process[0m[2m:[0m bridge spawned [3menvironment_id[0m[2m=[0menv_01m2q41atf7j5gy72zamsvbzsv [3mpid[0m[2m=[0m61987
[2m2026-09-17T07:24:29.128200Z[0m [32m INFO[0m [2mtachyon_serverless_application::services::invoke[0m[2m:[0m invocation finished [3minvocation_id[0m[2m=[0minv_01m2q4197ce7844vxj720nk0g2 [3mstatus[0m[2m=[0m"succeeded" [3mhandler_ms[0m[2m=[0m592 [3menvironment_boot_ms[0m[2m=[0m7 [3mruntime_init_ms[0m[2m=[0m8
[2m2026-09-17T07:24:29.129541Z[0m [32m INFO[0m [2mtachyon_serverless_provider_process[0m[2m:[0m terminating bridge [3menvironment_id[0m[2m=[0menv_01m2q41a7anvs81wtz22jyj5qf [3mpid[0m[2m=[0m61984 [3mreason[0m[2m=[0mCompleted [3mgraceful[0m[2m=[0mtrue
[2m2026-09-17T07:24:29.368257Z[0m [32m INFO[0m [2mtachyon_serverless_provider_process[0m[2m:[0m bridge spawned [3menvironment_id[0m[2m=[0menv_01m2q41b25fbmtmpzzyawvqhzw [3mpid[0m[2m=[0m61989
[2m2026-09-17T07:24:29.373318Z[0m [32m INFO[0m [2mtachyon_serverless_provider_process[0m[2m:[0m bridge spawned [3menvironment_id[0m[2m=[0menv_01m2q41b2d3n55p8k03x5x9xes [3mpid[0m[2m=[0m61990
[2m2026-09-17T07:24:29.723661Z[0m [32m INFO[0m [2mtachyon_serverless_application::services::invoke[0m[2m:[0m invocation finished [3minvocation_id[0m[2m=[0minv_01m2q419epvekbfhgdfsm68wb3 [3mstatus[0m[2m=[0m"succeeded" [3mhandler_ms[0m[2m=[0m585 [3menvironment_boot_ms[0m[2m=[0m7 [3mruntime_init_ms[0m[2m=[0m7
[2m2026-09-17T07:24:29.725062Z[0m [32m INFO[0m [2mtachyon_serverless_provider_process[0m[2m:[0m terminating bridge [3menvironment_id[0m[2m=[0menv_01m2q41atf7j5gy72zamsvbzsv [3mpid[0m[2m=[0m61987 [3mreason[0m[2m=[0mCompleted [3mgraceful[0m[2m=[0mtrue
[2m2026-09-17T07:24:29.900129Z[0m [32m INFO[0m [2mtachyon_serverless_application::services::invoke[0m[2m:[0m invocation finished [3minvocation_id[0m[2m=[0minv_01m2q419favwbwp75zt5904wg0 [3mstatus[0m[2m=[0m"succeeded" [3mhandler_ms[0m[2m=[0m512 [3menvironment_boot_ms[0m[2m=[0m7 [3mruntime_init_ms[0m[2m=[0m11
[2m2026-09-17T07:24:29.901505Z[0m [32m INFO[0m [2mtachyon_serverless_provider_process[0m[2m:[0m terminating bridge [3menvironment_id[0m[2m=[0menv_01m2q41b25fbmtmpzzyawvqhzw [3mpid[0m[2m=[0m61989 [3mreason[0m[2m=[0mCompleted [3mgraceful[0m[2m=[0mtrue
[2m2026-09-17T07:24:29.921635Z[0m [32m INFO[0m [2mtachyon_serverless_application::services::invoke[0m[2m:[0m invocation finished [3minvocation_id[0m[2m=[0minv_01m2q41a4qwrtf0326byj5f99a [3mstatus[0m[2m=[0m"succeeded" [3mhandler_ms[0m[2m=[0m532 [3menvironment_boot_ms[0m[2m=[0m7 [3mruntime_init_ms[0m[2m=[0m7
[2m2026-09-17T07:24:29.923044Z[0m [32m INFO[0m [2mtachyon_serverless_provider_process[0m[2m:[0m terminating bridge [3menvironment_id[0m[2m=[0menv_01m2q41b2d3n55p8k03x5x9xes [3mpid[0m[2m=[0m61990 [3mreason[0m[2m=[0mCompleted [3mgraceful[0m[2m=[0mtrue
[2m2026-09-17T07:24:30.234981Z[0m [32m INFO[0m [2mtachyon_serverless_provider_process[0m[2m:[0m bridge spawned [3menvironment_id[0m[2m=[0menv_01m2q41bycdy9rs0tyky65yf7s [3mpid[0m[2m=[0m61994
[2m2026-09-17T07:24:30.558182Z[0m [32m INFO[0m [2mtachyon_serverless_application::services::invoke[0m[2m:[0m invocation finished [3minvocation_id[0m[2m=[0minv_01m2q41byc4xv1x54fvq5nk2qx [3mstatus[0m[2m=[0m"succeeded" [3mhandler_ms[0m[2m=[0m305 [3menvironment_boot_ms[0m[2m=[0m7 [3mruntime_init_ms[0m[2m=[0m9
[2m2026-09-17T07:24:30.559558Z[0m [32m INFO[0m [2mtachyon_serverless_provider_process[0m[2m:[0m terminating bridge [3menvironment_id[0m[2m=[0menv_01m2q41bycdy9rs0tyky65yf7s [3mpid[0m[2m=[0m61994 [3mreason[0m[2m=[0mCompleted [3mgraceful[0m[2m=[0mtrue
[2m2026-09-17T07:24:30.856449Z[0m [32m INFO[0m [2mtachyon_serverless_provider_process[0m[2m:[0m bridge spawned [3menvironment_id[0m[2m=[0menv_01m2q41cj92vs5v5gg9mv27b5r [3mpid[0m[2m=[0m61997
[2m2026-09-17T07:24:31.235413Z[0m [32m INFO[0m [2mtachyon_serverless_application::services::invoke[0m[2m:[0m invocation finished [3minvocation_id[0m[2m=[0minv_01m2q41cj8x3tj6bwd6rb9c0p0 [3mstatus[0m[2m=[0m"succeeded" [3mhandler_ms[0m[2m=[0m363 [3menvironment_boot_ms[0m[2m=[0m5 [3mruntime_init_ms[0m[2m=[0m8
[2m2026-09-17T07:24:31.236813Z[0m [32m INFO[0m [2mtachyon_serverless_provider_process[0m[2m:[0m terminating bridge [3menvironment_id[0m[2m=[0menv_01m2q41cj92vs5v5gg9mv27b5r [3mpid[0m[2m=[0m61997 [3mreason[0m[2m=[0mCompleted [3mgraceful[0m[2m=[0mtrue
[2m2026-09-17T07:24:31.531704Z[0m [32m INFO[0m [2mtachyon_serverless_provider_process[0m[2m:[0m bridge spawned [3menvironment_id[0m[2m=[0menv_01m2q41d7dt6qfpmjbq7y3g9rd [3mpid[0m[2m=[0m62003
[2m2026-09-17T07:24:31.862542Z[0m [32m INFO[0m [2mtachyon_serverless_application::services::invoke[0m[2m:[0m invocation finished [3minvocation_id[0m[2m=[0minv_01m2q41d7dfyea7awffdzf996x [3mstatus[0m[2m=[0m"succeeded" [3mhandler_ms[0m[2m=[0m313 [3menvironment_boot_ms[0m[2m=[0m7 [3mruntime_init_ms[0m[2m=[0m9
[2m2026-09-17T07:24:31.863929Z[0m [32m INFO[0m [2mtachyon_serverless_provider_process[0m[2m:[0m terminating bridge [3menvironment_id[0m[2m=[0menv_01m2q41d7dt6qfpmjbq7y3g9rd [3mpid[0m[2m=[0m62003 [3mreason[0m[2m=[0mCompleted [3mgraceful[0m[2m=[0mtrue
[2m2026-09-17T07:24:33.367465Z[0m [32m INFO[0m [2mtachyon_serverless_gateway[0m[2m:[0m SIGTERM received
[2m2026-09-17T07:24:33.367515Z[0m [32m INFO[0m [2mtachyon_serverless_gateway[0m[2m:[0m shutdown requested; cancelling in-flight invocations
[2m2026-09-17T07:24:33.368671Z[0m [32m INFO[0m [2mtachyon_serverless_gateway[0m[2m:[0m gateway stopped
