{"timestamp":"2026-09-18T02:24:03.630051Z","level":"INFO","message":"configuration loaded","config":"/home/takanorifukuyama.guest/lab/docs/evidence/warm-20260918T022403Z/gateway.toml","target":"tachyon_serverless_gateway"}
{"timestamp":"2026-09-18T02:24:03.633500Z","level":"INFO","message":"egress restricted / public-web are unavailable on this host (egress none is unaffected)","reason":"net.ipv4.ip_forward is not 1 (guests could not reach anything)","target":"tachyon_serverless_provider_firecracker::provider"}
{"timestamp":"2026-09-18T02:24:03.683256Z","level":"INFO","message":"state store opened","path":"/home/takanorifukuyama.guest/plt4649/runs/warm/data/state.db","schema_version":8,"migrations_applied":"[1, 2, 3, 4, 5, 6, 7, 8]","imported_state_json":"None","settled_invocations":0,"settled_attempts":0,"settled_environments":0,"released_leases":0,"dropped_idempotency_keys":0,"purged_idempotency_keys":0,"outputs_purged":0,"target":"tachyon_serverless_application::app"}
{"timestamp":"2026-09-18T02:24:03.781826Z","level":"INFO","message":"log store opened","path":"/home/takanorifukuyama.guest/plt4649/runs/warm/data/logs/logs.db","healthy":true,"retention_seconds":604800,"max_total_bytes":1073741824,"target":"tachyon_serverless_application::app"}
{"timestamp":"2026-09-18T02:24:03.786229Z","level":"INFO","message":"dispatcher registered","dispatcher_id":"dsp_01m2s57z654pcv2x79f0qx2aqs","instance":"gateway@127.0.0.1:18484","pid":669725,"lease_ttl_seconds":30,"target":"tachyon_serverless_application::services::dispatcher"}
{"timestamp":"2026-09-18T02:24:03.982073Z","level":"INFO","message":"application bootstrapped","profile":"dev","provider":"firecracker","dev_only":false,"environment_reuse":true,"reuse_verified":true,"reuse_reason":"the provider reports both idle capabilities as supported and [pool] enabled is true","reuse_disabled":"None","idle_quiesce":"supported","idle_resume":"supported","data_dir":"/home/takanorifukuyama.guest/plt4649/runs/warm/data","store":"sqlite","dispatcher_id":"dsp_01m2s57z654pcv2x79f0qx2aqs","node":"kvm-node","node_region":"none","node_memory_mib":"None","max_concurrency":8,"queue":"none","objects":"none","invoke_async":false,"triggers":false,"target":"tachyon_serverless_application::app"}
{"timestamp":"2026-09-18T02:24:03.991334Z","level":"INFO","message":"startup reconcile finished","provider":"firecracker","found":0,"adopted":0,"terminated":0,"disowned":0,"failed":0,"lost":0,"foreign":0,"reclaimed_dispatchers":0,"fenced_terminated":0,"fenced_pending":0,"target":"tachyon_serverless_application::services::reconcile"}
{"timestamp":"2026-09-18T02:24:03.991710Z","level":"INFO","message":"gateway listening","addr":"127.0.0.1:18484","profile":"dev","provider":"firecracker","target":"tachyon_serverless_gateway"}
{"timestamp":"2026-09-18T02:24:14.839486Z","level":"INFO","message":"revision ready","revision_id":"rev_01m2s589sz47msxh15dabmvr50","function_id":"fn_01m2s589drn0mk2re0zmn3v8xa","target":"tachyon_serverless_application::services::revision"}
{"timestamp":"2026-09-18T02:24:15.314422Z","level":"INFO","message":"firecracker spawned","env_id":"env_01m2s58a5shmfrv3m6z5p7v5be","pid":669901,"instance_id":"env-01m2s58a5shmfrv3m6z5p7v5be","jailed":true,"cgroup":"/sys/fs/cgroup/tachyon/env_01m2s58a5shmfrv3m6z5p7v5be","target":"tachyon_serverless_provider_firecracker::provider"}
{"timestamp":"2026-09-18T02:24:15.615222Z","level":"INFO","message":"InstanceStart accepted","env_id":"env_01m2s58a5shmfrv3m6z5p7v5be","vcpus":1,"mem_mib":256,"scratch_bytes":268435456,"target":"tachyon_serverless_provider_firecracker::provider"}
{"timestamp":"2026-09-18T02:24:34.154291Z","level":"INFO","message":"invocation finished","invocation_id":"inv_01m2s58a5hhe6np8h60kzd081r","status":"succeeded","handler_ms":412,"environment_boot_ms":16956,"runtime_init_ms":1565,"target":"tachyon_serverless_application::services::invoke"}
{"timestamp":"2026-09-18T02:24:37.730335Z","level":"INFO","message":"invocation finished","invocation_id":"inv_01m2s5907svevkjhnj1rxzqyhv","status":"succeeded","handler_ms":156,"environment_boot_ms":0,"runtime_init_ms":0,"target":"tachyon_serverless_application::services::invoke"}
{"timestamp":"2026-09-18T02:24:38.040891Z","level":"INFO","message":"invocation finished","invocation_id":"inv_01m2s590g46c030ecc8sh7geee","status":"succeeded","handler_ms":107,"environment_boot_ms":0,"runtime_init_ms":0,"target":"tachyon_serverless_application::services::invoke"}
{"timestamp":"2026-09-18T02:24:38.343005Z","level":"INFO","message":"invocation finished","invocation_id":"inv_01m2s590sbqtdpb1vzpzz2dnsw","status":"succeeded","handler_ms":110,"environment_boot_ms":0,"runtime_init_ms":0,"target":"tachyon_serverless_application::services::invoke"}
{"timestamp":"2026-09-18T02:24:38.532400Z","level":"INFO","message":"invocation finished","invocation_id":"inv_01m2s59115n2jcx868yp77mq6d","status":"succeeded","handler_ms":66,"environment_boot_ms":0,"runtime_init_ms":0,"target":"tachyon_serverless_application::services::invoke"}
{"timestamp":"2026-09-18T02:24:38.744191Z","level":"INFO","message":"invocation finished","invocation_id":"inv_01m2s5917mkzmmvzs6rttt024c","status":"succeeded","handler_ms":71,"environment_boot_ms":0,"runtime_init_ms":0,"target":"tachyon_serverless_application::services::invoke"}
{"timestamp":"2026-09-18T02:24:38.847622Z","level":"INFO","message":"SIGTERM received","target":"tachyon_serverless_gateway"}
{"timestamp":"2026-09-18T02:24:38.847715Z","level":"INFO","message":"shutdown requested; cancelling in-flight invocations","target":"tachyon_serverless_gateway"}
{"timestamp":"2026-09-18T02:24:38.909396Z","level":"INFO","message":"cgroup stats at teardown","env_id":"env_01m2s58a5shmfrv3m6z5p7v5be","cgroup":"/sys/fs/cgroup/tachyon/env_01m2s58a5shmfrv3m6z5p7v5be","stats":"{\"cpu.max\":\"50000 100000\",\"cpu.stat\":{\"burst_usec\":0,\"core_sched.force_idle_usec\":0,\"nice_usec\":0,\"nr_bursts\":0,\"nr_periods\":204,\"nr_throttled\":193,\"system_usec\":5376881,\"throttled_usec\":9672876,\"usage_usec\":9914234,\"user_usec\":4537353},\"memory.current\":4333568,\"memory.events\":{\"high\":0,\"low\":0,\"max\":0,\"oom\":0,\"oom_group_kill\":0,\"oom_kill\":0,\"sock_throttled\":0},\"memory.max\":335544320,\"memory.peak\":46886912,\"pids.max\":64,\"pids.peak\":3}","target":"tachyon_serverless_provider_firecracker::provider"}
{"timestamp":"2026-09-18T02:24:38.939146Z","level":"INFO","message":"environment terminated","env_id":"env_01m2s58a5shmfrv3m6z5p7v5be","reason":"Quiesced","was_running":true,"target":"tachyon_serverless_provider_firecracker::provider"}
{"timestamp":"2026-09-18T02:24:38.956009Z","level":"INFO","message":"idle environment reaped","environment_id":"env_01m2s58a5shmfrv3m6z5p7v5be","revision_id":"rev_01m2s589sz47msxh15dabmvr50","reason":"pool drain","target":"tachyon_serverless_application::services::pool"}
{"timestamp":"2026-09-18T02:24:38.956148Z","level":"INFO","message":"idle sweep finished","examined":1,"reaped":1,"drained":0,"kept":0,"raced":0,"failed":0,"target":"tachyon_serverless_application::services::pool"}
{"timestamp":"2026-09-18T02:24:38.956190Z","level":"INFO","message":"pooled environments terminated on shutdown","reaped":1,"target":"tachyon_serverless_gateway"}
{"timestamp":"2026-09-18T02:24:38.970353Z","level":"INFO","message":"final usage collection","report":"CollectReport { batches: 1, read: 1, inserted: 1, duplicates: 0, cursor_seq: 20 }","target":"tachyon_serverless_gateway"}
{"timestamp":"2026-09-18T02:24:38.993126Z","level":"INFO","message":"gateway stopped","target":"tachyon_serverless_gateway"}
