
===== a start (failpoints: none) 11:17:25 =====
{"timestamp":"2026-09-17T11:17:25.588668Z","level":"INFO","message":"configuration loaded","config":"/private/var/folders/z7/khzdjrt95cg_fcmcnh4j1b5h0000gn/T/tsls-chaos.w4JWzB/gw-a.toml","target":"tachyon_serverless_gateway"}
{"timestamp":"2026-09-17T11:17:25.590965Z","level":"INFO","message":"connected successfully","server":"50948","max_payload":"1048576","target":"async_nats::connector"}
{"timestamp":"2026-09-17T11:17:25.591077Z","level":"INFO","message":"event: connected","target":"async_nats"}
{"timestamp":"2026-09-17T11:17:25.604841Z","level":"INFO","message":"JetStream queue connected and stream bootstrapped","url":"nats://127.0.0.1:50948","stream":"TACHYON_EVENTS","target":"tachyon_serverless_gateway::durable"}
{"timestamp":"2026-09-17T11:17:25.613646Z","level":"INFO","message":"state store opened","path":"/private/var/folders/z7/khzdjrt95cg_fcmcnh4j1b5h0000gn/T/tsls-chaos.w4JWzB/data/state.db","schema_version":8,"migrations_applied":"[1, 2, 3, 4, 5, 6, 7, 8]","imported_state_json":"None","settled_invocations":0,"settled_attempts":0,"settled_environments":0,"released_leases":0,"dropped_idempotency_keys":0,"purged_idempotency_keys":0,"outputs_purged":0,"target":"tachyon_serverless_application::app"}
{"timestamp":"2026-09-17T11:17:25.613930Z","level":"INFO","message":"dispatcher registered","dispatcher_id":"dsp_01m2qhbvzdn1trxpktrqrvgp4e","instance":"chaos-a","pid":27065,"lease_ttl_seconds":6,"target":"tachyon_serverless_application::services::dispatcher"}
{"timestamp":"2026-09-17T11:17:25.617012Z","level":"INFO","message":"application bootstrapped","profile":"dev","provider":"process","dev_only":true,"environment_reuse":false,"reuse_verified":false,"reuse_reason":"[pool] enabled is false","reuse_disabled":"Some(Configuration)","idle_quiesce":"unsupported","idle_resume":"unsupported","data_dir":"/private/var/folders/z7/khzdjrt95cg_fcmcnh4j1b5h0000gn/T/tsls-chaos.w4JWzB/data","store":"sqlite","dispatcher_id":"dsp_01m2qhbvzdn1trxpktrqrvgp4e","node":"local","node_region":"none","node_memory_mib":"None","max_concurrency":8,"queue":"nats","objects":"filesystem","invoke_async":true,"triggers":true,"target":"tachyon_serverless_application::app"}
{"timestamp":"2026-09-17T11:17:25.617219Z","level":"INFO","message":"startup reconcile finished","provider":"process","found":0,"adopted":0,"terminated":0,"disowned":0,"failed":0,"lost":0,"foreign":0,"reclaimed_dispatchers":0,"fenced_terminated":0,"fenced_pending":0,"target":"tachyon_serverless_application::services::reconcile"}
{"timestamp":"2026-09-17T11:17:25.617283Z","level":"INFO","message":"gateway listening","addr":"127.0.0.1:50954","profile":"dev","provider":"process","target":"tachyon_serverless_gateway"}
{"timestamp":"2026-09-17T11:17:25.618738Z","level":"INFO","message":"asynchronous dispatcher started","workers":2,"owner":"dsp_01m2qhbvzdn1trxpktrqrvgp4e","target":"tachyon_serverless_gateway"}
{"timestamp":"2026-09-17T11:17:26.549821Z","level":"INFO","message":"revision ready","revision_id":"rev_01m2qhbwnyvjxnhcr3gmtqhwn9","function_id":"fn_01m2qhbw7whs42ce46b8jcqxcc","target":"tachyon_serverless_application::services::revision"}
{"timestamp":"2026-09-17T11:17:27.379200Z","level":"INFO","message":"revision ready","revision_id":"rev_01m2qhbxfgkprf4xwrbh9d3ve6","function_id":"fn_01m2qhbx08r19b95a08a8ab9bx","target":"tachyon_serverless_application::services::revision"}
{"timestamp":"2026-09-17T11:17:28.240384Z","level":"INFO","message":"revision ready","revision_id":"rev_01m2qhbya8nsrj9ek4k77qpp4v","function_id":"fn_01m2qhbxtgvm5vw1esjx7b4nv0","target":"tachyon_serverless_application::services::revision"}
{"timestamp":"2026-09-17T11:17:28.341749Z","level":"INFO","message":"trigger created","trigger_id":"trg_01m2qhbymnezykgsdvykz4hr3b","function_id":"fn_01m2qhbx08r19b95a08a8ab9bx","kind":"cron","enabled":true,"next_fire_at":"Some(2026-09-17T11:17:30Z)","target":"tachyon_serverless_application::services::triggers"}
{"timestamp":"2026-09-17T11:17:28.357789Z","level":"INFO","message":"trigger created","trigger_id":"trg_01m2qhbyn5k06kdy71623fw64t","function_id":"fn_01m2qhbx08r19b95a08a8ab9bx","kind":"webhook","enabled":true,"next_fire_at":"None","target":"tachyon_serverless_application::services::triggers"}
{"timestamp":"2026-09-17T11:17:28.625786Z","level":"INFO","message":"bridge spawned","environment_id":"env_01m2qhbyp49ck0jf09h1v7q0m4","pid":27379,"target":"tachyon_serverless_provider_process"}
{"timestamp":"2026-09-17T11:17:28.917597Z","level":"INFO","message":"invocation finished","invocation_id":"inv_01m2qhbyp3tt6df9yth5m5hbw1","status":"succeeded","handler_ms":0,"environment_boot_ms":6,"runtime_init_ms":283,"target":"tachyon_serverless_application::services::invoke"}
{"timestamp":"2026-09-17T11:17:28.919333Z","level":"INFO","message":"terminating bridge","environment_id":"env_01m2qhbyp49ck0jf09h1v7q0m4","pid":27379,"reason":"Completed","graceful":true,"target":"tachyon_serverless_provider_process"}
{"timestamp":"2026-09-17T11:17:28.992428Z","level":"INFO","message":"asynchronous invocation accepted","invocation_id":"inv_01m2qhbz8zezdh5415ygyc6qez","tenant_id":"tn_01hzzzzzzzzzzzzzzzzzzzzzza","revision_id":"rev_01m2qhbwnyvjxnhcr3gmtqhwn9","input_bytes":47,"input_storage":"inline","target":"tachyon_serverless_application::services::invoke_async"}
{"timestamp":"2026-09-17T11:17:29.003325Z","level":"INFO","message":"asynchronous run claimed","invocation_id":"inv_01m2qhbz8zezdh5415ygyc6qez","attempt":1,"generation":0,"delivery_count":1,"target":"tachyon_serverless_application::services::invoke_async::dispatch"}
{"timestamp":"2026-09-17T11:17:29.087233Z","level":"INFO","message":"asynchronous invocation accepted","invocation_id":"inv_01m2qhbzbdhh0erz80fw8vb0jc","tenant_id":"tn_01hzzzzzzzzzzzzzzzzzzzzzza","revision_id":"rev_01m2qhbwnyvjxnhcr3gmtqhwn9","input_bytes":4127,"input_storage":"object","target":"tachyon_serverless_application::services::invoke_async"}
{"timestamp":"2026-09-17T11:17:29.093313Z","level":"INFO","message":"asynchronous run claimed","invocation_id":"inv_01m2qhbzbdhh0erz80fw8vb0jc","attempt":1,"generation":0,"delivery_count":1,"target":"tachyon_serverless_application::services::invoke_async::dispatch"}
{"timestamp":"2026-09-17T11:17:29.135097Z","level":"INFO","message":"asynchronous invocation accepted","invocation_id":"inv_01m2qhbzde7zzdh56thy1zsdw6","tenant_id":"tn_01hzzzzzzzzzzzzzzzzzzzzzza","revision_id":"rev_01m2qhbxfgkprf4xwrbh9d3ve6","input_bytes":189,"input_storage":"inline","target":"tachyon_serverless_application::services::invoke_async"}
{"timestamp":"2026-09-17T11:17:29.135153Z","level":"INFO","message":"webhook trigger fired","trigger_id":"trg_01m2qhbyn5k06kdy71623fw64t","event_id":"evt-pre-w1","invocation_id":"inv_01m2qhbzde7zzdh56thy1zsdw6","revision_id":"rev_01m2qhbxfgkprf4xwrbh9d3ve6","replayed":false,"target":"tachyon_serverless_application::services::triggers"}
{"timestamp":"2026-09-17T11:17:29.274930Z","level":"INFO","message":"bridge spawned","environment_id":"env_01m2qhbz9brawk3mz0cnb3yzwe","pid":27455,"target":"tachyon_serverless_provider_process"}
{"timestamp":"2026-09-17T11:17:29.384562Z","level":"INFO","message":"bridge spawned","environment_id":"env_01m2qhbzc7jz1h6yccfcyfsd8w","pid":27457,"target":"tachyon_serverless_provider_process"}
{"timestamp":"2026-09-17T11:17:29.451585Z","level":"INFO","message":"bridge spawned","environment_id":"env_01m2qhbze9cqp5e6gjrkkcxmc4","pid":27459,"target":"tachyon_serverless_provider_process"}
{"timestamp":"2026-09-17T11:17:29.468895Z","level":"INFO","message":"invocation finished","invocation_id":"inv_01m2qhbze98c7ea182ycvjtyw5","status":"succeeded","handler_ms":0,"environment_boot_ms":6,"runtime_init_ms":8,"target":"tachyon_serverless_application::services::invoke"}
{"timestamp":"2026-09-17T11:17:29.470724Z","level":"INFO","message":"terminating bridge","environment_id":"env_01m2qhbze9cqp5e6gjrkkcxmc4","pid":27459,"reason":"Completed","graceful":true,"target":"tachyon_serverless_provider_process"}
{"timestamp":"2026-09-17T11:17:29.563032Z","level":"INFO","message":"asynchronous invocation accepted","invocation_id":"inv_01m2qhbztt9htcr7ex8nn66frw","tenant_id":"tn_01hzzzzzzzzzzzzzzzzzzzzzza","revision_id":"rev_01m2qhbwnyvjxnhcr3gmtqhwn9","input_bytes":47,"input_storage":"inline","target":"tachyon_serverless_application::services::invoke_async"}
{"timestamp":"2026-09-17T11:17:29.667653Z","level":"INFO","message":"asynchronous invocation accepted","invocation_id":"inv_01m2qhbzxkdb9jdszwjn4fvesa","tenant_id":"tn_01hzzzzzzzzzzzzzzzzzzzzzza","revision_id":"rev_01m2qhbwnyvjxnhcr3gmtqhwn9","input_bytes":4127,"input_storage":"object","target":"tachyon_serverless_application::services::invoke_async"}
{"timestamp":"2026-09-17T11:17:29.676057Z","level":"INFO","message":"invocation finished","invocation_id":"inv_01m2qhbzbdhh0erz80fw8vb0jc","status":"succeeded (async run)","handler_ms":2,"environment_boot_ms":6,"runtime_init_ms":276,"target":"tachyon_serverless_application::services::invoke"}
{"timestamp":"2026-09-17T11:17:29.676803Z","level":"INFO","message":"terminating bridge","environment_id":"env_01m2qhbzc7jz1h6yccfcyfsd8w","pid":27457,"reason":"Completed","graceful":true,"target":"tachyon_serverless_provider_process"}
{"timestamp":"2026-09-17T11:17:29.677232Z","level":"INFO","message":"invocation finished","invocation_id":"inv_01m2qhbz8zezdh5415ygyc6qez","status":"succeeded (async run)","handler_ms":1,"environment_boot_ms":7,"runtime_init_ms":387,"target":"tachyon_serverless_application::services::invoke"}
{"timestamp":"2026-09-17T11:17:29.678930Z","level":"INFO","message":"terminating bridge","environment_id":"env_01m2qhbz9brawk3mz0cnb3yzwe","pid":27455,"reason":"Completed","graceful":true,"target":"tachyon_serverless_provider_process"}
{"timestamp":"2026-09-17T11:17:29.681685Z","level":"INFO","message":"asynchronous invocation settled","invocation_id":"inv_01m2qhbzbdhh0erz80fw8vb0jc","status":"succeeded","target":"tachyon_serverless_application::services::invoke_async::dispatch"}
{"timestamp":"2026-09-17T11:17:29.687786Z","level":"INFO","message":"async dispatch: delivery handled","message_id":"inv_01m2qhbzbdhh0erz80fw8vb0jc","sequence":2,"delivery_count":1,"outcome":"Completed { status: \"succeeded\" }","target":"tachyon_serverless_application::services::invoke_async::dispatch"}
{"timestamp":"2026-09-17T11:17:29.691758Z","level":"INFO","message":"asynchronous run claimed","invocation_id":"inv_01m2qhbzde7zzdh56thy1zsdw6","attempt":1,"generation":0,"delivery_count":1,"target":"tachyon_serverless_application::services::invoke_async::dispatch"}
{"timestamp":"2026-09-17T11:17:29.692342Z","level":"INFO","message":"asynchronous invocation settled","invocation_id":"inv_01m2qhbz8zezdh5415ygyc6qez","status":"succeeded","target":"tachyon_serverless_application::services::invoke_async::dispatch"}
{"timestamp":"2026-09-17T11:17:29.696643Z","level":"INFO","message":"async dispatch: delivery handled","message_id":"inv_01m2qhbz8zezdh5415ygyc6qez","sequence":1,"delivery_count":1,"outcome":"Completed { status: \"succeeded\" }","target":"tachyon_serverless_application::services::invoke_async::dispatch"}
{"timestamp":"2026-09-17T11:17:29.697479Z","level":"INFO","message":"asynchronous run claimed","invocation_id":"inv_01m2qhbztt9htcr7ex8nn66frw","attempt":1,"generation":0,"delivery_count":1,"target":"tachyon_serverless_application::services::invoke_async::dispatch"}
{"timestamp":"2026-09-17T11:17:29.721742Z","level":"INFO","message":"asynchronous invocation accepted","invocation_id":"inv_01m2qhbzzrq71myg329xbz8tbc","tenant_id":"tn_01hzzzzzzzzzzzzzzzzzzzzzza","revision_id":"rev_01m2qhbxfgkprf4xwrbh9d3ve6","input_bytes":189,"input_storage":"inline","target":"tachyon_serverless_application::services::invoke_async"}
{"timestamp":"2026-09-17T11:17:29.721800Z","level":"INFO","message":"webhook trigger fired","trigger_id":"trg_01m2qhbyn5k06kdy71623fw64t","event_id":"evt-pre-w2","invocation_id":"inv_01m2qhbzzrq71myg329xbz8tbc","revision_id":"rev_01m2qhbxfgkprf4xwrbh9d3ve6","replayed":false,"target":"tachyon_serverless_application::services::triggers"}
{"timestamp":"2026-09-17T11:17:29.758279Z","level":"INFO","message":"trigger updated","trigger_id":"trg_01m2qhbymnezykgsdvykz4hr3b","generation":2,"status":"disabled","next_fire_at":"None","rotated_secret":false,"target":"tachyon_serverless_application::services::triggers"}
{"timestamp":"2026-09-17T11:17:29.763519Z","level":"INFO","message":"SIGTERM received","target":"tachyon_serverless_gateway"}
{"timestamp":"2026-09-17T11:17:29.763571Z","level":"INFO","message":"shutdown requested; cancelling in-flight invocations","target":"tachyon_serverless_gateway"}
{"timestamp":"2026-09-17T11:17:29.763605Z","level":"INFO","message":"cancelling in-flight invocations for shutdown","count":2,"target":"tachyon_serverless_application::services::invoke"}
{"timestamp":"2026-09-17T11:17:29.992883Z","level":"INFO","message":"bridge spawned","environment_id":"env_01m2qhbzyw89d1r2f3zc8r2yzj","pid":27542,"target":"tachyon_serverless_provider_process"}
{"timestamp":"2026-09-17T11:17:29.993396Z","level":"INFO","message":"terminating bridge","environment_id":"env_01m2qhbzyw89d1r2f3zc8r2yzj","pid":27542,"reason":"Shutdown","graceful":true,"target":"tachyon_serverless_provider_process"}
{"timestamp":"2026-09-17T11:17:30.002221Z","level":"INFO","message":"bridge spawned","environment_id":"env_01m2qhbzz13apb2fp75rb662v8","pid":27543,"target":"tachyon_serverless_provider_process"}
{"timestamp":"2026-09-17T11:17:30.002598Z","level":"INFO","message":"terminating bridge","environment_id":"env_01m2qhbzz13apb2fp75rb662v8","pid":27543,"reason":"Shutdown","graceful":true,"target":"tachyon_serverless_provider_process"}
{"timestamp":"2026-09-17T11:17:32.496146Z","level":"INFO","message":"asynchronous invocation rescheduled","invocation_id":"inv_01m2qhbzde7zzdh56thy1zsdw6","next_attempt_at":"2026-09-17T11:17:32.676725+00:00","counted":false,"error_type":"Host.GatewayShutdown","target":"tachyon_serverless_application::services::invoke_async::dispatch"}
{"timestamp":"2026-09-17T11:17:32.501429Z","level":"INFO","message":"async dispatch: delivery handled","message_id":"inv_01m2qhbzde7zzdh56thy1zsdw6","sequence":3,"delivery_count":1,"outcome":"Rescheduled { next_attempt_at: 2026-09-17T11:17:32.676725Z, counted: false }","target":"tachyon_serverless_application::services::invoke_async::dispatch"}
{"timestamp":"2026-09-17T11:17:32.506502Z","level":"INFO","message":"asynchronous invocation rescheduled","invocation_id":"inv_01m2qhbztt9htcr7ex8nn66frw","next_attempt_at":"2026-09-17T11:17:32.650266+00:00","counted":false,"error_type":"Host.GatewayShutdown","target":"tachyon_serverless_application::services::invoke_async::dispatch"}
{"timestamp":"2026-09-17T11:17:32.510615Z","level":"INFO","message":"async dispatch: delivery handled","message_id":"inv_01m2qhbztt9htcr7ex8nn66frw","sequence":4,"delivery_count":1,"outcome":"Rescheduled { next_attempt_at: 2026-09-17T11:17:32.650266Z, counted: false }","target":"tachyon_serverless_application::services::invoke_async::dispatch"}
{"timestamp":"2026-09-17T11:17:32.511459Z","level":"INFO","message":"final usage collection","report":"CollectReport { batches: 1, read: 2, inserted: 2, duplicates: 0, cursor_seq: 22 }","target":"tachyon_serverless_gateway"}
{"timestamp":"2026-09-17T11:17:32.512420Z","level":"INFO","message":"gateway stopped","target":"tachyon_serverless_gateway"}
{"timestamp":"2026-09-17T11:17:32.512507Z","level":"INFO","message":"event: closed","target":"async_nats"}

===== a start (failpoints: accept.after_object_put=kill) 11:17:32 =====
{"timestamp":"2026-09-17T11:17:32.577182Z","level":"INFO","message":"configuration loaded","config":"/private/var/folders/z7/khzdjrt95cg_fcmcnh4j1b5h0000gn/T/tsls-chaos.w4JWzB/gw-a.toml","target":"tachyon_serverless_gateway"}
{"timestamp":"2026-09-17T11:17:32.579116Z","level":"INFO","message":"connected successfully","server":"50948","max_payload":"1048576","target":"async_nats::connector"}
{"timestamp":"2026-09-17T11:17:32.579208Z","level":"INFO","message":"event: connected","target":"async_nats"}
{"timestamp":"2026-09-17T11:17:32.590459Z","level":"INFO","message":"JetStream queue connected and stream bootstrapped","url":"nats://127.0.0.1:50948","stream":"TACHYON_EVENTS","target":"tachyon_serverless_gateway::durable"}
{"timestamp":"2026-09-17T11:17:32.591820Z","level":"INFO","message":"state store opened","path":"/private/var/folders/z7/khzdjrt95cg_fcmcnh4j1b5h0000gn/T/tsls-chaos.w4JWzB/data/state.db","schema_version":8,"migrations_applied":"[]","imported_state_json":"None","settled_invocations":0,"settled_attempts":0,"settled_environments":0,"released_leases":0,"dropped_idempotency_keys":0,"purged_idempotency_keys":0,"outputs_purged":0,"target":"tachyon_serverless_application::app"}
{"timestamp":"2026-09-17T11:17:32.592153Z","level":"INFO","message":"dispatcher registered","dispatcher_id":"dsp_01m2qhc2sfy8fh0ap2x9t43jxq","instance":"chaos-a","pid":27579,"lease_ttl_seconds":6,"target":"tachyon_serverless_application::services::dispatcher"}
{"timestamp":"2026-09-17T11:17:32.592459Z","level":"WARN","message":"reclaimed the work of dispatchers that lost their lease","dispatcher_id":"dsp_01m2qhc2sfy8fh0ap2x9t43jxq","reclaimed_dispatchers":"[DispatcherId(dsp_01m2qhbvzdn1trxpktrqrvgp4e)]","leases":0,"invocations":0,"attempts":0,"fenced":0,"target":"tachyon_serverless_application::services::dispatcher"}
{"timestamp":"2026-09-17T11:17:32.593296Z","level":"WARN","message":"failpoint armed from TSLS_FAILPOINTS","name":"accept.after_object_put","action":"Kill","count":"None","target":"tachyon_serverless_application::failpoints"}
{"timestamp":"2026-09-17T11:17:32.593366Z","level":"INFO","message":"application bootstrapped","profile":"dev","provider":"process","dev_only":true,"environment_reuse":false,"reuse_verified":false,"reuse_reason":"[pool] enabled is false","reuse_disabled":"Some(Configuration)","idle_quiesce":"unsupported","idle_resume":"unsupported","data_dir":"/private/var/folders/z7/khzdjrt95cg_fcmcnh4j1b5h0000gn/T/tsls-chaos.w4JWzB/data","store":"sqlite","dispatcher_id":"dsp_01m2qhc2sfy8fh0ap2x9t43jxq","node":"local","node_region":"none","node_memory_mib":"None","max_concurrency":8,"queue":"nats","objects":"filesystem","invoke_async":true,"triggers":true,"target":"tachyon_serverless_application::app"}
{"timestamp":"2026-09-17T11:17:32.593626Z","level":"INFO","message":"startup reconcile finished","provider":"process","found":0,"adopted":0,"terminated":0,"disowned":0,"failed":0,"lost":0,"foreign":0,"reclaimed_dispatchers":0,"fenced_terminated":0,"fenced_pending":0,"target":"tachyon_serverless_application::services::reconcile"}
{"timestamp":"2026-09-17T11:17:32.593676Z","level":"INFO","message":"gateway listening","addr":"127.0.0.1:50954","profile":"dev","provider":"process","target":"tachyon_serverless_gateway"}
{"timestamp":"2026-09-17T11:17:32.594804Z","level":"INFO","message":"asynchronous dispatcher started","workers":2,"owner":"dsp_01m2qhc2sfy8fh0ap2x9t43jxq","target":"tachyon_serverless_gateway"}
{"timestamp":"2026-09-17T11:17:32.601030Z","level":"INFO","message":"asynchronous run claimed","invocation_id":"inv_01m2qhbzzrq71myg329xbz8tbc","attempt":1,"generation":0,"delivery_count":1,"target":"tachyon_serverless_application::services::invoke_async::dispatch"}
{"timestamp":"2026-09-17T11:17:32.601491Z","level":"INFO","message":"asynchronous run claimed","invocation_id":"inv_01m2qhbzxkdb9jdszwjn4fvesa","attempt":1,"generation":0,"delivery_count":1,"target":"tachyon_serverless_application::services::invoke_async::dispatch"}
{"timestamp":"2026-09-17T11:17:32.785822Z","level":"INFO","message":"bridge spawned","environment_id":"env_01m2qhc2ss083btkx56bq6p55y","pid":27586,"target":"tachyon_serverless_provider_process"}
{"timestamp":"2026-09-17T11:17:32.795556Z","level":"INFO","message":"bridge spawned","environment_id":"env_01m2qhc2szf9xfh68dx7vf1qsd","pid":27588,"target":"tachyon_serverless_provider_process"}
{"timestamp":"2026-09-17T11:17:32.799550Z","level":"INFO","message":"invocation finished","invocation_id":"inv_01m2qhbzzrq71myg329xbz8tbc","status":"succeeded (async run)","handler_ms":0,"environment_boot_ms":5,"runtime_init_ms":6,"target":"tachyon_serverless_application::services::invoke"}
{"timestamp":"2026-09-17T11:17:32.800650Z","level":"INFO","message":"terminating bridge","environment_id":"env_01m2qhc2ss083btkx56bq6p55y","pid":27586,"reason":"Completed","graceful":true,"target":"tachyon_serverless_provider_process"}
{"timestamp":"2026-09-17T11:17:32.804271Z","level":"INFO","message":"asynchronous invocation settled","invocation_id":"inv_01m2qhbzzrq71myg329xbz8tbc","status":"succeeded","target":"tachyon_serverless_application::services::invoke_async::dispatch"}
{"timestamp":"2026-09-17T11:17:32.811911Z","level":"INFO","message":"async dispatch: delivery handled","message_id":"inv_01m2qhbzzrq71myg329xbz8tbc","sequence":6,"delivery_count":1,"outcome":"Completed { status: \"succeeded\" }","target":"tachyon_serverless_application::services::invoke_async::dispatch"}
{"timestamp":"2026-09-17T11:17:32.812936Z","level":"INFO","message":"invocation finished","invocation_id":"inv_01m2qhbzxkdb9jdszwjn4fvesa","status":"succeeded (async run)","handler_ms":1,"environment_boot_ms":5,"runtime_init_ms":10,"target":"tachyon_serverless_application::services::invoke"}
{"timestamp":"2026-09-17T11:17:32.813886Z","level":"INFO","message":"asynchronous run claimed","invocation_id":"inv_01m2qhbztt9htcr7ex8nn66frw","attempt":1,"generation":1,"delivery_count":1,"target":"tachyon_serverless_application::services::invoke_async::dispatch"}
{"timestamp":"2026-09-17T11:17:32.814055Z","level":"INFO","message":"terminating bridge","environment_id":"env_01m2qhc2szf9xfh68dx7vf1qsd","pid":27588,"reason":"Completed","graceful":true,"target":"tachyon_serverless_provider_process"}
{"timestamp":"2026-09-17T11:17:32.817713Z","level":"INFO","message":"asynchronous invocation settled","invocation_id":"inv_01m2qhbzxkdb9jdszwjn4fvesa","status":"succeeded","target":"tachyon_serverless_application::services::invoke_async::dispatch"}
{"timestamp":"2026-09-17T11:17:32.826067Z","level":"INFO","message":"async dispatch: delivery handled","message_id":"inv_01m2qhbzxkdb9jdszwjn4fvesa","sequence":5,"delivery_count":1,"outcome":"Completed { status: \"succeeded\" }","target":"tachyon_serverless_application::services::invoke_async::dispatch"}
{"timestamp":"2026-09-17T11:17:32.826741Z","level":"INFO","message":"asynchronous run claimed","invocation_id":"inv_01m2qhbzde7zzdh56thy1zsdw6","attempt":1,"generation":1,"delivery_count":1,"target":"tachyon_serverless_application::services::invoke_async::dispatch"}
{"timestamp":"2026-09-17T11:17:32.914121Z","level":"ERROR","message":"failpoint fired: SIGKILL","name":"accept.after_object_put","target":"tachyon_serverless_application::failpoints"}

===== a start (failpoints: none) 11:17:32 =====
{"timestamp":"2026-09-17T11:17:32.947504Z","level":"INFO","message":"configuration loaded","config":"/private/var/folders/z7/khzdjrt95cg_fcmcnh4j1b5h0000gn/T/tsls-chaos.w4JWzB/gw-a.toml","target":"tachyon_serverless_gateway"}
{"timestamp":"2026-09-17T11:17:32.949757Z","level":"INFO","message":"connected successfully","server":"50948","max_payload":"1048576","target":"async_nats::connector"}
{"timestamp":"2026-09-17T11:17:32.949879Z","level":"INFO","message":"event: connected","target":"async_nats"}
{"timestamp":"2026-09-17T11:17:32.959183Z","level":"INFO","message":"JetStream queue connected and stream bootstrapped","url":"nats://127.0.0.1:50948","stream":"TACHYON_EVENTS","target":"tachyon_serverless_gateway::durable"}
{"timestamp":"2026-09-17T11:17:32.961911Z","level":"INFO","message":"state store opened","path":"/private/var/folders/z7/khzdjrt95cg_fcmcnh4j1b5h0000gn/T/tsls-chaos.w4JWzB/data/state.db","schema_version":8,"migrations_applied":"[]","imported_state_json":"None","settled_invocations":0,"settled_attempts":0,"settled_environments":0,"released_leases":0,"dropped_idempotency_keys":0,"purged_idempotency_keys":0,"outputs_purged":0,"target":"tachyon_serverless_application::app"}
{"timestamp":"2026-09-17T11:17:32.962274Z","level":"INFO","message":"dispatcher registered","dispatcher_id":"dsp_01m2qhc351twkrqtmxa2bn0rxj","instance":"chaos-a","pid":27611,"lease_ttl_seconds":6,"target":"tachyon_serverless_application::services::dispatcher"}
{"timestamp":"2026-09-17T11:17:32.963138Z","level":"WARN","message":"reclaimed the work of dispatchers that lost their lease","dispatcher_id":"dsp_01m2qhc351twkrqtmxa2bn0rxj","reclaimed_dispatchers":"[DispatcherId(dsp_01m2qhc2sfy8fh0ap2x9t43jxq)]","leases":0,"invocations":0,"attempts":0,"fenced":2,"target":"tachyon_serverless_application::services::dispatcher"}
{"timestamp":"2026-09-17T11:17:32.964836Z","level":"INFO","message":"application bootstrapped","profile":"dev","provider":"process","dev_only":true,"environment_reuse":false,"reuse_verified":false,"reuse_reason":"[pool] enabled is false","reuse_disabled":"Some(Configuration)","idle_quiesce":"unsupported","idle_resume":"unsupported","data_dir":"/private/var/folders/z7/khzdjrt95cg_fcmcnh4j1b5h0000gn/T/tsls-chaos.w4JWzB/data","store":"sqlite","dispatcher_id":"dsp_01m2qhc351twkrqtmxa2bn0rxj","node":"local","node_region":"none","node_memory_mib":"None","max_concurrency":8,"queue":"nats","objects":"filesystem","invoke_async":true,"triggers":true,"target":"tachyon_serverless_application::app"}
{"timestamp":"2026-09-17T11:17:32.965486Z","level":"INFO","message":"fenced environment terminated and settled","environment_id":"env_01m2qhc30e8pgg5jzh3sq52538","owner":"Some(DispatcherId(dsp_01m2qhc2sfy8fh0ap2x9t43jxq))","was_running":false,"target":"tachyon_serverless_application::services::reconcile"}
{"timestamp":"2026-09-17T11:17:32.965803Z","level":"INFO","message":"fenced environment terminated and settled","environment_id":"env_01m2qhc30t6w4dwevn1q2gj4yk","owner":"Some(DispatcherId(dsp_01m2qhc2sfy8fh0ap2x9t43jxq))","was_running":false,"target":"tachyon_serverless_application::services::reconcile"}
{"timestamp":"2026-09-17T11:17:32.965982Z","level":"INFO","message":"startup reconcile finished","provider":"process","found":0,"adopted":0,"terminated":0,"disowned":0,"failed":0,"lost":0,"foreign":0,"reclaimed_dispatchers":0,"fenced_terminated":2,"fenced_pending":0,"target":"tachyon_serverless_application::services::reconcile"}
{"timestamp":"2026-09-17T11:17:32.966049Z","level":"INFO","message":"gateway listening","addr":"127.0.0.1:50954","profile":"dev","provider":"process","target":"tachyon_serverless_gateway"}
{"timestamp":"2026-09-17T11:17:32.967623Z","level":"INFO","message":"asynchronous dispatcher started","workers":2,"owner":"dsp_01m2qhc351twkrqtmxa2bn0rxj","target":"tachyon_serverless_gateway"}
{"timestamp":"2026-09-17T11:17:33.353512Z","level":"INFO","message":"asynchronous invocation accepted","invocation_id":"inv_01m2qhc3gqakfabf4ffsh9bs2w","tenant_id":"tn_01hzzzzzzzzzzzzzzzzzzzzzza","revision_id":"rev_01m2qhbwnyvjxnhcr3gmtqhwn9","input_bytes":4127,"input_storage":"object","target":"tachyon_serverless_application::services::invoke_async"}
{"timestamp":"2026-09-17T11:17:33.399627Z","level":"INFO","message":"asynchronous run claimed","invocation_id":"inv_01m2qhc3gqakfabf4ffsh9bs2w","attempt":1,"generation":0,"delivery_count":1,"target":"tachyon_serverless_application::services::invoke_async::dispatch"}
{"timestamp":"2026-09-17T11:17:33.400120Z","level":"INFO","message":"asynchronous invocation rescheduled","invocation_id":"inv_01m2qhc3gqakfabf4ffsh9bs2w","next_attempt_at":"2026-09-17T11:17:33.499750+00:00","counted":false,"error_type":"Host.InputUnavailable","target":"tachyon_serverless_application::services::invoke_async::dispatch"}
{"timestamp":"2026-09-17T11:17:33.404573Z","level":"INFO","message":"async dispatch: delivery handled","message_id":"inv_01m2qhc3gqakfabf4ffsh9bs2w","sequence":9,"delivery_count":1,"outcome":"Rescheduled { next_attempt_at: 2026-09-17T11:17:33.499750Z, counted: false }","target":"tachyon_serverless_application::services::invoke_async::dispatch"}
{"timestamp":"2026-09-17T11:17:33.438210Z","level":"WARN","message":"object store refused an asynchronous input","error":"object store io: Permission denied (os error 13)","target":"tachyon_serverless_application::services::invoke_async"}
{"timestamp":"2026-09-17T11:17:33.506072Z","level":"INFO","message":"asynchronous invocation accepted","invocation_id":"inv_01m2qhc3nxzyqhetwm6bx7t95h","tenant_id":"tn_01hzzzzzzzzzzzzzzzzzzzzzza","revision_id":"rev_01m2qhbwnyvjxnhcr3gmtqhwn9","input_bytes":53,"input_storage":"inline","target":"tachyon_serverless_application::services::invoke_async"}
{"timestamp":"2026-09-17T11:17:33.510752Z","level":"INFO","message":"asynchronous run claimed","invocation_id":"inv_01m2qhc3gqakfabf4ffsh9bs2w","attempt":1,"generation":1,"delivery_count":1,"target":"tachyon_serverless_application::services::invoke_async::dispatch"}
{"timestamp":"2026-09-17T11:17:33.514774Z","level":"INFO","message":"asynchronous invocation rescheduled","invocation_id":"inv_01m2qhc3gqakfabf4ffsh9bs2w","next_attempt_at":"2026-09-17T11:17:33.771872+00:00","counted":false,"error_type":"Host.InputUnavailable","target":"tachyon_serverless_application::services::invoke_async::dispatch"}
{"timestamp":"2026-09-17T11:17:33.518491Z","level":"INFO","message":"async dispatch: delivery handled","message_id":"inv_01m2qhc3gqakfabf4ffsh9bs2w.g1","sequence":10,"delivery_count":1,"outcome":"Rescheduled { next_attempt_at: 2026-09-17T11:17:33.771872Z, counted: false }","target":"tachyon_serverless_application::services::invoke_async::dispatch"}
{"timestamp":"2026-09-17T11:17:33.518684Z","level":"INFO","message":"asynchronous run claimed","invocation_id":"inv_01m2qhc3nxzyqhetwm6bx7t95h","attempt":1,"generation":0,"delivery_count":1,"target":"tachyon_serverless_application::services::invoke_async::dispatch"}
{"timestamp":"2026-09-17T11:17:33.752732Z","level":"INFO","message":"bridge spawned","environment_id":"env_01m2qhc3pe7ccpytfhjm50k71w","pid":27723,"target":"tachyon_serverless_provider_process"}
{"timestamp":"2026-09-17T11:17:33.767584Z","level":"INFO","message":"invocation finished","invocation_id":"inv_01m2qhc3nxzyqhetwm6bx7t95h","status":"succeeded (async run)","handler_ms":1,"environment_boot_ms":6,"runtime_init_ms":6,"target":"tachyon_serverless_application::services::invoke"}
{"timestamp":"2026-09-17T11:17:33.769285Z","level":"INFO","message":"terminating bridge","environment_id":"env_01m2qhc3pe7ccpytfhjm50k71w","pid":27723,"reason":"Completed","graceful":true,"target":"tachyon_serverless_provider_process"}
{"timestamp":"2026-09-17T11:17:33.772678Z","level":"INFO","message":"asynchronous invocation settled","invocation_id":"inv_01m2qhc3nxzyqhetwm6bx7t95h","status":"succeeded","target":"tachyon_serverless_application::services::invoke_async::dispatch"}
{"timestamp":"2026-09-17T11:17:33.777650Z","level":"INFO","message":"async dispatch: delivery handled","message_id":"inv_01m2qhc3nxzyqhetwm6bx7t95h","sequence":11,"delivery_count":1,"outcome":"Completed { status: \"succeeded\" }","target":"tachyon_serverless_application::services::invoke_async::dispatch"}
{"timestamp":"2026-09-17T11:17:33.828572Z","level":"INFO","message":"asynchronous run claimed","invocation_id":"inv_01m2qhc3gqakfabf4ffsh9bs2w","attempt":1,"generation":2,"delivery_count":1,"target":"tachyon_serverless_application::services::invoke_async::dispatch"}
{"timestamp":"2026-09-17T11:17:33.829087Z","level":"INFO","message":"asynchronous invocation rescheduled","invocation_id":"inv_01m2qhc3gqakfabf4ffsh9bs2w","next_attempt_at":"2026-09-17T11:17:33.928738+00:00","counted":false,"error_type":"Host.InputUnavailable","target":"tachyon_serverless_application::services::invoke_async::dispatch"}
{"timestamp":"2026-09-17T11:17:33.834091Z","level":"INFO","message":"async dispatch: delivery handled","message_id":"inv_01m2qhc3gqakfabf4ffsh9bs2w.g2","sequence":12,"delivery_count":1,"outcome":"Rescheduled { next_attempt_at: 2026-09-17T11:17:33.928738Z, counted: false }","target":"tachyon_serverless_application::services::invoke_async::dispatch"}
{"timestamp":"2026-09-17T11:17:33.937320Z","level":"INFO","message":"asynchronous run claimed","invocation_id":"inv_01m2qhc3gqakfabf4ffsh9bs2w","attempt":1,"generation":3,"delivery_count":1,"target":"tachyon_serverless_application::services::invoke_async::dispatch"}
{"timestamp":"2026-09-17T11:17:33.937712Z","level":"INFO","message":"asynchronous invocation rescheduled","invocation_id":"inv_01m2qhc3gqakfabf4ffsh9bs2w","next_attempt_at":"2026-09-17T11:17:34.037423+00:00","counted":false,"error_type":"Host.InputUnavailable","target":"tachyon_serverless_application::services::invoke_async::dispatch"}
{"timestamp":"2026-09-17T11:17:33.941447Z","level":"INFO","message":"async dispatch: delivery handled","message_id":"inv_01m2qhc3gqakfabf4ffsh9bs2w.g3","sequence":13,"delivery_count":1,"outcome":"Rescheduled { next_attempt_at: 2026-09-17T11:17:34.037423Z, counted: false }","target":"tachyon_serverless_application::services::invoke_async::dispatch"}
{"timestamp":"2026-09-17T11:17:34.044135Z","level":"INFO","message":"asynchronous run claimed","invocation_id":"inv_01m2qhc3gqakfabf4ffsh9bs2w","attempt":1,"generation":4,"delivery_count":1,"target":"tachyon_serverless_application::services::invoke_async::dispatch"}
{"timestamp":"2026-09-17T11:17:34.044584Z","level":"INFO","message":"asynchronous invocation rescheduled","invocation_id":"inv_01m2qhc3gqakfabf4ffsh9bs2w","next_attempt_at":"2026-09-17T11:17:34.585269+00:00","counted":false,"error_type":"Host.InputUnavailable","target":"tachyon_serverless_application::services::invoke_async::dispatch"}
{"timestamp":"2026-09-17T11:17:34.048666Z","level":"INFO","message":"async dispatch: delivery handled","message_id":"inv_01m2qhc3gqakfabf4ffsh9bs2w.g4","sequence":14,"delivery_count":1,"outcome":"Rescheduled { next_attempt_at: 2026-09-17T11:17:34.585269Z, counted: false }","target":"tachyon_serverless_application::services::invoke_async::dispatch"}
{"timestamp":"2026-09-17T11:17:34.662173Z","level":"INFO","message":"asynchronous run claimed","invocation_id":"inv_01m2qhc3gqakfabf4ffsh9bs2w","attempt":1,"generation":5,"delivery_count":1,"target":"tachyon_serverless_application::services::invoke_async::dispatch"}
{"timestamp":"2026-09-17T11:17:34.665726Z","level":"INFO","message":"asynchronous invocation rescheduled","invocation_id":"inv_01m2qhc3gqakfabf4ffsh9bs2w","next_attempt_at":"2026-09-17T11:17:34.762312+00:00","counted":false,"error_type":"Host.InputUnavailable","target":"tachyon_serverless_application::services::invoke_async::dispatch"}
{"timestamp":"2026-09-17T11:17:34.669474Z","level":"INFO","message":"async dispatch: delivery handled","message_id":"inv_01m2qhc3gqakfabf4ffsh9bs2w.g5","sequence":15,"delivery_count":1,"outcome":"Rescheduled { next_attempt_at: 2026-09-17T11:17:34.762312Z, counted: false }","target":"tachyon_serverless_application::services::invoke_async::dispatch"}
{"timestamp":"2026-09-17T11:17:34.776540Z","level":"INFO","message":"asynchronous run claimed","invocation_id":"inv_01m2qhc3gqakfabf4ffsh9bs2w","attempt":1,"generation":6,"delivery_count":1,"target":"tachyon_serverless_application::services::invoke_async::dispatch"}
{"timestamp":"2026-09-17T11:17:34.776844Z","level":"INFO","message":"asynchronous invocation rescheduled","invocation_id":"inv_01m2qhc3gqakfabf4ffsh9bs2w","next_attempt_at":"2026-09-17T11:17:35.249612+00:00","counted":false,"error_type":"Host.InputUnavailable","target":"tachyon_serverless_application::services::invoke_async::dispatch"}
{"timestamp":"2026-09-17T11:17:34.781096Z","level":"INFO","message":"async dispatch: delivery handled","message_id":"inv_01m2qhc3gqakfabf4ffsh9bs2w.g6","sequence":16,"delivery_count":1,"outcome":"Rescheduled { next_attempt_at: 2026-09-17T11:17:35.249612Z, counted: false }","target":"tachyon_serverless_application::services::invoke_async::dispatch"}
{"timestamp":"2026-09-17T11:17:34.970474Z","level":"WARN","message":"object gc: listing failed","error":"object store io: Permission denied (os error 13)","target":"tachyon_serverless_application::durable::gc"}
{"timestamp":"2026-09-17T11:17:34.970519Z","level":"INFO","message":"object retention pass","report":"GcReport { examined: 0, collected_expired: 0, collected_orphans: 0, kept_in_use: 0, kept_referenced: 0, incomplete_removed: 0, tombstones_purged: 0, failed: 1 }","target":"tachyon_serverless_gateway"}
{"timestamp":"2026-09-17T11:17:35.294209Z","level":"INFO","message":"asynchronous run claimed","invocation_id":"inv_01m2qhc3gqakfabf4ffsh9bs2w","attempt":1,"generation":7,"delivery_count":1,"target":"tachyon_serverless_application::services::invoke_async::dispatch"}
{"timestamp":"2026-09-17T11:17:35.297571Z","level":"INFO","message":"asynchronous invocation rescheduled","invocation_id":"inv_01m2qhc3gqakfabf4ffsh9bs2w","next_attempt_at":"2026-09-17T11:17:35.394308+00:00","counted":false,"error_type":"Host.InputUnavailable","target":"tachyon_serverless_application::services::invoke_async::dispatch"}
{"timestamp":"2026-09-17T11:17:35.301317Z","level":"INFO","message":"async dispatch: delivery handled","message_id":"inv_01m2qhc3gqakfabf4ffsh9bs2w.g7","sequence":17,"delivery_count":1,"outcome":"Rescheduled { next_attempt_at: 2026-09-17T11:17:35.394308Z, counted: false }","target":"tachyon_serverless_application::services::invoke_async::dispatch"}
{"timestamp":"2026-09-17T11:17:35.408061Z","level":"INFO","message":"asynchronous run claimed","invocation_id":"inv_01m2qhc3gqakfabf4ffsh9bs2w","attempt":1,"generation":8,"delivery_count":1,"target":"tachyon_serverless_application::services::invoke_async::dispatch"}
{"timestamp":"2026-09-17T11:17:35.408361Z","level":"INFO","message":"asynchronous invocation rescheduled","invocation_id":"inv_01m2qhc3gqakfabf4ffsh9bs2w","next_attempt_at":"2026-09-17T11:17:36.119139+00:00","counted":false,"error_type":"Host.InputUnavailable","target":"tachyon_serverless_application::services::invoke_async::dispatch"}
{"timestamp":"2026-09-17T11:17:35.413249Z","level":"INFO","message":"async dispatch: delivery handled","message_id":"inv_01m2qhc3gqakfabf4ffsh9bs2w.g8","sequence":18,"delivery_count":1,"outcome":"Rescheduled { next_attempt_at: 2026-09-17T11:17:36.119139Z, counted: false }","target":"tachyon_serverless_application::services::invoke_async::dispatch"}
{"timestamp":"2026-09-17T11:17:36.129196Z","level":"INFO","message":"asynchronous run claimed","invocation_id":"inv_01m2qhc3gqakfabf4ffsh9bs2w","attempt":1,"generation":9,"delivery_count":1,"target":"tachyon_serverless_application::services::invoke_async::dispatch"}
{"timestamp":"2026-09-17T11:17:36.132821Z","level":"INFO","message":"asynchronous invocation rescheduled","invocation_id":"inv_01m2qhc3gqakfabf4ffsh9bs2w","next_attempt_at":"2026-09-17T11:17:36.453297+00:00","counted":false,"error_type":"Host.InputUnavailable","target":"tachyon_serverless_application::services::invoke_async::dispatch"}
{"timestamp":"2026-09-17T11:17:36.136635Z","level":"INFO","message":"async dispatch: delivery handled","message_id":"inv_01m2qhc3gqakfabf4ffsh9bs2w.g9","sequence":19,"delivery_count":1,"outcome":"Rescheduled { next_attempt_at: 2026-09-17T11:17:36.453297Z, counted: false }","target":"tachyon_serverless_application::services::invoke_async::dispatch"}
{"timestamp":"2026-09-17T11:17:36.545468Z","level":"INFO","message":"asynchronous run claimed","invocation_id":"inv_01m2qhc3gqakfabf4ffsh9bs2w","attempt":1,"generation":10,"delivery_count":1,"target":"tachyon_serverless_application::services::invoke_async::dispatch"}
{"timestamp":"2026-09-17T11:17:36.548982Z","level":"INFO","message":"asynchronous invocation rescheduled","invocation_id":"inv_01m2qhc3gqakfabf4ffsh9bs2w","next_attempt_at":"2026-09-17T11:17:36.954558+00:00","counted":false,"error_type":"Host.InputUnavailable","target":"tachyon_serverless_application::services::invoke_async::dispatch"}
{"timestamp":"2026-09-17T11:17:36.552791Z","level":"INFO","message":"async dispatch: delivery handled","message_id":"inv_01m2qhc3gqakfabf4ffsh9bs2w.g10","sequence":20,"delivery_count":1,"outcome":"Rescheduled { next_attempt_at: 2026-09-17T11:17:36.954558Z, counted: false }","target":"tachyon_serverless_application::services::invoke_async::dispatch"}
{"timestamp":"2026-09-17T11:17:36.813900Z","level":"INFO","message":"asynchronous run claimed","invocation_id":"inv_01m2qhbztt9htcr7ex8nn66frw","attempt":2,"generation":1,"delivery_count":2,"target":"tachyon_serverless_application::services::invoke_async::dispatch"}
{"timestamp":"2026-09-17T11:17:36.828612Z","level":"INFO","message":"asynchronous run claimed","invocation_id":"inv_01m2qhbzde7zzdh56thy1zsdw6","attempt":2,"generation":1,"delivery_count":2,"target":"tachyon_serverless_application::services::invoke_async::dispatch"}
{"timestamp":"2026-09-17T11:17:36.970487Z","level":"WARN","message":"object gc: listing failed","error":"object store io: Permission denied (os error 13)","target":"tachyon_serverless_application::durable::gc"}
{"timestamp":"2026-09-17T11:17:36.970569Z","level":"INFO","message":"object retention pass","report":"GcReport { examined: 0, collected_expired: 0, collected_orphans: 0, kept_in_use: 0, kept_referenced: 0, incomplete_removed: 0, tombstones_purged: 0, failed: 1 }","target":"tachyon_serverless_gateway"}
{"timestamp":"2026-09-17T11:17:36.974717Z","level":"INFO","message":"bridge spawned","environment_id":"env_01m2qhc6xe3mtkftccswr8vmjm","pid":27733,"target":"tachyon_serverless_provider_process"}
{"timestamp":"2026-09-17T11:17:36.981279Z","level":"INFO","message":"bridge spawned","environment_id":"env_01m2qhc6xwgj6e1aq51q79bvqt","pid":27735,"target":"tachyon_serverless_provider_process"}
{"timestamp":"2026-09-17T11:17:36.985859Z","level":"INFO","message":"invocation finished","invocation_id":"inv_01m2qhbztt9htcr7ex8nn66frw","status":"succeeded (async run)","handler_ms":0,"environment_boot_ms":4,"runtime_init_ms":5,"target":"tachyon_serverless_application::services::invoke"}
{"timestamp":"2026-09-17T11:17:36.987469Z","level":"INFO","message":"terminating bridge","environment_id":"env_01m2qhc6xe3mtkftccswr8vmjm","pid":27733,"reason":"Completed","graceful":true,"target":"tachyon_serverless_provider_process"}
{"timestamp":"2026-09-17T11:17:36.990641Z","level":"INFO","message":"asynchronous invocation settled","invocation_id":"inv_01m2qhbztt9htcr7ex8nn66frw","status":"succeeded","target":"tachyon_serverless_application::services::invoke_async::dispatch"}
{"timestamp":"2026-09-17T11:17:36.994777Z","level":"INFO","message":"async dispatch: delivery handled","message_id":"inv_01m2qhbztt9htcr7ex8nn66frw.g1","sequence":7,"delivery_count":2,"outcome":"Completed { status: \"succeeded\" }","target":"tachyon_serverless_application::services::invoke_async::dispatch"}
{"timestamp":"2026-09-17T11:17:36.995317Z","level":"INFO","message":"asynchronous run claimed","invocation_id":"inv_01m2qhc3gqakfabf4ffsh9bs2w","attempt":1,"generation":11,"delivery_count":1,"target":"tachyon_serverless_application::services::invoke_async::dispatch"}
{"timestamp":"2026-09-17T11:17:36.995705Z","level":"INFO","message":"asynchronous invocation rescheduled","invocation_id":"inv_01m2qhc3gqakfabf4ffsh9bs2w","next_attempt_at":"2026-09-17T11:17:37.189453+00:00","counted":false,"error_type":"Host.InputUnavailable","target":"tachyon_serverless_application::services::invoke_async::dispatch"}
{"timestamp":"2026-09-17T11:17:36.996026Z","level":"INFO","message":"invocation finished","invocation_id":"inv_01m2qhbzde7zzdh56thy1zsdw6","status":"succeeded (async run)","handler_ms":0,"environment_boot_ms":4,"runtime_init_ms":5,"target":"tachyon_serverless_application::services::invoke"}
{"timestamp":"2026-09-17T11:17:36.999805Z","level":"INFO","message":"async dispatch: delivery handled","message_id":"inv_01m2qhc3gqakfabf4ffsh9bs2w.g11","sequence":21,"delivery_count":1,"outcome":"Rescheduled { next_attempt_at: 2026-09-17T11:17:37.189453Z, counted: false }","target":"tachyon_serverless_application::services::invoke_async::dispatch"}
{"timestamp":"2026-09-17T11:17:37.001312Z","level":"INFO","message":"terminating bridge","environment_id":"env_01m2qhc6xwgj6e1aq51q79bvqt","pid":27735,"reason":"Completed","graceful":true,"target":"tachyon_serverless_provider_process"}
{"timestamp":"2026-09-17T11:17:37.004164Z","level":"INFO","message":"asynchronous invocation settled","invocation_id":"inv_01m2qhbzde7zzdh56thy1zsdw6","status":"succeeded","target":"tachyon_serverless_application::services::invoke_async::dispatch"}
{"timestamp":"2026-09-17T11:17:37.013719Z","level":"INFO","message":"async dispatch: delivery handled","message_id":"inv_01m2qhbzde7zzdh56thy1zsdw6.g1","sequence":8,"delivery_count":2,"outcome":"Completed { status: \"succeeded\" }","target":"tachyon_serverless_application::services::invoke_async::dispatch"}
{"timestamp":"2026-09-17T11:17:37.205695Z","level":"INFO","message":"asynchronous run claimed","invocation_id":"inv_01m2qhc3gqakfabf4ffsh9bs2w","attempt":1,"generation":12,"delivery_count":1,"target":"tachyon_serverless_application::services::invoke_async::dispatch"}
{"timestamp":"2026-09-17T11:17:37.206075Z","level":"INFO","message":"asynchronous invocation rescheduled","invocation_id":"inv_01m2qhc3gqakfabf4ffsh9bs2w","next_attempt_at":"2026-09-17T11:17:37.715822+00:00","counted":false,"error_type":"Host.InputUnavailable","target":"tachyon_serverless_application::services::invoke_async::dispatch"}
{"timestamp":"2026-09-17T11:17:37.210465Z","level":"INFO","message":"async dispatch: delivery handled","message_id":"inv_01m2qhc3gqakfabf4ffsh9bs2w.g12","sequence":22,"delivery_count":1,"outcome":"Rescheduled { next_attempt_at: 2026-09-17T11:17:37.715822Z, counted: false }","target":"tachyon_serverless_application::services::invoke_async::dispatch"}
{"timestamp":"2026-09-17T11:17:37.725429Z","level":"INFO","message":"asynchronous run claimed","invocation_id":"inv_01m2qhc3gqakfabf4ffsh9bs2w","attempt":1,"generation":13,"delivery_count":1,"target":"tachyon_serverless_application::services::invoke_async::dispatch"}
{"timestamp":"2026-09-17T11:17:37.729000Z","level":"INFO","message":"asynchronous invocation rescheduled","invocation_id":"inv_01m2qhc3gqakfabf4ffsh9bs2w","next_attempt_at":"2026-09-17T11:17:38.226721+00:00","counted":false,"error_type":"Host.InputUnavailable","target":"tachyon_serverless_application::services::invoke_async::dispatch"}
{"timestamp":"2026-09-17T11:17:37.733796Z","level":"INFO","message":"async dispatch: delivery handled","message_id":"inv_01m2qhc3gqakfabf4ffsh9bs2w.g13","sequence":23,"delivery_count":1,"outcome":"Rescheduled { next_attempt_at: 2026-09-17T11:17:38.226721Z, counted: false }","target":"tachyon_serverless_application::services::invoke_async::dispatch"}
{"timestamp":"2026-09-17T11:17:38.253321Z","level":"INFO","message":"asynchronous run claimed","invocation_id":"inv_01m2qhc3gqakfabf4ffsh9bs2w","attempt":1,"generation":14,"delivery_count":1,"target":"tachyon_serverless_application::services::invoke_async::dispatch"}
{"timestamp":"2026-09-17T11:17:38.253800Z","level":"INFO","message":"asynchronous invocation rescheduled","invocation_id":"inv_01m2qhc3gqakfabf4ffsh9bs2w","next_attempt_at":"2026-09-17T11:17:39.245527+00:00","counted":false,"error_type":"Host.InputUnavailable","target":"tachyon_serverless_application::services::invoke_async::dispatch"}
{"timestamp":"2026-09-17T11:17:38.257603Z","level":"INFO","message":"async dispatch: delivery handled","message_id":"inv_01m2qhc3gqakfabf4ffsh9bs2w.g14","sequence":24,"delivery_count":1,"outcome":"Rescheduled { next_attempt_at: 2026-09-17T11:17:39.245527Z, counted: false }","target":"tachyon_serverless_application::services::invoke_async::dispatch"}
{"timestamp":"2026-09-17T11:17:38.970145Z","level":"WARN","message":"object gc: listing failed","error":"object store io: Permission denied (os error 13)","target":"tachyon_serverless_application::durable::gc"}
{"timestamp":"2026-09-17T11:17:38.970217Z","level":"INFO","message":"object retention pass","report":"GcReport { examined: 0, collected_expired: 0, collected_orphans: 0, kept_in_use: 0, kept_referenced: 0, incomplete_removed: 0, tombstones_purged: 0, failed: 1 }","target":"tachyon_serverless_gateway"}
{"timestamp":"2026-09-17T11:17:39.280228Z","level":"INFO","message":"asynchronous run claimed","invocation_id":"inv_01m2qhc3gqakfabf4ffsh9bs2w","attempt":1,"generation":15,"delivery_count":1,"target":"tachyon_serverless_application::services::invoke_async::dispatch"}
{"timestamp":"2026-09-17T11:17:39.280796Z","level":"INFO","message":"asynchronous invocation rescheduled","invocation_id":"inv_01m2qhc3gqakfabf4ffsh9bs2w","next_attempt_at":"2026-09-17T11:17:39.743489+00:00","counted":false,"error_type":"Host.InputUnavailable","target":"tachyon_serverless_application::services::invoke_async::dispatch"}
{"timestamp":"2026-09-17T11:17:39.285314Z","level":"INFO","message":"async dispatch: delivery handled","message_id":"inv_01m2qhc3gqakfabf4ffsh9bs2w.g15","sequence":25,"delivery_count":1,"outcome":"Rescheduled { next_attempt_at: 2026-09-17T11:17:39.743489Z, counted: false }","target":"tachyon_serverless_application::services::invoke_async::dispatch"}
{"timestamp":"2026-09-17T11:17:39.800018Z","level":"INFO","message":"asynchronous run claimed","invocation_id":"inv_01m2qhc3gqakfabf4ffsh9bs2w","attempt":1,"generation":16,"delivery_count":1,"target":"tachyon_serverless_application::services::invoke_async::dispatch"}
{"timestamp":"2026-09-17T11:17:40.020112Z","level":"INFO","message":"bridge spawned","environment_id":"env_01m2qhc9tt5s2y3cavg26wjfx7","pid":27803,"target":"tachyon_serverless_provider_process"}
{"timestamp":"2026-09-17T11:17:40.035056Z","level":"INFO","message":"invocation finished","invocation_id":"inv_01m2qhc3gqakfabf4ffsh9bs2w","status":"succeeded (async run)","handler_ms":1,"environment_boot_ms":6,"runtime_init_ms":6,"target":"tachyon_serverless_application::services::invoke"}
{"timestamp":"2026-09-17T11:17:40.036744Z","level":"INFO","message":"terminating bridge","environment_id":"env_01m2qhc9tt5s2y3cavg26wjfx7","pid":27803,"reason":"Completed","graceful":true,"target":"tachyon_serverless_provider_process"}
{"timestamp":"2026-09-17T11:17:40.040324Z","level":"INFO","message":"asynchronous invocation settled","invocation_id":"inv_01m2qhc3gqakfabf4ffsh9bs2w","status":"succeeded","target":"tachyon_serverless_application::services::invoke_async::dispatch"}
{"timestamp":"2026-09-17T11:17:40.046815Z","level":"INFO","message":"async dispatch: delivery handled","message_id":"inv_01m2qhc3gqakfabf4ffsh9bs2w.g16","sequence":26,"delivery_count":1,"outcome":"Completed { status: \"succeeded\" }","target":"tachyon_serverless_application::services::invoke_async::dispatch"}
{"timestamp":"2026-09-17T11:17:40.976018Z","level":"INFO","message":"object retention pass","report":"GcReport { examined: 4, collected_expired: 0, collected_orphans: 1, kept_in_use: 0, kept_referenced: 3, incomplete_removed: 0, tombstones_purged: 0, failed: 0 }","target":"tachyon_serverless_gateway"}
{"timestamp":"2026-09-17T11:17:41.383112Z","level":"INFO","message":"bridge spawned","environment_id":"env_01m2qhcb54nkrf2zegbbev3e7d","pid":27950,"target":"tachyon_serverless_provider_process"}
{"timestamp":"2026-09-17T11:17:41.397130Z","level":"INFO","message":"invocation finished","invocation_id":"inv_01m2qhcb542kx79jmr5v08de7s","status":"succeeded","handler_ms":0,"environment_boot_ms":5,"runtime_init_ms":6,"target":"tachyon_serverless_application::services::invoke"}
{"timestamp":"2026-09-17T11:17:41.398925Z","level":"INFO","message":"terminating bridge","environment_id":"env_01m2qhcb54nkrf2zegbbev3e7d","pid":27950,"reason":"Completed","graceful":true,"target":"tachyon_serverless_provider_process"}
{"timestamp":"2026-09-17T11:17:41.475039Z","level":"INFO","message":"asynchronous invocation accepted","invocation_id":"inv_01m2qhcbf2pdjxx9we06zvbszj","tenant_id":"tn_01hzzzzzzzzzzzzzzzzzzzzzza","revision_id":"rev_01m2qhbwnyvjxnhcr3gmtqhwn9","input_bytes":48,"input_storage":"inline","target":"tachyon_serverless_application::services::invoke_async"}
{"timestamp":"2026-09-17T11:17:41.485957Z","level":"INFO","message":"asynchronous run claimed","invocation_id":"inv_01m2qhcbf2pdjxx9we06zvbszj","attempt":1,"generation":0,"delivery_count":1,"target":"tachyon_serverless_application::services::invoke_async::dispatch"}
{"timestamp":"2026-09-17T11:17:41.571271Z","level":"INFO","message":"asynchronous invocation accepted","invocation_id":"inv_01m2qhcbhhhsvxcdw49h85tb3c","tenant_id":"tn_01hzzzzzzzzzzzzzzzzzzzzzza","revision_id":"rev_01m2qhbwnyvjxnhcr3gmtqhwn9","input_bytes":4128,"input_storage":"object","target":"tachyon_serverless_application::services::invoke_async"}
{"timestamp":"2026-09-17T11:17:41.576681Z","level":"INFO","message":"asynchronous run claimed","invocation_id":"inv_01m2qhcbhhhsvxcdw49h85tb3c","attempt":1,"generation":0,"delivery_count":1,"target":"tachyon_serverless_application::services::invoke_async::dispatch"}
{"timestamp":"2026-09-17T11:17:41.617489Z","level":"INFO","message":"asynchronous invocation accepted","invocation_id":"inv_01m2qhcbkg3cwv0trw9388hz2f","tenant_id":"tn_01hzzzzzzzzzzzzzzzzzzzzzza","revision_id":"rev_01m2qhbxfgkprf4xwrbh9d3ve6","input_bytes":191,"input_storage":"inline","target":"tachyon_serverless_application::services::invoke_async"}
{"timestamp":"2026-09-17T11:17:41.617554Z","level":"INFO","message":"webhook trigger fired","trigger_id":"trg_01m2qhbyn5k06kdy71623fw64t","event_id":"evt-post-w1","invocation_id":"inv_01m2qhcbkg3cwv0trw9388hz2f","revision_id":"rev_01m2qhbxfgkprf4xwrbh9d3ve6","replayed":false,"target":"tachyon_serverless_application::services::triggers"}
{"timestamp":"2026-09-17T11:17:41.651308Z","level":"INFO","message":"trigger updated","trigger_id":"trg_01m2qhbymnezykgsdvykz4hr3b","generation":3,"status":"disabled","next_fire_at":"None","rotated_secret":false,"target":"tachyon_serverless_application::services::triggers"}
{"timestamp":"2026-09-17T11:17:41.769069Z","level":"INFO","message":"bridge spawned","environment_id":"env_01m2qhcbfe2w42eg58epewed6n","pid":28058,"target":"tachyon_serverless_provider_process"}
{"timestamp":"2026-09-17T11:17:41.787035Z","level":"INFO","message":"invocation finished","invocation_id":"inv_01m2qhcbf2pdjxx9we06zvbszj","status":"succeeded (async run)","handler_ms":1,"environment_boot_ms":6,"runtime_init_ms":8,"target":"tachyon_serverless_application::services::invoke"}
{"timestamp":"2026-09-17T11:17:41.789002Z","level":"INFO","message":"terminating bridge","environment_id":"env_01m2qhcbfe2w42eg58epewed6n","pid":28058,"reason":"Completed","graceful":true,"target":"tachyon_serverless_provider_process"}
{"timestamp":"2026-09-17T11:17:41.793522Z","level":"INFO","message":"asynchronous invocation settled","invocation_id":"inv_01m2qhcbf2pdjxx9we06zvbszj","status":"succeeded","target":"tachyon_serverless_application::services::invoke_async::dispatch"}
{"timestamp":"2026-09-17T11:17:41.799484Z","level":"INFO","message":"async dispatch: delivery handled","message_id":"inv_01m2qhcbf2pdjxx9we06zvbszj","sequence":27,"delivery_count":1,"outcome":"Completed { status: \"succeeded\" }","target":"tachyon_serverless_application::services::invoke_async::dispatch"}
{"timestamp":"2026-09-17T11:17:41.804423Z","level":"INFO","message":"asynchronous run claimed","invocation_id":"inv_01m2qhcbkg3cwv0trw9388hz2f","attempt":1,"generation":0,"delivery_count":1,"target":"tachyon_serverless_application::services::invoke_async::dispatch"}
{"timestamp":"2026-09-17T11:17:41.877608Z","level":"INFO","message":"bridge spawned","environment_id":"env_01m2qhcbjbm8zjvppgf6zwh37b","pid":28063,"target":"tachyon_serverless_provider_process"}
{"timestamp":"2026-09-17T11:17:41.895508Z","level":"INFO","message":"invocation finished","invocation_id":"inv_01m2qhcbhhhsvxcdw49h85tb3c","status":"succeeded (async run)","handler_ms":1,"environment_boot_ms":6,"runtime_init_ms":8,"target":"tachyon_serverless_application::services::invoke"}
{"timestamp":"2026-09-17T11:17:41.897275Z","level":"INFO","message":"terminating bridge","environment_id":"env_01m2qhcbjbm8zjvppgf6zwh37b","pid":28063,"reason":"Completed","graceful":true,"target":"tachyon_serverless_provider_process"}
{"timestamp":"2026-09-17T11:17:41.901656Z","level":"INFO","message":"asynchronous invocation settled","invocation_id":"inv_01m2qhcbhhhsvxcdw49h85tb3c","status":"succeeded","target":"tachyon_serverless_application::services::invoke_async::dispatch"}
{"timestamp":"2026-09-17T11:17:41.906650Z","level":"INFO","message":"async dispatch: delivery handled","message_id":"inv_01m2qhcbhhhsvxcdw49h85tb3c","sequence":28,"delivery_count":1,"outcome":"Completed { status: \"succeeded\" }","target":"tachyon_serverless_application::services::invoke_async::dispatch"}
{"timestamp":"2026-09-17T11:17:42.102170Z","level":"INFO","message":"bridge spawned","environment_id":"env_01m2qhcbsc5zjf2v13yrx82kz6","pid":28065,"target":"tachyon_serverless_provider_process"}
{"timestamp":"2026-09-17T11:17:42.120487Z","level":"INFO","message":"invocation finished","invocation_id":"inv_01m2qhcbkg3cwv0trw9388hz2f","status":"succeeded (async run)","handler_ms":0,"environment_boot_ms":7,"runtime_init_ms":8,"target":"tachyon_serverless_application::services::invoke"}
{"timestamp":"2026-09-17T11:17:42.122417Z","level":"INFO","message":"terminating bridge","environment_id":"env_01m2qhcbsc5zjf2v13yrx82kz6","pid":28065,"reason":"Completed","graceful":true,"target":"tachyon_serverless_provider_process"}
{"timestamp":"2026-09-17T11:17:42.126925Z","level":"INFO","message":"asynchronous invocation settled","invocation_id":"inv_01m2qhcbkg3cwv0trw9388hz2f","status":"succeeded","target":"tachyon_serverless_application::services::invoke_async::dispatch"}
{"timestamp":"2026-09-17T11:17:42.133573Z","level":"INFO","message":"async dispatch: delivery handled","message_id":"inv_01m2qhcbkg3cwv0trw9388hz2f","sequence":29,"delivery_count":1,"outcome":"Completed { status: \"succeeded\" }","target":"tachyon_serverless_application::services::invoke_async::dispatch"}
{"timestamp":"2026-09-17T11:17:42.972692Z","level":"INFO","message":"object retention pass","report":"GcReport { examined: 3, collected_expired: 0, collected_orphans: 0, kept_in_use: 0, kept_referenced: 3, incomplete_removed: 0, tombstones_purged: 0, failed: 0 }","target":"tachyon_serverless_gateway"}
{"timestamp":"2026-09-17T11:17:43.878635Z","level":"INFO","message":"SIGTERM received","target":"tachyon_serverless_gateway"}
{"timestamp":"2026-09-17T11:17:43.878673Z","level":"INFO","message":"shutdown requested; cancelling in-flight invocations","target":"tachyon_serverless_gateway"}
{"timestamp":"2026-09-17T11:17:43.878964Z","level":"INFO","message":"final usage collection","report":"CollectReport { batches: 0, read: 0, inserted: 0, duplicates: 0, cursor_seq: 72 }","target":"tachyon_serverless_gateway"}
{"timestamp":"2026-09-17T11:17:43.880671Z","level":"INFO","message":"gateway stopped","target":"tachyon_serverless_gateway"}
{"timestamp":"2026-09-17T11:17:43.880790Z","level":"INFO","message":"event: closed","target":"async_nats"}
