
===== a start (failpoints: none) 18:25:40 =====
{"timestamp":"2026-09-17T18:25:40.703835Z","level":"INFO","message":"configuration loaded","config":"/private/var/folders/z7/khzdjrt95cg_fcmcnh4j1b5h0000gn/T/tsls-chaos.iQtVkt/gw-a.toml","target":"tachyon_serverless_gateway"}
{"timestamp":"2026-09-17T18:25:40.705878Z","level":"INFO","message":"connected successfully","server":"51374","max_payload":"1048576","target":"async_nats::connector"}
{"timestamp":"2026-09-17T18:25:40.705965Z","level":"INFO","message":"event: connected","target":"async_nats"}
{"timestamp":"2026-09-17T18:25:40.718122Z","level":"INFO","message":"JetStream queue connected and stream bootstrapped","url":"nats://127.0.0.1:51374","stream":"TACHYON_EVENTS","target":"tachyon_serverless_gateway::durable"}
{"timestamp":"2026-09-17T18:25:40.724217Z","level":"INFO","message":"state store opened","path":"/private/var/folders/z7/khzdjrt95cg_fcmcnh4j1b5h0000gn/T/tsls-chaos.iQtVkt/data/state.db","schema_version":8,"migrations_applied":"[1, 2, 3, 4, 5, 6, 7, 8]","imported_state_json":"None","settled_invocations":0,"settled_attempts":0,"settled_environments":0,"released_leases":0,"dropped_idempotency_keys":0,"purged_idempotency_keys":0,"outputs_purged":0,"target":"tachyon_serverless_application::app"}
{"timestamp":"2026-09-17T18:25:40.726165Z","level":"INFO","message":"log store opened","path":"/private/var/folders/z7/khzdjrt95cg_fcmcnh4j1b5h0000gn/T/tsls-chaos.iQtVkt/data/logs/logs.db","healthy":true,"retention_seconds":604800,"max_total_bytes":1073741824,"target":"tachyon_serverless_application::app"}
{"timestamp":"2026-09-17T18:25:40.726377Z","level":"INFO","message":"dispatcher registered","dispatcher_id":"dsp_01m2r9w0vpbg6ntwa26kc10w8b","instance":"chaos-a","pid":56019,"lease_ttl_seconds":60,"target":"tachyon_serverless_application::services::dispatcher"}
{"timestamp":"2026-09-17T18:25:40.729588Z","level":"INFO","message":"application bootstrapped","profile":"dev","provider":"process","dev_only":true,"environment_reuse":false,"reuse_verified":false,"reuse_reason":"[pool] enabled is false","reuse_disabled":"Some(Configuration)","idle_quiesce":"unsupported","idle_resume":"unsupported","data_dir":"/private/var/folders/z7/khzdjrt95cg_fcmcnh4j1b5h0000gn/T/tsls-chaos.iQtVkt/data","store":"sqlite","dispatcher_id":"dsp_01m2r9w0vpbg6ntwa26kc10w8b","node":"local","node_region":"none","node_memory_mib":"None","max_concurrency":8,"queue":"nats","objects":"filesystem","invoke_async":true,"triggers":true,"target":"tachyon_serverless_application::app"}
{"timestamp":"2026-09-17T18:25:40.729757Z","level":"INFO","message":"startup reconcile finished","provider":"process","found":0,"adopted":0,"terminated":0,"disowned":0,"failed":0,"lost":0,"foreign":0,"reclaimed_dispatchers":0,"fenced_terminated":0,"fenced_pending":0,"target":"tachyon_serverless_application::services::reconcile"}
{"timestamp":"2026-09-17T18:25:40.729805Z","level":"INFO","message":"gateway listening","addr":"127.0.0.1:51378","profile":"dev","provider":"process","target":"tachyon_serverless_gateway"}
{"timestamp":"2026-09-17T18:25:40.730864Z","level":"INFO","message":"asynchronous dispatcher started","workers":2,"owner":"dsp_01m2r9w0vpbg6ntwa26kc10w8b","target":"tachyon_serverless_gateway"}
{"timestamp":"2026-09-17T18:25:41.469566Z","level":"INFO","message":"revision ready","revision_id":"rev_01m2r9w1e8vmsetegy3yct9w2k","function_id":"fn_01m2r9w13z7yd4f5ecp0wxxpkq","target":"tachyon_serverless_application::services::revision"}
{"timestamp":"2026-09-17T18:25:41.933931Z","level":"INFO","message":"revision ready","revision_id":"rev_01m2r9w1x511ts700x9yrq96b7","function_id":"fn_01m2r9w1knqq8rrm5pz7zsh7vf","target":"tachyon_serverless_application::services::revision"}
{"timestamp":"2026-09-17T18:25:42.410790Z","level":"INFO","message":"revision ready","revision_id":"rev_01m2r9w2c2pj6twmrqw1xknkmh","function_id":"fn_01m2r9w22kf3vn3kkgk8yagt3b","target":"tachyon_serverless_application::services::revision"}
{"timestamp":"2026-09-17T18:25:42.441284Z","level":"INFO","message":"trigger created","trigger_id":"trg_01m2r9w2h8hj7tfyt3k2xwd4sj","function_id":"fn_01m2r9w1knqq8rrm5pz7zsh7vf","kind":"cron","enabled":true,"next_fire_at":"Some(2026-09-17T18:25:44Z)","target":"tachyon_serverless_application::services::triggers"}
{"timestamp":"2026-09-17T18:25:42.451952Z","level":"INFO","message":"trigger created","trigger_id":"trg_01m2r9w2hkd8x1jsx9gec9g3g0","function_id":"fn_01m2r9w1knqq8rrm5pz7zsh7vf","kind":"webhook","enabled":true,"next_fire_at":"None","target":"tachyon_serverless_application::services::triggers"}
{"timestamp":"2026-09-17T18:25:42.606563Z","level":"INFO","message":"bridge spawned","environment_id":"env_01m2r9w2j81q58zvpcdqqr3etj","pid":56279,"target":"tachyon_serverless_provider_process"}
{"timestamp":"2026-09-17T18:25:42.852905Z","level":"INFO","message":"invocation finished","invocation_id":"inv_01m2r9w2j7cn1717wda41x6ec4","status":"succeeded","handler_ms":0,"environment_boot_ms":4,"runtime_init_ms":240,"target":"tachyon_serverless_application::services::invoke"}
{"timestamp":"2026-09-17T18:25:42.854449Z","level":"INFO","message":"terminating bridge","environment_id":"env_01m2r9w2j81q58zvpcdqqr3etj","pid":56279,"reason":"Completed","graceful":true,"target":"tachyon_serverless_provider_process"}
{"timestamp":"2026-09-17T18:25:42.901395Z","level":"INFO","message":"asynchronous invocation accepted","invocation_id":"inv_01m2r9w2zmgy877dfg3b64wqts","tenant_id":"tn_01hzzzzzzzzzzzzzzzzzzzzzza","revision_id":"rev_01m2r9w1e8vmsetegy3yct9w2k","input_bytes":47,"input_storage":"inline","target":"tachyon_serverless_application::services::invoke_async"}
{"timestamp":"2026-09-17T18:25:42.910146Z","level":"INFO","message":"asynchronous run claimed","invocation_id":"inv_01m2r9w2zmgy877dfg3b64wqts","attempt":1,"generation":0,"delivery_count":1,"target":"tachyon_serverless_application::services::invoke_async::dispatch"}
{"timestamp":"2026-09-17T18:25:42.963627Z","level":"INFO","message":"asynchronous invocation accepted","invocation_id":"inv_01m2r9w314hj29dwaqgehbxfmp","tenant_id":"tn_01hzzzzzzzzzzzzzzzzzzzzzza","revision_id":"rev_01m2r9w1e8vmsetegy3yct9w2k","input_bytes":4127,"input_storage":"object","target":"tachyon_serverless_application::services::invoke_async"}
{"timestamp":"2026-09-17T18:25:42.968886Z","level":"INFO","message":"asynchronous run claimed","invocation_id":"inv_01m2r9w314hj29dwaqgehbxfmp","attempt":1,"generation":0,"delivery_count":1,"target":"tachyon_serverless_application::services::invoke_async::dispatch"}
{"timestamp":"2026-09-17T18:25:42.991221Z","level":"INFO","message":"asynchronous invocation accepted","invocation_id":"inv_01m2r9w32enhzwde5dcvh371jw","tenant_id":"tn_01hzzzzzzzzzzzzzzzzzzzzzza","revision_id":"rev_01m2r9w1x511ts700x9yrq96b7","input_bytes":189,"input_storage":"inline","target":"tachyon_serverless_application::services::invoke_async"}
{"timestamp":"2026-09-17T18:25:42.991257Z","level":"INFO","message":"webhook trigger fired","trigger_id":"trg_01m2r9w2hkd8x1jsx9gec9g3g0","event_id":"evt-pre-w1","invocation_id":"inv_01m2r9w32enhzwde5dcvh371jw","revision_id":"rev_01m2r9w1x511ts700x9yrq96b7","replayed":false,"target":"tachyon_serverless_application::services::triggers"}
{"timestamp":"2026-09-17T18:25:43.059077Z","level":"INFO","message":"bridge spawned","environment_id":"env_01m2r9w2zy1nynb22g8wzy3fb0","pid":56356,"target":"tachyon_serverless_provider_process"}
{"timestamp":"2026-09-17T18:25:43.119402Z","level":"INFO","message":"bridge spawned","environment_id":"env_01m2r9w31t2f931zx29caqxkg4","pid":56358,"target":"tachyon_serverless_provider_process"}
{"timestamp":"2026-09-17T18:25:43.144580Z","level":"INFO","message":"bridge spawned","environment_id":"env_01m2r9w32z256nmkhkxnkkzj7q","pid":56360,"target":"tachyon_serverless_provider_process"}
{"timestamp":"2026-09-17T18:25:43.154351Z","level":"INFO","message":"invocation finished","invocation_id":"inv_01m2r9w32zaycm58hxkkbeyzpa","status":"succeeded","handler_ms":0,"environment_boot_ms":3,"runtime_init_ms":4,"target":"tachyon_serverless_application::services::invoke"}
{"timestamp":"2026-09-17T18:25:43.155888Z","level":"INFO","message":"terminating bridge","environment_id":"env_01m2r9w32z256nmkhkxnkkzj7q","pid":56360,"reason":"Completed","graceful":true,"target":"tachyon_serverless_provider_process"}
{"timestamp":"2026-09-17T18:25:43.203239Z","level":"INFO","message":"asynchronous invocation accepted","invocation_id":"inv_01m2r9w392ghgzbp8mfqjjpc9w","tenant_id":"tn_01hzzzzzzzzzzzzzzzzzzzzzza","revision_id":"rev_01m2r9w1e8vmsetegy3yct9w2k","input_bytes":47,"input_storage":"inline","target":"tachyon_serverless_application::services::invoke_async"}
{"timestamp":"2026-09-17T18:25:43.220838Z","level":"INFO","message":"invocation finished","invocation_id":"inv_01m2r9w2zmgy877dfg3b64wqts","status":"succeeded (async run)","handler_ms":1,"environment_boot_ms":3,"runtime_init_ms":155,"target":"tachyon_serverless_application::services::invoke"}
{"timestamp":"2026-09-17T18:25:43.221304Z","level":"INFO","message":"invocation finished","invocation_id":"inv_01m2r9w314hj29dwaqgehbxfmp","status":"succeeded (async run)","handler_ms":1,"environment_boot_ms":3,"runtime_init_ms":95,"target":"tachyon_serverless_application::services::invoke"}
{"timestamp":"2026-09-17T18:25:43.222807Z","level":"INFO","message":"terminating bridge","environment_id":"env_01m2r9w31t2f931zx29caqxkg4","pid":56358,"reason":"Completed","graceful":true,"target":"tachyon_serverless_provider_process"}
{"timestamp":"2026-09-17T18:25:43.222807Z","level":"INFO","message":"terminating bridge","environment_id":"env_01m2r9w2zy1nynb22g8wzy3fb0","pid":56356,"reason":"Completed","graceful":true,"target":"tachyon_serverless_provider_process"}
{"timestamp":"2026-09-17T18:25:43.225794Z","level":"INFO","message":"asynchronous invocation settled","invocation_id":"inv_01m2r9w2zmgy877dfg3b64wqts","status":"succeeded","target":"tachyon_serverless_application::services::invoke_async::dispatch"}
{"timestamp":"2026-09-17T18:25:43.226282Z","level":"INFO","message":"asynchronous invocation settled","invocation_id":"inv_01m2r9w314hj29dwaqgehbxfmp","status":"succeeded","target":"tachyon_serverless_application::services::invoke_async::dispatch"}
{"timestamp":"2026-09-17T18:25:43.231262Z","level":"INFO","message":"async dispatch: delivery handled","message_id":"inv_01m2r9w2zmgy877dfg3b64wqts","sequence":1,"delivery_count":1,"outcome":"Completed { status: \"succeeded\" }","target":"tachyon_serverless_application::services::invoke_async::dispatch"}
{"timestamp":"2026-09-17T18:25:43.239339Z","level":"INFO","message":"async dispatch: delivery handled","message_id":"inv_01m2r9w314hj29dwaqgehbxfmp","sequence":2,"delivery_count":1,"outcome":"Completed { status: \"succeeded\" }","target":"tachyon_serverless_application::services::invoke_async::dispatch"}
{"timestamp":"2026-09-17T18:25:43.239893Z","level":"INFO","message":"asynchronous run claimed","invocation_id":"inv_01m2r9w392ghgzbp8mfqjjpc9w","attempt":1,"generation":0,"delivery_count":1,"target":"tachyon_serverless_application::services::invoke_async::dispatch"}
{"timestamp":"2026-09-17T18:25:43.240017Z","level":"INFO","message":"asynchronous run claimed","invocation_id":"inv_01m2r9w32enhzwde5dcvh371jw","attempt":1,"generation":0,"delivery_count":1,"target":"tachyon_serverless_application::services::invoke_async::dispatch"}
{"timestamp":"2026-09-17T18:25:43.266638Z","level":"INFO","message":"asynchronous invocation accepted","invocation_id":"inv_01m2r9w3anxtdbtb7acvj6b8tw","tenant_id":"tn_01hzzzzzzzzzzzzzzzzzzzzzza","revision_id":"rev_01m2r9w1e8vmsetegy3yct9w2k","input_bytes":4127,"input_storage":"object","target":"tachyon_serverless_application::services::invoke_async"}
{"timestamp":"2026-09-17T18:25:43.294310Z","level":"INFO","message":"asynchronous invocation accepted","invocation_id":"inv_01m2r9w3bx02cmz2n0c7ftw20j","tenant_id":"tn_01hzzzzzzzzzzzzzzzzzzzzzza","revision_id":"rev_01m2r9w1x511ts700x9yrq96b7","input_bytes":189,"input_storage":"inline","target":"tachyon_serverless_application::services::invoke_async"}
{"timestamp":"2026-09-17T18:25:43.294342Z","level":"INFO","message":"webhook trigger fired","trigger_id":"trg_01m2r9w2hkd8x1jsx9gec9g3g0","event_id":"evt-pre-w2","invocation_id":"inv_01m2r9w3bx02cmz2n0c7ftw20j","revision_id":"rev_01m2r9w1x511ts700x9yrq96b7","replayed":false,"target":"tachyon_serverless_application::services::triggers"}
{"timestamp":"2026-09-17T18:25:43.378209Z","level":"INFO","message":"bridge spawned","environment_id":"env_01m2r9w3a8sv9kervfyqvnnxqm","pid":56433,"target":"tachyon_serverless_provider_process"}
{"timestamp":"2026-09-17T18:25:43.388206Z","level":"INFO","message":"invocation finished","invocation_id":"inv_01m2r9w32enhzwde5dcvh371jw","status":"succeeded (async run)","handler_ms":0,"environment_boot_ms":3,"runtime_init_ms":5,"target":"tachyon_serverless_application::services::invoke"}
{"timestamp":"2026-09-17T18:25:43.389728Z","level":"INFO","message":"terminating bridge","environment_id":"env_01m2r9w3a8sv9kervfyqvnnxqm","pid":56433,"reason":"Completed","graceful":true,"target":"tachyon_serverless_provider_process"}
{"timestamp":"2026-09-17T18:25:43.391265Z","level":"INFO","message":"bridge spawned","environment_id":"env_01m2r9w3a8wmq3mrkexfk9p8gr","pid":56435,"target":"tachyon_serverless_provider_process"}
{"timestamp":"2026-09-17T18:25:43.392152Z","level":"INFO","message":"asynchronous invocation settled","invocation_id":"inv_01m2r9w32enhzwde5dcvh371jw","status":"succeeded","target":"tachyon_serverless_application::services::invoke_async::dispatch"}
{"timestamp":"2026-09-17T18:25:43.397524Z","level":"INFO","message":"async dispatch: delivery handled","message_id":"inv_01m2r9w32enhzwde5dcvh371jw","sequence":3,"delivery_count":1,"outcome":"Completed { status: \"succeeded\" }","target":"tachyon_serverless_application::services::invoke_async::dispatch"}
{"timestamp":"2026-09-17T18:25:43.397924Z","level":"INFO","message":"asynchronous run claimed","invocation_id":"inv_01m2r9w3anxtdbtb7acvj6b8tw","attempt":1,"generation":0,"delivery_count":1,"target":"tachyon_serverless_application::services::invoke_async::dispatch"}
{"timestamp":"2026-09-17T18:25:43.403495Z","level":"INFO","message":"invocation finished","invocation_id":"inv_01m2r9w392ghgzbp8mfqjjpc9w","status":"succeeded (async run)","handler_ms":0,"environment_boot_ms":3,"runtime_init_ms":7,"target":"tachyon_serverless_application::services::invoke"}
{"timestamp":"2026-09-17T18:25:43.405018Z","level":"INFO","message":"terminating bridge","environment_id":"env_01m2r9w3a8wmq3mrkexfk9p8gr","pid":56435,"reason":"Completed","graceful":true,"target":"tachyon_serverless_provider_process"}
{"timestamp":"2026-09-17T18:25:43.407777Z","level":"INFO","message":"asynchronous invocation settled","invocation_id":"inv_01m2r9w392ghgzbp8mfqjjpc9w","status":"succeeded","target":"tachyon_serverless_application::services::invoke_async::dispatch"}
{"timestamp":"2026-09-17T18:25:43.413142Z","level":"INFO","message":"async dispatch: delivery handled","message_id":"inv_01m2r9w392ghgzbp8mfqjjpc9w","sequence":4,"delivery_count":1,"outcome":"Completed { status: \"succeeded\" }","target":"tachyon_serverless_application::services::invoke_async::dispatch"}
{"timestamp":"2026-09-17T18:25:43.413516Z","level":"INFO","message":"asynchronous run claimed","invocation_id":"inv_01m2r9w3bx02cmz2n0c7ftw20j","attempt":1,"generation":0,"delivery_count":1,"target":"tachyon_serverless_application::services::invoke_async::dispatch"}
{"timestamp":"2026-09-17T18:25:43.548330Z","level":"INFO","message":"bridge spawned","environment_id":"env_01m2r9w3f7584m5m5691zqn2wz","pid":56438,"target":"tachyon_serverless_provider_process"}
{"timestamp":"2026-09-17T18:25:43.554126Z","level":"INFO","message":"bridge spawned","environment_id":"env_01m2r9w3fn29hydnycs0h3mzrc","pid":56440,"target":"tachyon_serverless_provider_process"}
{"timestamp":"2026-09-17T18:25:43.560923Z","level":"INFO","message":"invocation finished","invocation_id":"inv_01m2r9w3bx02cmz2n0c7ftw20j","status":"succeeded (async run)","handler_ms":1,"environment_boot_ms":3,"runtime_init_ms":4,"target":"tachyon_serverless_application::services::invoke"}
{"timestamp":"2026-09-17T18:25:43.561424Z","level":"INFO","message":"invocation finished","invocation_id":"inv_01m2r9w3anxtdbtb7acvj6b8tw","status":"succeeded (async run)","handler_ms":0,"environment_boot_ms":4,"runtime_init_ms":8,"target":"tachyon_serverless_application::services::invoke"}
{"timestamp":"2026-09-17T18:25:43.562929Z","level":"INFO","message":"terminating bridge","environment_id":"env_01m2r9w3f7584m5m5691zqn2wz","pid":56438,"reason":"Completed","graceful":true,"target":"tachyon_serverless_provider_process"}
{"timestamp":"2026-09-17T18:25:43.562929Z","level":"INFO","message":"terminating bridge","environment_id":"env_01m2r9w3fn29hydnycs0h3mzrc","pid":56440,"reason":"Completed","graceful":true,"target":"tachyon_serverless_provider_process"}
{"timestamp":"2026-09-17T18:25:43.565549Z","level":"INFO","message":"asynchronous invocation settled","invocation_id":"inv_01m2r9w3bx02cmz2n0c7ftw20j","status":"succeeded","target":"tachyon_serverless_application::services::invoke_async::dispatch"}
{"timestamp":"2026-09-17T18:25:43.565989Z","level":"INFO","message":"asynchronous invocation settled","invocation_id":"inv_01m2r9w3anxtdbtb7acvj6b8tw","status":"succeeded","target":"tachyon_serverless_application::services::invoke_async::dispatch"}
{"timestamp":"2026-09-17T18:25:43.571321Z","level":"INFO","message":"async dispatch: delivery handled","message_id":"inv_01m2r9w3bx02cmz2n0c7ftw20j","sequence":6,"delivery_count":1,"outcome":"Completed { status: \"succeeded\" }","target":"tachyon_serverless_application::services::invoke_async::dispatch"}
{"timestamp":"2026-09-17T18:25:43.575282Z","level":"INFO","message":"async dispatch: delivery handled","message_id":"inv_01m2r9w3anxtdbtb7acvj6b8tw","sequence":5,"delivery_count":1,"outcome":"Completed { status: \"succeeded\" }","target":"tachyon_serverless_application::services::invoke_async::dispatch"}
{"timestamp":"2026-09-17T18:25:44.009466Z","level":"INFO","message":"asynchronous invocation accepted","invocation_id":"inv_01m2r9w428yq512p63xrryrf5h","tenant_id":"tn_01hzzzzzzzzzzzzzzzzzzzzzza","revision_id":"rev_01m2r9w1x511ts700x9yrq96b7","input_bytes":180,"input_storage":"inline","target":"tachyon_serverless_application::services::invoke_async"}
{"timestamp":"2026-09-17T18:25:44.009504Z","level":"INFO","message":"cron trigger fired","trigger_id":"trg_01m2r9w2h8hj7tfyt3k2xwd4sj","scheduled_at":"2026-09-17T18:25:44Z","invocation_id":"inv_01m2r9w428yq512p63xrryrf5h","revision_id":"rev_01m2r9w1x511ts700x9yrq96b7","replayed":false,"target":"tachyon_serverless_application::services::triggers"}
{"timestamp":"2026-09-17T18:25:44.088106Z","level":"INFO","message":"asynchronous run claimed","invocation_id":"inv_01m2r9w428yq512p63xrryrf5h","attempt":1,"generation":0,"delivery_count":1,"target":"tachyon_serverless_application::services::invoke_async::dispatch"}
{"timestamp":"2026-09-17T18:25:44.228677Z","level":"INFO","message":"bridge spawned","environment_id":"env_01m2r9w44vvxt4tg3vvmx4tby4","pid":56443,"target":"tachyon_serverless_provider_process"}
{"timestamp":"2026-09-17T18:25:44.239738Z","level":"INFO","message":"invocation finished","invocation_id":"inv_01m2r9w428yq512p63xrryrf5h","status":"succeeded (async run)","handler_ms":0,"environment_boot_ms":5,"runtime_init_ms":4,"target":"tachyon_serverless_application::services::invoke"}
{"timestamp":"2026-09-17T18:25:44.241069Z","level":"INFO","message":"terminating bridge","environment_id":"env_01m2r9w44vvxt4tg3vvmx4tby4","pid":56443,"reason":"Completed","graceful":true,"target":"tachyon_serverless_provider_process"}
{"timestamp":"2026-09-17T18:25:44.243497Z","level":"INFO","message":"asynchronous invocation settled","invocation_id":"inv_01m2r9w428yq512p63xrryrf5h","status":"succeeded","target":"tachyon_serverless_application::services::invoke_async::dispatch"}
{"timestamp":"2026-09-17T18:25:44.250226Z","level":"INFO","message":"async dispatch: delivery handled","message_id":"inv_01m2r9w428yq512p63xrryrf5h","sequence":7,"delivery_count":1,"outcome":"Completed { status: \"succeeded\" }","target":"tachyon_serverless_application::services::invoke_async::dispatch"}
{"timestamp":"2026-09-17T18:25:50.763537Z","level":"WARN","message":"cannot take the trigger scheduler lease","error":"store: database is locked","target":"tachyon_serverless_application::services::triggers"}
{"timestamp":"2026-09-17T18:25:55.765638Z","level":"WARN","message":"outbox: claiming failed","error":"store: the store connection stayed busy for 5 s (database locked?)","target":"tachyon_serverless_application::services::invoke_async::publisher"}
{"timestamp":"2026-09-17T18:25:55.765650Z","level":"WARN","message":"object gc: claim failed","object":"obj_01m2r9w314h1y81w91zrhn4y6t","error":"store: the store connection stayed busy for 5 s (database locked?)","target":"tachyon_serverless_application::durable::gc"}
{"timestamp":"2026-09-17T18:25:55.770947Z","level":"WARN","message":"async reaper: listing candidates failed","error":"store: the store connection stayed busy for 5 s (database locked?)","target":"tachyon_serverless_application::services::invoke_async::dispatch"}
{"timestamp":"2026-09-17T18:25:56.105961Z","level":"WARN","message":"dispatcher heartbeat failed","error":"store: database is locked","target":"tachyon_serverless_application::app"}
{"timestamp":"2026-09-17T18:26:00.774281Z","level":"WARN","message":"object gc: claim failed","object":"obj_01m2r9w3an9yqfv082fz5rdgdw","error":"store: the store connection stayed busy for 5 s (database locked?)","target":"tachyon_serverless_application::durable::gc"}
{"timestamp":"2026-09-17T18:26:00.775649Z","level":"WARN","message":"async reaper: listing candidates failed","error":"store: the store connection stayed busy for 5 s (database locked?)","target":"tachyon_serverless_application::services::invoke_async::dispatch"}
{"timestamp":"2026-09-17T18:26:00.874525Z","level":"WARN","message":"outbox: claiming failed","error":"store: the store connection stayed busy for 5 s (database locked?)","target":"tachyon_serverless_application::services::invoke_async::publisher"}
{"timestamp":"2026-09-17T18:26:01.108793Z","level":"WARN","message":"cannot list dispatchers","error":"store: the store connection stayed busy for 5 s (database locked?)","target":"tachyon_serverless_application::services::dispatcher"}
{"timestamp":"2026-09-17T18:26:01.429595Z","level":"WARN","message":"cannot take the trigger scheduler lease","error":"store: database is locked","target":"tachyon_serverless_application::services::triggers"}
{"timestamp":"2026-09-17T18:26:05.421791Z","level":"INFO","message":"object retention pass","report":"GcReport { examined: 2, collected_expired: 0, collected_orphans: 0, kept_in_use: 0, kept_referenced: 0, incomplete_removed: 0, tombstones_purged: 0, failed: 2 }","target":"tachyon_serverless_gateway"}
{"timestamp":"2026-09-17T18:26:05.422646Z","level":"WARN","message":"dispatcher lease renewed after the store was unavailable","dispatcher_id":"dsp_01m2r9w0vpbg6ntwa26kc10w8b","outage_started_at":"Some(2026-09-17T18:25:50.763930Z)","failed_heartbeats":1,"revived":false,"leases":0,"target":"tachyon_serverless_application::services::dispatcher"}
{"timestamp":"2026-09-17T18:26:05.423012Z","level":"INFO","message":"object retention pass","report":"GcReport { examined: 2, collected_expired: 0, collected_orphans: 0, kept_in_use: 0, kept_referenced: 2, incomplete_removed: 0, tombstones_purged: 0, failed: 0 }","target":"tachyon_serverless_gateway"}
{"timestamp":"2026-09-17T18:26:05.423190Z","level":"INFO","message":"late scheduled times skipped by the missed-run policy","trigger_id":"trg_01m2r9w2h8hj7tfyt3k2xwd4sj","skipped":10,"policy":"Skip","target":"tachyon_serverless_application::services::triggers"}
{"timestamp":"2026-09-17T18:26:05.425267Z","level":"INFO","message":"asynchronous invocation accepted","invocation_id":"inv_01m2r9wrzgv2j8b29f1j1gzxnt","tenant_id":"tn_01hzzzzzzzzzzzzzzzzzzzzzza","revision_id":"rev_01m2r9w1e8vmsetegy3yct9w2k","input_bytes":49,"input_storage":"inline","target":"tachyon_serverless_application::services::invoke_async"}
{"timestamp":"2026-09-17T18:26:05.431393Z","level":"INFO","message":"asynchronous run claimed","invocation_id":"inv_01m2r9wrzgv2j8b29f1j1gzxnt","attempt":1,"generation":0,"delivery_count":1,"target":"tachyon_serverless_application::services::invoke_async::dispatch"}
{"timestamp":"2026-09-17T18:26:05.560763Z","level":"INFO","message":"bridge spawned","environment_id":"env_01m2r9wrzg6v8e6h15wna4aer2","pid":57136,"target":"tachyon_serverless_provider_process"}
{"timestamp":"2026-09-17T18:26:05.572980Z","level":"INFO","message":"invocation finished","invocation_id":"inv_01m2r9wrzf6vq5m15stertzyjj","status":"succeeded","handler_ms":0,"environment_boot_ms":4,"runtime_init_ms":5,"target":"tachyon_serverless_application::services::invoke"}
{"timestamp":"2026-09-17T18:26:05.574524Z","level":"INFO","message":"terminating bridge","environment_id":"env_01m2r9wrzg6v8e6h15wna4aer2","pid":57136,"reason":"Completed","graceful":true,"target":"tachyon_serverless_provider_process"}
{"timestamp":"2026-09-17T18:26:05.586615Z","level":"INFO","message":"bridge spawned","environment_id":"env_01m2r9wrzqbz791s3f1rmznrsp","pid":57150,"target":"tachyon_serverless_provider_process"}
{"timestamp":"2026-09-17T18:26:05.599383Z","level":"INFO","message":"invocation finished","invocation_id":"inv_01m2r9wrzgv2j8b29f1j1gzxnt","status":"succeeded (async run)","handler_ms":1,"environment_boot_ms":3,"runtime_init_ms":5,"target":"tachyon_serverless_application::services::invoke"}
{"timestamp":"2026-09-17T18:26:05.600933Z","level":"INFO","message":"terminating bridge","environment_id":"env_01m2r9wrzqbz791s3f1rmznrsp","pid":57150,"reason":"Completed","graceful":true,"target":"tachyon_serverless_provider_process"}
{"timestamp":"2026-09-17T18:26:05.603867Z","level":"INFO","message":"asynchronous invocation settled","invocation_id":"inv_01m2r9wrzgv2j8b29f1j1gzxnt","status":"succeeded","target":"tachyon_serverless_application::services::invoke_async::dispatch"}
{"timestamp":"2026-09-17T18:26:05.610222Z","level":"INFO","message":"async dispatch: delivery handled","message_id":"inv_01m2r9wrzgv2j8b29f1j1gzxnt","sequence":8,"delivery_count":1,"outcome":"Completed { status: \"succeeded\" }","target":"tachyon_serverless_application::services::invoke_async::dispatch"}
{"timestamp":"2026-09-17T18:26:05.951626Z","level":"INFO","message":"bridge spawned","environment_id":"env_01m2r9wsbrgvq5kfsqxgc16tvv","pid":57204,"target":"tachyon_serverless_provider_process"}
{"timestamp":"2026-09-17T18:26:05.962281Z","level":"INFO","message":"invocation finished","invocation_id":"inv_01m2r9wsbq5fz61g00za4entsv","status":"succeeded","handler_ms":0,"environment_boot_ms":3,"runtime_init_ms":4,"target":"tachyon_serverless_application::services::invoke"}
{"timestamp":"2026-09-17T18:26:05.963841Z","level":"INFO","message":"terminating bridge","environment_id":"env_01m2r9wsbrgvq5kfsqxgc16tvv","pid":57204,"reason":"Completed","graceful":true,"target":"tachyon_serverless_provider_process"}
{"timestamp":"2026-09-17T18:26:06.003070Z","level":"INFO","message":"asynchronous invocation accepted","invocation_id":"inv_01m2r9wshhvd44nrrqvnxmhj4a","tenant_id":"tn_01hzzzzzzzzzzzzzzzzzzzzzza","revision_id":"rev_01m2r9w1x511ts700x9yrq96b7","input_bytes":180,"input_storage":"inline","target":"tachyon_serverless_application::services::invoke_async"}
{"timestamp":"2026-09-17T18:26:06.003108Z","level":"INFO","message":"cron trigger fired","trigger_id":"trg_01m2r9w2h8hj7tfyt3k2xwd4sj","scheduled_at":"2026-09-17T18:26:06Z","invocation_id":"inv_01m2r9wshhvd44nrrqvnxmhj4a","revision_id":"rev_01m2r9w1x511ts700x9yrq96b7","replayed":false,"target":"tachyon_serverless_application::services::triggers"}
{"timestamp":"2026-09-17T18:26:06.013050Z","level":"INFO","message":"asynchronous run claimed","invocation_id":"inv_01m2r9wshhvd44nrrqvnxmhj4a","attempt":1,"generation":0,"delivery_count":1,"target":"tachyon_serverless_application::services::invoke_async::dispatch"}
{"timestamp":"2026-09-17T18:26:06.150692Z","level":"INFO","message":"bridge spawned","environment_id":"env_01m2r9wshxm8wc6x1py8kcx1cm","pid":57248,"target":"tachyon_serverless_provider_process"}
{"timestamp":"2026-09-17T18:26:06.161337Z","level":"INFO","message":"invocation finished","invocation_id":"inv_01m2r9wshhvd44nrrqvnxmhj4a","status":"succeeded (async run)","handler_ms":0,"environment_boot_ms":3,"runtime_init_ms":4,"target":"tachyon_serverless_application::services::invoke"}
{"timestamp":"2026-09-17T18:26:06.162841Z","level":"INFO","message":"terminating bridge","environment_id":"env_01m2r9wshxm8wc6x1py8kcx1cm","pid":57248,"reason":"Completed","graceful":true,"target":"tachyon_serverless_provider_process"}
{"timestamp":"2026-09-17T18:26:06.166026Z","level":"INFO","message":"asynchronous invocation settled","invocation_id":"inv_01m2r9wshhvd44nrrqvnxmhj4a","status":"succeeded","target":"tachyon_serverless_application::services::invoke_async::dispatch"}
{"timestamp":"2026-09-17T18:26:06.172233Z","level":"INFO","message":"async dispatch: delivery handled","message_id":"inv_01m2r9wshhvd44nrrqvnxmhj4a","sequence":9,"delivery_count":1,"outcome":"Completed { status: \"succeeded\" }","target":"tachyon_serverless_application::services::invoke_async::dispatch"}
{"timestamp":"2026-09-17T18:26:06.210880Z","level":"INFO","message":"bridge spawned","environment_id":"env_01m2r9wsksm9pxd3hxnvfpnaks","pid":57250,"target":"tachyon_serverless_provider_process"}
{"timestamp":"2026-09-17T18:26:06.221171Z","level":"INFO","message":"invocation finished","invocation_id":"inv_01m2r9wskrg98cfk3asvw6mk5s","status":"succeeded","handler_ms":0,"environment_boot_ms":3,"runtime_init_ms":4,"target":"tachyon_serverless_application::services::invoke"}
{"timestamp":"2026-09-17T18:26:06.222686Z","level":"INFO","message":"terminating bridge","environment_id":"env_01m2r9wsksm9pxd3hxnvfpnaks","pid":57250,"reason":"Completed","graceful":true,"target":"tachyon_serverless_provider_process"}
{"timestamp":"2026-09-17T18:26:06.269645Z","level":"INFO","message":"asynchronous invocation accepted","invocation_id":"inv_01m2r9wsswcvfrr7szycq3gm2q","tenant_id":"tn_01hzzzzzzzzzzzzzzzzzzzzzza","revision_id":"rev_01m2r9w1e8vmsetegy3yct9w2k","input_bytes":48,"input_storage":"inline","target":"tachyon_serverless_application::services::invoke_async"}
{"timestamp":"2026-09-17T18:26:06.275532Z","level":"INFO","message":"asynchronous run claimed","invocation_id":"inv_01m2r9wsswcvfrr7szycq3gm2q","attempt":1,"generation":0,"delivery_count":1,"target":"tachyon_serverless_application::services::invoke_async::dispatch"}
{"timestamp":"2026-09-17T18:26:06.328507Z","level":"INFO","message":"asynchronous invocation accepted","invocation_id":"inv_01m2r9wsv9ba20pq18tf36m5k7","tenant_id":"tn_01hzzzzzzzzzzzzzzzzzzzzzza","revision_id":"rev_01m2r9w1e8vmsetegy3yct9w2k","input_bytes":4128,"input_storage":"object","target":"tachyon_serverless_application::services::invoke_async"}
{"timestamp":"2026-09-17T18:26:06.333955Z","level":"INFO","message":"asynchronous run claimed","invocation_id":"inv_01m2r9wsv9ba20pq18tf36m5k7","attempt":1,"generation":0,"delivery_count":1,"target":"tachyon_serverless_application::services::invoke_async::dispatch"}
{"timestamp":"2026-09-17T18:26:06.358144Z","level":"INFO","message":"asynchronous invocation accepted","invocation_id":"inv_01m2r9wswmgax6r84n4q5xfn1x","tenant_id":"tn_01hzzzzzzzzzzzzzzzzzzzzzza","revision_id":"rev_01m2r9w1x511ts700x9yrq96b7","input_bytes":191,"input_storage":"inline","target":"tachyon_serverless_application::services::invoke_async"}
{"timestamp":"2026-09-17T18:26:06.358182Z","level":"INFO","message":"webhook trigger fired","trigger_id":"trg_01m2r9w2hkd8x1jsx9gec9g3g0","event_id":"evt-post-w1","invocation_id":"inv_01m2r9wswmgax6r84n4q5xfn1x","revision_id":"rev_01m2r9w1x511ts700x9yrq96b7","replayed":false,"target":"tachyon_serverless_application::services::triggers"}
{"timestamp":"2026-09-17T18:26:06.432815Z","level":"INFO","message":"bridge spawned","environment_id":"env_01m2r9wst35hm0418stv7fk91t","pid":57324,"target":"tachyon_serverless_provider_process"}
{"timestamp":"2026-09-17T18:26:06.443537Z","level":"INFO","message":"invocation finished","invocation_id":"inv_01m2r9wsswcvfrr7szycq3gm2q","status":"succeeded (async run)","handler_ms":0,"environment_boot_ms":3,"runtime_init_ms":4,"target":"tachyon_serverless_application::services::invoke"}
{"timestamp":"2026-09-17T18:26:06.445082Z","level":"INFO","message":"terminating bridge","environment_id":"env_01m2r9wst35hm0418stv7fk91t","pid":57324,"reason":"Completed","graceful":true,"target":"tachyon_serverless_provider_process"}
{"timestamp":"2026-09-17T18:26:06.448063Z","level":"INFO","message":"asynchronous invocation settled","invocation_id":"inv_01m2r9wsswcvfrr7szycq3gm2q","status":"succeeded","target":"tachyon_serverless_application::services::invoke_async::dispatch"}
{"timestamp":"2026-09-17T18:26:06.453661Z","level":"INFO","message":"async dispatch: delivery handled","message_id":"inv_01m2r9wsswcvfrr7szycq3gm2q","sequence":10,"delivery_count":1,"outcome":"Completed { status: \"succeeded\" }","target":"tachyon_serverless_application::services::invoke_async::dispatch"}
{"timestamp":"2026-09-17T18:26:06.454268Z","level":"INFO","message":"asynchronous run claimed","invocation_id":"inv_01m2r9wswmgax6r84n4q5xfn1x","attempt":1,"generation":0,"delivery_count":1,"target":"tachyon_serverless_application::services::invoke_async::dispatch"}
{"timestamp":"2026-09-17T18:26:06.490323Z","level":"INFO","message":"bridge spawned","environment_id":"env_01m2r9wsvzzep95wx03cfagf7t","pid":57327,"target":"tachyon_serverless_provider_process"}
{"timestamp":"2026-09-17T18:26:06.506440Z","level":"INFO","message":"invocation finished","invocation_id":"inv_01m2r9wsv9ba20pq18tf36m5k7","status":"succeeded (async run)","handler_ms":1,"environment_boot_ms":10,"runtime_init_ms":8,"target":"tachyon_serverless_application::services::invoke"}
{"timestamp":"2026-09-17T18:26:06.508029Z","level":"INFO","message":"terminating bridge","environment_id":"env_01m2r9wsvzzep95wx03cfagf7t","pid":57327,"reason":"Completed","graceful":true,"target":"tachyon_serverless_provider_process"}
{"timestamp":"2026-09-17T18:26:06.511704Z","level":"INFO","message":"asynchronous invocation settled","invocation_id":"inv_01m2r9wsv9ba20pq18tf36m5k7","status":"succeeded","target":"tachyon_serverless_application::services::invoke_async::dispatch"}
{"timestamp":"2026-09-17T18:26:06.516836Z","level":"INFO","message":"async dispatch: delivery handled","message_id":"inv_01m2r9wsv9ba20pq18tf36m5k7","sequence":11,"delivery_count":1,"outcome":"Completed { status: \"succeeded\" }","target":"tachyon_serverless_application::services::invoke_async::dispatch"}
{"timestamp":"2026-09-17T18:26:06.537390Z","level":"INFO","message":"bridge spawned","environment_id":"env_01m2r9wsxmtkjbesvfkjjdezs8","pid":57330,"target":"tachyon_serverless_provider_process"}
{"timestamp":"2026-09-17T18:26:06.548426Z","level":"INFO","message":"invocation finished","invocation_id":"inv_01m2r9wsxm26yhss4g1yztts89","status":"succeeded","handler_ms":0,"environment_boot_ms":4,"runtime_init_ms":4,"target":"tachyon_serverless_application::services::invoke"}
{"timestamp":"2026-09-17T18:26:06.550025Z","level":"INFO","message":"terminating bridge","environment_id":"env_01m2r9wsxmtkjbesvfkjjdezs8","pid":57330,"reason":"Completed","graceful":true,"target":"tachyon_serverless_provider_process"}
{"timestamp":"2026-09-17T18:26:06.600288Z","level":"INFO","message":"bridge spawned","environment_id":"env_01m2r9wszp4byen5eh30spy7vp","pid":57350,"target":"tachyon_serverless_provider_process"}
{"timestamp":"2026-09-17T18:26:06.609198Z","level":"INFO","message":"asynchronous invocation accepted","invocation_id":"inv_01m2r9wt4g6avkx18cy8sadk02","tenant_id":"tn_01hzzzzzzzzzzzzzzzzzzzzzza","revision_id":"rev_01m2r9w1e8vmsetegy3yct9w2k","input_bytes":48,"input_storage":"inline","target":"tachyon_serverless_application::services::invoke_async"}
{"timestamp":"2026-09-17T18:26:06.615500Z","level":"INFO","message":"invocation finished","invocation_id":"inv_01m2r9wswmgax6r84n4q5xfn1x","status":"succeeded (async run)","handler_ms":4,"environment_boot_ms":5,"runtime_init_ms":4,"target":"tachyon_serverless_application::services::invoke"}
{"timestamp":"2026-09-17T18:26:06.615986Z","level":"INFO","message":"asynchronous run claimed","invocation_id":"inv_01m2r9wt4g6avkx18cy8sadk02","attempt":1,"generation":0,"delivery_count":1,"target":"tachyon_serverless_application::services::invoke_async::dispatch"}
{"timestamp":"2026-09-17T18:26:06.616176Z","level":"INFO","message":"terminating bridge","environment_id":"env_01m2r9wszp4byen5eh30spy7vp","pid":57350,"reason":"Completed","graceful":true,"target":"tachyon_serverless_provider_process"}
{"timestamp":"2026-09-17T18:26:06.618835Z","level":"INFO","message":"asynchronous invocation settled","invocation_id":"inv_01m2r9wswmgax6r84n4q5xfn1x","status":"succeeded","target":"tachyon_serverless_application::services::invoke_async::dispatch"}
{"timestamp":"2026-09-17T18:26:06.623727Z","level":"INFO","message":"async dispatch: delivery handled","message_id":"inv_01m2r9wswmgax6r84n4q5xfn1x","sequence":12,"delivery_count":1,"outcome":"Completed { status: \"succeeded\" }","target":"tachyon_serverless_application::services::invoke_async::dispatch"}
{"timestamp":"2026-09-17T18:26:06.671084Z","level":"INFO","message":"asynchronous invocation accepted","invocation_id":"inv_01m2r9wt61qrwf40sz9c9c0zsn","tenant_id":"tn_01hzzzzzzzzzzzzzzzzzzzzzza","revision_id":"rev_01m2r9w1e8vmsetegy3yct9w2k","input_bytes":4128,"input_storage":"object","target":"tachyon_serverless_application::services::invoke_async"}
{"timestamp":"2026-09-17T18:26:06.676617Z","level":"INFO","message":"asynchronous run claimed","invocation_id":"inv_01m2r9wt61qrwf40sz9c9c0zsn","attempt":1,"generation":0,"delivery_count":1,"target":"tachyon_serverless_application::services::invoke_async::dispatch"}
{"timestamp":"2026-09-17T18:26:06.708408Z","level":"INFO","message":"asynchronous invocation accepted","invocation_id":"inv_01m2r9wt7k9sexdcwfdky0fvag","tenant_id":"tn_01hzzzzzzzzzzzzzzzzzzzzzza","revision_id":"rev_01m2r9w1x511ts700x9yrq96b7","input_bytes":191,"input_storage":"inline","target":"tachyon_serverless_application::services::invoke_async"}
{"timestamp":"2026-09-17T18:26:06.708443Z","level":"INFO","message":"webhook trigger fired","trigger_id":"trg_01m2r9w2hkd8x1jsx9gec9g3g0","event_id":"evt-post-w2","invocation_id":"inv_01m2r9wt7k9sexdcwfdky0fvag","revision_id":"rev_01m2r9w1x511ts700x9yrq96b7","replayed":false,"target":"tachyon_serverless_application::services::triggers"}
{"timestamp":"2026-09-17T18:26:06.734981Z","level":"INFO","message":"object retention pass","report":"GcReport { examined: 2, collected_expired: 0, collected_orphans: 0, kept_in_use: 0, kept_referenced: 2, incomplete_removed: 0, tombstones_purged: 0, failed: 0 }","target":"tachyon_serverless_gateway"}
{"timestamp":"2026-09-17T18:26:06.766269Z","level":"INFO","message":"bridge spawned","environment_id":"env_01m2r9wt4r1paknq6rb7a9gcnd","pid":57410,"target":"tachyon_serverless_provider_process"}
{"timestamp":"2026-09-17T18:26:06.776157Z","level":"INFO","message":"invocation finished","invocation_id":"inv_01m2r9wt4g6avkx18cy8sadk02","status":"succeeded (async run)","handler_ms":0,"environment_boot_ms":3,"runtime_init_ms":4,"target":"tachyon_serverless_application::services::invoke"}
{"timestamp":"2026-09-17T18:26:06.777687Z","level":"INFO","message":"terminating bridge","environment_id":"env_01m2r9wt4r1paknq6rb7a9gcnd","pid":57410,"reason":"Completed","graceful":true,"target":"tachyon_serverless_provider_process"}
{"timestamp":"2026-09-17T18:26:06.780164Z","level":"INFO","message":"asynchronous invocation settled","invocation_id":"inv_01m2r9wt4g6avkx18cy8sadk02","status":"succeeded","target":"tachyon_serverless_application::services::invoke_async::dispatch"}
{"timestamp":"2026-09-17T18:26:06.785596Z","level":"INFO","message":"async dispatch: delivery handled","message_id":"inv_01m2r9wt4g6avkx18cy8sadk02","sequence":13,"delivery_count":1,"outcome":"Completed { status: \"succeeded\" }","target":"tachyon_serverless_application::services::invoke_async::dispatch"}
{"timestamp":"2026-09-17T18:26:06.786008Z","level":"INFO","message":"asynchronous run claimed","invocation_id":"inv_01m2r9wt7k9sexdcwfdky0fvag","attempt":1,"generation":0,"delivery_count":1,"target":"tachyon_serverless_application::services::invoke_async::dispatch"}
{"timestamp":"2026-09-17T18:26:06.827798Z","level":"INFO","message":"bridge spawned","environment_id":"env_01m2r9wt6p5gtgc0w3bsvbtzeg","pid":57412,"target":"tachyon_serverless_provider_process"}
{"timestamp":"2026-09-17T18:26:06.837402Z","level":"INFO","message":"invocation finished","invocation_id":"inv_01m2r9wt61qrwf40sz9c9c0zsn","status":"succeeded (async run)","handler_ms":0,"environment_boot_ms":3,"runtime_init_ms":4,"target":"tachyon_serverless_application::services::invoke"}
{"timestamp":"2026-09-17T18:26:06.838910Z","level":"INFO","message":"terminating bridge","environment_id":"env_01m2r9wt6p5gtgc0w3bsvbtzeg","pid":57412,"reason":"Completed","graceful":true,"target":"tachyon_serverless_provider_process"}
{"timestamp":"2026-09-17T18:26:06.841194Z","level":"INFO","message":"asynchronous invocation settled","invocation_id":"inv_01m2r9wt61qrwf40sz9c9c0zsn","status":"succeeded","target":"tachyon_serverless_application::services::invoke_async::dispatch"}
{"timestamp":"2026-09-17T18:26:06.846637Z","level":"INFO","message":"async dispatch: delivery handled","message_id":"inv_01m2r9wt61qrwf40sz9c9c0zsn","sequence":14,"delivery_count":1,"outcome":"Completed { status: \"succeeded\" }","target":"tachyon_serverless_application::services::invoke_async::dispatch"}
{"timestamp":"2026-09-17T18:26:06.923225Z","level":"INFO","message":"bridge spawned","environment_id":"env_01m2r9wta2ts82cpprcwxfe1sf","pid":57414,"target":"tachyon_serverless_provider_process"}
{"timestamp":"2026-09-17T18:26:06.932319Z","level":"INFO","message":"invocation finished","invocation_id":"inv_01m2r9wt7k9sexdcwfdky0fvag","status":"succeeded (async run)","handler_ms":0,"environment_boot_ms":4,"runtime_init_ms":4,"target":"tachyon_serverless_application::services::invoke"}
{"timestamp":"2026-09-17T18:26:06.933859Z","level":"INFO","message":"terminating bridge","environment_id":"env_01m2r9wta2ts82cpprcwxfe1sf","pid":57414,"reason":"Completed","graceful":true,"target":"tachyon_serverless_provider_process"}
{"timestamp":"2026-09-17T18:26:06.936016Z","level":"INFO","message":"asynchronous invocation settled","invocation_id":"inv_01m2r9wt7k9sexdcwfdky0fvag","status":"succeeded","target":"tachyon_serverless_application::services::invoke_async::dispatch"}
{"timestamp":"2026-09-17T18:26:06.941702Z","level":"INFO","message":"async dispatch: delivery handled","message_id":"inv_01m2r9wt7k9sexdcwfdky0fvag","sequence":15,"delivery_count":1,"outcome":"Completed { status: \"succeeded\" }","target":"tachyon_serverless_application::services::invoke_async::dispatch"}
{"timestamp":"2026-09-17T18:26:08.002832Z","level":"INFO","message":"asynchronous invocation accepted","invocation_id":"inv_01m2r9wvg2hreyq6sd1zae8k90","tenant_id":"tn_01hzzzzzzzzzzzzzzzzzzzzzza","revision_id":"rev_01m2r9w1x511ts700x9yrq96b7","input_bytes":180,"input_storage":"inline","target":"tachyon_serverless_application::services::invoke_async"}
{"timestamp":"2026-09-17T18:26:08.002867Z","level":"INFO","message":"cron trigger fired","trigger_id":"trg_01m2r9w2h8hj7tfyt3k2xwd4sj","scheduled_at":"2026-09-17T18:26:08Z","invocation_id":"inv_01m2r9wvg2hreyq6sd1zae8k90","revision_id":"rev_01m2r9w1x511ts700x9yrq96b7","replayed":false,"target":"tachyon_serverless_application::services::triggers"}
{"timestamp":"2026-09-17T18:26:08.008966Z","level":"INFO","message":"asynchronous run claimed","invocation_id":"inv_01m2r9wvg2hreyq6sd1zae8k90","attempt":1,"generation":0,"delivery_count":1,"target":"tachyon_serverless_application::services::invoke_async::dispatch"}
{"timestamp":"2026-09-17T18:26:08.150365Z","level":"INFO","message":"bridge spawned","environment_id":"env_01m2r9wvg9g6qrvhp0asz2617a","pid":57423,"target":"tachyon_serverless_provider_process"}
{"timestamp":"2026-09-17T18:26:08.159685Z","level":"INFO","message":"invocation finished","invocation_id":"inv_01m2r9wvg2hreyq6sd1zae8k90","status":"succeeded (async run)","handler_ms":0,"environment_boot_ms":3,"runtime_init_ms":4,"target":"tachyon_serverless_application::services::invoke"}
{"timestamp":"2026-09-17T18:26:08.161214Z","level":"INFO","message":"terminating bridge","environment_id":"env_01m2r9wvg9g6qrvhp0asz2617a","pid":57423,"reason":"Completed","graceful":true,"target":"tachyon_serverless_provider_process"}
{"timestamp":"2026-09-17T18:26:08.163501Z","level":"INFO","message":"asynchronous invocation settled","invocation_id":"inv_01m2r9wvg2hreyq6sd1zae8k90","status":"succeeded","target":"tachyon_serverless_application::services::invoke_async::dispatch"}
{"timestamp":"2026-09-17T18:26:08.169168Z","level":"INFO","message":"async dispatch: delivery handled","message_id":"inv_01m2r9wvg2hreyq6sd1zae8k90","sequence":16,"delivery_count":1,"outcome":"Completed { status: \"succeeded\" }","target":"tachyon_serverless_application::services::invoke_async::dispatch"}
{"timestamp":"2026-09-17T18:26:08.734173Z","level":"INFO","message":"object retention pass","report":"GcReport { examined: 2, collected_expired: 0, collected_orphans: 0, kept_in_use: 0, kept_referenced: 2, incomplete_removed: 0, tombstones_purged: 0, failed: 0 }","target":"tachyon_serverless_gateway"}
{"timestamp":"2026-09-17T18:26:10.004309Z","level":"INFO","message":"asynchronous invocation accepted","invocation_id":"inv_01m2r9wxeka7598jwy7fhr83yx","tenant_id":"tn_01hzzzzzzzzzzzzzzzzzzzzzza","revision_id":"rev_01m2r9w1x511ts700x9yrq96b7","input_bytes":180,"input_storage":"inline","target":"tachyon_serverless_application::services::invoke_async"}
{"timestamp":"2026-09-17T18:26:10.004345Z","level":"INFO","message":"cron trigger fired","trigger_id":"trg_01m2r9w2h8hj7tfyt3k2xwd4sj","scheduled_at":"2026-09-17T18:26:10Z","invocation_id":"inv_01m2r9wxeka7598jwy7fhr83yx","revision_id":"rev_01m2r9w1x511ts700x9yrq96b7","replayed":false,"target":"tachyon_serverless_application::services::triggers"}
{"timestamp":"2026-09-17T18:26:10.011795Z","level":"INFO","message":"asynchronous run claimed","invocation_id":"inv_01m2r9wxeka7598jwy7fhr83yx","attempt":1,"generation":0,"delivery_count":1,"target":"tachyon_serverless_application::services::invoke_async::dispatch"}
{"timestamp":"2026-09-17T18:26:10.153267Z","level":"INFO","message":"bridge spawned","environment_id":"env_01m2r9wxevshmex2f9ke102vcf","pid":57428,"target":"tachyon_serverless_provider_process"}
{"timestamp":"2026-09-17T18:26:10.162563Z","level":"INFO","message":"invocation finished","invocation_id":"inv_01m2r9wxeka7598jwy7fhr83yx","status":"succeeded (async run)","handler_ms":0,"environment_boot_ms":4,"runtime_init_ms":4,"target":"tachyon_serverless_application::services::invoke"}
{"timestamp":"2026-09-17T18:26:10.162869Z","level":"INFO","message":"terminating bridge","environment_id":"env_01m2r9wxevshmex2f9ke102vcf","pid":57428,"reason":"Completed","graceful":true,"target":"tachyon_serverless_provider_process"}
{"timestamp":"2026-09-17T18:26:10.165060Z","level":"INFO","message":"asynchronous invocation settled","invocation_id":"inv_01m2r9wxeka7598jwy7fhr83yx","status":"succeeded","target":"tachyon_serverless_application::services::invoke_async::dispatch"}
{"timestamp":"2026-09-17T18:26:10.171041Z","level":"INFO","message":"async dispatch: delivery handled","message_id":"inv_01m2r9wxeka7598jwy7fhr83yx","sequence":17,"delivery_count":1,"outcome":"Completed { status: \"succeeded\" }","target":"tachyon_serverless_application::services::invoke_async::dispatch"}
{"timestamp":"2026-09-17T18:26:10.733561Z","level":"INFO","message":"object retention pass","report":"GcReport { examined: 2, collected_expired: 0, collected_orphans: 0, kept_in_use: 0, kept_referenced: 2, incomplete_removed: 0, tombstones_purged: 0, failed: 0 }","target":"tachyon_serverless_gateway"}
{"timestamp":"2026-09-17T18:26:11.781989Z","level":"INFO","message":"trigger updated","trigger_id":"trg_01m2r9w2h8hj7tfyt3k2xwd4sj","generation":2,"status":"disabled","next_fire_at":"None","rotated_secret":false,"target":"tachyon_serverless_application::services::triggers"}
{"timestamp":"2026-09-17T18:26:12.734989Z","level":"INFO","message":"object retention pass","report":"GcReport { examined: 4, collected_expired: 0, collected_orphans: 0, kept_in_use: 0, kept_referenced: 4, incomplete_removed: 0, tombstones_purged: 0, failed: 0 }","target":"tachyon_serverless_gateway"}
{"timestamp":"2026-09-17T18:26:12.842170Z","level":"INFO","message":"SIGTERM received","target":"tachyon_serverless_gateway"}
{"timestamp":"2026-09-17T18:26:12.842194Z","level":"INFO","message":"shutdown requested; cancelling in-flight invocations","target":"tachyon_serverless_gateway"}
{"timestamp":"2026-09-17T18:26:12.842375Z","level":"INFO","message":"final usage collection","report":"CollectReport { batches: 0, read: 0, inserted: 0, duplicates: 0, cursor_seq: 115 }","target":"tachyon_serverless_gateway"}
{"timestamp":"2026-09-17T18:26:12.843269Z","level":"INFO","message":"gateway stopped","target":"tachyon_serverless_gateway"}
{"timestamp":"2026-09-17T18:26:12.843393Z","level":"INFO","message":"event: closed","target":"async_nats"}
