
===== a start (failpoints: none) 11:56:36 =====
{"timestamp":"2026-09-17T11:56:36.353147Z","level":"INFO","message":"configuration loaded","config":"/private/var/folders/z7/khzdjrt95cg_fcmcnh4j1b5h0000gn/T/tsls-chaos.XPZaaI/gw-a.toml","target":"tachyon_serverless_gateway"}
{"timestamp":"2026-09-17T11:56:36.355676Z","level":"INFO","message":"connected successfully","server":"60133","max_payload":"1048576","target":"async_nats::connector"}
{"timestamp":"2026-09-17T11:56:36.355812Z","level":"INFO","message":"event: connected","target":"async_nats"}
{"timestamp":"2026-09-17T11:56:36.367665Z","level":"INFO","message":"JetStream queue connected and stream bootstrapped","url":"nats://127.0.0.1:60133","stream":"TACHYON_EVENTS","target":"tachyon_serverless_gateway::durable"}
{"timestamp":"2026-09-17T11:56:36.381642Z","level":"INFO","message":"state store opened","path":"/private/var/folders/z7/khzdjrt95cg_fcmcnh4j1b5h0000gn/T/tsls-chaos.XPZaaI/data/state.db","schema_version":8,"migrations_applied":"[1, 2, 3, 4, 5, 6, 7, 8]","imported_state_json":"None","settled_invocations":0,"settled_attempts":0,"settled_environments":0,"released_leases":0,"dropped_idempotency_keys":0,"purged_idempotency_keys":0,"outputs_purged":0,"target":"tachyon_serverless_application::app"}
{"timestamp":"2026-09-17T11:56:36.382004Z","level":"INFO","message":"dispatcher registered","dispatcher_id":"dsp_01m2qkkkmx4csj23vpc4dxbg93","instance":"chaos-a","pid":95018,"lease_ttl_seconds":60,"target":"tachyon_serverless_application::services::dispatcher"}
{"timestamp":"2026-09-17T11:56:36.387889Z","level":"INFO","message":"application bootstrapped","profile":"dev","provider":"process","dev_only":true,"environment_reuse":false,"reuse_verified":false,"reuse_reason":"[pool] enabled is false","reuse_disabled":"Some(Configuration)","idle_quiesce":"unsupported","idle_resume":"unsupported","data_dir":"/private/var/folders/z7/khzdjrt95cg_fcmcnh4j1b5h0000gn/T/tsls-chaos.XPZaaI/data","store":"sqlite","dispatcher_id":"dsp_01m2qkkkmx4csj23vpc4dxbg93","node":"local","node_region":"none","node_memory_mib":"None","max_concurrency":8,"queue":"nats","objects":"filesystem","invoke_async":true,"triggers":true,"target":"tachyon_serverless_application::app"}
{"timestamp":"2026-09-17T11:56:36.388167Z","level":"INFO","message":"startup reconcile finished","provider":"process","found":0,"adopted":0,"terminated":0,"disowned":0,"failed":0,"lost":0,"foreign":0,"reclaimed_dispatchers":0,"fenced_terminated":0,"fenced_pending":0,"target":"tachyon_serverless_application::services::reconcile"}
{"timestamp":"2026-09-17T11:56:36.388258Z","level":"INFO","message":"gateway listening","addr":"127.0.0.1:60137","profile":"dev","provider":"process","target":"tachyon_serverless_gateway"}
{"timestamp":"2026-09-17T11:56:36.390086Z","level":"INFO","message":"asynchronous dispatcher started","workers":2,"owner":"dsp_01m2qkkkmx4csj23vpc4dxbg93","target":"tachyon_serverless_gateway"}
{"timestamp":"2026-09-17T11:56:37.471271Z","level":"INFO","message":"revision ready","revision_id":"rev_01m2qkkmf69mxd1qqq9enyn3fm","function_id":"fn_01m2qkkkxxh1gkt2kp77ef71a4","target":"tachyon_serverless_application::services::revision"}
{"timestamp":"2026-09-17T11:56:38.342027Z","level":"INFO","message":"revision ready","revision_id":"rev_01m2qkknaq70bwqeq1rxp1s62b","function_id":"fn_01m2qkkmt8aket7xcb87fn5wmj","target":"tachyon_serverless_application::services::revision"}
{"timestamp":"2026-09-17T11:56:39.209420Z","level":"INFO","message":"revision ready","revision_id":"rev_01m2qkkp63syrn2s30gjpm4bv1","function_id":"fn_01m2qkknnzbhhjyer9nvewqa9r","target":"tachyon_serverless_application::services::revision"}
{"timestamp":"2026-09-17T11:56:39.322536Z","level":"INFO","message":"trigger created","trigger_id":"trg_01m2qkkpgt40peq4etdxtxgaw0","function_id":"fn_01m2qkkmt8aket7xcb87fn5wmj","kind":"cron","enabled":true,"next_fire_at":"Some(2026-09-17T11:56:40Z)","target":"tachyon_serverless_application::services::triggers"}
{"timestamp":"2026-09-17T11:56:39.337485Z","level":"INFO","message":"trigger created","trigger_id":"trg_01m2qkkph9a2jy2a5vs6ezx2rv","function_id":"fn_01m2qkkmt8aket7xcb87fn5wmj","kind":"webhook","enabled":true,"next_fire_at":"None","target":"tachyon_serverless_application::services::triggers"}
{"timestamp":"2026-09-17T11:56:39.589871Z","level":"INFO","message":"bridge spawned","environment_id":"env_01m2qkkpj47tvjxbv29arhtmew","pid":95332,"target":"tachyon_serverless_provider_process"}
{"timestamp":"2026-09-17T11:56:40.007080Z","level":"INFO","message":"asynchronous invocation accepted","invocation_id":"inv_01m2qkkq63gmy5j2skrzjmtmzg","tenant_id":"tn_01hzzzzzzzzzzzzzzzzzzzzzza","revision_id":"rev_01m2qkknaq70bwqeq1rxp1s62b","input_bytes":180,"input_storage":"inline","target":"tachyon_serverless_application::services::invoke_async"}
{"timestamp":"2026-09-17T11:56:40.007221Z","level":"INFO","message":"cron trigger fired","trigger_id":"trg_01m2qkkpgt40peq4etdxtxgaw0","scheduled_at":"2026-09-17T11:56:40Z","invocation_id":"inv_01m2qkkq63gmy5j2skrzjmtmzg","revision_id":"rev_01m2qkknaq70bwqeq1rxp1s62b","replayed":false,"target":"tachyon_serverless_application::services::triggers"}
{"timestamp":"2026-09-17T11:56:40.022621Z","level":"INFO","message":"asynchronous run claimed","invocation_id":"inv_01m2qkkq63gmy5j2skrzjmtmzg","attempt":1,"generation":0,"delivery_count":1,"target":"tachyon_serverless_application::services::invoke_async::dispatch"}
{"timestamp":"2026-09-17T11:56:40.224392Z","level":"INFO","message":"bridge spawned","environment_id":"env_01m2qkkq6q8ccrv5rq4arqgbjt","pid":95334,"target":"tachyon_serverless_provider_process"}
{"timestamp":"2026-09-17T11:56:40.521215Z","level":"INFO","message":"invocation finished","invocation_id":"inv_01m2qkkq63gmy5j2skrzjmtmzg","status":"succeeded (async run)","handler_ms":1,"environment_boot_ms":5,"runtime_init_ms":286,"target":"tachyon_serverless_application::services::invoke"}
{"timestamp":"2026-09-17T11:56:40.522319Z","level":"INFO","message":"invocation finished","invocation_id":"inv_01m2qkkpj4m0gk4d7yvp19c4sm","status":"succeeded","handler_ms":0,"environment_boot_ms":5,"runtime_init_ms":921,"target":"tachyon_serverless_application::services::invoke"}
{"timestamp":"2026-09-17T11:56:40.523346Z","level":"INFO","message":"terminating bridge","environment_id":"env_01m2qkkq6q8ccrv5rq4arqgbjt","pid":95334,"reason":"Completed","graceful":true,"target":"tachyon_serverless_provider_process"}
{"timestamp":"2026-09-17T11:56:40.524801Z","level":"INFO","message":"terminating bridge","environment_id":"env_01m2qkkpj47tvjxbv29arhtmew","pid":95332,"reason":"Completed","graceful":true,"target":"tachyon_serverless_provider_process"}
{"timestamp":"2026-09-17T11:56:40.529981Z","level":"INFO","message":"asynchronous invocation settled","invocation_id":"inv_01m2qkkq63gmy5j2skrzjmtmzg","status":"succeeded","target":"tachyon_serverless_application::services::invoke_async::dispatch"}
{"timestamp":"2026-09-17T11:56:40.537162Z","level":"INFO","message":"async dispatch: delivery handled","message_id":"inv_01m2qkkq63gmy5j2skrzjmtmzg","sequence":1,"delivery_count":1,"outcome":"Completed { status: \"succeeded\" }","target":"tachyon_serverless_application::services::invoke_async::dispatch"}
{"timestamp":"2026-09-17T11:56:40.590989Z","level":"INFO","message":"asynchronous invocation accepted","invocation_id":"inv_01m2qkkqrev3rd6px39779r9jc","tenant_id":"tn_01hzzzzzzzzzzzzzzzzzzzzzza","revision_id":"rev_01m2qkkmf69mxd1qqq9enyn3fm","input_bytes":47,"input_storage":"inline","target":"tachyon_serverless_application::services::invoke_async"}
{"timestamp":"2026-09-17T11:56:40.597594Z","level":"INFO","message":"asynchronous run claimed","invocation_id":"inv_01m2qkkqrev3rd6px39779r9jc","attempt":1,"generation":0,"delivery_count":1,"target":"tachyon_serverless_application::services::invoke_async::dispatch"}
{"timestamp":"2026-09-17T11:56:40.670492Z","level":"INFO","message":"asynchronous invocation accepted","invocation_id":"inv_01m2qkkqte4z90gexf4rqat0cf","tenant_id":"tn_01hzzzzzzzzzzzzzzzzzzzzzza","revision_id":"rev_01m2qkkmf69mxd1qqq9enyn3fm","input_bytes":4127,"input_storage":"object","target":"tachyon_serverless_application::services::invoke_async"}
{"timestamp":"2026-09-17T11:56:40.675531Z","level":"INFO","message":"asynchronous run claimed","invocation_id":"inv_01m2qkkqte4z90gexf4rqat0cf","attempt":1,"generation":0,"delivery_count":1,"target":"tachyon_serverless_application::services::invoke_async::dispatch"}
{"timestamp":"2026-09-17T11:56:40.709565Z","level":"INFO","message":"asynchronous invocation accepted","invocation_id":"inv_01m2qkkqw45bpdf0hjmzzgk3c1","tenant_id":"tn_01hzzzzzzzzzzzzzzzzzzzzzza","revision_id":"rev_01m2qkknaq70bwqeq1rxp1s62b","input_bytes":189,"input_storage":"inline","target":"tachyon_serverless_application::services::invoke_async"}
{"timestamp":"2026-09-17T11:56:40.709615Z","level":"INFO","message":"webhook trigger fired","trigger_id":"trg_01m2qkkph9a2jy2a5vs6ezx2rv","event_id":"evt-pre-w1","invocation_id":"inv_01m2qkkqw45bpdf0hjmzzgk3c1","revision_id":"rev_01m2qkknaq70bwqeq1rxp1s62b","replayed":false,"target":"tachyon_serverless_application::services::triggers"}
{"timestamp":"2026-09-17T11:56:40.816576Z","level":"INFO","message":"bridge spawned","environment_id":"env_01m2qkkqrnnb0jeechrfmtg008","pid":95409,"target":"tachyon_serverless_provider_process"}
{"timestamp":"2026-09-17T11:56:40.905299Z","level":"INFO","message":"bridge spawned","environment_id":"env_01m2qkkqv5xaymyf4nqa6fhwzt","pid":95411,"target":"tachyon_serverless_provider_process"}
{"timestamp":"2026-09-17T11:56:40.957084Z","level":"INFO","message":"bridge spawned","environment_id":"env_01m2qkkqwt485rc7xt877xpwct","pid":95413,"target":"tachyon_serverless_provider_process"}
{"timestamp":"2026-09-17T11:56:40.971414Z","level":"INFO","message":"invocation finished","invocation_id":"inv_01m2qkkqwt0phn8ej7gfdjac27","status":"succeeded","handler_ms":0,"environment_boot_ms":5,"runtime_init_ms":7,"target":"tachyon_serverless_application::services::invoke"}
{"timestamp":"2026-09-17T11:56:40.973093Z","level":"INFO","message":"terminating bridge","environment_id":"env_01m2qkkqwt485rc7xt877xpwct","pid":95413,"reason":"Completed","graceful":true,"target":"tachyon_serverless_provider_process"}
{"timestamp":"2026-09-17T11:56:41.048465Z","level":"INFO","message":"asynchronous invocation accepted","invocation_id":"inv_01m2qkkr6q9xg93tyg72qdyqba","tenant_id":"tn_01hzzzzzzzzzzzzzzzzzzzzzza","revision_id":"rev_01m2qkkmf69mxd1qqq9enyn3fm","input_bytes":47,"input_storage":"inline","target":"tachyon_serverless_application::services::invoke_async"}
{"timestamp":"2026-09-17T11:56:41.133984Z","level":"INFO","message":"asynchronous invocation accepted","invocation_id":"inv_01m2qkkr8ymy6kh1ey0zfp6zqb","tenant_id":"tn_01hzzzzzzzzzzzzzzzzzzzzzza","revision_id":"rev_01m2qkkmf69mxd1qqq9enyn3fm","input_bytes":4127,"input_storage":"object","target":"tachyon_serverless_application::services::invoke_async"}
{"timestamp":"2026-09-17T11:56:41.175470Z","level":"INFO","message":"asynchronous invocation accepted","invocation_id":"inv_01m2qkkrap9b1br6ta4yer25zz","tenant_id":"tn_01hzzzzzzzzzzzzzzzzzzzzzza","revision_id":"rev_01m2qkknaq70bwqeq1rxp1s62b","input_bytes":189,"input_storage":"inline","target":"tachyon_serverless_application::services::invoke_async"}
{"timestamp":"2026-09-17T11:56:41.175521Z","level":"INFO","message":"webhook trigger fired","trigger_id":"trg_01m2qkkph9a2jy2a5vs6ezx2rv","event_id":"evt-pre-w2","invocation_id":"inv_01m2qkkrap9b1br6ta4yer25zz","revision_id":"rev_01m2qkknaq70bwqeq1rxp1s62b","replayed":false,"target":"tachyon_serverless_application::services::triggers"}
{"timestamp":"2026-09-17T11:56:41.930314Z","level":"INFO","message":"invocation finished","invocation_id":"inv_01m2qkkqte4z90gexf4rqat0cf","status":"succeeded (async run)","handler_ms":21,"environment_boot_ms":5,"runtime_init_ms":989,"target":"tachyon_serverless_application::services::invoke"}
{"timestamp":"2026-09-17T11:56:41.931641Z","level":"INFO","message":"terminating bridge","environment_id":"env_01m2qkkqv5xaymyf4nqa6fhwzt","pid":95411,"reason":"Completed","graceful":true,"target":"tachyon_serverless_provider_process"}
{"timestamp":"2026-09-17T11:56:41.932784Z","level":"INFO","message":"invocation finished","invocation_id":"inv_01m2qkkqrev3rd6px39779r9jc","status":"succeeded (async run)","handler_ms":3,"environment_boot_ms":5,"runtime_init_ms":1096,"target":"tachyon_serverless_application::services::invoke"}
{"timestamp":"2026-09-17T11:56:41.934837Z","level":"INFO","message":"terminating bridge","environment_id":"env_01m2qkkqrnnb0jeechrfmtg008","pid":95409,"reason":"Completed","graceful":true,"target":"tachyon_serverless_provider_process"}
{"timestamp":"2026-09-17T11:56:41.937892Z","level":"INFO","message":"asynchronous invocation settled","invocation_id":"inv_01m2qkkqte4z90gexf4rqat0cf","status":"succeeded","target":"tachyon_serverless_application::services::invoke_async::dispatch"}
{"timestamp":"2026-09-17T11:56:41.943919Z","level":"INFO","message":"async dispatch: delivery handled","message_id":"inv_01m2qkkqte4z90gexf4rqat0cf","sequence":3,"delivery_count":1,"outcome":"Completed { status: \"succeeded\" }","target":"tachyon_serverless_application::services::invoke_async::dispatch"}
{"timestamp":"2026-09-17T11:56:41.947884Z","level":"INFO","message":"asynchronous run claimed","invocation_id":"inv_01m2qkkqw45bpdf0hjmzzgk3c1","attempt":1,"generation":0,"delivery_count":1,"target":"tachyon_serverless_application::services::invoke_async::dispatch"}
{"timestamp":"2026-09-17T11:56:41.948743Z","level":"INFO","message":"asynchronous invocation settled","invocation_id":"inv_01m2qkkqrev3rd6px39779r9jc","status":"succeeded","target":"tachyon_serverless_application::services::invoke_async::dispatch"}
{"timestamp":"2026-09-17T11:56:41.953893Z","level":"INFO","message":"async dispatch: delivery handled","message_id":"inv_01m2qkkqrev3rd6px39779r9jc","sequence":2,"delivery_count":1,"outcome":"Completed { status: \"succeeded\" }","target":"tachyon_serverless_application::services::invoke_async::dispatch"}
{"timestamp":"2026-09-17T11:56:41.954846Z","level":"INFO","message":"asynchronous run claimed","invocation_id":"inv_01m2qkkr6q9xg93tyg72qdyqba","attempt":1,"generation":0,"delivery_count":1,"target":"tachyon_serverless_application::services::invoke_async::dispatch"}
{"timestamp":"2026-09-17T11:56:42.005034Z","level":"INFO","message":"asynchronous invocation accepted","invocation_id":"inv_01m2qkks4k5ey3ww6c3prrnspz","tenant_id":"tn_01hzzzzzzzzzzzzzzzzzzzzzza","revision_id":"rev_01m2qkknaq70bwqeq1rxp1s62b","input_bytes":180,"input_storage":"inline","target":"tachyon_serverless_application::services::invoke_async"}
{"timestamp":"2026-09-17T11:56:42.005088Z","level":"INFO","message":"cron trigger fired","trigger_id":"trg_01m2qkkpgt40peq4etdxtxgaw0","scheduled_at":"2026-09-17T11:56:42Z","invocation_id":"inv_01m2qkks4k5ey3ww6c3prrnspz","revision_id":"rev_01m2qkknaq70bwqeq1rxp1s62b","replayed":false,"target":"tachyon_serverless_application::services::triggers"}
{"timestamp":"2026-09-17T11:56:42.295456Z","level":"INFO","message":"bridge spawned","environment_id":"env_01m2qkks2wpqp4t2azc6w11haa","pid":95489,"target":"tachyon_serverless_provider_process"}
{"timestamp":"2026-09-17T11:56:42.304081Z","level":"INFO","message":"bridge spawned","environment_id":"env_01m2qkks33scmycvsqdc0w8mqn","pid":95490,"target":"tachyon_serverless_provider_process"}
{"timestamp":"2026-09-17T11:56:42.318272Z","level":"INFO","message":"invocation finished","invocation_id":"inv_01m2qkkqw45bpdf0hjmzzgk3c1","status":"succeeded (async run)","handler_ms":1,"environment_boot_ms":8,"runtime_init_ms":11,"target":"tachyon_serverless_application::services::invoke"}
{"timestamp":"2026-09-17T11:56:42.320453Z","level":"INFO","message":"terminating bridge","environment_id":"env_01m2qkks2wpqp4t2azc6w11haa","pid":95489,"reason":"Completed","graceful":true,"target":"tachyon_serverless_provider_process"}
{"timestamp":"2026-09-17T11:56:42.327437Z","level":"INFO","message":"asynchronous invocation settled","invocation_id":"inv_01m2qkkqw45bpdf0hjmzzgk3c1","status":"succeeded","target":"tachyon_serverless_application::services::invoke_async::dispatch"}
{"timestamp":"2026-09-17T11:56:42.328784Z","level":"INFO","message":"invocation finished","invocation_id":"inv_01m2qkkr6q9xg93tyg72qdyqba","status":"succeeded (async run)","handler_ms":4,"environment_boot_ms":7,"runtime_init_ms":10,"target":"tachyon_serverless_application::services::invoke"}
{"timestamp":"2026-09-17T11:56:42.333767Z","level":"INFO","message":"async dispatch: delivery handled","message_id":"inv_01m2qkkqw45bpdf0hjmzzgk3c1","sequence":4,"delivery_count":1,"outcome":"Completed { status: \"succeeded\" }","target":"tachyon_serverless_application::services::invoke_async::dispatch"}
{"timestamp":"2026-09-17T11:56:42.337837Z","level":"INFO","message":"asynchronous run claimed","invocation_id":"inv_01m2qkkr8ymy6kh1ey0zfp6zqb","attempt":1,"generation":0,"delivery_count":1,"target":"tachyon_serverless_application::services::invoke_async::dispatch"}
{"timestamp":"2026-09-17T11:56:42.338148Z","level":"INFO","message":"terminating bridge","environment_id":"env_01m2qkks33scmycvsqdc0w8mqn","pid":95490,"reason":"Completed","graceful":true,"target":"tachyon_serverless_provider_process"}
{"timestamp":"2026-09-17T11:56:42.346054Z","level":"INFO","message":"asynchronous invocation settled","invocation_id":"inv_01m2qkkr6q9xg93tyg72qdyqba","status":"succeeded","target":"tachyon_serverless_application::services::invoke_async::dispatch"}
{"timestamp":"2026-09-17T11:56:42.351675Z","level":"INFO","message":"async dispatch: delivery handled","message_id":"inv_01m2qkkr6q9xg93tyg72qdyqba","sequence":5,"delivery_count":1,"outcome":"Completed { status: \"succeeded\" }","target":"tachyon_serverless_application::services::invoke_async::dispatch"}
{"timestamp":"2026-09-17T11:56:42.353353Z","level":"INFO","message":"asynchronous run claimed","invocation_id":"inv_01m2qkkrap9b1br6ta4yer25zz","attempt":1,"generation":0,"delivery_count":1,"target":"tachyon_serverless_application::services::invoke_async::dispatch"}
{"timestamp":"2026-09-17T11:56:42.847874Z","level":"INFO","message":"bridge spawned","environment_id":"env_01m2qkksfh4yx1qdbk5yckvae5","pid":95494,"target":"tachyon_serverless_provider_process"}
{"timestamp":"2026-09-17T11:56:42.863235Z","level":"INFO","message":"bridge spawned","environment_id":"env_01m2qkksf5xwsdj6296thz5ks0","pid":95496,"target":"tachyon_serverless_provider_process"}
{"timestamp":"2026-09-17T11:56:42.879998Z","level":"INFO","message":"invocation finished","invocation_id":"inv_01m2qkkrap9b1br6ta4yer25zz","status":"succeeded (async run)","handler_ms":1,"environment_boot_ms":11,"runtime_init_ms":16,"target":"tachyon_serverless_application::services::invoke"}
{"timestamp":"2026-09-17T11:56:42.882470Z","level":"INFO","message":"terminating bridge","environment_id":"env_01m2qkksfh4yx1qdbk5yckvae5","pid":95494,"reason":"Completed","graceful":true,"target":"tachyon_serverless_provider_process"}
{"timestamp":"2026-09-17T11:56:42.890589Z","level":"INFO","message":"asynchronous invocation settled","invocation_id":"inv_01m2qkkrap9b1br6ta4yer25zz","status":"succeeded","target":"tachyon_serverless_application::services::invoke_async::dispatch"}
{"timestamp":"2026-09-17T11:56:42.899006Z","level":"INFO","message":"async dispatch: delivery handled","message_id":"inv_01m2qkkrap9b1br6ta4yer25zz","sequence":7,"delivery_count":1,"outcome":"Completed { status: \"succeeded\" }","target":"tachyon_serverless_application::services::invoke_async::dispatch"}
{"timestamp":"2026-09-17T11:56:42.905727Z","level":"INFO","message":"asynchronous run claimed","invocation_id":"inv_01m2qkks4k5ey3ww6c3prrnspz","attempt":1,"generation":0,"delivery_count":1,"target":"tachyon_serverless_application::services::invoke_async::dispatch"}
{"timestamp":"2026-09-17T11:56:42.910043Z","level":"INFO","message":"invocation finished","invocation_id":"inv_01m2qkkr8ymy6kh1ey0zfp6zqb","status":"succeeded (async run)","handler_ms":9,"environment_boot_ms":10,"runtime_init_ms":18,"target":"tachyon_serverless_application::services::invoke"}
{"timestamp":"2026-09-17T11:56:42.912225Z","level":"INFO","message":"terminating bridge","environment_id":"env_01m2qkksf5xwsdj6296thz5ks0","pid":95496,"reason":"Completed","graceful":true,"target":"tachyon_serverless_provider_process"}
{"timestamp":"2026-09-17T11:56:42.922770Z","level":"INFO","message":"asynchronous invocation settled","invocation_id":"inv_01m2qkkr8ymy6kh1ey0zfp6zqb","status":"succeeded","target":"tachyon_serverless_application::services::invoke_async::dispatch"}
{"timestamp":"2026-09-17T11:56:42.930003Z","level":"INFO","message":"async dispatch: delivery handled","message_id":"inv_01m2qkkr8ymy6kh1ey0zfp6zqb","sequence":6,"delivery_count":1,"outcome":"Completed { status: \"succeeded\" }","target":"tachyon_serverless_application::services::invoke_async::dispatch"}
{"timestamp":"2026-09-17T11:56:43.443479Z","level":"INFO","message":"bridge spawned","environment_id":"env_01m2qkkt0tp3q3x0607aw0t1xa","pid":95515,"target":"tachyon_serverless_provider_process"}
{"timestamp":"2026-09-17T11:56:43.496291Z","level":"INFO","message":"invocation finished","invocation_id":"inv_01m2qkks4k5ey3ww6c3prrnspz","status":"succeeded (async run)","handler_ms":8,"environment_boot_ms":16,"runtime_init_ms":25,"target":"tachyon_serverless_application::services::invoke"}
{"timestamp":"2026-09-17T11:56:43.499983Z","level":"INFO","message":"terminating bridge","environment_id":"env_01m2qkkt0tp3q3x0607aw0t1xa","pid":95515,"reason":"Completed","graceful":true,"target":"tachyon_serverless_provider_process"}
{"timestamp":"2026-09-17T11:56:43.512737Z","level":"INFO","message":"asynchronous invocation settled","invocation_id":"inv_01m2qkks4k5ey3ww6c3prrnspz","status":"succeeded","target":"tachyon_serverless_application::services::invoke_async::dispatch"}
{"timestamp":"2026-09-17T11:56:43.526421Z","level":"INFO","message":"async dispatch: delivery handled","message_id":"inv_01m2qkks4k5ey3ww6c3prrnspz","sequence":8,"delivery_count":1,"outcome":"Completed { status: \"succeeded\" }","target":"tachyon_serverless_application::services::invoke_async::dispatch"}
{"timestamp":"2026-09-17T11:56:48.960393Z","level":"WARN","message":"outbox: claiming failed","error":"store: database is locked","target":"tachyon_serverless_application::services::invoke_async::publisher"}
{"timestamp":"2026-09-17T11:56:53.964379Z","level":"WARN","message":"cannot take the trigger scheduler lease","error":"store: the store connection stayed busy for 5 s (database locked?)","target":"tachyon_serverless_application::services::triggers"}
{"timestamp":"2026-09-17T11:56:53.966481Z","level":"WARN","message":"object gc: claim failed","object":"obj_01m2qkkr8y9jzh2kdqn2ngvhtc","error":"store: the store connection stayed busy for 5 s (database locked?)","target":"tachyon_serverless_application::durable::gc"}
{"timestamp":"2026-09-17T11:56:53.977806Z","level":"WARN","message":"async reaper: listing candidates failed","error":"store: the store connection stayed busy for 5 s (database locked?)","target":"tachyon_serverless_application::services::invoke_async::dispatch"}
{"timestamp":"2026-09-17T11:56:54.347260Z","level":"WARN","message":"dispatcher heartbeat failed","error":"store: database is locked","target":"tachyon_serverless_application::app"}
{"timestamp":"2026-09-17T11:56:58.977977Z","level":"WARN","message":"outbox: claiming failed","error":"store: the store connection stayed busy for 5 s (database locked?)","target":"tachyon_serverless_application::services::invoke_async::publisher"}
{"timestamp":"2026-09-17T11:56:58.986742Z","level":"WARN","message":"async reaper: listing candidates failed","error":"store: the store connection stayed busy for 5 s (database locked?)","target":"tachyon_serverless_application::services::invoke_async::dispatch"}
{"timestamp":"2026-09-17T11:56:59.351993Z","level":"WARN","message":"cannot list dispatchers","error":"store: the store connection stayed busy for 5 s (database locked?)","target":"tachyon_serverless_application::services::dispatcher"}
{"timestamp":"2026-09-17T11:56:59.354751Z","level":"WARN","message":"cannot take the trigger scheduler lease","error":"store: the store connection stayed busy for 5 s (database locked?)","target":"tachyon_serverless_application::services::triggers"}
{"timestamp":"2026-09-17T11:56:59.730103Z","level":"WARN","message":"object gc: claim failed","object":"obj_01m2qkkqtfq3h9twz56gvc3xd4","error":"store: database is locked","target":"tachyon_serverless_application::durable::gc"}
{"timestamp":"2026-09-17T11:57:03.648616Z","level":"INFO","message":"object retention pass","report":"GcReport { examined: 2, collected_expired: 0, collected_orphans: 0, kept_in_use: 0, kept_referenced: 0, incomplete_removed: 0, tombstones_purged: 0, failed: 2 }","target":"tachyon_serverless_gateway"}
{"timestamp":"2026-09-17T11:57:03.650315Z","level":"INFO","message":"late scheduled times skipped by the missed-run policy","trigger_id":"trg_01m2qkkpgt40peq4etdxtxgaw0","skipped":10,"policy":"Skip","target":"tachyon_serverless_application::services::triggers"}
{"timestamp":"2026-09-17T11:57:03.650746Z","level":"INFO","message":"object retention pass","report":"GcReport { examined: 2, collected_expired: 0, collected_orphans: 0, kept_in_use: 0, kept_referenced: 2, incomplete_removed: 0, tombstones_purged: 0, failed: 0 }","target":"tachyon_serverless_gateway"}
{"timestamp":"2026-09-17T11:57:03.651033Z","level":"INFO","message":"asynchronous invocation accepted","invocation_id":"inv_01m2qkme927svpjma4y1f08gnr","tenant_id":"tn_01hzzzzzzzzzzzzzzzzzzzzzza","revision_id":"rev_01m2qkkmf69mxd1qqq9enyn3fm","input_bytes":49,"input_storage":"inline","target":"tachyon_serverless_application::services::invoke_async"}
{"timestamp":"2026-09-17T11:57:03.663339Z","level":"INFO","message":"asynchronous run claimed","invocation_id":"inv_01m2qkme927svpjma4y1f08gnr","attempt":1,"generation":0,"delivery_count":1,"target":"tachyon_serverless_application::services::invoke_async::dispatch"}
{"timestamp":"2026-09-17T11:57:03.790099Z","level":"INFO","message":"bridge spawned","environment_id":"env_01m2qkme95wrfd6t0ahdmjysdp","pid":96131,"target":"tachyon_serverless_provider_process"}
{"timestamp":"2026-09-17T11:57:03.799422Z","level":"INFO","message":"invocation finished","invocation_id":"inv_01m2qkme93e7c4nxe4xvyb7mqj","status":"succeeded","handler_ms":0,"environment_boot_ms":3,"runtime_init_ms":4,"target":"tachyon_serverless_application::services::invoke"}
{"timestamp":"2026-09-17T11:57:03.800975Z","level":"INFO","message":"terminating bridge","environment_id":"env_01m2qkme95wrfd6t0ahdmjysdp","pid":96131,"reason":"Completed","graceful":true,"target":"tachyon_serverless_provider_process"}
{"timestamp":"2026-09-17T11:57:03.807819Z","level":"INFO","message":"bridge spawned","environment_id":"env_01m2qkme9fwm567e50zetqg3gr","pid":96137,"target":"tachyon_serverless_provider_process"}
{"timestamp":"2026-09-17T11:57:03.817113Z","level":"INFO","message":"invocation finished","invocation_id":"inv_01m2qkme927svpjma4y1f08gnr","status":"succeeded (async run)","handler_ms":0,"environment_boot_ms":3,"runtime_init_ms":4,"target":"tachyon_serverless_application::services::invoke"}
{"timestamp":"2026-09-17T11:57:03.818653Z","level":"INFO","message":"terminating bridge","environment_id":"env_01m2qkme9fwm567e50zetqg3gr","pid":96137,"reason":"Completed","graceful":true,"target":"tachyon_serverless_provider_process"}
{"timestamp":"2026-09-17T11:57:03.820912Z","level":"INFO","message":"asynchronous invocation settled","invocation_id":"inv_01m2qkme927svpjma4y1f08gnr","status":"succeeded","target":"tachyon_serverless_application::services::invoke_async::dispatch"}
{"timestamp":"2026-09-17T11:57:03.842173Z","level":"INFO","message":"async dispatch: delivery handled","message_id":"inv_01m2qkme927svpjma4y1f08gnr","sequence":9,"delivery_count":1,"outcome":"Completed { status: \"succeeded\" }","target":"tachyon_serverless_application::services::invoke_async::dispatch"}
{"timestamp":"2026-09-17T11:57:04.003050Z","level":"INFO","message":"asynchronous invocation accepted","invocation_id":"inv_01m2qkmem207kz96nrxtnbh492","tenant_id":"tn_01hzzzzzzzzzzzzzzzzzzzzzza","revision_id":"rev_01m2qkknaq70bwqeq1rxp1s62b","input_bytes":180,"input_storage":"inline","target":"tachyon_serverless_application::services::invoke_async"}
{"timestamp":"2026-09-17T11:57:04.003087Z","level":"INFO","message":"cron trigger fired","trigger_id":"trg_01m2qkkpgt40peq4etdxtxgaw0","scheduled_at":"2026-09-17T11:57:04Z","invocation_id":"inv_01m2qkmem207kz96nrxtnbh492","revision_id":"rev_01m2qkknaq70bwqeq1rxp1s62b","replayed":false,"target":"tachyon_serverless_application::services::triggers"}
{"timestamp":"2026-09-17T11:57:04.012822Z","level":"INFO","message":"asynchronous run claimed","invocation_id":"inv_01m2qkmem207kz96nrxtnbh492","attempt":1,"generation":0,"delivery_count":1,"target":"tachyon_serverless_application::services::invoke_async::dispatch"}
{"timestamp":"2026-09-17T11:57:04.155428Z","level":"INFO","message":"bridge spawned","environment_id":"env_01m2qkmemdtdej3t9t20d9s3gy","pid":96199,"target":"tachyon_serverless_provider_process"}
{"timestamp":"2026-09-17T11:57:04.164578Z","level":"INFO","message":"invocation finished","invocation_id":"inv_01m2qkmem207kz96nrxtnbh492","status":"succeeded (async run)","handler_ms":0,"environment_boot_ms":3,"runtime_init_ms":4,"target":"tachyon_serverless_application::services::invoke"}
{"timestamp":"2026-09-17T11:57:04.166136Z","level":"INFO","message":"terminating bridge","environment_id":"env_01m2qkmemdtdej3t9t20d9s3gy","pid":96199,"reason":"Completed","graceful":true,"target":"tachyon_serverless_provider_process"}
{"timestamp":"2026-09-17T11:57:04.168355Z","level":"INFO","message":"asynchronous invocation settled","invocation_id":"inv_01m2qkmem207kz96nrxtnbh492","status":"succeeded","target":"tachyon_serverless_application::services::invoke_async::dispatch"}
{"timestamp":"2026-09-17T11:57:04.178058Z","level":"INFO","message":"async dispatch: delivery handled","message_id":"inv_01m2qkmem207kz96nrxtnbh492","sequence":10,"delivery_count":1,"outcome":"Completed { status: \"succeeded\" }","target":"tachyon_serverless_application::services::invoke_async::dispatch"}
{"timestamp":"2026-09-17T11:57:04.182660Z","level":"INFO","message":"bridge spawned","environment_id":"env_01m2qkmen6vp1rd9wqccx4dr1c","pid":96201,"target":"tachyon_serverless_provider_process"}
{"timestamp":"2026-09-17T11:57:04.189487Z","level":"INFO","message":"invocation finished","invocation_id":"inv_01m2qkmen6q7vp31axgqp1jype","status":"succeeded","handler_ms":0,"environment_boot_ms":8,"runtime_init_ms":5,"target":"tachyon_serverless_application::services::invoke"}
{"timestamp":"2026-09-17T11:57:04.190980Z","level":"INFO","message":"terminating bridge","environment_id":"env_01m2qkmen6vp1rd9wqccx4dr1c","pid":96201,"reason":"Completed","graceful":true,"target":"tachyon_serverless_provider_process"}
{"timestamp":"2026-09-17T11:57:04.392452Z","level":"INFO","message":"object retention pass","report":"GcReport { examined: 2, collected_expired: 0, collected_orphans: 0, kept_in_use: 0, kept_referenced: 2, incomplete_removed: 0, tombstones_purged: 0, failed: 0 }","target":"tachyon_serverless_gateway"}
{"timestamp":"2026-09-17T11:57:04.429083Z","level":"INFO","message":"bridge spawned","environment_id":"env_01m2qkmex7saxy20y51watzc4v","pid":96245,"target":"tachyon_serverless_provider_process"}
{"timestamp":"2026-09-17T11:57:04.438433Z","level":"INFO","message":"invocation finished","invocation_id":"inv_01m2qkmex7tg84c3dnhkbfdxf9","status":"succeeded","handler_ms":0,"environment_boot_ms":3,"runtime_init_ms":4,"target":"tachyon_serverless_application::services::invoke"}
{"timestamp":"2026-09-17T11:57:04.440057Z","level":"INFO","message":"terminating bridge","environment_id":"env_01m2qkmex7saxy20y51watzc4v","pid":96245,"reason":"Completed","graceful":true,"target":"tachyon_serverless_provider_process"}
{"timestamp":"2026-09-17T11:57:04.485613Z","level":"INFO","message":"asynchronous invocation accepted","invocation_id":"inv_01m2qkmf352kyzp47fpzk9bjfa","tenant_id":"tn_01hzzzzzzzzzzzzzzzzzzzzzza","revision_id":"rev_01m2qkkmf69mxd1qqq9enyn3fm","input_bytes":48,"input_storage":"inline","target":"tachyon_serverless_application::services::invoke_async"}
{"timestamp":"2026-09-17T11:57:04.498317Z","level":"INFO","message":"asynchronous run claimed","invocation_id":"inv_01m2qkmf352kyzp47fpzk9bjfa","attempt":1,"generation":0,"delivery_count":1,"target":"tachyon_serverless_application::services::invoke_async::dispatch"}
{"timestamp":"2026-09-17T11:57:04.545761Z","level":"INFO","message":"asynchronous invocation accepted","invocation_id":"inv_01m2qkmf4jx69smhprm8fh43tc","tenant_id":"tn_01hzzzzzzzzzzzzzzzzzzzzzza","revision_id":"rev_01m2qkkmf69mxd1qqq9enyn3fm","input_bytes":4128,"input_storage":"object","target":"tachyon_serverless_application::services::invoke_async"}
{"timestamp":"2026-09-17T11:57:04.551026Z","level":"INFO","message":"asynchronous run claimed","invocation_id":"inv_01m2qkmf4jx69smhprm8fh43tc","attempt":1,"generation":0,"delivery_count":1,"target":"tachyon_serverless_application::services::invoke_async::dispatch"}
{"timestamp":"2026-09-17T11:57:04.572140Z","level":"INFO","message":"asynchronous invocation accepted","invocation_id":"inv_01m2qkmf5vzenx4e7137t1bbq4","tenant_id":"tn_01hzzzzzzzzzzzzzzzzzzzzzza","revision_id":"rev_01m2qkknaq70bwqeq1rxp1s62b","input_bytes":191,"input_storage":"inline","target":"tachyon_serverless_application::services::invoke_async"}
{"timestamp":"2026-09-17T11:57:04.572177Z","level":"INFO","message":"webhook trigger fired","trigger_id":"trg_01m2qkkph9a2jy2a5vs6ezx2rv","event_id":"evt-post-w1","invocation_id":"inv_01m2qkmf5vzenx4e7137t1bbq4","revision_id":"rev_01m2qkknaq70bwqeq1rxp1s62b","replayed":false,"target":"tachyon_serverless_application::services::triggers"}
{"timestamp":"2026-09-17T11:57:04.638919Z","level":"INFO","message":"bridge spawned","environment_id":"env_01m2qkmf3j87ynscrqx32gpj24","pid":96321,"target":"tachyon_serverless_provider_process"}
{"timestamp":"2026-09-17T11:57:04.649158Z","level":"INFO","message":"invocation finished","invocation_id":"inv_01m2qkmf352kyzp47fpzk9bjfa","status":"succeeded (async run)","handler_ms":0,"environment_boot_ms":3,"runtime_init_ms":5,"target":"tachyon_serverless_application::services::invoke"}
{"timestamp":"2026-09-17T11:57:04.650807Z","level":"INFO","message":"terminating bridge","environment_id":"env_01m2qkmf3j87ynscrqx32gpj24","pid":96321,"reason":"Completed","graceful":true,"target":"tachyon_serverless_provider_process"}
{"timestamp":"2026-09-17T11:57:04.653590Z","level":"INFO","message":"asynchronous invocation settled","invocation_id":"inv_01m2qkmf352kyzp47fpzk9bjfa","status":"succeeded","target":"tachyon_serverless_application::services::invoke_async::dispatch"}
{"timestamp":"2026-09-17T11:57:04.661478Z","level":"INFO","message":"async dispatch: delivery handled","message_id":"inv_01m2qkmf352kyzp47fpzk9bjfa","sequence":11,"delivery_count":1,"outcome":"Completed { status: \"succeeded\" }","target":"tachyon_serverless_application::services::invoke_async::dispatch"}
{"timestamp":"2026-09-17T11:57:04.661897Z","level":"INFO","message":"asynchronous run claimed","invocation_id":"inv_01m2qkmf5vzenx4e7137t1bbq4","attempt":1,"generation":0,"delivery_count":1,"target":"tachyon_serverless_application::services::invoke_async::dispatch"}
{"timestamp":"2026-09-17T11:57:04.693896Z","level":"INFO","message":"bridge spawned","environment_id":"env_01m2qkmf586qegegwetv70e4na","pid":96323,"target":"tachyon_serverless_provider_process"}
{"timestamp":"2026-09-17T11:57:04.703759Z","level":"INFO","message":"invocation finished","invocation_id":"inv_01m2qkmf4jx69smhprm8fh43tc","status":"succeeded (async run)","handler_ms":0,"environment_boot_ms":4,"runtime_init_ms":4,"target":"tachyon_serverless_application::services::invoke"}
{"timestamp":"2026-09-17T11:57:04.705263Z","level":"INFO","message":"terminating bridge","environment_id":"env_01m2qkmf586qegegwetv70e4na","pid":96323,"reason":"Completed","graceful":true,"target":"tachyon_serverless_provider_process"}
{"timestamp":"2026-09-17T11:57:04.712450Z","level":"INFO","message":"asynchronous invocation settled","invocation_id":"inv_01m2qkmf4jx69smhprm8fh43tc","status":"succeeded","target":"tachyon_serverless_application::services::invoke_async::dispatch"}
{"timestamp":"2026-09-17T11:57:04.717355Z","level":"INFO","message":"async dispatch: delivery handled","message_id":"inv_01m2qkmf4jx69smhprm8fh43tc","sequence":12,"delivery_count":1,"outcome":"Completed { status: \"succeeded\" }","target":"tachyon_serverless_application::services::invoke_async::dispatch"}
{"timestamp":"2026-09-17T11:57:04.724464Z","level":"INFO","message":"bridge spawned","environment_id":"env_01m2qkmf6bevm4yqydxmn50qxh","pid":96325,"target":"tachyon_serverless_provider_process"}
{"timestamp":"2026-09-17T11:57:04.733194Z","level":"INFO","message":"invocation finished","invocation_id":"inv_01m2qkmf6bfky58znxqjzhfb5m","status":"succeeded","handler_ms":0,"environment_boot_ms":3,"runtime_init_ms":4,"target":"tachyon_serverless_application::services::invoke"}
{"timestamp":"2026-09-17T11:57:04.734696Z","level":"INFO","message":"terminating bridge","environment_id":"env_01m2qkmf6bevm4yqydxmn50qxh","pid":96325,"reason":"Completed","graceful":true,"target":"tachyon_serverless_provider_process"}
{"timestamp":"2026-09-17T11:57:04.781113Z","level":"INFO","message":"asynchronous invocation accepted","invocation_id":"inv_01m2qkmfcc4747mxw5crg2g39m","tenant_id":"tn_01hzzzzzzzzzzzzzzzzzzzzzza","revision_id":"rev_01m2qkkmf69mxd1qqq9enyn3fm","input_bytes":48,"input_storage":"inline","target":"tachyon_serverless_application::services::invoke_async"}
{"timestamp":"2026-09-17T11:57:04.787057Z","level":"INFO","message":"asynchronous run claimed","invocation_id":"inv_01m2qkmfcc4747mxw5crg2g39m","attempt":1,"generation":0,"delivery_count":1,"target":"tachyon_serverless_application::services::invoke_async::dispatch"}
{"timestamp":"2026-09-17T11:57:04.799196Z","level":"INFO","message":"bridge spawned","environment_id":"env_01m2qkmf8pkxe6r3xns2zqn02p","pid":96358,"target":"tachyon_serverless_provider_process"}
{"timestamp":"2026-09-17T11:57:04.808885Z","level":"INFO","message":"invocation finished","invocation_id":"inv_01m2qkmf5vzenx4e7137t1bbq4","status":"succeeded (async run)","handler_ms":0,"environment_boot_ms":3,"runtime_init_ms":4,"target":"tachyon_serverless_application::services::invoke"}
{"timestamp":"2026-09-17T11:57:04.810412Z","level":"INFO","message":"terminating bridge","environment_id":"env_01m2qkmf8pkxe6r3xns2zqn02p","pid":96358,"reason":"Completed","graceful":true,"target":"tachyon_serverless_provider_process"}
{"timestamp":"2026-09-17T11:57:04.812964Z","level":"INFO","message":"asynchronous invocation settled","invocation_id":"inv_01m2qkmf5vzenx4e7137t1bbq4","status":"succeeded","target":"tachyon_serverless_application::services::invoke_async::dispatch"}
{"timestamp":"2026-09-17T11:57:04.818395Z","level":"INFO","message":"async dispatch: delivery handled","message_id":"inv_01m2qkmf5vzenx4e7137t1bbq4","sequence":13,"delivery_count":1,"outcome":"Completed { status: \"succeeded\" }","target":"tachyon_serverless_application::services::invoke_async::dispatch"}
{"timestamp":"2026-09-17T11:57:04.851863Z","level":"INFO","message":"asynchronous invocation accepted","invocation_id":"inv_01m2qkmfe3tmvkwy1g677napeg","tenant_id":"tn_01hzzzzzzzzzzzzzzzzzzzzzza","revision_id":"rev_01m2qkkmf69mxd1qqq9enyn3fm","input_bytes":4128,"input_storage":"object","target":"tachyon_serverless_application::services::invoke_async"}
{"timestamp":"2026-09-17T11:57:04.857261Z","level":"INFO","message":"asynchronous run claimed","invocation_id":"inv_01m2qkmfe3tmvkwy1g677napeg","attempt":1,"generation":0,"delivery_count":1,"target":"tachyon_serverless_application::services::invoke_async::dispatch"}
{"timestamp":"2026-09-17T11:57:04.882500Z","level":"INFO","message":"asynchronous invocation accepted","invocation_id":"inv_01m2qkmffhj2ndxw4872bgmz5d","tenant_id":"tn_01hzzzzzzzzzzzzzzzzzzzzzza","revision_id":"rev_01m2qkknaq70bwqeq1rxp1s62b","input_bytes":191,"input_storage":"inline","target":"tachyon_serverless_application::services::invoke_async"}
{"timestamp":"2026-09-17T11:57:04.882535Z","level":"INFO","message":"webhook trigger fired","trigger_id":"trg_01m2qkkph9a2jy2a5vs6ezx2rv","event_id":"evt-post-w2","invocation_id":"inv_01m2qkmffhj2ndxw4872bgmz5d","revision_id":"rev_01m2qkknaq70bwqeq1rxp1s62b","replayed":false,"target":"tachyon_serverless_application::services::triggers"}
{"timestamp":"2026-09-17T11:57:04.937123Z","level":"INFO","message":"bridge spawned","environment_id":"env_01m2qkmfckp6rps9tc37etd9d4","pid":96401,"target":"tachyon_serverless_provider_process"}
{"timestamp":"2026-09-17T11:57:04.946932Z","level":"INFO","message":"invocation finished","invocation_id":"inv_01m2qkmfcc4747mxw5crg2g39m","status":"succeeded (async run)","handler_ms":0,"environment_boot_ms":3,"runtime_init_ms":4,"target":"tachyon_serverless_application::services::invoke"}
{"timestamp":"2026-09-17T11:57:04.948480Z","level":"INFO","message":"terminating bridge","environment_id":"env_01m2qkmfckp6rps9tc37etd9d4","pid":96401,"reason":"Completed","graceful":true,"target":"tachyon_serverless_provider_process"}
{"timestamp":"2026-09-17T11:57:04.950796Z","level":"INFO","message":"asynchronous invocation settled","invocation_id":"inv_01m2qkmfcc4747mxw5crg2g39m","status":"succeeded","target":"tachyon_serverless_application::services::invoke_async::dispatch"}
{"timestamp":"2026-09-17T11:57:04.956504Z","level":"INFO","message":"async dispatch: delivery handled","message_id":"inv_01m2qkmfcc4747mxw5crg2g39m","sequence":14,"delivery_count":1,"outcome":"Completed { status: \"succeeded\" }","target":"tachyon_serverless_application::services::invoke_async::dispatch"}
{"timestamp":"2026-09-17T11:57:04.956920Z","level":"INFO","message":"asynchronous run claimed","invocation_id":"inv_01m2qkmffhj2ndxw4872bgmz5d","attempt":1,"generation":0,"delivery_count":1,"target":"tachyon_serverless_application::services::invoke_async::dispatch"}
{"timestamp":"2026-09-17T11:57:05.011526Z","level":"INFO","message":"bridge spawned","environment_id":"env_01m2qkmfetahsqm4etc3f3pcxv","pid":96403,"target":"tachyon_serverless_provider_process"}
{"timestamp":"2026-09-17T11:57:05.022042Z","level":"INFO","message":"invocation finished","invocation_id":"inv_01m2qkmfe3tmvkwy1g677napeg","status":"succeeded (async run)","handler_ms":0,"environment_boot_ms":4,"runtime_init_ms":4,"target":"tachyon_serverless_application::services::invoke"}
{"timestamp":"2026-09-17T11:57:05.023567Z","level":"INFO","message":"terminating bridge","environment_id":"env_01m2qkmfetahsqm4etc3f3pcxv","pid":96403,"reason":"Completed","graceful":true,"target":"tachyon_serverless_provider_process"}
{"timestamp":"2026-09-17T11:57:05.025933Z","level":"INFO","message":"asynchronous invocation settled","invocation_id":"inv_01m2qkmfe3tmvkwy1g677napeg","status":"succeeded","target":"tachyon_serverless_application::services::invoke_async::dispatch"}
{"timestamp":"2026-09-17T11:57:05.031328Z","level":"INFO","message":"async dispatch: delivery handled","message_id":"inv_01m2qkmfe3tmvkwy1g677napeg","sequence":15,"delivery_count":1,"outcome":"Completed { status: \"succeeded\" }","target":"tachyon_serverless_application::services::invoke_async::dispatch"}
{"timestamp":"2026-09-17T11:57:05.105557Z","level":"INFO","message":"bridge spawned","environment_id":"env_01m2qkmfhx1kqrt6th5pwt7tk4","pid":96406,"target":"tachyon_serverless_provider_process"}
{"timestamp":"2026-09-17T11:57:05.115537Z","level":"INFO","message":"invocation finished","invocation_id":"inv_01m2qkmffhj2ndxw4872bgmz5d","status":"succeeded (async run)","handler_ms":0,"environment_boot_ms":3,"runtime_init_ms":5,"target":"tachyon_serverless_application::services::invoke"}
{"timestamp":"2026-09-17T11:57:05.117139Z","level":"INFO","message":"terminating bridge","environment_id":"env_01m2qkmfhx1kqrt6th5pwt7tk4","pid":96406,"reason":"Completed","graceful":true,"target":"tachyon_serverless_provider_process"}
{"timestamp":"2026-09-17T11:57:05.119517Z","level":"INFO","message":"asynchronous invocation settled","invocation_id":"inv_01m2qkmffhj2ndxw4872bgmz5d","status":"succeeded","target":"tachyon_serverless_application::services::invoke_async::dispatch"}
{"timestamp":"2026-09-17T11:57:05.125245Z","level":"INFO","message":"async dispatch: delivery handled","message_id":"inv_01m2qkmffhj2ndxw4872bgmz5d","sequence":16,"delivery_count":1,"outcome":"Completed { status: \"succeeded\" }","target":"tachyon_serverless_application::services::invoke_async::dispatch"}
{"timestamp":"2026-09-17T11:57:06.012269Z","level":"INFO","message":"asynchronous invocation accepted","invocation_id":"inv_01m2qkmgjm261wet8vyjct3y04","tenant_id":"tn_01hzzzzzzzzzzzzzzzzzzzzzza","revision_id":"rev_01m2qkknaq70bwqeq1rxp1s62b","input_bytes":180,"input_storage":"inline","target":"tachyon_serverless_application::services::invoke_async"}
{"timestamp":"2026-09-17T11:57:06.012483Z","level":"INFO","message":"cron trigger fired","trigger_id":"trg_01m2qkkpgt40peq4etdxtxgaw0","scheduled_at":"2026-09-17T11:57:06Z","invocation_id":"inv_01m2qkmgjm261wet8vyjct3y04","revision_id":"rev_01m2qkknaq70bwqeq1rxp1s62b","replayed":false,"target":"tachyon_serverless_application::services::triggers"}
{"timestamp":"2026-09-17T11:57:06.048222Z","level":"INFO","message":"asynchronous run claimed","invocation_id":"inv_01m2qkmgjm261wet8vyjct3y04","attempt":1,"generation":0,"delivery_count":1,"target":"tachyon_serverless_application::services::invoke_async::dispatch"}
{"timestamp":"2026-09-17T11:57:06.238900Z","level":"INFO","message":"bridge spawned","environment_id":"env_01m2qkmgm12qqhf74zprdjd7pc","pid":96408,"target":"tachyon_serverless_provider_process"}
{"timestamp":"2026-09-17T11:57:06.256112Z","level":"INFO","message":"invocation finished","invocation_id":"inv_01m2qkmgjm261wet8vyjct3y04","status":"succeeded (async run)","handler_ms":0,"environment_boot_ms":12,"runtime_init_ms":10,"target":"tachyon_serverless_application::services::invoke"}
{"timestamp":"2026-09-17T11:57:06.257757Z","level":"INFO","message":"terminating bridge","environment_id":"env_01m2qkmgm12qqhf74zprdjd7pc","pid":96408,"reason":"Completed","graceful":true,"target":"tachyon_serverless_provider_process"}
{"timestamp":"2026-09-17T11:57:06.260449Z","level":"INFO","message":"asynchronous invocation settled","invocation_id":"inv_01m2qkmgjm261wet8vyjct3y04","status":"succeeded","target":"tachyon_serverless_application::services::invoke_async::dispatch"}
{"timestamp":"2026-09-17T11:57:06.268723Z","level":"INFO","message":"async dispatch: delivery handled","message_id":"inv_01m2qkmgjm261wet8vyjct3y04","sequence":17,"delivery_count":1,"outcome":"Completed { status: \"succeeded\" }","target":"tachyon_serverless_application::services::invoke_async::dispatch"}
{"timestamp":"2026-09-17T11:57:06.393599Z","level":"INFO","message":"object retention pass","report":"GcReport { examined: 2, collected_expired: 0, collected_orphans: 0, kept_in_use: 0, kept_referenced: 2, incomplete_removed: 0, tombstones_purged: 0, failed: 0 }","target":"tachyon_serverless_gateway"}
{"timestamp":"2026-09-17T11:57:08.006162Z","level":"INFO","message":"asynchronous invocation accepted","invocation_id":"inv_01m2qkmjh3tvdf8yg5epmzh266","tenant_id":"tn_01hzzzzzzzzzzzzzzzzzzzzzza","revision_id":"rev_01m2qkknaq70bwqeq1rxp1s62b","input_bytes":180,"input_storage":"inline","target":"tachyon_serverless_application::services::invoke_async"}
{"timestamp":"2026-09-17T11:57:08.006308Z","level":"INFO","message":"cron trigger fired","trigger_id":"trg_01m2qkkpgt40peq4etdxtxgaw0","scheduled_at":"2026-09-17T11:57:08Z","invocation_id":"inv_01m2qkmjh3tvdf8yg5epmzh266","revision_id":"rev_01m2qkknaq70bwqeq1rxp1s62b","replayed":false,"target":"tachyon_serverless_application::services::triggers"}
{"timestamp":"2026-09-17T11:57:08.022076Z","level":"INFO","message":"asynchronous run claimed","invocation_id":"inv_01m2qkmjh3tvdf8yg5epmzh266","attempt":1,"generation":0,"delivery_count":1,"target":"tachyon_serverless_application::services::invoke_async::dispatch"}
{"timestamp":"2026-09-17T11:57:08.173825Z","level":"INFO","message":"bridge spawned","environment_id":"env_01m2qkmjhpvwfxf181944j3vjn","pid":96415,"target":"tachyon_serverless_provider_process"}
{"timestamp":"2026-09-17T11:57:08.183390Z","level":"INFO","message":"invocation finished","invocation_id":"inv_01m2qkmjh3tvdf8yg5epmzh266","status":"succeeded (async run)","handler_ms":0,"environment_boot_ms":3,"runtime_init_ms":4,"target":"tachyon_serverless_application::services::invoke"}
{"timestamp":"2026-09-17T11:57:08.184929Z","level":"INFO","message":"terminating bridge","environment_id":"env_01m2qkmjhpvwfxf181944j3vjn","pid":96415,"reason":"Completed","graceful":true,"target":"tachyon_serverless_provider_process"}
{"timestamp":"2026-09-17T11:57:08.187122Z","level":"INFO","message":"asynchronous invocation settled","invocation_id":"inv_01m2qkmjh3tvdf8yg5epmzh266","status":"succeeded","target":"tachyon_serverless_application::services::invoke_async::dispatch"}
{"timestamp":"2026-09-17T11:57:08.195399Z","level":"INFO","message":"async dispatch: delivery handled","message_id":"inv_01m2qkmjh3tvdf8yg5epmzh266","sequence":18,"delivery_count":1,"outcome":"Completed { status: \"succeeded\" }","target":"tachyon_serverless_application::services::invoke_async::dispatch"}
{"timestamp":"2026-09-17T11:57:08.391442Z","level":"INFO","message":"object retention pass","report":"GcReport { examined: 2, collected_expired: 0, collected_orphans: 0, kept_in_use: 0, kept_referenced: 2, incomplete_removed: 0, tombstones_purged: 0, failed: 0 }","target":"tachyon_serverless_gateway"}
{"timestamp":"2026-09-17T11:57:10.003835Z","level":"INFO","message":"asynchronous invocation accepted","invocation_id":"inv_01m2qkmmfkzz2h9r021kfh7r5x","tenant_id":"tn_01hzzzzzzzzzzzzzzzzzzzzzza","revision_id":"rev_01m2qkknaq70bwqeq1rxp1s62b","input_bytes":180,"input_storage":"inline","target":"tachyon_serverless_application::services::invoke_async"}
{"timestamp":"2026-09-17T11:57:10.003872Z","level":"INFO","message":"cron trigger fired","trigger_id":"trg_01m2qkkpgt40peq4etdxtxgaw0","scheduled_at":"2026-09-17T11:57:10Z","invocation_id":"inv_01m2qkmmfkzz2h9r021kfh7r5x","revision_id":"rev_01m2qkknaq70bwqeq1rxp1s62b","replayed":false,"target":"tachyon_serverless_application::services::triggers"}
{"timestamp":"2026-09-17T11:57:10.015456Z","level":"INFO","message":"trigger updated","trigger_id":"trg_01m2qkkpgt40peq4etdxtxgaw0","generation":2,"status":"disabled","next_fire_at":"None","rotated_secret":false,"target":"tachyon_serverless_application::services::triggers"}
{"timestamp":"2026-09-17T11:57:10.016280Z","level":"INFO","message":"asynchronous run claimed","invocation_id":"inv_01m2qkmmfkzz2h9r021kfh7r5x","attempt":1,"generation":0,"delivery_count":1,"target":"tachyon_serverless_application::services::invoke_async::dispatch"}
{"timestamp":"2026-09-17T11:57:10.157794Z","level":"INFO","message":"bridge spawned","environment_id":"env_01m2qkmmg0vw1tfcnp7zvhsp7s","pid":96482,"target":"tachyon_serverless_provider_process"}
{"timestamp":"2026-09-17T11:57:10.166421Z","level":"INFO","message":"invocation finished","invocation_id":"inv_01m2qkmmfkzz2h9r021kfh7r5x","status":"succeeded (async run)","handler_ms":0,"environment_boot_ms":3,"runtime_init_ms":4,"target":"tachyon_serverless_application::services::invoke"}
{"timestamp":"2026-09-17T11:57:10.167999Z","level":"INFO","message":"terminating bridge","environment_id":"env_01m2qkmmg0vw1tfcnp7zvhsp7s","pid":96482,"reason":"Completed","graceful":true,"target":"tachyon_serverless_provider_process"}
{"timestamp":"2026-09-17T11:57:10.170390Z","level":"INFO","message":"asynchronous invocation settled","invocation_id":"inv_01m2qkmmfkzz2h9r021kfh7r5x","status":"succeeded","target":"tachyon_serverless_application::services::invoke_async::dispatch"}
{"timestamp":"2026-09-17T11:57:10.180172Z","level":"INFO","message":"async dispatch: delivery handled","message_id":"inv_01m2qkmmfkzz2h9r021kfh7r5x","sequence":19,"delivery_count":1,"outcome":"Completed { status: \"succeeded\" }","target":"tachyon_serverless_application::services::invoke_async::dispatch"}
{"timestamp":"2026-09-17T11:57:10.392251Z","level":"INFO","message":"object retention pass","report":"GcReport { examined: 2, collected_expired: 0, collected_orphans: 0, kept_in_use: 0, kept_referenced: 2, incomplete_removed: 0, tombstones_purged: 0, failed: 0 }","target":"tachyon_serverless_gateway"}
{"timestamp":"2026-09-17T11:57:11.156211Z","level":"INFO","message":"SIGTERM received","target":"tachyon_serverless_gateway"}
{"timestamp":"2026-09-17T11:57:11.156247Z","level":"INFO","message":"shutdown requested; cancelling in-flight invocations","target":"tachyon_serverless_gateway"}
{"timestamp":"2026-09-17T11:57:11.156492Z","level":"INFO","message":"final usage collection","report":"CollectReport { batches: 0, read: 0, inserted: 0, duplicates: 0, cursor_seq: 125 }","target":"tachyon_serverless_gateway"}
{"timestamp":"2026-09-17T11:57:11.157781Z","level":"INFO","message":"gateway stopped","target":"tachyon_serverless_gateway"}
{"timestamp":"2026-09-17T11:57:11.157886Z","level":"INFO","message":"event: closed","target":"async_nats"}
