
===== a start (failpoints: none) 11:11:40 =====
{"timestamp":"2026-09-17T11:11:40.769912Z","level":"INFO","message":"configuration loaded","config":"/private/var/folders/z7/khzdjrt95cg_fcmcnh4j1b5h0000gn/T/tsls-chaos.D29ldh/gw-a.toml","target":"tachyon_serverless_gateway"}
{"timestamp":"2026-09-17T11:11:40.785498Z","level":"INFO","message":"connected successfully","server":"65144","max_payload":"1048576","target":"async_nats::connector"}
{"timestamp":"2026-09-17T11:11:40.786354Z","level":"INFO","message":"event: connected","target":"async_nats"}
{"timestamp":"2026-09-17T11:11:40.833433Z","level":"INFO","message":"JetStream queue connected and stream bootstrapped","url":"nats://127.0.0.1:65144","stream":"TACHYON_EVENTS","target":"tachyon_serverless_gateway::durable"}
{"timestamp":"2026-09-17T11:11:40.853542Z","level":"INFO","message":"state store opened","path":"/private/var/folders/z7/khzdjrt95cg_fcmcnh4j1b5h0000gn/T/tsls-chaos.D29ldh/data/state.db","schema_version":8,"migrations_applied":"[1, 2, 3, 4, 5, 6, 7, 8]","imported_state_json":"None","settled_invocations":0,"settled_attempts":0,"settled_environments":0,"released_leases":0,"dropped_idempotency_keys":0,"purged_idempotency_keys":0,"outputs_purged":0,"target":"tachyon_serverless_application::app"}
{"timestamp":"2026-09-17T11:11:40.855996Z","level":"INFO","message":"dispatcher registered","dispatcher_id":"dsp_01m2qh1b9nvkw3b35rehpf6ntb","instance":"chaos-a","pid":11498,"lease_ttl_seconds":6,"target":"tachyon_serverless_application::services::dispatcher"}
{"timestamp":"2026-09-17T11:11:40.874931Z","level":"INFO","message":"application bootstrapped","profile":"dev","provider":"process","dev_only":true,"environment_reuse":false,"reuse_verified":false,"reuse_reason":"[pool] enabled is false","reuse_disabled":"Some(Configuration)","idle_quiesce":"unsupported","idle_resume":"unsupported","data_dir":"/private/var/folders/z7/khzdjrt95cg_fcmcnh4j1b5h0000gn/T/tsls-chaos.D29ldh/data","store":"sqlite","dispatcher_id":"dsp_01m2qh1b9nvkw3b35rehpf6ntb","node":"local","node_region":"none","node_memory_mib":"None","max_concurrency":8,"queue":"nats","objects":"filesystem","invoke_async":true,"triggers":true,"target":"tachyon_serverless_application::app"}
{"timestamp":"2026-09-17T11:11:40.875439Z","level":"INFO","message":"startup reconcile finished","provider":"process","found":0,"adopted":0,"terminated":0,"disowned":0,"failed":0,"lost":0,"foreign":0,"reclaimed_dispatchers":0,"fenced_terminated":0,"fenced_pending":0,"target":"tachyon_serverless_application::services::reconcile"}
{"timestamp":"2026-09-17T11:11:40.875593Z","level":"INFO","message":"gateway listening","addr":"127.0.0.1:65147","profile":"dev","provider":"process","target":"tachyon_serverless_gateway"}
{"timestamp":"2026-09-17T11:11:40.881251Z","level":"INFO","message":"asynchronous dispatcher started","workers":2,"owner":"dsp_01m2qh1b9nvkw3b35rehpf6ntb","target":"tachyon_serverless_gateway"}
{"timestamp":"2026-09-17T11:11:43.687289Z","level":"INFO","message":"revision ready","revision_id":"rev_01m2qh1dekf6sbnr38ydp474z4","function_id":"fn_01m2qh1bwdc3wr54g8m6kr8gyw","target":"tachyon_serverless_application::services::revision"}
{"timestamp":"2026-09-17T11:11:45.659740Z","level":"INFO","message":"revision ready","revision_id":"rev_01m2qh1fhrkbggea8cv511vgh2","function_id":"fn_01m2qh1ecgyxjt3a9n76s5x129","target":"tachyon_serverless_application::services::revision"}
{"timestamp":"2026-09-17T11:11:48.012780Z","level":"INFO","message":"revision ready","revision_id":"rev_01m2qh1hs445j1ng1dkzbfbx8a","function_id":"fn_01m2qh1gdmpbgqeb30ymp2zatd","target":"tachyon_serverless_application::services::revision"}
{"timestamp":"2026-09-17T11:11:48.306665Z","level":"INFO","message":"trigger created","trigger_id":"trg_01m2qh1jjh658dcw164zjbrfxs","function_id":"fn_01m2qh1ecgyxjt3a9n76s5x129","kind":"cron","enabled":true,"next_fire_at":"Some(2026-09-17T11:11:50Z)","target":"tachyon_serverless_application::services::triggers"}
{"timestamp":"2026-09-17T11:11:48.406469Z","level":"INFO","message":"trigger created","trigger_id":"trg_01m2qh1jnn6hkzb115d3tcvczx","function_id":"fn_01m2qh1ecgyxjt3a9n76s5x129","kind":"webhook","enabled":true,"next_fire_at":"None","target":"tachyon_serverless_application::services::triggers"}
{"timestamp":"2026-09-17T11:11:49.202047Z","level":"INFO","message":"bridge spawned","environment_id":"env_01m2qh1jwz4e9sg6qxm21esbrs","pid":11800,"target":"tachyon_serverless_provider_process"}
{"timestamp":"2026-09-17T11:11:50.006205Z","level":"INFO","message":"asynchronous invocation accepted","invocation_id":"inv_01m2qh1m7md23m9hxqjrg19snm","tenant_id":"tn_01hzzzzzzzzzzzzzzzzzzzzzza","revision_id":"rev_01m2qh1fhrkbggea8cv511vgh2","input_bytes":180,"input_storage":"inline","target":"tachyon_serverless_application::services::invoke_async"}
{"timestamp":"2026-09-17T11:11:50.006368Z","level":"INFO","message":"cron trigger fired","trigger_id":"trg_01m2qh1jjh658dcw164zjbrfxs","scheduled_at":"2026-09-17T11:11:50Z","invocation_id":"inv_01m2qh1m7md23m9hxqjrg19snm","revision_id":"rev_01m2qh1fhrkbggea8cv511vgh2","replayed":false,"target":"tachyon_serverless_application::services::triggers"}
{"timestamp":"2026-09-17T11:11:50.025054Z","level":"INFO","message":"asynchronous run claimed","invocation_id":"inv_01m2qh1m7md23m9hxqjrg19snm","attempt":1,"generation":0,"delivery_count":1,"target":"tachyon_serverless_application::services::invoke_async::dispatch"}
{"timestamp":"2026-09-17T11:11:50.189494Z","level":"INFO","message":"invocation finished","invocation_id":"inv_01m2qh1jwy2wvdbxe3dae5vsma","status":"succeeded","handler_ms":25,"environment_boot_ms":20,"runtime_init_ms":940,"target":"tachyon_serverless_application::services::invoke"}
{"timestamp":"2026-09-17T11:11:50.192346Z","level":"INFO","message":"terminating bridge","environment_id":"env_01m2qh1jwz4e9sg6qxm21esbrs","pid":11800,"reason":"Completed","graceful":true,"target":"tachyon_serverless_provider_process"}
{"timestamp":"2026-09-17T11:11:50.515051Z","level":"INFO","message":"bridge spawned","environment_id":"env_01m2qh1m8pe7ahp51c82c50354","pid":11820,"target":"tachyon_serverless_provider_process"}
{"timestamp":"2026-09-17T11:11:50.618133Z","level":"INFO","message":"invocation finished","invocation_id":"inv_01m2qh1m7md23m9hxqjrg19snm","status":"succeeded (async run)","handler_ms":12,"environment_boot_ms":30,"runtime_init_ms":58,"target":"tachyon_serverless_application::services::invoke"}
{"timestamp":"2026-09-17T11:11:50.623737Z","level":"INFO","message":"terminating bridge","environment_id":"env_01m2qh1m8pe7ahp51c82c50354","pid":11820,"reason":"Completed","graceful":true,"target":"tachyon_serverless_provider_process"}
{"timestamp":"2026-09-17T11:11:50.644412Z","level":"INFO","message":"asynchronous invocation settled","invocation_id":"inv_01m2qh1m7md23m9hxqjrg19snm","status":"succeeded","target":"tachyon_serverless_application::services::invoke_async::dispatch"}
{"timestamp":"2026-09-17T11:11:50.648483Z","level":"INFO","message":"asynchronous invocation accepted","invocation_id":"inv_01m2qh1mvpwf08fmqdx833m7re","tenant_id":"tn_01hzzzzzzzzzzzzzzzzzzzzzza","revision_id":"rev_01m2qh1dekf6sbnr38ydp474z4","input_bytes":47,"input_storage":"inline","target":"tachyon_serverless_application::services::invoke_async"}
{"timestamp":"2026-09-17T11:11:50.657000Z","level":"INFO","message":"async dispatch: delivery handled","message_id":"inv_01m2qh1m7md23m9hxqjrg19snm","sequence":1,"delivery_count":1,"outcome":"Completed { status: \"succeeded\" }","target":"tachyon_serverless_application::services::invoke_async::dispatch"}
{"timestamp":"2026-09-17T11:11:50.671116Z","level":"INFO","message":"asynchronous run claimed","invocation_id":"inv_01m2qh1mvpwf08fmqdx833m7re","attempt":1,"generation":0,"delivery_count":1,"target":"tachyon_serverless_application::services::invoke_async::dispatch"}
{"timestamp":"2026-09-17T11:11:50.979731Z","level":"INFO","message":"asynchronous invocation accepted","invocation_id":"inv_01m2qh1n5984608wdp2mfdet95","tenant_id":"tn_01hzzzzzzzzzzzzzzzzzzzzzza","revision_id":"rev_01m2qh1dekf6sbnr38ydp474z4","input_bytes":4127,"input_storage":"object","target":"tachyon_serverless_application::services::invoke_async"}
{"timestamp":"2026-09-17T11:11:50.997068Z","level":"INFO","message":"asynchronous run claimed","invocation_id":"inv_01m2qh1n5984608wdp2mfdet95","attempt":1,"generation":0,"delivery_count":1,"target":"tachyon_serverless_application::services::invoke_async::dispatch"}
{"timestamp":"2026-09-17T11:11:51.142602Z","level":"INFO","message":"bridge spawned","environment_id":"env_01m2qh1mwqgvhbffhxf9m4038n","pid":11865,"target":"tachyon_serverless_provider_process"}
{"timestamp":"2026-09-17T11:11:51.239861Z","level":"INFO","message":"asynchronous invocation accepted","invocation_id":"inv_01m2qh1ne588rr1r5q59v7x253","tenant_id":"tn_01hzzzzzzzzzzzzzzzzzzzzzza","revision_id":"rev_01m2qh1fhrkbggea8cv511vgh2","input_bytes":189,"input_storage":"inline","target":"tachyon_serverless_application::services::invoke_async"}
{"timestamp":"2026-09-17T11:11:51.239987Z","level":"INFO","message":"webhook trigger fired","trigger_id":"trg_01m2qh1jnn6hkzb115d3tcvczx","event_id":"evt-pre-w1","invocation_id":"inv_01m2qh1ne588rr1r5q59v7x253","revision_id":"rev_01m2qh1fhrkbggea8cv511vgh2","replayed":false,"target":"tachyon_serverless_application::services::triggers"}
{"timestamp":"2026-09-17T11:11:51.481213Z","level":"INFO","message":"bridge spawned","environment_id":"env_01m2qh1n6zphdky7a4an583n3g","pid":11886,"target":"tachyon_serverless_provider_process"}
{"timestamp":"2026-09-17T11:11:51.788819Z","level":"INFO","message":"invocation finished","invocation_id":"inv_01m2qh1mvpwf08fmqdx833m7re","status":"succeeded (async run)","handler_ms":60,"environment_boot_ms":28,"runtime_init_ms":552,"target":"tachyon_serverless_application::services::invoke"}
{"timestamp":"2026-09-17T11:11:51.791218Z","level":"INFO","message":"terminating bridge","environment_id":"env_01m2qh1mwqgvhbffhxf9m4038n","pid":11865,"reason":"Completed","graceful":true,"target":"tachyon_serverless_provider_process"}
{"timestamp":"2026-09-17T11:11:51.792446Z","level":"INFO","message":"invocation finished","invocation_id":"inv_01m2qh1n5984608wdp2mfdet95","status":"succeeded (async run)","handler_ms":57,"environment_boot_ms":33,"runtime_init_ms":223,"target":"tachyon_serverless_application::services::invoke"}
{"timestamp":"2026-09-17T11:11:51.796125Z","level":"INFO","message":"terminating bridge","environment_id":"env_01m2qh1n6zphdky7a4an583n3g","pid":11886,"reason":"Completed","graceful":true,"target":"tachyon_serverless_provider_process"}
{"timestamp":"2026-09-17T11:11:51.845243Z","level":"INFO","message":"asynchronous invocation settled","invocation_id":"inv_01m2qh1mvpwf08fmqdx833m7re","status":"succeeded","target":"tachyon_serverless_application::services::invoke_async::dispatch"}
{"timestamp":"2026-09-17T11:11:51.866776Z","level":"INFO","message":"asynchronous invocation settled","invocation_id":"inv_01m2qh1n5984608wdp2mfdet95","status":"succeeded","target":"tachyon_serverless_application::services::invoke_async::dispatch"}
{"timestamp":"2026-09-17T11:11:51.866980Z","level":"INFO","message":"async dispatch: delivery handled","message_id":"inv_01m2qh1mvpwf08fmqdx833m7re","sequence":2,"delivery_count":1,"outcome":"Completed { status: \"succeeded\" }","target":"tachyon_serverless_application::services::invoke_async::dispatch"}
{"timestamp":"2026-09-17T11:11:51.885396Z","level":"INFO","message":"asynchronous run claimed","invocation_id":"inv_01m2qh1ne588rr1r5q59v7x253","attempt":1,"generation":0,"delivery_count":1,"target":"tachyon_serverless_application::services::invoke_async::dispatch"}
{"timestamp":"2026-09-17T11:11:51.885567Z","level":"INFO","message":"async dispatch: delivery handled","message_id":"inv_01m2qh1n5984608wdp2mfdet95","sequence":3,"delivery_count":1,"outcome":"Completed { status: \"succeeded\" }","target":"tachyon_serverless_application::services::invoke_async::dispatch"}
{"timestamp":"2026-09-17T11:11:51.936750Z","level":"INFO","message":"bridge spawned","environment_id":"env_01m2qh1nkgnn9yse3h3sqyjm0e","pid":11898,"target":"tachyon_serverless_provider_process"}
{"timestamp":"2026-09-17T11:11:52.008078Z","level":"INFO","message":"asynchronous invocation accepted","invocation_id":"inv_01m2qh1p665wjeh3w4xkjvcjr4","tenant_id":"tn_01hzzzzzzzzzzzzzzzzzzzzzza","revision_id":"rev_01m2qh1fhrkbggea8cv511vgh2","input_bytes":180,"input_storage":"inline","target":"tachyon_serverless_application::services::invoke_async"}
{"timestamp":"2026-09-17T11:11:52.008210Z","level":"INFO","message":"cron trigger fired","trigger_id":"trg_01m2qh1jjh658dcw164zjbrfxs","scheduled_at":"2026-09-17T11:11:52Z","invocation_id":"inv_01m2qh1p665wjeh3w4xkjvcjr4","revision_id":"rev_01m2qh1fhrkbggea8cv511vgh2","replayed":false,"target":"tachyon_serverless_application::services::triggers"}
{"timestamp":"2026-09-17T11:11:52.020202Z","level":"INFO","message":"asynchronous run claimed","invocation_id":"inv_01m2qh1p665wjeh3w4xkjvcjr4","attempt":1,"generation":0,"delivery_count":1,"target":"tachyon_serverless_application::services::invoke_async::dispatch"}
{"timestamp":"2026-09-17T11:11:52.080108Z","level":"INFO","message":"invocation finished","invocation_id":"inv_01m2qh1nkehv9nnya16bzr0zdg","status":"succeeded","handler_ms":24,"environment_boot_ms":25,"runtime_init_ms":91,"target":"tachyon_serverless_application::services::invoke"}
{"timestamp":"2026-09-17T11:11:52.084773Z","level":"INFO","message":"terminating bridge","environment_id":"env_01m2qh1nkgnn9yse3h3sqyjm0e","pid":11898,"reason":"Completed","graceful":true,"target":"tachyon_serverless_provider_process"}
{"timestamp":"2026-09-17T11:11:52.383683Z","level":"INFO","message":"asynchronous invocation accepted","invocation_id":"inv_01m2qh1phx1atqwgwj28h4nrzb","tenant_id":"tn_01hzzzzzzzzzzzzzzzzzzzzzza","revision_id":"rev_01m2qh1dekf6sbnr38ydp474z4","input_bytes":47,"input_storage":"inline","target":"tachyon_serverless_application::services::invoke_async"}
{"timestamp":"2026-09-17T11:11:52.520044Z","level":"INFO","message":"bridge spawned","environment_id":"env_01m2qh1p2n664g2gtjfayrbd9p","pid":11938,"target":"tachyon_serverless_provider_process"}
{"timestamp":"2026-09-17T11:11:52.618027Z","level":"INFO","message":"bridge spawned","environment_id":"env_01m2qh1p6m1z3rcj9w6vkef5rx","pid":11946,"target":"tachyon_serverless_provider_process"}
{"timestamp":"2026-09-17T11:11:52.635450Z","level":"INFO","message":"invocation finished","invocation_id":"inv_01m2qh1ne588rr1r5q59v7x253","status":"succeeded (async run)","handler_ms":20,"environment_boot_ms":36,"runtime_init_ms":60,"target":"tachyon_serverless_application::services::invoke"}
{"timestamp":"2026-09-17T11:11:52.641979Z","level":"INFO","message":"terminating bridge","environment_id":"env_01m2qh1p2n664g2gtjfayrbd9p","pid":11938,"reason":"Completed","graceful":true,"target":"tachyon_serverless_provider_process"}
{"timestamp":"2026-09-17T11:11:52.668730Z","level":"INFO","message":"asynchronous invocation settled","invocation_id":"inv_01m2qh1ne588rr1r5q59v7x253","status":"succeeded","target":"tachyon_serverless_application::services::invoke_async::dispatch"}
{"timestamp":"2026-09-17T11:11:52.680792Z","level":"INFO","message":"async dispatch: delivery handled","message_id":"inv_01m2qh1ne588rr1r5q59v7x253","sequence":4,"delivery_count":1,"outcome":"Completed { status: \"succeeded\" }","target":"tachyon_serverless_application::services::invoke_async::dispatch"}
{"timestamp":"2026-09-17T11:11:52.695095Z","level":"INFO","message":"asynchronous run claimed","invocation_id":"inv_01m2qh1phx1atqwgwj28h4nrzb","attempt":1,"generation":0,"delivery_count":1,"target":"tachyon_serverless_application::services::invoke_async::dispatch"}
{"timestamp":"2026-09-17T11:11:52.704725Z","level":"INFO","message":"asynchronous invocation accepted","invocation_id":"inv_01m2qh1pv4th58xpkmgt38c3er","tenant_id":"tn_01hzzzzzzzzzzzzzzzzzzzzzza","revision_id":"rev_01m2qh1dekf6sbnr38ydp474z4","input_bytes":4127,"input_storage":"object","target":"tachyon_serverless_application::services::invoke_async"}
{"timestamp":"2026-09-17T11:11:52.708248Z","level":"INFO","message":"invocation finished","invocation_id":"inv_01m2qh1p665wjeh3w4xkjvcjr4","status":"succeeded (async run)","handler_ms":18,"environment_boot_ms":19,"runtime_init_ms":44,"target":"tachyon_serverless_application::services::invoke"}
{"timestamp":"2026-09-17T11:11:52.711299Z","level":"INFO","message":"terminating bridge","environment_id":"env_01m2qh1p6m1z3rcj9w6vkef5rx","pid":11946,"reason":"Completed","graceful":true,"target":"tachyon_serverless_provider_process"}
{"timestamp":"2026-09-17T11:11:52.745665Z","level":"INFO","message":"asynchronous invocation settled","invocation_id":"inv_01m2qh1p665wjeh3w4xkjvcjr4","status":"succeeded","target":"tachyon_serverless_application::services::invoke_async::dispatch"}
{"timestamp":"2026-09-17T11:11:52.773915Z","level":"INFO","message":"async dispatch: delivery handled","message_id":"inv_01m2qh1p665wjeh3w4xkjvcjr4","sequence":5,"delivery_count":1,"outcome":"Completed { status: \"succeeded\" }","target":"tachyon_serverless_application::services::invoke_async::dispatch"}
{"timestamp":"2026-09-17T11:11:52.793171Z","level":"INFO","message":"asynchronous run claimed","invocation_id":"inv_01m2qh1pv4th58xpkmgt38c3er","attempt":1,"generation":0,"delivery_count":1,"target":"tachyon_serverless_application::services::invoke_async::dispatch"}
{"timestamp":"2026-09-17T11:11:52.989455Z","level":"INFO","message":"asynchronous invocation accepted","invocation_id":"inv_01m2qh1q4t2cpbvaymxy3hgyre","tenant_id":"tn_01hzzzzzzzzzzzzzzzzzzzzzza","revision_id":"rev_01m2qh1fhrkbggea8cv511vgh2","input_bytes":189,"input_storage":"inline","target":"tachyon_serverless_application::services::invoke_async"}
{"timestamp":"2026-09-17T11:11:52.989569Z","level":"INFO","message":"webhook trigger fired","trigger_id":"trg_01m2qh1jnn6hkzb115d3tcvczx","event_id":"evt-pre-w2","invocation_id":"inv_01m2qh1q4t2cpbvaymxy3hgyre","revision_id":"rev_01m2qh1fhrkbggea8cv511vgh2","replayed":false,"target":"tachyon_serverless_application::services::triggers"}
{"timestamp":"2026-09-17T11:11:53.297926Z","level":"INFO","message":"trigger updated","trigger_id":"trg_01m2qh1jjh658dcw164zjbrfxs","generation":2,"status":"disabled","next_fire_at":"None","rotated_secret":false,"target":"tachyon_serverless_application::services::triggers"}
{"timestamp":"2026-09-17T11:11:53.314596Z","level":"INFO","message":"bridge spawned","environment_id":"env_01m2qh1pvqzg6q1e0zzgz3hnnw","pid":11987,"target":"tachyon_serverless_provider_process"}
{"timestamp":"2026-09-17T11:11:53.398885Z","level":"INFO","message":"bridge spawned","environment_id":"env_01m2qh1pz46cxk48w27gtxpaje","pid":11990,"target":"tachyon_serverless_provider_process"}
{"timestamp":"2026-09-17T11:11:53.438065Z","level":"INFO","message":"invocation finished","invocation_id":"inv_01m2qh1phx1atqwgwj28h4nrzb","status":"succeeded (async run)","handler_ms":46,"environment_boot_ms":16,"runtime_init_ms":55,"target":"tachyon_serverless_application::services::invoke"}
{"timestamp":"2026-09-17T11:11:53.448893Z","level":"INFO","message":"terminating bridge","environment_id":"env_01m2qh1pvqzg6q1e0zzgz3hnnw","pid":11987,"reason":"Completed","graceful":true,"target":"tachyon_serverless_provider_process"}
{"timestamp":"2026-09-17T11:11:53.501188Z","level":"INFO","message":"asynchronous invocation settled","invocation_id":"inv_01m2qh1phx1atqwgwj28h4nrzb","status":"succeeded","target":"tachyon_serverless_application::services::invoke_async::dispatch"}
{"timestamp":"2026-09-17T11:11:53.508527Z","level":"INFO","message":"async dispatch: delivery handled","message_id":"inv_01m2qh1phx1atqwgwj28h4nrzb","sequence":6,"delivery_count":1,"outcome":"Completed { status: \"succeeded\" }","target":"tachyon_serverless_application::services::invoke_async::dispatch"}
{"timestamp":"2026-09-17T11:11:53.515033Z","level":"INFO","message":"asynchronous run claimed","invocation_id":"inv_01m2qh1q4t2cpbvaymxy3hgyre","attempt":1,"generation":0,"delivery_count":1,"target":"tachyon_serverless_application::services::invoke_async::dispatch"}
{"timestamp":"2026-09-17T11:11:53.520309Z","level":"INFO","message":"invocation finished","invocation_id":"inv_01m2qh1pv4th58xpkmgt38c3er","status":"succeeded (async run)","handler_ms":5,"environment_boot_ms":31,"runtime_init_ms":81,"target":"tachyon_serverless_application::services::invoke"}
{"timestamp":"2026-09-17T11:11:53.523011Z","level":"INFO","message":"terminating bridge","environment_id":"env_01m2qh1pz46cxk48w27gtxpaje","pid":11990,"reason":"Completed","graceful":true,"target":"tachyon_serverless_provider_process"}
{"timestamp":"2026-09-17T11:11:53.532306Z","level":"INFO","message":"asynchronous invocation settled","invocation_id":"inv_01m2qh1pv4th58xpkmgt38c3er","status":"succeeded","target":"tachyon_serverless_application::services::invoke_async::dispatch"}
{"timestamp":"2026-09-17T11:11:53.540288Z","level":"INFO","message":"async dispatch: delivery handled","message_id":"inv_01m2qh1pv4th58xpkmgt38c3er","sequence":7,"delivery_count":1,"outcome":"Completed { status: \"succeeded\" }","target":"tachyon_serverless_application::services::invoke_async::dispatch"}
{"timestamp":"2026-09-17T11:11:53.943901Z","level":"INFO","message":"bridge spawned","environment_id":"env_01m2qh1qnbnp5ndxvzm79h59yy","pid":11995,"target":"tachyon_serverless_provider_process"}
{"timestamp":"2026-09-17T11:11:53.988934Z","level":"INFO","message":"invocation finished","invocation_id":"inv_01m2qh1q4t2cpbvaymxy3hgyre","status":"succeeded (async run)","handler_ms":5,"environment_boot_ms":22,"runtime_init_ms":27,"target":"tachyon_serverless_application::services::invoke"}
{"timestamp":"2026-09-17T11:11:53.991692Z","level":"INFO","message":"terminating bridge","environment_id":"env_01m2qh1qnbnp5ndxvzm79h59yy","pid":11995,"reason":"Completed","graceful":true,"target":"tachyon_serverless_provider_process"}
{"timestamp":"2026-09-17T11:11:54.006367Z","level":"INFO","message":"asynchronous invocation settled","invocation_id":"inv_01m2qh1q4t2cpbvaymxy3hgyre","status":"succeeded","target":"tachyon_serverless_application::services::invoke_async::dispatch"}
{"timestamp":"2026-09-17T11:11:54.019432Z","level":"INFO","message":"async dispatch: delivery handled","message_id":"inv_01m2qh1q4t2cpbvaymxy3hgyre","sequence":8,"delivery_count":1,"outcome":"Completed { status: \"succeeded\" }","target":"tachyon_serverless_application::services::invoke_async::dispatch"}
{"timestamp":"2026-09-17T11:11:54.462343Z","level":"INFO","message":"SIGTERM received","target":"tachyon_serverless_gateway"}
{"timestamp":"2026-09-17T11:11:54.462482Z","level":"INFO","message":"shutdown requested; cancelling in-flight invocations","target":"tachyon_serverless_gateway"}
{"timestamp":"2026-09-17T11:11:54.467616Z","level":"INFO","message":"final usage collection","report":"CollectReport { batches: 0, read: 0, inserted: 0, duplicates: 0, cursor_seq: 50 }","target":"tachyon_serverless_gateway"}
{"timestamp":"2026-09-17T11:11:54.469814Z","level":"INFO","message":"gateway stopped","target":"tachyon_serverless_gateway"}
{"timestamp":"2026-09-17T11:11:54.470351Z","level":"INFO","message":"event: closed","target":"async_nats"}

===== a start (failpoints: dispatch.before_commit=kill) 11:11:54 =====
{"timestamp":"2026-09-17T11:11:54.562549Z","level":"INFO","message":"configuration loaded","config":"/private/var/folders/z7/khzdjrt95cg_fcmcnh4j1b5h0000gn/T/tsls-chaos.D29ldh/gw-a.toml","target":"tachyon_serverless_gateway"}
{"timestamp":"2026-09-17T11:11:54.569698Z","level":"INFO","message":"connected successfully","server":"65144","max_payload":"1048576","target":"async_nats::connector"}
{"timestamp":"2026-09-17T11:11:54.570611Z","level":"INFO","message":"event: connected","target":"async_nats"}
{"timestamp":"2026-09-17T11:11:54.591723Z","level":"INFO","message":"JetStream queue connected and stream bootstrapped","url":"nats://127.0.0.1:65144","stream":"TACHYON_EVENTS","target":"tachyon_serverless_gateway::durable"}
{"timestamp":"2026-09-17T11:11:54.595583Z","level":"INFO","message":"state store opened","path":"/private/var/folders/z7/khzdjrt95cg_fcmcnh4j1b5h0000gn/T/tsls-chaos.D29ldh/data/state.db","schema_version":8,"migrations_applied":"[]","imported_state_json":"None","settled_invocations":0,"settled_attempts":0,"settled_environments":0,"released_leases":0,"dropped_idempotency_keys":0,"purged_idempotency_keys":0,"outputs_purged":0,"target":"tachyon_serverless_application::app"}
{"timestamp":"2026-09-17T11:11:54.597045Z","level":"INFO","message":"dispatcher registered","dispatcher_id":"dsp_01m2qh1rq31zeb3kdnhhpd8kb9","instance":"chaos-a","pid":12008,"lease_ttl_seconds":6,"target":"tachyon_serverless_application::services::dispatcher"}
{"timestamp":"2026-09-17T11:11:54.597986Z","level":"WARN","message":"reclaimed the work of dispatchers that lost their lease","dispatcher_id":"dsp_01m2qh1rq31zeb3kdnhhpd8kb9","reclaimed_dispatchers":"[DispatcherId(dsp_01m2qh1b9nvkw3b35rehpf6ntb)]","leases":0,"invocations":0,"attempts":0,"fenced":0,"target":"tachyon_serverless_application::services::dispatcher"}
{"timestamp":"2026-09-17T11:11:54.600227Z","level":"WARN","message":"failpoint armed from TSLS_FAILPOINTS","name":"dispatch.before_commit","action":"Kill","count":"None","target":"tachyon_serverless_application::failpoints"}
{"timestamp":"2026-09-17T11:11:54.600406Z","level":"INFO","message":"application bootstrapped","profile":"dev","provider":"process","dev_only":true,"environment_reuse":false,"reuse_verified":false,"reuse_reason":"[pool] enabled is false","reuse_disabled":"Some(Configuration)","idle_quiesce":"unsupported","idle_resume":"unsupported","data_dir":"/private/var/folders/z7/khzdjrt95cg_fcmcnh4j1b5h0000gn/T/tsls-chaos.D29ldh/data","store":"sqlite","dispatcher_id":"dsp_01m2qh1rq31zeb3kdnhhpd8kb9","node":"local","node_region":"none","node_memory_mib":"None","max_concurrency":8,"queue":"nats","objects":"filesystem","invoke_async":true,"triggers":true,"target":"tachyon_serverless_application::app"}
{"timestamp":"2026-09-17T11:11:54.601040Z","level":"INFO","message":"startup reconcile finished","provider":"process","found":0,"adopted":0,"terminated":0,"disowned":0,"failed":0,"lost":0,"foreign":0,"reclaimed_dispatchers":0,"fenced_terminated":0,"fenced_pending":0,"target":"tachyon_serverless_application::services::reconcile"}
{"timestamp":"2026-09-17T11:11:54.601213Z","level":"INFO","message":"gateway listening","addr":"127.0.0.1:65147","profile":"dev","provider":"process","target":"tachyon_serverless_gateway"}
{"timestamp":"2026-09-17T11:11:54.603800Z","level":"INFO","message":"asynchronous dispatcher started","workers":2,"owner":"dsp_01m2qh1rq31zeb3kdnhhpd8kb9","target":"tachyon_serverless_gateway"}
{"timestamp":"2026-09-17T11:11:55.052675Z","level":"INFO","message":"asynchronous invocation accepted","invocation_id":"inv_01m2qh1s4m9mtwe9t6mt3et425","tenant_id":"tn_01hzzzzzzzzzzzzzzzzzzzzzza","revision_id":"rev_01m2qh1dekf6sbnr38ydp474z4","input_bytes":4163,"input_storage":"object","target":"tachyon_serverless_application::services::invoke_async"}
{"timestamp":"2026-09-17T11:11:55.065597Z","level":"INFO","message":"asynchronous run claimed","invocation_id":"inv_01m2qh1s4m9mtwe9t6mt3et425","attempt":1,"generation":0,"delivery_count":1,"target":"tachyon_serverless_application::services::invoke_async::dispatch"}
{"timestamp":"2026-09-17T11:11:55.484612Z","level":"INFO","message":"bridge spawned","environment_id":"env_01m2qh1s60ks0qpdxh7d7amzb9","pid":12044,"target":"tachyon_serverless_provider_process"}
{"timestamp":"2026-09-17T11:11:55.854348Z","level":"INFO","message":"invocation finished","invocation_id":"inv_01m2qh1s4m9mtwe9t6mt3et425","status":"succeeded (async run)","handler_ms":308,"environment_boot_ms":15,"runtime_init_ms":43,"target":"tachyon_serverless_application::services::invoke"}
{"timestamp":"2026-09-17T11:11:55.856966Z","level":"INFO","message":"terminating bridge","environment_id":"env_01m2qh1s60ks0qpdxh7d7amzb9","pid":12044,"reason":"Completed","graceful":true,"target":"tachyon_serverless_provider_process"}
{"timestamp":"2026-09-17T11:11:55.873900Z","level":"ERROR","message":"failpoint fired: SIGKILL","name":"dispatch.before_commit","target":"tachyon_serverless_application::failpoints"}

===== a start (failpoints: none) 11:11:56 =====
{"timestamp":"2026-09-17T11:11:56.603747Z","level":"INFO","message":"configuration loaded","config":"/private/var/folders/z7/khzdjrt95cg_fcmcnh4j1b5h0000gn/T/tsls-chaos.D29ldh/gw-a.toml","target":"tachyon_serverless_gateway"}
{"timestamp":"2026-09-17T11:11:56.608646Z","level":"INFO","message":"connected successfully","server":"65144","max_payload":"1048576","target":"async_nats::connector"}
{"timestamp":"2026-09-17T11:11:56.611985Z","level":"INFO","message":"event: connected","target":"async_nats"}
{"timestamp":"2026-09-17T11:11:56.627818Z","level":"INFO","message":"JetStream queue connected and stream bootstrapped","url":"nats://127.0.0.1:65144","stream":"TACHYON_EVENTS","target":"tachyon_serverless_gateway::durable"}
{"timestamp":"2026-09-17T11:11:56.631981Z","level":"INFO","message":"state store opened","path":"/private/var/folders/z7/khzdjrt95cg_fcmcnh4j1b5h0000gn/T/tsls-chaos.D29ldh/data/state.db","schema_version":8,"migrations_applied":"[]","imported_state_json":"None","settled_invocations":0,"settled_attempts":0,"settled_environments":0,"released_leases":0,"dropped_idempotency_keys":0,"purged_idempotency_keys":0,"outputs_purged":0,"target":"tachyon_serverless_application::app"}
{"timestamp":"2026-09-17T11:11:56.632846Z","level":"INFO","message":"dispatcher registered","dispatcher_id":"dsp_01m2qh1tprdnkch10dd9ptytjb","instance":"chaos-a","pid":12089,"lease_ttl_seconds":6,"target":"tachyon_serverless_application::services::dispatcher"}
{"timestamp":"2026-09-17T11:11:56.633777Z","level":"WARN","message":"reclaimed the work of dispatchers that lost their lease","dispatcher_id":"dsp_01m2qh1tprdnkch10dd9ptytjb","reclaimed_dispatchers":"[DispatcherId(dsp_01m2qh1rq31zeb3kdnhhpd8kb9)]","leases":0,"invocations":0,"attempts":0,"fenced":0,"target":"tachyon_serverless_application::services::dispatcher"}
{"timestamp":"2026-09-17T11:11:56.637336Z","level":"INFO","message":"application bootstrapped","profile":"dev","provider":"process","dev_only":true,"environment_reuse":false,"reuse_verified":false,"reuse_reason":"[pool] enabled is false","reuse_disabled":"Some(Configuration)","idle_quiesce":"unsupported","idle_resume":"unsupported","data_dir":"/private/var/folders/z7/khzdjrt95cg_fcmcnh4j1b5h0000gn/T/tsls-chaos.D29ldh/data","store":"sqlite","dispatcher_id":"dsp_01m2qh1tprdnkch10dd9ptytjb","node":"local","node_region":"none","node_memory_mib":"None","max_concurrency":8,"queue":"nats","objects":"filesystem","invoke_async":true,"triggers":true,"target":"tachyon_serverless_application::app"}
{"timestamp":"2026-09-17T11:11:56.638573Z","level":"INFO","message":"startup reconcile finished","provider":"process","found":0,"adopted":0,"terminated":0,"disowned":0,"failed":0,"lost":0,"foreign":0,"reclaimed_dispatchers":0,"fenced_terminated":0,"fenced_pending":0,"target":"tachyon_serverless_application::services::reconcile"}
{"timestamp":"2026-09-17T11:11:56.638841Z","level":"INFO","message":"gateway listening","addr":"127.0.0.1:65147","profile":"dev","provider":"process","target":"tachyon_serverless_gateway"}
{"timestamp":"2026-09-17T11:11:56.641969Z","level":"INFO","message":"asynchronous dispatcher started","workers":2,"owner":"dsp_01m2qh1tprdnkch10dd9ptytjb","target":"tachyon_serverless_gateway"}
{"timestamp":"2026-09-17T11:11:58.648446Z","level":"INFO","message":"object retention pass","report":"GcReport { examined: 1, collected_expired: 0, collected_orphans: 0, kept_in_use: 0, kept_referenced: 1, incomplete_removed: 0, tombstones_purged: 0, failed: 0 }","target":"tachyon_serverless_gateway"}
{"timestamp":"2026-09-17T11:11:59.066627Z","level":"INFO","message":"asynchronous run claimed","invocation_id":"inv_01m2qh1s4m9mtwe9t6mt3et425","attempt":2,"generation":0,"delivery_count":2,"target":"tachyon_serverless_application::services::invoke_async::dispatch"}
{"timestamp":"2026-09-17T11:11:59.471908Z","level":"INFO","message":"bridge spawned","environment_id":"env_01m2qh1x30t51fp14akksbd9sv","pid":12149,"target":"tachyon_serverless_provider_process"}
{"timestamp":"2026-09-17T11:11:59.504360Z","level":"WARN","message":"cannot record the invocation as running","error":"illegal state transition for Invocation: running -> running","target":"tachyon_serverless_application::services::invoke"}
{"timestamp":"2026-09-17T11:11:59.815394Z","level":"INFO","message":"invocation finished","invocation_id":"inv_01m2qh1s4m9mtwe9t6mt3et425","status":"succeeded (async run)","handler_ms":307,"environment_boot_ms":13,"runtime_init_ms":19,"target":"tachyon_serverless_application::services::invoke"}
{"timestamp":"2026-09-17T11:11:59.817618Z","level":"INFO","message":"terminating bridge","environment_id":"env_01m2qh1x30t51fp14akksbd9sv","pid":12149,"reason":"Completed","graceful":true,"target":"tachyon_serverless_provider_process"}
{"timestamp":"2026-09-17T11:11:59.827228Z","level":"INFO","message":"asynchronous invocation settled","invocation_id":"inv_01m2qh1s4m9mtwe9t6mt3et425","status":"succeeded","target":"tachyon_serverless_application::services::invoke_async::dispatch"}
{"timestamp":"2026-09-17T11:11:59.836971Z","level":"INFO","message":"async dispatch: delivery handled","message_id":"inv_01m2qh1s4m9mtwe9t6mt3et425","sequence":9,"delivery_count":2,"outcome":"Completed { status: \"succeeded\" }","target":"tachyon_serverless_application::services::invoke_async::dispatch"}
{"timestamp":"2026-09-17T11:12:00.648630Z","level":"INFO","message":"object retention pass","report":"GcReport { examined: 2, collected_expired: 0, collected_orphans: 0, kept_in_use: 0, kept_referenced: 2, incomplete_removed: 0, tombstones_purged: 0, failed: 0 }","target":"tachyon_serverless_gateway"}
{"timestamp":"2026-09-17T11:12:00.722373Z","level":"INFO","message":"bridge spawned","environment_id":"env_01m2qh1yamx9ck33d9pxe94s62","pid":12194,"target":"tachyon_serverless_provider_process"}
{"timestamp":"2026-09-17T11:12:00.761178Z","level":"INFO","message":"invocation finished","invocation_id":"inv_01m2qh1yajswfpx1dnsygv67wa","status":"succeeded","handler_ms":3,"environment_boot_ms":14,"runtime_init_ms":19,"target":"tachyon_serverless_application::services::invoke"}
{"timestamp":"2026-09-17T11:12:00.763524Z","level":"INFO","message":"terminating bridge","environment_id":"env_01m2qh1yamx9ck33d9pxe94s62","pid":12194,"reason":"Completed","graceful":true,"target":"tachyon_serverless_provider_process"}
{"timestamp":"2026-09-17T11:12:00.986973Z","level":"INFO","message":"asynchronous invocation accepted","invocation_id":"inv_01m2qh1yyrd7s3dd6qk4trbhbr","tenant_id":"tn_01hzzzzzzzzzzzzzzzzzzzzzza","revision_id":"rev_01m2qh1dekf6sbnr38ydp474z4","input_bytes":48,"input_storage":"inline","target":"tachyon_serverless_application::services::invoke_async"}
{"timestamp":"2026-09-17T11:12:01.007708Z","level":"INFO","message":"asynchronous run claimed","invocation_id":"inv_01m2qh1yyrd7s3dd6qk4trbhbr","attempt":1,"generation":0,"delivery_count":1,"target":"tachyon_serverless_application::services::invoke_async::dispatch"}
{"timestamp":"2026-09-17T11:12:01.224131Z","level":"INFO","message":"asynchronous invocation accepted","invocation_id":"inv_01m2qh1z5kh70gqp6jg978rgfk","tenant_id":"tn_01hzzzzzzzzzzzzzzzzzzzzzza","revision_id":"rev_01m2qh1dekf6sbnr38ydp474z4","input_bytes":4128,"input_storage":"object","target":"tachyon_serverless_application::services::invoke_async"}
{"timestamp":"2026-09-17T11:12:01.242246Z","level":"INFO","message":"asynchronous run claimed","invocation_id":"inv_01m2qh1z5kh70gqp6jg978rgfk","attempt":1,"generation":0,"delivery_count":1,"target":"tachyon_serverless_application::services::invoke_async::dispatch"}
{"timestamp":"2026-09-17T11:12:01.426314Z","level":"INFO","message":"bridge spawned","environment_id":"env_01m2qh1yzgpz5jxds028kw2xr2","pid":12263,"target":"tachyon_serverless_provider_process"}
{"timestamp":"2026-09-17T11:12:01.432650Z","level":"INFO","message":"asynchronous invocation accepted","invocation_id":"inv_01m2qh1zcq38gwt9tmd04g2e94","tenant_id":"tn_01hzzzzzzzzzzzzzzzzzzzzzza","revision_id":"rev_01m2qh1fhrkbggea8cv511vgh2","input_bytes":191,"input_storage":"inline","target":"tachyon_serverless_application::services::invoke_async"}
{"timestamp":"2026-09-17T11:12:01.432782Z","level":"INFO","message":"webhook trigger fired","trigger_id":"trg_01m2qh1jnn6hkzb115d3tcvczx","event_id":"evt-post-w1","invocation_id":"inv_01m2qh1zcq38gwt9tmd04g2e94","revision_id":"rev_01m2qh1fhrkbggea8cv511vgh2","replayed":false,"target":"tachyon_serverless_application::services::triggers"}
{"timestamp":"2026-09-17T11:12:01.498499Z","level":"INFO","message":"invocation finished","invocation_id":"inv_01m2qh1yyrd7s3dd6qk4trbhbr","status":"succeeded (async run)","handler_ms":7,"environment_boot_ms":13,"runtime_init_ms":50,"target":"tachyon_serverless_application::services::invoke"}
{"timestamp":"2026-09-17T11:12:01.500782Z","level":"INFO","message":"terminating bridge","environment_id":"env_01m2qh1yzgpz5jxds028kw2xr2","pid":12263,"reason":"Completed","graceful":true,"target":"tachyon_serverless_provider_process"}
{"timestamp":"2026-09-17T11:12:01.515532Z","level":"INFO","message":"asynchronous invocation settled","invocation_id":"inv_01m2qh1yyrd7s3dd6qk4trbhbr","status":"succeeded","target":"tachyon_serverless_application::services::invoke_async::dispatch"}
{"timestamp":"2026-09-17T11:12:01.534281Z","level":"INFO","message":"async dispatch: delivery handled","message_id":"inv_01m2qh1yyrd7s3dd6qk4trbhbr","sequence":10,"delivery_count":1,"outcome":"Completed { status: \"succeeded\" }","target":"tachyon_serverless_application::services::invoke_async::dispatch"}
{"timestamp":"2026-09-17T11:12:01.537402Z","level":"INFO","message":"asynchronous run claimed","invocation_id":"inv_01m2qh1zcq38gwt9tmd04g2e94","attempt":1,"generation":0,"delivery_count":1,"target":"tachyon_serverless_application::services::invoke_async::dispatch"}
{"timestamp":"2026-09-17T11:12:01.567794Z","level":"INFO","message":"trigger updated","trigger_id":"trg_01m2qh1jjh658dcw164zjbrfxs","generation":3,"status":"disabled","next_fire_at":"None","rotated_secret":false,"target":"tachyon_serverless_application::services::triggers"}
{"timestamp":"2026-09-17T11:12:01.679771Z","level":"INFO","message":"bridge spawned","environment_id":"env_01m2qh1z6y63vam2ysvpx0new7","pid":12295,"target":"tachyon_serverless_provider_process"}
{"timestamp":"2026-09-17T11:12:01.730809Z","level":"INFO","message":"invocation finished","invocation_id":"inv_01m2qh1z5kh70gqp6jg978rgfk","status":"succeeded (async run)","handler_ms":6,"environment_boot_ms":13,"runtime_init_ms":30,"target":"tachyon_serverless_application::services::invoke"}
{"timestamp":"2026-09-17T11:12:01.733025Z","level":"INFO","message":"terminating bridge","environment_id":"env_01m2qh1z6y63vam2ysvpx0new7","pid":12295,"reason":"Completed","graceful":true,"target":"tachyon_serverless_provider_process"}
{"timestamp":"2026-09-17T11:12:01.744621Z","level":"INFO","message":"asynchronous invocation settled","invocation_id":"inv_01m2qh1z5kh70gqp6jg978rgfk","status":"succeeded","target":"tachyon_serverless_application::services::invoke_async::dispatch"}
{"timestamp":"2026-09-17T11:12:01.754101Z","level":"INFO","message":"async dispatch: delivery handled","message_id":"inv_01m2qh1z5kh70gqp6jg978rgfk","sequence":11,"delivery_count":1,"outcome":"Completed { status: \"succeeded\" }","target":"tachyon_serverless_application::services::invoke_async::dispatch"}
{"timestamp":"2026-09-17T11:12:01.960795Z","level":"INFO","message":"bridge spawned","environment_id":"env_01m2qh1zg2caawwcwr6e4ea3fm","pid":12318,"target":"tachyon_serverless_provider_process"}
{"timestamp":"2026-09-17T11:12:02.044359Z","level":"INFO","message":"invocation finished","invocation_id":"inv_01m2qh1zcq38gwt9tmd04g2e94","status":"succeeded (async run)","handler_ms":12,"environment_boot_ms":22,"runtime_init_ms":47,"target":"tachyon_serverless_application::services::invoke"}
{"timestamp":"2026-09-17T11:12:02.046851Z","level":"INFO","message":"terminating bridge","environment_id":"env_01m2qh1zg2caawwcwr6e4ea3fm","pid":12318,"reason":"Completed","graceful":true,"target":"tachyon_serverless_provider_process"}
{"timestamp":"2026-09-17T11:12:02.058500Z","level":"INFO","message":"asynchronous invocation settled","invocation_id":"inv_01m2qh1zcq38gwt9tmd04g2e94","status":"succeeded","target":"tachyon_serverless_application::services::invoke_async::dispatch"}
{"timestamp":"2026-09-17T11:12:02.070237Z","level":"INFO","message":"async dispatch: delivery handled","message_id":"inv_01m2qh1zcq38gwt9tmd04g2e94","sequence":12,"delivery_count":1,"outcome":"Completed { status: \"succeeded\" }","target":"tachyon_serverless_application::services::invoke_async::dispatch"}
{"timestamp":"2026-09-17T11:12:02.647184Z","level":"INFO","message":"object retention pass","report":"GcReport { examined: 3, collected_expired: 0, collected_orphans: 0, kept_in_use: 0, kept_referenced: 3, incomplete_removed: 0, tombstones_purged: 0, failed: 0 }","target":"tachyon_serverless_gateway"}
{"timestamp":"2026-09-17T11:12:04.646208Z","level":"INFO","message":"object retention pass","report":"GcReport { examined: 3, collected_expired: 0, collected_orphans: 0, kept_in_use: 0, kept_referenced: 3, incomplete_removed: 0, tombstones_purged: 0, failed: 0 }","target":"tachyon_serverless_gateway"}
{"timestamp":"2026-09-17T11:12:06.057511Z","level":"INFO","message":"SIGTERM received","target":"tachyon_serverless_gateway"}
{"timestamp":"2026-09-17T11:12:06.057619Z","level":"INFO","message":"shutdown requested; cancelling in-flight invocations","target":"tachyon_serverless_gateway"}
{"timestamp":"2026-09-17T11:12:06.058502Z","level":"INFO","message":"final usage collection","report":"CollectReport { batches: 0, read: 0, inserted: 0, duplicates: 0, cursor_seq: 80 }","target":"tachyon_serverless_gateway"}
{"timestamp":"2026-09-17T11:12:06.061227Z","level":"INFO","message":"gateway stopped","target":"tachyon_serverless_gateway"}
{"timestamp":"2026-09-17T11:12:06.061629Z","level":"INFO","message":"event: closed","target":"async_nats"}
