
===== b start (failpoints: none) 15:51:41 =====
{"timestamp":"2026-09-17T15:51:41.038779Z","level":"INFO","message":"configuration loaded","config":"/home/takanorifukuyama.guest/w/tsls-chaos.I75ht0/gw-b.toml","target":"tachyon_serverless_gateway"}
{"timestamp":"2026-09-17T15:51:41.041515Z","level":"INFO","message":"connected successfully","server":"32831","max_payload":"1048576","target":"async_nats::connector"}
{"timestamp":"2026-09-17T15:51:41.041726Z","level":"INFO","message":"event: connected","target":"async_nats"}
{"timestamp":"2026-09-17T15:51:41.049762Z","level":"INFO","message":"JetStream queue connected and stream bootstrapped","url":"nats://127.0.0.1:32831","stream":"TACHYON_EVENTS","target":"tachyon_serverless_gateway::durable"}
{"timestamp":"2026-09-17T15:51:41.052045Z","level":"INFO","message":"state store opened","path":"/home/takanorifukuyama.guest/w/tsls-chaos.I75ht0/data/state.db","schema_version":8,"migrations_applied":"[]","imported_state_json":"None","settled_invocations":0,"settled_attempts":0,"settled_environments":0,"released_leases":0,"dropped_idempotency_keys":0,"purged_idempotency_keys":0,"outputs_purged":0,"target":"tachyon_serverless_application::app"}
{"timestamp":"2026-09-17T15:51:41.054260Z","level":"INFO","message":"log store opened","path":"/home/takanorifukuyama.guest/w/tsls-chaos.I75ht0/data/logs/logs.db","healthy":true,"retention_seconds":604800,"max_total_bytes":1073741824,"target":"tachyon_serverless_application::app"}
{"timestamp":"2026-09-17T15:51:41.055932Z","level":"INFO","message":"dispatcher registered","dispatcher_id":"dsp_01m2r121qywz39fbe4zfrh7abe","instance":"chaos-b","pid":293343,"lease_ttl_seconds":6,"target":"tachyon_serverless_application::services::dispatcher"}
{"timestamp":"2026-09-17T15:51:41.057597Z","level":"INFO","message":"application bootstrapped","profile":"dev","provider":"firecracker","dev_only":false,"environment_reuse":true,"reuse_verified":true,"reuse_reason":"the provider reports both idle capabilities as supported and [pool] enabled is true","reuse_disabled":"None","idle_quiesce":"supported","idle_resume":"supported","data_dir":"/home/takanorifukuyama.guest/w/tsls-chaos.I75ht0/data","store":"sqlite","dispatcher_id":"dsp_01m2r121qywz39fbe4zfrh7abe","node":"local","node_region":"none","node_memory_mib":"None","max_concurrency":8,"queue":"nats","objects":"filesystem","invoke_async":true,"triggers":true,"target":"tachyon_serverless_application::app"}
{"timestamp":"2026-09-17T15:51:41.060575Z","level":"INFO","message":"startup reconcile finished","provider":"firecracker","found":0,"adopted":0,"terminated":0,"disowned":0,"failed":0,"lost":0,"foreign":0,"reclaimed_dispatchers":0,"fenced_terminated":0,"fenced_pending":0,"target":"tachyon_serverless_application::services::reconcile"}
{"timestamp":"2026-09-17T15:51:41.060762Z","level":"INFO","message":"gateway listening","addr":"127.0.0.1:37113","profile":"dev","provider":"firecracker","target":"tachyon_serverless_gateway"}
{"timestamp":"2026-09-17T15:51:41.063327Z","level":"INFO","message":"asynchronous dispatcher started","workers":2,"owner":"dsp_01m2r121qywz39fbe4zfrh7abe","target":"tachyon_serverless_gateway"}
{"timestamp":"2026-09-17T15:51:46.062912Z","level":"INFO","message":"async dispatch: delivery handled","message_id":"inv_01m2r122nmer96qsz1aprd1x8e","sequence":1,"delivery_count":2,"outcome":"Skipped(\"claimed\")","target":"tachyon_serverless_application::services::invoke_async::dispatch"}
{"timestamp":"2026-09-17T15:51:46.064502Z","level":"INFO","message":"asynchronous run claimed","invocation_id":"inv_01m2r126jq6h1vcbdd9rvtc2vm","attempt":1,"generation":0,"delivery_count":1,"target":"tachyon_serverless_application::services::invoke_async::dispatch"}
{"timestamp":"2026-09-17T15:51:46.381625Z","level":"INFO","message":"firecracker spawned","env_id":"env_01m2r126mktsdvs132xbfqatq3","pid":293391,"instance_id":"env-01m2r126mktsdvs132xbfqatq3","jailed":true,"cgroup":"/sys/fs/cgroup/tachyon/env_01m2r126mktsdvs132xbfqatq3","target":"tachyon_serverless_provider_firecracker::provider"}
{"timestamp":"2026-09-17T15:51:46.401991Z","level":"INFO","message":"InstanceStart accepted","env_id":"env_01m2r126mktsdvs132xbfqatq3","vcpus":1,"mem_mib":256,"scratch_bytes":268435456,"target":"tachyon_serverless_provider_firecracker::provider"}
{"timestamp":"2026-09-17T15:51:48.046094Z","level":"INFO","message":"async dispatch: delivery handled","message_id":"inv_01m2r124m5kjnmy9zj53ta6b29","sequence":2,"delivery_count":2,"outcome":"Skipped(\"claimed\")","target":"tachyon_serverless_application::services::invoke_async::dispatch"}
{"timestamp":"2026-09-17T15:51:48.050148Z","level":"INFO","message":"asynchronous run claimed","invocation_id":"inv_01m2r128hccx11yds2ht8fa8tx","attempt":1,"generation":0,"delivery_count":1,"target":"tachyon_serverless_application::services::invoke_async::dispatch"}
{"timestamp":"2026-09-17T15:51:48.263239Z","level":"INFO","message":"firecracker spawned","env_id":"env_01m2r128jjgdhm75anfyavg4jv","pid":293404,"instance_id":"env-01m2r128jjgdhm75anfyavg4jv","jailed":true,"cgroup":"/sys/fs/cgroup/tachyon/env_01m2r128jjgdhm75anfyavg4jv","target":"tachyon_serverless_provider_firecracker::provider"}
{"timestamp":"2026-09-17T15:51:48.281251Z","level":"INFO","message":"InstanceStart accepted","env_id":"env_01m2r128jjgdhm75anfyavg4jv","vcpus":1,"mem_mib":256,"scratch_bytes":268435456,"target":"tachyon_serverless_provider_firecracker::provider"}
{"timestamp":"2026-09-17T15:52:06.845407Z","level":"INFO","message":"invocation finished","invocation_id":"inv_01m2r128hccx11yds2ht8fa8tx","status":"succeeded (async run)","handler_ms":499,"environment_boot_ms":16076,"runtime_init_ms":2201,"target":"tachyon_serverless_application::services::invoke"}
{"timestamp":"2026-09-17T15:52:06.855859Z","level":"INFO","message":"asynchronous invocation settled","invocation_id":"inv_01m2r128hccx11yds2ht8fa8tx","status":"succeeded","target":"tachyon_serverless_application::services::invoke_async::dispatch"}
{"timestamp":"2026-09-17T15:52:06.856551Z","level":"INFO","message":"async dispatch: delivery handled","message_id":"inv_01m2r128hccx11yds2ht8fa8tx","sequence":4,"delivery_count":1,"outcome":"Completed { status: \"succeeded\" }","target":"tachyon_serverless_application::services::invoke_async::dispatch"}
{"timestamp":"2026-09-17T15:52:07.492152Z","level":"INFO","message":"invocation finished","invocation_id":"inv_01m2r126jq6h1vcbdd9rvtc2vm","status":"succeeded (async run)","handler_ms":363,"environment_boot_ms":18993,"runtime_init_ms":1923,"target":"tachyon_serverless_application::services::invoke"}
{"timestamp":"2026-09-17T15:52:07.501068Z","level":"INFO","message":"asynchronous invocation settled","invocation_id":"inv_01m2r126jq6h1vcbdd9rvtc2vm","status":"succeeded","target":"tachyon_serverless_application::services::invoke_async::dispatch"}
{"timestamp":"2026-09-17T15:52:07.501781Z","level":"INFO","message":"async dispatch: delivery handled","message_id":"inv_01m2r126jq6h1vcbdd9rvtc2vm","sequence":3,"delivery_count":1,"outcome":"Completed { status: \"succeeded\" }","target":"tachyon_serverless_application::services::invoke_async::dispatch"}
{"timestamp":"2026-09-17T15:52:07.559126Z","level":"INFO","message":"cgroup stats at teardown","env_id":"env_01m2r126mktsdvs132xbfqatq3","cgroup":"/sys/fs/cgroup/tachyon/env_01m2r126mktsdvs132xbfqatq3","stats":"{\"cpu.max\":\"50000 100000\",\"cpu.stat\":{\"burst_usec\":0,\"core_sched.force_idle_usec\":0,\"nice_usec\":0,\"nr_bursts\":0,\"nr_periods\":213,\"nr_throttled\":212,\"system_usec\":5604030,\"throttled_usec\":9785224,\"usage_usec\":10659407,\"user_usec\":5055377},\"memory.current\":4153344,\"memory.events\":{\"high\":0,\"low\":0,\"max\":0,\"oom\":0,\"oom_group_kill\":0,\"oom_kill\":0,\"sock_throttled\":0},\"memory.max\":335544320,\"memory.peak\":42594304,\"pids.max\":64,\"pids.peak\":3}","target":"tachyon_serverless_provider_firecracker::provider"}
{"timestamp":"2026-09-17T15:52:07.563913Z","level":"INFO","message":"environment terminated","env_id":"env_01m2r126mktsdvs132xbfqatq3","reason":"Quiesced","was_running":true,"target":"tachyon_serverless_provider_firecracker::provider"}
{"timestamp":"2026-09-17T15:52:08.022758Z","level":"INFO","message":"asynchronous run claimed","invocation_id":"inv_01m2r12w24pt3mffkqs5pzz8cy","attempt":1,"generation":0,"delivery_count":1,"target":"tachyon_serverless_application::services::invoke_async::dispatch"}
{"timestamp":"2026-09-17T15:52:08.129399Z","level":"INFO","message":"invocation finished","invocation_id":"inv_01m2r12w24pt3mffkqs5pzz8cy","status":"succeeded (async run)","handler_ms":93,"environment_boot_ms":0,"runtime_init_ms":0,"target":"tachyon_serverless_application::services::invoke"}
{"timestamp":"2026-09-17T15:52:08.142939Z","level":"INFO","message":"asynchronous invocation settled","invocation_id":"inv_01m2r12w24pt3mffkqs5pzz8cy","status":"succeeded","target":"tachyon_serverless_application::services::invoke_async::dispatch"}
{"timestamp":"2026-09-17T15:52:08.147419Z","level":"INFO","message":"async dispatch: delivery handled","message_id":"inv_01m2r12w24pt3mffkqs5pzz8cy","sequence":14,"delivery_count":1,"outcome":"Completed { status: \"succeeded\" }","target":"tachyon_serverless_application::services::invoke_async::dispatch"}
{"timestamp":"2026-09-17T15:52:08.455095Z","level":"INFO","message":"asynchronous run claimed","invocation_id":"inv_01m2r12wepk0qagat5tps3rv6n","attempt":1,"generation":0,"delivery_count":1,"target":"tachyon_serverless_application::services::invoke_async::dispatch"}
{"timestamp":"2026-09-17T15:52:08.487444Z","level":"INFO","message":"asynchronous run claimed","invocation_id":"inv_01m2r12wghq0ekf835bv4hv6xd","attempt":1,"generation":0,"delivery_count":1,"target":"tachyon_serverless_application::services::invoke_async::dispatch"}
{"timestamp":"2026-09-17T15:52:08.659474Z","level":"INFO","message":"egress policy installed and verified","env_id":"env_01m2r12wg79mrn0cm3skf3sx03","egress":"restricted","tap":"tsls4557d08cd25","guest_ip":"172.30.0.2","rules":5,"ms":48,"target":"tachyon_serverless_provider_firecracker::provider"}
{"timestamp":"2026-09-17T15:52:08.701864Z","level":"INFO","message":"firecracker spawned","env_id":"env_01m2r12wg79mrn0cm3skf3sx03","pid":293528,"instance_id":"env-01m2r12wg79mrn0cm3skf3sx03","jailed":true,"cgroup":"/sys/fs/cgroup/tachyon/env_01m2r12wg79mrn0cm3skf3sx03","target":"tachyon_serverless_provider_firecracker::provider"}
{"timestamp":"2026-09-17T15:52:08.718746Z","level":"INFO","message":"egress policy installed and verified","env_id":"env_01m2r12whc8b66x4fazva197n7","egress":"restricted","tap":"tslsa54cb837380","guest_ip":"172.30.0.6","rules":5,"ms":41,"target":"tachyon_serverless_provider_firecracker::provider"}
{"timestamp":"2026-09-17T15:52:08.737324Z","level":"INFO","message":"invocation finished","invocation_id":"inv_01m2r12wkgh8y8r0nzpws21rfs","status":"succeeded","handler_ms":157,"environment_boot_ms":0,"runtime_init_ms":0,"target":"tachyon_serverless_application::services::invoke"}
{"timestamp":"2026-09-17T15:52:08.740272Z","level":"INFO","message":"firecracker spawned","env_id":"env_01m2r12whc8b66x4fazva197n7","pid":293540,"instance_id":"env-01m2r12whc8b66x4fazva197n7","jailed":true,"cgroup":"/sys/fs/cgroup/tachyon/env_01m2r12whc8b66x4fazva197n7","target":"tachyon_serverless_provider_firecracker::provider"}
{"timestamp":"2026-09-17T15:52:08.792002Z","level":"INFO","message":"InstanceStart accepted","env_id":"env_01m2r12wg79mrn0cm3skf3sx03","vcpus":1,"mem_mib":256,"scratch_bytes":268435456,"target":"tachyon_serverless_provider_firecracker::provider"}
{"timestamp":"2026-09-17T15:52:08.792224Z","level":"INFO","message":"InstanceStart accepted","env_id":"env_01m2r12whc8b66x4fazva197n7","vcpus":1,"mem_mib":256,"scratch_bytes":268435456,"target":"tachyon_serverless_provider_firecracker::provider"}
{"timestamp":"2026-09-17T15:52:08.840268Z","level":"INFO","message":"asynchronous invocation accepted","invocation_id":"inv_01m2r12ww1ynhwaz84vgcpyhra","tenant_id":"tn_01hzzzzzzzzzzzzzzzzzzzzzza","revision_id":"rev_01m2r120h3yexkbqr8fztk53b5","input_bytes":49,"input_storage":"inline","target":"tachyon_serverless_application::services::invoke_async"}
{"timestamp":"2026-09-17T15:52:08.911554Z","level":"INFO","message":"asynchronous invocation accepted","invocation_id":"inv_01m2r12wy36kq6sseqc99p337r","tenant_id":"tn_01hzzzzzzzzzzzzzzzzzzzzzza","revision_id":"rev_01m2r120h3yexkbqr8fztk53b5","input_bytes":4129,"input_storage":"object","target":"tachyon_serverless_application::services::invoke_async"}
{"timestamp":"2026-09-17T15:52:08.994575Z","level":"INFO","message":"asynchronous invocation accepted","invocation_id":"inv_01m2r12x0zdm4db2ef7x30r96x","tenant_id":"tn_01hzzzzzzzzzzzzzzzzzzzzzza","revision_id":"rev_01m2r12108bwn5yjhw5ffk66dc","input_bytes":193,"input_storage":"inline","target":"tachyon_serverless_application::services::invoke_async"}
{"timestamp":"2026-09-17T15:52:08.994912Z","level":"INFO","message":"webhook trigger fired","trigger_id":"trg_01m2r121nx93c11vvybrq95ms5","event_id":"evt-pre-b-w1","invocation_id":"inv_01m2r12x0zdm4db2ef7x30r96x","revision_id":"rev_01m2r12108bwn5yjhw5ffk66dc","replayed":false,"target":"tachyon_serverless_application::services::triggers"}
{"timestamp":"2026-09-17T15:52:14.938591Z","level":"INFO","message":"object retention pass","report":"GcReport { examined: 2, collected_expired: 0, collected_orphans: 0, kept_in_use: 2, kept_referenced: 0, incomplete_removed: 0, tombstones_purged: 0, failed: 0 }","target":"tachyon_serverless_gateway"}
{"timestamp":"2026-09-17T15:52:16.947865Z","level":"INFO","message":"object retention pass","report":"GcReport { examined: 2, collected_expired: 0, collected_orphans: 0, kept_in_use: 2, kept_referenced: 0, incomplete_removed: 0, tombstones_purged: 0, failed: 0 }","target":"tachyon_serverless_gateway"}
{"timestamp":"2026-09-17T15:52:18.928259Z","level":"INFO","message":"object retention pass","report":"GcReport { examined: 2, collected_expired: 0, collected_orphans: 0, kept_in_use: 2, kept_referenced: 0, incomplete_removed: 0, tombstones_purged: 0, failed: 0 }","target":"tachyon_serverless_gateway"}
{"timestamp":"2026-09-17T15:52:20.931581Z","level":"INFO","message":"object retention pass","report":"GcReport { examined: 2, collected_expired: 0, collected_orphans: 0, kept_in_use: 2, kept_referenced: 0, incomplete_removed: 0, tombstones_purged: 0, failed: 0 }","target":"tachyon_serverless_gateway"}
{"timestamp":"2026-09-17T15:52:22.937216Z","level":"INFO","message":"object retention pass","report":"GcReport { examined: 2, collected_expired: 0, collected_orphans: 0, kept_in_use: 2, kept_referenced: 0, incomplete_removed: 0, tombstones_purged: 0, failed: 0 }","target":"tachyon_serverless_gateway"}
{"timestamp":"2026-09-17T15:52:24.948425Z","level":"INFO","message":"object retention pass","report":"GcReport { examined: 2, collected_expired: 0, collected_orphans: 0, kept_in_use: 2, kept_referenced: 0, incomplete_removed: 0, tombstones_purged: 0, failed: 0 }","target":"tachyon_serverless_gateway"}
{"timestamp":"2026-09-17T15:52:26.927787Z","level":"INFO","message":"object retention pass","report":"GcReport { examined: 2, collected_expired: 0, collected_orphans: 0, kept_in_use: 2, kept_referenced: 0, incomplete_removed: 0, tombstones_purged: 0, failed: 0 }","target":"tachyon_serverless_gateway"}
{"timestamp":"2026-09-17T15:52:28.560574Z","level":"INFO","message":"invocation finished","invocation_id":"inv_01m2r12wghq0ekf835bv4hv6xd","status":"succeeded (async run)","handler_ms":808,"environment_boot_ms":17513,"runtime_init_ms":1591,"target":"tachyon_serverless_application::services::invoke"}
{"timestamp":"2026-09-17T15:52:28.587576Z","level":"INFO","message":"asynchronous invocation settled","invocation_id":"inv_01m2r12wghq0ekf835bv4hv6xd","status":"succeeded","target":"tachyon_serverless_application::services::invoke_async::dispatch"}
{"timestamp":"2026-09-17T15:52:28.604132Z","level":"INFO","message":"async dispatch: delivery handled","message_id":"inv_01m2r12wghq0ekf835bv4hv6xd","sequence":16,"delivery_count":1,"outcome":"Completed { status: \"succeeded\" }","target":"tachyon_serverless_application::services::invoke_async::dispatch"}
{"timestamp":"2026-09-17T15:52:28.609035Z","level":"INFO","message":"async dispatch: delivery handled","message_id":"inv_01m2r12wepk0qagat5tps3rv6n","sequence":15,"delivery_count":2,"outcome":"Skipped(\"claimed\")","target":"tachyon_serverless_application::services::invoke_async::dispatch"}
{"timestamp":"2026-09-17T15:52:28.616796Z","level":"INFO","message":"async dispatch: delivery handled","message_id":"inv_01m2r12ww1ynhwaz84vgcpyhra","sequence":18,"delivery_count":2,"outcome":"Skipped(\"claimed\")","target":"tachyon_serverless_application::services::invoke_async::dispatch"}
{"timestamp":"2026-09-17T15:52:28.626169Z","level":"INFO","message":"async dispatch: delivery handled","message_id":"inv_01m2r12wy36kq6sseqc99p337r","sequence":19,"delivery_count":2,"outcome":"Skipped(\"claimed\")","target":"tachyon_serverless_application::services::invoke_async::dispatch"}
{"timestamp":"2026-09-17T15:52:28.631462Z","level":"INFO","message":"asynchronous run claimed","invocation_id":"inv_01m2r12x0zdm4db2ef7x30r96x","attempt":1,"generation":0,"delivery_count":1,"target":"tachyon_serverless_application::services::invoke_async::dispatch"}
{"timestamp":"2026-09-17T15:52:28.931206Z","level":"INFO","message":"object retention pass","report":"GcReport { examined: 2, collected_expired: 0, collected_orphans: 0, kept_in_use: 1, kept_referenced: 1, incomplete_removed: 0, tombstones_purged: 0, failed: 0 }","target":"tachyon_serverless_gateway"}
{"timestamp":"2026-09-17T15:52:29.037275Z","level":"INFO","message":"invocation finished","invocation_id":"inv_01m2r12x0zdm4db2ef7x30r96x","status":"succeeded (async run)","handler_ms":318,"environment_boot_ms":0,"runtime_init_ms":0,"target":"tachyon_serverless_application::services::invoke"}
{"timestamp":"2026-09-17T15:52:29.051744Z","level":"INFO","message":"asynchronous invocation settled","invocation_id":"inv_01m2r12x0zdm4db2ef7x30r96x","status":"succeeded","target":"tachyon_serverless_application::services::invoke_async::dispatch"}
{"timestamp":"2026-09-17T15:52:29.055727Z","level":"INFO","message":"async dispatch: delivery handled","message_id":"inv_01m2r12x0zdm4db2ef7x30r96x","sequence":20,"delivery_count":1,"outcome":"Completed { status: \"succeeded\" }","target":"tachyon_serverless_application::services::invoke_async::dispatch"}
{"timestamp":"2026-09-17T15:52:30.931557Z","level":"INFO","message":"object retention pass","report":"GcReport { examined: 2, collected_expired: 0, collected_orphans: 0, kept_in_use: 1, kept_referenced: 1, incomplete_removed: 0, tombstones_purged: 0, failed: 0 }","target":"tachyon_serverless_gateway"}
{"timestamp":"2026-09-17T15:52:33.007629Z","level":"INFO","message":"object retention pass","report":"GcReport { examined: 2, collected_expired: 0, collected_orphans: 0, kept_in_use: 1, kept_referenced: 1, incomplete_removed: 0, tombstones_purged: 0, failed: 0 }","target":"tachyon_serverless_gateway"}
{"timestamp":"2026-09-17T15:52:33.079463Z","level":"INFO","message":"invocation finished","invocation_id":"inv_01m2r12wepk0qagat5tps3rv6n","status":"succeeded (async run)","handler_ms":785,"environment_boot_ms":21765,"runtime_init_ms":1897,"target":"tachyon_serverless_application::services::invoke"}
{"timestamp":"2026-09-17T15:52:33.695307Z","level":"INFO","message":"asynchronous invocation settled","invocation_id":"inv_01m2r12wepk0qagat5tps3rv6n","status":"succeeded","target":"tachyon_serverless_application::services::invoke_async::dispatch"}
{"timestamp":"2026-09-17T15:52:33.679372Z","level":"INFO","message":"async dispatch: delivery handled","message_id":"inv_01m2r12wepk0qagat5tps3rv6n","sequence":15,"delivery_count":1,"outcome":"Completed { status: \"succeeded\" }","target":"tachyon_serverless_application::services::invoke_async::dispatch"}
{"timestamp":"2026-09-17T15:52:33.731790Z","level":"INFO","message":"cgroup stats at teardown","env_id":"env_01m2r12wg79mrn0cm3skf3sx03","cgroup":"/sys/fs/cgroup/tachyon/env_01m2r12wg79mrn0cm3skf3sx03","stats":"{\"cpu.max\":\"50000 100000\",\"cpu.stat\":{\"burst_usec\":0,\"core_sched.force_idle_usec\":0,\"nice_usec\":0,\"nr_bursts\":0,\"nr_periods\":250,\"nr_throttled\":241,\"system_usec\":6667089,\"throttled_usec\":11003961,\"usage_usec\":12128881,\"user_usec\":5461791},\"memory.current\":4046848,\"memory.events\":{\"high\":0,\"low\":0,\"max\":0,\"oom\":0,\"oom_group_kill\":0,\"oom_kill\":0,\"sock_throttled\":0},\"memory.max\":335544320,\"memory.peak\":43155456,\"pids.max\":64,\"pids.peak\":3}","target":"tachyon_serverless_provider_firecracker::provider"}
{"timestamp":"2026-09-17T15:52:34.035140Z","level":"INFO","message":"egress policy counters at teardown","env_id":"env_01m2r12wg79mrn0cm3skf3sx03","counters":"table inet tachyon_egress {\n\tchain g_tsls4557d08cd25 {\n\t\tmeta nfproto != ipv4 counter packets 0 bytes 0 drop\n\t\tip saddr != 172.30.0.2 counter packets 0 bytes 0 drop\n\t\tip daddr @blocked_ipv4 counter packets 0 bytes 0 drop\n\t\tip daddr 192.31.196.2 tcp dport 8787 counter packets 16 bytes 1423 accept\n\t\tcounter packets 0 bytes 0 drop\n\t}\n}\n","target":"tachyon_serverless_provider_firecracker::provider"}
{"timestamp":"2026-09-17T15:52:34.059029Z","level":"INFO","message":"environment terminated","env_id":"env_01m2r12wg79mrn0cm3skf3sx03","reason":"Quiesced","was_running":true,"target":"tachyon_serverless_provider_firecracker::provider"}
{"timestamp":"2026-09-17T15:52:34.884275Z","level":"INFO","message":"object retention pass","report":"GcReport { examined: 2, collected_expired: 0, collected_orphans: 0, kept_in_use: 1, kept_referenced: 1, incomplete_removed: 0, tombstones_purged: 0, failed: 0 }","target":"tachyon_serverless_gateway"}
{"timestamp":"2026-09-17T15:52:36.787270Z","level":"INFO","message":"object retention pass","report":"GcReport { examined: 2, collected_expired: 0, collected_orphans: 0, kept_in_use: 1, kept_referenced: 1, incomplete_removed: 0, tombstones_purged: 0, failed: 0 }","target":"tachyon_serverless_gateway"}
{"timestamp":"2026-09-17T15:52:43.404003Z","level":"WARN","message":"outbox: claiming failed","error":"store: database is locked","target":"tachyon_serverless_application::services::invoke_async::publisher"}
{"timestamp":"2026-09-17T15:52:48.431163Z","level":"WARN","message":"object gc: claim failed","object":"obj_01m2r12wy4ye8cmwzzz3xkq2te","error":"store: the store connection stayed busy for 5 s (database locked?)","target":"tachyon_serverless_application::durable::gc"}
{"timestamp":"2026-09-17T15:52:48.431174Z","level":"WARN","message":"dispatcher heartbeat failed","error":"store: the store connection stayed busy for 5 s (database locked?)","target":"tachyon_serverless_application::app"}
{"timestamp":"2026-09-17T15:52:48.740965Z","level":"WARN","message":"cannot take the trigger scheduler lease","error":"store: database is locked","target":"tachyon_serverless_application::services::triggers"}
{"timestamp":"2026-09-17T15:52:53.431816Z","level":"WARN","message":"object gc: claim failed","object":"obj_01m2r12wghrqth7jebrwmcey3q","error":"store: the store connection stayed busy for 5 s (database locked?)","target":"tachyon_serverless_application::durable::gc"}
{"timestamp":"2026-09-17T15:52:53.432664Z","level":"WARN","message":"cannot list dispatchers","error":"store: the store connection stayed busy for 5 s (database locked?)","target":"tachyon_serverless_application::services::dispatcher"}
{"timestamp":"2026-09-17T15:52:53.926903Z","level":"WARN","message":"in-process configuration refresh failed","error":"control plane unavailable: ledger: store: database is locked","target":"tachyon_serverless_application::control::cache"}
{"timestamp":"2026-09-17T15:52:58.745275Z","level":"WARN","message":"outbox: purging sent rows failed","error":"store: the store connection stayed busy for 5 s (database locked?)","target":"tachyon_serverless_application::services::invoke_async::publisher"}
{"timestamp":"2026-09-17T15:52:58.927674Z","level":"WARN","message":"cannot list idle environments","error":"store: the store connection stayed busy for 5 s (database locked?)","target":"tachyon_serverless_application::services::pool"}
{"timestamp":"2026-09-17T15:52:58.984462Z","level":"WARN","message":"object gc: purging tombstones failed","error":"store: database is locked","target":"tachyon_serverless_application::durable::gc"}
{"timestamp":"2026-09-17T15:52:58.984646Z","level":"INFO","message":"object retention pass","report":"GcReport { examined: 2, collected_expired: 0, collected_orphans: 0, kept_in_use: 0, kept_referenced: 0, incomplete_removed: 0, tombstones_purged: 0, failed: 3 }","target":"tachyon_serverless_gateway"}
{"timestamp":"2026-09-17T15:53:03.613796Z","level":"WARN","message":"outbox: claiming failed","error":"store: the store connection stayed busy for 5 s (database locked?)","target":"tachyon_serverless_application::services::invoke_async::publisher"}
{"timestamp":"2026-09-17T15:53:03.854639Z","level":"WARN","message":"object gc: claim failed","object":"obj_01m2r12wy4ye8cmwzzz3xkq2te","error":"store: the store connection stayed busy for 5 s (database locked?)","target":"tachyon_serverless_application::durable::gc"}
{"timestamp":"2026-09-17T15:53:04.088173Z","level":"WARN","message":"dispatcher heartbeat failed","error":"store: database is locked","target":"tachyon_serverless_application::app"}
{"timestamp":"2026-09-17T15:53:08.855229Z","level":"WARN","message":"object gc: claim failed","object":"obj_01m2r12wghrqth7jebrwmcey3q","error":"store: the store connection stayed busy for 5 s (database locked?)","target":"tachyon_serverless_application::durable::gc"}
{"timestamp":"2026-09-17T15:53:09.089010Z","level":"WARN","message":"cannot list dispatchers","error":"store: the store connection stayed busy for 5 s (database locked?)","target":"tachyon_serverless_application::services::dispatcher"}
{"timestamp":"2026-09-17T15:53:09.325604Z","level":"WARN","message":"cannot take the trigger scheduler lease","error":"store: database is locked","target":"tachyon_serverless_application::services::triggers"}
{"timestamp":"2026-09-17T15:53:14.326921Z","level":"WARN","message":"in-process configuration refresh failed","error":"control plane unavailable: ledger: store: the store connection stayed busy for 5 s (database locked?)","target":"tachyon_serverless_application::control::cache"}
{"timestamp":"2026-09-17T15:53:14.603721Z","level":"WARN","message":"object gc: purging tombstones failed","error":"store: database is locked","target":"tachyon_serverless_application::durable::gc"}
{"timestamp":"2026-09-17T15:53:14.603883Z","level":"INFO","message":"object retention pass","report":"GcReport { examined: 2, collected_expired: 0, collected_orphans: 0, kept_in_use: 0, kept_referenced: 0, incomplete_removed: 0, tombstones_purged: 0, failed: 3 }","target":"tachyon_serverless_gateway"}
{"timestamp":"2026-09-17T15:53:19.336133Z","level":"WARN","message":"outbox: claiming failed","error":"store: the store connection stayed busy for 5 s (database locked?)","target":"tachyon_serverless_application::services::invoke_async::publisher"}
{"timestamp":"2026-09-17T15:53:19.336129Z","level":"WARN","message":"cannot list idle environments","error":"store: the store connection stayed busy for 5 s (database locked?)","target":"tachyon_serverless_application::services::pool"}
{"timestamp":"2026-09-17T15:53:19.605675Z","level":"WARN","message":"cannot take the trigger scheduler lease","error":"store: the store connection stayed busy for 5 s (database locked?)","target":"tachyon_serverless_application::services::triggers"}
{"timestamp":"2026-09-17T15:53:19.769982Z","level":"WARN","message":"dispatcher heartbeat failed","error":"store: database is locked","target":"tachyon_serverless_application::app"}
{"timestamp":"2026-09-17T15:53:24.771227Z","level":"WARN","message":"cannot list dispatchers","error":"store: the store connection stayed busy for 5 s (database locked?)","target":"tachyon_serverless_application::services::dispatcher"}
{"timestamp":"2026-09-17T15:53:24.965465Z","level":"WARN","message":"object gc: claim failed","object":"obj_01m2r12wy4ye8cmwzzz3xkq2te","error":"store: database is locked","target":"tachyon_serverless_application::durable::gc"}
{"timestamp":"2026-09-17T15:53:29.971088Z","level":"WARN","message":"object gc: claim failed","object":"obj_01m2r12wghrqth7jebrwmcey3q","error":"store: the store connection stayed busy for 5 s (database locked?)","target":"tachyon_serverless_application::durable::gc"}
{"timestamp":"2026-09-17T15:53:29.971204Z","level":"WARN","message":"async reaper: settle failed","invocation_id":"inv_01m2r12wy36kq6sseqc99p337r","error":"Host.StoreUnavailable: storage: the store connection stayed busy for 5 s (database locked?)","target":"tachyon_serverless_application::services::invoke_async::dispatch"}
{"timestamp":"2026-09-17T15:53:29.971343Z","level":"INFO","message":"async reaper pass","report":"ReapReport { examined: 1, abandoned: 1, republished: 0, dead_lettered: 0, lost: 0, failed: 1 }","target":"tachyon_serverless_application::services::invoke_async::dispatch"}
{"timestamp":"2026-09-17T15:53:34.829470Z","level":"WARN","message":"object gc: purging tombstones failed","error":"store: the store connection stayed busy for 5 s (database locked?)","target":"tachyon_serverless_application::durable::gc"}
{"timestamp":"2026-09-17T15:53:34.829616Z","level":"INFO","message":"object retention pass","report":"GcReport { examined: 2, collected_expired: 0, collected_orphans: 0, kept_in_use: 0, kept_referenced: 0, incomplete_removed: 0, tombstones_purged: 0, failed: 3 }","target":"tachyon_serverless_gateway"}
{"timestamp":"2026-09-17T15:53:34.831166Z","level":"WARN","message":"outbox: claiming failed","error":"store: the store connection stayed busy for 5 s (database locked?)","target":"tachyon_serverless_application::services::invoke_async::publisher"}
{"timestamp":"2026-09-17T15:53:35.300531Z","level":"WARN","message":"in-process configuration refresh failed","error":"control plane unavailable: ledger: store: database is locked","target":"tachyon_serverless_application::control::cache"}
{"timestamp":"2026-09-17T15:53:39.834334Z","level":"WARN","message":"object gc: claim failed","object":"obj_01m2r12wy4ye8cmwzzz3xkq2te","error":"store: the store connection stayed busy for 5 s (database locked?)","target":"tachyon_serverless_application::durable::gc"}
{"timestamp":"2026-09-17T15:53:40.052041Z","level":"WARN","message":"dispatcher heartbeat failed","error":"store: the store connection stayed busy for 5 s (database locked?)","target":"tachyon_serverless_application::app"}
{"timestamp":"2026-09-17T15:53:40.304258Z","level":"WARN","message":"cannot list idle environments","error":"store: the store connection stayed busy for 5 s (database locked?)","target":"tachyon_serverless_application::services::pool"}
{"timestamp":"2026-09-17T15:53:40.525376Z","level":"WARN","message":"cannot take the trigger scheduler lease","error":"store: database is locked","target":"tachyon_serverless_application::services::triggers"}
{"timestamp":"2026-09-17T15:53:45.052988Z","level":"WARN","message":"cannot list dispatchers","error":"store: the store connection stayed busy for 5 s (database locked?)","target":"tachyon_serverless_application::services::dispatcher"}
{"timestamp":"2026-09-17T15:53:45.715934Z","level":"WARN","message":"object gc: claim failed","object":"obj_01m2r12wghrqth7jebrwmcey3q","error":"store: database is locked","target":"tachyon_serverless_application::durable::gc"}
{"timestamp":"2026-09-17T15:53:50.716473Z","level":"WARN","message":"object gc: purging tombstones failed","error":"store: the store connection stayed busy for 5 s (database locked?)","target":"tachyon_serverless_application::durable::gc"}
{"timestamp":"2026-09-17T15:53:50.716630Z","level":"INFO","message":"object retention pass","report":"GcReport { examined: 2, collected_expired: 0, collected_orphans: 0, kept_in_use: 0, kept_referenced: 0, incomplete_removed: 0, tombstones_purged: 0, failed: 3 }","target":"tachyon_serverless_gateway"}
{"timestamp":"2026-09-17T15:53:55.537900Z","level":"WARN","message":"outbox: claiming failed","error":"store: the store connection stayed busy for 5 s (database locked?)","target":"tachyon_serverless_application::services::invoke_async::publisher"}
{"timestamp":"2026-09-17T15:53:55.718959Z","level":"WARN","message":"cannot take the trigger scheduler lease","error":"store: the store connection stayed busy for 5 s (database locked?)","target":"tachyon_serverless_application::services::triggers"}
{"timestamp":"2026-09-17T15:53:56.028815Z","level":"WARN","message":"in-process configuration refresh failed","error":"control plane unavailable: ledger: store: database is locked","target":"tachyon_serverless_application::control::cache"}
{"timestamp":"2026-09-17T15:54:00.868633Z","level":"WARN","message":"dispatcher heartbeat failed","error":"store: the store connection stayed busy for 5 s (database locked?)","target":"tachyon_serverless_application::app"}
{"timestamp":"2026-09-17T15:54:01.029727Z","level":"WARN","message":"cannot list idle environments","error":"store: the store connection stayed busy for 5 s (database locked?)","target":"tachyon_serverless_application::services::pool"}
{"timestamp":"2026-09-17T15:54:01.220244Z","level":"WARN","message":"object gc: claim failed","object":"obj_01m2r12wy4ye8cmwzzz3xkq2te","error":"store: database is locked","target":"tachyon_serverless_application::durable::gc"}
{"timestamp":"2026-09-17T15:54:06.090474Z","level":"WARN","message":"async reaper: settle failed","invocation_id":"inv_01m2r12wy36kq6sseqc99p337r","error":"Host.StoreUnavailable: storage: the store connection stayed busy for 5 s (database locked?)","target":"tachyon_serverless_application::services::invoke_async::dispatch"}
{"timestamp":"2026-09-17T15:54:06.090592Z","level":"INFO","message":"async reaper pass","report":"ReapReport { examined: 1, abandoned: 1, republished: 0, dead_lettered: 0, lost: 0, failed: 1 }","target":"tachyon_serverless_application::services::invoke_async::dispatch"}
{"timestamp":"2026-09-17T15:54:06.282910Z","level":"WARN","message":"object gc: claim failed","object":"obj_01m2r12wghrqth7jebrwmcey3q","error":"store: database is locked","target":"tachyon_serverless_application::durable::gc"}
{"timestamp":"2026-09-17T15:54:11.092426Z","level":"WARN","message":"outbox: purging sent rows failed","error":"store: the store connection stayed busy for 5 s (database locked?)","target":"tachyon_serverless_application::services::invoke_async::publisher"}
{"timestamp":"2026-09-17T15:54:11.285010Z","level":"WARN","message":"object gc: purging tombstones failed","error":"store: the store connection stayed busy for 5 s (database locked?)","target":"tachyon_serverless_application::durable::gc"}
{"timestamp":"2026-09-17T15:54:11.285207Z","level":"INFO","message":"object retention pass","report":"GcReport { examined: 2, collected_expired: 0, collected_orphans: 0, kept_in_use: 0, kept_referenced: 0, incomplete_removed: 0, tombstones_purged: 0, failed: 3 }","target":"tachyon_serverless_gateway"}
{"timestamp":"2026-09-17T15:54:11.458208Z","level":"WARN","message":"in-process configuration refresh failed","error":"control plane unavailable: ledger: store: database is locked","target":"tachyon_serverless_application::control::cache"}
{"timestamp":"2026-09-17T15:54:16.094203Z","level":"WARN","message":"outbox: claiming failed","error":"store: the store connection stayed busy for 5 s (database locked?)","target":"tachyon_serverless_application::services::invoke_async::publisher"}
{"timestamp":"2026-09-17T15:54:16.286673Z","level":"WARN","message":"async reaper: listing candidates failed","error":"store: the store connection stayed busy for 5 s (database locked?)","target":"tachyon_serverless_application::services::invoke_async::dispatch"}
{"timestamp":"2026-09-17T15:54:16.593805Z","level":"WARN","message":"dispatcher heartbeat failed","error":"store: database is locked","target":"tachyon_serverless_application::app"}
{"timestamp":"2026-09-17T15:54:21.296648Z","level":"WARN","message":"cannot take the trigger scheduler lease","error":"store: the store connection stayed busy for 5 s (database locked?)","target":"tachyon_serverless_application::services::triggers"}
{"timestamp":"2026-09-17T15:54:21.595159Z","level":"WARN","message":"cannot list dispatchers","error":"store: the store connection stayed busy for 5 s (database locked?)","target":"tachyon_serverless_application::services::dispatcher"}
{"timestamp":"2026-09-17T15:54:21.787968Z","level":"WARN","message":"object gc: claim failed","object":"obj_01m2r12wy4ye8cmwzzz3xkq2te","error":"store: database is locked","target":"tachyon_serverless_application::durable::gc"}
{"timestamp":"2026-09-17T15:54:26.461143Z","level":"WARN","message":"in-process configuration refresh failed","error":"control plane unavailable: ledger: store: the store connection stayed busy for 5 s (database locked?)","target":"tachyon_serverless_application::control::cache"}
{"timestamp":"2026-09-17T15:54:26.794819Z","level":"WARN","message":"outbox: claiming failed","error":"store: the store connection stayed busy for 5 s (database locked?)","target":"tachyon_serverless_application::services::invoke_async::publisher"}
{"timestamp":"2026-09-17T15:54:26.972270Z","level":"WARN","message":"object gc: claim failed","object":"obj_01m2r12wghrqth7jebrwmcey3q","error":"store: database is locked","target":"tachyon_serverless_application::durable::gc"}
{"timestamp":"2026-09-17T15:54:31.796171Z","level":"WARN","message":"cannot take the trigger scheduler lease","error":"store: the store connection stayed busy for 5 s (database locked?)","target":"tachyon_serverless_application::services::triggers"}
{"timestamp":"2026-09-17T15:54:31.980915Z","level":"WARN","message":"object gc: purging tombstones failed","error":"store: the store connection stayed busy for 5 s (database locked?)","target":"tachyon_serverless_application::durable::gc"}
{"timestamp":"2026-09-17T15:54:31.980983Z","level":"INFO","message":"object retention pass","report":"GcReport { examined: 2, collected_expired: 0, collected_orphans: 0, kept_in_use: 0, kept_referenced: 0, incomplete_removed: 0, tombstones_purged: 0, failed: 3 }","target":"tachyon_serverless_gateway"}
{"timestamp":"2026-09-17T15:54:32.165278Z","level":"WARN","message":"dispatcher heartbeat failed","error":"store: database is locked","target":"tachyon_serverless_application::app"}
{"timestamp":"2026-09-17T15:54:37.026488Z","level":"WARN","message":"async reaper: listing candidates failed","error":"store: the store connection stayed busy for 5 s (database locked?)","target":"tachyon_serverless_application::services::invoke_async::dispatch"}
{"timestamp":"2026-09-17T15:54:37.191273Z","level":"WARN","message":"object gc: claim failed","object":"obj_01m2r12wy4ye8cmwzzz3xkq2te","error":"store: database is locked","target":"tachyon_serverless_application::durable::gc"}
{"timestamp":"2026-09-17T15:54:42.201957Z","level":"WARN","message":"in-process configuration refresh failed","error":"control plane unavailable: ledger: store: the store connection stayed busy for 5 s (database locked?)","target":"tachyon_serverless_application::control::cache"}
{"timestamp":"2026-09-17T15:54:42.201944Z","level":"WARN","message":"object gc: claim failed","object":"obj_01m2r12wghrqth7jebrwmcey3q","error":"store: the store connection stayed busy for 5 s (database locked?)","target":"tachyon_serverless_application::durable::gc"}
{"timestamp":"2026-09-17T15:54:42.201960Z","level":"WARN","message":"dispatcher heartbeat failed","error":"store: the store connection stayed busy for 5 s (database locked?)","target":"tachyon_serverless_application::app"}
{"timestamp":"2026-09-17T15:54:42.381218Z","level":"WARN","message":"outbox: claiming failed","error":"store: database is locked","target":"tachyon_serverless_application::services::invoke_async::publisher"}
{"timestamp":"2026-09-17T15:54:47.202884Z","level":"WARN","message":"cannot list dispatchers","error":"store: the store connection stayed busy for 5 s (database locked?)","target":"tachyon_serverless_application::services::dispatcher"}
{"timestamp":"2026-09-17T15:54:47.385125Z","level":"WARN","message":"async reaper: listing candidates failed","error":"store: the store connection stayed busy for 5 s (database locked?)","target":"tachyon_serverless_application::services::invoke_async::dispatch"}
{"timestamp":"2026-09-17T15:54:47.590751Z","level":"WARN","message":"object gc: purging tombstones failed","error":"store: database is locked","target":"tachyon_serverless_application::durable::gc"}
{"timestamp":"2026-09-17T15:54:47.590821Z","level":"INFO","message":"object retention pass","report":"GcReport { examined: 2, collected_expired: 0, collected_orphans: 0, kept_in_use: 0, kept_referenced: 0, incomplete_removed: 0, tombstones_purged: 0, failed: 3 }","target":"tachyon_serverless_gateway"}
{"timestamp":"2026-09-17T15:54:52.388161Z","level":"WARN","message":"cannot take the trigger scheduler lease","error":"store: the store connection stayed busy for 5 s (database locked?)","target":"tachyon_serverless_application::services::triggers"}
{"timestamp":"2026-09-17T15:54:52.596833Z","level":"WARN","message":"object gc: claim failed","object":"obj_01m2r12wy4ye8cmwzzz3xkq2te","error":"store: the store connection stayed busy for 5 s (database locked?)","target":"tachyon_serverless_application::durable::gc"}
{"timestamp":"2026-09-17T15:54:57.778848Z","level":"WARN","message":"in-process configuration refresh failed","error":"control plane unavailable: ledger: store: the store connection stayed busy for 5 s (database locked?)","target":"tachyon_serverless_application::control::cache"}
{"timestamp":"2026-09-17T15:54:57.778911Z","level":"WARN","message":"async reaper: listing candidates failed","error":"store: the store connection stayed busy for 5 s (database locked?)","target":"tachyon_serverless_application::services::invoke_async::dispatch"}
{"timestamp":"2026-09-17T15:54:57.971793Z","level":"WARN","message":"object gc: claim failed","object":"obj_01m2r12wghrqth7jebrwmcey3q","error":"store: database is locked","target":"tachyon_serverless_application::durable::gc"}
{"timestamp":"2026-09-17T15:55:02.779351Z","level":"WARN","message":"cannot list idle environments","error":"store: the store connection stayed busy for 5 s (database locked?)","target":"tachyon_serverless_application::services::pool"}
{"timestamp":"2026-09-17T15:55:02.779754Z","level":"WARN","message":"outbox: claiming failed","error":"store: the store connection stayed busy for 5 s (database locked?)","target":"tachyon_serverless_application::services::invoke_async::publisher"}
{"timestamp":"2026-09-17T15:55:02.974699Z","level":"WARN","message":"object gc: purging tombstones failed","error":"store: the store connection stayed busy for 5 s (database locked?)","target":"tachyon_serverless_application::durable::gc"}
{"timestamp":"2026-09-17T15:55:02.974769Z","level":"INFO","message":"object retention pass","report":"GcReport { examined: 2, collected_expired: 0, collected_orphans: 0, kept_in_use: 0, kept_referenced: 0, incomplete_removed: 0, tombstones_purged: 0, failed: 3 }","target":"tachyon_serverless_gateway"}
{"timestamp":"2026-09-17T15:55:03.191738Z","level":"WARN","message":"dispatcher heartbeat failed","error":"store: database is locked","target":"tachyon_serverless_application::app"}
{"timestamp":"2026-09-17T15:55:07.647648Z","level":"WARN","message":"async reaper: listing candidates failed","error":"store: the store connection stayed busy for 5 s (database locked?)","target":"tachyon_serverless_application::services::invoke_async::dispatch"}
{"timestamp":"2026-09-17T15:55:08.213400Z","level":"WARN","message":"cannot take the trigger scheduler lease","error":"store: database is locked","target":"tachyon_serverless_application::services::triggers"}
{"timestamp":"2026-09-17T15:55:11.429465Z","level":"INFO","message":"object retention pass","report":"GcReport { examined: 2, collected_expired: 0, collected_orphans: 0, kept_in_use: 1, kept_referenced: 1, incomplete_removed: 0, tombstones_purged: 0, failed: 0 }","target":"tachyon_serverless_gateway"}
{"timestamp":"2026-09-17T15:55:11.433675Z","level":"INFO","message":"object retention pass","report":"GcReport { examined: 2, collected_expired: 0, collected_orphans: 0, kept_in_use: 1, kept_referenced: 1, incomplete_removed: 0, tombstones_purged: 0, failed: 0 }","target":"tachyon_serverless_gateway"}
{"timestamp":"2026-09-17T15:55:11.440696Z","level":"INFO","message":"environment terminated","env_id":"env_01m2r128jjgdhm75anfyavg4jv","reason":"Reconcile","was_running":false,"target":"tachyon_serverless_provider_firecracker::provider"}
{"timestamp":"2026-09-17T15:55:11.441736Z","level":"INFO","message":"cgroup stats at teardown","env_id":"env_01m2r12whc8b66x4fazva197n7","cgroup":"/sys/fs/cgroup/tachyon/env_01m2r12whc8b66x4fazva197n7","stats":"{\"cpu.max\":\"50000 100000\",\"cpu.stat\":{\"burst_usec\":0,\"core_sched.force_idle_usec\":0,\"nice_usec\":0,\"nr_bursts\":0,\"nr_periods\":200,\"nr_throttled\":195,\"system_usec\":5319221,\"throttled_usec\":8765764,\"usage_usec\":9942567,\"user_usec\":4623346},\"memory.current\":4046848,\"memory.events\":{\"high\":0,\"low\":0,\"max\":0,\"oom\":0,\"oom_group_kill\":0,\"oom_kill\":0,\"sock_throttled\":0},\"memory.max\":335544320,\"memory.peak\":43102208,\"pids.max\":64,\"pids.peak\":3}","target":"tachyon_serverless_provider_firecracker::provider"}
{"timestamp":"2026-09-17T15:55:11.482902Z","level":"ERROR","message":"egress network teardown failed","env_id":"env_01m2r12whc8b66x4fazva197n7","error":"nft -f - failed (exit status: 1): /dev/stdin:1:49-65: Error: Could not process rule: No such file or directory\ndelete element inet tachyon_egress guest_taps { \"tslsa54cb837380\" }\n                                                ^^^^^^^^^^^^^^^^^\n/dev/stdin:2:34-50: Error: Could not process rule: No such file or directory\ndelete chain inet tachyon_egress g_tslsa54cb837380\n                                 ^^^^^^^^^^^^^^^^^\n--- script ---\ndelete element inet tachyon_egress guest_taps { \"tslsa54cb837380\" }\ndelete chain inet tachyon_egress g_tslsa54cb837380\n","target":"tachyon_serverless_provider_firecracker::provider"}
{"timestamp":"2026-09-17T15:55:11.488583Z","level":"INFO","message":"environment terminated","env_id":"env_01m2r12whc8b66x4fazva197n7","reason":"Reconcile","was_running":false,"target":"tachyon_serverless_provider_firecracker::provider"}
{"timestamp":"2026-09-17T15:55:11.496080Z","level":"INFO","message":"fenced environment terminated and settled","environment_id":"env_01m2r12whc8b66x4fazva197n7","owner":"Some(DispatcherId(dsp_01m2r121qywz39fbe4zfrh7abe))","was_running":false,"target":"tachyon_serverless_application::services::reconcile"}
{"timestamp":"2026-09-17T15:55:11.496966Z","level":"ERROR","message":"dispatcher lease lost: refusing new invocations; in-flight completions will be refused if another dispatcher reclaimed them","dispatcher_id":"dsp_01m2r121qywz39fbe4zfrh7abe","target":"tachyon_serverless_application::services::dispatcher"}
{"timestamp":"2026-09-17T15:55:11.502655Z","level":"WARN","message":"reclaimed the work of dispatchers that lost their lease","dispatcher_id":"dsp_01m2r121qywz39fbe4zfrh7abe","reclaimed_dispatchers":"[DispatcherId(dsp_01m2r11s6k0w4ggqaepzqjrvpj)]","leases":0,"invocations":0,"attempts":0,"fenced":3,"target":"tachyon_serverless_application::services::dispatcher"}
{"timestamp":"2026-09-17T15:55:11.560059Z","level":"INFO","message":"cgroup stats at teardown","env_id":"env_01m2r124mvjg2k5yq8wnxjhwg3","cgroup":"/sys/fs/cgroup/tachyon/env_01m2r124mvjg2k5yq8wnxjhwg3","stats":"{\"cpu.max\":\"50000 100000\",\"cpu.stat\":{\"burst_usec\":0,\"core_sched.force_idle_usec\":0,\"nice_usec\":0,\"nr_bursts\":0,\"nr_periods\":201,\"nr_throttled\":193,\"system_usec\":4955308,\"throttled_usec\":8480120,\"usage_usec\":9785242,\"user_usec\":4829934},\"memory.current\":3768320,\"memory.events\":{\"high\":0,\"low\":0,\"max\":0,\"oom\":0,\"oom_group_kill\":0,\"oom_kill\":0,\"sock_throttled\":0},\"memory.max\":335544320,\"memory.peak\":43311104,\"pids.max\":64,\"pids.peak\":3}","target":"tachyon_serverless_provider_firecracker::provider"}
{"timestamp":"2026-09-17T15:55:11.566350Z","level":"INFO","message":"environment terminated","env_id":"env_01m2r124mvjg2k5yq8wnxjhwg3","reason":"Reconcile","was_running":true,"target":"tachyon_serverless_provider_firecracker::provider"}
{"timestamp":"2026-09-17T15:55:11.570010Z","level":"INFO","message":"fenced environment terminated and settled","environment_id":"env_01m2r124mvjg2k5yq8wnxjhwg3","owner":"Some(DispatcherId(dsp_01m2r11s6k0w4ggqaepzqjrvpj))","was_running":true,"target":"tachyon_serverless_application::services::reconcile"}
{"timestamp":"2026-09-17T15:55:11.625363Z","level":"INFO","message":"cgroup stats at teardown","env_id":"env_01m2r12wx2f11e98cyaszy5z2h","cgroup":"/sys/fs/cgroup/tachyon/env_01m2r12wx2f11e98cyaszy5z2h","stats":"{\"cpu.max\":\"50000 100000\",\"cpu.stat\":{\"burst_usec\":0,\"core_sched.force_idle_usec\":0,\"nice_usec\":0,\"nr_bursts\":0,\"nr_periods\":285,\"nr_throttled\":272,\"system_usec\":7715385,\"throttled_usec\":12122884,\"usage_usec\":14030741,\"user_usec\":6315355},\"memory.current\":3801088,\"memory.events\":{\"high\":0,\"low\":0,\"max\":0,\"oom\":0,\"oom_group_kill\":0,\"oom_kill\":0,\"sock_throttled\":0},\"memory.max\":335544320,\"memory.peak\":43327488,\"pids.max\":64,\"pids.peak\":3}","target":"tachyon_serverless_provider_firecracker::provider"}
{"timestamp":"2026-09-17T15:55:11.668313Z","level":"INFO","message":"egress policy counters at teardown","env_id":"env_01m2r12wx2f11e98cyaszy5z2h","counters":"table inet tachyon_egress {\n\tchain g_tsls00a1bff62a4 {\n\t\tmeta nfproto != ipv4 counter packets 0 bytes 0 drop\n\t\tip saddr != 172.30.0.10 counter packets 0 bytes 0 drop\n\t\tip daddr @blocked_ipv4 counter packets 0 bytes 0 drop\n\t\tip daddr 192.31.196.2 tcp dport 8787 counter packets 15 bytes 1359 accept\n\t\tcounter packets 0 bytes 0 drop\n\t}\n}\n","target":"tachyon_serverless_provider_firecracker::provider"}
{"timestamp":"2026-09-17T15:55:11.670133Z","level":"INFO","message":"environment terminated","env_id":"env_01m2r12wx2f11e98cyaszy5z2h","reason":"Reconcile","was_running":true,"target":"tachyon_serverless_provider_firecracker::provider"}
{"timestamp":"2026-09-17T15:55:11.671569Z","level":"INFO","message":"cgroup stats at teardown","env_id":"env_01m2r12x5kfn1f5n42756ttj6x","cgroup":"/sys/fs/cgroup/tachyon/env_01m2r12x5kfn1f5n42756ttj6x","stats":"{\"cpu.max\":\"50000 100000\",\"cpu.stat\":{\"burst_usec\":0,\"core_sched.force_idle_usec\":0,\"nice_usec\":0,\"nr_bursts\":0,\"nr_periods\":691,\"nr_throttled\":431,\"system_usec\":9772491,\"throttled_usec\":19927428,\"usage_usec\":22048923,\"user_usec\":12276432},\"memory.current\":4120576,\"memory.events\":{\"high\":0,\"low\":0,\"max\":0,\"oom\":0,\"oom_group_kill\":0,\"oom_kill\":0,\"sock_throttled\":0},\"memory.max\":335544320,\"memory.peak\":43159552,\"pids.max\":64,\"pids.peak\":3}","target":"tachyon_serverless_provider_firecracker::provider"}
{"timestamp":"2026-09-17T15:55:11.678465Z","level":"INFO","message":"environment terminated","env_id":"env_01m2r12x5kfn1f5n42756ttj6x","reason":"Reconcile","was_running":false,"target":"tachyon_serverless_provider_firecracker::provider"}
{"timestamp":"2026-09-17T15:55:11.682411Z","level":"INFO","message":"fenced environment terminated and settled","environment_id":"env_01m2r12x5kfn1f5n42756ttj6x","owner":"Some(DispatcherId(dsp_01m2r11s6k0w4ggqaepzqjrvpj))","was_running":false,"target":"tachyon_serverless_application::services::reconcile"}
{"timestamp":"2026-09-17T15:55:11.832213Z","level":"INFO","message":"asynchronous run claimed","invocation_id":"inv_01m2r12wy36kq6sseqc99p337r","attempt":2,"generation":1,"delivery_count":1,"target":"tachyon_serverless_application::services::invoke_async::dispatch"}
{"timestamp":"2026-09-17T15:55:11.850678Z","level":"INFO","message":"asynchronous invocation rescheduled","invocation_id":"inv_01m2r12wy36kq6sseqc99p337r","next_attempt_at":"2026-09-17T15:55:11.964931108+00:00","counted":false,"error_type":"Host.DispatcherFenced","target":"tachyon_serverless_application::services::invoke_async::dispatch"}
{"timestamp":"2026-09-17T15:55:11.856593Z","level":"INFO","message":"async dispatch: delivery handled","message_id":"inv_01m2r12wy36kq6sseqc99p337r.g1","sequence":21,"delivery_count":1,"outcome":"Rescheduled { next_attempt_at: 2026-09-17T15:55:11.964931108Z, counted: false }","target":"tachyon_serverless_application::services::invoke_async::dispatch"}
{"timestamp":"2026-09-17T15:55:12.041895Z","level":"INFO","message":"asynchronous run claimed","invocation_id":"inv_01m2r12wy36kq6sseqc99p337r","attempt":2,"generation":2,"delivery_count":1,"target":"tachyon_serverless_application::services::invoke_async::dispatch"}
{"timestamp":"2026-09-17T15:55:12.049172Z","level":"INFO","message":"asynchronous invocation rescheduled","invocation_id":"inv_01m2r12wy36kq6sseqc99p337r","next_attempt_at":"2026-09-17T15:55:12.169330264+00:00","counted":false,"error_type":"Host.DispatcherFenced","target":"tachyon_serverless_application::services::invoke_async::dispatch"}
{"timestamp":"2026-09-17T15:55:12.053844Z","level":"INFO","message":"async dispatch: delivery handled","message_id":"inv_01m2r12wy36kq6sseqc99p337r.g2","sequence":22,"delivery_count":1,"outcome":"Rescheduled { next_attempt_at: 2026-09-17T15:55:12.169330264Z, counted: false }","target":"tachyon_serverless_application::services::invoke_async::dispatch"}
{"timestamp":"2026-09-17T15:55:12.083211Z","level":"INFO","message":"object retention pass","report":"GcReport { examined: 2, collected_expired: 0, collected_orphans: 0, kept_in_use: 1, kept_referenced: 1, incomplete_removed: 0, tombstones_purged: 0, failed: 0 }","target":"tachyon_serverless_gateway"}
{"timestamp":"2026-09-17T15:55:12.255821Z","level":"INFO","message":"asynchronous run claimed","invocation_id":"inv_01m2r12wy36kq6sseqc99p337r","attempt":2,"generation":3,"delivery_count":1,"target":"tachyon_serverless_application::services::invoke_async::dispatch"}
{"timestamp":"2026-09-17T15:55:12.260573Z","level":"INFO","message":"asynchronous invocation rescheduled","invocation_id":"inv_01m2r12wy36kq6sseqc99p337r","next_attempt_at":"2026-09-17T15:55:12.930929159+00:00","counted":false,"error_type":"Host.DispatcherFenced","target":"tachyon_serverless_application::services::invoke_async::dispatch"}
{"timestamp":"2026-09-17T15:55:12.265535Z","level":"INFO","message":"async dispatch: delivery handled","message_id":"inv_01m2r12wy36kq6sseqc99p337r.g3","sequence":23,"delivery_count":1,"outcome":"Rescheduled { next_attempt_at: 2026-09-17T15:55:12.930929159Z, counted: false }","target":"tachyon_serverless_application::services::invoke_async::dispatch"}
{"timestamp":"2026-09-17T15:55:13.001092Z","level":"INFO","message":"asynchronous run claimed","invocation_id":"inv_01m2r12wy36kq6sseqc99p337r","attempt":2,"generation":4,"delivery_count":1,"target":"tachyon_serverless_application::services::invoke_async::dispatch"}
{"timestamp":"2026-09-17T15:55:13.014765Z","level":"INFO","message":"asynchronous invocation rescheduled","invocation_id":"inv_01m2r12wy36kq6sseqc99p337r","next_attempt_at":"2026-09-17T15:55:13.630426715+00:00","counted":false,"error_type":"Host.DispatcherFenced","target":"tachyon_serverless_application::services::invoke_async::dispatch"}
{"timestamp":"2026-09-17T15:55:13.020974Z","level":"INFO","message":"async dispatch: delivery handled","message_id":"inv_01m2r12wy36kq6sseqc99p337r.g4","sequence":24,"delivery_count":1,"outcome":"Rescheduled { next_attempt_at: 2026-09-17T15:55:13.630426715Z, counted: false }","target":"tachyon_serverless_application::services::invoke_async::dispatch"}
{"timestamp":"2026-09-17T15:55:13.858575Z","level":"INFO","message":"asynchronous run claimed","invocation_id":"inv_01m2r12wy36kq6sseqc99p337r","attempt":2,"generation":5,"delivery_count":1,"target":"tachyon_serverless_application::services::invoke_async::dispatch"}
{"timestamp":"2026-09-17T15:55:13.861815Z","level":"INFO","message":"asynchronous invocation rescheduled","invocation_id":"inv_01m2r12wy36kq6sseqc99p337r","next_attempt_at":"2026-09-17T15:55:14.612669568+00:00","counted":false,"error_type":"Host.DispatcherFenced","target":"tachyon_serverless_application::services::invoke_async::dispatch"}
{"timestamp":"2026-09-17T15:55:13.863304Z","level":"INFO","message":"async dispatch: delivery handled","message_id":"inv_01m2r12wy36kq6sseqc99p337r.g5","sequence":25,"delivery_count":1,"outcome":"Rescheduled { next_attempt_at: 2026-09-17T15:55:14.612669568Z, counted: false }","target":"tachyon_serverless_application::services::invoke_async::dispatch"}
{"timestamp":"2026-09-17T15:55:14.082407Z","level":"INFO","message":"object retention pass","report":"GcReport { examined: 2, collected_expired: 0, collected_orphans: 0, kept_in_use: 1, kept_referenced: 1, incomplete_removed: 0, tombstones_purged: 0, failed: 0 }","target":"tachyon_serverless_gateway"}
{"timestamp":"2026-09-17T15:55:14.664059Z","level":"INFO","message":"asynchronous run claimed","invocation_id":"inv_01m2r12wy36kq6sseqc99p337r","attempt":2,"generation":6,"delivery_count":1,"target":"tachyon_serverless_application::services::invoke_async::dispatch"}
{"timestamp":"2026-09-17T15:55:14.666446Z","level":"INFO","message":"asynchronous invocation rescheduled","invocation_id":"inv_01m2r12wy36kq6sseqc99p337r","next_attempt_at":"2026-09-17T15:55:14.828508184+00:00","counted":false,"error_type":"Host.DispatcherFenced","target":"tachyon_serverless_application::services::invoke_async::dispatch"}
{"timestamp":"2026-09-17T15:55:14.667488Z","level":"INFO","message":"async dispatch: delivery handled","message_id":"inv_01m2r12wy36kq6sseqc99p337r.g6","sequence":26,"delivery_count":1,"outcome":"Rescheduled { next_attempt_at: 2026-09-17T15:55:14.828508184Z, counted: false }","target":"tachyon_serverless_application::services::invoke_async::dispatch"}
{"timestamp":"2026-09-17T15:55:14.873294Z","level":"INFO","message":"asynchronous run claimed","invocation_id":"inv_01m2r12wy36kq6sseqc99p337r","attempt":2,"generation":7,"delivery_count":1,"target":"tachyon_serverless_application::services::invoke_async::dispatch"}
{"timestamp":"2026-09-17T15:55:14.875919Z","level":"INFO","message":"asynchronous invocation rescheduled","invocation_id":"inv_01m2r12wy36kq6sseqc99p337r","next_attempt_at":"2026-09-17T15:55:15.869677392+00:00","counted":false,"error_type":"Host.DispatcherFenced","target":"tachyon_serverless_application::services::invoke_async::dispatch"}
{"timestamp":"2026-09-17T15:55:14.877801Z","level":"INFO","message":"async dispatch: delivery handled","message_id":"inv_01m2r12wy36kq6sseqc99p337r.g7","sequence":27,"delivery_count":1,"outcome":"Rescheduled { next_attempt_at: 2026-09-17T15:55:15.869677392Z, counted: false }","target":"tachyon_serverless_application::services::invoke_async::dispatch"}
{"timestamp":"2026-09-17T15:55:16.089672Z","level":"INFO","message":"object retention pass","report":"GcReport { examined: 2, collected_expired: 0, collected_orphans: 0, kept_in_use: 1, kept_referenced: 1, incomplete_removed: 0, tombstones_purged: 0, failed: 0 }","target":"tachyon_serverless_gateway"}
{"timestamp":"2026-09-17T15:55:16.633302Z","level":"INFO","message":"asynchronous run claimed","invocation_id":"inv_01m2r12wy36kq6sseqc99p337r","attempt":2,"generation":10,"delivery_count":1,"target":"tachyon_serverless_application::services::invoke_async::dispatch"}
{"timestamp":"2026-09-17T15:55:16.636735Z","level":"INFO","message":"asynchronous invocation rescheduled","invocation_id":"inv_01m2r12wy36kq6sseqc99p337r","next_attempt_at":"2026-09-17T15:55:16.734731920+00:00","counted":false,"error_type":"Host.DispatcherFenced","target":"tachyon_serverless_application::services::invoke_async::dispatch"}
{"timestamp":"2026-09-17T15:55:16.637924Z","level":"INFO","message":"async dispatch: delivery handled","message_id":"inv_01m2r12wy36kq6sseqc99p337r.g10","sequence":30,"delivery_count":1,"outcome":"Rescheduled { next_attempt_at: 2026-09-17T15:55:16.734731920Z, counted: false }","target":"tachyon_serverless_application::services::invoke_async::dispatch"}
{"timestamp":"2026-09-17T15:55:16.743787Z","level":"INFO","message":"asynchronous run claimed","invocation_id":"inv_01m2r12wy36kq6sseqc99p337r","attempt":2,"generation":11,"delivery_count":1,"target":"tachyon_serverless_application::services::invoke_async::dispatch"}
{"timestamp":"2026-09-17T15:55:16.748897Z","level":"INFO","message":"asynchronous invocation rescheduled","invocation_id":"inv_01m2r12wy36kq6sseqc99p337r","next_attempt_at":"2026-09-17T15:55:17.013197955+00:00","counted":false,"error_type":"Host.DispatcherFenced","target":"tachyon_serverless_application::services::invoke_async::dispatch"}
{"timestamp":"2026-09-17T15:55:16.749860Z","level":"INFO","message":"async dispatch: delivery handled","message_id":"inv_01m2r12wy36kq6sseqc99p337r.g11","sequence":31,"delivery_count":1,"outcome":"Rescheduled { next_attempt_at: 2026-09-17T15:55:17.013197955Z, counted: false }","target":"tachyon_serverless_application::services::invoke_async::dispatch"}
{"timestamp":"2026-09-17T15:55:17.041317Z","level":"INFO","message":"asynchronous run claimed","invocation_id":"inv_01m2r12wy36kq6sseqc99p337r","attempt":2,"generation":12,"delivery_count":1,"target":"tachyon_serverless_application::services::invoke_async::dispatch"}
{"timestamp":"2026-09-17T15:55:17.043556Z","level":"INFO","message":"asynchronous invocation rescheduled","invocation_id":"inv_01m2r12wy36kq6sseqc99p337r","next_attempt_at":"2026-09-17T15:55:17.171676830+00:00","counted":false,"error_type":"Host.DispatcherFenced","target":"tachyon_serverless_application::services::invoke_async::dispatch"}
{"timestamp":"2026-09-17T15:55:17.044587Z","level":"INFO","message":"async dispatch: delivery handled","message_id":"inv_01m2r12wy36kq6sseqc99p337r.g12","sequence":32,"delivery_count":1,"outcome":"Rescheduled { next_attempt_at: 2026-09-17T15:55:17.171676830Z, counted: false }","target":"tachyon_serverless_application::services::invoke_async::dispatch"}
{"timestamp":"2026-09-17T15:55:18.085873Z","level":"INFO","message":"object retention pass","report":"GcReport { examined: 2, collected_expired: 0, collected_orphans: 0, kept_in_use: 1, kept_referenced: 1, incomplete_removed: 0, tombstones_purged: 0, failed: 0 }","target":"tachyon_serverless_gateway"}
{"timestamp":"2026-09-17T15:55:20.088649Z","level":"INFO","message":"object retention pass","report":"GcReport { examined: 2, collected_expired: 0, collected_orphans: 0, kept_in_use: 1, kept_referenced: 1, incomplete_removed: 0, tombstones_purged: 0, failed: 0 }","target":"tachyon_serverless_gateway"}
{"timestamp":"2026-09-17T15:55:21.251079Z","level":"INFO","message":"async dispatch: delivery handled","message_id":"inv_01m2r12wy36kq6sseqc99p337r.g13","sequence":33,"delivery_count":2,"outcome":"Skipped(\"claimed\")","target":"tachyon_serverless_application::services::invoke_async::dispatch"}
{"timestamp":"2026-09-17T15:55:22.085385Z","level":"INFO","message":"object retention pass","report":"GcReport { examined: 2, collected_expired: 0, collected_orphans: 0, kept_in_use: 1, kept_referenced: 1, incomplete_removed: 0, tombstones_purged: 0, failed: 0 }","target":"tachyon_serverless_gateway"}
{"timestamp":"2026-09-17T15:55:24.086374Z","level":"INFO","message":"object retention pass","report":"GcReport { examined: 2, collected_expired: 0, collected_orphans: 0, kept_in_use: 1, kept_referenced: 1, incomplete_removed: 0, tombstones_purged: 0, failed: 0 }","target":"tachyon_serverless_gateway"}
{"timestamp":"2026-09-17T15:55:26.089404Z","level":"INFO","message":"object retention pass","report":"GcReport { examined: 2, collected_expired: 0, collected_orphans: 0, kept_in_use: 1, kept_referenced: 1, incomplete_removed: 0, tombstones_purged: 0, failed: 0 }","target":"tachyon_serverless_gateway"}
{"timestamp":"2026-09-17T15:55:28.092693Z","level":"INFO","message":"object retention pass","report":"GcReport { examined: 2, collected_expired: 0, collected_orphans: 0, kept_in_use: 1, kept_referenced: 1, incomplete_removed: 0, tombstones_purged: 0, failed: 0 }","target":"tachyon_serverless_gateway"}
{"timestamp":"2026-09-17T15:55:30.086399Z","level":"INFO","message":"object retention pass","report":"GcReport { examined: 2, collected_expired: 0, collected_orphans: 0, kept_in_use: 1, kept_referenced: 1, incomplete_removed: 0, tombstones_purged: 0, failed: 0 }","target":"tachyon_serverless_gateway"}
{"timestamp":"2026-09-17T15:55:32.083543Z","level":"INFO","message":"object retention pass","report":"GcReport { examined: 2, collected_expired: 0, collected_orphans: 0, kept_in_use: 0, kept_referenced: 2, incomplete_removed: 0, tombstones_purged: 0, failed: 0 }","target":"tachyon_serverless_gateway"}
{"timestamp":"2026-09-17T15:55:33.098845Z","level":"INFO","message":"asynchronous run claimed","invocation_id":"inv_01m2r194awsaerabk0js9ry2q7","attempt":1,"generation":0,"delivery_count":1,"target":"tachyon_serverless_application::services::invoke_async::dispatch"}
{"timestamp":"2026-09-17T15:55:33.103393Z","level":"INFO","message":"asynchronous invocation rescheduled","invocation_id":"inv_01m2r194awsaerabk0js9ry2q7","next_attempt_at":"2026-09-17T15:55:33.379347461+00:00","counted":false,"error_type":"Host.DispatcherFenced","target":"tachyon_serverless_application::services::invoke_async::dispatch"}
{"timestamp":"2026-09-17T15:55:33.104739Z","level":"INFO","message":"async dispatch: delivery handled","message_id":"inv_01m2r194awsaerabk0js9ry2q7","sequence":35,"delivery_count":1,"outcome":"Rescheduled { next_attempt_at: 2026-09-17T15:55:33.379347461Z, counted: false }","target":"tachyon_serverless_application::services::invoke_async::dispatch"}
{"timestamp":"2026-09-17T15:55:33.125065Z","level":"INFO","message":"SIGTERM received","target":"tachyon_serverless_gateway"}
{"timestamp":"2026-09-17T15:55:33.125082Z","level":"INFO","message":"shutdown requested; cancelling in-flight invocations","target":"tachyon_serverless_gateway"}
{"timestamp":"2026-09-17T15:55:33.130300Z","level":"INFO","message":"asynchronous run claimed","invocation_id":"inv_01m2r194btxwtfa92rgpzc2jdk","attempt":1,"generation":0,"delivery_count":1,"target":"tachyon_serverless_application::services::invoke_async::dispatch"}
{"timestamp":"2026-09-17T15:55:33.131254Z","level":"INFO","message":"asynchronous invocation rescheduled","invocation_id":"inv_01m2r194btxwtfa92rgpzc2jdk","next_attempt_at":"2026-09-17T15:55:33.331459239+00:00","counted":false,"error_type":"Host.GatewayShutdown","target":"tachyon_serverless_application::services::invoke_async::dispatch"}
{"timestamp":"2026-09-17T15:55:33.132187Z","level":"INFO","message":"async dispatch: delivery handled","message_id":"inv_01m2r194btxwtfa92rgpzc2jdk","sequence":36,"delivery_count":1,"outcome":"Rescheduled { next_attempt_at: 2026-09-17T15:55:33.331459239Z, counted: false }","target":"tachyon_serverless_application::services::invoke_async::dispatch"}
{"timestamp":"2026-09-17T15:55:33.134871Z","level":"INFO","message":"final usage collection","report":"CollectReport { batches: 1, read: 5, inserted: 5, duplicates: 0, cursor_seq: 92 }","target":"tachyon_serverless_gateway"}
{"timestamp":"2026-09-17T15:55:33.137152Z","level":"INFO","message":"gateway stopped","target":"tachyon_serverless_gateway"}
{"timestamp":"2026-09-17T15:55:33.137297Z","level":"INFO","message":"event: closed","target":"async_nats"}
