{"timestamp":"2026-09-17T06:14:04.922009Z","level":"INFO","message":"configuration loaded","config":"/home/takanorifukuyama.guest/tsls/docs/evidence/bench-20260917T055450Z/gateway-warm.toml","target":"tachyon_serverless_gateway"}
{"timestamp":"2026-09-17T06:14:04.922490Z","level":"INFO","message":"egress restricted / public-web are unavailable on this host (egress none is unaffected)","reason":"net.ipv4.ip_forward is not 1 (guests could not reach anything)","target":"tachyon_serverless_provider_firecracker::provider"}
{"timestamp":"2026-09-17T06:14:04.923778Z","level":"INFO","message":"state store opened","path":"/home/takanorifukuyama.guest/tsls/data/bench/state.db","schema_version":3,"migrations_applied":"[]","imported_state_json":"None","settled_invocations":0,"settled_attempts":0,"settled_environments":0,"released_leases":0,"dropped_idempotency_keys":0,"purged_idempotency_keys":0,"outputs_purged":0,"target":"tachyon_serverless_application::app"}
{"timestamp":"2026-09-17T06:14:04.929779Z","level":"INFO","message":"dispatcher registered","dispatcher_id":"dsp_01m2q00dvvgd4gssp8vsq8p1na","instance":"gateway@127.0.0.1:8080","pid":87008,"lease_ttl_seconds":30,"target":"tachyon_serverless_application::services::dispatcher"}
{"timestamp":"2026-09-17T06:14:04.930675Z","level":"WARN","message":"reclaimed the work of dispatchers that lost their lease","dispatcher_id":"dsp_01m2q00dvvgd4gssp8vsq8p1na","reclaimed_dispatchers":"[DispatcherId(dsp_01m2pzhh5j9rcwvazy45271zy2)]","leases":0,"invocations":0,"attempts":0,"fenced":0,"target":"tachyon_serverless_application::services::dispatcher"}
{"timestamp":"2026-09-17T06:14:04.930710Z","level":"INFO","message":"application bootstrapped","profile":"production","provider":"firecracker","dev_only":false,"environment_reuse":true,"reuse_verified":true,"reuse_reason":"the provider reports both idle capabilities as supported and [pool] enabled is true","reuse_disabled":"None","idle_quiesce":"supported","idle_resume":"supported","data_dir":"/home/takanorifukuyama.guest/tsls/data/bench","store":"sqlite","dispatcher_id":"dsp_01m2q00dvvgd4gssp8vsq8p1na","target":"tachyon_serverless_application::app"}
{"timestamp":"2026-09-17T06:14:04.938200Z","level":"INFO","message":"startup reconcile finished","provider":"firecracker","found":0,"adopted":0,"terminated":0,"disowned":0,"failed":0,"lost":0,"foreign":0,"reclaimed_dispatchers":0,"fenced_terminated":0,"fenced_pending":0,"target":"tachyon_serverless_application::services::reconcile"}
{"timestamp":"2026-09-17T06:14:04.938248Z","level":"INFO","message":"gateway listening","addr":"127.0.0.1:8080","profile":"production","provider":"firecracker","target":"tachyon_serverless_gateway"}
{"timestamp":"2026-09-17T06:14:05.481499Z","level":"INFO","message":"firecracker spawned","env_id":"env_01m2q00ecc7cets75awg23zfhn","pid":87089,"instance_id":"env-01m2q00ecc7cets75awg23zfhn","jailed":true,"cgroup":"/sys/fs/cgroup/tachyon/env_01m2q00ecc7cets75awg23zfhn","target":"tachyon_serverless_provider_firecracker::provider"}
{"timestamp":"2026-09-17T06:14:05.490051Z","level":"INFO","message":"InstanceStart accepted","env_id":"env_01m2q00ecc7cets75awg23zfhn","vcpus":1,"mem_mib":256,"scratch_bytes":268435456,"target":"tachyon_serverless_provider_firecracker::provider"}
{"timestamp":"2026-09-17T06:14:11.220455Z","level":"INFO","message":"invocation finished","invocation_id":"inv_01m2q00ecayt26qmfp33r4w0z6","status":"succeeded","handler_ms":116,"environment_boot_ms":5128,"runtime_init_ms":513,"target":"tachyon_serverless_application::services::invoke"}
{"timestamp":"2026-09-17T06:14:11.565830Z","level":"INFO","message":"invocation finished","invocation_id":"inv_01m2q00m9xe2dmbwxdgtw99cc3","status":"succeeded","handler_ms":41,"environment_boot_ms":0,"runtime_init_ms":0,"target":"tachyon_serverless_application::services::invoke"}
{"timestamp":"2026-09-17T06:14:11.871958Z","level":"INFO","message":"invocation finished","invocation_id":"inv_01m2q00mkxzbhk3pmaarrvfmt5","status":"succeeded","handler_ms":28,"environment_boot_ms":0,"runtime_init_ms":0,"target":"tachyon_serverless_application::services::invoke"}
{"timestamp":"2026-09-17T06:14:12.208990Z","level":"INFO","message":"invocation finished","invocation_id":"inv_01m2q00mxtg3gj7jv2mrpe0701","status":"succeeded","handler_ms":42,"environment_boot_ms":0,"runtime_init_ms":0,"target":"tachyon_serverless_application::services::invoke"}
{"timestamp":"2026-09-17T06:14:12.587208Z","level":"INFO","message":"invocation finished","invocation_id":"inv_01m2q00n90ym05enz9x4tyr1a2","status":"succeeded","handler_ms":48,"environment_boot_ms":0,"runtime_init_ms":0,"target":"tachyon_serverless_application::services::invoke"}
{"timestamp":"2026-09-17T06:14:12.996108Z","level":"INFO","message":"invocation finished","invocation_id":"inv_01m2q00nmpgdb755xs1xbpqhps","status":"succeeded","handler_ms":102,"environment_boot_ms":0,"runtime_init_ms":0,"target":"tachyon_serverless_application::services::invoke"}
{"timestamp":"2026-09-17T06:14:13.389697Z","level":"INFO","message":"invocation finished","invocation_id":"inv_01m2q00p230y15yjs6qxfbee4n","status":"succeeded","handler_ms":58,"environment_boot_ms":0,"runtime_init_ms":0,"target":"tachyon_serverless_application::services::invoke"}
{"timestamp":"2026-09-17T06:14:13.811895Z","level":"INFO","message":"invocation finished","invocation_id":"inv_01m2q00pe9nnjnw0yd063bqbp4","status":"succeeded","handler_ms":60,"environment_boot_ms":0,"runtime_init_ms":0,"target":"tachyon_serverless_application::services::invoke"}
{"timestamp":"2026-09-17T06:14:14.195784Z","level":"INFO","message":"invocation finished","invocation_id":"inv_01m2q00pvgg2ejp714h7q1xbbr","status":"succeeded","handler_ms":45,"environment_boot_ms":0,"runtime_init_ms":0,"target":"tachyon_serverless_application::services::invoke"}
{"timestamp":"2026-09-17T06:14:14.594880Z","level":"INFO","message":"invocation finished","invocation_id":"inv_01m2q00q7fdh77kgmbayt7zqft","status":"succeeded","handler_ms":47,"environment_boot_ms":0,"runtime_init_ms":0,"target":"tachyon_serverless_application::services::invoke"}
{"timestamp":"2026-09-17T06:14:14.959325Z","level":"INFO","message":"invocation finished","invocation_id":"inv_01m2q00qkmbte11prqv90p03t4","status":"succeeded","handler_ms":46,"environment_boot_ms":0,"runtime_init_ms":0,"target":"tachyon_serverless_application::services::invoke"}
{"timestamp":"2026-09-17T06:14:15.306823Z","level":"INFO","message":"invocation finished","invocation_id":"inv_01m2q00qypfyy5k07ez1xct3xf","status":"succeeded","handler_ms":43,"environment_boot_ms":0,"runtime_init_ms":0,"target":"tachyon_serverless_application::services::invoke"}
{"timestamp":"2026-09-17T06:14:15.635725Z","level":"INFO","message":"invocation finished","invocation_id":"inv_01m2q00r928fqtnmk1gk6e32n7","status":"succeeded","handler_ms":38,"environment_boot_ms":0,"runtime_init_ms":0,"target":"tachyon_serverless_application::services::invoke"}
{"timestamp":"2026-09-17T06:14:15.998415Z","level":"INFO","message":"invocation finished","invocation_id":"inv_01m2q00rkfywc8ztnzmmcfjf44","status":"succeeded","handler_ms":62,"environment_boot_ms":0,"runtime_init_ms":0,"target":"tachyon_serverless_application::services::invoke"}
{"timestamp":"2026-09-17T06:14:16.328091Z","level":"INFO","message":"invocation finished","invocation_id":"inv_01m2q00rynwhyn1drrneaytt4b","status":"succeeded","handler_ms":43,"environment_boot_ms":0,"runtime_init_ms":0,"target":"tachyon_serverless_application::services::invoke"}
{"timestamp":"2026-09-17T06:14:16.659491Z","level":"INFO","message":"invocation finished","invocation_id":"inv_01m2q00s8xg8f0zxtg9zrd2eha","status":"succeeded","handler_ms":43,"environment_boot_ms":0,"runtime_init_ms":0,"target":"tachyon_serverless_application::services::invoke"}
{"timestamp":"2026-09-17T06:14:17.018225Z","level":"INFO","message":"invocation finished","invocation_id":"inv_01m2q00skym632btyt0cdr62xy","status":"succeeded","handler_ms":47,"environment_boot_ms":0,"runtime_init_ms":0,"target":"tachyon_serverless_application::services::invoke"}
{"timestamp":"2026-09-17T06:14:17.388796Z","level":"INFO","message":"invocation finished","invocation_id":"inv_01m2q00syv33ktgz5z962xm6ek","status":"succeeded","handler_ms":65,"environment_boot_ms":0,"runtime_init_ms":0,"target":"tachyon_serverless_application::services::invoke"}
{"timestamp":"2026-09-17T06:14:17.938706Z","level":"INFO","message":"invocation finished","invocation_id":"inv_01m2q00taj4cmmb2vd3gqvmszg","status":"succeeded","handler_ms":192,"environment_boot_ms":0,"runtime_init_ms":0,"target":"tachyon_serverless_application::services::invoke"}
{"timestamp":"2026-09-17T06:14:18.413632Z","level":"INFO","message":"invocation finished","invocation_id":"inv_01m2q00tz68y77jh3w9m6m8kzp","status":"succeeded","handler_ms":60,"environment_boot_ms":0,"runtime_init_ms":0,"target":"tachyon_serverless_application::services::invoke"}
{"timestamp":"2026-09-17T06:14:18.798771Z","level":"INFO","message":"invocation finished","invocation_id":"inv_01m2q00vap80rp7st8nwt8mvck","status":"succeeded","handler_ms":72,"environment_boot_ms":0,"runtime_init_ms":0,"target":"tachyon_serverless_application::services::invoke"}
{"timestamp":"2026-09-17T06:15:21.017177Z","level":"INFO","message":"invocation finished","invocation_id":"inv_01m2q02qbxnreewshjha5nvwwy","status":"succeeded","handler_ms":758,"environment_boot_ms":0,"runtime_init_ms":0,"target":"tachyon_serverless_application::services::invoke"}
{"timestamp":"2026-09-17T06:15:21.441134Z","level":"INFO","message":"invocation finished","invocation_id":"inv_01m2q02r7zp8dsw4vdmy4hg1tz","status":"succeeded","handler_ms":337,"environment_boot_ms":0,"runtime_init_ms":0,"target":"tachyon_serverless_application::services::invoke"}
{"timestamp":"2026-09-17T06:15:22.436997Z","level":"INFO","message":"invocation finished","invocation_id":"inv_01m2q02rmz9m76by2fv6dcs9z4","status":"succeeded","handler_ms":914,"environment_boot_ms":0,"runtime_init_ms":0,"target":"tachyon_serverless_application::services::invoke"}
{"timestamp":"2026-09-17T06:15:22.715152Z","level":"INFO","message":"invocation finished","invocation_id":"inv_01m2q02smjg6ecemsjm128nr22","status":"succeeded","handler_ms":175,"environment_boot_ms":0,"runtime_init_ms":0,"target":"tachyon_serverless_application::services::invoke"}
{"timestamp":"2026-09-17T06:15:23.028312Z","level":"INFO","message":"invocation finished","invocation_id":"inv_01m2q02sz38zf6dmm1sjvtkyyw","status":"succeeded","handler_ms":157,"environment_boot_ms":0,"runtime_init_ms":0,"target":"tachyon_serverless_application::services::invoke"}
{"timestamp":"2026-09-17T06:15:23.809171Z","level":"INFO","message":"invocation finished","invocation_id":"inv_01m2q02t91btmbg1thhxcgw5yr","status":"succeeded","handler_ms":623,"environment_boot_ms":0,"runtime_init_ms":0,"target":"tachyon_serverless_application::services::invoke"}
{"timestamp":"2026-09-17T06:15:24.513537Z","level":"INFO","message":"invocation finished","invocation_id":"inv_01m2q02v2dc1z0knhk9zq5zhf0","status":"succeeded","handler_ms":452,"environment_boot_ms":0,"runtime_init_ms":0,"target":"tachyon_serverless_application::services::invoke"}
{"timestamp":"2026-09-17T06:15:25.090157Z","level":"INFO","message":"invocation finished","invocation_id":"inv_01m2q02vrz0ey79ydr82xvr025","status":"succeeded","handler_ms":371,"environment_boot_ms":0,"runtime_init_ms":0,"target":"tachyon_serverless_application::services::invoke"}
{"timestamp":"2026-09-17T06:15:25.636291Z","level":"INFO","message":"invocation finished","invocation_id":"inv_01m2q02w7s826726399dx9xy62","status":"succeeded","handler_ms":442,"environment_boot_ms":0,"runtime_init_ms":0,"target":"tachyon_serverless_application::services::invoke"}
{"timestamp":"2026-09-17T06:15:26.401104Z","level":"INFO","message":"invocation finished","invocation_id":"inv_01m2q02wr2p73vw2t4dfvpsm6a","status":"succeeded","handler_ms":669,"environment_boot_ms":0,"runtime_init_ms":0,"target":"tachyon_serverless_application::services::invoke"}
{"timestamp":"2026-09-17T06:15:26.537785Z","level":"INFO","message":"invocation finished","invocation_id":"inv_01m2q02xfs1hb4y8ah222bj9yg","status":"succeeded","handler_ms":66,"environment_boot_ms":0,"runtime_init_ms":0,"target":"tachyon_serverless_application::services::invoke"}
{"timestamp":"2026-09-17T06:15:26.930680Z","level":"INFO","message":"invocation finished","invocation_id":"inv_01m2q02xmm9mdefbzskfcmy9hx","status":"succeeded","handler_ms":283,"environment_boot_ms":0,"runtime_init_ms":0,"target":"tachyon_serverless_application::services::invoke"}
{"timestamp":"2026-09-17T06:15:27.532645Z","level":"INFO","message":"invocation finished","invocation_id":"inv_01m2q02y08nxdg87rn47w0sqc4","status":"succeeded","handler_ms":505,"environment_boot_ms":0,"runtime_init_ms":0,"target":"tachyon_serverless_application::services::invoke"}
{"timestamp":"2026-09-17T06:15:27.943396Z","level":"INFO","message":"invocation finished","invocation_id":"inv_01m2q02ymxxarwxsn3wgbkp1dg","status":"succeeded","handler_ms":214,"environment_boot_ms":0,"runtime_init_ms":0,"target":"tachyon_serverless_application::services::invoke"}
{"timestamp":"2026-09-17T06:15:28.521589Z","level":"INFO","message":"invocation finished","invocation_id":"inv_01m2q02z57jc98wf6p6zpbwhth","status":"succeeded","handler_ms":329,"environment_boot_ms":0,"runtime_init_ms":0,"target":"tachyon_serverless_application::services::invoke"}
{"timestamp":"2026-09-17T06:15:28.830811Z","level":"INFO","message":"invocation finished","invocation_id":"inv_01m2q02zj6dc5k3dmvzkwnt4cw","status":"succeeded","handler_ms":217,"environment_boot_ms":0,"runtime_init_ms":0,"target":"tachyon_serverless_application::services::invoke"}
{"timestamp":"2026-09-17T06:15:29.357173Z","level":"INFO","message":"invocation finished","invocation_id":"inv_01m2q02zxhhbcbzmx1esfmxzpn","status":"succeeded","handler_ms":390,"environment_boot_ms":0,"runtime_init_ms":0,"target":"tachyon_serverless_application::services::invoke"}
{"timestamp":"2026-09-17T06:15:30.062480Z","level":"INFO","message":"invocation finished","invocation_id":"inv_01m2q030cbvkk9s52017fsfspp","status":"succeeded","handler_ms":594,"environment_boot_ms":0,"runtime_init_ms":0,"target":"tachyon_serverless_application::services::invoke"}
{"timestamp":"2026-09-17T06:15:30.782007Z","level":"INFO","message":"invocation finished","invocation_id":"inv_01m2q0317xv0n7fk1h29dya70d","status":"succeeded","handler_ms":283,"environment_boot_ms":0,"runtime_init_ms":0,"target":"tachyon_serverless_application::services::invoke"}
{"timestamp":"2026-09-17T06:15:31.376890Z","level":"INFO","message":"invocation finished","invocation_id":"inv_01m2q031w7awrx1s5jwmkvh1cc","status":"succeeded","handler_ms":386,"environment_boot_ms":0,"runtime_init_ms":0,"target":"tachyon_serverless_application::services::invoke"}
{"timestamp":"2026-09-17T06:15:31.645384Z","level":"INFO","message":"invocation finished","invocation_id":"inv_01m2q032d85gcy73affgh21gfc","status":"succeeded","handler_ms":134,"environment_boot_ms":0,"runtime_init_ms":0,"target":"tachyon_serverless_application::services::invoke"}
{"timestamp":"2026-09-17T06:15:31.933569Z","level":"INFO","message":"invocation finished","invocation_id":"inv_01m2q032knms4gr5928c32717e","status":"succeeded","handler_ms":216,"environment_boot_ms":0,"runtime_init_ms":0,"target":"tachyon_serverless_application::services::invoke"}
{"timestamp":"2026-09-17T06:15:32.329109Z","level":"INFO","message":"invocation finished","invocation_id":"inv_01m2q032wr9ag8wvva5g6n5xqe","status":"succeeded","handler_ms":311,"environment_boot_ms":0,"runtime_init_ms":0,"target":"tachyon_serverless_application::services::invoke"}
{"timestamp":"2026-09-17T06:15:32.906992Z","level":"INFO","message":"invocation finished","invocation_id":"inv_01m2q033c126v1v3kv02kpydw6","status":"succeeded","handler_ms":217,"environment_boot_ms":0,"runtime_init_ms":0,"target":"tachyon_serverless_application::services::invoke"}
{"timestamp":"2026-09-17T06:15:37.805197Z","level":"INFO","message":"invocation finished","invocation_id":"inv_01m2q038fm96jnxxhedkwybjdc","status":"succeeded","handler_ms":64,"environment_boot_ms":0,"runtime_init_ms":0,"target":"tachyon_serverless_application::services::invoke"}
{"timestamp":"2026-09-17T06:15:37.861217Z","level":"INFO","message":"firecracker spawned","env_id":"env_01m2q038gs16ne48t1jr1k8yxn","pid":88712,"instance_id":"env-01m2q038gs16ne48t1jr1k8yxn","jailed":true,"cgroup":"/sys/fs/cgroup/tachyon/env_01m2q038gs16ne48t1jr1k8yxn","target":"tachyon_serverless_provider_firecracker::provider"}
{"timestamp":"2026-09-17T06:15:37.983165Z","level":"INFO","message":"InstanceStart accepted","env_id":"env_01m2q038gs16ne48t1jr1k8yxn","vcpus":1,"mem_mib":256,"scratch_bytes":268435456,"target":"tachyon_serverless_provider_firecracker::provider"}
{"timestamp":"2026-09-17T06:15:38.681936Z","level":"INFO","message":"invocation finished","invocation_id":"inv_01m2q038pnzdnpc7cegjy6dg1s","status":"succeeded","handler_ms":716,"environment_boot_ms":0,"runtime_init_ms":0,"target":"tachyon_serverless_application::services::invoke"}
{"timestamp":"2026-09-17T06:15:39.404568Z","level":"INFO","message":"invocation finished","invocation_id":"inv_01m2q039ghs8thgfxxm027zztp","status":"succeeded","handler_ms":400,"environment_boot_ms":0,"runtime_init_ms":0,"target":"tachyon_serverless_application::services::invoke"}
{"timestamp":"2026-09-17T06:15:39.800493Z","level":"INFO","message":"invocation finished","invocation_id":"inv_01m2q03a8ndkcyjjvecg5r5f5q","status":"succeeded","handler_ms":243,"environment_boot_ms":0,"runtime_init_ms":0,"target":"tachyon_serverless_application::services::invoke"}
{"timestamp":"2026-09-17T06:15:40.080993Z","level":"INFO","message":"invocation finished","invocation_id":"inv_01m2q03akx7zrb9da79ntds9zh","status":"succeeded","handler_ms":144,"environment_boot_ms":0,"runtime_init_ms":0,"target":"tachyon_serverless_application::services::invoke"}
{"timestamp":"2026-09-17T06:15:40.458777Z","level":"INFO","message":"invocation finished","invocation_id":"inv_01m2q03ayeqcgct1nrayqah2fn","status":"succeeded","handler_ms":178,"environment_boot_ms":0,"runtime_init_ms":0,"target":"tachyon_serverless_application::services::invoke"}
{"timestamp":"2026-09-17T06:15:40.610655Z","level":"INFO","message":"invocation finished","invocation_id":"inv_01m2q03b716b80re31s8szzspf","status":"succeeded","handler_ms":76,"environment_boot_ms":0,"runtime_init_ms":0,"target":"tachyon_serverless_application::services::invoke"}
{"timestamp":"2026-09-17T06:15:41.100014Z","level":"INFO","message":"invocation finished","invocation_id":"inv_01m2q03bdfxvczmds939rbdw93","status":"succeeded","handler_ms":345,"environment_boot_ms":0,"runtime_init_ms":0,"target":"tachyon_serverless_application::services::invoke"}
{"timestamp":"2026-09-17T06:15:42.033687Z","level":"INFO","message":"invocation finished","invocation_id":"inv_01m2q03bvts8twat5q885sw39x","status":"succeeded","handler_ms":837,"environment_boot_ms":0,"runtime_init_ms":0,"target":"tachyon_serverless_application::services::invoke"}
{"timestamp":"2026-09-17T06:15:42.705445Z","level":"INFO","message":"invocation finished","invocation_id":"inv_01m2q03ctm635xfemw5jw34zsx","status":"succeeded","handler_ms":474,"environment_boot_ms":0,"runtime_init_ms":0,"target":"tachyon_serverless_application::services::invoke"}
{"timestamp":"2026-09-17T06:15:42.901331Z","level":"INFO","message":"invocation finished","invocation_id":"inv_01m2q03ddag5mqj05mwjh7h44j","status":"succeeded","handler_ms":119,"environment_boot_ms":0,"runtime_init_ms":0,"target":"tachyon_serverless_application::services::invoke"}
{"timestamp":"2026-09-17T06:15:43.396312Z","level":"INFO","message":"invocation finished","invocation_id":"inv_01m2q03dk6rjrph6e0hpphbn01","status":"succeeded","handler_ms":334,"environment_boot_ms":0,"runtime_init_ms":0,"target":"tachyon_serverless_application::services::invoke"}
{"timestamp":"2026-09-17T06:15:57.547756Z","level":"INFO","message":"invocation finished","invocation_id":"inv_01m2q038gkfcfj1zk8y6xs8h0h","status":"succeeded","handler_ms":356,"environment_boot_ms":18305,"runtime_init_ms":1111,"target":"tachyon_serverless_application::services::invoke"}
{"timestamp":"2026-09-17T06:15:57.692431Z","level":"INFO","message":"invocation finished","invocation_id":"inv_01m2q03vx93q7j09618xsnr2wv","status":"succeeded","handler_ms":66,"environment_boot_ms":0,"runtime_init_ms":0,"target":"tachyon_serverless_application::services::invoke"}
{"timestamp":"2026-09-17T06:15:57.865390Z","level":"INFO","message":"invocation finished","invocation_id":"inv_01m2q03w19tg0aytsysqfv7n73","status":"succeeded","handler_ms":110,"environment_boot_ms":0,"runtime_init_ms":0,"target":"tachyon_serverless_application::services::invoke"}
{"timestamp":"2026-09-17T06:15:57.973228Z","level":"INFO","message":"invocation finished","invocation_id":"inv_01m2q03w680rdd83d9w1323hn4","status":"succeeded","handler_ms":66,"environment_boot_ms":0,"runtime_init_ms":0,"target":"tachyon_serverless_application::services::invoke"}
{"timestamp":"2026-09-17T06:15:58.085039Z","level":"INFO","message":"invocation finished","invocation_id":"inv_01m2q03w9k5g4fbpa5j07ekg4c","status":"succeeded","handler_ms":70,"environment_boot_ms":0,"runtime_init_ms":0,"target":"tachyon_serverless_application::services::invoke"}
{"timestamp":"2026-09-17T06:15:58.201418Z","level":"INFO","message":"invocation finished","invocation_id":"inv_01m2q03wdj2vzd0kqy2zefqz57","status":"succeeded","handler_ms":58,"environment_boot_ms":0,"runtime_init_ms":0,"target":"tachyon_serverless_application::services::invoke"}
{"timestamp":"2026-09-17T06:15:58.359937Z","level":"INFO","message":"invocation finished","invocation_id":"inv_01m2q03wgtty8fqrbp6zdstcxk","status":"succeeded","handler_ms":115,"environment_boot_ms":0,"runtime_init_ms":0,"target":"tachyon_serverless_application::services::invoke"}
{"timestamp":"2026-09-17T06:15:58.465278Z","level":"INFO","message":"invocation finished","invocation_id":"inv_01m2q03wnj3265b7w9y8gp6wge","status":"succeeded","handler_ms":69,"environment_boot_ms":0,"runtime_init_ms":0,"target":"tachyon_serverless_application::services::invoke"}
{"timestamp":"2026-09-17T06:15:58.569700Z","level":"INFO","message":"invocation finished","invocation_id":"inv_01m2q03ws77eatt3e9ksm2jy27","status":"succeeded","handler_ms":55,"environment_boot_ms":0,"runtime_init_ms":0,"target":"tachyon_serverless_application::services::invoke"}
{"timestamp":"2026-09-17T06:15:58.675425Z","level":"INFO","message":"invocation finished","invocation_id":"inv_01m2q03ww6x5sybc2sbat6f5cw","status":"succeeded","handler_ms":69,"environment_boot_ms":0,"runtime_init_ms":0,"target":"tachyon_serverless_application::services::invoke"}
{"timestamp":"2026-09-17T06:15:58.775483Z","level":"INFO","message":"invocation finished","invocation_id":"inv_01m2q03wzpbpygapfepjpt496q","status":"succeeded","handler_ms":56,"environment_boot_ms":0,"runtime_init_ms":0,"target":"tachyon_serverless_application::services::invoke"}
{"timestamp":"2026-09-17T06:15:58.877766Z","level":"INFO","message":"invocation finished","invocation_id":"inv_01m2q03x2m57y508ene8erkm9v","status":"succeeded","handler_ms":63,"environment_boot_ms":0,"runtime_init_ms":0,"target":"tachyon_serverless_application::services::invoke"}
{"timestamp":"2026-09-17T06:16:02.394996Z","level":"INFO","message":"firecracker spawned","env_id":"env_01m2q040gsy2981qh1f7z4sc93","pid":89424,"instance_id":"env-01m2q040gsy2981qh1f7z4sc93","jailed":true,"cgroup":"/sys/fs/cgroup/tachyon/env_01m2q040gsy2981qh1f7z4sc93","target":"tachyon_serverless_provider_firecracker::provider"}
{"timestamp":"2026-09-17T06:16:02.404751Z","level":"INFO","message":"invocation finished","invocation_id":"inv_01m2q040gn309ftz77dz0h0sph","status":"succeeded","handler_ms":66,"environment_boot_ms":0,"runtime_init_ms":0,"target":"tachyon_serverless_application::services::invoke"}
{"timestamp":"2026-09-17T06:16:02.407207Z","level":"INFO","message":"firecracker spawned","env_id":"env_01m2q040gtdr2kvz7vfky0aase","pid":89428,"instance_id":"env-01m2q040gtdr2kvz7vfky0aase","jailed":true,"cgroup":"/sys/fs/cgroup/tachyon/env_01m2q040gtdr2kvz7vfky0aase","target":"tachyon_serverless_provider_firecracker::provider"}
{"timestamp":"2026-09-17T06:16:02.432897Z","level":"INFO","message":"InstanceStart accepted","env_id":"env_01m2q040gsy2981qh1f7z4sc93","vcpus":1,"mem_mib":256,"scratch_bytes":268435456,"target":"tachyon_serverless_provider_firecracker::provider"}
{"timestamp":"2026-09-17T06:16:02.437058Z","level":"INFO","message":"InstanceStart accepted","env_id":"env_01m2q040gtdr2kvz7vfky0aase","vcpus":1,"mem_mib":256,"scratch_bytes":268435456,"target":"tachyon_serverless_provider_firecracker::provider"}
{"timestamp":"2026-09-17T06:16:02.472454Z","level":"INFO","message":"invocation finished","invocation_id":"inv_01m2q040gjt58nc5x5ba2n9dn1","status":"succeeded","handler_ms":128,"environment_boot_ms":0,"runtime_init_ms":0,"target":"tachyon_serverless_application::services::invoke"}
{"timestamp":"2026-09-17T06:16:02.584742Z","level":"INFO","message":"invocation finished","invocation_id":"inv_01m2q040mav8nm7we6m79e0jd8","status":"succeeded","handler_ms":125,"environment_boot_ms":0,"runtime_init_ms":0,"target":"tachyon_serverless_application::services::invoke"}
{"timestamp":"2026-09-17T06:16:02.592378Z","level":"INFO","message":"invocation finished","invocation_id":"inv_01m2q040p5jvhp189qp6sd1bvt","status":"succeeded","handler_ms":76,"environment_boot_ms":0,"runtime_init_ms":0,"target":"tachyon_serverless_application::services::invoke"}
{"timestamp":"2026-09-17T06:16:02.693517Z","level":"INFO","message":"invocation finished","invocation_id":"inv_01m2q040svsv8mg0mz1w324sy0","status":"succeeded","handler_ms":66,"environment_boot_ms":0,"runtime_init_ms":0,"target":"tachyon_serverless_application::services::invoke"}
{"timestamp":"2026-09-17T06:16:02.748504Z","level":"INFO","message":"invocation finished","invocation_id":"inv_01m2q040t5v87xcz9gpzqxvraa","status":"succeeded","handler_ms":103,"environment_boot_ms":0,"runtime_init_ms":0,"target":"tachyon_serverless_application::services::invoke"}
{"timestamp":"2026-09-17T06:16:02.799208Z","level":"INFO","message":"invocation finished","invocation_id":"inv_01m2q040x61kgzznd3r8xgf7zk","status":"succeeded","handler_ms":63,"environment_boot_ms":0,"runtime_init_ms":0,"target":"tachyon_serverless_application::services::invoke"}
{"timestamp":"2026-09-17T06:16:02.861113Z","level":"INFO","message":"invocation finished","invocation_id":"inv_01m2q040ywp5zfgmcbktrz9ces","status":"succeeded","handler_ms":70,"environment_boot_ms":0,"runtime_init_ms":0,"target":"tachyon_serverless_application::services::invoke"}
{"timestamp":"2026-09-17T06:16:02.963384Z","level":"INFO","message":"invocation finished","invocation_id":"inv_01m2q0412dangwebs6ff3j4kxf","status":"succeeded","handler_ms":58,"environment_boot_ms":0,"runtime_init_ms":0,"target":"tachyon_serverless_application::services::invoke"}
{"timestamp":"2026-09-17T06:16:02.964616Z","level":"INFO","message":"invocation finished","invocation_id":"inv_01m2q0410gb0pt639hbzedskn1","status":"succeeded","handler_ms":122,"environment_boot_ms":0,"runtime_init_ms":0,"target":"tachyon_serverless_application::services::invoke"}
{"timestamp":"2026-09-17T06:16:03.075601Z","level":"INFO","message":"invocation finished","invocation_id":"inv_01m2q0415m880a2esrfksa4yt4","status":"succeeded","handler_ms":69,"environment_boot_ms":0,"runtime_init_ms":0,"target":"tachyon_serverless_application::services::invoke"}
{"timestamp":"2026-09-17T06:16:03.089284Z","level":"INFO","message":"invocation finished","invocation_id":"inv_01m2q0415p44heymn3qzmmzvms","status":"succeeded","handler_ms":73,"environment_boot_ms":0,"runtime_init_ms":0,"target":"tachyon_serverless_application::services::invoke"}
{"timestamp":"2026-09-17T06:16:12.068654Z","level":"INFO","message":"invocation finished","invocation_id":"inv_01m2q040gsrg24hf0j5drp5973","status":"succeeded","handler_ms":214,"environment_boot_ms":8731,"runtime_init_ms":911,"target":"tachyon_serverless_application::services::invoke"}
{"timestamp":"2026-09-17T06:16:12.087377Z","level":"INFO","message":"invocation finished","invocation_id":"inv_01m2q040gnmph91deqzbcksdtk","status":"succeeded","handler_ms":214,"environment_boot_ms":8694,"runtime_init_ms":957,"target":"tachyon_serverless_application::services::invoke"}
{"timestamp":"2026-09-17T06:16:12.209718Z","level":"INFO","message":"invocation finished","invocation_id":"inv_01m2q04a2s695smtyk9s8x9jt7","status":"succeeded","handler_ms":76,"environment_boot_ms":0,"runtime_init_ms":0,"target":"tachyon_serverless_application::services::invoke"}
{"timestamp":"2026-09-17T06:16:12.238754Z","level":"INFO","message":"invocation finished","invocation_id":"inv_01m2q04a28xk881d3gz3s22qax","status":"succeeded","handler_ms":115,"environment_boot_ms":0,"runtime_init_ms":0,"target":"tachyon_serverless_application::services::invoke"}
{"timestamp":"2026-09-17T06:16:12.314931Z","level":"INFO","message":"invocation finished","invocation_id":"inv_01m2q04a6f4hdbv5erazrj8ywj","status":"succeeded","handler_ms":60,"environment_boot_ms":0,"runtime_init_ms":0,"target":"tachyon_serverless_application::services::invoke"}
{"timestamp":"2026-09-17T06:16:12.342676Z","level":"INFO","message":"invocation finished","invocation_id":"inv_01m2q04a7cpa3zfrybjmm8nzwc","status":"succeeded","handler_ms":66,"environment_boot_ms":0,"runtime_init_ms":0,"target":"tachyon_serverless_application::services::invoke"}
{"timestamp":"2026-09-17T06:16:12.433596Z","level":"INFO","message":"invocation finished","invocation_id":"inv_01m2q04aanzkave6gnzd384fsk","status":"succeeded","handler_ms":51,"environment_boot_ms":0,"runtime_init_ms":0,"target":"tachyon_serverless_application::services::invoke"}
{"timestamp":"2026-09-17T06:16:12.445635Z","level":"INFO","message":"invocation finished","invocation_id":"inv_01m2q04a9vwkyfvk4pft34z0dx","status":"succeeded","handler_ms":89,"environment_boot_ms":0,"runtime_init_ms":0,"target":"tachyon_serverless_application::services::invoke"}
{"timestamp":"2026-09-17T06:16:12.538639Z","level":"INFO","message":"invocation finished","invocation_id":"inv_01m2q04adr2fgq55p1fh4936rm","status":"succeeded","handler_ms":51,"environment_boot_ms":0,"runtime_init_ms":0,"target":"tachyon_serverless_application::services::invoke"}
{"timestamp":"2026-09-17T06:16:12.557823Z","level":"INFO","message":"invocation finished","invocation_id":"inv_01m2q04adg6gtkf1mc7pyja42m","status":"succeeded","handler_ms":85,"environment_boot_ms":0,"runtime_init_ms":0,"target":"tachyon_serverless_application::services::invoke"}
{"timestamp":"2026-09-17T06:16:12.645681Z","level":"INFO","message":"invocation finished","invocation_id":"inv_01m2q04ahbkc85c7an9xmy6ep2","status":"succeeded","handler_ms":50,"environment_boot_ms":0,"runtime_init_ms":0,"target":"tachyon_serverless_application::services::invoke"}
{"timestamp":"2026-09-17T06:16:12.716961Z","level":"INFO","message":"invocation finished","invocation_id":"inv_01m2q04agqx6xjxzxmaynr83j9","status":"succeeded","handler_ms":139,"environment_boot_ms":0,"runtime_init_ms":0,"target":"tachyon_serverless_application::services::invoke"}
{"timestamp":"2026-09-17T06:16:16.260901Z","level":"INFO","message":"invocation finished","invocation_id":"inv_01m2q04e276ss6f6azxyttwey3","status":"succeeded","handler_ms":50,"environment_boot_ms":0,"runtime_init_ms":0,"target":"tachyon_serverless_application::services::invoke"}
{"timestamp":"2026-09-17T06:16:16.262799Z","level":"INFO","message":"invocation finished","invocation_id":"inv_01m2q04e23fmhk6seqkgea555h","status":"succeeded","handler_ms":50,"environment_boot_ms":0,"runtime_init_ms":0,"target":"tachyon_serverless_application::services::invoke"}
{"timestamp":"2026-09-17T06:16:16.279591Z","level":"INFO","message":"invocation finished","invocation_id":"inv_01m2q04e273k2pav9fhaxmdnnf","status":"succeeded","handler_ms":56,"environment_boot_ms":0,"runtime_init_ms":0,"target":"tachyon_serverless_application::services::invoke"}
{"timestamp":"2026-09-17T06:16:16.312026Z","level":"INFO","message":"firecracker spawned","env_id":"env_01m2q04e46vbtvxqnsn88rp278","pid":90184,"instance_id":"env-01m2q04e46vbtvxqnsn88rp278","jailed":true,"cgroup":"/sys/fs/cgroup/tachyon/env_01m2q04e46vbtvxqnsn88rp278","target":"tachyon_serverless_provider_firecracker::provider"}
{"timestamp":"2026-09-17T06:16:16.323942Z","level":"INFO","message":"invocation finished","invocation_id":"inv_01m2q04e273c6sdwfdq4pj3xfz","status":"succeeded","handler_ms":93,"environment_boot_ms":0,"runtime_init_ms":0,"target":"tachyon_serverless_application::services::invoke"}
{"timestamp":"2026-09-17T06:16:16.333652Z","level":"INFO","message":"InstanceStart accepted","env_id":"env_01m2q04e46vbtvxqnsn88rp278","vcpus":1,"mem_mib":256,"scratch_bytes":268435456,"target":"tachyon_serverless_provider_firecracker::provider"}
{"timestamp":"2026-09-17T06:16:16.358512Z","level":"INFO","message":"invocation finished","invocation_id":"inv_01m2q04e2d751egtdmrfwrxpsg","status":"succeeded","handler_ms":83,"environment_boot_ms":0,"runtime_init_ms":0,"target":"tachyon_serverless_application::services::invoke"}
{"timestamp":"2026-09-17T06:16:16.386184Z","level":"INFO","message":"invocation finished","invocation_id":"inv_01m2q04e2g2meg90cjhr8m7w8j","status":"succeeded","handler_ms":53,"environment_boot_ms":0,"runtime_init_ms":0,"target":"tachyon_serverless_application::services::invoke"}
{"timestamp":"2026-09-17T06:16:16.425064Z","level":"INFO","message":"invocation finished","invocation_id":"inv_01m2q04e2enwbjy0dg3qgyw3a9","status":"succeeded","handler_ms":131,"environment_boot_ms":0,"runtime_init_ms":0,"target":"tachyon_serverless_application::services::invoke"}
{"timestamp":"2026-09-17T06:16:16.430616Z","level":"INFO","message":"invocation finished","invocation_id":"inv_01m2q04e5drcr223czpp78c5y2","status":"succeeded","handler_ms":61,"environment_boot_ms":0,"runtime_init_ms":0,"target":"tachyon_serverless_application::services::invoke"}
{"timestamp":"2026-09-17T06:16:16.460246Z","level":"INFO","message":"invocation finished","invocation_id":"inv_01m2q04e5eyzgk8jxegz5exqvc","status":"succeeded","handler_ms":54,"environment_boot_ms":0,"runtime_init_ms":0,"target":"tachyon_serverless_application::services::invoke"}
{"timestamp":"2026-09-17T06:16:16.491276Z","level":"INFO","message":"invocation finished","invocation_id":"inv_01m2q04e5fbzf8etjx3hskmqw4","status":"succeeded","handler_ms":56,"environment_boot_ms":0,"runtime_init_ms":0,"target":"tachyon_serverless_application::services::invoke"}
{"timestamp":"2026-09-17T06:16:16.529290Z","level":"INFO","message":"invocation finished","invocation_id":"inv_01m2q04e6vkvpa8tcdwady1mgx","status":"succeeded","handler_ms":88,"environment_boot_ms":0,"runtime_init_ms":0,"target":"tachyon_serverless_application::services::invoke"}
{"timestamp":"2026-09-17T06:16:16.541792Z","level":"INFO","message":"invocation finished","invocation_id":"inv_01m2q04e7vbwmtap26rj3e4226","status":"succeeded","handler_ms":65,"environment_boot_ms":0,"runtime_init_ms":0,"target":"tachyon_serverless_application::services::invoke"}
{"timestamp":"2026-09-17T06:16:16.594546Z","level":"INFO","message":"invocation finished","invocation_id":"inv_01m2q04ea3p14yexaz4y7rgdwt","status":"succeeded","handler_ms":41,"environment_boot_ms":0,"runtime_init_ms":0,"target":"tachyon_serverless_application::services::invoke"}
{"timestamp":"2026-09-17T06:16:16.606501Z","level":"INFO","message":"invocation finished","invocation_id":"inv_01m2q04e8nbkfs886c2hjvpas2","status":"succeeded","handler_ms":98,"environment_boot_ms":0,"runtime_init_ms":0,"target":"tachyon_serverless_application::services::invoke"}
{"timestamp":"2026-09-17T06:16:16.631042Z","level":"INFO","message":"invocation finished","invocation_id":"inv_01m2q04ea47wnaw3pekf2r2978","status":"succeeded","handler_ms":74,"environment_boot_ms":0,"runtime_init_ms":0,"target":"tachyon_serverless_application::services::invoke"}
{"timestamp":"2026-09-17T06:16:16.653845Z","level":"INFO","message":"invocation finished","invocation_id":"inv_01m2q04eb0wfxrh36pmyx0acwk","status":"succeeded","handler_ms":47,"environment_boot_ms":0,"runtime_init_ms":0,"target":"tachyon_serverless_application::services::invoke"}
{"timestamp":"2026-09-17T06:16:16.676713Z","level":"INFO","message":"invocation finished","invocation_id":"inv_01m2q04ed8t0qe0mz9fv89ge3g","status":"succeeded","handler_ms":35,"environment_boot_ms":0,"runtime_init_ms":0,"target":"tachyon_serverless_application::services::invoke"}
{"timestamp":"2026-09-17T06:16:16.677336Z","level":"INFO","message":"invocation finished","invocation_id":"inv_01m2q04ebv9mgej5fq70t9bwr6","status":"succeeded","handler_ms":55,"environment_boot_ms":0,"runtime_init_ms":0,"target":"tachyon_serverless_application::services::invoke"}
{"timestamp":"2026-09-17T06:16:16.713847Z","level":"INFO","message":"firecracker spawned","env_id":"env_01m2q04eh6179mebzsj04v3vd2","pid":90408,"instance_id":"env-01m2q04eh6179mebzsj04v3vd2","jailed":true,"cgroup":"/sys/fs/cgroup/tachyon/env_01m2q04eh6179mebzsj04v3vd2","target":"tachyon_serverless_provider_firecracker::provider"}
{"timestamp":"2026-09-17T06:16:16.728230Z","level":"INFO","message":"InstanceStart accepted","env_id":"env_01m2q04eh6179mebzsj04v3vd2","vcpus":1,"mem_mib":256,"scratch_bytes":268435456,"target":"tachyon_serverless_provider_firecracker::provider"}
{"timestamp":"2026-09-17T06:16:16.747551Z","level":"INFO","message":"invocation finished","invocation_id":"inv_01m2q04edpzwbcdn1zgvzt4bq6","status":"succeeded","handler_ms":75,"environment_boot_ms":0,"runtime_init_ms":0,"target":"tachyon_serverless_application::services::invoke"}
{"timestamp":"2026-09-17T06:16:16.770596Z","level":"INFO","message":"invocation finished","invocation_id":"inv_01m2q04eff381n6e3tyn6wp2xj","status":"succeeded","handler_ms":73,"environment_boot_ms":0,"runtime_init_ms":0,"target":"tachyon_serverless_application::services::invoke"}
{"timestamp":"2026-09-17T06:16:46.201387Z","level":"WARN","message":"boot failed; cleaning up","env_id":"env_01m2q04e46vbtvxqnsn88rp278","error":"boot failed: timeout waiting for guest bridge on /srv/jailer/firecracker/env-01m2q04e46vbtvxqnsn88rp278/root/v.sock_5000 after 30s\n--- console.log (tail) ---\n...blk virtio0: 1/0/0 default/read/poll queues\r\n[   20.975737] virtio_blk virtio0: 1/0/0 default/read/poll queues\r\n[   21.374868] virtio_blk virtio0: [vda] 131072 512-byte logical blocks (67.1 MB/64.0 MiB)\r\n[   21.374868] virtio_blk virtio0: [vda] 131072 512-byte logical blocks (67.1 MB/64.0 MiB)\r\n[   21.701749] virtio_blk virtio1: 1/0/0 default/read/poll queues\r\n[   21.701749] virtio_blk virtio1: 1/0/0 default/read/poll queues\r\n[   21.959706] virtio_blk virtio1: [vdb] 20480 512-byte logical blocks (10.5 MB/10.0 MiB)\r\n[   21.959706] virtio_blk virtio1: [vdb] 20480 512-byte logical blocks (10.5 MB/10.0 MiB)\r\n[   22.267178] virtio_blk virtio2: 1/0/0 default/read/poll queues\r\n[   22.267178] virtio_blk virtio2: 1/0/0 default/read/poll queues\r\n[   22.482834] virtio_blk virtio2: [vdc] 524288 512-byte logical blocks (268 MB/256 MiB)\r\n[   22.482834] virtio_blk virtio2: [vdc] 524288 512-byte logical blocks (268 MB/256 MiB)\r\n[   22.769244] Loading iSCSI transport class v2.0-870.\r\n[   22.769244] Loading iSCSI transport class v2.0-870.\r\n[   22.887043] iscsi: registered transport (tcp)\r\n[   22.887043] iscsi: registered transport (tcp)\r\n[   23.073377] rtc-pl031 40001000.rtc: registered as rtc0\r\n[   23.073377] rtc-pl031 40001000.rtc: registered as rtc0\r\n[   23.163928] rtc-pl031 40001000.rtc: setting system clock to 2026-09-17T06:16:41 UTC (1789625801)\r\n[   23.163928] rtc-pl031 40001000.rtc: setting system clock to 2026-09-17T06:16:41 UTC (1789625801)\r\n[   23.290091] vmclock 801fe000.ptp: vmclock0: registered miscdev\r\n[   23.290091] vmclock 801fe000.ptp: vmclock0: registered miscdev\r\n[   23.551566] hid: raw HID events driver (C) Jiri Kosina\r\n[   23.551566] hid: raw HID events driver (C) Jiri Kosina\r\n[   23.983358] Initializing XFRM netlink socket\r\n[   23.983358] Initializing XFRM netlink socket\r\n[   24.090399] NET: Registered PF_INET6 protocol family\r\n[   24.090399] NET: Registered PF_INET6 protocol family\r\n[   24.379981] Segment Routing with IPv6\r\n[   24.379981] Segment Routing with IPv6\r\n[   24.468318] In-situ OAM (IOAM) with IPv6\r\n[   24.468318] In-situ OAM (IOAM) with IPv6\r\n[   24.874406] bpfilter: Loaded bpfilter_umh pid 46\r\n[   24.874406] bpfilter: Loaded bpfilter_umh pid 46\r\n[   25.170017] NET: Registered PF_PACKET protocol family\r\n[   25.170017] NET: Registered PF_PACKET protocol family\r\n[   25.206295] Bridge firewalling registered\r\n[   25.206295] Bridge firewalling registered\r\n[   25.274580] Key type dns_resolver registered\r\n[   25.274580] Key type dns_resolver registered\r\n[   25.356938] NET: Registered PF_VSOCK protocol family\r\n[   25.356938] NET: Registered PF_VSOCK protocol family\r\n[   25.485754] registered taskstats version 1\r\n[   25.485754] registered taskstats version 1\r\n[   25.679551] Loading compiled-in X.509 certificates\r\n[   25.679551] Loading compiled-in X.509 certificates\r\n[   25.870053] zswap: loaded using pool lzo/zbud\r\n[   25.870053] zswap: loaded using pool lzo/zbud\r\n[   25.952361] Key type .fscrypt registered\r\n[   25.952361] Key type .fscrypt registered\r\n[   25.981170] Key type fscrypt-provisioning registered\r\n[   25.981170] Key type fscrypt-provisioning registered\r\n[   26.161801] Key type encrypted registered\r\n[   26.161801] Key type encrypted registered\r\n[   26.257383] clk: Disabling unused clocks\r\n[   26.257383] clk: Disabling unused clocks\r\n[   26.737191] EXT4-fs (vda): write access unavailable, skipping orphan cleanup\r\n[   26.737191] EXT4-fs (vda): write access unavailable, skipping orphan cleanup\r\n[   26.775015] EXT4-fs (vda): mounted filesystem with ordered data mode. Quota mode: none.\r\n[   26.775015] EXT4-fs (vda): mounted filesystem with ordered data mode. Quota mode: none.\r\n[   26.935549] VFS: Mounted root (ext4 filesystem) readonly on device 254:0.\r\n[   26.935549] VFS: Mounted root (ext4 filesystem) readonly on device 254:0.\r\n[   27.034462] devtmpfs: mounted\r\n[   27.034462] devtmpfs: mounted\r\n[   27.067784] Freeing unused kernel memory: 2240K\r\n[   27.067784] Freeing unused kernel memory: 2240K\r\n[   27.152716] Run /sbin/tachyon-init as init process\r\n[   27.152716] Run /sbin/tachyon-init as init process\r\n\n--- fc.log (tail) ---\n2026-09-17T06:16:16.315065015 [env-01m2q04e46vbtvxqnsn88rp278:main] If the VM was restored from snapshot, boot-source, machine-config.smt, and machine-config.cpu_template will all be empty.\n2026-09-17T06:16:16.330998237 [env-01m2q04e46vbtvxqnsn88rp278:main] Could not read the coherency line size, size, number of sets for cache level 1.\n2026-09-17T06:16:16.331077524 [env-01m2q04e46vbtvxqnsn88rp278:main] Could not read the coherency line size, size, number of sets for cache level 1.\n2026-09-17T06:16:16.331474628 [env-01m2q04e46vbtvxqnsn88rp278:fc_vcpu 0] Received a VcpuEvent::Resume message with immediate_exit enabled. immediate_exit was disabled before proceeding\n","target":"tachyon_serverless_provider_firecracker::provider"}
{"timestamp":"2026-09-17T06:16:46.260165Z","level":"INFO","message":"cgroup stats at teardown","env_id":"env_01m2q04e46vbtvxqnsn88rp278","cgroup":"/sys/fs/cgroup/tachyon/env_01m2q04e46vbtvxqnsn88rp278","stats":"{\"cpu.max\":\"50000 100000\",\"cpu.stat\":{\"burst_usec\":0,\"core_sched.force_idle_usec\":0,\"nice_usec\":0,\"nr_bursts\":0,\"nr_periods\":301,\"nr_throttled\":276,\"system_usec\":8877459,\"throttled_usec\":14870517,\"usage_usec\":14732340,\"user_usec\":5854881},\"memory.current\":4009984,\"memory.events\":{\"high\":0,\"low\":0,\"max\":0,\"oom\":0,\"oom_group_kill\":0,\"oom_kill\":0,\"sock_throttled\":0},\"memory.max\":335544320,\"memory.peak\":40153088,\"pids.max\":64,\"pids.peak\":3}","target":"tachyon_serverless_provider_firecracker::provider"}
{"timestamp":"2026-09-17T06:16:46.277662Z","level":"WARN","message":"environment creation failed","error":"boot failed: timeout waiting for guest bridge on /srv/jailer/firecracker/env-01m2q04e46vbtvxqnsn88rp278/root/v.sock_5000 after 30s\n--- console.log (tail) ---\n...blk virtio0: 1/0/0 default/read/poll queues\r\n[   20.975737] virtio_blk virtio0: 1/0/0 default/read/poll queues\r\n[   21.374868] virtio_blk virtio0: [vda] 131072 512-byte logical blocks (67.1 MB/64.0 MiB)\r\n[   21.374868] virtio_blk virtio0: [vda] 131072 512-byte logical blocks (67.1 MB/64.0 MiB)\r\n[   21.701749] virtio_blk virtio1: 1/0/0 default/read/poll queues\r\n[   21.701749] virtio_blk virtio1: 1/0/0 default/read/poll queues\r\n[   21.959706] virtio_blk virtio1: [vdb] 20480 512-byte logical blocks (10.5 MB/10.0 MiB)\r\n[   21.959706] virtio_blk virtio1: [vdb] 20480 512-byte logical blocks (10.5 MB/10.0 MiB)\r\n[   22.267178] virtio_blk virtio2: 1/0/0 default/read/poll queues\r\n[   22.267178] virtio_blk virtio2: 1/0/0 default/read/poll queues\r\n[   22.482834] virtio_blk virtio2: [vdc] 524288 512-byte logical blocks (268 MB/256 MiB)\r\n[   22.482834] virtio_blk virtio2: [vdc] 524288 512-byte logical blocks (268 MB/256 MiB)\r\n[   22.769244] Loading iSCSI transport class v2.0-870.\r\n[   22.769244] Loading iSCSI transport class v2.0-870.\r\n[   22.887043] iscsi: registered transport (tcp)\r\n[   22.887043] iscsi: registered transport (tcp)\r\n[   23.073377] rtc-pl031 40001000.rtc: registered as rtc0\r\n[   23.073377] rtc-pl031 40001000.rtc: registered as rtc0\r\n[   23.163928] rtc-pl031 40001000.rtc: setting system clock to 2026-09-17T06:16:41 UTC (1789625801)\r\n[   23.163928] rtc-pl031 40001000.rtc: setting system clock to 2026-09-17T06:16:41 UTC (1789625801)\r\n[   23.290091] vmclock 801fe000.ptp: vmclock0: registered miscdev\r\n[   23.290091] vmclock 801fe000.ptp: vmclock0: registered miscdev\r\n[   23.551566] hid: raw HID events driver (C) Jiri Kosina\r\n[   23.551566] hid: raw HID events driver (C) Jiri Kosina\r\n[   23.983358] Initializing XFRM netlink socket\r\n[   23.983358] Initializing XFRM netlink socket\r\n[   24.090399] NET: Registered PF_INET6 protocol family\r\n[   24.090399] NET: Registered PF_INET6 protocol family\r\n[   24.379981] Segment Routing with IPv6\r\n[   24.379981] Segment Routing with IPv6\r\n[   24.468318] In-situ OAM (IOAM) with IPv6\r\n[   24.468318] In-situ OAM (IOAM) with IPv6\r\n[   24.874406] bpfilter: Loaded bpfilter_umh pid 46\r\n[   24.874406] bpfilter: Loaded bpfilter_umh pid 46\r\n[   25.170017] NET: Registered PF_PACKET protocol family\r\n[   25.170017] NET: Registered PF_PACKET protocol family\r\n[   25.206295] Bridge firewalling registered\r\n[   25.206295] Bridge firewalling registered\r\n[   25.274580] Key type dns_resolver registered\r\n[   25.274580] Key type dns_resolver registered\r\n[   25.356938] NET: Registered PF_VSOCK protocol family\r\n[   25.356938] NET: Registered PF_VSOCK protocol family\r\n[   25.485754] registered taskstats version 1\r\n[   25.485754] registered taskstats version 1\r\n[   25.679551] Loading compiled-in X.509 certificates\r\n[   25.679551] Loading compiled-in X.509 certificates\r\n[   25.870053] zswap: loaded using pool lzo/zbud\r\n[   25.870053] zswap: loaded using pool lzo/zbud\r\n[   25.952361] Key type .fscrypt registered\r\n[   25.952361] Key type .fscrypt registered\r\n[   25.981170] Key type fscrypt-provisioning registered\r\n[   25.981170] Key type fscrypt-provisioning registered\r\n[   26.161801] Key type encrypted registered\r\n[   26.161801] Key type encrypted registered\r\n[   26.257383] clk: Disabling unused clocks\r\n[   26.257383] clk: Disabling unused clocks\r\n[   26.737191] EXT4-fs (vda): write access unavailable, skipping orphan cleanup\r\n[   26.737191] EXT4-fs (vda): write access unavailable, skipping orphan cleanup\r\n[   26.775015] EXT4-fs (vda): mounted filesystem with ordered data mode. Quota mode: none.\r\n[   26.775015] EXT4-fs (vda): mounted filesystem with ordered data mode. Quota mode: none.\r\n[   26.935549] VFS: Mounted root (ext4 filesystem) readonly on device 254:0.\r\n[   26.935549] VFS: Mounted root (ext4 filesystem) readonly on device 254:0.\r\n[   27.034462] devtmpfs: mounted\r\n[   27.034462] devtmpfs: mounted\r\n[   27.067784] Freeing unused kernel memory: 2240K\r\n[   27.067784] Freeing unused kernel memory: 2240K\r\n[   27.152716] Run /sbin/tachyon-init as init process\r\n[   27.152716] Run /sbin/tachyon-init as init process\r\n\n--- fc.log (tail) ---\n2026-09-17T06:16:16.315065015 [env-01m2q04e46vbtvxqnsn88rp278:main] If the VM was restored from snapshot, boot-source, machine-config.smt, and machine-config.cpu_template will all be empty.\n2026-09-17T06:16:16.330998237 [env-01m2q04e46vbtvxqnsn88rp278:main] Could not read the coherency line size, size, number of sets for cache level 1.\n2026-09-17T06:16:16.331077524 [env-01m2q04e46vbtvxqnsn88rp278:main] Could not read the coherency line size, size, number of sets for cache level 1.\n2026-09-17T06:16:16.331474628 [env-01m2q04e46vbtvxqnsn88rp278:fc_vcpu 0] Received a VcpuEvent::Resume message with immediate_exit enabled. immediate_exit was disabled before proceeding\n","environment_id":"env_01m2q04e46vbtvxqnsn88rp278","target":"tachyon_serverless_application::services::invoke"}
{"timestamp":"2026-09-17T06:16:46.295739Z","level":"INFO","message":"invocation failed","invocation_id":"inv_01m2q04e2chwhf6fnr23evrfxs","class":"init_error","error_type":"Host.EnvironmentBootFailed","target":"tachyon_serverless_application::services::invoke"}
{"timestamp":"2026-09-17T06:16:46.586500Z","level":"WARN","message":"boot failed; cleaning up","env_id":"env_01m2q04eh6179mebzsj04v3vd2","error":"boot failed: timeout waiting for guest bridge on /srv/jailer/firecracker/env-01m2q04eh6179mebzsj04v3vd2/root/v.sock_5000 after 30s\n--- console.log (tail) ---\n...blk virtio0: 1/0/0 default/read/poll queues\r\n[   20.857841] virtio_blk virtio0: 1/0/0 default/read/poll queues\r\n[   21.191532] virtio_blk virtio0: [vda] 131072 512-byte logical blocks (67.1 MB/64.0 MiB)\r\n[   21.191532] virtio_blk virtio0: [vda] 131072 512-byte logical blocks (67.1 MB/64.0 MiB)\r\n[   21.659674] virtio_blk virtio1: 1/0/0 default/read/poll queues\r\n[   21.659674] virtio_blk virtio1: 1/0/0 default/read/poll queues\r\n[   21.767890] virtio_blk virtio1: [vdb] 20480 512-byte logical blocks (10.5 MB/10.0 MiB)\r\n[   21.767890] virtio_blk virtio1: [vdb] 20480 512-byte logical blocks (10.5 MB/10.0 MiB)\r\n[   22.054420] virtio_blk virtio2: 1/0/0 default/read/poll queues\r\n[   22.054420] virtio_blk virtio2: 1/0/0 default/read/poll queues\r\n[   22.098416] virtio_blk virtio2: [vdc] 524288 512-byte logical blocks (268 MB/256 MiB)\r\n[   22.098416] virtio_blk virtio2: [vdc] 524288 512-byte logical blocks (268 MB/256 MiB)\r\n[   22.350918] Loading iSCSI transport class v2.0-870.\r\n[   22.350918] Loading iSCSI transport class v2.0-870.\r\n[   22.449782] iscsi: registered transport (tcp)\r\n[   22.449782] iscsi: registered transport (tcp)\r\n[   22.691751] rtc-pl031 40001000.rtc: registered as rtc0\r\n[   22.691751] rtc-pl031 40001000.rtc: registered as rtc0\r\n[   23.151017] rtc-pl031 40001000.rtc: setting system clock to 2026-09-17T06:16:42 UTC (1789625802)\r\n[   23.151017] rtc-pl031 40001000.rtc: setting system clock to 2026-09-17T06:16:42 UTC (1789625802)\r\n[   23.560085] vmclock 801fe000.ptp: vmclock0: registered miscdev\r\n[   23.560085] vmclock 801fe000.ptp: vmclock0: registered miscdev\r\n[   23.754554] hid: raw HID events driver (C) Jiri Kosina\r\n[   23.754554] hid: raw HID events driver (C) Jiri Kosina\r\n[   24.041918] Initializing XFRM netlink socket\r\n[   24.041918] Initializing XFRM netlink socket\r\n[   24.143360] NET: Registered PF_INET6 protocol family\r\n[   24.143360] NET: Registered PF_INET6 protocol family\r\n[   24.441336] Segment Routing with IPv6\r\n[   24.441336] Segment Routing with IPv6\r\n[   24.462806] In-situ OAM (IOAM) with IPv6\r\n[   24.462806] In-situ OAM (IOAM) with IPv6\r\n[   24.843135] bpfilter: Loaded bpfilter_umh pid 46\r\n[   24.843135] bpfilter: Loaded bpfilter_umh pid 46\r\n[   25.041743] NET: Registered PF_PACKET protocol family\r\n[   25.041743] NET: Registered PF_PACKET protocol family\r\n[   25.171646] Bridge firewalling registered\r\n[   25.171646] Bridge firewalling registered\r\n[   25.331741] Key type dns_resolver registered\r\n[   25.331741] Key type dns_resolver registered\r\n[   25.433703] NET: Registered PF_VSOCK protocol family\r\n[   25.433703] NET: Registered PF_VSOCK protocol family\r\n[   25.663748] registered taskstats version 1\r\n[   25.663748] registered taskstats version 1\r\n[   25.834525] Loading compiled-in X.509 certificates\r\n[   25.834525] Loading compiled-in X.509 certificates\r\n[   25.934247] zswap: loaded using pool lzo/zbud\r\n[   25.934247] zswap: loaded using pool lzo/zbud\r\n[   25.965756] Key type .fscrypt registered\r\n[   25.965756] Key type .fscrypt registered\r\n[   26.034182] Key type fscrypt-provisioning registered\r\n[   26.034182] Key type fscrypt-provisioning registered\r\n[   26.071949] Key type encrypted registered\r\n[   26.071949] Key type encrypted registered\r\n[   26.175965] clk: Disabling unused clocks\r\n[   26.175965] clk: Disabling unused clocks\r\n[   26.631093] EXT4-fs (vda): write access unavailable, skipping orphan cleanup\r\n[   26.631093] EXT4-fs (vda): write access unavailable, skipping orphan cleanup\r\n[   26.724960] EXT4-fs (vda): mounted filesystem with ordered data mode. Quota mode: none.\r\n[   26.724960] EXT4-fs (vda): mounted filesystem with ordered data mode. Quota mode: none.\r\n[   26.764001] VFS: Mounted root (ext4 filesystem) readonly on device 254:0.\r\n[   26.764001] VFS: Mounted root (ext4 filesystem) readonly on device 254:0.\r\n[   27.061117] devtmpfs: mounted\r\n[   27.061117] devtmpfs: mounted\r\n[   27.152078] Freeing unused kernel memory: 2240K\r\n[   27.152078] Freeing unused kernel memory: 2240K\r\n[   27.241951] Run /sbin/tachyon-init as init process\r\n[   27.241951] Run /sbin/tachyon-init as init process\r\n\n--- fc.log (tail) ---\n2026-09-17T06:16:16.715636250 [env-01m2q04eh6179mebzsj04v3vd2:main] If the VM was restored from snapshot, boot-source, machine-config.smt, and machine-config.cpu_template will all be empty.\n2026-09-17T06:16:16.726761483 [env-01m2q04eh6179mebzsj04v3vd2:main] Could not read the coherency line size, size, number of sets for cache level 1.\n2026-09-17T06:16:16.726847719 [env-01m2q04eh6179mebzsj04v3vd2:main] Could not read the coherency line size, size, number of sets for cache level 1.\n2026-09-17T06:16:16.727080933 [env-01m2q04eh6179mebzsj04v3vd2:fc_vcpu 0] Received a VcpuEvent::Resume message with immediate_exit enabled. immediate_exit was disabled before proceeding\n","target":"tachyon_serverless_provider_firecracker::provider"}
{"timestamp":"2026-09-17T06:16:46.697151Z","level":"INFO","message":"cgroup stats at teardown","env_id":"env_01m2q04eh6179mebzsj04v3vd2","cgroup":"/sys/fs/cgroup/tachyon/env_01m2q04eh6179mebzsj04v3vd2","stats":"{\"cpu.max\":\"50000 100000\",\"cpu.stat\":{\"burst_usec\":0,\"core_sched.force_idle_usec\":0,\"nice_usec\":0,\"nr_bursts\":0,\"nr_periods\":302,\"nr_throttled\":276,\"system_usec\":8693499,\"throttled_usec\":15103057,\"usage_usec\":14632662,\"user_usec\":5939163},\"memory.current\":4079616,\"memory.events\":{\"high\":0,\"low\":0,\"max\":0,\"oom\":0,\"oom_group_kill\":0,\"oom_kill\":0,\"sock_throttled\":0},\"memory.max\":335544320,\"memory.peak\":39956480,\"pids.max\":64,\"pids.peak\":3}","target":"tachyon_serverless_provider_firecracker::provider"}
{"timestamp":"2026-09-17T06:16:46.721054Z","level":"WARN","message":"environment creation failed","error":"boot failed: timeout waiting for guest bridge on /srv/jailer/firecracker/env-01m2q04eh6179mebzsj04v3vd2/root/v.sock_5000 after 30s\n--- console.log (tail) ---\n...blk virtio0: 1/0/0 default/read/poll queues\r\n[   20.857841] virtio_blk virtio0: 1/0/0 default/read/poll queues\r\n[   21.191532] virtio_blk virtio0: [vda] 131072 512-byte logical blocks (67.1 MB/64.0 MiB)\r\n[   21.191532] virtio_blk virtio0: [vda] 131072 512-byte logical blocks (67.1 MB/64.0 MiB)\r\n[   21.659674] virtio_blk virtio1: 1/0/0 default/read/poll queues\r\n[   21.659674] virtio_blk virtio1: 1/0/0 default/read/poll queues\r\n[   21.767890] virtio_blk virtio1: [vdb] 20480 512-byte logical blocks (10.5 MB/10.0 MiB)\r\n[   21.767890] virtio_blk virtio1: [vdb] 20480 512-byte logical blocks (10.5 MB/10.0 MiB)\r\n[   22.054420] virtio_blk virtio2: 1/0/0 default/read/poll queues\r\n[   22.054420] virtio_blk virtio2: 1/0/0 default/read/poll queues\r\n[   22.098416] virtio_blk virtio2: [vdc] 524288 512-byte logical blocks (268 MB/256 MiB)\r\n[   22.098416] virtio_blk virtio2: [vdc] 524288 512-byte logical blocks (268 MB/256 MiB)\r\n[   22.350918] Loading iSCSI transport class v2.0-870.\r\n[   22.350918] Loading iSCSI transport class v2.0-870.\r\n[   22.449782] iscsi: registered transport (tcp)\r\n[   22.449782] iscsi: registered transport (tcp)\r\n[   22.691751] rtc-pl031 40001000.rtc: registered as rtc0\r\n[   22.691751] rtc-pl031 40001000.rtc: registered as rtc0\r\n[   23.151017] rtc-pl031 40001000.rtc: setting system clock to 2026-09-17T06:16:42 UTC (1789625802)\r\n[   23.151017] rtc-pl031 40001000.rtc: setting system clock to 2026-09-17T06:16:42 UTC (1789625802)\r\n[   23.560085] vmclock 801fe000.ptp: vmclock0: registered miscdev\r\n[   23.560085] vmclock 801fe000.ptp: vmclock0: registered miscdev\r\n[   23.754554] hid: raw HID events driver (C) Jiri Kosina\r\n[   23.754554] hid: raw HID events driver (C) Jiri Kosina\r\n[   24.041918] Initializing XFRM netlink socket\r\n[   24.041918] Initializing XFRM netlink socket\r\n[   24.143360] NET: Registered PF_INET6 protocol family\r\n[   24.143360] NET: Registered PF_INET6 protocol family\r\n[   24.441336] Segment Routing with IPv6\r\n[   24.441336] Segment Routing with IPv6\r\n[   24.462806] In-situ OAM (IOAM) with IPv6\r\n[   24.462806] In-situ OAM (IOAM) with IPv6\r\n[   24.843135] bpfilter: Loaded bpfilter_umh pid 46\r\n[   24.843135] bpfilter: Loaded bpfilter_umh pid 46\r\n[   25.041743] NET: Registered PF_PACKET protocol family\r\n[   25.041743] NET: Registered PF_PACKET protocol family\r\n[   25.171646] Bridge firewalling registered\r\n[   25.171646] Bridge firewalling registered\r\n[   25.331741] Key type dns_resolver registered\r\n[   25.331741] Key type dns_resolver registered\r\n[   25.433703] NET: Registered PF_VSOCK protocol family\r\n[   25.433703] NET: Registered PF_VSOCK protocol family\r\n[   25.663748] registered taskstats version 1\r\n[   25.663748] registered taskstats version 1\r\n[   25.834525] Loading compiled-in X.509 certificates\r\n[   25.834525] Loading compiled-in X.509 certificates\r\n[   25.934247] zswap: loaded using pool lzo/zbud\r\n[   25.934247] zswap: loaded using pool lzo/zbud\r\n[   25.965756] Key type .fscrypt registered\r\n[   25.965756] Key type .fscrypt registered\r\n[   26.034182] Key type fscrypt-provisioning registered\r\n[   26.034182] Key type fscrypt-provisioning registered\r\n[   26.071949] Key type encrypted registered\r\n[   26.071949] Key type encrypted registered\r\n[   26.175965] clk: Disabling unused clocks\r\n[   26.175965] clk: Disabling unused clocks\r\n[   26.631093] EXT4-fs (vda): write access unavailable, skipping orphan cleanup\r\n[   26.631093] EXT4-fs (vda): write access unavailable, skipping orphan cleanup\r\n[   26.724960] EXT4-fs (vda): mounted filesystem with ordered data mode. Quota mode: none.\r\n[   26.724960] EXT4-fs (vda): mounted filesystem with ordered data mode. Quota mode: none.\r\n[   26.764001] VFS: Mounted root (ext4 filesystem) readonly on device 254:0.\r\n[   26.764001] VFS: Mounted root (ext4 filesystem) readonly on device 254:0.\r\n[   27.061117] devtmpfs: mounted\r\n[   27.061117] devtmpfs: mounted\r\n[   27.152078] Freeing unused kernel memory: 2240K\r\n[   27.152078] Freeing unused kernel memory: 2240K\r\n[   27.241951] Run /sbin/tachyon-init as init process\r\n[   27.241951] Run /sbin/tachyon-init as init process\r\n\n--- fc.log (tail) ---\n2026-09-17T06:16:16.715636250 [env-01m2q04eh6179mebzsj04v3vd2:main] If the VM was restored from snapshot, boot-source, machine-config.smt, and machine-config.cpu_template will all be empty.\n2026-09-17T06:16:16.726761483 [env-01m2q04eh6179mebzsj04v3vd2:main] Could not read the coherency line size, size, number of sets for cache level 1.\n2026-09-17T06:16:16.726847719 [env-01m2q04eh6179mebzsj04v3vd2:main] Could not read the coherency line size, size, number of sets for cache level 1.\n2026-09-17T06:16:16.727080933 [env-01m2q04eh6179mebzsj04v3vd2:fc_vcpu 0] Received a VcpuEvent::Resume message with immediate_exit enabled. immediate_exit was disabled before proceeding\n","environment_id":"env_01m2q04eh6179mebzsj04v3vd2","target":"tachyon_serverless_application::services::invoke"}
{"timestamp":"2026-09-17T06:16:46.757028Z","level":"INFO","message":"invocation failed","invocation_id":"inv_01m2q04efw65sxavp0kwtfzw90","class":"init_error","error_type":"Host.EnvironmentBootFailed","target":"tachyon_serverless_application::services::invoke"}
{"timestamp":"2026-09-17T06:16:47.182316Z","level":"INFO","message":"invocation finished","invocation_id":"inv_01m2q05bxac92yqb8ggpmvzyg6","status":"succeeded","handler_ms":376,"environment_boot_ms":0,"runtime_init_ms":0,"target":"tachyon_serverless_application::services::invoke"}
{"timestamp":"2026-09-17T06:16:47.399596Z","level":"INFO","message":"invocation finished","invocation_id":"inv_01m2q05cdsatv3tb1022n2vknt","status":"succeeded","handler_ms":64,"environment_boot_ms":0,"runtime_init_ms":0,"target":"tachyon_serverless_application::services::invoke"}
{"timestamp":"2026-09-17T06:16:55.393909Z","level":"INFO","message":"SIGTERM received","target":"tachyon_serverless_gateway"}
{"timestamp":"2026-09-17T06:16:55.394033Z","level":"INFO","message":"shutdown requested; cancelling in-flight invocations","target":"tachyon_serverless_gateway"}
{"timestamp":"2026-09-17T06:16:55.501930Z","level":"INFO","message":"cgroup stats at teardown","env_id":"env_01m2q038gs16ne48t1jr1k8yxn","cgroup":"/sys/fs/cgroup/tachyon/env_01m2q038gs16ne48t1jr1k8yxn","stats":"{\"cpu.max\":\"50000 100000\",\"cpu.stat\":{\"burst_usec\":0,\"core_sched.force_idle_usec\":0,\"nice_usec\":0,\"nr_bursts\":0,\"nr_periods\":225,\"nr_throttled\":200,\"system_usec\":6359326,\"throttled_usec\":10170471,\"usage_usec\":10651166,\"user_usec\":4291839},\"memory.current\":4067328,\"memory.events\":{\"high\":0,\"low\":0,\"max\":0,\"oom\":0,\"oom_group_kill\":0,\"oom_kill\":0,\"sock_throttled\":0},\"memory.max\":335544320,\"memory.peak\":43589632,\"pids.max\":64,\"pids.peak\":3}","target":"tachyon_serverless_provider_firecracker::provider"}
{"timestamp":"2026-09-17T06:16:55.514340Z","level":"INFO","message":"environment terminated","env_id":"env_01m2q038gs16ne48t1jr1k8yxn","reason":"Quiesced","was_running":true,"target":"tachyon_serverless_provider_firecracker::provider"}
{"timestamp":"2026-09-17T06:16:55.543769Z","level":"INFO","message":"idle environment reaped","environment_id":"env_01m2q038gs16ne48t1jr1k8yxn","target":"tachyon_serverless_application::services::pool"}
{"timestamp":"2026-09-17T06:16:55.607487Z","level":"INFO","message":"cgroup stats at teardown","env_id":"env_01m2q040gtdr2kvz7vfky0aase","cgroup":"/sys/fs/cgroup/tachyon/env_01m2q040gtdr2kvz7vfky0aase","stats":"{\"cpu.max\":\"50000 100000\",\"cpu.stat\":{\"burst_usec\":0,\"core_sched.force_idle_usec\":0,\"nice_usec\":0,\"nr_bursts\":0,\"nr_periods\":108,\"nr_throttled\":100,\"system_usec\":2933587,\"throttled_usec\":4890291,\"usage_usec\":5156611,\"user_usec\":2223023},\"memory.current\":3801088,\"memory.events\":{\"high\":0,\"low\":0,\"max\":0,\"oom\":0,\"oom_group_kill\":0,\"oom_kill\":0,\"sock_throttled\":0},\"memory.max\":335544320,\"memory.peak\":43515904,\"pids.max\":64,\"pids.peak\":3}","target":"tachyon_serverless_provider_firecracker::provider"}
{"timestamp":"2026-09-17T06:16:55.618253Z","level":"INFO","message":"environment terminated","env_id":"env_01m2q040gtdr2kvz7vfky0aase","reason":"Quiesced","was_running":true,"target":"tachyon_serverless_provider_firecracker::provider"}
{"timestamp":"2026-09-17T06:16:55.626224Z","level":"INFO","message":"idle environment reaped","environment_id":"env_01m2q040gtdr2kvz7vfky0aase","target":"tachyon_serverless_application::services::pool"}
{"timestamp":"2026-09-17T06:16:55.689220Z","level":"INFO","message":"cgroup stats at teardown","env_id":"env_01m2q040gsy2981qh1f7z4sc93","cgroup":"/sys/fs/cgroup/tachyon/env_01m2q040gsy2981qh1f7z4sc93","stats":"{\"cpu.max\":\"50000 100000\",\"cpu.stat\":{\"burst_usec\":0,\"core_sched.force_idle_usec\":0,\"nice_usec\":0,\"nr_bursts\":0,\"nr_periods\":110,\"nr_throttled\":103,\"system_usec\":2879817,\"throttled_usec\":4901273,\"usage_usec\":5260280,\"user_usec\":2380462},\"memory.current\":4063232,\"memory.events\":{\"high\":0,\"low\":0,\"max\":0,\"oom\":0,\"oom_group_kill\":0,\"oom_kill\":0,\"sock_throttled\":0},\"memory.max\":335544320,\"memory.peak\":43274240,\"pids.max\":64,\"pids.peak\":3}","target":"tachyon_serverless_provider_firecracker::provider"}
{"timestamp":"2026-09-17T06:16:55.717704Z","level":"INFO","message":"environment terminated","env_id":"env_01m2q040gsy2981qh1f7z4sc93","reason":"Quiesced","was_running":true,"target":"tachyon_serverless_provider_firecracker::provider"}
{"timestamp":"2026-09-17T06:16:55.729734Z","level":"INFO","message":"idle environment reaped","environment_id":"env_01m2q040gsy2981qh1f7z4sc93","target":"tachyon_serverless_application::services::pool"}
{"timestamp":"2026-09-17T06:16:55.848879Z","level":"INFO","message":"cgroup stats at teardown","env_id":"env_01m2q00ecc7cets75awg23zfhn","cgroup":"/sys/fs/cgroup/tachyon/env_01m2q00ecc7cets75awg23zfhn","stats":"{\"cpu.max\":\"50000 100000\",\"cpu.stat\":{\"burst_usec\":0,\"core_sched.force_idle_usec\":0,\"nice_usec\":0,\"nr_bursts\":0,\"nr_periods\":352,\"nr_throttled\":199,\"system_usec\":9126374,\"throttled_usec\":9705141,\"usage_usec\":13326017,\"user_usec\":4199642},\"memory.current\":3813376,\"memory.events\":{\"high\":0,\"low\":0,\"max\":0,\"oom\":0,\"oom_group_kill\":0,\"oom_kill\":0,\"sock_throttled\":0},\"memory.max\":335544320,\"memory.peak\":43683840,\"pids.max\":64,\"pids.peak\":3}","target":"tachyon_serverless_provider_firecracker::provider"}
{"timestamp":"2026-09-17T06:16:55.863607Z","level":"INFO","message":"environment terminated","env_id":"env_01m2q00ecc7cets75awg23zfhn","reason":"Quiesced","was_running":true,"target":"tachyon_serverless_provider_firecracker::provider"}
{"timestamp":"2026-09-17T06:16:55.871933Z","level":"INFO","message":"idle environment reaped","environment_id":"env_01m2q00ecc7cets75awg23zfhn","target":"tachyon_serverless_application::services::pool"}
{"timestamp":"2026-09-17T06:16:55.872000Z","level":"INFO","message":"idle sweep finished","examined":4,"reaped":4,"raced":0,"failed":0,"target":"tachyon_serverless_application::services::pool"}
{"timestamp":"2026-09-17T06:16:55.872008Z","level":"INFO","message":"pooled environments terminated on shutdown","reaped":4,"target":"tachyon_serverless_gateway"}
{"timestamp":"2026-09-17T06:16:55.923456Z","level":"INFO","message":"gateway stopped","target":"tachyon_serverless_gateway"}
