
===== a start (failpoints: none) 04:36:43 =====
{"timestamp":"2026-09-18T04:36:43.623464Z","level":"INFO","message":"configuration loaded","config":"/home/takanorifukuyama.guest/w/tsls-chaos.MXsuhx/gw-a.toml","target":"tachyon_serverless_gateway"}
{"timestamp":"2026-09-18T04:36:43.625833Z","level":"INFO","message":"connected successfully","server":"42715","max_payload":"1048576","target":"async_nats::connector"}
{"timestamp":"2026-09-18T04:36:43.625935Z","level":"INFO","message":"event: connected","target":"async_nats"}
{"timestamp":"2026-09-18T04:36:43.632344Z","level":"INFO","message":"JetStream queue connected and stream bootstrapped","url":"nats://127.0.0.1:42715","stream":"TACHYON_EVENTS","target":"tachyon_serverless_gateway::durable"}
{"timestamp":"2026-09-18T04:36:43.641798Z","level":"INFO","message":"state store opened","path":"/home/takanorifukuyama.guest/w/tsls-chaos.MXsuhx/data/state.db","schema_version":8,"migrations_applied":"[1, 2, 3, 4, 5, 6, 7, 8]","imported_state_json":"None","settled_invocations":0,"settled_attempts":0,"settled_environments":0,"released_leases":0,"dropped_idempotency_keys":0,"purged_idempotency_keys":0,"outputs_purged":0,"target":"tachyon_serverless_application::app"}
{"timestamp":"2026-09-18T04:36:43.647906Z","level":"INFO","message":"log store opened","path":"/home/takanorifukuyama.guest/w/tsls-chaos.MXsuhx/data/logs/logs.db","healthy":true,"retention_seconds":604800,"max_total_bytes":1073741824,"target":"tachyon_serverless_application::app"}
{"timestamp":"2026-09-18T04:36:43.648446Z","level":"INFO","message":"dispatcher registered","dispatcher_id":"dsp_01m2sctwfzbez8jq0kkr51c8r1","instance":"chaos-a","pid":851301,"lease_ttl_seconds":6,"target":"tachyon_serverless_application::services::dispatcher"}
{"timestamp":"2026-09-18T04:36:43.657732Z","level":"INFO","message":"application bootstrapped","profile":"dev","provider":"process","dev_only":true,"environment_reuse":false,"reuse_verified":false,"reuse_reason":"[pool] enabled is false","reuse_disabled":"Some(Configuration)","idle_quiesce":"unsupported","idle_resume":"unsupported","data_dir":"/home/takanorifukuyama.guest/w/tsls-chaos.MXsuhx/data","store":"sqlite","dispatcher_id":"dsp_01m2sctwfzbez8jq0kkr51c8r1","node":"local","node_region":"none","node_memory_mib":"None","max_concurrency":8,"queue":"nats","objects":"filesystem","invoke_async":true,"triggers":true,"target":"tachyon_serverless_application::app"}
{"timestamp":"2026-09-18T04:36:43.657899Z","level":"INFO","message":"startup reconcile finished","provider":"process","found":0,"adopted":0,"terminated":0,"disowned":0,"failed":0,"lost":0,"foreign":0,"reclaimed_dispatchers":0,"fenced_terminated":0,"fenced_pending":0,"target":"tachyon_serverless_application::services::reconcile"}
{"timestamp":"2026-09-18T04:36:43.657960Z","level":"INFO","message":"gateway listening","addr":"127.0.0.1:55737","profile":"dev","provider":"process","target":"tachyon_serverless_gateway"}
{"timestamp":"2026-09-18T04:36:43.659047Z","level":"INFO","message":"asynchronous dispatcher started","workers":2,"owner":"dsp_01m2sctwfzbez8jq0kkr51c8r1","target":"tachyon_serverless_gateway"}
{"timestamp":"2026-09-18T04:36:47.538089Z","level":"INFO","message":"revision ready","revision_id":"rev_01m2sctz4c199fysp71ecka903","function_id":"fn_01m2sctwrnf45vfvas0hrezykq","target":"tachyon_serverless_application::services::revision"}
{"timestamp":"2026-09-18T04:36:51.122380Z","level":"INFO","message":"revision ready","revision_id":"rev_01m2scv2naszs7s2t1wvnp8fy9","function_id":"fn_01m2scv0b8jz40pagdbwyctgv7","target":"tachyon_serverless_application::services::revision"}
{"timestamp":"2026-09-18T04:36:54.773865Z","level":"INFO","message":"revision ready","revision_id":"rev_01m2scv66yhfrdmq65m1ctnhpe","function_id":"fn_01m2scv3wbqqs43xx0xmvaeep8","target":"tachyon_serverless_application::services::revision"}
{"timestamp":"2026-09-18T04:36:54.838914Z","level":"INFO","message":"trigger created","trigger_id":"trg_01m2scv7dph0dw26b1xx0e5zh9","function_id":"fn_01m2scv0b8jz40pagdbwyctgv7","kind":"cron","enabled":true,"next_fire_at":"Some(2026-09-18T04:36:56Z)","target":"tachyon_serverless_application::services::triggers"}
{"timestamp":"2026-09-18T04:36:54.843796Z","level":"INFO","message":"trigger created","trigger_id":"trg_01m2scv7dvqw0n29ab4eq6p2aj","function_id":"fn_01m2scv0b8jz40pagdbwyctgv7","kind":"webhook","enabled":true,"next_fire_at":"None","target":"tachyon_serverless_application::services::triggers"}
{"timestamp":"2026-09-18T04:36:56.003656Z","level":"INFO","message":"asynchronous invocation accepted","invocation_id":"inv_01m2scv8j2egrbs9x628d7qem8","tenant_id":"tn_01hzzzzzzzzzzzzzzzzzzzzzza","revision_id":"rev_01m2scv2naszs7s2t1wvnp8fy9","input_bytes":180,"input_storage":"inline","target":"tachyon_serverless_application::services::invoke_async"}
{"timestamp":"2026-09-18T04:36:56.003701Z","level":"INFO","message":"cron trigger fired","trigger_id":"trg_01m2scv7dph0dw26b1xx0e5zh9","scheduled_at":"2026-09-18T04:36:56Z","invocation_id":"inv_01m2scv8j2egrbs9x628d7qem8","revision_id":"rev_01m2scv2naszs7s2t1wvnp8fy9","replayed":false,"target":"tachyon_serverless_application::services::triggers"}
{"timestamp":"2026-09-18T04:36:56.007311Z","level":"INFO","message":"asynchronous run claimed","invocation_id":"inv_01m2scv8j2egrbs9x628d7qem8","attempt":1,"generation":0,"delivery_count":1,"target":"tachyon_serverless_application::services::invoke_async::dispatch"}
{"timestamp":"2026-09-18T04:36:56.010806Z","level":"INFO","message":"bridge spawned","environment_id":"env_01m2scv7e64tcq5z2h68dp41mj","pid":851969,"target":"tachyon_serverless_provider_process"}
{"timestamp":"2026-09-18T04:36:56.032926Z","level":"INFO","message":"invocation finished","invocation_id":"inv_01m2scv7e5j09vc7kgyqkz4ph0","status":"succeeded","handler_ms":4,"environment_boot_ms":1,"runtime_init_ms":3,"target":"tachyon_serverless_application::services::invoke"}
{"timestamp":"2026-09-18T04:36:56.034918Z","level":"INFO","message":"terminating bridge","environment_id":"env_01m2scv7e64tcq5z2h68dp41mj","pid":851969,"reason":"Completed","graceful":true,"target":"tachyon_serverless_provider_process"}
{"timestamp":"2026-09-18T04:36:56.059423Z","level":"INFO","message":"asynchronous invocation accepted","invocation_id":"inv_01m2scv8ktn6cjnwj66gr325d9","tenant_id":"tn_01hzzzzzzzzzzzzzzzzzzzzzza","revision_id":"rev_01m2sctz4c199fysp71ecka903","input_bytes":47,"input_storage":"inline","target":"tachyon_serverless_application::services::invoke_async"}
{"timestamp":"2026-09-18T04:36:56.062213Z","level":"INFO","message":"asynchronous run claimed","invocation_id":"inv_01m2scv8ktn6cjnwj66gr325d9","attempt":1,"generation":0,"delivery_count":1,"target":"tachyon_serverless_application::services::invoke_async::dispatch"}
{"timestamp":"2026-09-18T04:36:56.084925Z","level":"INFO","message":"asynchronous invocation accepted","invocation_id":"inv_01m2scv8mhv30kscghpnfg7k5p","tenant_id":"tn_01hzzzzzzzzzzzzzzzzzzzzzza","revision_id":"rev_01m2sctz4c199fysp71ecka903","input_bytes":4127,"input_storage":"object","target":"tachyon_serverless_application::services::invoke_async"}
{"timestamp":"2026-09-18T04:36:56.100638Z","level":"INFO","message":"asynchronous invocation accepted","invocation_id":"inv_01m2scv8n3nwkkfd7dtew1wh3c","tenant_id":"tn_01hzzzzzzzzzzzzzzzzzzzzzza","revision_id":"rev_01m2scv2naszs7s2t1wvnp8fy9","input_bytes":189,"input_storage":"inline","target":"tachyon_serverless_application::services::invoke_async"}
{"timestamp":"2026-09-18T04:36:56.100677Z","level":"INFO","message":"webhook trigger fired","trigger_id":"trg_01m2scv7dvqw0n29ab4eq6p2aj","event_id":"evt-pre-w1","invocation_id":"inv_01m2scv8n3nwkkfd7dtew1wh3c","revision_id":"rev_01m2scv2naszs7s2t1wvnp8fy9","replayed":false,"target":"tachyon_serverless_application::services::triggers"}
{"timestamp":"2026-09-18T04:36:57.198023Z","level":"INFO","message":"bridge spawned","environment_id":"env_01m2scv8j71rjjrzy2h2f39bmp","pid":852047,"target":"tachyon_serverless_provider_process"}
{"timestamp":"2026-09-18T04:36:57.232293Z","level":"INFO","message":"invocation finished","invocation_id":"inv_01m2scv8j2egrbs9x628d7qem8","status":"succeeded (async run)","handler_ms":4,"environment_boot_ms":3,"runtime_init_ms":14,"target":"tachyon_serverless_application::services::invoke"}
{"timestamp":"2026-09-18T04:36:57.237501Z","level":"INFO","message":"terminating bridge","environment_id":"env_01m2scv8j71rjjrzy2h2f39bmp","pid":852047,"reason":"Completed","graceful":true,"target":"tachyon_serverless_provider_process"}
{"timestamp":"2026-09-18T04:36:57.241316Z","level":"INFO","message":"asynchronous invocation settled","invocation_id":"inv_01m2scv8j2egrbs9x628d7qem8","status":"succeeded","target":"tachyon_serverless_application::services::invoke_async::dispatch"}
{"timestamp":"2026-09-18T04:36:57.242085Z","level":"INFO","message":"async dispatch: delivery handled","message_id":"inv_01m2scv8j2egrbs9x628d7qem8","sequence":1,"delivery_count":1,"outcome":"Completed { status: \"succeeded\" }","target":"tachyon_serverless_application::services::invoke_async::dispatch"}
{"timestamp":"2026-09-18T04:36:57.242902Z","level":"INFO","message":"asynchronous run claimed","invocation_id":"inv_01m2scv8mhv30kscghpnfg7k5p","attempt":1,"generation":0,"delivery_count":1,"target":"tachyon_serverless_application::services::invoke_async::dispatch"}
{"timestamp":"2026-09-18T04:36:57.283260Z","level":"INFO","message":"bridge spawned","environment_id":"env_01m2scv8kyrk3armpa0x61c6k3","pid":852057,"target":"tachyon_serverless_provider_process"}
{"timestamp":"2026-09-18T04:36:57.303096Z","level":"INFO","message":"bridge spawned","environment_id":"env_01m2scv8ndg0n24zmqqycrh1x1","pid":852067,"target":"tachyon_serverless_provider_process"}
{"timestamp":"2026-09-18T04:36:57.331655Z","level":"INFO","message":"invocation finished","invocation_id":"inv_01m2scv8ktn6cjnwj66gr325d9","status":"succeeded (async run)","handler_ms":6,"environment_boot_ms":1,"runtime_init_ms":16,"target":"tachyon_serverless_application::services::invoke"}
{"timestamp":"2026-09-18T04:36:57.336744Z","level":"INFO","message":"terminating bridge","environment_id":"env_01m2scv8kyrk3armpa0x61c6k3","pid":852057,"reason":"Completed","graceful":true,"target":"tachyon_serverless_provider_process"}
{"timestamp":"2026-09-18T04:36:57.337937Z","level":"INFO","message":"invocation finished","invocation_id":"inv_01m2scv8ncnp2qf48avmyyy4hy","status":"succeeded","handler_ms":0,"environment_boot_ms":1,"runtime_init_ms":24,"target":"tachyon_serverless_application::services::invoke"}
{"timestamp":"2026-09-18T04:36:57.340853Z","level":"INFO","message":"asynchronous invocation settled","invocation_id":"inv_01m2scv8ktn6cjnwj66gr325d9","status":"succeeded","target":"tachyon_serverless_application::services::invoke_async::dispatch"}
{"timestamp":"2026-09-18T04:36:57.341005Z","level":"INFO","message":"terminating bridge","environment_id":"env_01m2scv8ndg0n24zmqqycrh1x1","pid":852067,"reason":"Completed","graceful":true,"target":"tachyon_serverless_provider_process"}
{"timestamp":"2026-09-18T04:36:57.341605Z","level":"INFO","message":"async dispatch: delivery handled","message_id":"inv_01m2scv8ktn6cjnwj66gr325d9","sequence":2,"delivery_count":1,"outcome":"Completed { status: \"succeeded\" }","target":"tachyon_serverless_application::services::invoke_async::dispatch"}
{"timestamp":"2026-09-18T04:36:57.342466Z","level":"INFO","message":"asynchronous run claimed","invocation_id":"inv_01m2scv8n3nwkkfd7dtew1wh3c","attempt":1,"generation":0,"delivery_count":1,"target":"tachyon_serverless_application::services::invoke_async::dispatch"}
{"timestamp":"2026-09-18T04:36:57.368022Z","level":"INFO","message":"asynchronous invocation accepted","invocation_id":"inv_01m2scv9wpgjqfdnx2pw2gmp0q","tenant_id":"tn_01hzzzzzzzzzzzzzzzzzzzzzza","revision_id":"rev_01m2sctz4c199fysp71ecka903","input_bytes":47,"input_storage":"inline","target":"tachyon_serverless_application::services::invoke_async"}
{"timestamp":"2026-09-18T04:36:57.392675Z","level":"INFO","message":"asynchronous invocation accepted","invocation_id":"inv_01m2scv9xcqgyffsb2b3v7wqh0","tenant_id":"tn_01hzzzzzzzzzzzzzzzzzzzzzza","revision_id":"rev_01m2sctz4c199fysp71ecka903","input_bytes":4127,"input_storage":"object","target":"tachyon_serverless_application::services::invoke_async"}
{"timestamp":"2026-09-18T04:36:57.408724Z","level":"INFO","message":"asynchronous invocation accepted","invocation_id":"inv_01m2scv9xz0tr8xe88shgs6s47","tenant_id":"tn_01hzzzzzzzzzzzzzzzzzzzzzza","revision_id":"rev_01m2scv2naszs7s2t1wvnp8fy9","input_bytes":189,"input_storage":"inline","target":"tachyon_serverless_application::services::invoke_async"}
{"timestamp":"2026-09-18T04:36:57.408759Z","level":"INFO","message":"webhook trigger fired","trigger_id":"trg_01m2scv7dvqw0n29ab4eq6p2aj","event_id":"evt-pre-w2","invocation_id":"inv_01m2scv9xz0tr8xe88shgs6s47","revision_id":"rev_01m2scv2naszs7s2t1wvnp8fy9","replayed":false,"target":"tachyon_serverless_application::services::triggers"}
{"timestamp":"2026-09-18T04:36:57.418439Z","level":"INFO","message":"trigger updated","trigger_id":"trg_01m2scv7dph0dw26b1xx0e5zh9","generation":2,"status":"disabled","next_fire_at":"None","rotated_secret":false,"target":"tachyon_serverless_application::services::triggers"}
{"timestamp":"2026-09-18T04:36:57.420327Z","level":"INFO","message":"SIGTERM received","target":"tachyon_serverless_gateway"}
{"timestamp":"2026-09-18T04:36:57.420340Z","level":"INFO","message":"shutdown requested; cancelling in-flight invocations","target":"tachyon_serverless_gateway"}
{"timestamp":"2026-09-18T04:36:57.420353Z","level":"INFO","message":"cancelling in-flight invocations for shutdown","count":2,"target":"tachyon_serverless_application::services::invoke"}
{"timestamp":"2026-09-18T04:36:58.459222Z","level":"INFO","message":"bridge spawned","environment_id":"env_01m2scv9rwqxfc0zhr0p5tk48w","pid":852165,"target":"tachyon_serverless_provider_process"}
{"timestamp":"2026-09-18T04:36:58.462851Z","level":"INFO","message":"terminating bridge","environment_id":"env_01m2scv9rwqxfc0zhr0p5tk48w","pid":852165,"reason":"Shutdown","graceful":true,"target":"tachyon_serverless_provider_process"}
{"timestamp":"2026-09-18T04:36:58.525753Z","level":"INFO","message":"asynchronous invocation rescheduled","invocation_id":"inv_01m2scv8n3nwkkfd7dtew1wh3c","next_attempt_at":"2026-09-18T04:36:58.693998390+00:00","counted":false,"error_type":"Host.GatewayShutdown","target":"tachyon_serverless_application::services::invoke_async::dispatch"}
{"timestamp":"2026-09-18T04:36:58.526519Z","level":"INFO","message":"async dispatch: delivery handled","message_id":"inv_01m2scv8n3nwkkfd7dtew1wh3c","sequence":4,"delivery_count":1,"outcome":"Rescheduled { next_attempt_at: 2026-09-18T04:36:58.693998390Z, counted: false }","target":"tachyon_serverless_application::services::invoke_async::dispatch"}
{"timestamp":"2026-09-18T04:37:00.976674Z","level":"INFO","message":"asynchronous invocation rescheduled","invocation_id":"inv_01m2scv8mhv30kscghpnfg7k5p","next_attempt_at":"2026-09-18T04:37:01.073774724+00:00","counted":false,"error_type":"Host.GatewayShutdown","target":"tachyon_serverless_application::services::invoke_async::dispatch"}
{"timestamp":"2026-09-18T04:37:00.979374Z","level":"INFO","message":"async dispatch: delivery handled","message_id":"inv_01m2scv8mhv30kscghpnfg7k5p","sequence":3,"delivery_count":1,"outcome":"Rescheduled { next_attempt_at: 2026-09-18T04:37:01.073774724Z, counted: false }","target":"tachyon_serverless_application::services::invoke_async::dispatch"}
{"timestamp":"2026-09-18T04:37:00.984043Z","level":"INFO","message":"final usage collection","report":"CollectReport { batches: 1, read: 1, inserted: 1, duplicates: 0, cursor_seq: 22 }","target":"tachyon_serverless_gateway"}
{"timestamp":"2026-09-18T04:37:00.989916Z","level":"INFO","message":"gateway stopped","target":"tachyon_serverless_gateway"}
{"timestamp":"2026-09-18T04:37:00.990394Z","level":"INFO","message":"event: closed","target":"async_nats"}

===== a start (failpoints: accept.after_object_put=kill) 04:37:01 =====
{"timestamp":"2026-09-18T04:37:01.043602Z","level":"INFO","message":"configuration loaded","config":"/home/takanorifukuyama.guest/w/tsls-chaos.MXsuhx/gw-a.toml","target":"tachyon_serverless_gateway"}
{"timestamp":"2026-09-18T04:37:01.046029Z","level":"INFO","message":"connected successfully","server":"42715","max_payload":"1048576","target":"async_nats::connector"}
{"timestamp":"2026-09-18T04:37:01.046135Z","level":"INFO","message":"event: connected","target":"async_nats"}
{"timestamp":"2026-09-18T04:37:01.049439Z","level":"INFO","message":"JetStream queue connected and stream bootstrapped","url":"nats://127.0.0.1:42715","stream":"TACHYON_EVENTS","target":"tachyon_serverless_gateway::durable"}
{"timestamp":"2026-09-18T04:37:01.050875Z","level":"INFO","message":"state store opened","path":"/home/takanorifukuyama.guest/w/tsls-chaos.MXsuhx/data/state.db","schema_version":8,"migrations_applied":"[]","imported_state_json":"None","settled_invocations":0,"settled_attempts":0,"settled_environments":0,"released_leases":0,"dropped_idempotency_keys":0,"purged_idempotency_keys":0,"outputs_purged":0,"target":"tachyon_serverless_application::app"}
{"timestamp":"2026-09-18T04:37:01.052139Z","level":"INFO","message":"log store opened","path":"/home/takanorifukuyama.guest/w/tsls-chaos.MXsuhx/data/logs/logs.db","healthy":true,"retention_seconds":604800,"max_total_bytes":1073741824,"target":"tachyon_serverless_application::app"}
{"timestamp":"2026-09-18T04:37:01.053060Z","level":"INFO","message":"dispatcher registered","dispatcher_id":"dsp_01m2scvdfwj3mp8v7vtp53682n","instance":"chaos-a","pid":852200,"lease_ttl_seconds":6,"target":"tachyon_serverless_application::services::dispatcher"}
{"timestamp":"2026-09-18T04:37:01.053673Z","level":"WARN","message":"reclaimed the work of dispatchers that lost their lease","dispatcher_id":"dsp_01m2scvdfwj3mp8v7vtp53682n","reclaimed_dispatchers":"[DispatcherId(dsp_01m2sctwfzbez8jq0kkr51c8r1)]","leases":0,"invocations":0,"attempts":0,"fenced":0,"target":"tachyon_serverless_application::services::dispatcher"}
{"timestamp":"2026-09-18T04:37:01.054607Z","level":"WARN","message":"failpoint armed from TSLS_FAILPOINTS","name":"accept.after_object_put","action":"Kill","count":"None","target":"tachyon_serverless_application::failpoints"}
{"timestamp":"2026-09-18T04:37:01.054657Z","level":"INFO","message":"application bootstrapped","profile":"dev","provider":"process","dev_only":true,"environment_reuse":false,"reuse_verified":false,"reuse_reason":"[pool] enabled is false","reuse_disabled":"Some(Configuration)","idle_quiesce":"unsupported","idle_resume":"unsupported","data_dir":"/home/takanorifukuyama.guest/w/tsls-chaos.MXsuhx/data","store":"sqlite","dispatcher_id":"dsp_01m2scvdfwj3mp8v7vtp53682n","node":"local","node_region":"none","node_memory_mib":"None","max_concurrency":8,"queue":"nats","objects":"filesystem","invoke_async":true,"triggers":true,"target":"tachyon_serverless_application::app"}
{"timestamp":"2026-09-18T04:37:01.054943Z","level":"INFO","message":"startup reconcile finished","provider":"process","found":0,"adopted":0,"terminated":0,"disowned":0,"failed":0,"lost":0,"foreign":0,"reclaimed_dispatchers":0,"fenced_terminated":0,"fenced_pending":0,"target":"tachyon_serverless_application::services::reconcile"}
{"timestamp":"2026-09-18T04:37:01.055027Z","level":"INFO","message":"gateway listening","addr":"127.0.0.1:55737","profile":"dev","provider":"process","target":"tachyon_serverless_gateway"}
{"timestamp":"2026-09-18T04:37:01.056175Z","level":"INFO","message":"asynchronous dispatcher started","workers":2,"owner":"dsp_01m2scvdfwj3mp8v7vtp53682n","target":"tachyon_serverless_gateway"}
{"timestamp":"2026-09-18T04:37:01.060453Z","level":"INFO","message":"asynchronous run claimed","invocation_id":"inv_01m2scv9wpgjqfdnx2pw2gmp0q","attempt":1,"generation":0,"delivery_count":1,"target":"tachyon_serverless_application::services::invoke_async::dispatch"}
{"timestamp":"2026-09-18T04:37:01.060934Z","level":"INFO","message":"asynchronous run claimed","invocation_id":"inv_01m2scv9xcqgyffsb2b3v7wqh0","attempt":1,"generation":0,"delivery_count":1,"target":"tachyon_serverless_application::services::invoke_async::dispatch"}
{"timestamp":"2026-09-18T04:37:01.318159Z","level":"ERROR","message":"failpoint fired: SIGKILL","name":"accept.after_object_put","target":"tachyon_serverless_application::failpoints"}

===== a start (failpoints: none) 04:37:01 =====
{"timestamp":"2026-09-18T04:37:01.328978Z","level":"INFO","message":"configuration loaded","config":"/home/takanorifukuyama.guest/w/tsls-chaos.MXsuhx/gw-a.toml","target":"tachyon_serverless_gateway"}
{"timestamp":"2026-09-18T04:37:01.330982Z","level":"INFO","message":"connected successfully","server":"42715","max_payload":"1048576","target":"async_nats::connector"}
{"timestamp":"2026-09-18T04:37:01.331113Z","level":"INFO","message":"event: connected","target":"async_nats"}
{"timestamp":"2026-09-18T04:37:01.333818Z","level":"INFO","message":"JetStream queue connected and stream bootstrapped","url":"nats://127.0.0.1:42715","stream":"TACHYON_EVENTS","target":"tachyon_serverless_gateway::durable"}
{"timestamp":"2026-09-18T04:37:01.334906Z","level":"INFO","message":"state store opened","path":"/home/takanorifukuyama.guest/w/tsls-chaos.MXsuhx/data/state.db","schema_version":8,"migrations_applied":"[]","imported_state_json":"None","settled_invocations":0,"settled_attempts":0,"settled_environments":0,"released_leases":0,"dropped_idempotency_keys":0,"purged_idempotency_keys":0,"outputs_purged":0,"target":"tachyon_serverless_application::app"}
{"timestamp":"2026-09-18T04:37:01.336012Z","level":"INFO","message":"log store opened","path":"/home/takanorifukuyama.guest/w/tsls-chaos.MXsuhx/data/logs/logs.db","healthy":true,"retention_seconds":604800,"max_total_bytes":1073741824,"target":"tachyon_serverless_application::app"}
{"timestamp":"2026-09-18T04:37:01.336505Z","level":"INFO","message":"dispatcher registered","dispatcher_id":"dsp_01m2scvdrr1pea7pshz9gx7p9y","instance":"chaos-a","pid":852233,"lease_ttl_seconds":6,"target":"tachyon_serverless_application::services::dispatcher"}
{"timestamp":"2026-09-18T04:37:01.337367Z","level":"WARN","message":"reclaimed the work of dispatchers that lost their lease","dispatcher_id":"dsp_01m2scvdrr1pea7pshz9gx7p9y","reclaimed_dispatchers":"[DispatcherId(dsp_01m2scvdfwj3mp8v7vtp53682n)]","leases":0,"invocations":0,"attempts":0,"fenced":2,"target":"tachyon_serverless_application::services::dispatcher"}
{"timestamp":"2026-09-18T04:37:01.338088Z","level":"INFO","message":"application bootstrapped","profile":"dev","provider":"process","dev_only":true,"environment_reuse":false,"reuse_verified":false,"reuse_reason":"[pool] enabled is false","reuse_disabled":"Some(Configuration)","idle_quiesce":"unsupported","idle_resume":"unsupported","data_dir":"/home/takanorifukuyama.guest/w/tsls-chaos.MXsuhx/data","store":"sqlite","dispatcher_id":"dsp_01m2scvdrr1pea7pshz9gx7p9y","node":"local","node_region":"none","node_memory_mib":"None","max_concurrency":8,"queue":"nats","objects":"filesystem","invoke_async":true,"triggers":true,"target":"tachyon_serverless_application::app"}
{"timestamp":"2026-09-18T04:37:01.338421Z","level":"INFO","message":"environment stop metered by a path that did not drive it","environment_id":"env_01m2scvdg5kq6c7bm6jy221qta","stopped_by":"reclaim","cgroup_cpu_usec":"unknown","lifetime_ms":"Some(277)","target":"tachyon_serverless_application::services::stopped"}
{"timestamp":"2026-09-18T04:37:01.339701Z","level":"INFO","message":"fenced environment terminated and settled","environment_id":"env_01m2scvdg5kq6c7bm6jy221qta","owner":"Some(DispatcherId(dsp_01m2scvdfwj3mp8v7vtp53682n))","was_running":false,"target":"tachyon_serverless_application::services::reconcile"}
{"timestamp":"2026-09-18T04:37:01.339759Z","level":"INFO","message":"environment stop metered by a path that did not drive it","environment_id":"env_01m2scvdg6z8phv83egvkszcjm","stopped_by":"reclaim","cgroup_cpu_usec":"unknown","lifetime_ms":"Some(277)","target":"tachyon_serverless_application::services::stopped"}
{"timestamp":"2026-09-18T04:37:01.340753Z","level":"INFO","message":"fenced environment terminated and settled","environment_id":"env_01m2scvdg6z8phv83egvkszcjm","owner":"Some(DispatcherId(dsp_01m2scvdfwj3mp8v7vtp53682n))","was_running":false,"target":"tachyon_serverless_application::services::reconcile"}
{"timestamp":"2026-09-18T04:37:01.340873Z","level":"INFO","message":"startup reconcile finished","provider":"process","found":0,"adopted":0,"terminated":0,"disowned":0,"failed":0,"lost":0,"foreign":0,"reclaimed_dispatchers":0,"fenced_terminated":2,"fenced_pending":0,"target":"tachyon_serverless_application::services::reconcile"}
{"timestamp":"2026-09-18T04:37:01.340926Z","level":"INFO","message":"gateway listening","addr":"127.0.0.1:55737","profile":"dev","provider":"process","target":"tachyon_serverless_gateway"}
{"timestamp":"2026-09-18T04:37:01.341943Z","level":"INFO","message":"asynchronous dispatcher started","workers":2,"owner":"dsp_01m2scvdrr1pea7pshz9gx7p9y","target":"tachyon_serverless_gateway"}
{"timestamp":"2026-09-18T04:37:01.345920Z","level":"INFO","message":"asynchronous run claimed","invocation_id":"inv_01m2scv9xz0tr8xe88shgs6s47","attempt":1,"generation":0,"delivery_count":1,"target":"tachyon_serverless_application::services::invoke_async::dispatch"}
{"timestamp":"2026-09-18T04:37:01.346379Z","level":"INFO","message":"asynchronous run claimed","invocation_id":"inv_01m2scv8n3nwkkfd7dtew1wh3c","attempt":1,"generation":1,"delivery_count":1,"target":"tachyon_serverless_application::services::invoke_async::dispatch"}
{"timestamp":"2026-09-18T04:37:01.630203Z","level":"INFO","message":"asynchronous invocation accepted","invocation_id":"inv_01m2scve1tw6ft76jzctn40vyh","tenant_id":"tn_01hzzzzzzzzzzzzzzzzzzzzzza","revision_id":"rev_01m2sctz4c199fysp71ecka903","input_bytes":4127,"input_storage":"object","target":"tachyon_serverless_application::services::invoke_async"}
{"timestamp":"2026-09-18T04:37:01.659031Z","level":"WARN","message":"object store refused an asynchronous input","error":"object store io: Permission denied (os error 13)","target":"tachyon_serverless_application::services::invoke_async"}
{"timestamp":"2026-09-18T04:37:01.679036Z","level":"INFO","message":"asynchronous invocation accepted","invocation_id":"inv_01m2scve3eat3tvqd8xbca26c2","tenant_id":"tn_01hzzzzzzzzzzzzzzzzzzzzzza","revision_id":"rev_01m2sctz4c199fysp71ecka903","input_bytes":53,"input_storage":"inline","target":"tachyon_serverless_application::services::invoke_async"}
{"timestamp":"2026-09-18T04:37:02.534873Z","level":"INFO","message":"bridge spawned","environment_id":"env_01m2scvds2nar7th5gh44cmetd","pid":852348,"target":"tachyon_serverless_provider_process"}
{"timestamp":"2026-09-18T04:37:02.536538Z","level":"INFO","message":"bridge spawned","environment_id":"env_01m2scvds2dzcfb8zxm4an5pkt","pid":852353,"target":"tachyon_serverless_provider_process"}
{"timestamp":"2026-09-18T04:37:02.555539Z","level":"INFO","message":"invocation finished","invocation_id":"inv_01m2scv8n3nwkkfd7dtew1wh3c","status":"succeeded (async run)","handler_ms":1,"environment_boot_ms":2,"runtime_init_ms":4,"target":"tachyon_serverless_application::services::invoke"}
{"timestamp":"2026-09-18T04:37:02.571238Z","level":"INFO","message":"terminating bridge","environment_id":"env_01m2scvds2nar7th5gh44cmetd","pid":852348,"reason":"Completed","graceful":true,"target":"tachyon_serverless_provider_process"}
{"timestamp":"2026-09-18T04:37:02.582147Z","level":"INFO","message":"invocation finished","invocation_id":"inv_01m2scv9xz0tr8xe88shgs6s47","status":"succeeded (async run)","handler_ms":7,"environment_boot_ms":1,"runtime_init_ms":7,"target":"tachyon_serverless_application::services::invoke"}
{"timestamp":"2026-09-18T04:37:02.584344Z","level":"INFO","message":"terminating bridge","environment_id":"env_01m2scvds2dzcfb8zxm4an5pkt","pid":852353,"reason":"Completed","graceful":true,"target":"tachyon_serverless_provider_process"}
{"timestamp":"2026-09-18T04:37:02.584517Z","level":"INFO","message":"asynchronous invocation settled","invocation_id":"inv_01m2scv8n3nwkkfd7dtew1wh3c","status":"succeeded","target":"tachyon_serverless_application::services::invoke_async::dispatch"}
{"timestamp":"2026-09-18T04:37:02.585346Z","level":"INFO","message":"async dispatch: delivery handled","message_id":"inv_01m2scv8n3nwkkfd7dtew1wh3c.g1","sequence":8,"delivery_count":1,"outcome":"Completed { status: \"succeeded\" }","target":"tachyon_serverless_application::services::invoke_async::dispatch"}
{"timestamp":"2026-09-18T04:37:02.588544Z","level":"INFO","message":"asynchronous invocation settled","invocation_id":"inv_01m2scv9xz0tr8xe88shgs6s47","status":"succeeded","target":"tachyon_serverless_application::services::invoke_async::dispatch"}
{"timestamp":"2026-09-18T04:37:02.589284Z","level":"INFO","message":"async dispatch: delivery handled","message_id":"inv_01m2scv9xz0tr8xe88shgs6s47","sequence":7,"delivery_count":1,"outcome":"Completed { status: \"succeeded\" }","target":"tachyon_serverless_application::services::invoke_async::dispatch"}
{"timestamp":"2026-09-18T04:37:02.589420Z","level":"INFO","message":"asynchronous run claimed","invocation_id":"inv_01m2scv8mhv30kscghpnfg7k5p","attempt":1,"generation":1,"delivery_count":1,"target":"tachyon_serverless_application::services::invoke_async::dispatch"}
{"timestamp":"2026-09-18T04:37:02.589941Z","level":"INFO","message":"asynchronous run claimed","invocation_id":"inv_01m2scve1tw6ft76jzctn40vyh","attempt":1,"generation":0,"delivery_count":1,"target":"tachyon_serverless_application::services::invoke_async::dispatch"}
{"timestamp":"2026-09-18T04:37:02.590455Z","level":"INFO","message":"asynchronous invocation rescheduled","invocation_id":"inv_01m2scv8mhv30kscghpnfg7k5p","next_attempt_at":"2026-09-18T04:37:02.867550994+00:00","counted":false,"error_type":"Host.InputUnavailable","target":"tachyon_serverless_application::services::invoke_async::dispatch"}
{"timestamp":"2026-09-18T04:37:02.590967Z","level":"INFO","message":"async dispatch: delivery handled","message_id":"inv_01m2scv8mhv30kscghpnfg7k5p.g1","sequence":9,"delivery_count":1,"outcome":"Rescheduled { next_attempt_at: 2026-09-18T04:37:02.867550994Z, counted: false }","target":"tachyon_serverless_application::services::invoke_async::dispatch"}
{"timestamp":"2026-09-18T04:37:02.591155Z","level":"INFO","message":"asynchronous invocation rescheduled","invocation_id":"inv_01m2scve1tw6ft76jzctn40vyh","next_attempt_at":"2026-09-18T04:37:02.775033004+00:00","counted":false,"error_type":"Host.InputUnavailable","target":"tachyon_serverless_application::services::invoke_async::dispatch"}
{"timestamp":"2026-09-18T04:37:02.591611Z","level":"INFO","message":"async dispatch: delivery handled","message_id":"inv_01m2scve1tw6ft76jzctn40vyh","sequence":10,"delivery_count":1,"outcome":"Rescheduled { next_attempt_at: 2026-09-18T04:37:02.775033004Z, counted: false }","target":"tachyon_serverless_application::services::invoke_async::dispatch"}
{"timestamp":"2026-09-18T04:37:02.591752Z","level":"INFO","message":"asynchronous run claimed","invocation_id":"inv_01m2scve3eat3tvqd8xbca26c2","attempt":1,"generation":0,"delivery_count":1,"target":"tachyon_serverless_application::services::invoke_async::dispatch"}
{"timestamp":"2026-09-18T04:37:02.795314Z","level":"INFO","message":"asynchronous run claimed","invocation_id":"inv_01m2scve1tw6ft76jzctn40vyh","attempt":1,"generation":1,"delivery_count":1,"target":"tachyon_serverless_application::services::invoke_async::dispatch"}
{"timestamp":"2026-09-18T04:37:02.795923Z","level":"INFO","message":"asynchronous invocation rescheduled","invocation_id":"inv_01m2scve1tw6ft76jzctn40vyh","next_attempt_at":"2026-09-18T04:37:02.895434539+00:00","counted":false,"error_type":"Host.InputUnavailable","target":"tachyon_serverless_application::services::invoke_async::dispatch"}
{"timestamp":"2026-09-18T04:37:02.796380Z","level":"INFO","message":"async dispatch: delivery handled","message_id":"inv_01m2scve1tw6ft76jzctn40vyh.g1","sequence":12,"delivery_count":1,"outcome":"Rescheduled { next_attempt_at: 2026-09-18T04:37:02.895434539Z, counted: false }","target":"tachyon_serverless_application::services::invoke_async::dispatch"}
{"timestamp":"2026-09-18T04:37:02.899117Z","level":"INFO","message":"asynchronous run claimed","invocation_id":"inv_01m2scv8mhv30kscghpnfg7k5p","attempt":1,"generation":2,"delivery_count":1,"target":"tachyon_serverless_application::services::invoke_async::dispatch"}
{"timestamp":"2026-09-18T04:37:02.899976Z","level":"INFO","message":"asynchronous invocation rescheduled","invocation_id":"inv_01m2scv8mhv30kscghpnfg7k5p","next_attempt_at":"2026-09-18T04:37:03.097546520+00:00","counted":false,"error_type":"Host.InputUnavailable","target":"tachyon_serverless_application::services::invoke_async::dispatch"}
{"timestamp":"2026-09-18T04:37:02.900429Z","level":"INFO","message":"async dispatch: delivery handled","message_id":"inv_01m2scv8mhv30kscghpnfg7k5p.g2","sequence":13,"delivery_count":1,"outcome":"Rescheduled { next_attempt_at: 2026-09-18T04:37:03.097546520Z, counted: false }","target":"tachyon_serverless_application::services::invoke_async::dispatch"}
{"timestamp":"2026-09-18T04:37:02.901092Z","level":"INFO","message":"asynchronous run claimed","invocation_id":"inv_01m2scve1tw6ft76jzctn40vyh","attempt":1,"generation":2,"delivery_count":1,"target":"tachyon_serverless_application::services::invoke_async::dispatch"}
{"timestamp":"2026-09-18T04:37:02.901604Z","level":"INFO","message":"asynchronous invocation rescheduled","invocation_id":"inv_01m2scve1tw6ft76jzctn40vyh","next_attempt_at":"2026-09-18T04:37:03.793158009+00:00","counted":false,"error_type":"Host.InputUnavailable","target":"tachyon_serverless_application::services::invoke_async::dispatch"}
{"timestamp":"2026-09-18T04:37:02.902063Z","level":"INFO","message":"async dispatch: delivery handled","message_id":"inv_01m2scve1tw6ft76jzctn40vyh.g2","sequence":14,"delivery_count":1,"outcome":"Rescheduled { next_attempt_at: 2026-09-18T04:37:03.793158009Z, counted: false }","target":"tachyon_serverless_application::services::invoke_async::dispatch"}
{"timestamp":"2026-09-18T04:37:03.105805Z","level":"INFO","message":"asynchronous run claimed","invocation_id":"inv_01m2scv8mhv30kscghpnfg7k5p","attempt":1,"generation":3,"delivery_count":1,"target":"tachyon_serverless_application::services::invoke_async::dispatch"}
{"timestamp":"2026-09-18T04:37:03.106685Z","level":"INFO","message":"asynchronous invocation rescheduled","invocation_id":"inv_01m2scv8mhv30kscghpnfg7k5p","next_attempt_at":"2026-09-18T04:37:03.820933796+00:00","counted":false,"error_type":"Host.InputUnavailable","target":"tachyon_serverless_application::services::invoke_async::dispatch"}
{"timestamp":"2026-09-18T04:37:03.107179Z","level":"INFO","message":"async dispatch: delivery handled","message_id":"inv_01m2scv8mhv30kscghpnfg7k5p.g3","sequence":15,"delivery_count":1,"outcome":"Rescheduled { next_attempt_at: 2026-09-18T04:37:03.820933796Z, counted: false }","target":"tachyon_serverless_application::services::invoke_async::dispatch"}
{"timestamp":"2026-09-18T04:37:03.343719Z","level":"WARN","message":"object gc: listing failed","error":"object store io: Permission denied (os error 13)","target":"tachyon_serverless_application::durable::gc"}
{"timestamp":"2026-09-18T04:37:03.343760Z","level":"INFO","message":"object retention pass","report":"GcReport { examined: 0, collected_expired: 0, collected_orphans: 0, kept_in_use: 0, kept_referenced: 0, incomplete_removed: 0, tombstones_purged: 0, failed: 1 }","target":"tachyon_serverless_gateway"}
{"timestamp":"2026-09-18T04:37:03.785048Z","level":"INFO","message":"bridge spawned","environment_id":"env_01m2scvezzkbcswpx7fmhj1meg","pid":852368,"target":"tachyon_serverless_provider_process"}
{"timestamp":"2026-09-18T04:37:03.836454Z","level":"INFO","message":"invocation finished","invocation_id":"inv_01m2scve3eat3tvqd8xbca26c2","status":"succeeded (async run)","handler_ms":16,"environment_boot_ms":1,"runtime_init_ms":19,"target":"tachyon_serverless_application::services::invoke"}
{"timestamp":"2026-09-18T04:37:03.848138Z","level":"INFO","message":"terminating bridge","environment_id":"env_01m2scvezzkbcswpx7fmhj1meg","pid":852368,"reason":"Completed","graceful":true,"target":"tachyon_serverless_provider_process"}
{"timestamp":"2026-09-18T04:37:03.854155Z","level":"INFO","message":"asynchronous run claimed","invocation_id":"inv_01m2scve1tw6ft76jzctn40vyh","attempt":1,"generation":3,"delivery_count":1,"target":"tachyon_serverless_application::services::invoke_async::dispatch"}
{"timestamp":"2026-09-18T04:37:03.855877Z","level":"INFO","message":"asynchronous invocation rescheduled","invocation_id":"inv_01m2scve1tw6ft76jzctn40vyh","next_attempt_at":"2026-09-18T04:37:04.678338794+00:00","counted":false,"error_type":"Host.InputUnavailable","target":"tachyon_serverless_application::services::invoke_async::dispatch"}
{"timestamp":"2026-09-18T04:37:03.856532Z","level":"INFO","message":"async dispatch: delivery handled","message_id":"inv_01m2scve1tw6ft76jzctn40vyh.g3","sequence":16,"delivery_count":1,"outcome":"Rescheduled { next_attempt_at: 2026-09-18T04:37:04.678338794Z, counted: false }","target":"tachyon_serverless_application::services::invoke_async::dispatch"}
{"timestamp":"2026-09-18T04:37:03.857374Z","level":"INFO","message":"asynchronous invocation settled","invocation_id":"inv_01m2scve3eat3tvqd8xbca26c2","status":"succeeded","target":"tachyon_serverless_application::services::invoke_async::dispatch"}
{"timestamp":"2026-09-18T04:37:03.857918Z","level":"INFO","message":"async dispatch: delivery handled","message_id":"inv_01m2scve3eat3tvqd8xbca26c2","sequence":11,"delivery_count":1,"outcome":"Completed { status: \"succeeded\" }","target":"tachyon_serverless_application::services::invoke_async::dispatch"}
{"timestamp":"2026-09-18T04:37:03.858123Z","level":"INFO","message":"asynchronous run claimed","invocation_id":"inv_01m2scv8mhv30kscghpnfg7k5p","attempt":1,"generation":4,"delivery_count":1,"target":"tachyon_serverless_application::services::invoke_async::dispatch"}
{"timestamp":"2026-09-18T04:37:03.858659Z","level":"INFO","message":"asynchronous invocation rescheduled","invocation_id":"inv_01m2scv8mhv30kscghpnfg7k5p","next_attempt_at":"2026-09-18T04:37:04.386186352+00:00","counted":false,"error_type":"Host.InputUnavailable","target":"tachyon_serverless_application::services::invoke_async::dispatch"}
{"timestamp":"2026-09-18T04:37:03.859140Z","level":"INFO","message":"async dispatch: delivery handled","message_id":"inv_01m2scv8mhv30kscghpnfg7k5p.g4","sequence":17,"delivery_count":1,"outcome":"Rescheduled { next_attempt_at: 2026-09-18T04:37:04.386186352Z, counted: false }","target":"tachyon_serverless_application::services::invoke_async::dispatch"}
{"timestamp":"2026-09-18T04:37:04.489128Z","level":"INFO","message":"asynchronous run claimed","invocation_id":"inv_01m2scv8mhv30kscghpnfg7k5p","attempt":1,"generation":5,"delivery_count":1,"target":"tachyon_serverless_application::services::invoke_async::dispatch"}
{"timestamp":"2026-09-18T04:37:04.491307Z","level":"INFO","message":"asynchronous invocation rescheduled","invocation_id":"inv_01m2scv8mhv30kscghpnfg7k5p","next_attempt_at":"2026-09-18T04:37:04.643520531+00:00","counted":false,"error_type":"Host.InputUnavailable","target":"tachyon_serverless_application::services::invoke_async::dispatch"}
{"timestamp":"2026-09-18T04:37:04.492766Z","level":"INFO","message":"async dispatch: delivery handled","message_id":"inv_01m2scv8mhv30kscghpnfg7k5p.g5","sequence":18,"delivery_count":1,"outcome":"Rescheduled { next_attempt_at: 2026-09-18T04:37:04.643520531Z, counted: false }","target":"tachyon_serverless_application::services::invoke_async::dispatch"}
{"timestamp":"2026-09-18T04:37:04.708871Z","level":"INFO","message":"asynchronous run claimed","invocation_id":"inv_01m2scv8mhv30kscghpnfg7k5p","attempt":1,"generation":6,"delivery_count":1,"target":"tachyon_serverless_application::services::invoke_async::dispatch"}
{"timestamp":"2026-09-18T04:37:04.712178Z","level":"INFO","message":"asynchronous run claimed","invocation_id":"inv_01m2scve1tw6ft76jzctn40vyh","attempt":1,"generation":4,"delivery_count":1,"target":"tachyon_serverless_application::services::invoke_async::dispatch"}
{"timestamp":"2026-09-18T04:37:04.714275Z","level":"INFO","message":"asynchronous invocation rescheduled","invocation_id":"inv_01m2scv8mhv30kscghpnfg7k5p","next_attempt_at":"2026-09-18T04:37:05.362512068+00:00","counted":false,"error_type":"Host.InputUnavailable","target":"tachyon_serverless_application::services::invoke_async::dispatch"}
{"timestamp":"2026-09-18T04:37:04.715555Z","level":"INFO","message":"asynchronous invocation rescheduled","invocation_id":"inv_01m2scve1tw6ft76jzctn40vyh","next_attempt_at":"2026-09-18T04:37:04.940615537+00:00","counted":false,"error_type":"Host.InputUnavailable","target":"tachyon_serverless_application::services::invoke_async::dispatch"}
{"timestamp":"2026-09-18T04:37:04.715809Z","level":"INFO","message":"async dispatch: delivery handled","message_id":"inv_01m2scv8mhv30kscghpnfg7k5p.g6","sequence":19,"delivery_count":1,"outcome":"Rescheduled { next_attempt_at: 2026-09-18T04:37:05.362512068Z, counted: false }","target":"tachyon_serverless_application::services::invoke_async::dispatch"}
{"timestamp":"2026-09-18T04:37:04.716913Z","level":"INFO","message":"async dispatch: delivery handled","message_id":"inv_01m2scve1tw6ft76jzctn40vyh.g4","sequence":20,"delivery_count":1,"outcome":"Rescheduled { next_attempt_at: 2026-09-18T04:37:04.940615537Z, counted: false }","target":"tachyon_serverless_application::services::invoke_async::dispatch"}
{"timestamp":"2026-09-18T04:37:05.034886Z","level":"INFO","message":"asynchronous run claimed","invocation_id":"inv_01m2scve1tw6ft76jzctn40vyh","attempt":1,"generation":5,"delivery_count":1,"target":"tachyon_serverless_application::services::invoke_async::dispatch"}
{"timestamp":"2026-09-18T04:37:05.037522Z","level":"INFO","message":"asynchronous invocation rescheduled","invocation_id":"inv_01m2scve1tw6ft76jzctn40vyh","next_attempt_at":"2026-09-18T04:37:05.358327371+00:00","counted":false,"error_type":"Host.InputUnavailable","target":"tachyon_serverless_application::services::invoke_async::dispatch"}
{"timestamp":"2026-09-18T04:37:05.039171Z","level":"INFO","message":"async dispatch: delivery handled","message_id":"inv_01m2scve1tw6ft76jzctn40vyh.g5","sequence":21,"delivery_count":1,"outcome":"Rescheduled { next_attempt_at: 2026-09-18T04:37:05.358327371Z, counted: false }","target":"tachyon_serverless_application::services::invoke_async::dispatch"}
{"timestamp":"2026-09-18T04:37:05.063721Z","level":"INFO","message":"asynchronous run claimed","invocation_id":"inv_01m2scv9wpgjqfdnx2pw2gmp0q","attempt":2,"generation":0,"delivery_count":2,"target":"tachyon_serverless_application::services::invoke_async::dispatch"}
{"timestamp":"2026-09-18T04:37:05.065517Z","level":"INFO","message":"asynchronous run claimed","invocation_id":"inv_01m2scv9xcqgyffsb2b3v7wqh0","attempt":2,"generation":0,"delivery_count":2,"target":"tachyon_serverless_application::services::invoke_async::dispatch"}
{"timestamp":"2026-09-18T04:37:05.067522Z","level":"INFO","message":"asynchronous invocation rescheduled","invocation_id":"inv_01m2scv9xcqgyffsb2b3v7wqh0","next_attempt_at":"2026-09-18T04:37:05.165789156+00:00","counted":false,"error_type":"Host.InputUnavailable","target":"tachyon_serverless_application::services::invoke_async::dispatch"}
{"timestamp":"2026-09-18T04:37:05.069209Z","level":"INFO","message":"async dispatch: delivery handled","message_id":"inv_01m2scv9xcqgyffsb2b3v7wqh0","sequence":6,"delivery_count":2,"outcome":"Rescheduled { next_attempt_at: 2026-09-18T04:37:05.165789156Z, counted: false }","target":"tachyon_serverless_application::services::invoke_async::dispatch"}
{"timestamp":"2026-09-18T04:37:05.172001Z","level":"INFO","message":"asynchronous run claimed","invocation_id":"inv_01m2scv9xcqgyffsb2b3v7wqh0","attempt":2,"generation":1,"delivery_count":1,"target":"tachyon_serverless_application::services::invoke_async::dispatch"}
{"timestamp":"2026-09-18T04:37:05.172671Z","level":"INFO","message":"asynchronous invocation rescheduled","invocation_id":"inv_01m2scv9xcqgyffsb2b3v7wqh0","next_attempt_at":"2026-09-18T04:37:05.328143804+00:00","counted":false,"error_type":"Host.InputUnavailable","target":"tachyon_serverless_application::services::invoke_async::dispatch"}
{"timestamp":"2026-09-18T04:37:05.173196Z","level":"INFO","message":"async dispatch: delivery handled","message_id":"inv_01m2scv9xcqgyffsb2b3v7wqh0.g1","sequence":22,"delivery_count":1,"outcome":"Rescheduled { next_attempt_at: 2026-09-18T04:37:05.328143804Z, counted: false }","target":"tachyon_serverless_application::services::invoke_async::dispatch"}
{"timestamp":"2026-09-18T04:37:05.343090Z","level":"WARN","message":"object gc: listing failed","error":"object store io: Permission denied (os error 13)","target":"tachyon_serverless_application::durable::gc"}
{"timestamp":"2026-09-18T04:37:05.343112Z","level":"INFO","message":"object retention pass","report":"GcReport { examined: 0, collected_expired: 0, collected_orphans: 0, kept_in_use: 0, kept_referenced: 0, incomplete_removed: 0, tombstones_purged: 0, failed: 1 }","target":"tachyon_serverless_gateway"}
{"timestamp":"2026-09-18T04:37:05.378059Z","level":"INFO","message":"asynchronous run claimed","invocation_id":"inv_01m2scv9xcqgyffsb2b3v7wqh0","attempt":2,"generation":2,"delivery_count":1,"target":"tachyon_serverless_application::services::invoke_async::dispatch"}
{"timestamp":"2026-09-18T04:37:05.379198Z","level":"INFO","message":"asynchronous invocation rescheduled","invocation_id":"inv_01m2scv9xcqgyffsb2b3v7wqh0","next_attempt_at":"2026-09-18T04:37:05.991588142+00:00","counted":false,"error_type":"Host.InputUnavailable","target":"tachyon_serverless_application::services::invoke_async::dispatch"}
{"timestamp":"2026-09-18T04:37:05.379749Z","level":"INFO","message":"async dispatch: delivery handled","message_id":"inv_01m2scv9xcqgyffsb2b3v7wqh0.g2","sequence":23,"delivery_count":1,"outcome":"Rescheduled { next_attempt_at: 2026-09-18T04:37:05.991588142Z, counted: false }","target":"tachyon_serverless_application::services::invoke_async::dispatch"}
{"timestamp":"2026-09-18T04:37:05.380458Z","level":"INFO","message":"asynchronous run claimed","invocation_id":"inv_01m2scve1tw6ft76jzctn40vyh","attempt":1,"generation":6,"delivery_count":1,"target":"tachyon_serverless_application::services::invoke_async::dispatch"}
{"timestamp":"2026-09-18T04:37:05.380981Z","level":"INFO","message":"asynchronous invocation rescheduled","invocation_id":"inv_01m2scve1tw6ft76jzctn40vyh","next_attempt_at":"2026-09-18T04:37:06.258525330+00:00","counted":false,"error_type":"Host.InputUnavailable","target":"tachyon_serverless_application::services::invoke_async::dispatch"}
{"timestamp":"2026-09-18T04:37:05.381405Z","level":"INFO","message":"async dispatch: delivery handled","message_id":"inv_01m2scve1tw6ft76jzctn40vyh.g6","sequence":24,"delivery_count":1,"outcome":"Rescheduled { next_attempt_at: 2026-09-18T04:37:06.258525330Z, counted: false }","target":"tachyon_serverless_application::services::invoke_async::dispatch"}
{"timestamp":"2026-09-18T04:37:05.382081Z","level":"INFO","message":"asynchronous run claimed","invocation_id":"inv_01m2scv8mhv30kscghpnfg7k5p","attempt":1,"generation":7,"delivery_count":1,"target":"tachyon_serverless_application::services::invoke_async::dispatch"}
{"timestamp":"2026-09-18T04:37:05.382596Z","level":"INFO","message":"asynchronous invocation rescheduled","invocation_id":"inv_01m2scv8mhv30kscghpnfg7k5p","next_attempt_at":"2026-09-18T04:37:05.660147639+00:00","counted":false,"error_type":"Host.InputUnavailable","target":"tachyon_serverless_application::services::invoke_async::dispatch"}
{"timestamp":"2026-09-18T04:37:05.383101Z","level":"INFO","message":"async dispatch: delivery handled","message_id":"inv_01m2scv8mhv30kscghpnfg7k5p.g7","sequence":25,"delivery_count":1,"outcome":"Rescheduled { next_attempt_at: 2026-09-18T04:37:05.660147639Z, counted: false }","target":"tachyon_serverless_application::services::invoke_async::dispatch"}
{"timestamp":"2026-09-18T04:37:05.688969Z","level":"INFO","message":"asynchronous run claimed","invocation_id":"inv_01m2scv8mhv30kscghpnfg7k5p","attempt":1,"generation":8,"delivery_count":1,"target":"tachyon_serverless_application::services::invoke_async::dispatch"}
{"timestamp":"2026-09-18T04:37:05.689732Z","level":"INFO","message":"asynchronous invocation rescheduled","invocation_id":"inv_01m2scv8mhv30kscghpnfg7k5p","next_attempt_at":"2026-09-18T04:37:06.063114426+00:00","counted":false,"error_type":"Host.InputUnavailable","target":"tachyon_serverless_application::services::invoke_async::dispatch"}
{"timestamp":"2026-09-18T04:37:05.690278Z","level":"INFO","message":"async dispatch: delivery handled","message_id":"inv_01m2scv8mhv30kscghpnfg7k5p.g8","sequence":26,"delivery_count":1,"outcome":"Rescheduled { next_attempt_at: 2026-09-18T04:37:06.063114426Z, counted: false }","target":"tachyon_serverless_application::services::invoke_async::dispatch"}
{"timestamp":"2026-09-18T04:37:05.995586Z","level":"INFO","message":"asynchronous run claimed","invocation_id":"inv_01m2scv9xcqgyffsb2b3v7wqh0","attempt":2,"generation":3,"delivery_count":1,"target":"tachyon_serverless_application::services::invoke_async::dispatch"}
{"timestamp":"2026-09-18T04:37:05.996368Z","level":"INFO","message":"asynchronous invocation rescheduled","invocation_id":"inv_01m2scv9xcqgyffsb2b3v7wqh0","next_attempt_at":"2026-09-18T04:37:06.387726232+00:00","counted":false,"error_type":"Host.InputUnavailable","target":"tachyon_serverless_application::services::invoke_async::dispatch"}
{"timestamp":"2026-09-18T04:37:05.996927Z","level":"INFO","message":"async dispatch: delivery handled","message_id":"inv_01m2scv9xcqgyffsb2b3v7wqh0.g3","sequence":27,"delivery_count":1,"outcome":"Rescheduled { next_attempt_at: 2026-09-18T04:37:06.387726232Z, counted: false }","target":"tachyon_serverless_application::services::invoke_async::dispatch"}
{"timestamp":"2026-09-18T04:37:06.100407Z","level":"INFO","message":"asynchronous run claimed","invocation_id":"inv_01m2scv8mhv30kscghpnfg7k5p","attempt":1,"generation":9,"delivery_count":1,"target":"tachyon_serverless_application::services::invoke_async::dispatch"}
{"timestamp":"2026-09-18T04:37:06.100971Z","level":"INFO","message":"asynchronous invocation rescheduled","invocation_id":"inv_01m2scv8mhv30kscghpnfg7k5p","next_attempt_at":"2026-09-18T04:37:06.636486560+00:00","counted":false,"error_type":"Host.InputUnavailable","target":"tachyon_serverless_application::services::invoke_async::dispatch"}
{"timestamp":"2026-09-18T04:37:06.101424Z","level":"INFO","message":"async dispatch: delivery handled","message_id":"inv_01m2scv8mhv30kscghpnfg7k5p.g9","sequence":28,"delivery_count":1,"outcome":"Rescheduled { next_attempt_at: 2026-09-18T04:37:06.636486560Z, counted: false }","target":"tachyon_serverless_application::services::invoke_async::dispatch"}
{"timestamp":"2026-09-18T04:37:06.279901Z","level":"INFO","message":"bridge spawned","environment_id":"env_01m2scvhdbp51qcgm5ydjdz1m5","pid":852381,"target":"tachyon_serverless_provider_process"}
{"timestamp":"2026-09-18T04:37:06.302706Z","level":"INFO","message":"invocation finished","invocation_id":"inv_01m2scv9wpgjqfdnx2pw2gmp0q","status":"succeeded (async run)","handler_ms":6,"environment_boot_ms":1,"runtime_init_ms":3,"target":"tachyon_serverless_application::services::invoke"}
{"timestamp":"2026-09-18T04:37:06.304440Z","level":"INFO","message":"terminating bridge","environment_id":"env_01m2scvhdbp51qcgm5ydjdz1m5","pid":852381,"reason":"Completed","graceful":true,"target":"tachyon_serverless_provider_process"}
{"timestamp":"2026-09-18T04:37:06.305557Z","level":"INFO","message":"asynchronous run claimed","invocation_id":"inv_01m2scve1tw6ft76jzctn40vyh","attempt":1,"generation":7,"delivery_count":1,"target":"tachyon_serverless_application::services::invoke_async::dispatch"}
{"timestamp":"2026-09-18T04:37:06.306359Z","level":"INFO","message":"asynchronous invocation rescheduled","invocation_id":"inv_01m2scve1tw6ft76jzctn40vyh","next_attempt_at":"2026-09-18T04:37:06.658658389+00:00","counted":false,"error_type":"Host.InputUnavailable","target":"tachyon_serverless_application::services::invoke_async::dispatch"}
{"timestamp":"2026-09-18T04:37:06.306902Z","level":"INFO","message":"async dispatch: delivery handled","message_id":"inv_01m2scve1tw6ft76jzctn40vyh.g7","sequence":29,"delivery_count":1,"outcome":"Rescheduled { next_attempt_at: 2026-09-18T04:37:06.658658389Z, counted: false }","target":"tachyon_serverless_application::services::invoke_async::dispatch"}
{"timestamp":"2026-09-18T04:37:06.308332Z","level":"INFO","message":"asynchronous invocation settled","invocation_id":"inv_01m2scv9wpgjqfdnx2pw2gmp0q","status":"succeeded","target":"tachyon_serverless_application::services::invoke_async::dispatch"}
{"timestamp":"2026-09-18T04:37:06.308965Z","level":"INFO","message":"async dispatch: delivery handled","message_id":"inv_01m2scv9wpgjqfdnx2pw2gmp0q","sequence":5,"delivery_count":2,"outcome":"Completed { status: \"succeeded\" }","target":"tachyon_serverless_application::services::invoke_async::dispatch"}
{"timestamp":"2026-09-18T04:37:06.411669Z","level":"INFO","message":"asynchronous run claimed","invocation_id":"inv_01m2scv9xcqgyffsb2b3v7wqh0","attempt":2,"generation":4,"delivery_count":1,"target":"tachyon_serverless_application::services::invoke_async::dispatch"}
{"timestamp":"2026-09-18T04:37:06.412585Z","level":"INFO","message":"asynchronous invocation rescheduled","invocation_id":"inv_01m2scv9xcqgyffsb2b3v7wqh0","next_attempt_at":"2026-09-18T04:37:07.261792731+00:00","counted":false,"error_type":"Host.InputUnavailable","target":"tachyon_serverless_application::services::invoke_async::dispatch"}
{"timestamp":"2026-09-18T04:37:06.413567Z","level":"INFO","message":"async dispatch: delivery handled","message_id":"inv_01m2scv9xcqgyffsb2b3v7wqh0.g4","sequence":30,"delivery_count":1,"outcome":"Rescheduled { next_attempt_at: 2026-09-18T04:37:07.261792731Z, counted: false }","target":"tachyon_serverless_application::services::invoke_async::dispatch"}
{"timestamp":"2026-09-18T04:37:06.732354Z","level":"INFO","message":"asynchronous run claimed","invocation_id":"inv_01m2scv8mhv30kscghpnfg7k5p","attempt":1,"generation":10,"delivery_count":1,"target":"tachyon_serverless_application::services::invoke_async::dispatch"}
{"timestamp":"2026-09-18T04:37:06.736437Z","level":"INFO","message":"asynchronous invocation rescheduled","invocation_id":"inv_01m2scv8mhv30kscghpnfg7k5p","next_attempt_at":"2026-09-18T04:37:07.083424487+00:00","counted":false,"error_type":"Host.InputUnavailable","target":"tachyon_serverless_application::services::invoke_async::dispatch"}
{"timestamp":"2026-09-18T04:37:06.738220Z","level":"INFO","message":"async dispatch: delivery handled","message_id":"inv_01m2scv8mhv30kscghpnfg7k5p.g10","sequence":31,"delivery_count":1,"outcome":"Rescheduled { next_attempt_at: 2026-09-18T04:37:07.083424487Z, counted: false }","target":"tachyon_serverless_application::services::invoke_async::dispatch"}
{"timestamp":"2026-09-18T04:37:06.738387Z","level":"INFO","message":"asynchronous run claimed","invocation_id":"inv_01m2scve1tw6ft76jzctn40vyh","attempt":1,"generation":8,"delivery_count":1,"target":"tachyon_serverless_application::services::invoke_async::dispatch"}
{"timestamp":"2026-09-18T04:37:06.740207Z","level":"INFO","message":"asynchronous invocation rescheduled","invocation_id":"inv_01m2scve1tw6ft76jzctn40vyh","next_attempt_at":"2026-09-18T04:37:07.540689350+00:00","counted":false,"error_type":"Host.InputUnavailable","target":"tachyon_serverless_application::services::invoke_async::dispatch"}
{"timestamp":"2026-09-18T04:37:06.741682Z","level":"INFO","message":"async dispatch: delivery handled","message_id":"inv_01m2scve1tw6ft76jzctn40vyh.g8","sequence":32,"delivery_count":1,"outcome":"Rescheduled { next_attempt_at: 2026-09-18T04:37:07.540689350Z, counted: false }","target":"tachyon_serverless_application::services::invoke_async::dispatch"}
{"timestamp":"2026-09-18T04:37:07.160306Z","level":"INFO","message":"asynchronous run claimed","invocation_id":"inv_01m2scv8mhv30kscghpnfg7k5p","attempt":1,"generation":11,"delivery_count":1,"target":"tachyon_serverless_application::services::invoke_async::dispatch"}
{"timestamp":"2026-09-18T04:37:07.162903Z","level":"INFO","message":"asynchronous invocation rescheduled","invocation_id":"inv_01m2scv8mhv30kscghpnfg7k5p","next_attempt_at":"2026-09-18T04:37:07.549801922+00:00","counted":false,"error_type":"Host.InputUnavailable","target":"tachyon_serverless_application::services::invoke_async::dispatch"}
{"timestamp":"2026-09-18T04:37:07.164844Z","level":"INFO","message":"async dispatch: delivery handled","message_id":"inv_01m2scv8mhv30kscghpnfg7k5p.g11","sequence":33,"delivery_count":1,"outcome":"Rescheduled { next_attempt_at: 2026-09-18T04:37:07.549801922Z, counted: false }","target":"tachyon_serverless_application::services::invoke_async::dispatch"}
{"timestamp":"2026-09-18T04:37:07.283677Z","level":"INFO","message":"asynchronous run claimed","invocation_id":"inv_01m2scv9xcqgyffsb2b3v7wqh0","attempt":2,"generation":5,"delivery_count":1,"target":"tachyon_serverless_application::services::invoke_async::dispatch"}
{"timestamp":"2026-09-18T04:37:07.286121Z","level":"INFO","message":"asynchronous invocation rescheduled","invocation_id":"inv_01m2scv9xcqgyffsb2b3v7wqh0","next_attempt_at":"2026-09-18T04:37:08.053151234+00:00","counted":false,"error_type":"Host.InputUnavailable","target":"tachyon_serverless_application::services::invoke_async::dispatch"}
{"timestamp":"2026-09-18T04:37:07.288149Z","level":"INFO","message":"async dispatch: delivery handled","message_id":"inv_01m2scv9xcqgyffsb2b3v7wqh0.g5","sequence":34,"delivery_count":1,"outcome":"Rescheduled { next_attempt_at: 2026-09-18T04:37:08.053151234Z, counted: false }","target":"tachyon_serverless_application::services::invoke_async::dispatch"}
{"timestamp":"2026-09-18T04:37:07.346031Z","level":"WARN","message":"object gc: listing failed","error":"object store io: Permission denied (os error 13)","target":"tachyon_serverless_application::durable::gc"}
{"timestamp":"2026-09-18T04:37:07.346311Z","level":"INFO","message":"object retention pass","report":"GcReport { examined: 0, collected_expired: 0, collected_orphans: 0, kept_in_use: 0, kept_referenced: 0, incomplete_removed: 0, tombstones_purged: 0, failed: 1 }","target":"tachyon_serverless_gateway"}
{"timestamp":"2026-09-18T04:37:07.609434Z","level":"INFO","message":"asynchronous run claimed","invocation_id":"inv_01m2scve1tw6ft76jzctn40vyh","attempt":1,"generation":9,"delivery_count":1,"target":"tachyon_serverless_application::services::invoke_async::dispatch"}
{"timestamp":"2026-09-18T04:37:07.613349Z","level":"INFO","message":"asynchronous invocation rescheduled","invocation_id":"inv_01m2scve1tw6ft76jzctn40vyh","next_attempt_at":"2026-09-18T04:37:08.414261643+00:00","counted":false,"error_type":"Host.InputUnavailable","target":"tachyon_serverless_application::services::invoke_async::dispatch"}
{"timestamp":"2026-09-18T04:37:07.614868Z","level":"INFO","message":"async dispatch: delivery handled","message_id":"inv_01m2scve1tw6ft76jzctn40vyh.g9","sequence":35,"delivery_count":1,"outcome":"Rescheduled { next_attempt_at: 2026-09-18T04:37:08.414261643Z, counted: false }","target":"tachyon_serverless_application::services::invoke_async::dispatch"}
{"timestamp":"2026-09-18T04:37:07.615526Z","level":"INFO","message":"asynchronous run claimed","invocation_id":"inv_01m2scv8mhv30kscghpnfg7k5p","attempt":1,"generation":12,"delivery_count":1,"target":"tachyon_serverless_application::services::invoke_async::dispatch"}
{"timestamp":"2026-09-18T04:37:07.617424Z","level":"INFO","message":"asynchronous invocation rescheduled","invocation_id":"inv_01m2scv8mhv30kscghpnfg7k5p","next_attempt_at":"2026-09-18T04:37:08.516814317+00:00","counted":false,"error_type":"Host.InputUnavailable","target":"tachyon_serverless_application::services::invoke_async::dispatch"}
{"timestamp":"2026-09-18T04:37:07.619076Z","level":"INFO","message":"async dispatch: delivery handled","message_id":"inv_01m2scv8mhv30kscghpnfg7k5p.g12","sequence":36,"delivery_count":1,"outcome":"Rescheduled { next_attempt_at: 2026-09-18T04:37:08.516814317Z, counted: false }","target":"tachyon_serverless_application::services::invoke_async::dispatch"}
{"timestamp":"2026-09-18T04:37:08.146748Z","level":"INFO","message":"asynchronous run claimed","invocation_id":"inv_01m2scv9xcqgyffsb2b3v7wqh0","attempt":2,"generation":6,"delivery_count":1,"target":"tachyon_serverless_application::services::invoke_async::dispatch"}
{"timestamp":"2026-09-18T04:37:08.452971Z","level":"INFO","message":"asynchronous run claimed","invocation_id":"inv_01m2scve1tw6ft76jzctn40vyh","attempt":1,"generation":10,"delivery_count":1,"target":"tachyon_serverless_application::services::invoke_async::dispatch"}
{"timestamp":"2026-09-18T04:37:09.346264Z","level":"INFO","message":"object retention pass","report":"GcReport { examined: 4, collected_expired: 0, collected_orphans: 1, kept_in_use: 3, kept_referenced: 0, incomplete_removed: 0, tombstones_purged: 0, failed: 0 }","target":"tachyon_serverless_gateway"}
{"timestamp":"2026-09-18T04:37:09.377884Z","level":"INFO","message":"bridge spawned","environment_id":"env_01m2scvmdq5jaf4cf5gvmqmvnz","pid":852508,"target":"tachyon_serverless_provider_process"}
{"timestamp":"2026-09-18T04:37:09.386350Z","level":"INFO","message":"invocation finished","invocation_id":"inv_01m2scv9xcqgyffsb2b3v7wqh0","status":"succeeded (async run)","handler_ms":0,"environment_boot_ms":1,"runtime_init_ms":4,"target":"tachyon_serverless_application::services::invoke"}
{"timestamp":"2026-09-18T04:37:09.388286Z","level":"INFO","message":"terminating bridge","environment_id":"env_01m2scvmdq5jaf4cf5gvmqmvnz","pid":852508,"reason":"Completed","graceful":true,"target":"tachyon_serverless_provider_process"}
{"timestamp":"2026-09-18T04:37:09.392346Z","level":"INFO","message":"asynchronous invocation settled","invocation_id":"inv_01m2scv9xcqgyffsb2b3v7wqh0","status":"succeeded","target":"tachyon_serverless_application::services::invoke_async::dispatch"}
{"timestamp":"2026-09-18T04:37:09.394048Z","level":"INFO","message":"async dispatch: delivery handled","message_id":"inv_01m2scv9xcqgyffsb2b3v7wqh0.g6","sequence":37,"delivery_count":1,"outcome":"Completed { status: \"succeeded\" }","target":"tachyon_serverless_application::services::invoke_async::dispatch"}
{"timestamp":"2026-09-18T04:37:09.395590Z","level":"INFO","message":"asynchronous run claimed","invocation_id":"inv_01m2scv8mhv30kscghpnfg7k5p","attempt":1,"generation":13,"delivery_count":1,"target":"tachyon_serverless_application::services::invoke_async::dispatch"}
{"timestamp":"2026-09-18T04:37:09.668063Z","level":"INFO","message":"bridge spawned","environment_id":"env_01m2scvmq66ajd84jn6eayqt1q","pid":852518,"target":"tachyon_serverless_provider_process"}
{"timestamp":"2026-09-18T04:37:09.691148Z","level":"INFO","message":"invocation finished","invocation_id":"inv_01m2scve1tw6ft76jzctn40vyh","status":"succeeded (async run)","handler_ms":4,"environment_boot_ms":3,"runtime_init_ms":3,"target":"tachyon_serverless_application::services::invoke"}
{"timestamp":"2026-09-18T04:37:09.693089Z","level":"INFO","message":"terminating bridge","environment_id":"env_01m2scvmq66ajd84jn6eayqt1q","pid":852518,"reason":"Completed","graceful":true,"target":"tachyon_serverless_provider_process"}
{"timestamp":"2026-09-18T04:37:09.697372Z","level":"INFO","message":"asynchronous invocation settled","invocation_id":"inv_01m2scve1tw6ft76jzctn40vyh","status":"succeeded","target":"tachyon_serverless_application::services::invoke_async::dispatch"}
{"timestamp":"2026-09-18T04:37:09.697930Z","level":"INFO","message":"async dispatch: delivery handled","message_id":"inv_01m2scve1tw6ft76jzctn40vyh.g10","sequence":38,"delivery_count":1,"outcome":"Completed { status: \"succeeded\" }","target":"tachyon_serverless_application::services::invoke_async::dispatch"}
{"timestamp":"2026-09-18T04:37:10.594870Z","level":"INFO","message":"bridge spawned","environment_id":"env_01m2scvnmmxpgn2s8e6cy54rh8","pid":852568,"target":"tachyon_serverless_provider_process"}
{"timestamp":"2026-09-18T04:37:10.617979Z","level":"INFO","message":"invocation finished","invocation_id":"inv_01m2scv8mhv30kscghpnfg7k5p","status":"succeeded (async run)","handler_ms":4,"environment_boot_ms":1,"runtime_init_ms":3,"target":"tachyon_serverless_application::services::invoke"}
{"timestamp":"2026-09-18T04:37:10.620026Z","level":"INFO","message":"terminating bridge","environment_id":"env_01m2scvnmmxpgn2s8e6cy54rh8","pid":852568,"reason":"Completed","graceful":true,"target":"tachyon_serverless_provider_process"}
{"timestamp":"2026-09-18T04:37:10.623053Z","level":"INFO","message":"asynchronous invocation settled","invocation_id":"inv_01m2scv8mhv30kscghpnfg7k5p","status":"succeeded","target":"tachyon_serverless_application::services::invoke_async::dispatch"}
{"timestamp":"2026-09-18T04:37:10.624028Z","level":"INFO","message":"async dispatch: delivery handled","message_id":"inv_01m2scv8mhv30kscghpnfg7k5p.g13","sequence":39,"delivery_count":1,"outcome":"Completed { status: \"succeeded\" }","target":"tachyon_serverless_application::services::invoke_async::dispatch"}
{"timestamp":"2026-09-18T04:37:11.343869Z","level":"INFO","message":"object retention pass","report":"GcReport { examined: 3, collected_expired: 0, collected_orphans: 0, kept_in_use: 0, kept_referenced: 3, incomplete_removed: 0, tombstones_purged: 0, failed: 0 }","target":"tachyon_serverless_gateway"}
{"timestamp":"2026-09-18T04:37:12.203140Z","level":"INFO","message":"bridge spawned","environment_id":"env_01m2scvq8e8syw70a0emxhqpza","pid":852694,"target":"tachyon_serverless_provider_process"}
{"timestamp":"2026-09-18T04:37:12.241636Z","level":"INFO","message":"invocation finished","invocation_id":"inv_01m2scvq8d4kt1dsfn3qw4fqqn","status":"succeeded","handler_ms":6,"environment_boot_ms":1,"runtime_init_ms":15,"target":"tachyon_serverless_application::services::invoke"}
{"timestamp":"2026-09-18T04:37:12.247556Z","level":"INFO","message":"terminating bridge","environment_id":"env_01m2scvq8e8syw70a0emxhqpza","pid":852694,"reason":"Completed","graceful":true,"target":"tachyon_serverless_provider_process"}
{"timestamp":"2026-09-18T04:37:12.272249Z","level":"INFO","message":"asynchronous invocation accepted","invocation_id":"inv_01m2scvrefh2keawnygqtkv0jw","tenant_id":"tn_01hzzzzzzzzzzzzzzzzzzzzzza","revision_id":"rev_01m2sctz4c199fysp71ecka903","input_bytes":48,"input_storage":"inline","target":"tachyon_serverless_application::services::invoke_async"}
{"timestamp":"2026-09-18T04:37:12.275454Z","level":"INFO","message":"asynchronous run claimed","invocation_id":"inv_01m2scvrefh2keawnygqtkv0jw","attempt":1,"generation":0,"delivery_count":1,"target":"tachyon_serverless_application::services::invoke_async::dispatch"}
{"timestamp":"2026-09-18T04:37:12.297287Z","level":"INFO","message":"asynchronous invocation accepted","invocation_id":"inv_01m2scvrf5zg5921n5jmc848wq","tenant_id":"tn_01hzzzzzzzzzzzzzzzzzzzzzza","revision_id":"rev_01m2sctz4c199fysp71ecka903","input_bytes":4128,"input_storage":"object","target":"tachyon_serverless_application::services::invoke_async"}
{"timestamp":"2026-09-18T04:37:12.300883Z","level":"INFO","message":"asynchronous run claimed","invocation_id":"inv_01m2scvrf5zg5921n5jmc848wq","attempt":1,"generation":0,"delivery_count":1,"target":"tachyon_serverless_application::services::invoke_async::dispatch"}
{"timestamp":"2026-09-18T04:37:12.314905Z","level":"INFO","message":"asynchronous invocation accepted","invocation_id":"inv_01m2scvrfs4dtyyq2k7yw4zr4k","tenant_id":"tn_01hzzzzzzzzzzzzzzzzzzzzzza","revision_id":"rev_01m2scv2naszs7s2t1wvnp8fy9","input_bytes":191,"input_storage":"inline","target":"tachyon_serverless_application::services::invoke_async"}
{"timestamp":"2026-09-18T04:37:12.314946Z","level":"INFO","message":"webhook trigger fired","trigger_id":"trg_01m2scv7dvqw0n29ab4eq6p2aj","event_id":"evt-post-w1","invocation_id":"inv_01m2scvrfs4dtyyq2k7yw4zr4k","revision_id":"rev_01m2scv2naszs7s2t1wvnp8fy9","replayed":false,"target":"tachyon_serverless_application::services::triggers"}
{"timestamp":"2026-09-18T04:37:12.324605Z","level":"INFO","message":"trigger updated","trigger_id":"trg_01m2scv7dph0dw26b1xx0e5zh9","generation":3,"status":"disabled","next_fire_at":"None","rotated_secret":false,"target":"tachyon_serverless_application::services::triggers"}
{"timestamp":"2026-09-18T04:37:13.345326Z","level":"INFO","message":"object retention pass","report":"GcReport { examined: 3, collected_expired: 0, collected_orphans: 0, kept_in_use: 0, kept_referenced: 3, incomplete_removed: 0, tombstones_purged: 0, failed: 0 }","target":"tachyon_serverless_gateway"}
{"timestamp":"2026-09-18T04:37:13.487139Z","level":"INFO","message":"bridge spawned","environment_id":"env_01m2scvrekbxez6zw4bn2x8srv","pid":852856,"target":"tachyon_serverless_provider_process"}
{"timestamp":"2026-09-18T04:37:13.512205Z","level":"INFO","message":"invocation finished","invocation_id":"inv_01m2scvrefh2keawnygqtkv0jw","status":"succeeded (async run)","handler_ms":5,"environment_boot_ms":1,"runtime_init_ms":3,"target":"tachyon_serverless_application::services::invoke"}
{"timestamp":"2026-09-18T04:37:13.512403Z","level":"INFO","message":"bridge spawned","environment_id":"env_01m2scvrfe9kepsy61kr7fxqja","pid":852866,"target":"tachyon_serverless_provider_process"}
{"timestamp":"2026-09-18T04:37:13.516945Z","level":"INFO","message":"terminating bridge","environment_id":"env_01m2scvrekbxez6zw4bn2x8srv","pid":852856,"reason":"Completed","graceful":true,"target":"tachyon_serverless_provider_process"}
{"timestamp":"2026-09-18T04:37:13.537963Z","level":"INFO","message":"invocation finished","invocation_id":"inv_01m2scvrf5zg5921n5jmc848wq","status":"succeeded (async run)","handler_ms":13,"environment_boot_ms":0,"runtime_init_ms":3,"target":"tachyon_serverless_application::services::invoke"}
{"timestamp":"2026-09-18T04:37:13.538744Z","level":"INFO","message":"asynchronous invocation settled","invocation_id":"inv_01m2scvrefh2keawnygqtkv0jw","status":"succeeded","target":"tachyon_serverless_application::services::invoke_async::dispatch"}
{"timestamp":"2026-09-18T04:37:13.539473Z","level":"INFO","message":"terminating bridge","environment_id":"env_01m2scvrfe9kepsy61kr7fxqja","pid":852866,"reason":"Completed","graceful":true,"target":"tachyon_serverless_provider_process"}
{"timestamp":"2026-09-18T04:37:13.539469Z","level":"INFO","message":"async dispatch: delivery handled","message_id":"inv_01m2scvrefh2keawnygqtkv0jw","sequence":40,"delivery_count":1,"outcome":"Completed { status: \"succeeded\" }","target":"tachyon_serverless_application::services::invoke_async::dispatch"}
{"timestamp":"2026-09-18T04:37:13.540307Z","level":"INFO","message":"asynchronous run claimed","invocation_id":"inv_01m2scvrfs4dtyyq2k7yw4zr4k","attempt":1,"generation":0,"delivery_count":1,"target":"tachyon_serverless_application::services::invoke_async::dispatch"}
{"timestamp":"2026-09-18T04:37:13.543418Z","level":"INFO","message":"asynchronous invocation settled","invocation_id":"inv_01m2scvrf5zg5921n5jmc848wq","status":"succeeded","target":"tachyon_serverless_application::services::invoke_async::dispatch"}
{"timestamp":"2026-09-18T04:37:13.544059Z","level":"INFO","message":"async dispatch: delivery handled","message_id":"inv_01m2scvrf5zg5921n5jmc848wq","sequence":41,"delivery_count":1,"outcome":"Completed { status: \"succeeded\" }","target":"tachyon_serverless_application::services::invoke_async::dispatch"}
{"timestamp":"2026-09-18T04:37:14.700766Z","level":"INFO","message":"bridge spawned","environment_id":"env_01m2scvsp4v5njry33cq41wv17","pid":852916,"target":"tachyon_serverless_provider_process"}
{"timestamp":"2026-09-18T04:37:14.735929Z","level":"INFO","message":"invocation finished","invocation_id":"inv_01m2scvrfs4dtyyq2k7yw4zr4k","status":"succeeded (async run)","handler_ms":4,"environment_boot_ms":1,"runtime_init_ms":12,"target":"tachyon_serverless_application::services::invoke"}
{"timestamp":"2026-09-18T04:37:14.745578Z","level":"INFO","message":"terminating bridge","environment_id":"env_01m2scvsp4v5njry33cq41wv17","pid":852916,"reason":"Completed","graceful":true,"target":"tachyon_serverless_provider_process"}
{"timestamp":"2026-09-18T04:37:14.764771Z","level":"INFO","message":"asynchronous invocation settled","invocation_id":"inv_01m2scvrfs4dtyyq2k7yw4zr4k","status":"succeeded","target":"tachyon_serverless_application::services::invoke_async::dispatch"}
{"timestamp":"2026-09-18T04:37:14.765665Z","level":"INFO","message":"async dispatch: delivery handled","message_id":"inv_01m2scvrfs4dtyyq2k7yw4zr4k","sequence":42,"delivery_count":1,"outcome":"Completed { status: \"succeeded\" }","target":"tachyon_serverless_application::services::invoke_async::dispatch"}
{"timestamp":"2026-09-18T04:37:15.338379Z","level":"INFO","message":"SIGTERM received","target":"tachyon_serverless_gateway"}
{"timestamp":"2026-09-18T04:37:15.338410Z","level":"INFO","message":"shutdown requested; cancelling in-flight invocations","target":"tachyon_serverless_gateway"}
{"timestamp":"2026-09-18T04:37:15.338704Z","level":"INFO","message":"final usage collection","report":"CollectReport { batches: 0, read: 0, inserted: 0, duplicates: 0, cursor_seq: 79 }","target":"tachyon_serverless_gateway"}
{"timestamp":"2026-09-18T04:37:15.341794Z","level":"INFO","message":"gateway stopped","target":"tachyon_serverless_gateway"}
{"timestamp":"2026-09-18T04:37:15.341911Z","level":"INFO","message":"event: closed","target":"async_nats"}
