
===== a start (failpoints: none) 11:54:00 =====
{"timestamp":"2026-09-17T11:54:00.020786Z","level":"INFO","message":"configuration loaded","config":"/private/var/folders/z7/khzdjrt95cg_fcmcnh4j1b5h0000gn/T/tsls-chaos.8lgFn0/gw-a.toml","target":"tachyon_serverless_gateway"}
{"timestamp":"2026-09-17T11:54:00.022799Z","level":"INFO","message":"connected successfully","server":"58909","max_payload":"1048576","target":"async_nats::connector"}
{"timestamp":"2026-09-17T11:54:00.022882Z","level":"INFO","message":"event: connected","target":"async_nats"}
{"timestamp":"2026-09-17T11:54:00.037601Z","level":"INFO","message":"JetStream queue connected and stream bootstrapped","url":"nats://127.0.0.1:58909","stream":"TACHYON_EVENTS","target":"tachyon_serverless_gateway::durable"}
{"timestamp":"2026-09-17T11:54:00.043363Z","level":"INFO","message":"state store opened","path":"/private/var/folders/z7/khzdjrt95cg_fcmcnh4j1b5h0000gn/T/tsls-chaos.8lgFn0/data/state.db","schema_version":8,"migrations_applied":"[1, 2, 3, 4, 5, 6, 7, 8]","imported_state_json":"None","settled_invocations":0,"settled_attempts":0,"settled_environments":0,"released_leases":0,"dropped_idempotency_keys":0,"purged_idempotency_keys":0,"outputs_purged":0,"target":"tachyon_serverless_application::app"}
{"timestamp":"2026-09-17T11:54:00.043551Z","level":"INFO","message":"dispatcher registered","dispatcher_id":"dsp_01m2qketzb9sewc12xg17bywzx","instance":"chaos-a","pid":85053,"lease_ttl_seconds":6,"target":"tachyon_serverless_application::services::dispatcher"}
{"timestamp":"2026-09-17T11:54:00.046610Z","level":"INFO","message":"application bootstrapped","profile":"dev","provider":"process","dev_only":true,"environment_reuse":false,"reuse_verified":false,"reuse_reason":"[pool] enabled is false","reuse_disabled":"Some(Configuration)","idle_quiesce":"unsupported","idle_resume":"unsupported","data_dir":"/private/var/folders/z7/khzdjrt95cg_fcmcnh4j1b5h0000gn/T/tsls-chaos.8lgFn0/data","store":"sqlite","dispatcher_id":"dsp_01m2qketzb9sewc12xg17bywzx","node":"local","node_region":"none","node_memory_mib":"None","max_concurrency":8,"queue":"nats","objects":"filesystem","invoke_async":true,"triggers":true,"target":"tachyon_serverless_application::app"}
{"timestamp":"2026-09-17T11:54:00.046756Z","level":"INFO","message":"startup reconcile finished","provider":"process","found":0,"adopted":0,"terminated":0,"disowned":0,"failed":0,"lost":0,"foreign":0,"reclaimed_dispatchers":0,"fenced_terminated":0,"fenced_pending":0,"target":"tachyon_serverless_application::services::reconcile"}
{"timestamp":"2026-09-17T11:54:00.046802Z","level":"INFO","message":"gateway listening","addr":"127.0.0.1:58913","profile":"dev","provider":"process","target":"tachyon_serverless_gateway"}
{"timestamp":"2026-09-17T11:54:00.047771Z","level":"INFO","message":"asynchronous dispatcher started","workers":2,"owner":"dsp_01m2qketzb9sewc12xg17bywzx","target":"tachyon_serverless_gateway"}
{"timestamp":"2026-09-17T11:54:00.801089Z","level":"INFO","message":"revision ready","revision_id":"rev_01m2qkevjphjwmqnta9py4jjkj","function_id":"fn_01m2qkev901cwpp72xfbs4ws1p","target":"tachyon_serverless_application::services::revision"}
{"timestamp":"2026-09-17T11:54:01.272617Z","level":"INFO","message":"revision ready","revision_id":"rev_01m2qkew1jmw873a79ds3v383x","function_id":"fn_01m2qkevr30x7shjth7rqx8q8d","target":"tachyon_serverless_application::services::revision"}
{"timestamp":"2026-09-17T11:54:01.746322Z","level":"INFO","message":"revision ready","revision_id":"rev_01m2qkewga9qqacq5c49n5annw","function_id":"fn_01m2qkew6y2bch8kz6bdz9m3dm","target":"tachyon_serverless_application::services::revision"}
{"timestamp":"2026-09-17T11:54:01.776676Z","level":"INFO","message":"trigger created","trigger_id":"trg_01m2qkewngd2ng4nwqts5hbc4y","function_id":"fn_01m2qkevr30x7shjth7rqx8q8d","kind":"cron","enabled":true,"next_fire_at":"Some(2026-09-17T11:54:02Z)","target":"tachyon_serverless_application::services::triggers"}
{"timestamp":"2026-09-17T11:54:01.787246Z","level":"INFO","message":"trigger created","trigger_id":"trg_01m2qkewnvp64cf0a2ac60yv0m","function_id":"fn_01m2qkevr30x7shjth7rqx8q8d","kind":"webhook","enabled":true,"next_fire_at":"None","target":"tachyon_serverless_application::services::triggers"}
{"timestamp":"2026-09-17T11:54:01.940840Z","level":"INFO","message":"bridge spawned","environment_id":"env_01m2qkewpemat0yaw0svx6szzs","pid":85311,"target":"tachyon_serverless_provider_process"}
{"timestamp":"2026-09-17T11:54:02.004372Z","level":"INFO","message":"asynchronous invocation accepted","invocation_id":"inv_01m2qkewwk85kxjrm9w70dhvtd","tenant_id":"tn_01hzzzzzzzzzzzzzzzzzzzzzza","revision_id":"rev_01m2qkew1jmw873a79ds3v383x","input_bytes":180,"input_storage":"inline","target":"tachyon_serverless_application::services::invoke_async"}
{"timestamp":"2026-09-17T11:54:02.004410Z","level":"INFO","message":"cron trigger fired","trigger_id":"trg_01m2qkewngd2ng4nwqts5hbc4y","scheduled_at":"2026-09-17T11:54:02Z","invocation_id":"inv_01m2qkewwk85kxjrm9w70dhvtd","revision_id":"rev_01m2qkew1jmw873a79ds3v383x","replayed":false,"target":"tachyon_serverless_application::services::triggers"}
{"timestamp":"2026-09-17T11:54:02.016872Z","level":"INFO","message":"asynchronous run claimed","invocation_id":"inv_01m2qkewwk85kxjrm9w70dhvtd","attempt":1,"generation":0,"delivery_count":1,"target":"tachyon_serverless_application::services::invoke_async::dispatch"}
{"timestamp":"2026-09-17T11:54:02.130561Z","level":"INFO","message":"invocation finished","invocation_id":"inv_01m2qkewpebwcp7w47ngwg8nzn","status":"succeeded","handler_ms":0,"environment_boot_ms":3,"runtime_init_ms":184,"target":"tachyon_serverless_application::services::invoke"}
{"timestamp":"2026-09-17T11:54:02.132134Z","level":"INFO","message":"terminating bridge","environment_id":"env_01m2qkewpemat0yaw0svx6szzs","pid":85311,"reason":"Completed","graceful":true,"target":"tachyon_serverless_provider_process"}
{"timestamp":"2026-09-17T11:54:02.155947Z","level":"INFO","message":"bridge spawned","environment_id":"env_01m2qkewx1z2qrgrq7430wqs8f","pid":85326,"target":"tachyon_serverless_provider_process"}
{"timestamp":"2026-09-17T11:54:02.164416Z","level":"INFO","message":"invocation finished","invocation_id":"inv_01m2qkewwk85kxjrm9w70dhvtd","status":"succeeded (async run)","handler_ms":0,"environment_boot_ms":3,"runtime_init_ms":4,"target":"tachyon_serverless_application::services::invoke"}
{"timestamp":"2026-09-17T11:54:02.165970Z","level":"INFO","message":"terminating bridge","environment_id":"env_01m2qkewx1z2qrgrq7430wqs8f","pid":85326,"reason":"Completed","graceful":true,"target":"tachyon_serverless_provider_process"}
{"timestamp":"2026-09-17T11:54:02.168262Z","level":"INFO","message":"asynchronous invocation settled","invocation_id":"inv_01m2qkewwk85kxjrm9w70dhvtd","status":"succeeded","target":"tachyon_serverless_application::services::invoke_async::dispatch"}
{"timestamp":"2026-09-17T11:54:02.175382Z","level":"INFO","message":"async dispatch: delivery handled","message_id":"inv_01m2qkewwk85kxjrm9w70dhvtd","sequence":1,"delivery_count":1,"outcome":"Completed { status: \"succeeded\" }","target":"tachyon_serverless_application::services::invoke_async::dispatch"}
{"timestamp":"2026-09-17T11:54:02.184471Z","level":"INFO","message":"asynchronous invocation accepted","invocation_id":"inv_01m2qkex28vnk71b2m4wg8gcr5","tenant_id":"tn_01hzzzzzzzzzzzzzzzzzzzzzza","revision_id":"rev_01m2qkevjphjwmqnta9py4jjkj","input_bytes":47,"input_storage":"inline","target":"tachyon_serverless_application::services::invoke_async"}
{"timestamp":"2026-09-17T11:54:02.189515Z","level":"INFO","message":"asynchronous run claimed","invocation_id":"inv_01m2qkex28vnk71b2m4wg8gcr5","attempt":1,"generation":0,"delivery_count":1,"target":"tachyon_serverless_application::services::invoke_async::dispatch"}
{"timestamp":"2026-09-17T11:54:02.243336Z","level":"INFO","message":"asynchronous invocation accepted","invocation_id":"inv_01m2qkex3m38va16xasp3tqx0z","tenant_id":"tn_01hzzzzzzzzzzzzzzzzzzzzzza","revision_id":"rev_01m2qkevjphjwmqnta9py4jjkj","input_bytes":4127,"input_storage":"object","target":"tachyon_serverless_application::services::invoke_async"}
{"timestamp":"2026-09-17T11:54:02.248396Z","level":"INFO","message":"asynchronous run claimed","invocation_id":"inv_01m2qkex3m38va16xasp3tqx0z","attempt":1,"generation":0,"delivery_count":1,"target":"tachyon_serverless_application::services::invoke_async::dispatch"}
{"timestamp":"2026-09-17T11:54:02.269438Z","level":"INFO","message":"asynchronous invocation accepted","invocation_id":"inv_01m2qkex4wvvs1vwsztr2xathp","tenant_id":"tn_01hzzzzzzzzzzzzzzzzzzzzzza","revision_id":"rev_01m2qkew1jmw873a79ds3v383x","input_bytes":189,"input_storage":"inline","target":"tachyon_serverless_application::services::invoke_async"}
{"timestamp":"2026-09-17T11:54:02.269473Z","level":"INFO","message":"webhook trigger fired","trigger_id":"trg_01m2qkewnvp64cf0a2ac60yv0m","event_id":"evt-pre-w1","invocation_id":"inv_01m2qkex4wvvs1vwsztr2xathp","revision_id":"rev_01m2qkew1jmw873a79ds3v383x","replayed":false,"target":"tachyon_serverless_application::services::triggers"}
{"timestamp":"2026-09-17T11:54:02.332044Z","level":"INFO","message":"bridge spawned","environment_id":"env_01m2qkex2drz4cmrf08s5nnmbr","pid":85387,"target":"tachyon_serverless_provider_process"}
{"timestamp":"2026-09-17T11:54:02.397833Z","level":"INFO","message":"bridge spawned","environment_id":"env_01m2qkex49wqn28th0va4dazk8","pid":85389,"target":"tachyon_serverless_provider_process"}
{"timestamp":"2026-09-17T11:54:02.430781Z","level":"INFO","message":"bridge spawned","environment_id":"env_01m2qkex5c0qf7a3y7egg5szsr","pid":85391,"target":"tachyon_serverless_provider_process"}
{"timestamp":"2026-09-17T11:54:02.440620Z","level":"INFO","message":"invocation finished","invocation_id":"inv_01m2qkex5bwf6ynhkc5ppw427q","status":"succeeded","handler_ms":0,"environment_boot_ms":3,"runtime_init_ms":4,"target":"tachyon_serverless_application::services::invoke"}
{"timestamp":"2026-09-17T11:54:02.442175Z","level":"INFO","message":"terminating bridge","environment_id":"env_01m2qkex5c0qf7a3y7egg5szsr","pid":85391,"reason":"Completed","graceful":true,"target":"tachyon_serverless_provider_process"}
{"timestamp":"2026-09-17T11:54:02.492634Z","level":"INFO","message":"asynchronous invocation accepted","invocation_id":"inv_01m2qkexbw90nm6q592csz9hyh","tenant_id":"tn_01hzzzzzzzzzzzzzzzzzzzzzza","revision_id":"rev_01m2qkevjphjwmqnta9py4jjkj","input_bytes":47,"input_storage":"inline","target":"tachyon_serverless_application::services::invoke_async"}
{"timestamp":"2026-09-17T11:54:02.536911Z","level":"INFO","message":"invocation finished","invocation_id":"inv_01m2qkex28vnk71b2m4wg8gcr5","status":"succeeded (async run)","handler_ms":1,"environment_boot_ms":4,"runtime_init_ms":198,"target":"tachyon_serverless_application::services::invoke"}
{"timestamp":"2026-09-17T11:54:02.537583Z","level":"INFO","message":"invocation finished","invocation_id":"inv_01m2qkex3m38va16xasp3tqx0z","status":"succeeded (async run)","handler_ms":1,"environment_boot_ms":4,"runtime_init_ms":134,"target":"tachyon_serverless_application::services::invoke"}
{"timestamp":"2026-09-17T11:54:02.537862Z","level":"INFO","message":"terminating bridge","environment_id":"env_01m2qkex2drz4cmrf08s5nnmbr","pid":85387,"reason":"Completed","graceful":true,"target":"tachyon_serverless_provider_process"}
{"timestamp":"2026-09-17T11:54:02.539200Z","level":"INFO","message":"terminating bridge","environment_id":"env_01m2qkex49wqn28th0va4dazk8","pid":85389,"reason":"Completed","graceful":true,"target":"tachyon_serverless_provider_process"}
{"timestamp":"2026-09-17T11:54:02.540769Z","level":"INFO","message":"asynchronous invocation settled","invocation_id":"inv_01m2qkex28vnk71b2m4wg8gcr5","status":"succeeded","target":"tachyon_serverless_application::services::invoke_async::dispatch"}
{"timestamp":"2026-09-17T11:54:02.544942Z","level":"INFO","message":"async dispatch: delivery handled","message_id":"inv_01m2qkex28vnk71b2m4wg8gcr5","sequence":2,"delivery_count":1,"outcome":"Completed { status: \"succeeded\" }","target":"tachyon_serverless_application::services::invoke_async::dispatch"}
{"timestamp":"2026-09-17T11:54:02.549100Z","level":"INFO","message":"asynchronous invocation settled","invocation_id":"inv_01m2qkex3m38va16xasp3tqx0z","status":"succeeded","target":"tachyon_serverless_application::services::invoke_async::dispatch"}
{"timestamp":"2026-09-17T11:54:02.549433Z","level":"INFO","message":"asynchronous run claimed","invocation_id":"inv_01m2qkex4wvvs1vwsztr2xathp","attempt":1,"generation":0,"delivery_count":1,"target":"tachyon_serverless_application::services::invoke_async::dispatch"}
{"timestamp":"2026-09-17T11:54:02.553214Z","level":"INFO","message":"async dispatch: delivery handled","message_id":"inv_01m2qkex3m38va16xasp3tqx0z","sequence":3,"delivery_count":1,"outcome":"Completed { status: \"succeeded\" }","target":"tachyon_serverless_application::services::invoke_async::dispatch"}
{"timestamp":"2026-09-17T11:54:02.553724Z","level":"INFO","message":"asynchronous run claimed","invocation_id":"inv_01m2qkexbw90nm6q592csz9hyh","attempt":1,"generation":0,"delivery_count":1,"target":"tachyon_serverless_application::services::invoke_async::dispatch"}
{"timestamp":"2026-09-17T11:54:02.567312Z","level":"INFO","message":"asynchronous invocation accepted","invocation_id":"inv_01m2qkexdnjhy83vbq29x0ee0x","tenant_id":"tn_01hzzzzzzzzzzzzzzzzzzzzzza","revision_id":"rev_01m2qkevjphjwmqnta9py4jjkj","input_bytes":4127,"input_storage":"object","target":"tachyon_serverless_application::services::invoke_async"}
{"timestamp":"2026-09-17T11:54:02.601975Z","level":"INFO","message":"asynchronous invocation accepted","invocation_id":"inv_01m2qkexf9w76c7a86smtxkt16","tenant_id":"tn_01hzzzzzzzzzzzzzzzzzzzzzza","revision_id":"rev_01m2qkew1jmw873a79ds3v383x","input_bytes":189,"input_storage":"inline","target":"tachyon_serverless_application::services::invoke_async"}
{"timestamp":"2026-09-17T11:54:02.602014Z","level":"INFO","message":"webhook trigger fired","trigger_id":"trg_01m2qkewnvp64cf0a2ac60yv0m","event_id":"evt-pre-w2","invocation_id":"inv_01m2qkexf9w76c7a86smtxkt16","revision_id":"rev_01m2qkew1jmw873a79ds3v383x","replayed":false,"target":"tachyon_serverless_application::services::triggers"}
{"timestamp":"2026-09-17T11:54:02.727948Z","level":"INFO","message":"bridge spawned","environment_id":"env_01m2qkexdn7ksp8v38vd8h45zx","pid":85494,"target":"tachyon_serverless_provider_process"}
{"timestamp":"2026-09-17T11:54:02.733664Z","level":"INFO","message":"bridge spawned","environment_id":"env_01m2qkexds5tt0dhd98qxmvvhs","pid":85496,"target":"tachyon_serverless_provider_process"}
{"timestamp":"2026-09-17T11:54:02.741371Z","level":"INFO","message":"invocation finished","invocation_id":"inv_01m2qkex4wvvs1vwsztr2xathp","status":"succeeded (async run)","handler_ms":0,"environment_boot_ms":4,"runtime_init_ms":5,"target":"tachyon_serverless_application::services::invoke"}
{"timestamp":"2026-09-17T11:54:02.742325Z","level":"INFO","message":"terminating bridge","environment_id":"env_01m2qkexdn7ksp8v38vd8h45zx","pid":85494,"reason":"Completed","graceful":true,"target":"tachyon_serverless_provider_process"}
{"timestamp":"2026-09-17T11:54:02.745466Z","level":"INFO","message":"asynchronous invocation settled","invocation_id":"inv_01m2qkex4wvvs1vwsztr2xathp","status":"succeeded","target":"tachyon_serverless_application::services::invoke_async::dispatch"}
{"timestamp":"2026-09-17T11:54:02.745941Z","level":"INFO","message":"invocation finished","invocation_id":"inv_01m2qkexbw90nm6q592csz9hyh","status":"succeeded (async run)","handler_ms":2,"environment_boot_ms":3,"runtime_init_ms":5,"target":"tachyon_serverless_application::services::invoke"}
{"timestamp":"2026-09-17T11:54:02.750318Z","level":"INFO","message":"async dispatch: delivery handled","message_id":"inv_01m2qkex4wvvs1vwsztr2xathp","sequence":4,"delivery_count":1,"outcome":"Completed { status: \"succeeded\" }","target":"tachyon_serverless_application::services::invoke_async::dispatch"}
{"timestamp":"2026-09-17T11:54:02.750846Z","level":"INFO","message":"asynchronous run claimed","invocation_id":"inv_01m2qkexdnjhy83vbq29x0ee0x","attempt":1,"generation":0,"delivery_count":1,"target":"tachyon_serverless_application::services::invoke_async::dispatch"}
{"timestamp":"2026-09-17T11:54:02.751005Z","level":"INFO","message":"terminating bridge","environment_id":"env_01m2qkexds5tt0dhd98qxmvvhs","pid":85496,"reason":"Completed","graceful":true,"target":"tachyon_serverless_provider_process"}
{"timestamp":"2026-09-17T11:54:02.754436Z","level":"INFO","message":"asynchronous invocation settled","invocation_id":"inv_01m2qkexbw90nm6q592csz9hyh","status":"succeeded","target":"tachyon_serverless_application::services::invoke_async::dispatch"}
{"timestamp":"2026-09-17T11:54:02.759067Z","level":"INFO","message":"async dispatch: delivery handled","message_id":"inv_01m2qkexbw90nm6q592csz9hyh","sequence":5,"delivery_count":1,"outcome":"Completed { status: \"succeeded\" }","target":"tachyon_serverless_application::services::invoke_async::dispatch"}
{"timestamp":"2026-09-17T11:54:02.759573Z","level":"INFO","message":"asynchronous run claimed","invocation_id":"inv_01m2qkexf9w76c7a86smtxkt16","attempt":1,"generation":0,"delivery_count":1,"target":"tachyon_serverless_application::services::invoke_async::dispatch"}
{"timestamp":"2026-09-17T11:54:02.977913Z","level":"INFO","message":"bridge spawned","environment_id":"env_01m2qkexm0d8983jynvxfzheq5","pid":85508,"target":"tachyon_serverless_provider_process"}
{"timestamp":"2026-09-17T11:54:02.981990Z","level":"INFO","message":"bridge spawned","environment_id":"env_01m2qkexm71bykny0rp0x2k8we","pid":85509,"target":"tachyon_serverless_provider_process"}
{"timestamp":"2026-09-17T11:54:02.993969Z","level":"INFO","message":"invocation finished","invocation_id":"inv_01m2qkexdnjhy83vbq29x0ee0x","status":"succeeded (async run)","handler_ms":2,"environment_boot_ms":5,"runtime_init_ms":7,"target":"tachyon_serverless_application::services::invoke"}
{"timestamp":"2026-09-17T11:54:02.994250Z","level":"INFO","message":"invocation finished","invocation_id":"inv_01m2qkexf9w76c7a86smtxkt16","status":"succeeded (async run)","handler_ms":0,"environment_boot_ms":4,"runtime_init_ms":6,"target":"tachyon_serverless_application::services::invoke"}
{"timestamp":"2026-09-17T11:54:02.995709Z","level":"INFO","message":"terminating bridge","environment_id":"env_01m2qkexm71bykny0rp0x2k8we","pid":85509,"reason":"Completed","graceful":true,"target":"tachyon_serverless_provider_process"}
{"timestamp":"2026-09-17T11:54:02.995711Z","level":"INFO","message":"terminating bridge","environment_id":"env_01m2qkexm0d8983jynvxfzheq5","pid":85508,"reason":"Completed","graceful":true,"target":"tachyon_serverless_provider_process"}
{"timestamp":"2026-09-17T11:54:02.999434Z","level":"INFO","message":"asynchronous invocation settled","invocation_id":"inv_01m2qkexdnjhy83vbq29x0ee0x","status":"succeeded","target":"tachyon_serverless_application::services::invoke_async::dispatch"}
{"timestamp":"2026-09-17T11:54:02.999926Z","level":"INFO","message":"asynchronous invocation settled","invocation_id":"inv_01m2qkexf9w76c7a86smtxkt16","status":"succeeded","target":"tachyon_serverless_application::services::invoke_async::dispatch"}
{"timestamp":"2026-09-17T11:54:03.005121Z","level":"INFO","message":"async dispatch: delivery handled","message_id":"inv_01m2qkexdnjhy83vbq29x0ee0x","sequence":6,"delivery_count":1,"outcome":"Completed { status: \"succeeded\" }","target":"tachyon_serverless_application::services::invoke_async::dispatch"}
{"timestamp":"2026-09-17T11:54:03.013212Z","level":"INFO","message":"async dispatch: delivery handled","message_id":"inv_01m2qkexf9w76c7a86smtxkt16","sequence":7,"delivery_count":1,"outcome":"Completed { status: \"succeeded\" }","target":"tachyon_serverless_application::services::invoke_async::dispatch"}
{"timestamp":"2026-09-17T11:54:03.322860Z","level":"INFO","message":"revision ready","revision_id":"rev_01m2qkexymzcykqm5qbj6jrc9r","function_id":"fn_01m2qkexg29zrrr6b73d1mspqh","target":"tachyon_serverless_application::services::revision"}
{"timestamp":"2026-09-17T11:54:03.448769Z","level":"INFO","message":"trigger updated","trigger_id":"trg_01m2qkewngd2ng4nwqts5hbc4y","generation":2,"status":"disabled","next_fire_at":"None","rotated_secret":false,"target":"tachyon_serverless_application::services::triggers"}
{"timestamp":"2026-09-17T11:54:03.696884Z","level":"INFO","message":"bridge spawned","environment_id":"env_01m2qkeyaa1xfmazs6hpphyb6h","pid":85583,"target":"tachyon_serverless_provider_process"}

===== a start (failpoints: none) 11:54:05 =====
{"timestamp":"2026-09-17T11:54:05.384786Z","level":"INFO","message":"configuration loaded","config":"/private/var/folders/z7/khzdjrt95cg_fcmcnh4j1b5h0000gn/T/tsls-chaos.8lgFn0/gw-a.toml","target":"tachyon_serverless_gateway"}
{"timestamp":"2026-09-17T11:54:05.387090Z","level":"INFO","message":"connected successfully","server":"58909","max_payload":"1048576","target":"async_nats::connector"}
{"timestamp":"2026-09-17T11:54:05.387216Z","level":"INFO","message":"event: connected","target":"async_nats"}
{"timestamp":"2026-09-17T11:54:05.400691Z","level":"INFO","message":"JetStream queue connected and stream bootstrapped","url":"nats://127.0.0.1:58909","stream":"TACHYON_EVENTS","target":"tachyon_serverless_gateway::durable"}
{"timestamp":"2026-09-17T11:54:05.403659Z","level":"INFO","message":"state store opened","path":"/private/var/folders/z7/khzdjrt95cg_fcmcnh4j1b5h0000gn/T/tsls-chaos.8lgFn0/data/state.db","schema_version":8,"migrations_applied":"[]","imported_state_json":"None","settled_invocations":0,"settled_attempts":0,"settled_environments":0,"released_leases":0,"dropped_idempotency_keys":0,"purged_idempotency_keys":0,"outputs_purged":0,"target":"tachyon_serverless_application::app"}
{"timestamp":"2026-09-17T11:54:05.403991Z","level":"INFO","message":"dispatcher registered","dispatcher_id":"dsp_01m2qkf06v1ep3fav9hhxynx4k","instance":"chaos-a","pid":85653,"lease_ttl_seconds":6,"target":"tachyon_serverless_application::services::dispatcher"}
{"timestamp":"2026-09-17T11:54:05.405533Z","level":"WARN","message":"reclaimed the work of dispatchers that lost their lease","dispatcher_id":"dsp_01m2qkf06v1ep3fav9hhxynx4k","reclaimed_dispatchers":"[DispatcherId(dsp_01m2qketzb9sewc12xg17bywzx)]","leases":1,"invocations":2,"attempts":1,"fenced":1,"target":"tachyon_serverless_application::services::dispatcher"}
{"timestamp":"2026-09-17T11:54:05.409220Z","level":"INFO","message":"application bootstrapped","profile":"dev","provider":"process","dev_only":true,"environment_reuse":false,"reuse_verified":false,"reuse_reason":"[pool] enabled is false","reuse_disabled":"Some(Configuration)","idle_quiesce":"unsupported","idle_resume":"unsupported","data_dir":"/private/var/folders/z7/khzdjrt95cg_fcmcnh4j1b5h0000gn/T/tsls-chaos.8lgFn0/data","store":"sqlite","dispatcher_id":"dsp_01m2qkf06v1ep3fav9hhxynx4k","node":"local","node_region":"none","node_memory_mib":"None","max_concurrency":8,"queue":"nats","objects":"filesystem","invoke_async":true,"triggers":true,"target":"tachyon_serverless_application::app"}
{"timestamp":"2026-09-17T11:54:05.410191Z","level":"INFO","message":"fenced environment terminated and settled","environment_id":"env_01m2qkeyaa1xfmazs6hpphyb6h","owner":"Some(DispatcherId(dsp_01m2qketzb9sewc12xg17bywzx))","was_running":false,"target":"tachyon_serverless_application::services::reconcile"}
{"timestamp":"2026-09-17T11:54:05.410355Z","level":"INFO","message":"startup reconcile finished","provider":"process","found":0,"adopted":0,"terminated":0,"disowned":0,"failed":0,"lost":0,"foreign":0,"reclaimed_dispatchers":0,"fenced_terminated":1,"fenced_pending":0,"target":"tachyon_serverless_application::services::reconcile"}
{"timestamp":"2026-09-17T11:54:05.410427Z","level":"INFO","message":"gateway listening","addr":"127.0.0.1:58913","profile":"dev","provider":"process","target":"tachyon_serverless_gateway"}
{"timestamp":"2026-09-17T11:54:05.412064Z","level":"INFO","message":"asynchronous dispatcher started","workers":2,"owner":"dsp_01m2qkf06v1ep3fav9hhxynx4k","target":"tachyon_serverless_gateway"}
{"timestamp":"2026-09-17T11:54:06.104275Z","level":"INFO","message":"bridge spawned","environment_id":"env_01m2qkf0q16w3r0w7z5vp3yj3p","pid":85764,"target":"tachyon_serverless_provider_process"}
{"timestamp":"2026-09-17T11:54:06.316808Z","level":"INFO","message":"invocation finished","invocation_id":"inv_01m2qkf0q17cs5jma0gmhg2rcv","status":"succeeded","handler_ms":201,"environment_boot_ms":5,"runtime_init_ms":5,"target":"tachyon_serverless_application::services::invoke"}
{"timestamp":"2026-09-17T11:54:06.318498Z","level":"INFO","message":"terminating bridge","environment_id":"env_01m2qkf0q16w3r0w7z5vp3yj3p","pid":85764,"reason":"Completed","graceful":true,"target":"tachyon_serverless_provider_process"}
{"timestamp":"2026-09-17T11:54:06.405962Z","level":"INFO","message":"trigger updated","trigger_id":"trg_01m2qkewngd2ng4nwqts5hbc4y","generation":3,"status":"disabled","next_fire_at":"None","rotated_secret":false,"target":"tachyon_serverless_application::services::triggers"}
{"timestamp":"2026-09-17T11:54:07.361162Z","level":"INFO","message":"SIGTERM received","target":"tachyon_serverless_gateway"}
{"timestamp":"2026-09-17T11:54:07.361194Z","level":"INFO","message":"shutdown requested; cancelling in-flight invocations","target":"tachyon_serverless_gateway"}
{"timestamp":"2026-09-17T11:54:07.361479Z","level":"INFO","message":"final usage collection","report":"CollectReport { batches: 0, read: 0, inserted: 0, duplicates: 0, cursor_seq: 52 }","target":"tachyon_serverless_gateway"}
{"timestamp":"2026-09-17T11:54:07.362513Z","level":"INFO","message":"gateway stopped","target":"tachyon_serverless_gateway"}
{"timestamp":"2026-09-17T11:54:07.362615Z","level":"INFO","message":"event: closed","target":"async_nats"}
