
===== b start (failpoints: none) 18:27:55 =====
{"timestamp":"2026-09-17T18:27:55.114859Z","level":"INFO","message":"configuration loaded","config":"/private/var/folders/z7/khzdjrt95cg_fcmcnh4j1b5h0000gn/T/tsls-chaos.92pkdu/gw-b.toml","target":"tachyon_serverless_gateway"}
{"timestamp":"2026-09-17T18:27:55.116769Z","level":"INFO","message":"connected successfully","server":"52310","max_payload":"1048576","target":"async_nats::connector"}
{"timestamp":"2026-09-17T18:27:55.116864Z","level":"INFO","message":"event: connected","target":"async_nats"}
{"timestamp":"2026-09-17T18:27:55.128851Z","level":"INFO","message":"JetStream queue connected and stream bootstrapped","url":"nats://127.0.0.1:52310","stream":"TACHYON_EVENTS","target":"tachyon_serverless_gateway::durable"}
{"timestamp":"2026-09-17T18:27:55.129925Z","level":"INFO","message":"state store opened","path":"/private/var/folders/z7/khzdjrt95cg_fcmcnh4j1b5h0000gn/T/tsls-chaos.92pkdu/data/state.db","schema_version":8,"migrations_applied":"[]","imported_state_json":"None","settled_invocations":0,"settled_attempts":0,"settled_environments":0,"released_leases":0,"dropped_idempotency_keys":0,"purged_idempotency_keys":0,"outputs_purged":0,"target":"tachyon_serverless_application::app"}
{"timestamp":"2026-09-17T18:27:55.130410Z","level":"INFO","message":"log store opened","path":"/private/var/folders/z7/khzdjrt95cg_fcmcnh4j1b5h0000gn/T/tsls-chaos.92pkdu/data/logs/logs.db","healthy":true,"retention_seconds":604800,"max_total_bytes":1073741824,"target":"tachyon_serverless_application::app"}
{"timestamp":"2026-09-17T18:27:55.130640Z","level":"INFO","message":"dispatcher registered","dispatcher_id":"dsp_01m2ra043tyw18wey7k6tvchd7","instance":"chaos-b","pid":67233,"lease_ttl_seconds":6,"target":"tachyon_serverless_application::services::dispatcher"}
{"timestamp":"2026-09-17T18:27:55.131574Z","level":"INFO","message":"application bootstrapped","profile":"dev","provider":"process","dev_only":true,"environment_reuse":false,"reuse_verified":false,"reuse_reason":"[pool] enabled is false","reuse_disabled":"Some(Configuration)","idle_quiesce":"unsupported","idle_resume":"unsupported","data_dir":"/private/var/folders/z7/khzdjrt95cg_fcmcnh4j1b5h0000gn/T/tsls-chaos.92pkdu/data","store":"sqlite","dispatcher_id":"dsp_01m2ra043tyw18wey7k6tvchd7","node":"local","node_region":"none","node_memory_mib":"None","max_concurrency":8,"queue":"nats","objects":"filesystem","invoke_async":true,"triggers":true,"target":"tachyon_serverless_application::app"}
{"timestamp":"2026-09-17T18:27:55.131780Z","level":"INFO","message":"startup reconcile finished","provider":"process","found":0,"adopted":0,"terminated":0,"disowned":0,"failed":0,"lost":0,"foreign":0,"reclaimed_dispatchers":0,"fenced_terminated":0,"fenced_pending":0,"target":"tachyon_serverless_application::services::reconcile"}
{"timestamp":"2026-09-17T18:27:55.131840Z","level":"INFO","message":"gateway listening","addr":"127.0.0.1:52338","profile":"dev","provider":"process","target":"tachyon_serverless_gateway"}
{"timestamp":"2026-09-17T18:27:55.132899Z","level":"INFO","message":"asynchronous dispatcher started","workers":2,"owner":"dsp_01m2ra043tyw18wey7k6tvchd7","target":"tachyon_serverless_gateway"}
{"timestamp":"2026-09-17T18:27:55.892089Z","level":"INFO","message":"asynchronous run claimed","invocation_id":"inv_01m2ra04va9s7n6bq23fh4nbzt","attempt":1,"generation":0,"delivery_count":1,"target":"tachyon_serverless_application::services::invoke_async::dispatch"}
{"timestamp":"2026-09-17T18:27:56.015305Z","level":"INFO","message":"asynchronous run claimed","invocation_id":"inv_01m2ra04z5gft69ctyfafesk89","attempt":1,"generation":0,"delivery_count":1,"target":"tachyon_serverless_application::services::invoke_async::dispatch"}
{"timestamp":"2026-09-17T18:27:56.058829Z","level":"INFO","message":"bridge spawned","environment_id":"env_01m2ra04vmy2xj90xtbxdhev4x","pid":67336,"target":"tachyon_serverless_provider_process"}
{"timestamp":"2026-09-17T18:27:56.069346Z","level":"INFO","message":"bridge spawned","environment_id":"env_01m2ra04wdj0c7cscswn0mpgq0","pid":67338,"target":"tachyon_serverless_provider_process"}
{"timestamp":"2026-09-17T18:27:56.076541Z","level":"INFO","message":"invocation finished","invocation_id":"inv_01m2ra04va9s7n6bq23fh4nbzt","status":"succeeded (async run)","handler_ms":1,"environment_boot_ms":4,"runtime_init_ms":10,"target":"tachyon_serverless_application::services::invoke"}
{"timestamp":"2026-09-17T18:27:56.077149Z","level":"INFO","message":"terminating bridge","environment_id":"env_01m2ra04vmy2xj90xtbxdhev4x","pid":67336,"reason":"Completed","graceful":true,"target":"tachyon_serverless_provider_process"}
{"timestamp":"2026-09-17T18:27:56.082084Z","level":"INFO","message":"asynchronous invocation settled","invocation_id":"inv_01m2ra04va9s7n6bq23fh4nbzt","status":"succeeded","target":"tachyon_serverless_application::services::invoke_async::dispatch"}
{"timestamp":"2026-09-17T18:27:56.088590Z","level":"INFO","message":"async dispatch: delivery handled","message_id":"inv_01m2ra04va9s7n6bq23fh4nbzt","sequence":3,"delivery_count":1,"outcome":"Completed { status: \"succeeded\" }","target":"tachyon_serverless_application::services::invoke_async::dispatch"}
{"timestamp":"2026-09-17T18:27:56.092220Z","level":"INFO","message":"invocation finished","invocation_id":"inv_01m2ra04wcn8rfgmst78ap5cv8","status":"succeeded","handler_ms":1,"environment_boot_ms":6,"runtime_init_ms":13,"target":"tachyon_serverless_application::services::invoke"}
{"timestamp":"2026-09-17T18:27:56.098974Z","level":"INFO","message":"terminating bridge","environment_id":"env_01m2ra04wdj0c7cscswn0mpgq0","pid":67338,"reason":"Completed","graceful":true,"target":"tachyon_serverless_provider_process"}
{"timestamp":"2026-09-17T18:27:56.165616Z","level":"INFO","message":"bridge spawned","environment_id":"env_01m2ra04zfhp1fp5b3vr18930f","pid":67356,"target":"tachyon_serverless_provider_process"}
{"timestamp":"2026-09-17T18:27:56.175386Z","level":"INFO","message":"asynchronous invocation accepted","invocation_id":"inv_01m2ra054ekm40btjfng1sjx91","tenant_id":"tn_01hzzzzzzzzzzzzzzzzzzzzzza","revision_id":"rev_01m2ra02txjzdzmsazvf73z819","input_bytes":49,"input_storage":"inline","target":"tachyon_serverless_application::services::invoke_async"}
{"timestamp":"2026-09-17T18:27:56.182447Z","level":"INFO","message":"invocation finished","invocation_id":"inv_01m2ra04z5gft69ctyfafesk89","status":"succeeded (async run)","handler_ms":0,"environment_boot_ms":4,"runtime_init_ms":5,"target":"tachyon_serverless_application::services::invoke"}
{"timestamp":"2026-09-17T18:27:56.182913Z","level":"INFO","message":"terminating bridge","environment_id":"env_01m2ra04zfhp1fp5b3vr18930f","pid":67356,"reason":"Completed","graceful":true,"target":"tachyon_serverless_provider_process"}
{"timestamp":"2026-09-17T18:27:56.183828Z","level":"INFO","message":"asynchronous run claimed","invocation_id":"inv_01m2ra054ekm40btjfng1sjx91","attempt":1,"generation":0,"delivery_count":1,"target":"tachyon_serverless_application::services::invoke_async::dispatch"}
{"timestamp":"2026-09-17T18:27:56.186679Z","level":"INFO","message":"asynchronous invocation settled","invocation_id":"inv_01m2ra04z5gft69ctyfafesk89","status":"succeeded","target":"tachyon_serverless_application::services::invoke_async::dispatch"}
{"timestamp":"2026-09-17T18:27:56.192641Z","level":"INFO","message":"async dispatch: delivery handled","message_id":"inv_01m2ra04z5gft69ctyfafesk89","sequence":4,"delivery_count":1,"outcome":"Completed { status: \"succeeded\" }","target":"tachyon_serverless_application::services::invoke_async::dispatch"}
{"timestamp":"2026-09-17T18:27:56.253102Z","level":"INFO","message":"asynchronous invocation accepted","invocation_id":"inv_01m2ra056a2tcgdt9rabjbz1m0","tenant_id":"tn_01hzzzzzzzzzzzzzzzzzzzzzza","revision_id":"rev_01m2ra02txjzdzmsazvf73z819","input_bytes":4129,"input_storage":"object","target":"tachyon_serverless_application::services::invoke_async"}
{"timestamp":"2026-09-17T18:27:56.291414Z","level":"INFO","message":"asynchronous invocation accepted","invocation_id":"inv_01m2ra0582pvd80g6cq4de3h2g","tenant_id":"tn_01hzzzzzzzzzzzzzzzzzzzzzza","revision_id":"rev_01m2ra03dhfqsjb2fsntrjpwk1","input_bytes":193,"input_storage":"inline","target":"tachyon_serverless_application::services::invoke_async"}
{"timestamp":"2026-09-17T18:27:56.291473Z","level":"INFO","message":"webhook trigger fired","trigger_id":"trg_01m2ra041sx3kwefydwxvkhe0h","event_id":"evt-pre-b-w1","invocation_id":"inv_01m2ra0582pvd80g6cq4de3h2g","revision_id":"rev_01m2ra03dhfqsjb2fsntrjpwk1","replayed":false,"target":"tachyon_serverless_application::services::triggers"}
{"timestamp":"2026-09-17T18:27:56.341208Z","level":"INFO","message":"bridge spawned","environment_id":"env_01m2ra054r05nvwyjwt5dea5e8","pid":67424,"target":"tachyon_serverless_provider_process"}
{"timestamp":"2026-09-17T18:27:56.356514Z","level":"INFO","message":"invocation finished","invocation_id":"inv_01m2ra054ekm40btjfng1sjx91","status":"succeeded (async run)","handler_ms":1,"environment_boot_ms":4,"runtime_init_ms":7,"target":"tachyon_serverless_application::services::invoke"}
{"timestamp":"2026-09-17T18:27:56.356913Z","level":"INFO","message":"terminating bridge","environment_id":"env_01m2ra054r05nvwyjwt5dea5e8","pid":67424,"reason":"Completed","graceful":true,"target":"tachyon_serverless_provider_process"}
{"timestamp":"2026-09-17T18:27:56.361228Z","level":"INFO","message":"asynchronous invocation settled","invocation_id":"inv_01m2ra054ekm40btjfng1sjx91","status":"succeeded","target":"tachyon_serverless_application::services::invoke_async::dispatch"}
{"timestamp":"2026-09-17T18:27:56.365725Z","level":"INFO","message":"async dispatch: delivery handled","message_id":"inv_01m2ra054ekm40btjfng1sjx91","sequence":5,"delivery_count":1,"outcome":"Completed { status: \"succeeded\" }","target":"tachyon_serverless_application::services::invoke_async::dispatch"}
{"timestamp":"2026-09-17T18:28:03.137866Z","level":"WARN","message":"reclaimed the work of dispatchers that lost their lease","dispatcher_id":"dsp_01m2ra043tyw18wey7k6tvchd7","reclaimed_dispatchers":"[DispatcherId(dsp_01m2ra028n9xga0h2bbjdwkygx)]","leases":1,"invocations":1,"attempts":1,"fenced":1,"target":"tachyon_serverless_application::services::dispatcher"}
{"timestamp":"2026-09-17T18:28:03.138286Z","level":"WARN","message":"terminating orphaned bridge","environment_id":"env_01m2ra059evkcgj1ar2jmqs517","pid":67431,"target":"tachyon_serverless_provider_process"}
{"timestamp":"2026-09-17T18:28:03.138572Z","level":"INFO","message":"object retention pass","report":"GcReport { examined: 2, collected_expired: 0, collected_orphans: 0, kept_in_use: 0, kept_referenced: 2, incomplete_removed: 0, tombstones_purged: 0, failed: 0 }","target":"tachyon_serverless_gateway"}
{"timestamp":"2026-09-17T18:28:05.135488Z","level":"INFO","message":"object retention pass","report":"GcReport { examined: 2, collected_expired: 0, collected_orphans: 0, kept_in_use: 0, kept_referenced: 2, incomplete_removed: 0, tombstones_purged: 0, failed: 0 }","target":"tachyon_serverless_gateway"}
{"timestamp":"2026-09-17T18:28:06.165038Z","level":"INFO","message":"environment stop metered by a path that did not drive it","environment_id":"env_01m2ra059evkcgj1ar2jmqs517","stopped_by":"reclaim","cgroup_cpu_usec":"unknown","lifetime_ms":"Some(9830)","target":"tachyon_serverless_application::services::stopped"}
{"timestamp":"2026-09-17T18:28:06.165582Z","level":"INFO","message":"fenced environment terminated and settled","environment_id":"env_01m2ra059evkcgj1ar2jmqs517","owner":"Some(DispatcherId(dsp_01m2ra028n9xga0h2bbjdwkygx))","was_running":true,"target":"tachyon_serverless_application::services::reconcile"}
{"timestamp":"2026-09-17T18:28:07.135242Z","level":"INFO","message":"object retention pass","report":"GcReport { examined: 2, collected_expired: 0, collected_orphans: 0, kept_in_use: 0, kept_referenced: 2, incomplete_removed: 0, tombstones_purged: 0, failed: 0 }","target":"tachyon_serverless_gateway"}
{"timestamp":"2026-09-17T18:28:09.135886Z","level":"INFO","message":"object retention pass","report":"GcReport { examined: 2, collected_expired: 0, collected_orphans: 0, kept_in_use: 0, kept_referenced: 2, incomplete_removed: 0, tombstones_purged: 0, failed: 0 }","target":"tachyon_serverless_gateway"}
{"timestamp":"2026-09-17T18:28:11.136835Z","level":"INFO","message":"object retention pass","report":"GcReport { examined: 2, collected_expired: 0, collected_orphans: 0, kept_in_use: 0, kept_referenced: 2, incomplete_removed: 0, tombstones_purged: 0, failed: 0 }","target":"tachyon_serverless_gateway"}
{"timestamp":"2026-09-17T18:28:11.682470Z","level":"INFO","message":"bridge spawned","environment_id":"env_01m2ra0m4t35m13vdjpz8z84n1","pid":67736,"target":"tachyon_serverless_provider_process"}
{"timestamp":"2026-09-17T18:28:11.692594Z","level":"INFO","message":"invocation finished","invocation_id":"inv_01m2ra0m4sqzc0zzczkd369p1h","status":"succeeded","handler_ms":0,"environment_boot_ms":4,"runtime_init_ms":4,"target":"tachyon_serverless_application::services::invoke"}
{"timestamp":"2026-09-17T18:28:11.694164Z","level":"INFO","message":"terminating bridge","environment_id":"env_01m2ra0m4t35m13vdjpz8z84n1","pid":67736,"reason":"Completed","graceful":true,"target":"tachyon_serverless_provider_process"}
{"timestamp":"2026-09-17T18:28:12.430083Z","level":"INFO","message":"asynchronous run claimed","invocation_id":"inv_01m2ra0n05ct3xcba7n4v6f7ry","attempt":1,"generation":0,"delivery_count":1,"target":"tachyon_serverless_application::services::invoke_async::dispatch"}
{"timestamp":"2026-09-17T18:28:12.440595Z","level":"INFO","message":"SIGTERM received","target":"tachyon_serverless_gateway"}
{"timestamp":"2026-09-17T18:28:12.441221Z","level":"INFO","message":"shutdown requested; cancelling in-flight invocations","target":"tachyon_serverless_gateway"}
{"timestamp":"2026-09-17T18:28:12.441242Z","level":"INFO","message":"cancelling in-flight invocations for shutdown","count":1,"target":"tachyon_serverless_application::services::invoke"}
{"timestamp":"2026-09-17T18:28:12.575295Z","level":"INFO","message":"asynchronous invocation rescheduled","invocation_id":"inv_01m2ra0n05ct3xcba7n4v6f7ry","next_attempt_at":"2026-09-17T18:28:12.675054+00:00","counted":false,"error_type":"Host.GatewayShutdown","target":"tachyon_serverless_application::services::invoke_async::dispatch"}
{"timestamp":"2026-09-17T18:28:12.579456Z","level":"INFO","message":"async dispatch: delivery handled","message_id":"inv_01m2ra0n05ct3xcba7n4v6f7ry","sequence":10,"delivery_count":1,"outcome":"Rescheduled { next_attempt_at: 2026-09-17T18:28:12.675054Z, counted: false }","target":"tachyon_serverless_application::services::invoke_async::dispatch"}
{"timestamp":"2026-09-17T18:28:12.580769Z","level":"INFO","message":"final usage collection","report":"CollectReport { batches: 1, read: 6, inserted: 6, duplicates: 0, cursor_seq: 71 }","target":"tachyon_serverless_gateway"}
{"timestamp":"2026-09-17T18:28:12.581668Z","level":"INFO","message":"gateway stopped","target":"tachyon_serverless_gateway"}
{"timestamp":"2026-09-17T18:28:12.581744Z","level":"INFO","message":"event: closed","target":"async_nats"}
