
===== a start (failpoints: none) 18:27:53 =====
{"timestamp":"2026-09-17T18:27:53.212210Z","level":"INFO","message":"configuration loaded","config":"/private/var/folders/z7/khzdjrt95cg_fcmcnh4j1b5h0000gn/T/tsls-chaos.92pkdu/gw-a.toml","target":"tachyon_serverless_gateway"}
{"timestamp":"2026-09-17T18:27:53.214316Z","level":"INFO","message":"connected successfully","server":"52310","max_payload":"1048576","target":"async_nats::connector"}
{"timestamp":"2026-09-17T18:27:53.214399Z","level":"INFO","message":"event: connected","target":"async_nats"}
{"timestamp":"2026-09-17T18:27:53.229312Z","level":"INFO","message":"JetStream queue connected and stream bootstrapped","url":"nats://127.0.0.1:52310","stream":"TACHYON_EVENTS","target":"tachyon_serverless_gateway::durable"}
{"timestamp":"2026-09-17T18:27:53.235198Z","level":"INFO","message":"state store opened","path":"/private/var/folders/z7/khzdjrt95cg_fcmcnh4j1b5h0000gn/T/tsls-chaos.92pkdu/data/state.db","schema_version":8,"migrations_applied":"[1, 2, 3, 4, 5, 6, 7, 8]","imported_state_json":"None","settled_invocations":0,"settled_attempts":0,"settled_environments":0,"released_leases":0,"dropped_idempotency_keys":0,"purged_idempotency_keys":0,"outputs_purged":0,"target":"tachyon_serverless_application::app"}
{"timestamp":"2026-09-17T18:27:53.237762Z","level":"INFO","message":"log store opened","path":"/private/var/folders/z7/khzdjrt95cg_fcmcnh4j1b5h0000gn/T/tsls-chaos.92pkdu/data/logs/logs.db","healthy":true,"retention_seconds":604800,"max_total_bytes":1073741824,"target":"tachyon_serverless_application::app"}
{"timestamp":"2026-09-17T18:27:53.237978Z","level":"INFO","message":"dispatcher registered","dispatcher_id":"dsp_01m2ra028n9xga0h2bbjdwkygx","instance":"chaos-a","pid":66949,"lease_ttl_seconds":6,"target":"tachyon_serverless_application::services::dispatcher"}
{"timestamp":"2026-09-17T18:27:53.241766Z","level":"INFO","message":"application bootstrapped","profile":"dev","provider":"process","dev_only":true,"environment_reuse":false,"reuse_verified":false,"reuse_reason":"[pool] enabled is false","reuse_disabled":"Some(Configuration)","idle_quiesce":"unsupported","idle_resume":"unsupported","data_dir":"/private/var/folders/z7/khzdjrt95cg_fcmcnh4j1b5h0000gn/T/tsls-chaos.92pkdu/data","store":"sqlite","dispatcher_id":"dsp_01m2ra028n9xga0h2bbjdwkygx","node":"local","node_region":"none","node_memory_mib":"None","max_concurrency":8,"queue":"nats","objects":"filesystem","invoke_async":true,"triggers":true,"target":"tachyon_serverless_application::app"}
{"timestamp":"2026-09-17T18:27:53.241943Z","level":"INFO","message":"startup reconcile finished","provider":"process","found":0,"adopted":0,"terminated":0,"disowned":0,"failed":0,"lost":0,"foreign":0,"reclaimed_dispatchers":0,"fenced_terminated":0,"fenced_pending":0,"target":"tachyon_serverless_application::services::reconcile"}
{"timestamp":"2026-09-17T18:27:53.241994Z","level":"INFO","message":"gateway listening","addr":"127.0.0.1:52314","profile":"dev","provider":"process","target":"tachyon_serverless_gateway"}
{"timestamp":"2026-09-17T18:27:53.243034Z","level":"INFO","message":"asynchronous dispatcher started","workers":2,"owner":"dsp_01m2ra028n9xga0h2bbjdwkygx","target":"tachyon_serverless_gateway"}
{"timestamp":"2026-09-17T18:27:53.968992Z","level":"INFO","message":"revision ready","revision_id":"rev_01m2ra02txjzdzmsazvf73z819","function_id":"fn_01m2ra02gtgc3sj2yrqp683nzx","target":"tachyon_serverless_application::services::revision"}
{"timestamp":"2026-09-17T18:27:54.552972Z","level":"INFO","message":"revision ready","revision_id":"rev_01m2ra03dhfqsjb2fsntrjpwk1","function_id":"fn_01m2ra03445ma9js9b4anttx0f","target":"tachyon_serverless_application::services::revision"}
{"timestamp":"2026-09-17T18:27:55.028079Z","level":"INFO","message":"revision ready","revision_id":"rev_01m2ra03wbbdrwg009vayhga3y","function_id":"fn_01m2ra03jv575xdwa7gexe7hhr","target":"tachyon_serverless_application::services::revision"}
{"timestamp":"2026-09-17T18:27:55.055024Z","level":"INFO","message":"trigger created","trigger_id":"trg_01m2ra041ene8qx9zq8r3y6esx","function_id":"fn_01m2ra03445ma9js9b4anttx0f","kind":"cron","enabled":true,"next_fire_at":"Some(2026-09-17T18:27:56Z)","target":"tachyon_serverless_application::services::triggers"}
{"timestamp":"2026-09-17T18:27:55.066032Z","level":"INFO","message":"trigger created","trigger_id":"trg_01m2ra041sx3kwefydwxvkhe0h","function_id":"fn_01m2ra03445ma9js9b4anttx0f","kind":"webhook","enabled":true,"next_fire_at":"None","target":"tachyon_serverless_application::services::triggers"}
{"timestamp":"2026-09-17T18:27:55.543198Z","level":"INFO","message":"bridge spawned","environment_id":"env_01m2ra04cer0b8497zwwq8sp6c","pid":67256,"target":"tachyon_serverless_provider_process"}
{"timestamp":"2026-09-17T18:27:55.717394Z","level":"INFO","message":"invocation finished","invocation_id":"inv_01m2ra04cd6rxxxq7t4dv143kn","status":"succeeded","handler_ms":0,"environment_boot_ms":4,"runtime_init_ms":168,"target":"tachyon_serverless_application::services::invoke"}
{"timestamp":"2026-09-17T18:27:55.718925Z","level":"INFO","message":"terminating bridge","environment_id":"env_01m2ra04cer0b8497zwwq8sp6c","pid":67256,"reason":"Completed","graceful":true,"target":"tachyon_serverless_provider_process"}
{"timestamp":"2026-09-17T18:27:55.769392Z","level":"INFO","message":"asynchronous invocation accepted","invocation_id":"inv_01m2ra04qr9w7qr1kbrea3d2p8","tenant_id":"tn_01hzzzzzzzzzzzzzzzzzzzzzza","revision_id":"rev_01m2ra02txjzdzmsazvf73z819","input_bytes":49,"input_storage":"inline","target":"tachyon_serverless_application::services::invoke_async"}
{"timestamp":"2026-09-17T18:27:55.779663Z","level":"INFO","message":"asynchronous run claimed","invocation_id":"inv_01m2ra04qr9w7qr1kbrea3d2p8","attempt":1,"generation":0,"delivery_count":1,"target":"tachyon_serverless_application::services::invoke_async::dispatch"}
{"timestamp":"2026-09-17T18:27:55.844542Z","level":"INFO","message":"asynchronous invocation accepted","invocation_id":"inv_01m2ra04sk6z5cze44zcxgm0qc","tenant_id":"tn_01hzzzzzzzzzzzzzzzzzzzzzza","revision_id":"rev_01m2ra02txjzdzmsazvf73z819","input_bytes":4129,"input_storage":"object","target":"tachyon_serverless_application::services::invoke_async"}
{"timestamp":"2026-09-17T18:27:55.850564Z","level":"INFO","message":"asynchronous run claimed","invocation_id":"inv_01m2ra04sk6z5cze44zcxgm0qc","attempt":1,"generation":0,"delivery_count":1,"target":"tachyon_serverless_application::services::invoke_async::dispatch"}
{"timestamp":"2026-09-17T18:27:55.884666Z","level":"INFO","message":"asynchronous invocation accepted","invocation_id":"inv_01m2ra04va9s7n6bq23fh4nbzt","tenant_id":"tn_01hzzzzzzzzzzzzzzzzzzzzzza","revision_id":"rev_01m2ra03dhfqsjb2fsntrjpwk1","input_bytes":193,"input_storage":"inline","target":"tachyon_serverless_application::services::invoke_async"}
{"timestamp":"2026-09-17T18:27:55.884722Z","level":"INFO","message":"webhook trigger fired","trigger_id":"trg_01m2ra041sx3kwefydwxvkhe0h","event_id":"evt-pre-a-w1","invocation_id":"inv_01m2ra04va9s7n6bq23fh4nbzt","revision_id":"rev_01m2ra03dhfqsjb2fsntrjpwk1","replayed":false,"target":"tachyon_serverless_application::services::triggers"}
{"timestamp":"2026-09-17T18:27:55.931263Z","level":"INFO","message":"bridge spawned","environment_id":"env_01m2ra04r4646pswaj47xf391s","pid":67332,"target":"tachyon_serverless_provider_process"}
{"timestamp":"2026-09-17T18:27:56.006611Z","level":"INFO","message":"asynchronous invocation accepted","invocation_id":"inv_01m2ra04z5gft69ctyfafesk89","tenant_id":"tn_01hzzzzzzzzzzzzzzzzzzzzzza","revision_id":"rev_01m2ra03dhfqsjb2fsntrjpwk1","input_bytes":180,"input_storage":"inline","target":"tachyon_serverless_application::services::invoke_async"}
{"timestamp":"2026-09-17T18:27:56.006677Z","level":"INFO","message":"cron trigger fired","trigger_id":"trg_01m2ra041ene8qx9zq8r3y6esx","scheduled_at":"2026-09-17T18:27:56Z","invocation_id":"inv_01m2ra04z5gft69ctyfafesk89","revision_id":"rev_01m2ra03dhfqsjb2fsntrjpwk1","replayed":false,"target":"tachyon_serverless_application::services::triggers"}
{"timestamp":"2026-09-17T18:27:56.014632Z","level":"INFO","message":"bridge spawned","environment_id":"env_01m2ra04tckmagebrpje0mcnzt","pid":67334,"target":"tachyon_serverless_provider_process"}
{"timestamp":"2026-09-17T18:27:56.102829Z","level":"INFO","message":"invocation finished","invocation_id":"inv_01m2ra04sk6z5cze44zcxgm0qc","status":"succeeded (async run)","handler_ms":1,"environment_boot_ms":5,"runtime_init_ms":79,"target":"tachyon_serverless_application::services::invoke"}
{"timestamp":"2026-09-17T18:27:56.103354Z","level":"INFO","message":"terminating bridge","environment_id":"env_01m2ra04tckmagebrpje0mcnzt","pid":67334,"reason":"Completed","graceful":true,"target":"tachyon_serverless_provider_process"}
{"timestamp":"2026-09-17T18:27:56.103602Z","level":"INFO","message":"invocation finished","invocation_id":"inv_01m2ra04qr9w7qr1kbrea3d2p8","status":"succeeded (async run)","handler_ms":1,"environment_boot_ms":5,"runtime_init_ms":161,"target":"tachyon_serverless_application::services::invoke"}
{"timestamp":"2026-09-17T18:27:56.104838Z","level":"INFO","message":"terminating bridge","environment_id":"env_01m2ra04r4646pswaj47xf391s","pid":67332,"reason":"Completed","graceful":true,"target":"tachyon_serverless_provider_process"}
{"timestamp":"2026-09-17T18:27:56.106523Z","level":"INFO","message":"asynchronous invocation settled","invocation_id":"inv_01m2ra04sk6z5cze44zcxgm0qc","status":"succeeded","target":"tachyon_serverless_application::services::invoke_async::dispatch"}
{"timestamp":"2026-09-17T18:27:56.110786Z","level":"INFO","message":"async dispatch: delivery handled","message_id":"inv_01m2ra04sk6z5cze44zcxgm0qc","sequence":2,"delivery_count":1,"outcome":"Completed { status: \"succeeded\" }","target":"tachyon_serverless_application::services::invoke_async::dispatch"}
{"timestamp":"2026-09-17T18:27:56.111309Z","level":"INFO","message":"asynchronous invocation settled","invocation_id":"inv_01m2ra04qr9w7qr1kbrea3d2p8","status":"succeeded","target":"tachyon_serverless_application::services::invoke_async::dispatch"}
{"timestamp":"2026-09-17T18:27:56.115634Z","level":"INFO","message":"async dispatch: delivery handled","message_id":"inv_01m2ra04qr9w7qr1kbrea3d2p8","sequence":1,"delivery_count":1,"outcome":"Completed { status: \"succeeded\" }","target":"tachyon_serverless_application::services::invoke_async::dispatch"}
{"timestamp":"2026-09-17T18:27:56.260133Z","level":"INFO","message":"asynchronous run claimed","invocation_id":"inv_01m2ra056a2tcgdt9rabjbz1m0","attempt":1,"generation":0,"delivery_count":1,"target":"tachyon_serverless_application::services::invoke_async::dispatch"}
{"timestamp":"2026-09-17T18:27:56.299016Z","level":"INFO","message":"asynchronous run claimed","invocation_id":"inv_01m2ra0582pvd80g6cq4de3h2g","attempt":1,"generation":0,"delivery_count":1,"target":"tachyon_serverless_application::services::invoke_async::dispatch"}
{"timestamp":"2026-09-17T18:27:56.309147Z","level":"INFO","message":"trigger updated","trigger_id":"trg_01m2ra041ene8qx9zq8r3y6esx","generation":2,"status":"disabled","next_fire_at":"None","rotated_secret":false,"target":"tachyon_serverless_application::services::triggers"}
{"timestamp":"2026-09-17T18:27:56.420255Z","level":"INFO","message":"bridge spawned","environment_id":"env_01m2ra0575v0w3bx9svtz6avmk","pid":67427,"target":"tachyon_serverless_provider_process"}
{"timestamp":"2026-09-17T18:27:56.435500Z","level":"INFO","message":"invocation finished","invocation_id":"inv_01m2ra056a2tcgdt9rabjbz1m0","status":"succeeded (async run)","handler_ms":1,"environment_boot_ms":5,"runtime_init_ms":7,"target":"tachyon_serverless_application::services::invoke"}
{"timestamp":"2026-09-17T18:27:56.437075Z","level":"INFO","message":"terminating bridge","environment_id":"env_01m2ra0575v0w3bx9svtz6avmk","pid":67427,"reason":"Completed","graceful":true,"target":"tachyon_serverless_provider_process"}
{"timestamp":"2026-09-17T18:27:56.441064Z","level":"INFO","message":"asynchronous invocation settled","invocation_id":"inv_01m2ra056a2tcgdt9rabjbz1m0","status":"succeeded","target":"tachyon_serverless_application::services::invoke_async::dispatch"}
{"timestamp":"2026-09-17T18:27:56.441234Z","level":"INFO","message":"bridge spawned","environment_id":"env_01m2ra058bgvwmbq9nha825wgv","pid":67429,"target":"tachyon_serverless_provider_process"}
{"timestamp":"2026-09-17T18:27:56.448952Z","level":"INFO","message":"async dispatch: delivery handled","message_id":"inv_01m2ra056a2tcgdt9rabjbz1m0","sequence":6,"delivery_count":1,"outcome":"Completed { status: \"succeeded\" }","target":"tachyon_serverless_application::services::invoke_async::dispatch"}
{"timestamp":"2026-09-17T18:27:56.456207Z","level":"INFO","message":"invocation finished","invocation_id":"inv_01m2ra0582pvd80g6cq4de3h2g","status":"succeeded (async run)","handler_ms":0,"environment_boot_ms":5,"runtime_init_ms":9,"target":"tachyon_serverless_application::services::invoke"}
{"timestamp":"2026-09-17T18:27:56.457765Z","level":"INFO","message":"terminating bridge","environment_id":"env_01m2ra058bgvwmbq9nha825wgv","pid":67429,"reason":"Completed","graceful":true,"target":"tachyon_serverless_provider_process"}
{"timestamp":"2026-09-17T18:27:56.460449Z","level":"INFO","message":"asynchronous invocation settled","invocation_id":"inv_01m2ra0582pvd80g6cq4de3h2g","status":"succeeded","target":"tachyon_serverless_application::services::invoke_async::dispatch"}
{"timestamp":"2026-09-17T18:27:56.466633Z","level":"INFO","message":"async dispatch: delivery handled","message_id":"inv_01m2ra0582pvd80g6cq4de3h2g","sequence":7,"delivery_count":1,"outcome":"Completed { status: \"succeeded\" }","target":"tachyon_serverless_application::services::invoke_async::dispatch"}
{"timestamp":"2026-09-17T18:27:56.483618Z","level":"INFO","message":"bridge spawned","environment_id":"env_01m2ra059evkcgj1ar2jmqs517","pid":67431,"target":"tachyon_serverless_provider_process"}
{"timestamp":"2026-09-17T18:28:06.365911Z","level":"WARN","message":"this process was not running for a while (stopped, frozen or starved): a lease that passed meanwhile is not taken back","stalled_ms":9285,"target":"tachyon_serverless_application::services::dispatcher"}
{"timestamp":"2026-09-17T18:28:06.366921Z","level":"ERROR","message":"dispatcher lease lost: refusing new invocations; in-flight completions will be refused if another dispatcher reclaimed them","dispatcher_id":"dsp_01m2ra028n9xga0h2bbjdwkygx","target":"tachyon_serverless_application::services::dispatcher"}
{"timestamp":"2026-09-17T18:28:06.367019Z","level":"WARN","message":"cannot record invocation outcome","error":"Invocation is already in a terminal state (outcome_unknown); further updates are rejected","invocation_id":"inv_01m2ra059e552wvvz488nn76fv","target":"tachyon_serverless_application::services::invoke"}
{"timestamp":"2026-09-17T18:28:06.367065Z","level":"INFO","message":"object retention pass","report":"GcReport { examined: 2, collected_expired: 0, collected_orphans: 0, kept_in_use: 0, kept_referenced: 2, incomplete_removed: 0, tombstones_purged: 0, failed: 0 }","target":"tachyon_serverless_gateway"}
{"timestamp":"2026-09-17T18:28:06.367414Z","level":"WARN","message":"stale completion refused: another dispatcher reclaimed this slot","invocation_id":"inv_01m2ra059e552wvvz488nn76fv","attempt_id":"att_01m2ra05k2mwh2e1gqz5zpxbzk","epoch":1,"reason":"lease lse_01m2ra05k2s9m56wp00w6a15za is already released","target":"tachyon_serverless_application::services::invoke"}
{"timestamp":"2026-09-17T18:28:06.368009Z","level":"WARN","message":"environment update failed","error":"refused: environment env_01m2ra059evkcgj1ar2jmqs517 is lost and final","environment_id":"env_01m2ra059evkcgj1ar2jmqs517","target":"tachyon_serverless_application::services::invoke"}
{"timestamp":"2026-09-17T18:28:06.368065Z","level":"INFO","message":"environment fenced by a reclaim: its stop is reported by the reclaimer","environment_id":"env_01m2ra059evkcgj1ar2jmqs517","target":"tachyon_serverless_application::services::invoke"}
{"timestamp":"2026-09-17T18:28:07.246394Z","level":"INFO","message":"object retention pass","report":"GcReport { examined: 2, collected_expired: 0, collected_orphans: 0, kept_in_use: 0, kept_referenced: 2, incomplete_removed: 0, tombstones_purged: 0, failed: 0 }","target":"tachyon_serverless_gateway"}
{"timestamp":"2026-09-17T18:28:09.246401Z","level":"INFO","message":"object retention pass","report":"GcReport { examined: 2, collected_expired: 0, collected_orphans: 0, kept_in_use: 0, kept_referenced: 2, incomplete_removed: 0, tombstones_purged: 0, failed: 0 }","target":"tachyon_serverless_gateway"}
{"timestamp":"2026-09-17T18:28:11.246557Z","level":"INFO","message":"object retention pass","report":"GcReport { examined: 2, collected_expired: 0, collected_orphans: 0, kept_in_use: 0, kept_referenced: 2, incomplete_removed: 0, tombstones_purged: 0, failed: 0 }","target":"tachyon_serverless_gateway"}
{"timestamp":"2026-09-17T18:28:11.716553Z","level":"INFO","message":"SIGTERM received","target":"tachyon_serverless_gateway"}
{"timestamp":"2026-09-17T18:28:11.716581Z","level":"INFO","message":"shutdown requested; cancelling in-flight invocations","target":"tachyon_serverless_gateway"}
{"timestamp":"2026-09-17T18:28:11.717975Z","level":"INFO","message":"final usage collection","report":"CollectReport { batches: 1, read: 5, inserted: 5, duplicates: 0, cursor_seq: 55 }","target":"tachyon_serverless_gateway"}
{"timestamp":"2026-09-17T18:28:11.718827Z","level":"INFO","message":"gateway stopped","target":"tachyon_serverless_gateway"}
{"timestamp":"2026-09-17T18:28:11.719037Z","level":"INFO","message":"event: closed","target":"async_nats"}

===== a start (failpoints: none) 18:28:11 =====
{"timestamp":"2026-09-17T18:28:11.836502Z","level":"INFO","message":"configuration loaded","config":"/private/var/folders/z7/khzdjrt95cg_fcmcnh4j1b5h0000gn/T/tsls-chaos.92pkdu/gw-a.toml","target":"tachyon_serverless_gateway"}
{"timestamp":"2026-09-17T18:28:11.838729Z","level":"INFO","message":"connected successfully","server":"52310","max_payload":"1048576","target":"async_nats::connector"}
{"timestamp":"2026-09-17T18:28:11.838821Z","level":"INFO","message":"event: connected","target":"async_nats"}
{"timestamp":"2026-09-17T18:28:11.854656Z","level":"INFO","message":"JetStream queue connected and stream bootstrapped","url":"nats://127.0.0.1:52310","stream":"TACHYON_EVENTS","target":"tachyon_serverless_gateway::durable"}
{"timestamp":"2026-09-17T18:28:11.855760Z","level":"INFO","message":"state store opened","path":"/private/var/folders/z7/khzdjrt95cg_fcmcnh4j1b5h0000gn/T/tsls-chaos.92pkdu/data/state.db","schema_version":8,"migrations_applied":"[]","imported_state_json":"None","settled_invocations":0,"settled_attempts":0,"settled_environments":0,"released_leases":0,"dropped_idempotency_keys":0,"purged_idempotency_keys":0,"outputs_purged":0,"target":"tachyon_serverless_application::app"}
{"timestamp":"2026-09-17T18:28:11.856236Z","level":"INFO","message":"log store opened","path":"/private/var/folders/z7/khzdjrt95cg_fcmcnh4j1b5h0000gn/T/tsls-chaos.92pkdu/data/logs/logs.db","healthy":true,"retention_seconds":604800,"max_total_bytes":1073741824,"target":"tachyon_serverless_application::app"}
{"timestamp":"2026-09-17T18:28:11.856481Z","level":"INFO","message":"dispatcher registered","dispatcher_id":"dsp_01m2ra0meg8ermm9xcq28d9my7","instance":"chaos-a","pid":67764,"lease_ttl_seconds":6,"target":"tachyon_serverless_application::services::dispatcher"}
{"timestamp":"2026-09-17T18:28:11.857538Z","level":"INFO","message":"application bootstrapped","profile":"dev","provider":"process","dev_only":true,"environment_reuse":false,"reuse_verified":false,"reuse_reason":"[pool] enabled is false","reuse_disabled":"Some(Configuration)","idle_quiesce":"unsupported","idle_resume":"unsupported","data_dir":"/private/var/folders/z7/khzdjrt95cg_fcmcnh4j1b5h0000gn/T/tsls-chaos.92pkdu/data","store":"sqlite","dispatcher_id":"dsp_01m2ra0meg8ermm9xcq28d9my7","node":"local","node_region":"none","node_memory_mib":"None","max_concurrency":8,"queue":"nats","objects":"filesystem","invoke_async":true,"triggers":true,"target":"tachyon_serverless_application::app"}
{"timestamp":"2026-09-17T18:28:11.857797Z","level":"INFO","message":"startup reconcile finished","provider":"process","found":0,"adopted":0,"terminated":0,"disowned":0,"failed":0,"lost":0,"foreign":0,"reclaimed_dispatchers":0,"fenced_terminated":0,"fenced_pending":0,"target":"tachyon_serverless_application::services::reconcile"}
{"timestamp":"2026-09-17T18:28:11.857853Z","level":"INFO","message":"gateway listening","addr":"127.0.0.1:52314","profile":"dev","provider":"process","target":"tachyon_serverless_gateway"}
{"timestamp":"2026-09-17T18:28:11.858924Z","level":"INFO","message":"asynchronous dispatcher started","workers":2,"owner":"dsp_01m2ra0meg8ermm9xcq28d9my7","target":"tachyon_serverless_gateway"}
{"timestamp":"2026-09-17T18:28:11.860490Z","level":"INFO","message":"object retention pass","report":"GcReport { examined: 2, collected_expired: 0, collected_orphans: 0, kept_in_use: 0, kept_referenced: 2, incomplete_removed: 0, tombstones_purged: 0, failed: 0 }","target":"tachyon_serverless_gateway"}
{"timestamp":"2026-09-17T18:28:12.264340Z","level":"INFO","message":"bridge spawned","environment_id":"env_01m2ra0mpypmmpc64azvk8xrjd","pid":67787,"target":"tachyon_serverless_provider_process"}
{"timestamp":"2026-09-17T18:28:12.275300Z","level":"INFO","message":"invocation finished","invocation_id":"inv_01m2ra0mpxq2mgf613af9qs855","status":"succeeded","handler_ms":0,"environment_boot_ms":4,"runtime_init_ms":4,"target":"tachyon_serverless_application::services::invoke"}
{"timestamp":"2026-09-17T18:28:12.276869Z","level":"INFO","message":"terminating bridge","environment_id":"env_01m2ra0mpypmmpc64azvk8xrjd","pid":67787,"reason":"Completed","graceful":true,"target":"tachyon_serverless_provider_process"}
{"timestamp":"2026-09-17T18:28:12.324858Z","level":"INFO","message":"asynchronous invocation accepted","invocation_id":"inv_01m2ra0mx4n5fmjmheta97yzse","tenant_id":"tn_01hzzzzzzzzzzzzzzzzzzzzzza","revision_id":"rev_01m2ra02txjzdzmsazvf73z819","input_bytes":50,"input_storage":"inline","target":"tachyon_serverless_application::services::invoke_async"}
{"timestamp":"2026-09-17T18:28:12.335354Z","level":"INFO","message":"asynchronous run claimed","invocation_id":"inv_01m2ra0mx4n5fmjmheta97yzse","attempt":1,"generation":0,"delivery_count":1,"target":"tachyon_serverless_application::services::invoke_async::dispatch"}
{"timestamp":"2026-09-17T18:28:12.388846Z","level":"INFO","message":"asynchronous invocation accepted","invocation_id":"inv_01m2ra0mynm5t9kbcta0x4tat3","tenant_id":"tn_01hzzzzzzzzzzzzzzzzzzzzzza","revision_id":"rev_01m2ra02txjzdzmsazvf73z819","input_bytes":4130,"input_storage":"object","target":"tachyon_serverless_application::services::invoke_async"}
{"timestamp":"2026-09-17T18:28:12.394270Z","level":"INFO","message":"asynchronous run claimed","invocation_id":"inv_01m2ra0mynm5t9kbcta0x4tat3","attempt":1,"generation":0,"delivery_count":1,"target":"tachyon_serverless_application::services::invoke_async::dispatch"}
{"timestamp":"2026-09-17T18:28:12.422061Z","level":"INFO","message":"asynchronous invocation accepted","invocation_id":"inv_01m2ra0n05ct3xcba7n4v6f7ry","tenant_id":"tn_01hzzzzzzzzzzzzzzzzzzzzzza","revision_id":"rev_01m2ra03dhfqsjb2fsntrjpwk1","input_bytes":195,"input_storage":"inline","target":"tachyon_serverless_application::services::invoke_async"}
{"timestamp":"2026-09-17T18:28:12.422098Z","level":"INFO","message":"webhook trigger fired","trigger_id":"trg_01m2ra041sx3kwefydwxvkhe0h","event_id":"evt-post-a-w1","invocation_id":"inv_01m2ra0n05ct3xcba7n4v6f7ry","revision_id":"rev_01m2ra03dhfqsjb2fsntrjpwk1","replayed":false,"target":"tachyon_serverless_application::services::triggers"}
{"timestamp":"2026-09-17T18:28:12.487212Z","level":"INFO","message":"bridge spawned","environment_id":"env_01m2ra0mxfvfdjam6cgxwc0bd8","pid":67865,"target":"tachyon_serverless_provider_process"}
{"timestamp":"2026-09-17T18:28:12.499817Z","level":"INFO","message":"invocation finished","invocation_id":"inv_01m2ra0mx4n5fmjmheta97yzse","status":"succeeded (async run)","handler_ms":0,"environment_boot_ms":3,"runtime_init_ms":5,"target":"tachyon_serverless_application::services::invoke"}
{"timestamp":"2026-09-17T18:28:12.501375Z","level":"INFO","message":"terminating bridge","environment_id":"env_01m2ra0mxfvfdjam6cgxwc0bd8","pid":67865,"reason":"Completed","graceful":true,"target":"tachyon_serverless_provider_process"}
{"timestamp":"2026-09-17T18:28:12.505011Z","level":"INFO","message":"asynchronous invocation settled","invocation_id":"inv_01m2ra0mx4n5fmjmheta97yzse","status":"succeeded","target":"tachyon_serverless_application::services::invoke_async::dispatch"}
{"timestamp":"2026-09-17T18:28:12.510378Z","level":"INFO","message":"async dispatch: delivery handled","message_id":"inv_01m2ra0mx4n5fmjmheta97yzse","sequence":8,"delivery_count":1,"outcome":"Completed { status: \"succeeded\" }","target":"tachyon_serverless_application::services::invoke_async::dispatch"}
{"timestamp":"2026-09-17T18:28:12.550635Z","level":"INFO","message":"bridge spawned","environment_id":"env_01m2ra0mzcy1fp8y495za6257z","pid":67867,"target":"tachyon_serverless_provider_process"}
{"timestamp":"2026-09-17T18:28:12.561186Z","level":"INFO","message":"invocation finished","invocation_id":"inv_01m2ra0mynm5t9kbcta0x4tat3","status":"succeeded (async run)","handler_ms":1,"environment_boot_ms":4,"runtime_init_ms":5,"target":"tachyon_serverless_application::services::invoke"}
{"timestamp":"2026-09-17T18:28:12.562755Z","level":"INFO","message":"terminating bridge","environment_id":"env_01m2ra0mzcy1fp8y495za6257z","pid":67867,"reason":"Completed","graceful":true,"target":"tachyon_serverless_provider_process"}
{"timestamp":"2026-09-17T18:28:12.565251Z","level":"INFO","message":"asynchronous invocation settled","invocation_id":"inv_01m2ra0mynm5t9kbcta0x4tat3","status":"succeeded","target":"tachyon_serverless_application::services::invoke_async::dispatch"}
{"timestamp":"2026-09-17T18:28:12.570202Z","level":"INFO","message":"async dispatch: delivery handled","message_id":"inv_01m2ra0mynm5t9kbcta0x4tat3","sequence":9,"delivery_count":1,"outcome":"Completed { status: \"succeeded\" }","target":"tachyon_serverless_application::services::invoke_async::dispatch"}
{"timestamp":"2026-09-17T18:28:12.669014Z","level":"INFO","message":"trigger updated","trigger_id":"trg_01m2ra041ene8qx9zq8r3y6esx","generation":3,"status":"disabled","next_fire_at":"None","rotated_secret":false,"target":"tachyon_serverless_application::services::triggers"}
{"timestamp":"2026-09-17T18:28:12.743028Z","level":"INFO","message":"asynchronous run claimed","invocation_id":"inv_01m2ra0n05ct3xcba7n4v6f7ry","attempt":1,"generation":1,"delivery_count":1,"target":"tachyon_serverless_application::services::invoke_async::dispatch"}
{"timestamp":"2026-09-17T18:28:12.862049Z","level":"WARN","message":"reclaimed the work of dispatchers that lost their lease","dispatcher_id":"dsp_01m2ra0meg8ermm9xcq28d9my7","reclaimed_dispatchers":"[DispatcherId(dsp_01m2ra043tyw18wey7k6tvchd7)]","leases":0,"invocations":0,"attempts":0,"fenced":0,"target":"tachyon_serverless_application::services::dispatcher"}
{"timestamp":"2026-09-17T18:28:12.882279Z","level":"INFO","message":"bridge spawned","environment_id":"env_01m2ra0na76qd10qscfabg0vng","pid":67909,"target":"tachyon_serverless_provider_process"}
{"timestamp":"2026-09-17T18:28:12.891980Z","level":"INFO","message":"invocation finished","invocation_id":"inv_01m2ra0n05ct3xcba7n4v6f7ry","status":"succeeded (async run)","handler_ms":0,"environment_boot_ms":3,"runtime_init_ms":4,"target":"tachyon_serverless_application::services::invoke"}
{"timestamp":"2026-09-17T18:28:12.893517Z","level":"INFO","message":"terminating bridge","environment_id":"env_01m2ra0na76qd10qscfabg0vng","pid":67909,"reason":"Completed","graceful":true,"target":"tachyon_serverless_provider_process"}
{"timestamp":"2026-09-17T18:28:12.895964Z","level":"INFO","message":"asynchronous invocation settled","invocation_id":"inv_01m2ra0n05ct3xcba7n4v6f7ry","status":"succeeded","target":"tachyon_serverless_application::services::invoke_async::dispatch"}
{"timestamp":"2026-09-17T18:28:12.901509Z","level":"INFO","message":"async dispatch: delivery handled","message_id":"inv_01m2ra0n05ct3xcba7n4v6f7ry.g1","sequence":11,"delivery_count":1,"outcome":"Completed { status: \"succeeded\" }","target":"tachyon_serverless_application::services::invoke_async::dispatch"}
{"timestamp":"2026-09-17T18:28:13.862886Z","level":"INFO","message":"object retention pass","report":"GcReport { examined: 2, collected_expired: 0, collected_orphans: 0, kept_in_use: 0, kept_referenced: 2, incomplete_removed: 0, tombstones_purged: 0, failed: 0 }","target":"tachyon_serverless_gateway"}
{"timestamp":"2026-09-17T18:28:14.224912Z","level":"INFO","message":"SIGTERM received","target":"tachyon_serverless_gateway"}
{"timestamp":"2026-09-17T18:28:14.224941Z","level":"INFO","message":"shutdown requested; cancelling in-flight invocations","target":"tachyon_serverless_gateway"}
{"timestamp":"2026-09-17T18:28:14.225203Z","level":"INFO","message":"final usage collection","report":"CollectReport { batches: 0, read: 0, inserted: 0, duplicates: 0, cursor_seq: 76 }","target":"tachyon_serverless_gateway"}
{"timestamp":"2026-09-17T18:28:14.225804Z","level":"INFO","message":"gateway stopped","target":"tachyon_serverless_gateway"}
{"timestamp":"2026-09-17T18:28:14.225894Z","level":"INFO","message":"event: closed","target":"async_nats"}
