
===== a start (failpoints: none) 10:57:56 =====
{"timestamp":"2026-09-17T10:57:56.933471Z","level":"INFO","message":"configuration loaded","config":"/private/var/folders/z7/khzdjrt95cg_fcmcnh4j1b5h0000gn/T/tsls-chaos.IjKTCS/gw-a.toml","target":"tachyon_serverless_gateway"}
{"timestamp":"2026-09-17T10:57:56.939201Z","level":"INFO","message":"connected successfully","server":"59910","max_payload":"1048576","target":"async_nats::connector"}
{"timestamp":"2026-09-17T10:57:56.939632Z","level":"INFO","message":"event: connected","target":"async_nats"}
{"timestamp":"2026-09-17T10:57:56.964741Z","level":"INFO","message":"JetStream queue connected and stream bootstrapped","url":"nats://127.0.0.1:59910","stream":"TACHYON_EVENTS","target":"tachyon_serverless_gateway::durable"}
{"timestamp":"2026-09-17T10:57:56.983838Z","level":"INFO","message":"state store opened","path":"/private/var/folders/z7/khzdjrt95cg_fcmcnh4j1b5h0000gn/T/tsls-chaos.IjKTCS/data/state.db","schema_version":8,"migrations_applied":"[1, 2, 3, 4, 5, 6, 7, 8]","imported_state_json":"None","settled_invocations":0,"settled_attempts":0,"settled_environments":0,"released_leases":0,"dropped_idempotency_keys":0,"purged_idempotency_keys":0,"outputs_purged":0,"target":"tachyon_serverless_application::app"}
{"timestamp":"2026-09-17T10:57:56.984414Z","level":"INFO","message":"dispatcher registered","dispatcher_id":"dsp_01m2qg86qqekvv41terzsk8qd0","instance":"chaos-a","pid":74802,"lease_ttl_seconds":6,"target":"tachyon_serverless_application::services::dispatcher"}
{"timestamp":"2026-09-17T10:57:56.990810Z","level":"INFO","message":"application bootstrapped","profile":"dev","provider":"process","dev_only":true,"environment_reuse":false,"reuse_verified":false,"reuse_reason":"[pool] enabled is false","reuse_disabled":"Some(Configuration)","idle_quiesce":"unsupported","idle_resume":"unsupported","data_dir":"/private/var/folders/z7/khzdjrt95cg_fcmcnh4j1b5h0000gn/T/tsls-chaos.IjKTCS/data","store":"sqlite","dispatcher_id":"dsp_01m2qg86qqekvv41terzsk8qd0","node":"local","node_region":"none","node_memory_mib":"None","max_concurrency":8,"queue":"nats","objects":"filesystem","invoke_async":true,"triggers":true,"target":"tachyon_serverless_application::app"}
{"timestamp":"2026-09-17T10:57:56.991296Z","level":"INFO","message":"startup reconcile finished","provider":"process","found":0,"adopted":0,"terminated":0,"disowned":0,"failed":0,"lost":0,"foreign":0,"reclaimed_dispatchers":0,"fenced_terminated":0,"fenced_pending":0,"target":"tachyon_serverless_application::services::reconcile"}
{"timestamp":"2026-09-17T10:57:56.991427Z","level":"INFO","message":"gateway listening","addr":"127.0.0.1:59914","profile":"dev","provider":"process","target":"tachyon_serverless_gateway"}
{"timestamp":"2026-09-17T10:57:56.994672Z","level":"INFO","message":"asynchronous dispatcher started","workers":2,"owner":"dsp_01m2qg86qqekvv41terzsk8qd0","target":"tachyon_serverless_gateway"}
{"timestamp":"2026-09-17T10:57:58.612977Z","level":"INFO","message":"revision ready","revision_id":"rev_01m2qg87wntjv47ge8yhffadwg","function_id":"fn_01m2qg8718qs4qbwaw4kc07332","target":"tachyon_serverless_application::services::revision"}
{"timestamp":"2026-09-17T10:58:00.330446Z","level":"INFO","message":"revision ready","revision_id":"rev_01m2qg89fz6t39p5kmt95ed24n","function_id":"fn_01m2qg88hrx9zcmjpcd9z3pe45","target":"tachyon_serverless_application::services::revision"}
{"timestamp":"2026-09-17T10:58:02.269840Z","level":"INFO","message":"revision ready","revision_id":"rev_01m2qg8bc38378x18qkp691cnv","function_id":"fn_01m2qg8a8wm66s1995hgf07p8e","target":"tachyon_serverless_application::services::revision"}
{"timestamp":"2026-09-17T10:58:02.344916Z","level":"INFO","message":"trigger created","trigger_id":"trg_01m2qg8bz7e45sjnptg0wp2rbn","function_id":"fn_01m2qg88hrx9zcmjpcd9z3pe45","kind":"cron","enabled":true,"next_fire_at":"Some(2026-09-17T10:58:04Z)","target":"tachyon_serverless_application::services::triggers"}
{"timestamp":"2026-09-17T10:58:02.385652Z","level":"INFO","message":"trigger created","trigger_id":"trg_01m2qg8c0gdctcxfgtvrc3f3mz","function_id":"fn_01m2qg88hrx9zcmjpcd9z3pe45","kind":"webhook","enabled":true,"next_fire_at":"None","target":"tachyon_serverless_application::services::triggers"}
{"timestamp":"2026-09-17T10:58:02.835787Z","level":"INFO","message":"bridge spawned","environment_id":"env_01m2qg8c2f40v9ca0vy2agw9ss","pid":75172,"target":"tachyon_serverless_provider_process"}
{"timestamp":"2026-09-17T10:58:03.314253Z","level":"INFO","message":"invocation finished","invocation_id":"inv_01m2qg8c2f2m4msxj1sjdydkh7","status":"succeeded","handler_ms":2,"environment_boot_ms":19,"runtime_init_ms":457,"target":"tachyon_serverless_application::services::invoke"}
{"timestamp":"2026-09-17T10:58:03.316465Z","level":"INFO","message":"terminating bridge","environment_id":"env_01m2qg8c2f40v9ca0vy2agw9ss","pid":75172,"reason":"Completed","graceful":true,"target":"tachyon_serverless_provider_process"}
{"timestamp":"2026-09-17T10:58:03.473737Z","level":"INFO","message":"asynchronous invocation accepted","invocation_id":"inv_01m2qg8d2gdrn7hxnke1y9sr5p","tenant_id":"tn_01hzzzzzzzzzzzzzzzzzzzzzza","revision_id":"rev_01m2qg87wntjv47ge8yhffadwg","input_bytes":47,"input_storage":"inline","target":"tachyon_serverless_application::services::invoke_async"}
{"timestamp":"2026-09-17T10:58:03.496564Z","level":"INFO","message":"asynchronous run claimed","invocation_id":"inv_01m2qg8d2gdrn7hxnke1y9sr5p","attempt":1,"generation":0,"delivery_count":1,"target":"tachyon_serverless_application::services::invoke_async::dispatch"}
{"timestamp":"2026-09-17T10:58:03.654079Z","level":"INFO","message":"asynchronous invocation accepted","invocation_id":"inv_01m2qg8d7hmfjp3t3zmj3we5vk","tenant_id":"tn_01hzzzzzzzzzzzzzzzzzzzzzza","revision_id":"rev_01m2qg87wntjv47ge8yhffadwg","input_bytes":4127,"input_storage":"object","target":"tachyon_serverless_application::services::invoke_async"}
{"timestamp":"2026-09-17T10:58:03.672242Z","level":"INFO","message":"asynchronous run claimed","invocation_id":"inv_01m2qg8d7hmfjp3t3zmj3we5vk","attempt":1,"generation":0,"delivery_count":1,"target":"tachyon_serverless_application::services::invoke_async::dispatch"}
{"timestamp":"2026-09-17T10:58:03.826123Z","level":"INFO","message":"asynchronous invocation accepted","invocation_id":"inv_01m2qg8ddgmrxtcf2s49qsd4e6","tenant_id":"tn_01hzzzzzzzzzzzzzzzzzzzzzza","revision_id":"rev_01m2qg89fz6t39p5kmt95ed24n","input_bytes":189,"input_storage":"inline","target":"tachyon_serverless_application::services::invoke_async"}
{"timestamp":"2026-09-17T10:58:03.826252Z","level":"INFO","message":"webhook trigger fired","trigger_id":"trg_01m2qg8c0gdctcxfgtvrc3f3mz","event_id":"evt-pre-w1","invocation_id":"inv_01m2qg8ddgmrxtcf2s49qsd4e6","revision_id":"rev_01m2qg89fz6t39p5kmt95ed24n","replayed":false,"target":"tachyon_serverless_application::services::triggers"}
{"timestamp":"2026-09-17T10:58:03.939363Z","level":"INFO","message":"bridge spawned","environment_id":"env_01m2qg8d39c9dkxta7gcbrm7yr","pid":75255,"target":"tachyon_serverless_provider_process"}
{"timestamp":"2026-09-17T10:58:04.003472Z","level":"INFO","message":"asynchronous invocation accepted","invocation_id":"inv_01m2qg8dk24yvt70f75h9s3xwb","tenant_id":"tn_01hzzzzzzzzzzzzzzzzzzzzzza","revision_id":"rev_01m2qg89fz6t39p5kmt95ed24n","input_bytes":180,"input_storage":"inline","target":"tachyon_serverless_application::services::invoke_async"}
{"timestamp":"2026-09-17T10:58:04.003585Z","level":"INFO","message":"cron trigger fired","trigger_id":"trg_01m2qg8bz7e45sjnptg0wp2rbn","scheduled_at":"2026-09-17T10:58:04Z","invocation_id":"inv_01m2qg8dk24yvt70f75h9s3xwb","revision_id":"rev_01m2qg89fz6t39p5kmt95ed24n","replayed":false,"target":"tachyon_serverless_application::services::triggers"}
{"timestamp":"2026-09-17T10:58:04.105829Z","level":"INFO","message":"bridge spawned","environment_id":"env_01m2qg8d8v8v30p3vzhw32w8y0","pid":75259,"target":"tachyon_serverless_provider_process"}
{"timestamp":"2026-09-17T10:58:04.374708Z","level":"INFO","message":"bridge spawned","environment_id":"env_01m2qg8dhzn1c5fds4q749twvv","pid":75261,"target":"tachyon_serverless_provider_process"}
{"timestamp":"2026-09-17T10:58:04.413616Z","level":"INFO","message":"invocation finished","invocation_id":"inv_01m2qg8dhx1c7adstq5y0ewrgr","status":"succeeded","handler_ms":2,"environment_boot_ms":14,"runtime_init_ms":21,"target":"tachyon_serverless_application::services::invoke"}
{"timestamp":"2026-09-17T10:58:04.416299Z","level":"INFO","message":"terminating bridge","environment_id":"env_01m2qg8dhzn1c5fds4q749twvv","pid":75261,"reason":"Completed","graceful":true,"target":"tachyon_serverless_provider_process"}
{"timestamp":"2026-09-17T10:58:04.497076Z","level":"INFO","message":"invocation finished","invocation_id":"inv_01m2qg8d7hmfjp3t3zmj3we5vk","status":"succeeded (async run)","handler_ms":20,"environment_boot_ms":13,"runtime_init_ms":355,"target":"tachyon_serverless_application::services::invoke"}
{"timestamp":"2026-09-17T10:58:04.501811Z","level":"INFO","message":"terminating bridge","environment_id":"env_01m2qg8d8v8v30p3vzhw32w8y0","pid":75259,"reason":"Completed","graceful":true,"target":"tachyon_serverless_provider_process"}
{"timestamp":"2026-09-17T10:58:04.506971Z","level":"INFO","message":"invocation finished","invocation_id":"inv_01m2qg8d2gdrn7hxnke1y9sr5p","status":"succeeded (async run)","handler_ms":27,"environment_boot_ms":17,"runtime_init_ms":523,"target":"tachyon_serverless_application::services::invoke"}
{"timestamp":"2026-09-17T10:58:04.510674Z","level":"INFO","message":"terminating bridge","environment_id":"env_01m2qg8d39c9dkxta7gcbrm7yr","pid":75255,"reason":"Completed","graceful":true,"target":"tachyon_serverless_provider_process"}
{"timestamp":"2026-09-17T10:58:04.520283Z","level":"INFO","message":"asynchronous invocation settled","invocation_id":"inv_01m2qg8d7hmfjp3t3zmj3we5vk","status":"succeeded","target":"tachyon_serverless_application::services::invoke_async::dispatch"}
{"timestamp":"2026-09-17T10:58:04.528598Z","level":"INFO","message":"async dispatch: delivery handled","message_id":"inv_01m2qg8d7hmfjp3t3zmj3we5vk","sequence":2,"delivery_count":1,"outcome":"Completed { status: \"succeeded\" }","target":"tachyon_serverless_application::services::invoke_async::dispatch"}
{"timestamp":"2026-09-17T10:58:04.532661Z","level":"INFO","message":"asynchronous run claimed","invocation_id":"inv_01m2qg8ddgmrxtcf2s49qsd4e6","attempt":1,"generation":0,"delivery_count":1,"target":"tachyon_serverless_application::services::invoke_async::dispatch"}
{"timestamp":"2026-09-17T10:58:04.535441Z","level":"INFO","message":"asynchronous invocation settled","invocation_id":"inv_01m2qg8d2gdrn7hxnke1y9sr5p","status":"succeeded","target":"tachyon_serverless_application::services::invoke_async::dispatch"}
{"timestamp":"2026-09-17T10:58:04.542234Z","level":"INFO","message":"async dispatch: delivery handled","message_id":"inv_01m2qg8d2gdrn7hxnke1y9sr5p","sequence":1,"delivery_count":1,"outcome":"Completed { status: \"succeeded\" }","target":"tachyon_serverless_application::services::invoke_async::dispatch"}
{"timestamp":"2026-09-17T10:58:04.546406Z","level":"INFO","message":"asynchronous run claimed","invocation_id":"inv_01m2qg8dk24yvt70f75h9s3xwb","attempt":1,"generation":0,"delivery_count":1,"target":"tachyon_serverless_application::services::invoke_async::dispatch"}
{"timestamp":"2026-09-17T10:58:04.701401Z","level":"INFO","message":"asynchronous invocation accepted","invocation_id":"inv_01m2qg8e8vtqmddyx206jezj0e","tenant_id":"tn_01hzzzzzzzzzzzzzzzzzzzzzza","revision_id":"rev_01m2qg87wntjv47ge8yhffadwg","input_bytes":47,"input_storage":"inline","target":"tachyon_serverless_application::services::invoke_async"}
{"timestamp":"2026-09-17T10:58:05.002297Z","level":"INFO","message":"bridge spawned","environment_id":"env_01m2qg8e421g8wnrf36ng05taw","pid":75296,"target":"tachyon_serverless_provider_process"}
{"timestamp":"2026-09-17T10:58:05.002253Z","level":"INFO","message":"bridge spawned","environment_id":"env_01m2qg8e3ram5t598p1yvddhf3","pid":75295,"target":"tachyon_serverless_provider_process"}
{"timestamp":"2026-09-17T10:58:05.036437Z","level":"INFO","message":"invocation finished","invocation_id":"inv_01m2qg8dk24yvt70f75h9s3xwb","status":"succeeded (async run)","handler_ms":1,"environment_boot_ms":12,"runtime_init_ms":18,"target":"tachyon_serverless_application::services::invoke"}
{"timestamp":"2026-09-17T10:58:05.037585Z","level":"INFO","message":"invocation finished","invocation_id":"inv_01m2qg8ddgmrxtcf2s49qsd4e6","status":"succeeded (async run)","handler_ms":1,"environment_boot_ms":15,"runtime_init_ms":15,"target":"tachyon_serverless_application::services::invoke"}
{"timestamp":"2026-09-17T10:58:05.039025Z","level":"INFO","message":"terminating bridge","environment_id":"env_01m2qg8e421g8wnrf36ng05taw","pid":75296,"reason":"Completed","graceful":true,"target":"tachyon_serverless_provider_process"}
{"timestamp":"2026-09-17T10:58:05.040522Z","level":"INFO","message":"terminating bridge","environment_id":"env_01m2qg8e3ram5t598p1yvddhf3","pid":75295,"reason":"Completed","graceful":true,"target":"tachyon_serverless_provider_process"}
{"timestamp":"2026-09-17T10:58:05.097136Z","level":"INFO","message":"asynchronous invocation settled","invocation_id":"inv_01m2qg8dk24yvt70f75h9s3xwb","status":"succeeded","target":"tachyon_serverless_application::services::invoke_async::dispatch"}
{"timestamp":"2026-09-17T10:58:05.099695Z","level":"INFO","message":"asynchronous invocation settled","invocation_id":"inv_01m2qg8ddgmrxtcf2s49qsd4e6","status":"succeeded","target":"tachyon_serverless_application::services::invoke_async::dispatch"}
{"timestamp":"2026-09-17T10:58:05.115039Z","level":"INFO","message":"async dispatch: delivery handled","message_id":"inv_01m2qg8ddgmrxtcf2s49qsd4e6","sequence":3,"delivery_count":1,"outcome":"Completed { status: \"succeeded\" }","target":"tachyon_serverless_application::services::invoke_async::dispatch"}
{"timestamp":"2026-09-17T10:58:05.116900Z","level":"INFO","message":"async dispatch: delivery handled","message_id":"inv_01m2qg8dk24yvt70f75h9s3xwb","sequence":4,"delivery_count":1,"outcome":"Completed { status: \"succeeded\" }","target":"tachyon_serverless_application::services::invoke_async::dispatch"}
{"timestamp":"2026-09-17T10:58:05.126037Z","level":"INFO","message":"asynchronous run claimed","invocation_id":"inv_01m2qg8e8vtqmddyx206jezj0e","attempt":1,"generation":0,"delivery_count":1,"target":"tachyon_serverless_application::services::invoke_async::dispatch"}
{"timestamp":"2026-09-17T10:58:05.211152Z","level":"INFO","message":"asynchronous invocation accepted","invocation_id":"inv_01m2qg8er69jmnypmtbhakt6th","tenant_id":"tn_01hzzzzzzzzzzzzzzzzzzzzzza","revision_id":"rev_01m2qg87wntjv47ge8yhffadwg","input_bytes":4127,"input_storage":"object","target":"tachyon_serverless_application::services::invoke_async"}
{"timestamp":"2026-09-17T10:58:05.219809Z","level":"INFO","message":"asynchronous run claimed","invocation_id":"inv_01m2qg8er69jmnypmtbhakt6th","attempt":1,"generation":0,"delivery_count":1,"target":"tachyon_serverless_application::services::invoke_async::dispatch"}
{"timestamp":"2026-09-17T10:58:05.331388Z","level":"INFO","message":"asynchronous invocation accepted","invocation_id":"inv_01m2qg8ewg7h570a5ssnhf8x4y","tenant_id":"tn_01hzzzzzzzzzzzzzzzzzzzzzza","revision_id":"rev_01m2qg89fz6t39p5kmt95ed24n","input_bytes":189,"input_storage":"inline","target":"tachyon_serverless_application::services::invoke_async"}
{"timestamp":"2026-09-17T10:58:05.331465Z","level":"INFO","message":"webhook trigger fired","trigger_id":"trg_01m2qg8c0gdctcxfgtvrc3f3mz","event_id":"evt-pre-w2","invocation_id":"inv_01m2qg8ewg7h570a5ssnhf8x4y","revision_id":"rev_01m2qg89fz6t39p5kmt95ed24n","replayed":false,"target":"tachyon_serverless_application::services::triggers"}
{"timestamp":"2026-09-17T10:58:05.398443Z","level":"INFO","message":"trigger updated","trigger_id":"trg_01m2qg8bz7e45sjnptg0wp2rbn","generation":2,"status":"disabled","next_fire_at":"None","rotated_secret":false,"target":"tachyon_serverless_application::services::triggers"}
{"timestamp":"2026-09-17T10:58:05.803754Z","level":"INFO","message":"bridge spawned","environment_id":"env_01m2qg8ep6j8q2kfycx9n2ffmz","pid":75349,"target":"tachyon_serverless_provider_process"}
{"timestamp":"2026-09-17T10:58:05.816954Z","level":"INFO","message":"bridge spawned","environment_id":"env_01m2qg8es83av4dzmeyv6jw25q","pid":75350,"target":"tachyon_serverless_provider_process"}
{"timestamp":"2026-09-17T10:58:05.843604Z","level":"INFO","message":"invocation finished","invocation_id":"inv_01m2qg8e8vtqmddyx206jezj0e","status":"succeeded (async run)","handler_ms":4,"environment_boot_ms":13,"runtime_init_ms":17,"target":"tachyon_serverless_application::services::invoke"}
{"timestamp":"2026-09-17T10:58:05.845813Z","level":"INFO","message":"terminating bridge","environment_id":"env_01m2qg8ep6j8q2kfycx9n2ffmz","pid":75349,"reason":"Completed","graceful":true,"target":"tachyon_serverless_provider_process"}
{"timestamp":"2026-09-17T10:58:05.856364Z","level":"INFO","message":"invocation finished","invocation_id":"inv_01m2qg8er69jmnypmtbhakt6th","status":"succeeded (async run)","handler_ms":3,"environment_boot_ms":12,"runtime_init_ms":20,"target":"tachyon_serverless_application::services::invoke"}
{"timestamp":"2026-09-17T10:58:05.858557Z","level":"INFO","message":"terminating bridge","environment_id":"env_01m2qg8es83av4dzmeyv6jw25q","pid":75350,"reason":"Completed","graceful":true,"target":"tachyon_serverless_provider_process"}
{"timestamp":"2026-09-17T10:58:05.859139Z","level":"INFO","message":"asynchronous invocation settled","invocation_id":"inv_01m2qg8e8vtqmddyx206jezj0e","status":"succeeded","target":"tachyon_serverless_application::services::invoke_async::dispatch"}
{"timestamp":"2026-09-17T10:58:05.868573Z","level":"INFO","message":"async dispatch: delivery handled","message_id":"inv_01m2qg8e8vtqmddyx206jezj0e","sequence":5,"delivery_count":1,"outcome":"Completed { status: \"succeeded\" }","target":"tachyon_serverless_application::services::invoke_async::dispatch"}
{"timestamp":"2026-09-17T10:58:05.877390Z","level":"INFO","message":"asynchronous invocation settled","invocation_id":"inv_01m2qg8er69jmnypmtbhakt6th","status":"succeeded","target":"tachyon_serverless_application::services::invoke_async::dispatch"}
{"timestamp":"2026-09-17T10:58:05.878529Z","level":"INFO","message":"asynchronous run claimed","invocation_id":"inv_01m2qg8ewg7h570a5ssnhf8x4y","attempt":1,"generation":0,"delivery_count":1,"target":"tachyon_serverless_application::services::invoke_async::dispatch"}
{"timestamp":"2026-09-17T10:58:05.885614Z","level":"INFO","message":"async dispatch: delivery handled","message_id":"inv_01m2qg8er69jmnypmtbhakt6th","sequence":6,"delivery_count":1,"outcome":"Completed { status: \"succeeded\" }","target":"tachyon_serverless_application::services::invoke_async::dispatch"}
{"timestamp":"2026-09-17T10:58:06.370682Z","level":"INFO","message":"bridge spawned","environment_id":"env_01m2qg8fdq0mz19kdv89qgt8ks","pid":75357,"target":"tachyon_serverless_provider_process"}
{"timestamp":"2026-09-17T10:58:06.476644Z","level":"INFO","message":"invocation finished","invocation_id":"inv_01m2qg8ewg7h570a5ssnhf8x4y","status":"succeeded (async run)","handler_ms":33,"environment_boot_ms":24,"runtime_init_ms":48,"target":"tachyon_serverless_application::services::invoke"}
{"timestamp":"2026-09-17T10:58:06.480697Z","level":"INFO","message":"terminating bridge","environment_id":"env_01m2qg8fdq0mz19kdv89qgt8ks","pid":75357,"reason":"Completed","graceful":true,"target":"tachyon_serverless_provider_process"}
{"timestamp":"2026-09-17T10:58:06.519572Z","level":"INFO","message":"asynchronous invocation settled","invocation_id":"inv_01m2qg8ewg7h570a5ssnhf8x4y","status":"succeeded","target":"tachyon_serverless_application::services::invoke_async::dispatch"}
{"timestamp":"2026-09-17T10:58:06.535087Z","level":"INFO","message":"async dispatch: delivery handled","message_id":"inv_01m2qg8ewg7h570a5ssnhf8x4y","sequence":7,"delivery_count":1,"outcome":"Completed { status: \"succeeded\" }","target":"tachyon_serverless_application::services::invoke_async::dispatch"}
{"timestamp":"2026-09-17T10:58:06.563105Z","level":"INFO","message":"SIGTERM received","target":"tachyon_serverless_gateway"}
{"timestamp":"2026-09-17T10:58:06.563187Z","level":"INFO","message":"shutdown requested; cancelling in-flight invocations","target":"tachyon_serverless_gateway"}
{"timestamp":"2026-09-17T10:58:06.566958Z","level":"INFO","message":"final usage collection","report":"CollectReport { batches: 1, read: 5, inserted: 5, duplicates: 0, cursor_seq: 45 }","target":"tachyon_serverless_gateway"}
{"timestamp":"2026-09-17T10:58:06.568617Z","level":"INFO","message":"gateway stopped","target":"tachyon_serverless_gateway"}
{"timestamp":"2026-09-17T10:58:06.568870Z","level":"INFO","message":"event: closed","target":"async_nats"}

===== a start (failpoints: dispatch.after_commit=kill) 10:58:06 =====
{"timestamp":"2026-09-17T10:58:06.801302Z","level":"INFO","message":"configuration loaded","config":"/private/var/folders/z7/khzdjrt95cg_fcmcnh4j1b5h0000gn/T/tsls-chaos.IjKTCS/gw-a.toml","target":"tachyon_serverless_gateway"}
{"timestamp":"2026-09-17T10:58:06.804188Z","level":"INFO","message":"connected successfully","server":"59910","max_payload":"1048576","target":"async_nats::connector"}
{"timestamp":"2026-09-17T10:58:06.804446Z","level":"INFO","message":"event: connected","target":"async_nats"}
{"timestamp":"2026-09-17T10:58:06.819402Z","level":"INFO","message":"JetStream queue connected and stream bootstrapped","url":"nats://127.0.0.1:59910","stream":"TACHYON_EVENTS","target":"tachyon_serverless_gateway::durable"}
{"timestamp":"2026-09-17T10:58:06.823190Z","level":"INFO","message":"state store opened","path":"/private/var/folders/z7/khzdjrt95cg_fcmcnh4j1b5h0000gn/T/tsls-chaos.IjKTCS/data/state.db","schema_version":8,"migrations_applied":"[]","imported_state_json":"None","settled_invocations":0,"settled_attempts":0,"settled_environments":0,"released_leases":0,"dropped_idempotency_keys":0,"purged_idempotency_keys":0,"outputs_purged":0,"target":"tachyon_serverless_application::app"}
{"timestamp":"2026-09-17T10:58:06.824247Z","level":"INFO","message":"dispatcher registered","dispatcher_id":"dsp_01m2qg8gb7k0gzg8sr5wt9aff6","instance":"chaos-a","pid":75371,"lease_ttl_seconds":6,"target":"tachyon_serverless_application::services::dispatcher"}
{"timestamp":"2026-09-17T10:58:06.825136Z","level":"WARN","message":"reclaimed the work of dispatchers that lost their lease","dispatcher_id":"dsp_01m2qg8gb7k0gzg8sr5wt9aff6","reclaimed_dispatchers":"[DispatcherId(dsp_01m2qg86qqekvv41terzsk8qd0)]","leases":0,"invocations":0,"attempts":0,"fenced":0,"target":"tachyon_serverless_application::services::dispatcher"}
{"timestamp":"2026-09-17T10:58:06.827464Z","level":"WARN","message":"failpoint armed from TSLS_FAILPOINTS","name":"dispatch.after_commit","action":"Kill","count":"None","target":"tachyon_serverless_application::failpoints"}
{"timestamp":"2026-09-17T10:58:06.827635Z","level":"INFO","message":"application bootstrapped","profile":"dev","provider":"process","dev_only":true,"environment_reuse":false,"reuse_verified":false,"reuse_reason":"[pool] enabled is false","reuse_disabled":"Some(Configuration)","idle_quiesce":"unsupported","idle_resume":"unsupported","data_dir":"/private/var/folders/z7/khzdjrt95cg_fcmcnh4j1b5h0000gn/T/tsls-chaos.IjKTCS/data","store":"sqlite","dispatcher_id":"dsp_01m2qg8gb7k0gzg8sr5wt9aff6","node":"local","node_region":"none","node_memory_mib":"None","max_concurrency":8,"queue":"nats","objects":"filesystem","invoke_async":true,"triggers":true,"target":"tachyon_serverless_application::app"}
{"timestamp":"2026-09-17T10:58:06.828388Z","level":"INFO","message":"startup reconcile finished","provider":"process","found":0,"adopted":0,"terminated":0,"disowned":0,"failed":0,"lost":0,"foreign":0,"reclaimed_dispatchers":0,"fenced_terminated":0,"fenced_pending":0,"target":"tachyon_serverless_application::services::reconcile"}
{"timestamp":"2026-09-17T10:58:06.828530Z","level":"INFO","message":"gateway listening","addr":"127.0.0.1:59914","profile":"dev","provider":"process","target":"tachyon_serverless_gateway"}
{"timestamp":"2026-09-17T10:58:06.831028Z","level":"INFO","message":"asynchronous dispatcher started","workers":2,"owner":"dsp_01m2qg8gb7k0gzg8sr5wt9aff6","target":"tachyon_serverless_gateway"}
{"timestamp":"2026-09-17T10:58:07.268758Z","level":"INFO","message":"asynchronous invocation accepted","invocation_id":"inv_01m2qg8gs2myya9xh4r0eb9e49","tenant_id":"tn_01hzzzzzzzzzzzzzzzzzzzzzza","revision_id":"rev_01m2qg87wntjv47ge8yhffadwg","input_bytes":93,"input_storage":"inline","target":"tachyon_serverless_application::services::invoke_async"}
{"timestamp":"2026-09-17T10:58:07.284024Z","level":"INFO","message":"asynchronous run claimed","invocation_id":"inv_01m2qg8gs2myya9xh4r0eb9e49","attempt":1,"generation":0,"delivery_count":1,"target":"tachyon_serverless_application::services::invoke_async::dispatch"}
{"timestamp":"2026-09-17T10:58:07.726320Z","level":"INFO","message":"bridge spawned","environment_id":"env_01m2qg8gspxarsr5bfp7mzm3pd","pid":75406,"target":"tachyon_serverless_provider_process"}
{"timestamp":"2026-09-17T10:58:08.062293Z","level":"INFO","message":"invocation finished","invocation_id":"inv_01m2qg8gs2myya9xh4r0eb9e49","status":"succeeded (async run)","handler_ms":310,"environment_boot_ms":10,"runtime_init_ms":14,"target":"tachyon_serverless_application::services::invoke"}
{"timestamp":"2026-09-17T10:58:08.064828Z","level":"INFO","message":"terminating bridge","environment_id":"env_01m2qg8gspxarsr5bfp7mzm3pd","pid":75406,"reason":"Completed","graceful":true,"target":"tachyon_serverless_provider_process"}
{"timestamp":"2026-09-17T10:58:08.078550Z","level":"INFO","message":"asynchronous invocation settled","invocation_id":"inv_01m2qg8gs2myya9xh4r0eb9e49","status":"succeeded","target":"tachyon_serverless_application::services::invoke_async::dispatch"}
{"timestamp":"2026-09-17T10:58:08.078633Z","level":"ERROR","message":"failpoint fired: SIGKILL","name":"dispatch.after_commit","target":"tachyon_serverless_application::failpoints"}

===== a start (failpoints: none) 10:58:08 =====
{"timestamp":"2026-09-17T10:58:08.842456Z","level":"INFO","message":"configuration loaded","config":"/private/var/folders/z7/khzdjrt95cg_fcmcnh4j1b5h0000gn/T/tsls-chaos.IjKTCS/gw-a.toml","target":"tachyon_serverless_gateway"}
{"timestamp":"2026-09-17T10:58:08.848389Z","level":"INFO","message":"connected successfully","server":"59910","max_payload":"1048576","target":"async_nats::connector"}
{"timestamp":"2026-09-17T10:58:08.848743Z","level":"INFO","message":"event: connected","target":"async_nats"}
{"timestamp":"2026-09-17T10:58:08.863902Z","level":"INFO","message":"JetStream queue connected and stream bootstrapped","url":"nats://127.0.0.1:59910","stream":"TACHYON_EVENTS","target":"tachyon_serverless_gateway::durable"}
{"timestamp":"2026-09-17T10:58:08.867761Z","level":"INFO","message":"state store opened","path":"/private/var/folders/z7/khzdjrt95cg_fcmcnh4j1b5h0000gn/T/tsls-chaos.IjKTCS/data/state.db","schema_version":8,"migrations_applied":"[]","imported_state_json":"None","settled_invocations":0,"settled_attempts":0,"settled_environments":0,"released_leases":0,"dropped_idempotency_keys":0,"purged_idempotency_keys":0,"outputs_purged":0,"target":"tachyon_serverless_application::app"}
{"timestamp":"2026-09-17T10:58:08.868633Z","level":"INFO","message":"dispatcher registered","dispatcher_id":"dsp_01m2qg8jb3yfat8nhvhxjey8r2","instance":"chaos-a","pid":75448,"lease_ttl_seconds":6,"target":"tachyon_serverless_application::services::dispatcher"}
{"timestamp":"2026-09-17T10:58:08.869522Z","level":"WARN","message":"reclaimed the work of dispatchers that lost their lease","dispatcher_id":"dsp_01m2qg8jb3yfat8nhvhxjey8r2","reclaimed_dispatchers":"[DispatcherId(dsp_01m2qg8gb7k0gzg8sr5wt9aff6)]","leases":0,"invocations":0,"attempts":0,"fenced":0,"target":"tachyon_serverless_application::services::dispatcher"}
{"timestamp":"2026-09-17T10:58:08.872118Z","level":"INFO","message":"application bootstrapped","profile":"dev","provider":"process","dev_only":true,"environment_reuse":false,"reuse_verified":false,"reuse_reason":"[pool] enabled is false","reuse_disabled":"Some(Configuration)","idle_quiesce":"unsupported","idle_resume":"unsupported","data_dir":"/private/var/folders/z7/khzdjrt95cg_fcmcnh4j1b5h0000gn/T/tsls-chaos.IjKTCS/data","store":"sqlite","dispatcher_id":"dsp_01m2qg8jb3yfat8nhvhxjey8r2","node":"local","node_region":"none","node_memory_mib":"None","max_concurrency":8,"queue":"nats","objects":"filesystem","invoke_async":true,"triggers":true,"target":"tachyon_serverless_application::app"}
{"timestamp":"2026-09-17T10:58:08.872843Z","level":"INFO","message":"startup reconcile finished","provider":"process","found":0,"adopted":0,"terminated":0,"disowned":0,"failed":0,"lost":0,"foreign":0,"reclaimed_dispatchers":0,"fenced_terminated":0,"fenced_pending":0,"target":"tachyon_serverless_application::services::reconcile"}
{"timestamp":"2026-09-17T10:58:08.872965Z","level":"INFO","message":"gateway listening","addr":"127.0.0.1:59914","profile":"dev","provider":"process","target":"tachyon_serverless_gateway"}
{"timestamp":"2026-09-17T10:58:08.875447Z","level":"INFO","message":"asynchronous dispatcher started","workers":2,"owner":"dsp_01m2qg8jb3yfat8nhvhxjey8r2","target":"tachyon_serverless_gateway"}
{"timestamp":"2026-09-17T10:58:10.063176Z","level":"INFO","message":"bridge spawned","environment_id":"env_01m2qg8k3160xqmjgjxh6pf94b","pid":75510,"target":"tachyon_serverless_provider_process"}
{"timestamp":"2026-09-17T10:58:10.090573Z","level":"INFO","message":"invocation finished","invocation_id":"inv_01m2qg8k2zwhkfb6tx7yv4dksg","status":"succeeded","handler_ms":2,"environment_boot_ms":13,"runtime_init_ms":15,"target":"tachyon_serverless_application::services::invoke"}
{"timestamp":"2026-09-17T10:58:10.092600Z","level":"INFO","message":"terminating bridge","environment_id":"env_01m2qg8k3160xqmjgjxh6pf94b","pid":75510,"reason":"Completed","graceful":true,"target":"tachyon_serverless_provider_process"}
{"timestamp":"2026-09-17T10:58:10.299076Z","level":"INFO","message":"asynchronous invocation accepted","invocation_id":"inv_01m2qg8kqswr2d1ec3cp65jjcf","tenant_id":"tn_01hzzzzzzzzzzzzzzzzzzzzzza","revision_id":"rev_01m2qg87wntjv47ge8yhffadwg","input_bytes":48,"input_storage":"inline","target":"tachyon_serverless_application::services::invoke_async"}
{"timestamp":"2026-09-17T10:58:10.320066Z","level":"INFO","message":"asynchronous run claimed","invocation_id":"inv_01m2qg8kqswr2d1ec3cp65jjcf","attempt":1,"generation":0,"delivery_count":1,"target":"tachyon_serverless_application::services::invoke_async::dispatch"}
{"timestamp":"2026-09-17T10:58:10.581239Z","level":"INFO","message":"asynchronous invocation accepted","invocation_id":"inv_01m2qg8kzpe98gzw1fxmkax09s","tenant_id":"tn_01hzzzzzzzzzzzzzzzzzzzzzza","revision_id":"rev_01m2qg87wntjv47ge8yhffadwg","input_bytes":4128,"input_storage":"object","target":"tachyon_serverless_application::services::invoke_async"}
{"timestamp":"2026-09-17T10:58:10.595166Z","level":"INFO","message":"asynchronous run claimed","invocation_id":"inv_01m2qg8kzpe98gzw1fxmkax09s","attempt":1,"generation":0,"delivery_count":1,"target":"tachyon_serverless_application::services::invoke_async::dispatch"}
{"timestamp":"2026-09-17T10:58:10.789821Z","level":"INFO","message":"asynchronous invocation accepted","invocation_id":"inv_01m2qg8m73kz3xjxz5hgpe9g12","tenant_id":"tn_01hzzzzzzzzzzzzzzzzzzzzzza","revision_id":"rev_01m2qg89fz6t39p5kmt95ed24n","input_bytes":191,"input_storage":"inline","target":"tachyon_serverless_application::services::invoke_async"}
{"timestamp":"2026-09-17T10:58:10.789943Z","level":"INFO","message":"webhook trigger fired","trigger_id":"trg_01m2qg8c0gdctcxfgtvrc3f3mz","event_id":"evt-post-w1","invocation_id":"inv_01m2qg8m73kz3xjxz5hgpe9g12","revision_id":"rev_01m2qg89fz6t39p5kmt95ed24n","replayed":false,"target":"tachyon_serverless_application::services::triggers"}
{"timestamp":"2026-09-17T10:58:10.789775Z","level":"INFO","message":"bridge spawned","environment_id":"env_01m2qg8krrjbfe1fnyk3mzm348","pid":75573,"target":"tachyon_serverless_provider_process"}
{"timestamp":"2026-09-17T10:58:10.860802Z","level":"INFO","message":"invocation finished","invocation_id":"inv_01m2qg8kqswr2d1ec3cp65jjcf","status":"succeeded (async run)","handler_ms":3,"environment_boot_ms":25,"runtime_init_ms":40,"target":"tachyon_serverless_application::services::invoke"}
{"timestamp":"2026-09-17T10:58:10.862898Z","level":"INFO","message":"terminating bridge","environment_id":"env_01m2qg8krrjbfe1fnyk3mzm348","pid":75573,"reason":"Completed","graceful":true,"target":"tachyon_serverless_provider_process"}
{"timestamp":"2026-09-17T10:58:10.870497Z","level":"INFO","message":"asynchronous invocation settled","invocation_id":"inv_01m2qg8kqswr2d1ec3cp65jjcf","status":"succeeded","target":"tachyon_serverless_application::services::invoke_async::dispatch"}
{"timestamp":"2026-09-17T10:58:10.877116Z","level":"INFO","message":"async dispatch: delivery handled","message_id":"inv_01m2qg8kqswr2d1ec3cp65jjcf","sequence":9,"delivery_count":1,"outcome":"Completed { status: \"succeeded\" }","target":"tachyon_serverless_application::services::invoke_async::dispatch"}
{"timestamp":"2026-09-17T10:58:10.883057Z","level":"INFO","message":"object retention pass","report":"GcReport { examined: 1, collected_expired: 0, collected_orphans: 0, kept_in_use: 0, kept_referenced: 1, incomplete_removed: 0, tombstones_purged: 0, failed: 0 }","target":"tachyon_serverless_gateway"}
{"timestamp":"2026-09-17T10:58:10.884874Z","level":"INFO","message":"asynchronous run claimed","invocation_id":"inv_01m2qg8m73kz3xjxz5hgpe9g12","attempt":1,"generation":0,"delivery_count":1,"target":"tachyon_serverless_application::services::invoke_async::dispatch"}
{"timestamp":"2026-09-17T10:58:10.894827Z","level":"INFO","message":"trigger updated","trigger_id":"trg_01m2qg8bz7e45sjnptg0wp2rbn","generation":3,"status":"disabled","next_fire_at":"None","rotated_secret":false,"target":"tachyon_serverless_application::services::triggers"}
{"timestamp":"2026-09-17T10:58:11.141410Z","level":"INFO","message":"bridge spawned","environment_id":"env_01m2qg8m1m0t7n7an2vm4nx9za","pid":75619,"target":"tachyon_serverless_provider_process"}
{"timestamp":"2026-09-17T10:58:11.176283Z","level":"INFO","message":"invocation finished","invocation_id":"inv_01m2qg8kzpe98gzw1fxmkax09s","status":"succeeded (async run)","handler_ms":4,"environment_boot_ms":11,"runtime_init_ms":17,"target":"tachyon_serverless_application::services::invoke"}
{"timestamp":"2026-09-17T10:58:11.178540Z","level":"INFO","message":"terminating bridge","environment_id":"env_01m2qg8m1m0t7n7an2vm4nx9za","pid":75619,"reason":"Completed","graceful":true,"target":"tachyon_serverless_provider_process"}
{"timestamp":"2026-09-17T10:58:11.193887Z","level":"INFO","message":"asynchronous invocation settled","invocation_id":"inv_01m2qg8kzpe98gzw1fxmkax09s","status":"succeeded","target":"tachyon_serverless_application::services::invoke_async::dispatch"}
{"timestamp":"2026-09-17T10:58:11.203308Z","level":"INFO","message":"async dispatch: delivery handled","message_id":"inv_01m2qg8kzpe98gzw1fxmkax09s","sequence":10,"delivery_count":1,"outcome":"Completed { status: \"succeeded\" }","target":"tachyon_serverless_application::services::invoke_async::dispatch"}
{"timestamp":"2026-09-17T10:58:11.290537Z","level":"INFO","message":"async dispatch: delivery handled","message_id":"inv_01m2qg8gs2myya9xh4r0eb9e49","sequence":8,"delivery_count":2,"outcome":"Skipped(\"terminal\")","target":"tachyon_serverless_application::services::invoke_async::dispatch"}
{"timestamp":"2026-09-17T10:58:11.402729Z","level":"INFO","message":"bridge spawned","environment_id":"env_01m2qg8ma5ss5heg5bvydkeraq","pid":75627,"target":"tachyon_serverless_provider_process"}
{"timestamp":"2026-09-17T10:58:11.440008Z","level":"INFO","message":"invocation finished","invocation_id":"inv_01m2qg8m73kz3xjxz5hgpe9g12","status":"succeeded (async run)","handler_ms":2,"environment_boot_ms":14,"runtime_init_ms":19,"target":"tachyon_serverless_application::services::invoke"}
{"timestamp":"2026-09-17T10:58:11.442294Z","level":"INFO","message":"terminating bridge","environment_id":"env_01m2qg8ma5ss5heg5bvydkeraq","pid":75627,"reason":"Completed","graceful":true,"target":"tachyon_serverless_provider_process"}
{"timestamp":"2026-09-17T10:58:11.452521Z","level":"INFO","message":"asynchronous invocation settled","invocation_id":"inv_01m2qg8m73kz3xjxz5hgpe9g12","status":"succeeded","target":"tachyon_serverless_application::services::invoke_async::dispatch"}
{"timestamp":"2026-09-17T10:58:11.461666Z","level":"INFO","message":"async dispatch: delivery handled","message_id":"inv_01m2qg8m73kz3xjxz5hgpe9g12","sequence":11,"delivery_count":1,"outcome":"Completed { status: \"succeeded\" }","target":"tachyon_serverless_application::services::invoke_async::dispatch"}
{"timestamp":"2026-09-17T10:58:12.883263Z","level":"INFO","message":"object retention pass","report":"GcReport { examined: 2, collected_expired: 0, collected_orphans: 0, kept_in_use: 0, kept_referenced: 2, incomplete_removed: 0, tombstones_purged: 0, failed: 0 }","target":"tachyon_serverless_gateway"}
{"timestamp":"2026-09-17T10:58:14.633307Z","level":"INFO","message":"SIGTERM received","target":"tachyon_serverless_gateway"}
{"timestamp":"2026-09-17T10:58:14.633372Z","level":"INFO","message":"shutdown requested; cancelling in-flight invocations","target":"tachyon_serverless_gateway"}
{"timestamp":"2026-09-17T10:58:14.633885Z","level":"INFO","message":"final usage collection","report":"CollectReport { batches: 0, read: 0, inserted: 0, duplicates: 0, cursor_seq: 70 }","target":"tachyon_serverless_gateway"}
{"timestamp":"2026-09-17T10:58:14.636374Z","level":"INFO","message":"gateway stopped","target":"tachyon_serverless_gateway"}
{"timestamp":"2026-09-17T10:58:14.636992Z","level":"INFO","message":"event: closed","target":"async_nats"}
