
===== a start (failpoints: none) 04:27:12 =====
{"timestamp":"2026-09-18T04:27:12.582537Z","level":"INFO","message":"configuration loaded","config":"/home/takanorifukuyama.guest/w/tsls-chaos.ubRMdo/gw-a.toml","target":"tachyon_serverless_gateway"}
{"timestamp":"2026-09-18T04:27:12.584736Z","level":"INFO","message":"connected successfully","server":"39041","max_payload":"1048576","target":"async_nats::connector"}
{"timestamp":"2026-09-18T04:27:12.584836Z","level":"INFO","message":"event: connected","target":"async_nats"}
{"timestamp":"2026-09-18T04:27:12.590681Z","level":"INFO","message":"JetStream queue connected and stream bootstrapped","url":"nats://127.0.0.1:39041","stream":"TACHYON_EVENTS","target":"tachyon_serverless_gateway::durable"}
{"timestamp":"2026-09-18T04:27:12.599809Z","level":"INFO","message":"state store opened","path":"/home/takanorifukuyama.guest/w/tsls-chaos.ubRMdo/data/state.db","schema_version":8,"migrations_applied":"[1, 2, 3, 4, 5, 6, 7, 8]","imported_state_json":"None","settled_invocations":0,"settled_attempts":0,"settled_environments":0,"released_leases":0,"dropped_idempotency_keys":0,"purged_idempotency_keys":0,"outputs_purged":0,"target":"tachyon_serverless_application::app"}
{"timestamp":"2026-09-18T04:27:12.605437Z","level":"INFO","message":"log store opened","path":"/home/takanorifukuyama.guest/w/tsls-chaos.ubRMdo/data/logs/logs.db","healthy":true,"retention_seconds":604800,"max_total_bytes":1073741824,"target":"tachyon_serverless_application::app"}
{"timestamp":"2026-09-18T04:27:12.605917Z","level":"INFO","message":"dispatcher registered","dispatcher_id":"dsp_01m2sc9etx4tyvrt7kn1j18hfw","instance":"chaos-a","pid":821348,"lease_ttl_seconds":6,"target":"tachyon_serverless_application::services::dispatcher"}
{"timestamp":"2026-09-18T04:27:12.614384Z","level":"INFO","message":"application bootstrapped","profile":"dev","provider":"process","dev_only":true,"environment_reuse":false,"reuse_verified":false,"reuse_reason":"[pool] enabled is false","reuse_disabled":"Some(Configuration)","idle_quiesce":"unsupported","idle_resume":"unsupported","data_dir":"/home/takanorifukuyama.guest/w/tsls-chaos.ubRMdo/data","store":"sqlite","dispatcher_id":"dsp_01m2sc9etx4tyvrt7kn1j18hfw","node":"local","node_region":"none","node_memory_mib":"None","max_concurrency":8,"queue":"nats","objects":"filesystem","invoke_async":true,"triggers":true,"target":"tachyon_serverless_application::app"}
{"timestamp":"2026-09-18T04:27:12.614562Z","level":"INFO","message":"startup reconcile finished","provider":"process","found":0,"adopted":0,"terminated":0,"disowned":0,"failed":0,"lost":0,"foreign":0,"reclaimed_dispatchers":0,"fenced_terminated":0,"fenced_pending":0,"target":"tachyon_serverless_application::services::reconcile"}
{"timestamp":"2026-09-18T04:27:12.614634Z","level":"INFO","message":"gateway listening","addr":"127.0.0.1:35107","profile":"dev","provider":"process","target":"tachyon_serverless_gateway"}
{"timestamp":"2026-09-18T04:27:12.615679Z","level":"INFO","message":"asynchronous dispatcher started","workers":2,"owner":"dsp_01m2sc9etx4tyvrt7kn1j18hfw","target":"tachyon_serverless_gateway"}
{"timestamp":"2026-09-18T04:27:16.272908Z","level":"INFO","message":"revision ready","revision_id":"rev_01m2sc9habgg875j654gg32mj5","function_id":"fn_01m2sc9f3sz55kfttspbyqa0px","target":"tachyon_serverless_application::services::revision"}
{"timestamp":"2026-09-18T04:27:19.733166Z","level":"INFO","message":"revision ready","revision_id":"rev_01m2sc9mq35akna55rdne8jpxg","function_id":"fn_01m2sc9jh71r3rpffasstye3s6","target":"tachyon_serverless_application::services::revision"}
{"timestamp":"2026-09-18T04:27:23.153346Z","level":"INFO","message":"revision ready","revision_id":"rev_01m2sc9r1bbw3btz6msmqgrrae","function_id":"fn_01m2sc9nt8aanqjth2cc097gac","target":"tachyon_serverless_application::services::revision"}
{"timestamp":"2026-09-18T04:27:23.272741Z","level":"INFO","message":"trigger created","trigger_id":"trg_01m2sc9s87nxxr9q8npk7z781p","function_id":"fn_01m2sc9jh71r3rpffasstye3s6","kind":"cron","enabled":true,"next_fire_at":"Some(2026-09-18T04:27:24Z)","target":"tachyon_serverless_application::services::triggers"}
{"timestamp":"2026-09-18T04:27:23.278211Z","level":"INFO","message":"trigger created","trigger_id":"trg_01m2sc9s8d3q59t49vyjvf25gd","function_id":"fn_01m2sc9jh71r3rpffasstye3s6","kind":"webhook","enabled":true,"next_fire_at":"None","target":"tachyon_serverless_application::services::triggers"}
{"timestamp":"2026-09-18T04:27:24.003319Z","level":"INFO","message":"asynchronous invocation accepted","invocation_id":"inv_01m2sc9sz28yb1kb5w2sskwcq2","tenant_id":"tn_01hzzzzzzzzzzzzzzzzzzzzzza","revision_id":"rev_01m2sc9mq35akna55rdne8jpxg","input_bytes":180,"input_storage":"inline","target":"tachyon_serverless_application::services::invoke_async"}
{"timestamp":"2026-09-18T04:27:24.003360Z","level":"INFO","message":"cron trigger fired","trigger_id":"trg_01m2sc9s87nxxr9q8npk7z781p","scheduled_at":"2026-09-18T04:27:24Z","invocation_id":"inv_01m2sc9sz28yb1kb5w2sskwcq2","revision_id":"rev_01m2sc9mq35akna55rdne8jpxg","replayed":false,"target":"tachyon_serverless_application::services::triggers"}
{"timestamp":"2026-09-18T04:27:24.006414Z","level":"INFO","message":"asynchronous run claimed","invocation_id":"inv_01m2sc9sz28yb1kb5w2sskwcq2","attempt":1,"generation":0,"delivery_count":1,"target":"tachyon_serverless_application::services::invoke_async::dispatch"}
{"timestamp":"2026-09-18T04:27:24.412989Z","level":"INFO","message":"bridge spawned","environment_id":"env_01m2sc9s8sc60kczb77sygnr2q","pid":822000,"target":"tachyon_serverless_provider_process"}
{"timestamp":"2026-09-18T04:27:24.436922Z","level":"INFO","message":"invocation finished","invocation_id":"inv_01m2sc9s8rf35m7ven9tz7zcqm","status":"succeeded","handler_ms":5,"environment_boot_ms":1,"runtime_init_ms":4,"target":"tachyon_serverless_application::services::invoke"}
{"timestamp":"2026-09-18T04:27:24.438931Z","level":"INFO","message":"terminating bridge","environment_id":"env_01m2sc9s8sc60kczb77sygnr2q","pid":822000,"reason":"Completed","graceful":true,"target":"tachyon_serverless_provider_process"}
{"timestamp":"2026-09-18T04:27:24.463820Z","level":"INFO","message":"asynchronous invocation accepted","invocation_id":"inv_01m2sc9tdee6e8tr88s296bpg8","tenant_id":"tn_01hzzzzzzzzzzzzzzzzzzzzzza","revision_id":"rev_01m2sc9habgg875j654gg32mj5","input_bytes":48,"input_storage":"inline","target":"tachyon_serverless_application::services::invoke_async"}
{"timestamp":"2026-09-18T04:27:24.467638Z","level":"INFO","message":"asynchronous run claimed","invocation_id":"inv_01m2sc9tdee6e8tr88s296bpg8","attempt":1,"generation":0,"delivery_count":1,"target":"tachyon_serverless_application::services::invoke_async::dispatch"}
{"timestamp":"2026-09-18T04:27:24.490999Z","level":"INFO","message":"asynchronous invocation accepted","invocation_id":"inv_01m2sc9te73r9anpnznqtk5nzg","tenant_id":"tn_01hzzzzzzzzzzzzzzzzzzzzzza","revision_id":"rev_01m2sc9habgg875j654gg32mj5","input_bytes":4128,"input_storage":"object","target":"tachyon_serverless_application::services::invoke_async"}
{"timestamp":"2026-09-18T04:27:24.507323Z","level":"INFO","message":"asynchronous invocation accepted","invocation_id":"inv_01m2sc9tetmf4v4qjmt3k3fm17","tenant_id":"tn_01hzzzzzzzzzzzzzzzzzzzzzza","revision_id":"rev_01m2sc9mq35akna55rdne8jpxg","input_bytes":191,"input_storage":"inline","target":"tachyon_serverless_application::services::invoke_async"}
{"timestamp":"2026-09-18T04:27:24.507363Z","level":"INFO","message":"webhook trigger fired","trigger_id":"trg_01m2sc9s8d3q59t49vyjvf25gd","event_id":"evt-base-w1","invocation_id":"inv_01m2sc9tetmf4v4qjmt3k3fm17","revision_id":"rev_01m2sc9mq35akna55rdne8jpxg","replayed":false,"target":"tachyon_serverless_application::services::triggers"}
{"timestamp":"2026-09-18T04:27:25.185557Z","level":"INFO","message":"bridge spawned","environment_id":"env_01m2sc9sz62mh1nqkkqzng6qvk","pid":822079,"target":"tachyon_serverless_provider_process"}
{"timestamp":"2026-09-18T04:27:25.228494Z","level":"INFO","message":"invocation finished","invocation_id":"inv_01m2sc9sz28yb1kb5w2sskwcq2","status":"succeeded (async run)","handler_ms":4,"environment_boot_ms":2,"runtime_init_ms":16,"target":"tachyon_serverless_application::services::invoke"}
{"timestamp":"2026-09-18T04:27:25.231253Z","level":"INFO","message":"terminating bridge","environment_id":"env_01m2sc9sz62mh1nqkkqzng6qvk","pid":822079,"reason":"Completed","graceful":true,"target":"tachyon_serverless_provider_process"}
{"timestamp":"2026-09-18T04:27:25.236225Z","level":"INFO","message":"asynchronous invocation settled","invocation_id":"inv_01m2sc9sz28yb1kb5w2sskwcq2","status":"succeeded","target":"tachyon_serverless_application::services::invoke_async::dispatch"}
{"timestamp":"2026-09-18T04:27:25.236952Z","level":"INFO","message":"async dispatch: delivery handled","message_id":"inv_01m2sc9sz28yb1kb5w2sskwcq2","sequence":1,"delivery_count":1,"outcome":"Completed { status: \"succeeded\" }","target":"tachyon_serverless_application::services::invoke_async::dispatch"}
{"timestamp":"2026-09-18T04:27:25.237909Z","level":"INFO","message":"asynchronous run claimed","invocation_id":"inv_01m2sc9te73r9anpnznqtk5nzg","attempt":1,"generation":0,"delivery_count":1,"target":"tachyon_serverless_application::services::invoke_async::dispatch"}
{"timestamp":"2026-09-18T04:27:25.692961Z","level":"INFO","message":"bridge spawned","environment_id":"env_01m2sc9tdk6sn4xda4xge53f7e","pid":822089,"target":"tachyon_serverless_provider_process"}
{"timestamp":"2026-09-18T04:27:25.713183Z","level":"INFO","message":"bridge spawned","environment_id":"env_01m2sc9tf45e24w4kd9bd8140q","pid":822099,"target":"tachyon_serverless_provider_process"}
{"timestamp":"2026-09-18T04:27:25.746124Z","level":"INFO","message":"invocation finished","invocation_id":"inv_01m2sc9tdee6e8tr88s296bpg8","status":"succeeded (async run)","handler_ms":8,"environment_boot_ms":2,"runtime_init_ms":15,"target":"tachyon_serverless_application::services::invoke"}
{"timestamp":"2026-09-18T04:27:25.747739Z","level":"INFO","message":"terminating bridge","environment_id":"env_01m2sc9tdk6sn4xda4xge53f7e","pid":822089,"reason":"Completed","graceful":true,"target":"tachyon_serverless_provider_process"}
{"timestamp":"2026-09-18T04:27:25.748512Z","level":"INFO","message":"invocation finished","invocation_id":"inv_01m2sc9tf4433rh1zjyrs1cv21","status":"succeeded","handler_ms":0,"environment_boot_ms":1,"runtime_init_ms":28,"target":"tachyon_serverless_application::services::invoke"}
{"timestamp":"2026-09-18T04:27:25.751290Z","level":"INFO","message":"asynchronous invocation settled","invocation_id":"inv_01m2sc9tdee6e8tr88s296bpg8","status":"succeeded","target":"tachyon_serverless_application::services::invoke_async::dispatch"}
{"timestamp":"2026-09-18T04:27:25.751424Z","level":"INFO","message":"terminating bridge","environment_id":"env_01m2sc9tf45e24w4kd9bd8140q","pid":822099,"reason":"Completed","graceful":true,"target":"tachyon_serverless_provider_process"}
{"timestamp":"2026-09-18T04:27:25.752019Z","level":"INFO","message":"async dispatch: delivery handled","message_id":"inv_01m2sc9tdee6e8tr88s296bpg8","sequence":2,"delivery_count":1,"outcome":"Completed { status: \"succeeded\" }","target":"tachyon_serverless_application::services::invoke_async::dispatch"}
{"timestamp":"2026-09-18T04:27:25.752789Z","level":"INFO","message":"asynchronous run claimed","invocation_id":"inv_01m2sc9tetmf4v4qjmt3k3fm17","attempt":1,"generation":0,"delivery_count":1,"target":"tachyon_serverless_application::services::invoke_async::dispatch"}
{"timestamp":"2026-09-18T04:27:25.778407Z","level":"INFO","message":"asynchronous invocation accepted","invocation_id":"inv_01m2sc9vphty28b7j133zps51v","tenant_id":"tn_01hzzzzzzzzzzzzzzzzzzzzzza","revision_id":"rev_01m2sc9habgg875j654gg32mj5","input_bytes":48,"input_storage":"inline","target":"tachyon_serverless_application::services::invoke_async"}
{"timestamp":"2026-09-18T04:27:25.803102Z","level":"INFO","message":"asynchronous invocation accepted","invocation_id":"inv_01m2sc9vq7e65d2tfktvpr7yx6","tenant_id":"tn_01hzzzzzzzzzzzzzzzzzzzzzza","revision_id":"rev_01m2sc9habgg875j654gg32mj5","input_bytes":4128,"input_storage":"object","target":"tachyon_serverless_application::services::invoke_async"}
{"timestamp":"2026-09-18T04:27:25.819294Z","level":"INFO","message":"asynchronous invocation accepted","invocation_id":"inv_01m2sc9vqt24xep5evmyeqxmva","tenant_id":"tn_01hzzzzzzzzzzzzzzzzzzzzzza","revision_id":"rev_01m2sc9mq35akna55rdne8jpxg","input_bytes":191,"input_storage":"inline","target":"tachyon_serverless_application::services::invoke_async"}
{"timestamp":"2026-09-18T04:27:25.819330Z","level":"INFO","message":"webhook trigger fired","trigger_id":"trg_01m2sc9s8d3q59t49vyjvf25gd","event_id":"evt-base-w2","invocation_id":"inv_01m2sc9vqt24xep5evmyeqxmva","revision_id":"rev_01m2sc9mq35akna55rdne8jpxg","replayed":false,"target":"tachyon_serverless_application::services::triggers"}
{"timestamp":"2026-09-18T04:27:26.003546Z","level":"INFO","message":"asynchronous invocation accepted","invocation_id":"inv_01m2sc9vxjsrgrx8wxav5skfv1","tenant_id":"tn_01hzzzzzzzzzzzzzzzzzzzzzza","revision_id":"rev_01m2sc9mq35akna55rdne8jpxg","input_bytes":180,"input_storage":"inline","target":"tachyon_serverless_application::services::invoke_async"}
{"timestamp":"2026-09-18T04:27:26.003591Z","level":"INFO","message":"cron trigger fired","trigger_id":"trg_01m2sc9s87nxxr9q8npk7z781p","scheduled_at":"2026-09-18T04:27:26Z","invocation_id":"inv_01m2sc9vxjsrgrx8wxav5skfv1","revision_id":"rev_01m2sc9mq35akna55rdne8jpxg","replayed":false,"target":"tachyon_serverless_application::services::triggers"}
{"timestamp":"2026-09-18T04:27:26.496853Z","level":"INFO","message":"bridge spawned","environment_id":"env_01m2sc9v5q05h4r65t4bp2d8xy","pid":822179,"target":"tachyon_serverless_provider_process"}
{"timestamp":"2026-09-18T04:27:26.549270Z","level":"INFO","message":"invocation finished","invocation_id":"inv_01m2sc9te73r9anpnznqtk5nzg","status":"succeeded (async run)","handler_ms":8,"environment_boot_ms":2,"runtime_init_ms":18,"target":"tachyon_serverless_application::services::invoke"}
{"timestamp":"2026-09-18T04:27:26.554543Z","level":"INFO","message":"terminating bridge","environment_id":"env_01m2sc9v5q05h4r65t4bp2d8xy","pid":822179,"reason":"Completed","graceful":true,"target":"tachyon_serverless_provider_process"}
{"timestamp":"2026-09-18T04:27:26.558935Z","level":"INFO","message":"asynchronous invocation settled","invocation_id":"inv_01m2sc9te73r9anpnznqtk5nzg","status":"succeeded","target":"tachyon_serverless_application::services::invoke_async::dispatch"}
{"timestamp":"2026-09-18T04:27:26.560618Z","level":"INFO","message":"async dispatch: delivery handled","message_id":"inv_01m2sc9te73r9anpnznqtk5nzg","sequence":3,"delivery_count":1,"outcome":"Completed { status: \"succeeded\" }","target":"tachyon_serverless_application::services::invoke_async::dispatch"}
{"timestamp":"2026-09-18T04:27:26.561350Z","level":"INFO","message":"asynchronous run claimed","invocation_id":"inv_01m2sc9vphty28b7j133zps51v","attempt":1,"generation":0,"delivery_count":1,"target":"tachyon_serverless_application::services::invoke_async::dispatch"}
{"timestamp":"2026-09-18T04:27:26.948430Z","level":"INFO","message":"bridge spawned","environment_id":"env_01m2sc9vnrca69mc84n7vqrf77","pid":822189,"target":"tachyon_serverless_provider_process"}
{"timestamp":"2026-09-18T04:27:26.971910Z","level":"INFO","message":"invocation finished","invocation_id":"inv_01m2sc9tetmf4v4qjmt3k3fm17","status":"succeeded (async run)","handler_ms":1,"environment_boot_ms":2,"runtime_init_ms":4,"target":"tachyon_serverless_application::services::invoke"}
{"timestamp":"2026-09-18T04:27:26.973914Z","level":"INFO","message":"terminating bridge","environment_id":"env_01m2sc9vnrca69mc84n7vqrf77","pid":822189,"reason":"Completed","graceful":true,"target":"tachyon_serverless_provider_process"}
{"timestamp":"2026-09-18T04:27:26.979573Z","level":"INFO","message":"asynchronous invocation settled","invocation_id":"inv_01m2sc9tetmf4v4qjmt3k3fm17","status":"succeeded","target":"tachyon_serverless_application::services::invoke_async::dispatch"}
{"timestamp":"2026-09-18T04:27:26.980571Z","level":"INFO","message":"async dispatch: delivery handled","message_id":"inv_01m2sc9tetmf4v4qjmt3k3fm17","sequence":4,"delivery_count":1,"outcome":"Completed { status: \"succeeded\" }","target":"tachyon_serverless_application::services::invoke_async::dispatch"}
{"timestamp":"2026-09-18T04:27:26.981214Z","level":"INFO","message":"asynchronous run claimed","invocation_id":"inv_01m2sc9vq7e65d2tfktvpr7yx6","attempt":1,"generation":0,"delivery_count":1,"target":"tachyon_serverless_application::services::invoke_async::dispatch"}
{"timestamp":"2026-09-18T04:27:27.023680Z","level":"INFO","message":"bridge spawned","environment_id":"env_01m2sc9vr4agtahj6wnjzmzqc7","pid":822199,"target":"tachyon_serverless_provider_process"}
{"timestamp":"2026-09-18T04:27:27.071382Z","level":"INFO","message":"invocation finished","invocation_id":"inv_01m2sc9vr3gft8y5mc8dmdjf36","status":"succeeded","handler_ms":10,"environment_boot_ms":1,"runtime_init_ms":16,"target":"tachyon_serverless_application::services::invoke"}
{"timestamp":"2026-09-18T04:27:27.073319Z","level":"INFO","message":"terminating bridge","environment_id":"env_01m2sc9vr4agtahj6wnjzmzqc7","pid":822199,"reason":"Completed","graceful":true,"target":"tachyon_serverless_provider_process"}
{"timestamp":"2026-09-18T04:27:27.099204Z","level":"INFO","message":"asynchronous invocation accepted","invocation_id":"inv_01m2sc9wzttpycfz27q6864e0y","tenant_id":"tn_01hzzzzzzzzzzzzzzzzzzzzzza","revision_id":"rev_01m2sc9habgg875j654gg32mj5","input_bytes":48,"input_storage":"inline","target":"tachyon_serverless_application::services::invoke_async"}
{"timestamp":"2026-09-18T04:27:27.122918Z","level":"INFO","message":"asynchronous invocation accepted","invocation_id":"inv_01m2sc9x0frnmpzk0p7akcedw8","tenant_id":"tn_01hzzzzzzzzzzzzzzzzzzzzzza","revision_id":"rev_01m2sc9habgg875j654gg32mj5","input_bytes":4128,"input_storage":"object","target":"tachyon_serverless_application::services::invoke_async"}
{"timestamp":"2026-09-18T04:27:27.138824Z","level":"INFO","message":"asynchronous invocation accepted","invocation_id":"inv_01m2sc9x11z5r5akn2xq9d0q2s","tenant_id":"tn_01hzzzzzzzzzzzzzzzzzzzzzza","revision_id":"rev_01m2sc9mq35akna55rdne8jpxg","input_bytes":191,"input_storage":"inline","target":"tachyon_serverless_application::services::invoke_async"}
{"timestamp":"2026-09-18T04:27:27.138857Z","level":"INFO","message":"webhook trigger fired","trigger_id":"trg_01m2sc9s8d3q59t49vyjvf25gd","event_id":"evt-base-w3","invocation_id":"inv_01m2sc9x11z5r5akn2xq9d0q2s","revision_id":"rev_01m2sc9mq35akna55rdne8jpxg","replayed":false,"target":"tachyon_serverless_application::services::triggers"}
{"timestamp":"2026-09-18T04:27:27.779549Z","level":"INFO","message":"bridge spawned","environment_id":"env_01m2sc9wf16p77bmakf7y255xw","pid":822276,"target":"tachyon_serverless_provider_process"}
{"timestamp":"2026-09-18T04:27:27.819431Z","level":"INFO","message":"invocation finished","invocation_id":"inv_01m2sc9vphty28b7j133zps51v","status":"succeeded (async run)","handler_ms":8,"environment_boot_ms":1,"runtime_init_ms":12,"target":"tachyon_serverless_application::services::invoke"}
{"timestamp":"2026-09-18T04:27:27.825378Z","level":"INFO","message":"terminating bridge","environment_id":"env_01m2sc9wf16p77bmakf7y255xw","pid":822276,"reason":"Completed","graceful":true,"target":"tachyon_serverless_provider_process"}
{"timestamp":"2026-09-18T04:27:27.828487Z","level":"INFO","message":"asynchronous invocation settled","invocation_id":"inv_01m2sc9vphty28b7j133zps51v","status":"succeeded","target":"tachyon_serverless_application::services::invoke_async::dispatch"}
{"timestamp":"2026-09-18T04:27:27.829059Z","level":"INFO","message":"async dispatch: delivery handled","message_id":"inv_01m2sc9vphty28b7j133zps51v","sequence":5,"delivery_count":1,"outcome":"Completed { status: \"succeeded\" }","target":"tachyon_serverless_application::services::invoke_async::dispatch"}
{"timestamp":"2026-09-18T04:27:27.829801Z","level":"INFO","message":"asynchronous run claimed","invocation_id":"inv_01m2sc9vqt24xep5evmyeqxmva","attempt":1,"generation":0,"delivery_count":1,"target":"tachyon_serverless_application::services::invoke_async::dispatch"}
{"timestamp":"2026-09-18T04:27:28.002601Z","level":"INFO","message":"asynchronous invocation accepted","invocation_id":"inv_01m2sc9xw1y1as2egv1p8zbj9k","tenant_id":"tn_01hzzzzzzzzzzzzzzzzzzzzzza","revision_id":"rev_01m2sc9mq35akna55rdne8jpxg","input_bytes":180,"input_storage":"inline","target":"tachyon_serverless_application::services::invoke_async"}
{"timestamp":"2026-09-18T04:27:28.002636Z","level":"INFO","message":"cron trigger fired","trigger_id":"trg_01m2sc9s87nxxr9q8npk7z781p","scheduled_at":"2026-09-18T04:27:28Z","invocation_id":"inv_01m2sc9xw1y1as2egv1p8zbj9k","revision_id":"rev_01m2sc9mq35akna55rdne8jpxg","replayed":false,"target":"tachyon_serverless_application::services::triggers"}
{"timestamp":"2026-09-18T04:27:28.193898Z","level":"INFO","message":"bridge spawned","environment_id":"env_01m2sc9ww6td7wmf00d4yjqdmw","pid":822286,"target":"tachyon_serverless_provider_process"}
{"timestamp":"2026-09-18T04:27:28.227625Z","level":"INFO","message":"invocation finished","invocation_id":"inv_01m2sc9vq7e65d2tfktvpr7yx6","status":"succeeded (async run)","handler_ms":1,"environment_boot_ms":1,"runtime_init_ms":12,"target":"tachyon_serverless_application::services::invoke"}
{"timestamp":"2026-09-18T04:27:28.229850Z","level":"INFO","message":"terminating bridge","environment_id":"env_01m2sc9ww6td7wmf00d4yjqdmw","pid":822286,"reason":"Completed","graceful":true,"target":"tachyon_serverless_provider_process"}
{"timestamp":"2026-09-18T04:27:28.232745Z","level":"INFO","message":"asynchronous invocation settled","invocation_id":"inv_01m2sc9vq7e65d2tfktvpr7yx6","status":"succeeded","target":"tachyon_serverless_application::services::invoke_async::dispatch"}
{"timestamp":"2026-09-18T04:27:28.233333Z","level":"INFO","message":"async dispatch: delivery handled","message_id":"inv_01m2sc9vq7e65d2tfktvpr7yx6","sequence":6,"delivery_count":1,"outcome":"Completed { status: \"succeeded\" }","target":"tachyon_serverless_application::services::invoke_async::dispatch"}
{"timestamp":"2026-09-18T04:27:28.234177Z","level":"INFO","message":"asynchronous run claimed","invocation_id":"inv_01m2sc9vxjsrgrx8wxav5skfv1","attempt":1,"generation":0,"delivery_count":1,"target":"tachyon_serverless_application::services::invoke_async::dispatch"}
{"timestamp":"2026-09-18T04:27:29.022803Z","level":"INFO","message":"bridge spawned","environment_id":"env_01m2sc9xpp5vx9sameej9hab7y","pid":822296,"target":"tachyon_serverless_provider_process"}
{"timestamp":"2026-09-18T04:27:29.047191Z","level":"INFO","message":"invocation finished","invocation_id":"inv_01m2sc9vqt24xep5evmyeqxmva","status":"succeeded (async run)","handler_ms":4,"environment_boot_ms":3,"runtime_init_ms":5,"target":"tachyon_serverless_application::services::invoke"}
{"timestamp":"2026-09-18T04:27:29.049044Z","level":"INFO","message":"terminating bridge","environment_id":"env_01m2sc9xpp5vx9sameej9hab7y","pid":822296,"reason":"Completed","graceful":true,"target":"tachyon_serverless_provider_process"}
{"timestamp":"2026-09-18T04:27:29.051866Z","level":"INFO","message":"asynchronous invocation settled","invocation_id":"inv_01m2sc9vqt24xep5evmyeqxmva","status":"succeeded","target":"tachyon_serverless_application::services::invoke_async::dispatch"}
{"timestamp":"2026-09-18T04:27:29.052453Z","level":"INFO","message":"async dispatch: delivery handled","message_id":"inv_01m2sc9vqt24xep5evmyeqxmva","sequence":7,"delivery_count":1,"outcome":"Completed { status: \"succeeded\" }","target":"tachyon_serverless_application::services::invoke_async::dispatch"}
{"timestamp":"2026-09-18T04:27:29.053152Z","level":"INFO","message":"asynchronous run claimed","invocation_id":"inv_01m2sc9wzttpycfz27q6864e0y","attempt":1,"generation":0,"delivery_count":1,"target":"tachyon_serverless_application::services::invoke_async::dispatch"}
{"timestamp":"2026-09-18T04:27:29.408275Z","level":"INFO","message":"bridge spawned","environment_id":"env_01m2sc9y3ap5mbtqkwgerwe3j8","pid":822306,"target":"tachyon_serverless_provider_process"}
{"timestamp":"2026-09-18T04:27:29.456274Z","level":"INFO","message":"invocation finished","invocation_id":"inv_01m2sc9vxjsrgrx8wxav5skfv1","status":"succeeded (async run)","handler_ms":11,"environment_boot_ms":1,"runtime_init_ms":12,"target":"tachyon_serverless_application::services::invoke"}
{"timestamp":"2026-09-18T04:27:29.458074Z","level":"INFO","message":"terminating bridge","environment_id":"env_01m2sc9y3ap5mbtqkwgerwe3j8","pid":822306,"reason":"Completed","graceful":true,"target":"tachyon_serverless_provider_process"}
{"timestamp":"2026-09-18T04:27:29.461218Z","level":"INFO","message":"asynchronous invocation settled","invocation_id":"inv_01m2sc9vxjsrgrx8wxav5skfv1","status":"succeeded","target":"tachyon_serverless_application::services::invoke_async::dispatch"}
{"timestamp":"2026-09-18T04:27:29.461859Z","level":"INFO","message":"async dispatch: delivery handled","message_id":"inv_01m2sc9vxjsrgrx8wxav5skfv1","sequence":8,"delivery_count":1,"outcome":"Completed { status: \"succeeded\" }","target":"tachyon_serverless_application::services::invoke_async::dispatch"}
{"timestamp":"2026-09-18T04:27:29.462620Z","level":"INFO","message":"asynchronous run claimed","invocation_id":"inv_01m2sc9x0frnmpzk0p7akcedw8","attempt":1,"generation":0,"delivery_count":1,"target":"tachyon_serverless_application::services::invoke_async::dispatch"}
{"timestamp":"2026-09-18T04:27:30.003919Z","level":"INFO","message":"asynchronous invocation accepted","invocation_id":"inv_01m2sc9ztjfgms3v0g8gx4t95p","tenant_id":"tn_01hzzzzzzzzzzzzzzzzzzzzzza","revision_id":"rev_01m2sc9mq35akna55rdne8jpxg","input_bytes":180,"input_storage":"inline","target":"tachyon_serverless_application::services::invoke_async"}
{"timestamp":"2026-09-18T04:27:30.003968Z","level":"INFO","message":"cron trigger fired","trigger_id":"trg_01m2sc9s87nxxr9q8npk7z781p","scheduled_at":"2026-09-18T04:27:30Z","invocation_id":"inv_01m2sc9ztjfgms3v0g8gx4t95p","revision_id":"rev_01m2sc9mq35akna55rdne8jpxg","replayed":false,"target":"tachyon_serverless_application::services::triggers"}
{"timestamp":"2026-09-18T04:27:30.151994Z","level":"INFO","message":"trigger updated","trigger_id":"trg_01m2sc9s87nxxr9q8npk7z781p","generation":2,"status":"disabled","next_fire_at":"None","rotated_secret":false,"target":"tachyon_serverless_application::services::triggers"}
{"timestamp":"2026-09-18T04:27:30.257642Z","level":"INFO","message":"bridge spawned","environment_id":"env_01m2sc9ywx51g419hkp8ky2994","pid":822361,"target":"tachyon_serverless_provider_process"}
{"timestamp":"2026-09-18T04:27:30.279061Z","level":"INFO","message":"invocation finished","invocation_id":"inv_01m2sc9wzttpycfz27q6864e0y","status":"succeeded (async run)","handler_ms":4,"environment_boot_ms":1,"runtime_init_ms":4,"target":"tachyon_serverless_application::services::invoke"}
{"timestamp":"2026-09-18T04:27:30.280944Z","level":"INFO","message":"terminating bridge","environment_id":"env_01m2sc9ywx51g419hkp8ky2994","pid":822361,"reason":"Completed","graceful":true,"target":"tachyon_serverless_provider_process"}
{"timestamp":"2026-09-18T04:27:30.284056Z","level":"INFO","message":"asynchronous invocation settled","invocation_id":"inv_01m2sc9wzttpycfz27q6864e0y","status":"succeeded","target":"tachyon_serverless_application::services::invoke_async::dispatch"}
{"timestamp":"2026-09-18T04:27:30.284726Z","level":"INFO","message":"async dispatch: delivery handled","message_id":"inv_01m2sc9wzttpycfz27q6864e0y","sequence":9,"delivery_count":1,"outcome":"Completed { status: \"succeeded\" }","target":"tachyon_serverless_application::services::invoke_async::dispatch"}
{"timestamp":"2026-09-18T04:27:30.285416Z","level":"INFO","message":"asynchronous run claimed","invocation_id":"inv_01m2sc9x11z5r5akn2xq9d0q2s","attempt":1,"generation":0,"delivery_count":1,"target":"tachyon_serverless_application::services::invoke_async::dispatch"}
{"timestamp":"2026-09-18T04:27:30.618917Z","level":"INFO","message":"object retention pass","report":"GcReport { examined: 1, collected_expired: 0, collected_orphans: 0, kept_in_use: 0, kept_referenced: 1, incomplete_removed: 0, tombstones_purged: 0, failed: 0 }","target":"tachyon_serverless_gateway"}
{"timestamp":"2026-09-18T04:27:30.666283Z","level":"INFO","message":"bridge spawned","environment_id":"env_01m2sc9z9qpg55k40rr2m1hcsm","pid":822371,"target":"tachyon_serverless_provider_process"}
{"timestamp":"2026-09-18T04:27:30.707211Z","level":"INFO","message":"invocation finished","invocation_id":"inv_01m2sc9x0frnmpzk0p7akcedw8","status":"succeeded (async run)","handler_ms":10,"environment_boot_ms":1,"runtime_init_ms":12,"target":"tachyon_serverless_application::services::invoke"}
{"timestamp":"2026-09-18T04:27:30.712899Z","level":"INFO","message":"terminating bridge","environment_id":"env_01m2sc9z9qpg55k40rr2m1hcsm","pid":822371,"reason":"Completed","graceful":true,"target":"tachyon_serverless_provider_process"}
{"timestamp":"2026-09-18T04:27:30.719452Z","level":"INFO","message":"asynchronous invocation settled","invocation_id":"inv_01m2sc9x0frnmpzk0p7akcedw8","status":"succeeded","target":"tachyon_serverless_application::services::invoke_async::dispatch"}
{"timestamp":"2026-09-18T04:27:30.720831Z","level":"INFO","message":"async dispatch: delivery handled","message_id":"inv_01m2sc9x0frnmpzk0p7akcedw8","sequence":10,"delivery_count":1,"outcome":"Completed { status: \"succeeded\" }","target":"tachyon_serverless_application::services::invoke_async::dispatch"}
{"timestamp":"2026-09-18T04:27:30.721652Z","level":"INFO","message":"asynchronous run claimed","invocation_id":"inv_01m2sc9xw1y1as2egv1p8zbj9k","attempt":1,"generation":0,"delivery_count":1,"target":"tachyon_serverless_application::services::invoke_async::dispatch"}
{"timestamp":"2026-09-18T04:27:31.462755Z","level":"INFO","message":"bridge spawned","environment_id":"env_01m2sca03dggctbw2fmfwctvfc","pid":822424,"target":"tachyon_serverless_provider_process"}
{"timestamp":"2026-09-18T04:27:31.497064Z","level":"INFO","message":"invocation finished","invocation_id":"inv_01m2sc9x11z5r5akn2xq9d0q2s","status":"succeeded (async run)","handler_ms":4,"environment_boot_ms":1,"runtime_init_ms":11,"target":"tachyon_serverless_application::services::invoke"}
{"timestamp":"2026-09-18T04:27:31.503066Z","level":"INFO","message":"terminating bridge","environment_id":"env_01m2sca03dggctbw2fmfwctvfc","pid":822424,"reason":"Completed","graceful":true,"target":"tachyon_serverless_provider_process"}
{"timestamp":"2026-09-18T04:27:31.506555Z","level":"INFO","message":"asynchronous invocation settled","invocation_id":"inv_01m2sc9x11z5r5akn2xq9d0q2s","status":"succeeded","target":"tachyon_serverless_application::services::invoke_async::dispatch"}
{"timestamp":"2026-09-18T04:27:31.507270Z","level":"INFO","message":"async dispatch: delivery handled","message_id":"inv_01m2sc9x11z5r5akn2xq9d0q2s","sequence":11,"delivery_count":1,"outcome":"Completed { status: \"succeeded\" }","target":"tachyon_serverless_application::services::invoke_async::dispatch"}
{"timestamp":"2026-09-18T04:27:31.507965Z","level":"INFO","message":"asynchronous run claimed","invocation_id":"inv_01m2sc9ztjfgms3v0g8gx4t95p","attempt":1,"generation":0,"delivery_count":1,"target":"tachyon_serverless_application::services::invoke_async::dispatch"}
{"timestamp":"2026-09-18T04:27:31.899739Z","level":"INFO","message":"bridge spawned","environment_id":"env_01m2sca0h16pxtwd5c3ft5vvzf","pid":822532,"target":"tachyon_serverless_provider_process"}
{"timestamp":"2026-09-18T04:27:31.937863Z","level":"INFO","message":"invocation finished","invocation_id":"inv_01m2sc9xw1y1as2egv1p8zbj9k","status":"succeeded (async run)","handler_ms":4,"environment_boot_ms":1,"runtime_init_ms":15,"target":"tachyon_serverless_application::services::invoke"}
{"timestamp":"2026-09-18T04:27:31.943107Z","level":"INFO","message":"terminating bridge","environment_id":"env_01m2sca0h16pxtwd5c3ft5vvzf","pid":822532,"reason":"Completed","graceful":true,"target":"tachyon_serverless_provider_process"}
{"timestamp":"2026-09-18T04:27:31.946254Z","level":"INFO","message":"asynchronous invocation settled","invocation_id":"inv_01m2sc9xw1y1as2egv1p8zbj9k","status":"succeeded","target":"tachyon_serverless_application::services::invoke_async::dispatch"}
{"timestamp":"2026-09-18T04:27:31.946905Z","level":"INFO","message":"async dispatch: delivery handled","message_id":"inv_01m2sc9xw1y1as2egv1p8zbj9k","sequence":12,"delivery_count":1,"outcome":"Completed { status: \"succeeded\" }","target":"tachyon_serverless_application::services::invoke_async::dispatch"}
{"timestamp":"2026-09-18T04:27:32.618293Z","level":"INFO","message":"object retention pass","report":"GcReport { examined: 2, collected_expired: 0, collected_orphans: 0, kept_in_use: 0, kept_referenced: 2, incomplete_removed: 0, tombstones_purged: 0, failed: 0 }","target":"tachyon_serverless_gateway"}
{"timestamp":"2026-09-18T04:27:32.690096Z","level":"INFO","message":"bridge spawned","environment_id":"env_01m2sca19mffpez6mmvqykcnxa","pid":822565,"target":"tachyon_serverless_provider_process"}
{"timestamp":"2026-09-18T04:27:32.726184Z","level":"INFO","message":"invocation finished","invocation_id":"inv_01m2sc9ztjfgms3v0g8gx4t95p","status":"succeeded (async run)","handler_ms":4,"environment_boot_ms":1,"runtime_init_ms":13,"target":"tachyon_serverless_application::services::invoke"}
{"timestamp":"2026-09-18T04:27:32.732898Z","level":"INFO","message":"terminating bridge","environment_id":"env_01m2sca19mffpez6mmvqykcnxa","pid":822565,"reason":"Completed","graceful":true,"target":"tachyon_serverless_provider_process"}
{"timestamp":"2026-09-18T04:27:32.738387Z","level":"INFO","message":"asynchronous invocation settled","invocation_id":"inv_01m2sc9ztjfgms3v0g8gx4t95p","status":"succeeded","target":"tachyon_serverless_application::services::invoke_async::dispatch"}
{"timestamp":"2026-09-18T04:27:32.740441Z","level":"INFO","message":"async dispatch: delivery handled","message_id":"inv_01m2sc9ztjfgms3v0g8gx4t95p","sequence":13,"delivery_count":1,"outcome":"Completed { status: \"succeeded\" }","target":"tachyon_serverless_application::services::invoke_async::dispatch"}
{"timestamp":"2026-09-18T04:27:33.163016Z","level":"INFO","message":"SIGTERM received","target":"tachyon_serverless_gateway"}
{"timestamp":"2026-09-18T04:27:33.163044Z","level":"INFO","message":"shutdown requested; cancelling in-flight invocations","target":"tachyon_serverless_gateway"}
{"timestamp":"2026-09-18T04:27:33.163322Z","level":"INFO","message":"final usage collection","report":"CollectReport { batches: 0, read: 0, inserted: 0, duplicates: 0, cursor_seq: 80 }","target":"tachyon_serverless_gateway"}
{"timestamp":"2026-09-18T04:27:33.165227Z","level":"INFO","message":"gateway stopped","target":"tachyon_serverless_gateway"}
{"timestamp":"2026-09-18T04:27:33.165340Z","level":"INFO","message":"event: closed","target":"async_nats"}
