
===== a start (failpoints: none) 03:58:29 =====
{"timestamp":"2026-09-18T03:58:29.664028Z","level":"INFO","message":"configuration loaded","config":"/home/takanorifukuyama.guest/w/tsls-chaos.vUKxkD/gw-a.toml","target":"tachyon_serverless_gateway"}
{"timestamp":"2026-09-18T03:58:29.666170Z","level":"INFO","message":"connected successfully","server":"41639","max_payload":"1048576","target":"async_nats::connector"}
{"timestamp":"2026-09-18T03:58:29.666265Z","level":"INFO","message":"event: connected","target":"async_nats"}
{"timestamp":"2026-09-18T03:58:29.771398Z","level":"INFO","message":"JetStream queue connected and stream bootstrapped","url":"nats://127.0.0.1:41639","stream":"TACHYON_EVENTS","target":"tachyon_serverless_gateway::durable"}
{"timestamp":"2026-09-18T03:58:29.964298Z","level":"INFO","message":"state store opened","path":"/home/takanorifukuyama.guest/w/tsls-chaos.vUKxkD/data/state.db","schema_version":8,"migrations_applied":"[1, 2, 3, 4, 5, 6, 7, 8]","imported_state_json":"None","settled_invocations":0,"settled_attempts":0,"settled_environments":0,"released_leases":0,"dropped_idempotency_keys":0,"purged_idempotency_keys":0,"outputs_purged":0,"target":"tachyon_serverless_application::app"}
{"timestamp":"2026-09-18T03:58:30.095359Z","level":"INFO","message":"log store opened","path":"/home/takanorifukuyama.guest/w/tsls-chaos.vUKxkD/data/logs/logs.db","healthy":true,"retention_seconds":604800,"max_total_bytes":1073741824,"target":"tachyon_serverless_application::app"}
{"timestamp":"2026-09-18T03:58:30.096759Z","level":"INFO","message":"dispatcher registered","dispatcher_id":"dsp_01m2samwpff4jgqnh2x4zdse8m","instance":"chaos-a","pid":772624,"lease_ttl_seconds":6,"target":"tachyon_serverless_application::services::dispatcher"}
{"timestamp":"2026-09-18T03:58:30.154126Z","level":"INFO","message":"application bootstrapped","profile":"dev","provider":"process","dev_only":true,"environment_reuse":false,"reuse_verified":false,"reuse_reason":"[pool] enabled is false","reuse_disabled":"Some(Configuration)","idle_quiesce":"unsupported","idle_resume":"unsupported","data_dir":"/home/takanorifukuyama.guest/w/tsls-chaos.vUKxkD/data","store":"sqlite","dispatcher_id":"dsp_01m2samwpff4jgqnh2x4zdse8m","node":"local","node_region":"none","node_memory_mib":"None","max_concurrency":8,"queue":"nats","objects":"filesystem","invoke_async":true,"triggers":true,"target":"tachyon_serverless_application::app"}
{"timestamp":"2026-09-18T03:58:30.154595Z","level":"INFO","message":"startup reconcile finished","provider":"process","found":0,"adopted":0,"terminated":0,"disowned":0,"failed":0,"lost":0,"foreign":0,"reclaimed_dispatchers":0,"fenced_terminated":0,"fenced_pending":0,"target":"tachyon_serverless_application::services::reconcile"}
{"timestamp":"2026-09-18T03:58:30.154766Z","level":"INFO","message":"gateway listening","addr":"127.0.0.1:57503","profile":"dev","provider":"process","target":"tachyon_serverless_gateway"}
{"timestamp":"2026-09-18T03:58:30.157286Z","level":"INFO","message":"asynchronous dispatcher started","workers":2,"owner":"dsp_01m2samwpff4jgqnh2x4zdse8m","target":"tachyon_serverless_gateway"}
{"timestamp":"2026-09-18T03:58:35.860289Z","level":"INFO","message":"revision ready","revision_id":"rev_01m2san0rwdw1383g606n44723","function_id":"fn_01m2samwtmaznk9t85k9kd8b8z","target":"tachyon_serverless_application::services::revision"}
{"timestamp":"2026-09-18T03:58:37.263399Z","level":"WARN","message":"state.db write transaction held the database write lock for long: every other writer, in this process and in any gateway sharing the file, waited","site":"crates/application/src/repository/sqlite/triggers.rs:522","held_ms":766,"threshold_ms":250,"target":"tachyon_serverless_application::repository::sqlite"}
{"timestamp":"2026-09-18T03:58:38.127385Z","level":"WARN","message":"state.db write transaction held the database write lock for long: every other writer, in this process and in any gateway sharing the file, waited","site":"crates/application/src/repository/sqlite/triggers.rs:522","held_ms":322,"threshold_ms":250,"target":"tachyon_serverless_application::repository::sqlite"}
{"timestamp":"2026-09-18T03:58:41.064763Z","level":"INFO","message":"revision ready","revision_id":"rev_01m2san5mdz5tmg2h47b1g39k0","function_id":"fn_01m2san2f3sjxdy54e5zdhzex2","target":"tachyon_serverless_application::services::revision"}
{"timestamp":"2026-09-18T03:58:41.646678Z","level":"WARN","message":"state.db write transaction held the database write lock for long: every other writer, in this process and in any gateway sharing the file, waited","site":"crates/application/src/repository/sqlite/mod.rs:1093","held_ms":487,"threshold_ms":250,"target":"tachyon_serverless_application::repository::sqlite"}
{"timestamp":"2026-09-18T03:58:47.176084Z","level":"INFO","message":"revision ready","revision_id":"rev_01m2sanbdc9gf7c8k7kq2yg3q4","function_id":"fn_01m2san7g7mjf96p53wjryhfvs","target":"tachyon_serverless_application::services::revision"}
{"timestamp":"2026-09-18T03:58:47.214412Z","level":"INFO","message":"trigger created","trigger_id":"trg_01m2sandd9yzby4bfr5h12y506","function_id":"fn_01m2san2f3sjxdy54e5zdhzex2","kind":"cron","enabled":true,"next_fire_at":"Some(2026-09-18T03:58:48Z)","target":"tachyon_serverless_application::services::triggers"}
{"timestamp":"2026-09-18T03:58:47.232670Z","level":"INFO","message":"trigger created","trigger_id":"trg_01m2sanddw7vecqjnk55ms14qk","function_id":"fn_01m2san2f3sjxdy54e5zdhzex2","kind":"webhook","enabled":true,"next_fire_at":"None","target":"tachyon_serverless_application::services::triggers"}
{"timestamp":"2026-09-18T03:58:48.028217Z","level":"INFO","message":"asynchronous invocation accepted","invocation_id":"inv_01m2sane6c9jprm34b9a9pcj87","tenant_id":"tn_01hzzzzzzzzzzzzzzzzzzzzzza","revision_id":"rev_01m2san5mdz5tmg2h47b1g39k0","input_bytes":180,"input_storage":"inline","target":"tachyon_serverless_application::services::invoke_async"}
{"timestamp":"2026-09-18T03:58:48.028291Z","level":"INFO","message":"cron trigger fired","trigger_id":"trg_01m2sandd9yzby4bfr5h12y506","scheduled_at":"2026-09-18T03:58:48Z","invocation_id":"inv_01m2sane6c9jprm34b9a9pcj87","revision_id":"rev_01m2san5mdz5tmg2h47b1g39k0","replayed":false,"target":"tachyon_serverless_application::services::triggers"}
{"timestamp":"2026-09-18T03:58:48.132207Z","level":"INFO","message":"asynchronous run claimed","invocation_id":"inv_01m2sane6c9jprm34b9a9pcj87","attempt":1,"generation":0,"delivery_count":1,"target":"tachyon_serverless_application::services::invoke_async::dispatch"}
{"timestamp":"2026-09-18T03:58:49.097321Z","level":"INFO","message":"bridge spawned","environment_id":"env_01m2sandf9dxk25dykwkq30rwj","pid":773466,"target":"tachyon_serverless_provider_process"}
{"timestamp":"2026-09-18T03:58:49.274580Z","level":"INFO","message":"invocation finished","invocation_id":"inv_01m2sandf0ck8txg8h3yc2rkat","status":"succeeded","handler_ms":4,"environment_boot_ms":1,"runtime_init_ms":112,"target":"tachyon_serverless_application::services::invoke"}
{"timestamp":"2026-09-18T03:58:49.286274Z","level":"INFO","message":"terminating bridge","environment_id":"env_01m2sandf9dxk25dykwkq30rwj","pid":773466,"reason":"Completed","graceful":true,"target":"tachyon_serverless_provider_process"}
{"timestamp":"2026-09-18T03:58:49.372365Z","level":"INFO","message":"asynchronous invocation accepted","invocation_id":"inv_01m2sanfgpm8hb3gsy36nrnmrz","tenant_id":"tn_01hzzzzzzzzzzzzzzzzzzzzzza","revision_id":"rev_01m2san0rwdw1383g606n44723","input_bytes":47,"input_storage":"inline","target":"tachyon_serverless_application::services::invoke_async"}
{"timestamp":"2026-09-18T03:58:49.384348Z","level":"INFO","message":"asynchronous run claimed","invocation_id":"inv_01m2sanfgpm8hb3gsy36nrnmrz","attempt":1,"generation":0,"delivery_count":1,"target":"tachyon_serverless_application::services::invoke_async::dispatch"}
{"timestamp":"2026-09-18T03:58:49.458437Z","level":"INFO","message":"asynchronous invocation accepted","invocation_id":"inv_01m2sanfjxnz4b2b06qgck17fq","tenant_id":"tn_01hzzzzzzzzzzzzzzzzzzzzzza","revision_id":"rev_01m2san0rwdw1383g606n44723","input_bytes":4127,"input_storage":"object","target":"tachyon_serverless_application::services::invoke_async"}
{"timestamp":"2026-09-18T03:58:49.509842Z","level":"INFO","message":"asynchronous invocation accepted","invocation_id":"inv_01m2sanfmz1q9cqv3byjmx4e4e","tenant_id":"tn_01hzzzzzzzzzzzzzzzzzzzzzza","revision_id":"rev_01m2san5mdz5tmg2h47b1g39k0","input_bytes":189,"input_storage":"inline","target":"tachyon_serverless_application::services::invoke_async"}
{"timestamp":"2026-09-18T03:58:49.509973Z","level":"INFO","message":"webhook trigger fired","trigger_id":"trg_01m2sanddw7vecqjnk55ms14qk","event_id":"evt-pre-w1","invocation_id":"inv_01m2sanfmz1q9cqv3byjmx4e4e","revision_id":"rev_01m2san5mdz5tmg2h47b1g39k0","replayed":false,"target":"tachyon_serverless_application::services::triggers"}
{"timestamp":"2026-09-18T03:58:50.016073Z","level":"INFO","message":"asynchronous invocation accepted","invocation_id":"inv_01m2sang4rmmqf04amtankps3f","tenant_id":"tn_01hzzzzzzzzzzzzzzzzzzzzzza","revision_id":"rev_01m2san5mdz5tmg2h47b1g39k0","input_bytes":180,"input_storage":"inline","target":"tachyon_serverless_application::services::invoke_async"}
{"timestamp":"2026-09-18T03:58:50.016188Z","level":"INFO","message":"cron trigger fired","trigger_id":"trg_01m2sandd9yzby4bfr5h12y506","scheduled_at":"2026-09-18T03:58:50Z","invocation_id":"inv_01m2sang4rmmqf04amtankps3f","revision_id":"rev_01m2san5mdz5tmg2h47b1g39k0","replayed":false,"target":"tachyon_serverless_application::services::triggers"}
{"timestamp":"2026-09-18T03:58:50.072470Z","level":"INFO","message":"bridge spawned","environment_id":"env_01m2sanea4pacy4tyavhaybmfn","pid":773547,"target":"tachyon_serverless_provider_process"}
{"timestamp":"2026-09-18T03:58:50.199491Z","level":"INFO","message":"invocation finished","invocation_id":"inv_01m2sane6c9jprm34b9a9pcj87","status":"succeeded (async run)","handler_ms":5,"environment_boot_ms":3,"runtime_init_ms":98,"target":"tachyon_serverless_application::services::invoke"}
{"timestamp":"2026-09-18T03:58:50.206515Z","level":"INFO","message":"terminating bridge","environment_id":"env_01m2sanea4pacy4tyavhaybmfn","pid":773547,"reason":"Completed","graceful":true,"target":"tachyon_serverless_provider_process"}
{"timestamp":"2026-09-18T03:58:50.233038Z","level":"INFO","message":"asynchronous invocation settled","invocation_id":"inv_01m2sane6c9jprm34b9a9pcj87","status":"succeeded","target":"tachyon_serverless_application::services::invoke_async::dispatch"}
{"timestamp":"2026-09-18T03:58:50.242065Z","level":"INFO","message":"async dispatch: delivery handled","message_id":"inv_01m2sane6c9jprm34b9a9pcj87","sequence":1,"delivery_count":1,"outcome":"Completed { status: \"succeeded\" }","target":"tachyon_serverless_application::services::invoke_async::dispatch"}
{"timestamp":"2026-09-18T03:58:50.252877Z","level":"INFO","message":"asynchronous run claimed","invocation_id":"inv_01m2sanfjxnz4b2b06qgck17fq","attempt":1,"generation":0,"delivery_count":1,"target":"tachyon_serverless_application::services::invoke_async::dispatch"}
{"timestamp":"2026-09-18T03:58:51.375729Z","level":"WARN","message":"state.db write transaction held the database write lock for long: every other writer, in this process and in any gateway sharing the file, waited","site":"crates/application/src/repository/sqlite/slot.rs:133","held_ms":319,"threshold_ms":250,"target":"tachyon_serverless_application::repository::sqlite"}
{"timestamp":"2026-09-18T03:58:51.841435Z","level":"INFO","message":"bridge spawned","environment_id":"env_01m2sanfhfq35d1penncxhac3e","pid":773557,"target":"tachyon_serverless_provider_process"}
{"timestamp":"2026-09-18T03:58:51.895465Z","level":"INFO","message":"bridge spawned","environment_id":"env_01m2sanfp3xvzt6c0hjf49med1","pid":773562,"target":"tachyon_serverless_provider_process"}
{"timestamp":"2026-09-18T03:58:52.334675Z","level":"INFO","message":"asynchronous invocation accepted","invocation_id":"inv_01m2sanj62msbze4c9kjb519ar","tenant_id":"tn_01hzzzzzzzzzzzzzzzzzzzzzza","revision_id":"rev_01m2san5mdz5tmg2h47b1g39k0","input_bytes":180,"input_storage":"inline","target":"tachyon_serverless_application::services::invoke_async"}
{"timestamp":"2026-09-18T03:58:52.334756Z","level":"INFO","message":"cron trigger fired","trigger_id":"trg_01m2sandd9yzby4bfr5h12y506","scheduled_at":"2026-09-18T03:58:52Z","invocation_id":"inv_01m2sanj62msbze4c9kjb519ar","revision_id":"rev_01m2san5mdz5tmg2h47b1g39k0","replayed":false,"target":"tachyon_serverless_application::services::triggers"}
{"timestamp":"2026-09-18T03:58:52.456119Z","level":"INFO","message":"bridge spawned","environment_id":"env_01m2sangcjhx2310n8z83dx4c3","pid":773577,"target":"tachyon_serverless_provider_process"}
{"timestamp":"2026-09-18T03:58:52.511096Z","level":"INFO","message":"invocation finished","invocation_id":"inv_01m2sanfnymjyfpkkkxy9y8xdm","status":"succeeded","handler_ms":72,"environment_boot_ms":4,"runtime_init_ms":362,"target":"tachyon_serverless_application::services::invoke"}
{"timestamp":"2026-09-18T03:58:52.583133Z","level":"INFO","message":"invocation finished","invocation_id":"inv_01m2sanfgpm8hb3gsy36nrnmrz","status":"succeeded (async run)","handler_ms":49,"environment_boot_ms":5,"runtime_init_ms":255,"target":"tachyon_serverless_application::services::invoke"}
{"timestamp":"2026-09-18T03:58:52.647505Z","level":"INFO","message":"terminating bridge","environment_id":"env_01m2sanfp3xvzt6c0hjf49med1","pid":773562,"reason":"Completed","graceful":true,"target":"tachyon_serverless_provider_process"}
{"timestamp":"2026-09-18T03:58:52.648444Z","level":"INFO","message":"terminating bridge","environment_id":"env_01m2sanfhfq35d1penncxhac3e","pid":773557,"reason":"Completed","graceful":true,"target":"tachyon_serverless_provider_process"}
{"timestamp":"2026-09-18T03:58:52.803664Z","level":"INFO","message":"invocation finished","invocation_id":"inv_01m2sanfjxnz4b2b06qgck17fq","status":"succeeded (async run)","handler_ms":3,"environment_boot_ms":31,"runtime_init_ms":240,"target":"tachyon_serverless_application::services::invoke"}
{"timestamp":"2026-09-18T03:58:52.807538Z","level":"INFO","message":"asynchronous invocation settled","invocation_id":"inv_01m2sanfgpm8hb3gsy36nrnmrz","status":"succeeded","target":"tachyon_serverless_application::services::invoke_async::dispatch"}
{"timestamp":"2026-09-18T03:58:52.810059Z","level":"INFO","message":"terminating bridge","environment_id":"env_01m2sangcjhx2310n8z83dx4c3","pid":773577,"reason":"Completed","graceful":true,"target":"tachyon_serverless_provider_process"}
{"timestamp":"2026-09-18T03:58:52.811109Z","level":"INFO","message":"async dispatch: delivery handled","message_id":"inv_01m2sanfgpm8hb3gsy36nrnmrz","sequence":2,"delivery_count":1,"outcome":"Completed { status: \"succeeded\" }","target":"tachyon_serverless_application::services::invoke_async::dispatch"}
{"timestamp":"2026-09-18T03:58:52.816615Z","level":"INFO","message":"asynchronous run claimed","invocation_id":"inv_01m2sanfmz1q9cqv3byjmx4e4e","attempt":1,"generation":0,"delivery_count":1,"target":"tachyon_serverless_application::services::invoke_async::dispatch"}
{"timestamp":"2026-09-18T03:58:52.842296Z","level":"INFO","message":"asynchronous invocation settled","invocation_id":"inv_01m2sanfjxnz4b2b06qgck17fq","status":"succeeded","target":"tachyon_serverless_application::services::invoke_async::dispatch"}
{"timestamp":"2026-09-18T03:58:52.844293Z","level":"INFO","message":"async dispatch: delivery handled","message_id":"inv_01m2sanfjxnz4b2b06qgck17fq","sequence":3,"delivery_count":1,"outcome":"Completed { status: \"succeeded\" }","target":"tachyon_serverless_application::services::invoke_async::dispatch"}
{"timestamp":"2026-09-18T03:58:52.850378Z","level":"INFO","message":"asynchronous run claimed","invocation_id":"inv_01m2sang4rmmqf04amtankps3f","attempt":1,"generation":0,"delivery_count":1,"target":"tachyon_serverless_application::services::invoke_async::dispatch"}
{"timestamp":"2026-09-18T03:58:52.859359Z","level":"INFO","message":"asynchronous invocation accepted","invocation_id":"inv_01m2sanjxq0vyw4m28f58cj9tt","tenant_id":"tn_01hzzzzzzzzzzzzzzzzzzzzzza","revision_id":"rev_01m2san0rwdw1383g606n44723","input_bytes":47,"input_storage":"inline","target":"tachyon_serverless_application::services::invoke_async"}
{"timestamp":"2026-09-18T03:58:52.915420Z","level":"INFO","message":"asynchronous invocation accepted","invocation_id":"inv_01m2sanjza27bxtdestqwkdwqf","tenant_id":"tn_01hzzzzzzzzzzzzzzzzzzzzzza","revision_id":"rev_01m2san0rwdw1383g606n44723","input_bytes":4127,"input_storage":"object","target":"tachyon_serverless_application::services::invoke_async"}
{"timestamp":"2026-09-18T03:58:52.958742Z","level":"INFO","message":"asynchronous invocation accepted","invocation_id":"inv_01m2sank0prd0a9hnn7qqcg5t3","tenant_id":"tn_01hzzzzzzzzzzzzzzzzzzzzzza","revision_id":"rev_01m2san5mdz5tmg2h47b1g39k0","input_bytes":189,"input_storage":"inline","target":"tachyon_serverless_application::services::invoke_async"}
{"timestamp":"2026-09-18T03:58:52.958805Z","level":"INFO","message":"webhook trigger fired","trigger_id":"trg_01m2sanddw7vecqjnk55ms14qk","event_id":"evt-pre-w2","invocation_id":"inv_01m2sank0prd0a9hnn7qqcg5t3","revision_id":"rev_01m2san5mdz5tmg2h47b1g39k0","replayed":false,"target":"tachyon_serverless_application::services::triggers"}
{"timestamp":"2026-09-18T03:58:52.986305Z","level":"INFO","message":"trigger updated","trigger_id":"trg_01m2sandd9yzby4bfr5h12y506","generation":2,"status":"disabled","next_fire_at":"None","rotated_secret":false,"target":"tachyon_serverless_application::services::triggers"}
{"timestamp":"2026-09-18T03:58:53.956536Z","level":"WARN","message":"state.db write transaction held the database write lock for long: every other writer, in this process and in any gateway sharing the file, waited","site":"crates/application/src/repository/sqlite/triggers.rs:522","held_ms":340,"threshold_ms":250,"target":"tachyon_serverless_application::repository::sqlite"}
{"timestamp":"2026-09-18T03:58:54.704313Z","level":"INFO","message":"bridge spawned","environment_id":"env_01m2sanjwjrdehzk4r6q4ba92t","pid":773670,"target":"tachyon_serverless_provider_process"}
{"timestamp":"2026-09-18T03:58:54.712805Z","level":"INFO","message":"bridge spawned","environment_id":"env_01m2sanjxj7vc7h4e0hw83yq9c","pid":773675,"target":"tachyon_serverless_provider_process"}
{"timestamp":"2026-09-18T03:58:55.350315Z","level":"INFO","message":"invocation finished","invocation_id":"inv_01m2sanfmz1q9cqv3byjmx4e4e","status":"succeeded (async run)","handler_ms":131,"environment_boot_ms":2,"runtime_init_ms":139,"target":"tachyon_serverless_application::services::invoke"}
{"timestamp":"2026-09-18T03:58:55.390371Z","level":"INFO","message":"invocation finished","invocation_id":"inv_01m2sang4rmmqf04amtankps3f","status":"succeeded (async run)","handler_ms":147,"environment_boot_ms":1,"runtime_init_ms":179,"target":"tachyon_serverless_application::services::invoke"}
{"timestamp":"2026-09-18T03:58:55.417412Z","level":"INFO","message":"terminating bridge","environment_id":"env_01m2sanjwjrdehzk4r6q4ba92t","pid":773670,"reason":"Completed","graceful":true,"target":"tachyon_serverless_provider_process"}
{"timestamp":"2026-09-18T03:58:55.512422Z","level":"INFO","message":"terminating bridge","environment_id":"env_01m2sanjxj7vc7h4e0hw83yq9c","pid":773675,"reason":"Completed","graceful":true,"target":"tachyon_serverless_provider_process"}
{"timestamp":"2026-09-18T03:58:55.685673Z","level":"INFO","message":"asynchronous invocation settled","invocation_id":"inv_01m2sanfmz1q9cqv3byjmx4e4e","status":"succeeded","target":"tachyon_serverless_application::services::invoke_async::dispatch"}
{"timestamp":"2026-09-18T03:58:55.688893Z","level":"INFO","message":"async dispatch: delivery handled","message_id":"inv_01m2sanfmz1q9cqv3byjmx4e4e","sequence":4,"delivery_count":1,"outcome":"Completed { status: \"succeeded\" }","target":"tachyon_serverless_application::services::invoke_async::dispatch"}
{"timestamp":"2026-09-18T03:58:55.691940Z","level":"INFO","message":"asynchronous run claimed","invocation_id":"inv_01m2sanj62msbze4c9kjb519ar","attempt":1,"generation":0,"delivery_count":1,"target":"tachyon_serverless_application::services::invoke_async::dispatch"}
{"timestamp":"2026-09-18T03:58:55.696984Z","level":"INFO","message":"asynchronous invocation settled","invocation_id":"inv_01m2sang4rmmqf04amtankps3f","status":"succeeded","target":"tachyon_serverless_application::services::invoke_async::dispatch"}
{"timestamp":"2026-09-18T03:58:55.700322Z","level":"INFO","message":"async dispatch: delivery handled","message_id":"inv_01m2sang4rmmqf04amtankps3f","sequence":5,"delivery_count":1,"outcome":"Completed { status: \"succeeded\" }","target":"tachyon_serverless_application::services::invoke_async::dispatch"}
{"timestamp":"2026-09-18T03:58:55.708280Z","level":"INFO","message":"asynchronous run claimed","invocation_id":"inv_01m2sanjxq0vyw4m28f58cj9tt","attempt":1,"generation":0,"delivery_count":1,"target":"tachyon_serverless_application::services::invoke_async::dispatch"}
{"timestamp":"2026-09-18T03:58:56.061098Z","level":"INFO","message":"object retention pass","report":"GcReport { examined: 1, collected_expired: 0, collected_orphans: 0, kept_in_use: 0, kept_referenced: 1, incomplete_removed: 0, tombstones_purged: 0, failed: 0 }","target":"tachyon_serverless_gateway"}
{"timestamp":"2026-09-18T03:58:57.766474Z","level":"INFO","message":"bridge spawned","environment_id":"env_01m2sannphxse5cda3a9h7a1tb","pid":773726,"target":"tachyon_serverless_provider_process"}
{"timestamp":"2026-09-18T03:58:57.810798Z","level":"INFO","message":"bridge spawned","environment_id":"env_01m2sannpx4a9ah63x6t73jkm5","pid":773734,"target":"tachyon_serverless_provider_process"}
{"timestamp":"2026-09-18T03:58:58.194740Z","level":"INFO","message":"object retention pass","report":"GcReport { examined: 1, collected_expired: 0, collected_orphans: 0, kept_in_use: 0, kept_referenced: 1, incomplete_removed: 0, tombstones_purged: 0, failed: 0 }","target":"tachyon_serverless_gateway"}
{"timestamp":"2026-09-18T03:58:58.277583Z","level":"INFO","message":"invocation finished","invocation_id":"inv_01m2sanj62msbze4c9kjb519ar","status":"succeeded (async run)","handler_ms":50,"environment_boot_ms":3,"runtime_init_ms":158,"target":"tachyon_serverless_application::services::invoke"}
{"timestamp":"2026-09-18T03:58:58.385291Z","level":"INFO","message":"invocation finished","invocation_id":"inv_01m2sanjxq0vyw4m28f58cj9tt","status":"succeeded (async run)","handler_ms":83,"environment_boot_ms":2,"runtime_init_ms":145,"target":"tachyon_serverless_application::services::invoke"}
{"timestamp":"2026-09-18T03:58:58.494293Z","level":"INFO","message":"terminating bridge","environment_id":"env_01m2sannphxse5cda3a9h7a1tb","pid":773726,"reason":"Completed","graceful":true,"target":"tachyon_serverless_provider_process"}
{"timestamp":"2026-09-18T03:58:58.495190Z","level":"INFO","message":"terminating bridge","environment_id":"env_01m2sannpx4a9ah63x6t73jkm5","pid":773734,"reason":"Completed","graceful":true,"target":"tachyon_serverless_provider_process"}
{"timestamp":"2026-09-18T03:58:58.623073Z","level":"INFO","message":"asynchronous invocation settled","invocation_id":"inv_01m2sanj62msbze4c9kjb519ar","status":"succeeded","target":"tachyon_serverless_application::services::invoke_async::dispatch"}
{"timestamp":"2026-09-18T03:58:58.628594Z","level":"INFO","message":"asynchronous invocation settled","invocation_id":"inv_01m2sanjxq0vyw4m28f58cj9tt","status":"succeeded","target":"tachyon_serverless_application::services::invoke_async::dispatch"}
{"timestamp":"2026-09-18T03:58:58.628805Z","level":"INFO","message":"async dispatch: delivery handled","message_id":"inv_01m2sanj62msbze4c9kjb519ar","sequence":6,"delivery_count":1,"outcome":"Completed { status: \"succeeded\" }","target":"tachyon_serverless_application::services::invoke_async::dispatch"}
{"timestamp":"2026-09-18T03:58:58.631511Z","level":"INFO","message":"asynchronous run claimed","invocation_id":"inv_01m2sanjza27bxtdestqwkdwqf","attempt":1,"generation":0,"delivery_count":1,"target":"tachyon_serverless_application::services::invoke_async::dispatch"}
{"timestamp":"2026-09-18T03:58:58.631636Z","level":"INFO","message":"async dispatch: delivery handled","message_id":"inv_01m2sanjxq0vyw4m28f58cj9tt","sequence":7,"delivery_count":1,"outcome":"Completed { status: \"succeeded\" }","target":"tachyon_serverless_application::services::invoke_async::dispatch"}
{"timestamp":"2026-09-18T03:58:58.634784Z","level":"INFO","message":"asynchronous run claimed","invocation_id":"inv_01m2sank0prd0a9hnn7qqcg5t3","attempt":1,"generation":0,"delivery_count":1,"target":"tachyon_serverless_application::services::invoke_async::dispatch"}
{"timestamp":"2026-09-18T03:59:00.090644Z","level":"INFO","message":"object retention pass","report":"GcReport { examined: 2, collected_expired: 0, collected_orphans: 0, kept_in_use: 1, kept_referenced: 1, incomplete_removed: 0, tombstones_purged: 0, failed: 0 }","target":"tachyon_serverless_gateway"}
{"timestamp":"2026-09-18T03:59:00.570820Z","level":"INFO","message":"bridge spawned","environment_id":"env_01m2sanrjbpw5vngf2kv63dxe9","pid":773782,"target":"tachyon_serverless_provider_process"}
{"timestamp":"2026-09-18T03:59:00.610659Z","level":"INFO","message":"bridge spawned","environment_id":"env_01m2sanrjb76zs3fta28bq8qse","pid":773787,"target":"tachyon_serverless_provider_process"}
{"timestamp":"2026-09-18T03:59:01.071007Z","level":"INFO","message":"invocation finished","invocation_id":"inv_01m2sank0prd0a9hnn7qqcg5t3","status":"succeeded (async run)","handler_ms":29,"environment_boot_ms":2,"runtime_init_ms":137,"target":"tachyon_serverless_application::services::invoke"}
{"timestamp":"2026-09-18T03:59:01.182215Z","level":"INFO","message":"invocation finished","invocation_id":"inv_01m2sanjza27bxtdestqwkdwqf","status":"succeeded (async run)","handler_ms":106,"environment_boot_ms":1,"runtime_init_ms":163,"target":"tachyon_serverless_application::services::invoke"}
{"timestamp":"2026-09-18T03:59:01.246107Z","level":"INFO","message":"terminating bridge","environment_id":"env_01m2sanrjbpw5vngf2kv63dxe9","pid":773782,"reason":"Completed","graceful":true,"target":"tachyon_serverless_provider_process"}
{"timestamp":"2026-09-18T03:59:01.247433Z","level":"INFO","message":"terminating bridge","environment_id":"env_01m2sanrjb76zs3fta28bq8qse","pid":773787,"reason":"Completed","graceful":true,"target":"tachyon_serverless_provider_process"}
{"timestamp":"2026-09-18T03:59:01.261749Z","level":"INFO","message":"asynchronous invocation settled","invocation_id":"inv_01m2sank0prd0a9hnn7qqcg5t3","status":"succeeded","target":"tachyon_serverless_application::services::invoke_async::dispatch"}
{"timestamp":"2026-09-18T03:59:01.265196Z","level":"INFO","message":"async dispatch: delivery handled","message_id":"inv_01m2sank0prd0a9hnn7qqcg5t3","sequence":9,"delivery_count":1,"outcome":"Completed { status: \"succeeded\" }","target":"tachyon_serverless_application::services::invoke_async::dispatch"}
{"timestamp":"2026-09-18T03:59:01.274143Z","level":"INFO","message":"asynchronous invocation settled","invocation_id":"inv_01m2sanjza27bxtdestqwkdwqf","status":"succeeded","target":"tachyon_serverless_application::services::invoke_async::dispatch"}
{"timestamp":"2026-09-18T03:59:01.278041Z","level":"INFO","message":"async dispatch: delivery handled","message_id":"inv_01m2sanjza27bxtdestqwkdwqf","sequence":8,"delivery_count":1,"outcome":"Completed { status: \"succeeded\" }","target":"tachyon_serverless_application::services::invoke_async::dispatch"}
{"timestamp":"2026-09-18T03:59:01.518473Z","level":"INFO","message":"SIGTERM received","target":"tachyon_serverless_gateway"}
{"timestamp":"2026-09-18T03:59:01.518544Z","level":"INFO","message":"shutdown requested; cancelling in-flight invocations","target":"tachyon_serverless_gateway"}
{"timestamp":"2026-09-18T03:59:01.519217Z","level":"INFO","message":"final usage collection","report":"CollectReport { batches: 0, read: 0, inserted: 0, duplicates: 0, cursor_seq: 55 }","target":"tachyon_serverless_gateway"}
{"timestamp":"2026-09-18T03:59:01.532701Z","level":"INFO","message":"gateway stopped","target":"tachyon_serverless_gateway"}
{"timestamp":"2026-09-18T03:59:01.533177Z","level":"INFO","message":"event: closed","target":"async_nats"}

===== a start (failpoints: outbox.after_publish=kill) 03:59:01 =====
{"timestamp":"2026-09-18T03:59:01.636756Z","level":"INFO","message":"configuration loaded","config":"/home/takanorifukuyama.guest/w/tsls-chaos.vUKxkD/gw-a.toml","target":"tachyon_serverless_gateway"}
{"timestamp":"2026-09-18T03:59:01.639467Z","level":"INFO","message":"connected successfully","server":"41639","max_payload":"1048576","target":"async_nats::connector"}
{"timestamp":"2026-09-18T03:59:01.639592Z","level":"INFO","message":"event: connected","target":"async_nats"}
{"timestamp":"2026-09-18T03:59:01.649054Z","level":"INFO","message":"JetStream queue connected and stream bootstrapped","url":"nats://127.0.0.1:41639","stream":"TACHYON_EVENTS","target":"tachyon_serverless_gateway::durable"}
{"timestamp":"2026-09-18T03:59:01.650513Z","level":"INFO","message":"state store opened","path":"/home/takanorifukuyama.guest/w/tsls-chaos.vUKxkD/data/state.db","schema_version":8,"migrations_applied":"[]","imported_state_json":"None","settled_invocations":0,"settled_attempts":0,"settled_environments":0,"released_leases":0,"dropped_idempotency_keys":0,"purged_idempotency_keys":0,"outputs_purged":0,"target":"tachyon_serverless_application::app"}
{"timestamp":"2026-09-18T03:59:01.657000Z","level":"INFO","message":"log store opened","path":"/home/takanorifukuyama.guest/w/tsls-chaos.vUKxkD/data/logs/logs.db","healthy":true,"retention_seconds":604800,"max_total_bytes":1073741824,"target":"tachyon_serverless_application::app"}
{"timestamp":"2026-09-18T03:59:01.659878Z","level":"INFO","message":"dispatcher registered","dispatcher_id":"dsp_01m2sanvgs3j6pjze28s8g2gh2","instance":"chaos-a","pid":773823,"lease_ttl_seconds":6,"target":"tachyon_serverless_application::services::dispatcher"}
{"timestamp":"2026-09-18T03:59:01.662776Z","level":"WARN","message":"reclaimed the work of dispatchers that lost their lease","dispatcher_id":"dsp_01m2sanvgs3j6pjze28s8g2gh2","reclaimed_dispatchers":"[DispatcherId(dsp_01m2samwpff4jgqnh2x4zdse8m)]","leases":0,"invocations":0,"attempts":0,"fenced":0,"target":"tachyon_serverless_application::services::dispatcher"}
{"timestamp":"2026-09-18T03:59:01.665058Z","level":"WARN","message":"failpoint armed from TSLS_FAILPOINTS","name":"outbox.after_publish","action":"Kill","count":"None","target":"tachyon_serverless_application::failpoints"}
{"timestamp":"2026-09-18T03:59:01.665190Z","level":"INFO","message":"application bootstrapped","profile":"dev","provider":"process","dev_only":true,"environment_reuse":false,"reuse_verified":false,"reuse_reason":"[pool] enabled is false","reuse_disabled":"Some(Configuration)","idle_quiesce":"unsupported","idle_resume":"unsupported","data_dir":"/home/takanorifukuyama.guest/w/tsls-chaos.vUKxkD/data","store":"sqlite","dispatcher_id":"dsp_01m2sanvgs3j6pjze28s8g2gh2","node":"local","node_region":"none","node_memory_mib":"None","max_concurrency":8,"queue":"nats","objects":"filesystem","invoke_async":true,"triggers":true,"target":"tachyon_serverless_application::app"}
{"timestamp":"2026-09-18T03:59:01.665875Z","level":"INFO","message":"startup reconcile finished","provider":"process","found":0,"adopted":0,"terminated":0,"disowned":0,"failed":0,"lost":0,"foreign":0,"reclaimed_dispatchers":0,"fenced_terminated":0,"fenced_pending":0,"target":"tachyon_serverless_application::services::reconcile"}
{"timestamp":"2026-09-18T03:59:01.666003Z","level":"INFO","message":"gateway listening","addr":"127.0.0.1:57503","profile":"dev","provider":"process","target":"tachyon_serverless_gateway"}
{"timestamp":"2026-09-18T03:59:01.667449Z","level":"INFO","message":"asynchronous dispatcher started","workers":2,"owner":"dsp_01m2sanvgs3j6pjze28s8g2gh2","target":"tachyon_serverless_gateway"}
{"timestamp":"2026-09-18T03:59:01.768491Z","level":"INFO","message":"object retention pass","report":"GcReport { examined: 2, collected_expired: 0, collected_orphans: 0, kept_in_use: 0, kept_referenced: 2, incomplete_removed: 0, tombstones_purged: 0, failed: 0 }","target":"tachyon_serverless_gateway"}
{"timestamp":"2026-09-18T03:59:01.941999Z","level":"INFO","message":"asynchronous invocation accepted","invocation_id":"inv_01m2sanvsa4b34rj2sed8r1h32","tenant_id":"tn_01hzzzzzzzzzzzzzzzzzzzzzza","revision_id":"rev_01m2san0rwdw1383g606n44723","input_bytes":4163,"input_storage":"object","target":"tachyon_serverless_application::services::invoke_async"}
{"timestamp":"2026-09-18T03:59:01.946856Z","level":"ERROR","message":"failpoint fired: SIGKILL","name":"outbox.after_publish","target":"tachyon_serverless_application::failpoints"}

===== a start (failpoints: none) 03:59:02 =====
{"timestamp":"2026-09-18T03:59:02.756129Z","level":"INFO","message":"configuration loaded","config":"/home/takanorifukuyama.guest/w/tsls-chaos.vUKxkD/gw-a.toml","target":"tachyon_serverless_gateway"}
{"timestamp":"2026-09-18T03:59:02.758065Z","level":"INFO","message":"connected successfully","server":"41639","max_payload":"1048576","target":"async_nats::connector"}
{"timestamp":"2026-09-18T03:59:02.758152Z","level":"INFO","message":"event: connected","target":"async_nats"}
{"timestamp":"2026-09-18T03:59:02.825668Z","level":"INFO","message":"JetStream queue connected and stream bootstrapped","url":"nats://127.0.0.1:41639","stream":"TACHYON_EVENTS","target":"tachyon_serverless_gateway::durable"}
{"timestamp":"2026-09-18T03:59:02.826854Z","level":"INFO","message":"state store opened","path":"/home/takanorifukuyama.guest/w/tsls-chaos.vUKxkD/data/state.db","schema_version":8,"migrations_applied":"[]","imported_state_json":"None","settled_invocations":0,"settled_attempts":0,"settled_environments":0,"released_leases":0,"dropped_idempotency_keys":0,"purged_idempotency_keys":0,"outputs_purged":0,"target":"tachyon_serverless_application::app"}
{"timestamp":"2026-09-18T03:59:02.841431Z","level":"INFO","message":"log store opened","path":"/home/takanorifukuyama.guest/w/tsls-chaos.vUKxkD/data/logs/logs.db","healthy":true,"retention_seconds":604800,"max_total_bytes":1073741824,"target":"tachyon_serverless_application::app"}
{"timestamp":"2026-09-18T03:59:02.865295Z","level":"INFO","message":"dispatcher registered","dispatcher_id":"dsp_01m2sanwnsg9t9y00p1dkzqdpy","instance":"chaos-a","pid":773899,"lease_ttl_seconds":6,"target":"tachyon_serverless_application::services::dispatcher"}
{"timestamp":"2026-09-18T03:59:02.881243Z","level":"WARN","message":"reclaimed the work of dispatchers that lost their lease","dispatcher_id":"dsp_01m2sanwnsg9t9y00p1dkzqdpy","reclaimed_dispatchers":"[DispatcherId(dsp_01m2sanvgs3j6pjze28s8g2gh2)]","leases":0,"invocations":0,"attempts":0,"fenced":0,"target":"tachyon_serverless_application::services::dispatcher"}
{"timestamp":"2026-09-18T03:59:02.882056Z","level":"INFO","message":"application bootstrapped","profile":"dev","provider":"process","dev_only":true,"environment_reuse":false,"reuse_verified":false,"reuse_reason":"[pool] enabled is false","reuse_disabled":"Some(Configuration)","idle_quiesce":"unsupported","idle_resume":"unsupported","data_dir":"/home/takanorifukuyama.guest/w/tsls-chaos.vUKxkD/data","store":"sqlite","dispatcher_id":"dsp_01m2sanwnsg9t9y00p1dkzqdpy","node":"local","node_region":"none","node_memory_mib":"None","max_concurrency":8,"queue":"nats","objects":"filesystem","invoke_async":true,"triggers":true,"target":"tachyon_serverless_application::app"}
{"timestamp":"2026-09-18T03:59:02.882397Z","level":"INFO","message":"startup reconcile finished","provider":"process","found":0,"adopted":0,"terminated":0,"disowned":0,"failed":0,"lost":0,"foreign":0,"reclaimed_dispatchers":0,"fenced_terminated":0,"fenced_pending":0,"target":"tachyon_serverless_application::services::reconcile"}
{"timestamp":"2026-09-18T03:59:02.882473Z","level":"INFO","message":"gateway listening","addr":"127.0.0.1:57503","profile":"dev","provider":"process","target":"tachyon_serverless_gateway"}
{"timestamp":"2026-09-18T03:59:02.883631Z","level":"INFO","message":"asynchronous dispatcher started","workers":2,"owner":"dsp_01m2sanwnsg9t9y00p1dkzqdpy","target":"tachyon_serverless_gateway"}
{"timestamp":"2026-09-18T03:59:02.913124Z","level":"INFO","message":"object retention pass","report":"GcReport { examined: 2, collected_expired: 0, collected_orphans: 0, kept_in_use: 0, kept_referenced: 2, incomplete_removed: 0, tombstones_purged: 0, failed: 0 }","target":"tachyon_serverless_gateway"}
{"timestamp":"2026-09-18T03:59:05.391859Z","level":"WARN","message":"state.db write transaction held the database write lock for long: every other writer, in this process and in any gateway sharing the file, waited","site":"crates/application/src/repository/sqlite/triggers.rs:522","held_ms":806,"threshold_ms":250,"target":"tachyon_serverless_application::repository::sqlite"}
{"timestamp":"2026-09-18T03:59:05.432055Z","level":"INFO","message":"object retention pass","report":"GcReport { examined: 2, collected_expired: 0, collected_orphans: 0, kept_in_use: 0, kept_referenced: 2, incomplete_removed: 0, tombstones_purged: 0, failed: 0 }","target":"tachyon_serverless_gateway"}
{"timestamp":"2026-09-18T03:59:05.455822Z","level":"INFO","message":"outbox: re-published events the broker already had, or whose claim moved on","duplicates":1,"lost_claims":0,"marked":1,"target":"tachyon_serverless_application::services::invoke_async::publisher"}
{"timestamp":"2026-09-18T03:59:05.950606Z","level":"INFO","message":"asynchronous run claimed","invocation_id":"inv_01m2sanvsa4b34rj2sed8r1h32","attempt":1,"generation":0,"delivery_count":2,"target":"tachyon_serverless_application::services::invoke_async::dispatch"}
{"timestamp":"2026-09-18T03:59:07.237572Z","level":"WARN","message":"state.db write transaction held the database write lock for long: every other writer, in this process and in any gateway sharing the file, waited","site":"crates/application/src/repository/sqlite/triggers.rs:522","held_ms":821,"threshold_ms":250,"target":"tachyon_serverless_application::repository::sqlite"}
{"timestamp":"2026-09-18T03:59:07.243971Z","level":"INFO","message":"object retention pass","report":"GcReport { examined: 2, collected_expired: 0, collected_orphans: 0, kept_in_use: 0, kept_referenced: 2, incomplete_removed: 0, tombstones_purged: 0, failed: 0 }","target":"tachyon_serverless_gateway"}
{"timestamp":"2026-09-18T03:59:07.380039Z","level":"INFO","message":"bridge spawned","environment_id":"env_01m2sanzq3p51xs8f3td6rp6d1","pid":773973,"target":"tachyon_serverless_provider_process"}
{"timestamp":"2026-09-18T03:59:07.798349Z","level":"INFO","message":"invocation finished","invocation_id":"inv_01m2sanvsa4b34rj2sed8r1h32","status":"succeeded (async run)","handler_ms":306,"environment_boot_ms":2,"runtime_init_ms":11,"target":"tachyon_serverless_application::services::invoke"}
{"timestamp":"2026-09-18T03:59:07.815586Z","level":"INFO","message":"terminating bridge","environment_id":"env_01m2sanzq3p51xs8f3td6rp6d1","pid":773973,"reason":"Completed","graceful":true,"target":"tachyon_serverless_provider_process"}
{"timestamp":"2026-09-18T03:59:07.826773Z","level":"INFO","message":"asynchronous invocation settled","invocation_id":"inv_01m2sanvsa4b34rj2sed8r1h32","status":"succeeded","target":"tachyon_serverless_application::services::invoke_async::dispatch"}
{"timestamp":"2026-09-18T03:59:07.828817Z","level":"INFO","message":"async dispatch: delivery handled","message_id":"inv_01m2sanvsa4b34rj2sed8r1h32","sequence":10,"delivery_count":2,"outcome":"Completed { status: \"succeeded\" }","target":"tachyon_serverless_application::services::invoke_async::dispatch"}
{"timestamp":"2026-09-18T03:59:08.906155Z","level":"INFO","message":"object retention pass","report":"GcReport { examined: 3, collected_expired: 0, collected_orphans: 0, kept_in_use: 0, kept_referenced: 3, incomplete_removed: 0, tombstones_purged: 0, failed: 0 }","target":"tachyon_serverless_gateway"}
{"timestamp":"2026-09-18T03:59:09.781854Z","level":"INFO","message":"bridge spawned","environment_id":"env_01m2sap1mz37yk46mrnyhryey9","pid":774022,"target":"tachyon_serverless_provider_process"}
{"timestamp":"2026-09-18T03:59:10.002539Z","level":"WARN","message":"state.db write transaction held the database write lock for long: every other writer, in this process and in any gateway sharing the file, waited","site":"crates/application/src/repository/sqlite/triggers.rs:522","held_ms":327,"threshold_ms":250,"target":"tachyon_serverless_application::repository::sqlite"}
{"timestamp":"2026-09-18T03:59:10.087017Z","level":"INFO","message":"invocation finished","invocation_id":"inv_01m2sap1mvzqspfkfep4yv82wt","status":"succeeded","handler_ms":2,"environment_boot_ms":1,"runtime_init_ms":231,"target":"tachyon_serverless_application::services::invoke"}
{"timestamp":"2026-09-18T03:59:10.090136Z","level":"INFO","message":"terminating bridge","environment_id":"env_01m2sap1mz37yk46mrnyhryey9","pid":774022,"reason":"Completed","graceful":true,"target":"tachyon_serverless_provider_process"}
{"timestamp":"2026-09-18T03:59:10.151063Z","level":"INFO","message":"asynchronous invocation accepted","invocation_id":"inv_01m2sap3t4fj6m5q8he28mgegw","tenant_id":"tn_01hzzzzzzzzzzzzzzzzzzzzzza","revision_id":"rev_01m2san0rwdw1383g606n44723","input_bytes":48,"input_storage":"inline","target":"tachyon_serverless_application::services::invoke_async"}
{"timestamp":"2026-09-18T03:59:10.159021Z","level":"INFO","message":"asynchronous run claimed","invocation_id":"inv_01m2sap3t4fj6m5q8he28mgegw","attempt":1,"generation":0,"delivery_count":1,"target":"tachyon_serverless_application::services::invoke_async::dispatch"}
{"timestamp":"2026-09-18T03:59:10.245720Z","level":"INFO","message":"asynchronous invocation accepted","invocation_id":"inv_01m2sap3vrfds9393az819tw7w","tenant_id":"tn_01hzzzzzzzzzzzzzzzzzzzzzza","revision_id":"rev_01m2san0rwdw1383g606n44723","input_bytes":4128,"input_storage":"object","target":"tachyon_serverless_application::services::invoke_async"}
{"timestamp":"2026-09-18T03:59:10.266058Z","level":"INFO","message":"asynchronous run claimed","invocation_id":"inv_01m2sap3vrfds9393az819tw7w","attempt":1,"generation":0,"delivery_count":1,"target":"tachyon_serverless_application::services::invoke_async::dispatch"}
{"timestamp":"2026-09-18T03:59:10.295146Z","level":"INFO","message":"asynchronous invocation accepted","invocation_id":"inv_01m2sap3ygtras8kcpbym6ykwe","tenant_id":"tn_01hzzzzzzzzzzzzzzzzzzzzzza","revision_id":"rev_01m2san5mdz5tmg2h47b1g39k0","input_bytes":191,"input_storage":"inline","target":"tachyon_serverless_application::services::invoke_async"}
{"timestamp":"2026-09-18T03:59:10.295442Z","level":"INFO","message":"webhook trigger fired","trigger_id":"trg_01m2sanddw7vecqjnk55ms14qk","event_id":"evt-post-w1","invocation_id":"inv_01m2sap3ygtras8kcpbym6ykwe","revision_id":"rev_01m2san5mdz5tmg2h47b1g39k0","replayed":false,"target":"tachyon_serverless_application::services::triggers"}
{"timestamp":"2026-09-18T03:59:10.327171Z","level":"INFO","message":"trigger updated","trigger_id":"trg_01m2sandd9yzby4bfr5h12y506","generation":3,"status":"disabled","next_fire_at":"None","rotated_secret":false,"target":"tachyon_serverless_application::services::triggers"}
{"timestamp":"2026-09-18T03:59:10.886040Z","level":"INFO","message":"object retention pass","report":"GcReport { examined: 3, collected_expired: 0, collected_orphans: 0, kept_in_use: 0, kept_referenced: 3, incomplete_removed: 0, tombstones_purged: 0, failed: 0 }","target":"tachyon_serverless_gateway"}
{"timestamp":"2026-09-18T03:59:12.438853Z","level":"INFO","message":"bridge spawned","environment_id":"env_01m2sap3tmktye5td0ycx7n2fc","pid":774206,"target":"tachyon_serverless_provider_process"}
{"timestamp":"2026-09-18T03:59:12.536528Z","level":"INFO","message":"bridge spawned","environment_id":"env_01m2sap3xw8efq8544r4sphkxw","pid":774216,"target":"tachyon_serverless_provider_process"}
{"timestamp":"2026-09-18T03:59:13.423578Z","level":"WARN","message":"state.db write transaction held the database write lock for long: every other writer, in this process and in any gateway sharing the file, waited","site":"crates/application/src/repository/sqlite/mod.rs:1438","held_ms":580,"threshold_ms":250,"target":"tachyon_serverless_application::repository::sqlite"}
{"timestamp":"2026-09-18T03:59:13.450272Z","level":"INFO","message":"invocation finished","invocation_id":"inv_01m2sap3t4fj6m5q8he28mgegw","status":"succeeded (async run)","handler_ms":6,"environment_boot_ms":3,"runtime_init_ms":112,"target":"tachyon_serverless_application::services::invoke"}
{"timestamp":"2026-09-18T03:59:13.458542Z","level":"INFO","message":"object retention pass","report":"GcReport { examined: 3, collected_expired: 0, collected_orphans: 0, kept_in_use: 0, kept_referenced: 3, incomplete_removed: 0, tombstones_purged: 0, failed: 0 }","target":"tachyon_serverless_gateway"}
{"timestamp":"2026-09-18T03:59:13.458698Z","level":"INFO","message":"terminating bridge","environment_id":"env_01m2sap3tmktye5td0ycx7n2fc","pid":774206,"reason":"Completed","graceful":true,"target":"tachyon_serverless_provider_process"}
{"timestamp":"2026-09-18T03:59:13.466267Z","level":"INFO","message":"invocation finished","invocation_id":"inv_01m2sap3vrfds9393az819tw7w","status":"succeeded (async run)","handler_ms":5,"environment_boot_ms":2,"runtime_init_ms":304,"target":"tachyon_serverless_application::services::invoke"}
{"timestamp":"2026-09-18T03:59:13.472769Z","level":"INFO","message":"terminating bridge","environment_id":"env_01m2sap3xw8efq8544r4sphkxw","pid":774216,"reason":"Completed","graceful":true,"target":"tachyon_serverless_provider_process"}
{"timestamp":"2026-09-18T03:59:13.476524Z","level":"INFO","message":"asynchronous invocation settled","invocation_id":"inv_01m2sap3t4fj6m5q8he28mgegw","status":"succeeded","target":"tachyon_serverless_application::services::invoke_async::dispatch"}
{"timestamp":"2026-09-18T03:59:13.479837Z","level":"INFO","message":"async dispatch: delivery handled","message_id":"inv_01m2sap3t4fj6m5q8he28mgegw","sequence":11,"delivery_count":1,"outcome":"Completed { status: \"succeeded\" }","target":"tachyon_serverless_application::services::invoke_async::dispatch"}
{"timestamp":"2026-09-18T03:59:13.483019Z","level":"INFO","message":"asynchronous run claimed","invocation_id":"inv_01m2sap3ygtras8kcpbym6ykwe","attempt":1,"generation":0,"delivery_count":1,"target":"tachyon_serverless_application::services::invoke_async::dispatch"}
{"timestamp":"2026-09-18T03:59:13.491398Z","level":"INFO","message":"asynchronous invocation settled","invocation_id":"inv_01m2sap3vrfds9393az819tw7w","status":"succeeded","target":"tachyon_serverless_application::services::invoke_async::dispatch"}
{"timestamp":"2026-09-18T03:59:13.494826Z","level":"INFO","message":"async dispatch: delivery handled","message_id":"inv_01m2sap3vrfds9393az819tw7w","sequence":12,"delivery_count":1,"outcome":"Completed { status: \"succeeded\" }","target":"tachyon_serverless_application::services::invoke_async::dispatch"}
{"timestamp":"2026-09-18T03:59:14.889592Z","level":"INFO","message":"object retention pass","report":"GcReport { examined: 3, collected_expired: 0, collected_orphans: 0, kept_in_use: 0, kept_referenced: 3, incomplete_removed: 0, tombstones_purged: 0, failed: 0 }","target":"tachyon_serverless_gateway"}
{"timestamp":"2026-09-18T03:59:15.530151Z","level":"INFO","message":"bridge spawned","environment_id":"env_01m2sap72ht4ankvchfaha8cr6","pid":774349,"target":"tachyon_serverless_provider_process"}
{"timestamp":"2026-09-18T03:59:15.884866Z","level":"WARN","message":"state.db write transaction held the database write lock for long: every other writer, in this process and in any gateway sharing the file, waited","site":"crates/application/src/repository/sqlite/mod.rs:1438","held_ms":352,"threshold_ms":250,"target":"tachyon_serverless_application::repository::sqlite"}
{"timestamp":"2026-09-18T03:59:16.088412Z","level":"INFO","message":"invocation finished","invocation_id":"inv_01m2sap3ygtras8kcpbym6ykwe","status":"succeeded (async run)","handler_ms":13,"environment_boot_ms":2,"runtime_init_ms":483,"target":"tachyon_serverless_application::services::invoke"}
{"timestamp":"2026-09-18T03:59:16.093668Z","level":"INFO","message":"terminating bridge","environment_id":"env_01m2sap72ht4ankvchfaha8cr6","pid":774349,"reason":"Completed","graceful":true,"target":"tachyon_serverless_provider_process"}
{"timestamp":"2026-09-18T03:59:16.110528Z","level":"INFO","message":"asynchronous invocation settled","invocation_id":"inv_01m2sap3ygtras8kcpbym6ykwe","status":"succeeded","target":"tachyon_serverless_application::services::invoke_async::dispatch"}
{"timestamp":"2026-09-18T03:59:16.114002Z","level":"INFO","message":"async dispatch: delivery handled","message_id":"inv_01m2sap3ygtras8kcpbym6ykwe","sequence":13,"delivery_count":1,"outcome":"Completed { status: \"succeeded\" }","target":"tachyon_serverless_application::services::invoke_async::dispatch"}
{"timestamp":"2026-09-18T03:59:16.933346Z","level":"INFO","message":"object retention pass","report":"GcReport { examined: 4, collected_expired: 0, collected_orphans: 0, kept_in_use: 0, kept_referenced: 4, incomplete_removed: 0, tombstones_purged: 0, failed: 0 }","target":"tachyon_serverless_gateway"}
{"timestamp":"2026-09-18T03:59:17.642716Z","level":"INFO","message":"SIGTERM received","target":"tachyon_serverless_gateway"}
{"timestamp":"2026-09-18T03:59:17.642781Z","level":"INFO","message":"shutdown requested; cancelling in-flight invocations","target":"tachyon_serverless_gateway"}
{"timestamp":"2026-09-18T03:59:17.643479Z","level":"INFO","message":"final usage collection","report":"CollectReport { batches: 0, read: 0, inserted: 0, duplicates: 0, cursor_seq: 80 }","target":"tachyon_serverless_gateway"}
{"timestamp":"2026-09-18T03:59:17.601918Z","level":"INFO","message":"gateway stopped","target":"tachyon_serverless_gateway"}
{"timestamp":"2026-09-18T03:59:17.602198Z","level":"INFO","message":"event: closed","target":"async_nats"}
