
===== b start (failpoints: none) 18:24:45 =====
{"timestamp":"2026-09-17T18:24:45.313967Z","level":"INFO","message":"configuration loaded","config":"/private/var/folders/z7/khzdjrt95cg_fcmcnh4j1b5h0000gn/T/tsls-chaos.OsaAyN/gw-b.toml","target":"tachyon_serverless_gateway"}
{"timestamp":"2026-09-17T18:24:45.315903Z","level":"INFO","message":"connected successfully","server":"51054","max_payload":"1048576","target":"async_nats::connector"}
{"timestamp":"2026-09-17T18:24:45.315999Z","level":"INFO","message":"event: connected","target":"async_nats"}
{"timestamp":"2026-09-17T18:24:45.328636Z","level":"INFO","message":"JetStream queue connected and stream bootstrapped","url":"nats://127.0.0.1:51054","stream":"TACHYON_EVENTS","target":"tachyon_serverless_gateway::durable"}
{"timestamp":"2026-09-17T18:24:45.329823Z","level":"INFO","message":"state store opened","path":"/private/var/folders/z7/khzdjrt95cg_fcmcnh4j1b5h0000gn/T/tsls-chaos.OsaAyN/data/state.db","schema_version":8,"migrations_applied":"[]","imported_state_json":"None","settled_invocations":0,"settled_attempts":0,"settled_environments":0,"released_leases":0,"dropped_idempotency_keys":0,"purged_idempotency_keys":0,"outputs_purged":0,"target":"tachyon_serverless_application::app"}
{"timestamp":"2026-09-17T18:24:45.330358Z","level":"INFO","message":"log store opened","path":"/private/var/folders/z7/khzdjrt95cg_fcmcnh4j1b5h0000gn/T/tsls-chaos.OsaAyN/data/logs/logs.db","healthy":true,"retention_seconds":604800,"max_total_bytes":1073741824,"target":"tachyon_serverless_application::app"}
{"timestamp":"2026-09-17T18:24:45.330579Z","level":"INFO","message":"dispatcher registered","dispatcher_id":"dsp_01m2r9tarj1me459jt0c31hqg5","instance":"chaos-b","pid":53665,"lease_ttl_seconds":6,"target":"tachyon_serverless_application::services::dispatcher"}
{"timestamp":"2026-09-17T18:24:45.331552Z","level":"INFO","message":"application bootstrapped","profile":"dev","provider":"process","dev_only":true,"environment_reuse":false,"reuse_verified":false,"reuse_reason":"[pool] enabled is false","reuse_disabled":"Some(Configuration)","idle_quiesce":"unsupported","idle_resume":"unsupported","data_dir":"/private/var/folders/z7/khzdjrt95cg_fcmcnh4j1b5h0000gn/T/tsls-chaos.OsaAyN/data","store":"sqlite","dispatcher_id":"dsp_01m2r9tarj1me459jt0c31hqg5","node":"local","node_region":"none","node_memory_mib":"None","max_concurrency":8,"queue":"nats","objects":"filesystem","invoke_async":true,"triggers":true,"target":"tachyon_serverless_application::app"}
{"timestamp":"2026-09-17T18:24:45.331794Z","level":"INFO","message":"startup reconcile finished","provider":"process","found":0,"adopted":0,"terminated":0,"disowned":0,"failed":0,"lost":0,"foreign":0,"reclaimed_dispatchers":0,"fenced_terminated":0,"fenced_pending":0,"target":"tachyon_serverless_application::services::reconcile"}
{"timestamp":"2026-09-17T18:24:45.331869Z","level":"INFO","message":"gateway listening","addr":"127.0.0.1:51080","profile":"dev","provider":"process","target":"tachyon_serverless_gateway"}
{"timestamp":"2026-09-17T18:24:45.332963Z","level":"INFO","message":"asynchronous dispatcher started","workers":2,"owner":"dsp_01m2r9tarj1me459jt0c31hqg5","target":"tachyon_serverless_gateway"}
{"timestamp":"2026-09-17T18:24:46.017745Z","level":"INFO","message":"asynchronous run claimed","invocation_id":"inv_01m2r9tbdm549mbndm2k4rkghk","attempt":1,"generation":0,"delivery_count":1,"target":"tachyon_serverless_application::services::invoke_async::dispatch"}
{"timestamp":"2026-09-17T18:24:46.032797Z","level":"INFO","message":"asynchronous run claimed","invocation_id":"inv_01m2r9tbdseytcyfrmtrc6j4xp","attempt":1,"generation":0,"delivery_count":1,"target":"tachyon_serverless_application::services::invoke_async::dispatch"}
{"timestamp":"2026-09-17T18:24:46.167743Z","level":"INFO","message":"bridge spawned","environment_id":"env_01m2r9tbe2xw4w3a59syddvv1y","pid":53761,"target":"tachyon_serverless_provider_process"}
{"timestamp":"2026-09-17T18:24:46.178910Z","level":"INFO","message":"invocation finished","invocation_id":"inv_01m2r9tbdm549mbndm2k4rkghk","status":"succeeded (async run)","handler_ms":0,"environment_boot_ms":3,"runtime_init_ms":5,"target":"tachyon_serverless_application::services::invoke"}
{"timestamp":"2026-09-17T18:24:46.180492Z","level":"INFO","message":"terminating bridge","environment_id":"env_01m2r9tbe2xw4w3a59syddvv1y","pid":53761,"reason":"Completed","graceful":true,"target":"tachyon_serverless_provider_process"}
{"timestamp":"2026-09-17T18:24:46.183013Z","level":"INFO","message":"asynchronous invocation settled","invocation_id":"inv_01m2r9tbdm549mbndm2k4rkghk","status":"succeeded","target":"tachyon_serverless_application::services::invoke_async::dispatch"}
{"timestamp":"2026-09-17T18:24:46.187618Z","level":"INFO","message":"async dispatch: delivery handled","message_id":"inv_01m2r9tbdm549mbndm2k4rkghk","sequence":2,"delivery_count":1,"outcome":"Completed { status: \"succeeded\" }","target":"tachyon_serverless_application::services::invoke_async::dispatch"}
{"timestamp":"2026-09-17T18:24:46.188080Z","level":"INFO","message":"bridge spawned","environment_id":"env_01m2r9tbejy5p57h9hmzhna8t1","pid":53763,"target":"tachyon_serverless_provider_process"}
{"timestamp":"2026-09-17T18:24:46.240988Z","level":"INFO","message":"bridge spawned","environment_id":"env_01m2r9tbgrsvxq2ysj09r7pdxt","pid":53767,"target":"tachyon_serverless_provider_process"}
{"timestamp":"2026-09-17T18:24:46.254198Z","level":"INFO","message":"invocation finished","invocation_id":"inv_01m2r9tbgq988w8wrvbxhjncqk","status":"succeeded","handler_ms":0,"environment_boot_ms":3,"runtime_init_ms":7,"target":"tachyon_serverless_application::services::invoke"}
{"timestamp":"2026-09-17T18:24:46.255829Z","level":"INFO","message":"terminating bridge","environment_id":"env_01m2r9tbgrsvxq2ysj09r7pdxt","pid":53767,"reason":"Completed","graceful":true,"target":"tachyon_serverless_provider_process"}
{"timestamp":"2026-09-17T18:24:46.289524Z","level":"INFO","message":"invocation finished","invocation_id":"inv_01m2r9tbdseytcyfrmtrc6j4xp","status":"succeeded (async run)","handler_ms":1,"environment_boot_ms":5,"runtime_init_ms":96,"target":"tachyon_serverless_application::services::invoke"}
{"timestamp":"2026-09-17T18:24:46.291072Z","level":"INFO","message":"terminating bridge","environment_id":"env_01m2r9tbejy5p57h9hmzhna8t1","pid":53763,"reason":"Completed","graceful":true,"target":"tachyon_serverless_provider_process"}
{"timestamp":"2026-09-17T18:24:46.293734Z","level":"INFO","message":"asynchronous invocation settled","invocation_id":"inv_01m2r9tbdseytcyfrmtrc6j4xp","status":"succeeded","target":"tachyon_serverless_application::services::invoke_async::dispatch"}
{"timestamp":"2026-09-17T18:24:46.298847Z","level":"INFO","message":"async dispatch: delivery handled","message_id":"inv_01m2r9tbdseytcyfrmtrc6j4xp","sequence":3,"delivery_count":1,"outcome":"Completed { status: \"succeeded\" }","target":"tachyon_serverless_application::services::invoke_async::dispatch"}
{"timestamp":"2026-09-17T18:24:46.309051Z","level":"INFO","message":"asynchronous invocation accepted","invocation_id":"inv_01m2r9tbq48eckrx89vrpdcwb1","tenant_id":"tn_01hzzzzzzzzzzzzzzzzzzzzzza","revision_id":"rev_01m2r9t9k294bphneac2kg12mj","input_bytes":49,"input_storage":"inline","target":"tachyon_serverless_application::services::invoke_async"}
{"timestamp":"2026-09-17T18:24:46.314509Z","level":"INFO","message":"asynchronous run claimed","invocation_id":"inv_01m2r9tbq48eckrx89vrpdcwb1","attempt":1,"generation":0,"delivery_count":1,"target":"tachyon_serverless_application::services::invoke_async::dispatch"}
{"timestamp":"2026-09-17T18:24:46.376841Z","level":"INFO","message":"asynchronous invocation accepted","invocation_id":"inv_01m2r9tbrn66d7mc3vjzrqanxh","tenant_id":"tn_01hzzzzzzzzzzzzzzzzzzzzzza","revision_id":"rev_01m2r9t9k294bphneac2kg12mj","input_bytes":4129,"input_storage":"object","target":"tachyon_serverless_application::services::invoke_async"}
{"timestamp":"2026-09-17T18:24:46.415999Z","level":"INFO","message":"asynchronous invocation accepted","invocation_id":"inv_01m2r9tbtfek897vqht3w56nb2","tenant_id":"tn_01hzzzzzzzzzzzzzzzzzzzzzza","revision_id":"rev_01m2r9ta2144wcp7jyh3mxh56y","input_bytes":193,"input_storage":"inline","target":"tachyon_serverless_application::services::invoke_async"}
{"timestamp":"2026-09-17T18:24:46.416042Z","level":"INFO","message":"webhook trigger fired","trigger_id":"trg_01m2r9tape3d943ak44na7hq2t","event_id":"evt-pre-b-w1","invocation_id":"inv_01m2r9tbtfek897vqht3w56nb2","revision_id":"rev_01m2r9ta2144wcp7jyh3mxh56y","replayed":false,"target":"tachyon_serverless_application::services::triggers"}
{"timestamp":"2026-09-17T18:24:46.424895Z","level":"INFO","message":"asynchronous run claimed","invocation_id":"inv_01m2r9tbtfek897vqht3w56nb2","attempt":1,"generation":0,"delivery_count":1,"target":"tachyon_serverless_application::services::invoke_async::dispatch"}
{"timestamp":"2026-09-17T18:24:46.466006Z","level":"INFO","message":"bridge spawned","environment_id":"env_01m2r9tbqag2vxzdhh3b9xsxs4","pid":53852,"target":"tachyon_serverless_provider_process"}
{"timestamp":"2026-09-17T18:24:46.481215Z","level":"INFO","message":"invocation finished","invocation_id":"inv_01m2r9tbq48eckrx89vrpdcwb1","status":"succeeded (async run)","handler_ms":1,"environment_boot_ms":4,"runtime_init_ms":7,"target":"tachyon_serverless_application::services::invoke"}
{"timestamp":"2026-09-17T18:24:46.482821Z","level":"INFO","message":"terminating bridge","environment_id":"env_01m2r9tbqag2vxzdhh3b9xsxs4","pid":53852,"reason":"Completed","graceful":true,"target":"tachyon_serverless_provider_process"}
{"timestamp":"2026-09-17T18:24:46.486784Z","level":"INFO","message":"asynchronous invocation settled","invocation_id":"inv_01m2r9tbq48eckrx89vrpdcwb1","status":"succeeded","target":"tachyon_serverless_application::services::invoke_async::dispatch"}
{"timestamp":"2026-09-17T18:24:46.491876Z","level":"INFO","message":"async dispatch: delivery handled","message_id":"inv_01m2r9tbq48eckrx89vrpdcwb1","sequence":5,"delivery_count":1,"outcome":"Completed { status: \"succeeded\" }","target":"tachyon_serverless_application::services::invoke_async::dispatch"}
{"timestamp":"2026-09-17T18:24:46.566543Z","level":"INFO","message":"bridge spawned","environment_id":"env_01m2r9tbts7v8q5ne414hg5vd7","pid":53858,"target":"tachyon_serverless_provider_process"}
{"timestamp":"2026-09-17T18:24:46.576611Z","level":"INFO","message":"invocation finished","invocation_id":"inv_01m2r9tbtfek897vqht3w56nb2","status":"succeeded (async run)","handler_ms":0,"environment_boot_ms":3,"runtime_init_ms":4,"target":"tachyon_serverless_application::services::invoke"}
{"timestamp":"2026-09-17T18:24:46.578111Z","level":"INFO","message":"terminating bridge","environment_id":"env_01m2r9tbts7v8q5ne414hg5vd7","pid":53858,"reason":"Completed","graceful":true,"target":"tachyon_serverless_provider_process"}
{"timestamp":"2026-09-17T18:24:46.580457Z","level":"INFO","message":"asynchronous invocation settled","invocation_id":"inv_01m2r9tbtfek897vqht3w56nb2","status":"succeeded","target":"tachyon_serverless_application::services::invoke_async::dispatch"}
{"timestamp":"2026-09-17T18:24:46.586722Z","level":"INFO","message":"async dispatch: delivery handled","message_id":"inv_01m2r9tbtfek897vqht3w56nb2","sequence":7,"delivery_count":1,"outcome":"Completed { status: \"succeeded\" }","target":"tachyon_serverless_application::services::invoke_async::dispatch"}
{"timestamp":"2026-09-17T18:24:53.337862Z","level":"WARN","message":"reclaimed the work of dispatchers that lost their lease","dispatcher_id":"dsp_01m2r9tarj1me459jt0c31hqg5","reclaimed_dispatchers":"[DispatcherId(dsp_01m2r9t90fwxwgkmphmhb2jfzs)]","leases":1,"invocations":1,"attempts":1,"fenced":1,"target":"tachyon_serverless_application::services::dispatcher"}
{"timestamp":"2026-09-17T18:24:53.338018Z","level":"INFO","message":"object retention pass","report":"GcReport { examined: 2, collected_expired: 0, collected_orphans: 0, kept_in_use: 0, kept_referenced: 2, incomplete_removed: 0, tombstones_purged: 0, failed: 0 }","target":"tachyon_serverless_gateway"}
{"timestamp":"2026-09-17T18:24:53.338320Z","level":"WARN","message":"terminating orphaned bridge","environment_id":"env_01m2r9tbvxprdhffdm36ah7hn6","pid":53860,"target":"tachyon_serverless_provider_process"}
{"timestamp":"2026-09-17T18:24:55.335049Z","level":"INFO","message":"object retention pass","report":"GcReport { examined: 2, collected_expired: 0, collected_orphans: 0, kept_in_use: 0, kept_referenced: 2, incomplete_removed: 0, tombstones_purged: 0, failed: 0 }","target":"tachyon_serverless_gateway"}
{"timestamp":"2026-09-17T18:24:56.376191Z","level":"INFO","message":"environment stop metered by a path that did not drive it","environment_id":"env_01m2r9tbvxprdhffdm36ah7hn6","stopped_by":"reclaim","cgroup_cpu_usec":"unknown","lifetime_ms":"Some(9914)","target":"tachyon_serverless_application::services::stopped"}
{"timestamp":"2026-09-17T18:24:56.376716Z","level":"INFO","message":"fenced environment terminated and settled","environment_id":"env_01m2r9tbvxprdhffdm36ah7hn6","owner":"Some(DispatcherId(dsp_01m2r9t90fwxwgkmphmhb2jfzs))","was_running":true,"target":"tachyon_serverless_application::services::reconcile"}
{"timestamp":"2026-09-17T18:24:57.337029Z","level":"INFO","message":"object retention pass","report":"GcReport { examined: 2, collected_expired: 0, collected_orphans: 0, kept_in_use: 0, kept_referenced: 2, incomplete_removed: 0, tombstones_purged: 0, failed: 0 }","target":"tachyon_serverless_gateway"}
{"timestamp":"2026-09-17T18:24:59.335781Z","level":"INFO","message":"object retention pass","report":"GcReport { examined: 2, collected_expired: 0, collected_orphans: 0, kept_in_use: 0, kept_referenced: 2, incomplete_removed: 0, tombstones_purged: 0, failed: 0 }","target":"tachyon_serverless_gateway"}
{"timestamp":"2026-09-17T18:25:01.337013Z","level":"INFO","message":"object retention pass","report":"GcReport { examined: 2, collected_expired: 0, collected_orphans: 0, kept_in_use: 0, kept_referenced: 2, incomplete_removed: 0, tombstones_purged: 0, failed: 0 }","target":"tachyon_serverless_gateway"}
{"timestamp":"2026-09-17T18:25:02.119877Z","level":"INFO","message":"bridge spawned","environment_id":"env_01m2r9tv0yh3eg2h94pc0jcaqb","pid":54161,"target":"tachyon_serverless_provider_process"}
{"timestamp":"2026-09-17T18:25:02.131348Z","level":"INFO","message":"invocation finished","invocation_id":"inv_01m2r9tv0yt2wj2pvc77bft809","status":"succeeded","handler_ms":0,"environment_boot_ms":4,"runtime_init_ms":5,"target":"tachyon_serverless_application::services::invoke"}
{"timestamp":"2026-09-17T18:25:02.132910Z","level":"INFO","message":"terminating bridge","environment_id":"env_01m2r9tv0yh3eg2h94pc0jcaqb","pid":54161,"reason":"Completed","graceful":true,"target":"tachyon_serverless_provider_process"}
{"timestamp":"2026-09-17T18:25:02.809289Z","level":"INFO","message":"asynchronous run claimed","invocation_id":"inv_01m2r9tvtekpced317grmnqx0r","attempt":1,"generation":0,"delivery_count":1,"target":"tachyon_serverless_application::services::invoke_async::dispatch"}
{"timestamp":"2026-09-17T18:25:02.933918Z","level":"INFO","message":"asynchronous run claimed","invocation_id":"inv_01m2r9tvydr4dr4qf9x213snca","attempt":1,"generation":0,"delivery_count":1,"target":"tachyon_serverless_application::services::invoke_async::dispatch"}
{"timestamp":"2026-09-17T18:25:02.949743Z","level":"INFO","message":"SIGTERM received","target":"tachyon_serverless_gateway"}
{"timestamp":"2026-09-17T18:25:02.949795Z","level":"INFO","message":"shutdown requested; cancelling in-flight invocations","target":"tachyon_serverless_gateway"}
{"timestamp":"2026-09-17T18:25:02.949829Z","level":"INFO","message":"cancelling in-flight invocations for shutdown","count":2,"target":"tachyon_serverless_application::services::invoke"}
{"timestamp":"2026-09-17T18:25:02.972981Z","level":"INFO","message":"bridge spawned","environment_id":"env_01m2r9tvts1rmthcvrtjq0hw00","pid":54290,"target":"tachyon_serverless_provider_process"}
{"timestamp":"2026-09-17T18:25:02.973498Z","level":"INFO","message":"terminating bridge","environment_id":"env_01m2r9tvts1rmthcvrtjq0hw00","pid":54290,"reason":"Shutdown","graceful":true,"target":"tachyon_serverless_provider_process"}
{"timestamp":"2026-09-17T18:25:03.085198Z","level":"INFO","message":"asynchronous invocation rescheduled","invocation_id":"inv_01m2r9tvydr4dr4qf9x213snca","next_attempt_at":"2026-09-17T18:25:03.310633+00:00","counted":false,"error_type":"Host.GatewayShutdown","target":"tachyon_serverless_application::services::invoke_async::dispatch"}
{"timestamp":"2026-09-17T18:25:03.089347Z","level":"INFO","message":"async dispatch: delivery handled","message_id":"inv_01m2r9tvydr4dr4qf9x213snca","sequence":10,"delivery_count":1,"outcome":"Rescheduled { next_attempt_at: 2026-09-17T18:25:03.310633Z, counted: false }","target":"tachyon_serverless_application::services::invoke_async::dispatch"}
{"timestamp":"2026-09-17T18:25:03.337278Z","level":"INFO","message":"object retention pass","report":"GcReport { examined: 2, collected_expired: 0, collected_orphans: 0, kept_in_use: 0, kept_referenced: 2, incomplete_removed: 0, tombstones_purged: 0, failed: 0 }","target":"tachyon_serverless_gateway"}
{"timestamp":"2026-09-17T18:25:05.337008Z","level":"INFO","message":"object retention pass","report":"GcReport { examined: 2, collected_expired: 0, collected_orphans: 0, kept_in_use: 0, kept_referenced: 2, incomplete_removed: 0, tombstones_purged: 0, failed: 0 }","target":"tachyon_serverless_gateway"}
{"timestamp":"2026-09-17T18:25:05.476191Z","level":"INFO","message":"asynchronous invocation rescheduled","invocation_id":"inv_01m2r9tvtekpced317grmnqx0r","next_attempt_at":"2026-09-17T18:25:05.616847+00:00","counted":false,"error_type":"Host.GatewayShutdown","target":"tachyon_serverless_application::services::invoke_async::dispatch"}
{"timestamp":"2026-09-17T18:25:05.482977Z","level":"INFO","message":"async dispatch: delivery handled","message_id":"inv_01m2r9tvtekpced317grmnqx0r","sequence":8,"delivery_count":1,"outcome":"Rescheduled { next_attempt_at: 2026-09-17T18:25:05.616847Z, counted: false }","target":"tachyon_serverless_application::services::invoke_async::dispatch"}
{"timestamp":"2026-09-17T18:25:05.486686Z","level":"INFO","message":"final usage collection","report":"CollectReport { batches: 1, read: 1, inserted: 1, duplicates: 0, cursor_seq: 72 }","target":"tachyon_serverless_gateway"}
{"timestamp":"2026-09-17T18:25:05.487397Z","level":"INFO","message":"gateway stopped","target":"tachyon_serverless_gateway"}
{"timestamp":"2026-09-17T18:25:05.487485Z","level":"INFO","message":"event: closed","target":"async_nats"}
