
===== a start (failpoints: none) 04:37:15 =====
{"timestamp":"2026-09-18T04:37:15.987057Z","level":"INFO","message":"configuration loaded","config":"/home/takanorifukuyama.guest/w/tsls-chaos.vPvTPK/gw-a.toml","target":"tachyon_serverless_gateway"}
{"timestamp":"2026-09-18T04:37:15.989599Z","level":"INFO","message":"connected successfully","server":"39089","max_payload":"1048576","target":"async_nats::connector"}
{"timestamp":"2026-09-18T04:37:15.989701Z","level":"INFO","message":"event: connected","target":"async_nats"}
{"timestamp":"2026-09-18T04:37:15.993896Z","level":"INFO","message":"JetStream queue connected and stream bootstrapped","url":"nats://127.0.0.1:39089","stream":"TACHYON_EVENTS","target":"tachyon_serverless_gateway::durable"}
{"timestamp":"2026-09-18T04:37:16.004581Z","level":"INFO","message":"state store opened","path":"/home/takanorifukuyama.guest/w/tsls-chaos.vPvTPK/data/state.db","schema_version":8,"migrations_applied":"[1, 2, 3, 4, 5, 6, 7, 8]","imported_state_json":"None","settled_invocations":0,"settled_attempts":0,"settled_environments":0,"released_leases":0,"dropped_idempotency_keys":0,"purged_idempotency_keys":0,"outputs_purged":0,"target":"tachyon_serverless_application::app"}
{"timestamp":"2026-09-18T04:37:16.010886Z","level":"INFO","message":"log store opened","path":"/home/takanorifukuyama.guest/w/tsls-chaos.vPvTPK/data/logs/logs.db","healthy":true,"retention_seconds":604800,"max_total_bytes":1073741824,"target":"tachyon_serverless_application::app"}
{"timestamp":"2026-09-18T04:37:16.011474Z","level":"INFO","message":"dispatcher registered","dispatcher_id":"dsp_01m2scvw3ahdmtyfrbj5jr4p4f","instance":"chaos-a","pid":853301,"lease_ttl_seconds":6,"target":"tachyon_serverless_application::services::dispatcher"}
{"timestamp":"2026-09-18T04:37:16.020917Z","level":"INFO","message":"application bootstrapped","profile":"dev","provider":"process","dev_only":true,"environment_reuse":false,"reuse_verified":false,"reuse_reason":"[pool] enabled is false","reuse_disabled":"Some(Configuration)","idle_quiesce":"unsupported","idle_resume":"unsupported","data_dir":"/home/takanorifukuyama.guest/w/tsls-chaos.vPvTPK/data","store":"sqlite","dispatcher_id":"dsp_01m2scvw3ahdmtyfrbj5jr4p4f","node":"local","node_region":"none","node_memory_mib":"None","max_concurrency":8,"queue":"nats","objects":"filesystem","invoke_async":true,"triggers":true,"target":"tachyon_serverless_application::app"}
{"timestamp":"2026-09-18T04:37:16.021132Z","level":"INFO","message":"startup reconcile finished","provider":"process","found":0,"adopted":0,"terminated":0,"disowned":0,"failed":0,"lost":0,"foreign":0,"reclaimed_dispatchers":0,"fenced_terminated":0,"fenced_pending":0,"target":"tachyon_serverless_application::services::reconcile"}
{"timestamp":"2026-09-18T04:37:16.021226Z","level":"INFO","message":"gateway listening","addr":"127.0.0.1:32923","profile":"dev","provider":"process","target":"tachyon_serverless_gateway"}
{"timestamp":"2026-09-18T04:37:16.022276Z","level":"INFO","message":"asynchronous dispatcher started","workers":2,"owner":"dsp_01m2scvw3ahdmtyfrbj5jr4p4f","target":"tachyon_serverless_gateway"}
{"timestamp":"2026-09-18T04:37:19.810584Z","level":"INFO","message":"revision ready","revision_id":"rev_01m2scvymy7w554992e8wgvz43","function_id":"fn_01m2scvwc95mgnzv6hfcpv6q3p","target":"tachyon_serverless_application::services::revision"}
{"timestamp":"2026-09-18T04:37:23.384280Z","level":"INFO","message":"revision ready","revision_id":"rev_01m2scw25hkn68fk8kqq46pqfq","function_id":"fn_01m2scvzw04hq3kesdrp7mxp3d","target":"tachyon_serverless_application::services::revision"}
{"timestamp":"2026-09-18T04:37:27.023226Z","level":"INFO","message":"revision ready","revision_id":"rev_01m2scw5q0k6ybz1hwz88sbr6r","function_id":"fn_01m2scw3cnck56d4nv1qed46qr","target":"tachyon_serverless_application::services::revision"}
{"timestamp":"2026-09-18T04:37:28.260208Z","level":"INFO","message":"bridge spawned","environment_id":"env_01m2scw6y3075s801casf1qttk","pid":853973,"target":"tachyon_serverless_provider_process"}
{"timestamp":"2026-09-18T04:37:28.282930Z","level":"INFO","message":"invocation finished","invocation_id":"inv_01m2scw6y2b50j30st0s2s4atg","status":"succeeded","handler_ms":0,"environment_boot_ms":1,"runtime_init_ms":4,"target":"tachyon_serverless_application::services::invoke"}
{"timestamp":"2026-09-18T04:37:28.285016Z","level":"INFO","message":"terminating bridge","environment_id":"env_01m2scw6y3075s801casf1qttk","pid":853973,"reason":"Completed","graceful":true,"target":"tachyon_serverless_provider_process"}
{"timestamp":"2026-09-18T04:37:29.462932Z","level":"INFO","message":"bridge spawned","environment_id":"env_01m2scw83j77m42sdxzeb8knp3","pid":853999,"target":"tachyon_serverless_provider_process"}
{"timestamp":"2026-09-18T04:37:29.482720Z","level":"INFO","message":"invocation finished","invocation_id":"inv_01m2scw83h6zjwx6qj5pcpvpcq","status":"succeeded","handler_ms":4,"environment_boot_ms":1,"runtime_init_ms":4,"target":"tachyon_serverless_application::services::invoke"}
{"timestamp":"2026-09-18T04:37:29.484555Z","level":"INFO","message":"terminating bridge","environment_id":"env_01m2scw83j77m42sdxzeb8knp3","pid":853999,"reason":"Completed","graceful":true,"target":"tachyon_serverless_provider_process"}
{"timestamp":"2026-09-18T04:37:30.662644Z","level":"INFO","message":"bridge spawned","environment_id":"env_01m2scw992kf9hxvw74jjbqwqa","pid":854028,"target":"tachyon_serverless_provider_process"}
{"timestamp":"2026-09-18T04:37:30.701975Z","level":"INFO","message":"invocation finished","invocation_id":"inv_01m2scw992vevf5d1sk8zea6sw","status":"succeeded","handler_ms":7,"environment_boot_ms":1,"runtime_init_ms":11,"target":"tachyon_serverless_application::services::invoke"}
{"timestamp":"2026-09-18T04:37:30.707179Z","level":"INFO","message":"terminating bridge","environment_id":"env_01m2scw992kf9hxvw74jjbqwqa","pid":854028,"reason":"Completed","graceful":true,"target":"tachyon_serverless_provider_process"}
{"timestamp":"2026-09-18T04:37:31.884203Z","level":"INFO","message":"bridge spawned","environment_id":"env_01m2scwafam556kvqmjter413t","pid":854054,"target":"tachyon_serverless_provider_process"}
{"timestamp":"2026-09-18T04:37:31.902365Z","level":"INFO","message":"invocation finished","invocation_id":"inv_01m2scwaf9vh649aw5938tbjgv","status":"succeeded","handler_ms":4,"environment_boot_ms":1,"runtime_init_ms":3,"target":"tachyon_serverless_application::services::invoke"}
{"timestamp":"2026-09-18T04:37:31.904213Z","level":"INFO","message":"terminating bridge","environment_id":"env_01m2scwafam556kvqmjter413t","pid":854054,"reason":"Completed","graceful":true,"target":"tachyon_serverless_provider_process"}
{"timestamp":"2026-09-18T04:37:33.104855Z","level":"INFO","message":"bridge spawned","environment_id":"env_01m2scwbmpbmmt4e04sv6js2t9","pid":854080,"target":"tachyon_serverless_provider_process"}
{"timestamp":"2026-09-18T04:37:33.141152Z","level":"INFO","message":"invocation finished","invocation_id":"inv_01m2scwbmng6mnkcbesb7g0fds","status":"succeeded","handler_ms":6,"environment_boot_ms":1,"runtime_init_ms":13,"target":"tachyon_serverless_application::services::invoke"}
{"timestamp":"2026-09-18T04:37:33.150920Z","level":"INFO","message":"terminating bridge","environment_id":"env_01m2scwbmpbmmt4e04sv6js2t9","pid":854080,"reason":"Completed","graceful":true,"target":"tachyon_serverless_provider_process"}
{"timestamp":"2026-09-18T04:37:34.351777Z","level":"INFO","message":"bridge spawned","environment_id":"env_01m2scwcvmve6vwb1857my7dtc","pid":854106,"target":"tachyon_serverless_provider_process"}
{"timestamp":"2026-09-18T04:37:34.374007Z","level":"INFO","message":"invocation finished","invocation_id":"inv_01m2scwcvkye53ffmpp4htrb43","status":"succeeded","handler_ms":6,"environment_boot_ms":1,"runtime_init_ms":3,"target":"tachyon_serverless_application::services::invoke"}
{"timestamp":"2026-09-18T04:37:34.376266Z","level":"INFO","message":"terminating bridge","environment_id":"env_01m2scwcvmve6vwb1857my7dtc","pid":854106,"reason":"Completed","graceful":true,"target":"tachyon_serverless_provider_process"}
{"timestamp":"2026-09-18T04:37:35.576306Z","level":"INFO","message":"bridge spawned","environment_id":"env_01m2scwe1xk9she4yq2jm1q77j","pid":854132,"target":"tachyon_serverless_provider_process"}
{"timestamp":"2026-09-18T04:37:35.614898Z","level":"INFO","message":"invocation finished","invocation_id":"inv_01m2scwe1we9crxxpcsygbfk3v","status":"succeeded","handler_ms":5,"environment_boot_ms":2,"runtime_init_ms":21,"target":"tachyon_serverless_application::services::invoke"}
{"timestamp":"2026-09-18T04:37:35.623243Z","level":"INFO","message":"terminating bridge","environment_id":"env_01m2scwe1xk9she4yq2jm1q77j","pid":854132,"reason":"Completed","graceful":true,"target":"tachyon_serverless_provider_process"}
{"timestamp":"2026-09-18T04:37:36.824261Z","level":"INFO","message":"bridge spawned","environment_id":"env_01m2scwf8yqfhdz8hypvqjaajm","pid":854161,"target":"tachyon_serverless_provider_process"}
{"timestamp":"2026-09-18T04:37:36.860407Z","level":"INFO","message":"invocation finished","invocation_id":"inv_01m2scwf8xq9cg5xjxtjm3fc0f","status":"succeeded","handler_ms":1,"environment_boot_ms":1,"runtime_init_ms":14,"target":"tachyon_serverless_application::services::invoke"}
{"timestamp":"2026-09-18T04:37:36.866229Z","level":"INFO","message":"terminating bridge","environment_id":"env_01m2scwf8yqfhdz8hypvqjaajm","pid":854161,"reason":"Completed","graceful":true,"target":"tachyon_serverless_provider_process"}
{"timestamp":"2026-09-18T04:37:38.065884Z","level":"INFO","message":"bridge spawned","environment_id":"env_01m2scwgfr4nk681k9trq64w99","pid":854187,"target":"tachyon_serverless_provider_process"}
{"timestamp":"2026-09-18T04:37:38.084380Z","level":"INFO","message":"invocation finished","invocation_id":"inv_01m2scwgfq5zfdbjdsncefg2k1","status":"succeeded","handler_ms":4,"environment_boot_ms":1,"runtime_init_ms":3,"target":"tachyon_serverless_application::services::invoke"}
{"timestamp":"2026-09-18T04:37:38.086166Z","level":"INFO","message":"terminating bridge","environment_id":"env_01m2scwgfr4nk681k9trq64w99","pid":854187,"reason":"Completed","graceful":true,"target":"tachyon_serverless_provider_process"}
{"timestamp":"2026-09-18T04:37:39.282607Z","level":"INFO","message":"bridge spawned","environment_id":"env_01m2scwhnvms4424mv3ph4de7p","pid":854213,"target":"tachyon_serverless_provider_process"}
{"timestamp":"2026-09-18T04:37:39.317303Z","level":"INFO","message":"invocation finished","invocation_id":"inv_01m2scwhnvkszs932x78qftepw","status":"succeeded","handler_ms":4,"environment_boot_ms":1,"runtime_init_ms":13,"target":"tachyon_serverless_application::services::invoke"}
{"timestamp":"2026-09-18T04:37:39.322768Z","level":"INFO","message":"terminating bridge","environment_id":"env_01m2scwhnvms4424mv3ph4de7p","pid":854213,"reason":"Completed","graceful":true,"target":"tachyon_serverless_provider_process"}
{"timestamp":"2026-09-18T04:37:39.430476Z","level":"INFO","message":"asynchronous invocation accepted","invocation_id":"inv_01m2scwjz5n71jwk705hsq2bjm","tenant_id":"tn_01hzzzzzzzzzzzzzzzzzzzzzza","revision_id":"rev_01m2scvymy7w554992e8wgvz43","input_bytes":53,"input_storage":"inline","target":"tachyon_serverless_application::services::invoke_async"}
{"timestamp":"2026-09-18T04:37:39.433509Z","level":"INFO","message":"asynchronous run claimed","invocation_id":"inv_01m2scwjz5n71jwk705hsq2bjm","attempt":1,"generation":0,"delivery_count":1,"target":"tachyon_serverless_application::services::invoke_async::dispatch"}
{"timestamp":"2026-09-18T04:37:39.434151Z","level":"INFO","message":"asynchronous invocation rescheduled","invocation_id":"inv_01m2scwjz5n71jwk705hsq2bjm","next_attempt_at":"2026-09-18T04:37:39.579665567+00:00","counted":false,"error_type":"Host.UsageJournalFull","target":"tachyon_serverless_application::services::invoke_async::dispatch"}
{"timestamp":"2026-09-18T04:37:39.434752Z","level":"INFO","message":"async dispatch: delivery handled","message_id":"inv_01m2scwjz5n71jwk705hsq2bjm","sequence":1,"delivery_count":1,"outcome":"Rescheduled { next_attempt_at: 2026-09-18T04:37:39.579665567Z, counted: false }","target":"tachyon_serverless_application::services::invoke_async::dispatch"}
{"timestamp":"2026-09-18T04:37:39.628430Z","level":"INFO","message":"configuration loaded","config":"/home/takanorifukuyama.guest/w/tsls-chaos.vPvTPK/gw-a.toml","target":"tachyon_serverless_gateway"}
{"timestamp":"2026-09-18T04:37:39.630869Z","level":"INFO","message":"connected successfully","server":"39089","max_payload":"1048576","target":"async_nats::connector"}
{"timestamp":"2026-09-18T04:37:39.630952Z","level":"INFO","message":"event: connected","target":"async_nats"}
{"timestamp":"2026-09-18T04:37:39.634212Z","level":"INFO","message":"JetStream queue connected and stream bootstrapped","url":"nats://127.0.0.1:39089","stream":"TACHYON_EVENTS","target":"tachyon_serverless_gateway::durable"}
{"timestamp":"2026-09-18T04:37:39.635826Z","level":"INFO","message":"state store opened","path":"/home/takanorifukuyama.guest/w/tsls-chaos.vPvTPK/data/state.db","schema_version":8,"migrations_applied":"[]","imported_state_json":"None","settled_invocations":0,"settled_attempts":0,"settled_environments":0,"released_leases":0,"dropped_idempotency_keys":0,"purged_idempotency_keys":0,"outputs_purged":0,"target":"tachyon_serverless_application::app"}
{"timestamp":"2026-09-18T04:37:39.637192Z","level":"INFO","message":"log store opened","path":"/home/takanorifukuyama.guest/w/tsls-chaos.vPvTPK/data/logs/logs.db","healthy":true,"retention_seconds":604800,"max_total_bytes":1073741824,"target":"tachyon_serverless_application::app"}
{"timestamp":"2026-09-18T04:37:39.637784Z","level":"INFO","message":"dispatcher registered","dispatcher_id":"dsp_01m2scwk5nghxtk4yha0ae2yj8","instance":"chaos-a","pid":854363,"lease_ttl_seconds":6,"target":"tachyon_serverless_application::services::dispatcher"}
{"timestamp":"2026-09-18T04:37:39.638412Z","level":"WARN","message":"reclaimed the work of dispatchers that lost their lease","dispatcher_id":"dsp_01m2scwk5nghxtk4yha0ae2yj8","reclaimed_dispatchers":"[DispatcherId(dsp_01m2scvw3ahdmtyfrbj5jr4p4f)]","leases":0,"invocations":0,"attempts":0,"fenced":0,"target":"tachyon_serverless_application::services::dispatcher"}
{"timestamp":"2026-09-18T04:37:39.639457Z","level":"WARN","message":"usage collector crash point armed (dev profile, test only)","crash_point":"collector.after_ledger_commit","target":"tachyon_serverless_application::usage"}
{"timestamp":"2026-09-18T04:37:39.639895Z","level":"INFO","message":"application bootstrapped","profile":"dev","provider":"process","dev_only":true,"environment_reuse":false,"reuse_verified":false,"reuse_reason":"[pool] enabled is false","reuse_disabled":"Some(Configuration)","idle_quiesce":"unsupported","idle_resume":"unsupported","data_dir":"/home/takanorifukuyama.guest/w/tsls-chaos.vPvTPK/data","store":"sqlite","dispatcher_id":"dsp_01m2scwk5nghxtk4yha0ae2yj8","node":"local","node_region":"none","node_memory_mib":"None","max_concurrency":8,"queue":"nats","objects":"filesystem","invoke_async":true,"triggers":true,"target":"tachyon_serverless_application::app"}
{"timestamp":"2026-09-18T04:37:39.640175Z","level":"INFO","message":"startup reconcile finished","provider":"process","found":0,"adopted":0,"terminated":0,"disowned":0,"failed":0,"lost":0,"foreign":0,"reclaimed_dispatchers":0,"fenced_terminated":0,"fenced_pending":0,"target":"tachyon_serverless_application::services::reconcile"}
{"timestamp":"2026-09-18T04:37:39.640235Z","level":"INFO","message":"gateway listening","addr":"127.0.0.1:32923","profile":"dev","provider":"process","target":"tachyon_serverless_gateway"}
{"timestamp":"2026-09-18T04:37:39.641481Z","level":"INFO","message":"asynchronous dispatcher started","workers":2,"owner":"dsp_01m2scwk5nghxtk4yha0ae2yj8","target":"tachyon_serverless_gateway"}
{"timestamp":"2026-09-18T04:37:39.666235Z","level":"ERROR","message":"usage crash point: SIGKILL after the ledger commit, before the cursor","last_seq":25,"target":"tachyon_serverless_application::usage"}
{"timestamp":"2026-09-18T04:37:39.666236Z","level":"INFO","message":"asynchronous run claimed","invocation_id":"inv_01m2scwjz5n71jwk705hsq2bjm","attempt":1,"generation":1,"delivery_count":1,"target":"tachyon_serverless_application::services::invoke_async::dispatch"}

===== a start (failpoints: none) 04:37:39 =====
{"timestamp":"2026-09-18T04:37:39.692706Z","level":"INFO","message":"configuration loaded","config":"/home/takanorifukuyama.guest/w/tsls-chaos.vPvTPK/gw-a.toml","target":"tachyon_serverless_gateway"}
{"timestamp":"2026-09-18T04:37:39.694460Z","level":"INFO","message":"connected successfully","server":"39089","max_payload":"1048576","target":"async_nats::connector"}
{"timestamp":"2026-09-18T04:37:39.694538Z","level":"INFO","message":"event: connected","target":"async_nats"}
{"timestamp":"2026-09-18T04:37:39.697464Z","level":"INFO","message":"JetStream queue connected and stream bootstrapped","url":"nats://127.0.0.1:39089","stream":"TACHYON_EVENTS","target":"tachyon_serverless_gateway::durable"}
{"timestamp":"2026-09-18T04:37:39.698762Z","level":"INFO","message":"state store opened","path":"/home/takanorifukuyama.guest/w/tsls-chaos.vPvTPK/data/state.db","schema_version":8,"migrations_applied":"[]","imported_state_json":"None","settled_invocations":0,"settled_attempts":0,"settled_environments":0,"released_leases":0,"dropped_idempotency_keys":0,"purged_idempotency_keys":0,"outputs_purged":0,"target":"tachyon_serverless_application::app"}
{"timestamp":"2026-09-18T04:37:39.699918Z","level":"INFO","message":"log store opened","path":"/home/takanorifukuyama.guest/w/tsls-chaos.vPvTPK/data/logs/logs.db","healthy":true,"retention_seconds":604800,"max_total_bytes":1073741824,"target":"tachyon_serverless_application::app"}
{"timestamp":"2026-09-18T04:37:39.700359Z","level":"INFO","message":"dispatcher registered","dispatcher_id":"dsp_01m2scwk7kq98b5v51r9gcskqa","instance":"chaos-a","pid":854380,"lease_ttl_seconds":6,"target":"tachyon_serverless_application::services::dispatcher"}
{"timestamp":"2026-09-18T04:37:39.701004Z","level":"WARN","message":"reclaimed the work of dispatchers that lost their lease","dispatcher_id":"dsp_01m2scwk7kq98b5v51r9gcskqa","reclaimed_dispatchers":"[DispatcherId(dsp_01m2scwk5nghxtk4yha0ae2yj8)]","leases":0,"invocations":0,"attempts":0,"fenced":0,"target":"tachyon_serverless_application::services::dispatcher"}
{"timestamp":"2026-09-18T04:37:39.701812Z","level":"INFO","message":"application bootstrapped","profile":"dev","provider":"process","dev_only":true,"environment_reuse":false,"reuse_verified":false,"reuse_reason":"[pool] enabled is false","reuse_disabled":"Some(Configuration)","idle_quiesce":"unsupported","idle_resume":"unsupported","data_dir":"/home/takanorifukuyama.guest/w/tsls-chaos.vPvTPK/data","store":"sqlite","dispatcher_id":"dsp_01m2scwk7kq98b5v51r9gcskqa","node":"local","node_region":"none","node_memory_mib":"None","max_concurrency":8,"queue":"nats","objects":"filesystem","invoke_async":true,"triggers":true,"target":"tachyon_serverless_application::app"}
{"timestamp":"2026-09-18T04:37:39.702126Z","level":"INFO","message":"startup reconcile finished","provider":"process","found":0,"adopted":0,"terminated":0,"disowned":0,"failed":0,"lost":0,"foreign":0,"reclaimed_dispatchers":0,"fenced_terminated":0,"fenced_pending":0,"target":"tachyon_serverless_application::services::reconcile"}
{"timestamp":"2026-09-18T04:37:39.702183Z","level":"INFO","message":"gateway listening","addr":"127.0.0.1:32923","profile":"dev","provider":"process","target":"tachyon_serverless_gateway"}
{"timestamp":"2026-09-18T04:37:39.703227Z","level":"INFO","message":"asynchronous dispatcher started","workers":2,"owner":"dsp_01m2scwk7kq98b5v51r9gcskqa","target":"tachyon_serverless_gateway"}
{"timestamp":"2026-09-18T04:37:41.213763Z","level":"INFO","message":"bridge spawned","environment_id":"env_01m2scwkjww19nphja60aywm3e","pid":854445,"target":"tachyon_serverless_provider_process"}
{"timestamp":"2026-09-18T04:37:41.236906Z","level":"INFO","message":"invocation finished","invocation_id":"inv_01m2scwkjvbnb45d8drdja4k47","status":"succeeded","handler_ms":4,"environment_boot_ms":1,"runtime_init_ms":4,"target":"tachyon_serverless_application::services::invoke"}
{"timestamp":"2026-09-18T04:37:41.239878Z","level":"INFO","message":"terminating bridge","environment_id":"env_01m2scwkjww19nphja60aywm3e","pid":854445,"reason":"Completed","graceful":true,"target":"tachyon_serverless_provider_process"}
{"timestamp":"2026-09-18T04:37:43.668540Z","level":"INFO","message":"asynchronous run claimed","invocation_id":"inv_01m2scwjz5n71jwk705hsq2bjm","attempt":2,"generation":1,"delivery_count":2,"target":"tachyon_serverless_application::services::invoke_async::dispatch"}
{"timestamp":"2026-09-18T04:37:44.879831Z","level":"INFO","message":"bridge spawned","environment_id":"env_01m2scwq3nxgf3wb3xs2wmmsx4","pid":854624,"target":"tachyon_serverless_provider_process"}
{"timestamp":"2026-09-18T04:37:44.902409Z","level":"INFO","message":"invocation finished","invocation_id":"inv_01m2scwjz5n71jwk705hsq2bjm","status":"succeeded (async run)","handler_ms":8,"environment_boot_ms":1,"runtime_init_ms":3,"target":"tachyon_serverless_application::services::invoke"}
{"timestamp":"2026-09-18T04:37:44.903125Z","level":"INFO","message":"terminating bridge","environment_id":"env_01m2scwq3nxgf3wb3xs2wmmsx4","pid":854624,"reason":"Completed","graceful":true,"target":"tachyon_serverless_provider_process"}
{"timestamp":"2026-09-18T04:37:44.906278Z","level":"INFO","message":"asynchronous invocation settled","invocation_id":"inv_01m2scwjz5n71jwk705hsq2bjm","status":"succeeded","target":"tachyon_serverless_application::services::invoke_async::dispatch"}
{"timestamp":"2026-09-18T04:37:44.907570Z","level":"INFO","message":"async dispatch: delivery handled","message_id":"inv_01m2scwjz5n71jwk705hsq2bjm.g1","sequence":2,"delivery_count":2,"outcome":"Completed { status: \"succeeded\" }","target":"tachyon_serverless_application::services::invoke_async::dispatch"}
{"timestamp":"2026-09-18T04:37:45.342916Z","level":"INFO","message":"SIGTERM received","target":"tachyon_serverless_gateway"}
{"timestamp":"2026-09-18T04:37:45.342941Z","level":"INFO","message":"shutdown requested; cancelling in-flight invocations","target":"tachyon_serverless_gateway"}
{"timestamp":"2026-09-18T04:37:45.343227Z","level":"INFO","message":"final usage collection","report":"CollectReport { batches: 0, read: 0, inserted: 0, duplicates: 0, cursor_seq: 60 }","target":"tachyon_serverless_gateway"}
{"timestamp":"2026-09-18T04:37:45.345981Z","level":"INFO","message":"gateway stopped","target":"tachyon_serverless_gateway"}
{"timestamp":"2026-09-18T04:37:45.346091Z","level":"INFO","message":"event: closed","target":"async_nats"}
