
===== a start (failpoints: none) 11:18:15 =====
{"timestamp":"2026-09-17T11:18:15.438460Z","level":"INFO","message":"configuration loaded","config":"/private/var/folders/z7/khzdjrt95cg_fcmcnh4j1b5h0000gn/T/tsls-chaos.PFbHc1/gw-a.toml","target":"tachyon_serverless_gateway"}
{"timestamp":"2026-09-17T11:18:15.440897Z","level":"INFO","message":"connected successfully","server":"51398","max_payload":"1048576","target":"async_nats::connector"}
{"timestamp":"2026-09-17T11:18:15.441032Z","level":"INFO","message":"event: connected","target":"async_nats"}
{"timestamp":"2026-09-17T11:18:15.453306Z","level":"INFO","message":"JetStream queue connected and stream bootstrapped","url":"nats://127.0.0.1:51398","stream":"TACHYON_EVENTS","target":"tachyon_serverless_gateway::durable"}
{"timestamp":"2026-09-17T11:18:15.462976Z","level":"INFO","message":"state store opened","path":"/private/var/folders/z7/khzdjrt95cg_fcmcnh4j1b5h0000gn/T/tsls-chaos.PFbHc1/data/state.db","schema_version":8,"migrations_applied":"[1, 2, 3, 4, 5, 6, 7, 8]","imported_state_json":"None","settled_invocations":0,"settled_attempts":0,"settled_environments":0,"released_leases":0,"dropped_idempotency_keys":0,"purged_idempotency_keys":0,"outputs_purged":0,"target":"tachyon_serverless_application::app"}
{"timestamp":"2026-09-17T11:18:15.463294Z","level":"INFO","message":"dispatcher registered","dispatcher_id":"dsp_01m2qhdcn7md29xx7y7enpmkfn","instance":"chaos-a","pid":30776,"lease_ttl_seconds":6,"target":"tachyon_serverless_application::services::dispatcher"}
{"timestamp":"2026-09-17T11:18:15.466939Z","level":"INFO","message":"application bootstrapped","profile":"dev","provider":"process","dev_only":true,"environment_reuse":false,"reuse_verified":false,"reuse_reason":"[pool] enabled is false","reuse_disabled":"Some(Configuration)","idle_quiesce":"unsupported","idle_resume":"unsupported","data_dir":"/private/var/folders/z7/khzdjrt95cg_fcmcnh4j1b5h0000gn/T/tsls-chaos.PFbHc1/data","store":"sqlite","dispatcher_id":"dsp_01m2qhdcn7md29xx7y7enpmkfn","node":"local","node_region":"none","node_memory_mib":"None","max_concurrency":8,"queue":"nats","objects":"filesystem","invoke_async":true,"triggers":true,"target":"tachyon_serverless_application::app"}
{"timestamp":"2026-09-17T11:18:15.467173Z","level":"INFO","message":"startup reconcile finished","provider":"process","found":0,"adopted":0,"terminated":0,"disowned":0,"failed":0,"lost":0,"foreign":0,"reclaimed_dispatchers":0,"fenced_terminated":0,"fenced_pending":0,"target":"tachyon_serverless_application::services::reconcile"}
{"timestamp":"2026-09-17T11:18:15.467245Z","level":"INFO","message":"gateway listening","addr":"127.0.0.1:51402","profile":"dev","provider":"process","target":"tachyon_serverless_gateway"}
{"timestamp":"2026-09-17T11:18:15.468852Z","level":"INFO","message":"asynchronous dispatcher started","workers":2,"owner":"dsp_01m2qhdcn7md29xx7y7enpmkfn","target":"tachyon_serverless_gateway"}
{"timestamp":"2026-09-17T11:18:16.494311Z","level":"INFO","message":"revision ready","revision_id":"rev_01m2qhdde5pp08sjkn58g60n1n","function_id":"fn_01m2qhdcy33afdhz320xer3me2","target":"tachyon_serverless_application::services::revision"}
{"timestamp":"2026-09-17T11:18:17.359098Z","level":"INFO","message":"revision ready","revision_id":"rev_01m2qhde8f7wr45d417zb4hr06","function_id":"fn_01m2qhddrs36745t6g917wwv23","target":"tachyon_serverless_application::services::revision"}
{"timestamp":"2026-09-17T11:18:18.234280Z","level":"INFO","message":"revision ready","revision_id":"rev_01m2qhdf41krgcq4hnjv973yee","function_id":"fn_01m2qhdek5qvgw22h5a9n643p5","target":"tachyon_serverless_application::services::revision"}
{"timestamp":"2026-09-17T11:18:18.618748Z","level":"INFO","message":"bridge spawned","environment_id":"env_01m2qhdfgbcj5w0f2z2s92jkc6","pid":31074,"target":"tachyon_serverless_provider_process"}
{"timestamp":"2026-09-17T11:18:18.879321Z","level":"INFO","message":"invocation finished","invocation_id":"inv_01m2qhdfgbt7nktmteyrcsw46t","status":"succeeded","handler_ms":0,"environment_boot_ms":6,"runtime_init_ms":252,"target":"tachyon_serverless_application::services::invoke"}
{"timestamp":"2026-09-17T11:18:18.881094Z","level":"INFO","message":"terminating bridge","environment_id":"env_01m2qhdfgbcj5w0f2z2s92jkc6","pid":31074,"reason":"Completed","graceful":true,"target":"tachyon_serverless_provider_process"}
{"timestamp":"2026-09-17T11:18:19.198831Z","level":"INFO","message":"bridge spawned","environment_id":"env_01m2qhdg2663rkz6qjpaewj3wk","pid":31093,"target":"tachyon_serverless_provider_process"}
{"timestamp":"2026-09-17T11:18:19.214135Z","level":"INFO","message":"invocation finished","invocation_id":"inv_01m2qhdg25a58w6jtff39k98q8","status":"succeeded","handler_ms":0,"environment_boot_ms":8,"runtime_init_ms":7,"target":"tachyon_serverless_application::services::invoke"}
{"timestamp":"2026-09-17T11:18:19.215874Z","level":"INFO","message":"terminating bridge","environment_id":"env_01m2qhdg2663rkz6qjpaewj3wk","pid":31093,"reason":"Completed","graceful":true,"target":"tachyon_serverless_provider_process"}
{"timestamp":"2026-09-17T11:18:19.534860Z","level":"INFO","message":"bridge spawned","environment_id":"env_01m2qhdgcxxbffm7176avx60d2","pid":31114,"target":"tachyon_serverless_provider_process"}
{"timestamp":"2026-09-17T11:18:19.550243Z","level":"INFO","message":"invocation finished","invocation_id":"inv_01m2qhdgcwxzx92dd1q4ggdw85","status":"succeeded","handler_ms":0,"environment_boot_ms":6,"runtime_init_ms":7,"target":"tachyon_serverless_application::services::invoke"}
{"timestamp":"2026-09-17T11:18:19.551936Z","level":"INFO","message":"terminating bridge","environment_id":"env_01m2qhdgcxxbffm7176avx60d2","pid":31114,"reason":"Completed","graceful":true,"target":"tachyon_serverless_provider_process"}
{"timestamp":"2026-09-17T11:18:19.872128Z","level":"INFO","message":"bridge spawned","environment_id":"env_01m2qhdgq6b2zcc8zsq3hnmydm","pid":31133,"target":"tachyon_serverless_provider_process"}
{"timestamp":"2026-09-17T11:18:19.887774Z","level":"INFO","message":"invocation finished","invocation_id":"inv_01m2qhdgq6g1an50dek8wy0wjj","status":"succeeded","handler_ms":0,"environment_boot_ms":6,"runtime_init_ms":7,"target":"tachyon_serverless_application::services::invoke"}
{"timestamp":"2026-09-17T11:18:19.888229Z","level":"INFO","message":"terminating bridge","environment_id":"env_01m2qhdgq6b2zcc8zsq3hnmydm","pid":31133,"reason":"Completed","graceful":true,"target":"tachyon_serverless_provider_process"}
{"timestamp":"2026-09-17T11:18:20.207875Z","level":"INFO","message":"bridge spawned","environment_id":"env_01m2qhdh1vzrrn837ywzmcf9jm","pid":31152,"target":"tachyon_serverless_provider_process"}
{"timestamp":"2026-09-17T11:18:20.223059Z","level":"INFO","message":"invocation finished","invocation_id":"inv_01m2qhdh1t40ny0n9qp16rnd3k","status":"succeeded","handler_ms":0,"environment_boot_ms":5,"runtime_init_ms":7,"target":"tachyon_serverless_application::services::invoke"}
{"timestamp":"2026-09-17T11:18:20.224836Z","level":"INFO","message":"terminating bridge","environment_id":"env_01m2qhdh1vzrrn837ywzmcf9jm","pid":31152,"reason":"Completed","graceful":true,"target":"tachyon_serverless_provider_process"}
{"timestamp":"2026-09-17T11:18:20.548567Z","level":"INFO","message":"bridge spawned","environment_id":"env_01m2qhdhcb4hbzx8424nnv58kt","pid":31172,"target":"tachyon_serverless_provider_process"}
{"timestamp":"2026-09-17T11:18:20.563696Z","level":"INFO","message":"invocation finished","invocation_id":"inv_01m2qhdhcbwy9zshq38fpyc0e5","status":"succeeded","handler_ms":0,"environment_boot_ms":6,"runtime_init_ms":7,"target":"tachyon_serverless_application::services::invoke"}
{"timestamp":"2026-09-17T11:18:20.565384Z","level":"INFO","message":"terminating bridge","environment_id":"env_01m2qhdhcb4hbzx8424nnv58kt","pid":31172,"reason":"Completed","graceful":true,"target":"tachyon_serverless_provider_process"}
{"timestamp":"2026-09-17T11:18:20.895997Z","level":"INFO","message":"bridge spawned","environment_id":"env_01m2qhdhq1rc77wbqm4jpk3nxj","pid":31191,"target":"tachyon_serverless_provider_process"}
{"timestamp":"2026-09-17T11:18:20.911584Z","level":"INFO","message":"invocation finished","invocation_id":"inv_01m2qhdhq0rm4dfjnrtpby4rj1","status":"succeeded","handler_ms":0,"environment_boot_ms":6,"runtime_init_ms":7,"target":"tachyon_serverless_application::services::invoke"}
{"timestamp":"2026-09-17T11:18:20.913313Z","level":"INFO","message":"terminating bridge","environment_id":"env_01m2qhdhq1rc77wbqm4jpk3nxj","pid":31191,"reason":"Completed","graceful":true,"target":"tachyon_serverless_provider_process"}
{"timestamp":"2026-09-17T11:18:21.230534Z","level":"INFO","message":"bridge spawned","environment_id":"env_01m2qhdj1xemskj9xnqw9keqtq","pid":31210,"target":"tachyon_serverless_provider_process"}
{"timestamp":"2026-09-17T11:18:21.244689Z","level":"INFO","message":"invocation finished","invocation_id":"inv_01m2qhdj1wteknw89bjwj8wy4t","status":"succeeded","handler_ms":0,"environment_boot_ms":5,"runtime_init_ms":6,"target":"tachyon_serverless_application::services::invoke"}
{"timestamp":"2026-09-17T11:18:21.246391Z","level":"INFO","message":"terminating bridge","environment_id":"env_01m2qhdj1xemskj9xnqw9keqtq","pid":31210,"reason":"Completed","graceful":true,"target":"tachyon_serverless_provider_process"}
{"timestamp":"2026-09-17T11:18:21.561840Z","level":"INFO","message":"bridge spawned","environment_id":"env_01m2qhdjc7gqm03hvzjezytbwc","pid":31229,"target":"tachyon_serverless_provider_process"}
{"timestamp":"2026-09-17T11:18:21.577273Z","level":"INFO","message":"invocation finished","invocation_id":"inv_01m2qhdjc62ecsh3htrhhae98x","status":"succeeded","handler_ms":0,"environment_boot_ms":6,"runtime_init_ms":7,"target":"tachyon_serverless_application::services::invoke"}
{"timestamp":"2026-09-17T11:18:21.579006Z","level":"INFO","message":"terminating bridge","environment_id":"env_01m2qhdjc7gqm03hvzjezytbwc","pid":31229,"reason":"Completed","graceful":true,"target":"tachyon_serverless_provider_process"}
{"timestamp":"2026-09-17T11:18:21.897312Z","level":"INFO","message":"bridge spawned","environment_id":"env_01m2qhdjpnk3yw2p6vgjyr30w0","pid":31248,"target":"tachyon_serverless_provider_process"}
{"timestamp":"2026-09-17T11:18:21.912028Z","level":"INFO","message":"invocation finished","invocation_id":"inv_01m2qhdjpng2aqpqvayb0aeh18","status":"succeeded","handler_ms":0,"environment_boot_ms":6,"runtime_init_ms":6,"target":"tachyon_serverless_application::services::invoke"}
{"timestamp":"2026-09-17T11:18:21.913705Z","level":"INFO","message":"terminating bridge","environment_id":"env_01m2qhdjpnk3yw2p6vgjyr30w0","pid":31248,"reason":"Completed","graceful":true,"target":"tachyon_serverless_provider_process"}
{"timestamp":"2026-09-17T11:18:22.351056Z","level":"INFO","message":"asynchronous invocation accepted","invocation_id":"inv_01m2qhdkcedbmytwa1cmn9zphd","tenant_id":"tn_01hzzzzzzzzzzzzzzzzzzzzzza","revision_id":"rev_01m2qhdde5pp08sjkn58g60n1n","input_bytes":53,"input_storage":"inline","target":"tachyon_serverless_application::services::invoke_async"}
{"timestamp":"2026-09-17T11:18:22.364607Z","level":"INFO","message":"asynchronous run claimed","invocation_id":"inv_01m2qhdkcedbmytwa1cmn9zphd","attempt":1,"generation":0,"delivery_count":1,"target":"tachyon_serverless_application::services::invoke_async::dispatch"}
{"timestamp":"2026-09-17T11:18:22.365239Z","level":"INFO","message":"asynchronous invocation rescheduled","invocation_id":"inv_01m2qhdkcedbmytwa1cmn9zphd","next_attempt_at":"2026-09-17T11:18:22.663880+00:00","counted":false,"error_type":"Host.UsageJournalFull","target":"tachyon_serverless_application::services::invoke_async::dispatch"}
{"timestamp":"2026-09-17T11:18:22.370497Z","level":"INFO","message":"async dispatch: delivery handled","message_id":"inv_01m2qhdkcedbmytwa1cmn9zphd","sequence":1,"delivery_count":1,"outcome":"Rescheduled { next_attempt_at: 2026-09-17T11:18:22.663880Z, counted: false }","target":"tachyon_serverless_application::services::invoke_async::dispatch"}
{"timestamp":"2026-09-17T11:18:22.683389Z","level":"INFO","message":"asynchronous run claimed","invocation_id":"inv_01m2qhdkcedbmytwa1cmn9zphd","attempt":1,"generation":1,"delivery_count":1,"target":"tachyon_serverless_application::services::invoke_async::dispatch"}
{"timestamp":"2026-09-17T11:18:22.683992Z","level":"INFO","message":"asynchronous invocation rescheduled","invocation_id":"inv_01m2qhdkcedbmytwa1cmn9zphd","next_attempt_at":"2026-09-17T11:18:22.810643+00:00","counted":false,"error_type":"Host.UsageJournalFull","target":"tachyon_serverless_application::services::invoke_async::dispatch"}
{"timestamp":"2026-09-17T11:18:22.688598Z","level":"INFO","message":"async dispatch: delivery handled","message_id":"inv_01m2qhdkcedbmytwa1cmn9zphd.g1","sequence":2,"delivery_count":1,"outcome":"Rescheduled { next_attempt_at: 2026-09-17T11:18:22.810643Z, counted: false }","target":"tachyon_serverless_application::services::invoke_async::dispatch"}
{"timestamp":"2026-09-17T11:18:22.758700Z","level":"INFO","message":"configuration loaded","config":"/private/var/folders/z7/khzdjrt95cg_fcmcnh4j1b5h0000gn/T/tsls-chaos.PFbHc1/gw-a.toml","target":"tachyon_serverless_gateway"}
{"timestamp":"2026-09-17T11:18:22.760805Z","level":"INFO","message":"connected successfully","server":"51398","max_payload":"1048576","target":"async_nats::connector"}
{"timestamp":"2026-09-17T11:18:22.760926Z","level":"INFO","message":"event: connected","target":"async_nats"}
{"timestamp":"2026-09-17T11:18:22.772605Z","level":"INFO","message":"JetStream queue connected and stream bootstrapped","url":"nats://127.0.0.1:51398","stream":"TACHYON_EVENTS","target":"tachyon_serverless_gateway::durable"}
{"timestamp":"2026-09-17T11:18:22.774697Z","level":"INFO","message":"state store opened","path":"/private/var/folders/z7/khzdjrt95cg_fcmcnh4j1b5h0000gn/T/tsls-chaos.PFbHc1/data/state.db","schema_version":8,"migrations_applied":"[]","imported_state_json":"None","settled_invocations":0,"settled_attempts":0,"settled_environments":0,"released_leases":0,"dropped_idempotency_keys":0,"purged_idempotency_keys":0,"outputs_purged":0,"target":"tachyon_serverless_application::app"}
{"timestamp":"2026-09-17T11:18:22.775019Z","level":"INFO","message":"dispatcher registered","dispatcher_id":"dsp_01m2qhdkspsb1c35m7y7jepe1c","instance":"chaos-a","pid":31393,"lease_ttl_seconds":6,"target":"tachyon_serverless_application::services::dispatcher"}
{"timestamp":"2026-09-17T11:18:22.775410Z","level":"WARN","message":"reclaimed the work of dispatchers that lost their lease","dispatcher_id":"dsp_01m2qhdkspsb1c35m7y7jepe1c","reclaimed_dispatchers":"[DispatcherId(dsp_01m2qhdcn7md29xx7y7enpmkfn)]","leases":0,"invocations":0,"attempts":0,"fenced":0,"target":"tachyon_serverless_application::services::dispatcher"}
{"timestamp":"2026-09-17T11:18:22.777368Z","level":"WARN","message":"usage collector crash point armed (dev profile, test only)","crash_point":"collector.after_ledger_commit","target":"tachyon_serverless_application::usage"}
{"timestamp":"2026-09-17T11:18:22.777646Z","level":"INFO","message":"application bootstrapped","profile":"dev","provider":"process","dev_only":true,"environment_reuse":false,"reuse_verified":false,"reuse_reason":"[pool] enabled is false","reuse_disabled":"Some(Configuration)","idle_quiesce":"unsupported","idle_resume":"unsupported","data_dir":"/private/var/folders/z7/khzdjrt95cg_fcmcnh4j1b5h0000gn/T/tsls-chaos.PFbHc1/data","store":"sqlite","dispatcher_id":"dsp_01m2qhdkspsb1c35m7y7jepe1c","node":"local","node_region":"none","node_memory_mib":"None","max_concurrency":8,"queue":"nats","objects":"filesystem","invoke_async":true,"triggers":true,"target":"tachyon_serverless_application::app"}
{"timestamp":"2026-09-17T11:18:22.778001Z","level":"INFO","message":"startup reconcile finished","provider":"process","found":0,"adopted":0,"terminated":0,"disowned":0,"failed":0,"lost":0,"foreign":0,"reclaimed_dispatchers":0,"fenced_terminated":0,"fenced_pending":0,"target":"tachyon_serverless_application::services::reconcile"}
{"timestamp":"2026-09-17T11:18:22.778070Z","level":"INFO","message":"gateway listening","addr":"127.0.0.1:51402","profile":"dev","provider":"process","target":"tachyon_serverless_gateway"}
{"timestamp":"2026-09-17T11:18:22.779654Z","level":"INFO","message":"asynchronous dispatcher started","workers":2,"owner":"dsp_01m2qhdkspsb1c35m7y7jepe1c","target":"tachyon_serverless_gateway"}
{"timestamp":"2026-09-17T11:18:22.789771Z","level":"ERROR","message":"usage crash point: SIGKILL after the ledger commit, before the cursor","last_seq":25,"target":"tachyon_serverless_application::usage"}

===== a start (failpoints: none) 11:18:22 =====
{"timestamp":"2026-09-17T11:18:22.899906Z","level":"INFO","message":"configuration loaded","config":"/private/var/folders/z7/khzdjrt95cg_fcmcnh4j1b5h0000gn/T/tsls-chaos.PFbHc1/gw-a.toml","target":"tachyon_serverless_gateway"}
{"timestamp":"2026-09-17T11:18:22.902116Z","level":"INFO","message":"connected successfully","server":"51398","max_payload":"1048576","target":"async_nats::connector"}
{"timestamp":"2026-09-17T11:18:22.902282Z","level":"INFO","message":"event: connected","target":"async_nats"}
{"timestamp":"2026-09-17T11:18:22.911585Z","level":"INFO","message":"JetStream queue connected and stream bootstrapped","url":"nats://127.0.0.1:51398","stream":"TACHYON_EVENTS","target":"tachyon_serverless_gateway::durable"}
{"timestamp":"2026-09-17T11:18:22.913993Z","level":"INFO","message":"state store opened","path":"/private/var/folders/z7/khzdjrt95cg_fcmcnh4j1b5h0000gn/T/tsls-chaos.PFbHc1/data/state.db","schema_version":8,"migrations_applied":"[]","imported_state_json":"None","settled_invocations":0,"settled_attempts":0,"settled_environments":0,"released_leases":0,"dropped_idempotency_keys":0,"purged_idempotency_keys":0,"outputs_purged":0,"target":"tachyon_serverless_application::app"}
{"timestamp":"2026-09-17T11:18:22.914341Z","level":"INFO","message":"dispatcher registered","dispatcher_id":"dsp_01m2qhdky2shq5sjhwvgkdzzfr","instance":"chaos-a","pid":31406,"lease_ttl_seconds":6,"target":"tachyon_serverless_application::services::dispatcher"}
{"timestamp":"2026-09-17T11:18:22.914853Z","level":"WARN","message":"reclaimed the work of dispatchers that lost their lease","dispatcher_id":"dsp_01m2qhdky2shq5sjhwvgkdzzfr","reclaimed_dispatchers":"[DispatcherId(dsp_01m2qhdkspsb1c35m7y7jepe1c)]","leases":0,"invocations":0,"attempts":0,"fenced":0,"target":"tachyon_serverless_application::services::dispatcher"}
{"timestamp":"2026-09-17T11:18:22.916480Z","level":"INFO","message":"application bootstrapped","profile":"dev","provider":"process","dev_only":true,"environment_reuse":false,"reuse_verified":false,"reuse_reason":"[pool] enabled is false","reuse_disabled":"Some(Configuration)","idle_quiesce":"unsupported","idle_resume":"unsupported","data_dir":"/private/var/folders/z7/khzdjrt95cg_fcmcnh4j1b5h0000gn/T/tsls-chaos.PFbHc1/data","store":"sqlite","dispatcher_id":"dsp_01m2qhdky2shq5sjhwvgkdzzfr","node":"local","node_region":"none","node_memory_mib":"None","max_concurrency":8,"queue":"nats","objects":"filesystem","invoke_async":true,"triggers":true,"target":"tachyon_serverless_application::app"}
{"timestamp":"2026-09-17T11:18:22.916955Z","level":"INFO","message":"startup reconcile finished","provider":"process","found":0,"adopted":0,"terminated":0,"disowned":0,"failed":0,"lost":0,"foreign":0,"reclaimed_dispatchers":0,"fenced_terminated":0,"fenced_pending":0,"target":"tachyon_serverless_application::services::reconcile"}
{"timestamp":"2026-09-17T11:18:22.917033Z","level":"INFO","message":"gateway listening","addr":"127.0.0.1:51402","profile":"dev","provider":"process","target":"tachyon_serverless_gateway"}
{"timestamp":"2026-09-17T11:18:22.918797Z","level":"INFO","message":"asynchronous dispatcher started","workers":2,"owner":"dsp_01m2qhdky2shq5sjhwvgkdzzfr","target":"tachyon_serverless_gateway"}
{"timestamp":"2026-09-17T11:18:22.940300Z","level":"INFO","message":"asynchronous run claimed","invocation_id":"inv_01m2qhdkcedbmytwa1cmn9zphd","attempt":1,"generation":2,"delivery_count":1,"target":"tachyon_serverless_application::services::invoke_async::dispatch"}
{"timestamp":"2026-09-17T11:18:23.198915Z","level":"INFO","message":"bridge spawned","environment_id":"env_01m2qhdkyw3abc1v6czg4kev0t","pid":31424,"target":"tachyon_serverless_provider_process"}
{"timestamp":"2026-09-17T11:18:23.484617Z","level":"INFO","message":"invocation finished","invocation_id":"inv_01m2qhdkcedbmytwa1cmn9zphd","status":"succeeded (async run)","handler_ms":1,"environment_boot_ms":5,"runtime_init_ms":277,"target":"tachyon_serverless_application::services::invoke"}
{"timestamp":"2026-09-17T11:18:23.486372Z","level":"INFO","message":"terminating bridge","environment_id":"env_01m2qhdkyw3abc1v6czg4kev0t","pid":31424,"reason":"Completed","graceful":true,"target":"tachyon_serverless_provider_process"}
{"timestamp":"2026-09-17T11:18:23.490416Z","level":"INFO","message":"asynchronous invocation settled","invocation_id":"inv_01m2qhdkcedbmytwa1cmn9zphd","status":"succeeded","target":"tachyon_serverless_application::services::invoke_async::dispatch"}
{"timestamp":"2026-09-17T11:18:23.496725Z","level":"INFO","message":"async dispatch: delivery handled","message_id":"inv_01m2qhdkcedbmytwa1cmn9zphd.g2","sequence":3,"delivery_count":1,"outcome":"Completed { status: \"succeeded\" }","target":"tachyon_serverless_application::services::invoke_async::dispatch"}
{"timestamp":"2026-09-17T11:18:23.644075Z","level":"INFO","message":"bridge spawned","environment_id":"env_01m2qhdmcrkr9pj9tacx1xgdeh","pid":31468,"target":"tachyon_serverless_provider_process"}
{"timestamp":"2026-09-17T11:18:23.660088Z","level":"INFO","message":"invocation finished","invocation_id":"inv_01m2qhdmcrs3ktv4t0kj2hegsw","status":"succeeded","handler_ms":0,"environment_boot_ms":7,"runtime_init_ms":7,"target":"tachyon_serverless_application::services::invoke"}
{"timestamp":"2026-09-17T11:18:23.661915Z","level":"INFO","message":"terminating bridge","environment_id":"env_01m2qhdmcrkr9pj9tacx1xgdeh","pid":31468,"reason":"Completed","graceful":true,"target":"tachyon_serverless_provider_process"}
{"timestamp":"2026-09-17T11:18:24.700096Z","level":"INFO","message":"SIGTERM received","target":"tachyon_serverless_gateway"}
{"timestamp":"2026-09-17T11:18:24.700132Z","level":"INFO","message":"shutdown requested; cancelling in-flight invocations","target":"tachyon_serverless_gateway"}
{"timestamp":"2026-09-17T11:18:24.700415Z","level":"INFO","message":"final usage collection","report":"CollectReport { batches: 0, read: 0, inserted: 0, duplicates: 0, cursor_seq: 60 }","target":"tachyon_serverless_gateway"}
{"timestamp":"2026-09-17T11:18:24.701609Z","level":"INFO","message":"gateway stopped","target":"tachyon_serverless_gateway"}
{"timestamp":"2026-09-17T11:18:24.701734Z","level":"INFO","message":"event: closed","target":"async_nats"}
