
===== a start (failpoints: none) 18:32:38 =====
{"timestamp":"2026-09-17T18:32:38.595962Z","level":"INFO","message":"configuration loaded","config":"/home/takanorifukuyama.guest/w/tsls-chaos.sG6dEa/gw-a.toml","target":"tachyon_serverless_gateway"}
{"timestamp":"2026-09-17T18:32:38.596506Z","level":"INFO","message":"egress restricted / public-web are unavailable on this host (egress none is unaffected)","reason":"net.ipv4.ip_forward is not 1 (guests could not reach anything)","target":"tachyon_serverless_provider_firecracker::provider"}
{"timestamp":"2026-09-17T18:32:38.597742Z","level":"INFO","message":"connected successfully","server":"36243","max_payload":"1048576","target":"async_nats::connector"}
{"timestamp":"2026-09-17T18:32:38.597878Z","level":"INFO","message":"event: connected","target":"async_nats"}
{"timestamp":"2026-09-17T18:32:38.602815Z","level":"INFO","message":"JetStream queue connected and stream bootstrapped","url":"nats://127.0.0.1:36243","stream":"TACHYON_EVENTS","target":"tachyon_serverless_gateway::durable"}
{"timestamp":"2026-09-17T18:32:38.613468Z","level":"INFO","message":"state store opened","path":"/home/takanorifukuyama.guest/w/tsls-chaos.sG6dEa/data/state.db","schema_version":8,"migrations_applied":"[1, 2, 3, 4, 5, 6, 7, 8]","imported_state_json":"None","settled_invocations":0,"settled_attempts":0,"settled_environments":0,"released_leases":0,"dropped_idempotency_keys":0,"purged_idempotency_keys":0,"outputs_purged":0,"target":"tachyon_serverless_application::app"}
{"timestamp":"2026-09-17T18:32:38.621099Z","level":"INFO","message":"log store opened","path":"/home/takanorifukuyama.guest/w/tsls-chaos.sG6dEa/data/logs/logs.db","healthy":true,"retention_seconds":604800,"max_total_bytes":1073741824,"target":"tachyon_serverless_application::app"}
{"timestamp":"2026-09-17T18:32:38.621662Z","level":"INFO","message":"dispatcher registered","dispatcher_id":"dsp_01m2ra8ryx72kxga2vcbxfknqg","instance":"chaos-a","pid":500552,"lease_ttl_seconds":6,"target":"tachyon_serverless_application::services::dispatcher"}
{"timestamp":"2026-09-17T18:32:38.631757Z","level":"INFO","message":"application bootstrapped","profile":"dev","provider":"firecracker","dev_only":false,"environment_reuse":true,"reuse_verified":true,"reuse_reason":"the provider reports both idle capabilities as supported and [pool] enabled is true","reuse_disabled":"None","idle_quiesce":"supported","idle_resume":"supported","data_dir":"/home/takanorifukuyama.guest/w/tsls-chaos.sG6dEa/data","store":"sqlite","dispatcher_id":"dsp_01m2ra8ryx72kxga2vcbxfknqg","node":"local","node_region":"none","node_memory_mib":"None","max_concurrency":8,"queue":"nats","objects":"filesystem","invoke_async":true,"triggers":true,"target":"tachyon_serverless_application::app"}
{"timestamp":"2026-09-17T18:32:38.632048Z","level":"INFO","message":"startup reconcile finished","provider":"firecracker","found":0,"adopted":0,"terminated":0,"disowned":0,"failed":0,"lost":0,"foreign":0,"reclaimed_dispatchers":0,"fenced_terminated":0,"fenced_pending":0,"target":"tachyon_serverless_application::services::reconcile"}
{"timestamp":"2026-09-17T18:32:38.632113Z","level":"INFO","message":"gateway listening","addr":"127.0.0.1:55537","profile":"dev","provider":"firecracker","target":"tachyon_serverless_gateway"}
{"timestamp":"2026-09-17T18:32:38.633211Z","level":"INFO","message":"asynchronous dispatcher started","workers":2,"owner":"dsp_01m2ra8ryx72kxga2vcbxfknqg","target":"tachyon_serverless_gateway"}
{"timestamp":"2026-09-17T18:32:42.511932Z","level":"INFO","message":"revision ready","revision_id":"rev_01m2ra8wpd5a268qjdv9hb80jr","function_id":"fn_01m2ra8whrwf6kr4tnzkwsmnec","target":"tachyon_serverless_application::services::revision"}
{"timestamp":"2026-09-17T18:32:42.791953Z","level":"INFO","message":"revision ready","revision_id":"rev_01m2ra8wz7bqxf0geegemqy68p","function_id":"fn_01m2ra8wtt1w5td4bwrz2sqvzb","target":"tachyon_serverless_application::services::revision"}
{"timestamp":"2026-09-17T18:32:43.066008Z","level":"INFO","message":"revision ready","revision_id":"rev_01m2ra8x7yg9e324zk2jjpn6zn","function_id":"fn_01m2ra8x3pmkdxfjjep90f0mne","target":"tachyon_serverless_application::services::revision"}
{"timestamp":"2026-09-17T18:32:43.147802Z","level":"INFO","message":"trigger created","trigger_id":"trg_01m2ra8xca5c1pzhs3wjxqjw3a","function_id":"fn_01m2ra8wtt1w5td4bwrz2sqvzb","kind":"cron","enabled":true,"next_fire_at":"Some(2026-09-17T18:32:44Z)","target":"tachyon_serverless_application::services::triggers"}
{"timestamp":"2026-09-17T18:32:43.154123Z","level":"INFO","message":"trigger created","trigger_id":"trg_01m2ra8xchmn2ef2qw2v5v9gsg","function_id":"fn_01m2ra8wtt1w5td4bwrz2sqvzb","kind":"webhook","enabled":true,"next_fire_at":"None","target":"tachyon_serverless_application::services::triggers"}
{"timestamp":"2026-09-17T18:32:44.002703Z","level":"INFO","message":"asynchronous invocation accepted","invocation_id":"inv_01m2ra8y71qpm5gh83zp8znedc","tenant_id":"tn_01hzzzzzzzzzzzzzzzzzzzzzza","revision_id":"rev_01m2ra8wz7bqxf0geegemqy68p","input_bytes":180,"input_storage":"inline","target":"tachyon_serverless_application::services::invoke_async"}
{"timestamp":"2026-09-17T18:32:44.002741Z","level":"INFO","message":"cron trigger fired","trigger_id":"trg_01m2ra8xca5c1pzhs3wjxqjw3a","scheduled_at":"2026-09-17T18:32:44Z","invocation_id":"inv_01m2ra8y71qpm5gh83zp8znedc","revision_id":"rev_01m2ra8wz7bqxf0geegemqy68p","replayed":false,"target":"tachyon_serverless_application::services::triggers"}
{"timestamp":"2026-09-17T18:32:46.018037Z","level":"INFO","message":"asynchronous invocation accepted","invocation_id":"inv_01m2ra905qyzyv4mr19hv8mpph","tenant_id":"tn_01hzzzzzzzzzzzzzzzzzzzzzza","revision_id":"rev_01m2ra8wz7bqxf0geegemqy68p","input_bytes":180,"input_storage":"inline","target":"tachyon_serverless_application::services::invoke_async"}
{"timestamp":"2026-09-17T18:32:46.018084Z","level":"INFO","message":"cron trigger fired","trigger_id":"trg_01m2ra8xca5c1pzhs3wjxqjw3a","scheduled_at":"2026-09-17T18:32:46Z","invocation_id":"inv_01m2ra905qyzyv4mr19hv8mpph","revision_id":"rev_01m2ra8wz7bqxf0geegemqy68p","replayed":false,"target":"tachyon_serverless_application::services::triggers"}
{"timestamp":"2026-09-17T18:32:46.848039Z","level":"INFO","message":"firecracker spawned","env_id":"env_01m2ra90xex5h6mec3nxyd9k9k","pid":500920,"instance_id":"env-01m2ra90xex5h6mec3nxyd9k9k","jailed":true,"cgroup":"/sys/fs/cgroup/tachyon/env_01m2ra90xex5h6mec3nxyd9k9k","target":"tachyon_serverless_provider_firecracker::provider"}
{"timestamp":"2026-09-17T18:32:46.857619Z","level":"INFO","message":"InstanceStart accepted","env_id":"env_01m2ra90xex5h6mec3nxyd9k9k","vcpus":1,"mem_mib":256,"scratch_bytes":268435456,"target":"tachyon_serverless_provider_firecracker::provider"}
{"timestamp":"2026-09-17T18:32:48.003755Z","level":"INFO","message":"asynchronous invocation accepted","invocation_id":"inv_01m2ra9242gdra07438pajda88","tenant_id":"tn_01hzzzzzzzzzzzzzzzzzzzzzza","revision_id":"rev_01m2ra8wz7bqxf0geegemqy68p","input_bytes":180,"input_storage":"inline","target":"tachyon_serverless_application::services::invoke_async"}
{"timestamp":"2026-09-17T18:32:48.003794Z","level":"INFO","message":"cron trigger fired","trigger_id":"trg_01m2ra8xca5c1pzhs3wjxqjw3a","scheduled_at":"2026-09-17T18:32:48Z","invocation_id":"inv_01m2ra9242gdra07438pajda88","revision_id":"rev_01m2ra8wz7bqxf0geegemqy68p","replayed":false,"target":"tachyon_serverless_application::services::triggers"}
{"timestamp":"2026-09-17T18:32:48.007514Z","level":"INFO","message":"asynchronous run claimed","invocation_id":"inv_01m2ra9242gdra07438pajda88","attempt":1,"generation":0,"delivery_count":1,"target":"tachyon_serverless_application::services::invoke_async::dispatch"}
{"timestamp":"2026-09-17T18:32:48.008063Z","level":"INFO","message":"async dispatch: delivery handled","message_id":"inv_01m2ra8y71qpm5gh83zp8znedc","sequence":1,"delivery_count":2,"outcome":"Skipped(\"claimed\")","target":"tachyon_serverless_application::services::invoke_async::dispatch"}
{"timestamp":"2026-09-17T18:32:48.089837Z","level":"INFO","message":"firecracker spawned","env_id":"env_01m2ra9248vfmxx7f3w5k6rfba","pid":500927,"instance_id":"env-01m2ra9248vfmxx7f3w5k6rfba","jailed":true,"cgroup":"/sys/fs/cgroup/tachyon/env_01m2ra9248vfmxx7f3w5k6rfba","target":"tachyon_serverless_provider_firecracker::provider"}
{"timestamp":"2026-09-17T18:32:48.098669Z","level":"INFO","message":"InstanceStart accepted","env_id":"env_01m2ra9248vfmxx7f3w5k6rfba","vcpus":1,"mem_mib":256,"scratch_bytes":268435456,"target":"tachyon_serverless_provider_firecracker::provider"}
{"timestamp":"2026-09-17T18:32:50.005352Z","level":"INFO","message":"asynchronous invocation accepted","invocation_id":"inv_01m2ra942k6beb6xazvdsdc6rd","tenant_id":"tn_01hzzzzzzzzzzzzzzzzzzzzzza","revision_id":"rev_01m2ra8wz7bqxf0geegemqy68p","input_bytes":180,"input_storage":"inline","target":"tachyon_serverless_application::services::invoke_async"}
{"timestamp":"2026-09-17T18:32:50.005403Z","level":"INFO","message":"cron trigger fired","trigger_id":"trg_01m2ra8xca5c1pzhs3wjxqjw3a","scheduled_at":"2026-09-17T18:32:50Z","invocation_id":"inv_01m2ra942k6beb6xazvdsdc6rd","revision_id":"rev_01m2ra8wz7bqxf0geegemqy68p","replayed":false,"target":"tachyon_serverless_application::services::triggers"}
{"timestamp":"2026-09-17T18:32:50.009534Z","level":"INFO","message":"asynchronous run claimed","invocation_id":"inv_01m2ra942k6beb6xazvdsdc6rd","attempt":1,"generation":0,"delivery_count":1,"target":"tachyon_serverless_application::services::invoke_async::dispatch"}
{"timestamp":"2026-09-17T18:32:50.098006Z","level":"INFO","message":"firecracker spawned","env_id":"env_01m2ra942sw7sd0cvg1zzd3j1c","pid":500934,"instance_id":"env-01m2ra942sw7sd0cvg1zzd3j1c","jailed":true,"cgroup":"/sys/fs/cgroup/tachyon/env_01m2ra942sw7sd0cvg1zzd3j1c","target":"tachyon_serverless_provider_firecracker::provider"}
{"timestamp":"2026-09-17T18:32:50.110438Z","level":"INFO","message":"InstanceStart accepted","env_id":"env_01m2ra942sw7sd0cvg1zzd3j1c","vcpus":1,"mem_mib":256,"scratch_bytes":268435456,"target":"tachyon_serverless_provider_firecracker::provider"}
{"timestamp":"2026-09-17T18:32:52.003791Z","level":"INFO","message":"asynchronous invocation accepted","invocation_id":"inv_01m2ra9612n7vpwc0nkkmj2he9","tenant_id":"tn_01hzzzzzzzzzzzzzzzzzzzzzza","revision_id":"rev_01m2ra8wz7bqxf0geegemqy68p","input_bytes":180,"input_storage":"inline","target":"tachyon_serverless_application::services::invoke_async"}
{"timestamp":"2026-09-17T18:32:52.003831Z","level":"INFO","message":"cron trigger fired","trigger_id":"trg_01m2ra8xca5c1pzhs3wjxqjw3a","scheduled_at":"2026-09-17T18:32:52Z","invocation_id":"inv_01m2ra9612n7vpwc0nkkmj2he9","revision_id":"rev_01m2ra8wz7bqxf0geegemqy68p","replayed":false,"target":"tachyon_serverless_application::services::triggers"}
{"timestamp":"2026-09-17T18:32:53.217616Z","level":"INFO","message":"invocation finished","invocation_id":"inv_01m2ra90xd18g9v5fpp25ba14r","status":"succeeded","handler_ms":114,"environment_boot_ms":5777,"runtime_init_ms":495,"target":"tachyon_serverless_application::services::invoke"}
{"timestamp":"2026-09-17T18:32:53.245775Z","level":"INFO","message":"asynchronous invocation accepted","invocation_id":"inv_01m2ra977vp6z0f3n93ak99ez3","tenant_id":"tn_01hzzzzzzzzzzzzzzzzzzzzzza","revision_id":"rev_01m2ra8wpd5a268qjdv9hb80jr","input_bytes":49,"input_storage":"inline","target":"tachyon_serverless_application::services::invoke_async"}
{"timestamp":"2026-09-17T18:32:53.286922Z","level":"INFO","message":"asynchronous invocation accepted","invocation_id":"inv_01m2ra978sty74cy26zxe4zw4q","tenant_id":"tn_01hzzzzzzzzzzzzzzzzzzzzzza","revision_id":"rev_01m2ra8wpd5a268qjdv9hb80jr","input_bytes":4129,"input_storage":"object","target":"tachyon_serverless_application::services::invoke_async"}
{"timestamp":"2026-09-17T18:32:53.310715Z","level":"INFO","message":"asynchronous invocation accepted","invocation_id":"inv_01m2ra979vz0qnwzzayahg6gg2","tenant_id":"tn_01hzzzzzzzzzzzzzzzzzzzzzza","revision_id":"rev_01m2ra8wz7bqxf0geegemqy68p","input_bytes":193,"input_storage":"inline","target":"tachyon_serverless_application::services::invoke_async"}
{"timestamp":"2026-09-17T18:32:53.310757Z","level":"INFO","message":"webhook trigger fired","trigger_id":"trg_01m2ra8xchmn2ef2qw2v5v9gsg","event_id":"evt-pre-a-w1","invocation_id":"inv_01m2ra979vz0qnwzzayahg6gg2","revision_id":"rev_01m2ra8wz7bqxf0geegemqy68p","replayed":false,"target":"tachyon_serverless_application::services::triggers"}
{"timestamp":"2026-09-17T18:32:53.529056Z","level":"INFO","message":"trigger updated","trigger_id":"trg_01m2ra8xca5c1pzhs3wjxqjw3a","generation":2,"status":"disabled","next_fire_at":"None","rotated_secret":false,"target":"tachyon_serverless_application::services::triggers"}
{"timestamp":"2026-09-17T18:32:53.649845Z","level":"INFO","message":"firecracker spawned","env_id":"env_01m2ra97hfwztj1jevmk2vyq9m","pid":501138,"instance_id":"env-01m2ra97hfwztj1jevmk2vyq9m","jailed":true,"cgroup":"/sys/fs/cgroup/tachyon/env_01m2ra97hfwztj1jevmk2vyq9m","target":"tachyon_serverless_provider_firecracker::provider"}
{"timestamp":"2026-09-17T18:32:53.656935Z","level":"INFO","message":"InstanceStart accepted","env_id":"env_01m2ra97hfwztj1jevmk2vyq9m","vcpus":1,"mem_mib":256,"scratch_bytes":268435456,"target":"tachyon_serverless_provider_firecracker::provider"}
{"timestamp":"2026-09-17T18:32:55.394390Z","level":"INFO","message":"invocation finished","invocation_id":"inv_01m2ra9242gdra07438pajda88","status":"succeeded (async run)","handler_ms":206,"environment_boot_ms":6512,"runtime_init_ms":601,"target":"tachyon_serverless_application::services::invoke"}
{"timestamp":"2026-09-17T18:32:55.398133Z","level":"INFO","message":"asynchronous invocation settled","invocation_id":"inv_01m2ra9242gdra07438pajda88","status":"succeeded","target":"tachyon_serverless_application::services::invoke_async::dispatch"}
{"timestamp":"2026-09-17T18:32:55.398420Z","level":"INFO","message":"async dispatch: delivery handled","message_id":"inv_01m2ra9242gdra07438pajda88","sequence":3,"delivery_count":1,"outcome":"Completed { status: \"succeeded\" }","target":"tachyon_serverless_application::services::invoke_async::dispatch"}
{"timestamp":"2026-09-17T18:32:55.399968Z","level":"INFO","message":"async dispatch: delivery handled","message_id":"inv_01m2ra942k6beb6xazvdsdc6rd","sequence":4,"delivery_count":2,"outcome":"Skipped(\"claimed\")","target":"tachyon_serverless_application::services::invoke_async::dispatch"}
{"timestamp":"2026-09-17T18:32:55.400690Z","level":"INFO","message":"asynchronous run claimed","invocation_id":"inv_01m2ra979vz0qnwzzayahg6gg2","attempt":1,"generation":0,"delivery_count":1,"target":"tachyon_serverless_application::services::invoke_async::dispatch"}
{"timestamp":"2026-09-17T18:32:55.450167Z","level":"INFO","message":"cgroup stats at teardown","env_id":"env_01m2ra9248vfmxx7f3w5k6rfba","cgroup":"/sys/fs/cgroup/tachyon/env_01m2ra9248vfmxx7f3w5k6rfba","stats":"{\"cpu.max\":\"50000 100000\",\"cpu.stat\":{\"burst_usec\":0,\"core_sched.force_idle_usec\":0,\"nice_usec\":0,\"nr_bursts\":0,\"nr_periods\":74,\"nr_throttled\":72,\"system_usec\":2101220,\"throttled_usec\":3256888,\"usage_usec\":3690019,\"user_usec\":1588798},\"memory.current\":3956736,\"memory.events\":{\"high\":0,\"low\":0,\"max\":0,\"oom\":0,\"oom_group_kill\":0,\"oom_kill\":0,\"sock_throttled\":0},\"memory.max\":335544320,\"memory.peak\":42934272,\"pids.max\":64,\"pids.peak\":3}","target":"tachyon_serverless_provider_firecracker::provider"}
{"timestamp":"2026-09-17T18:32:55.451823Z","level":"INFO","message":"environment terminated","env_id":"env_01m2ra9248vfmxx7f3w5k6rfba","reason":"Quiesced","was_running":true,"target":"tachyon_serverless_provider_firecracker::provider"}
{"timestamp":"2026-09-17T18:32:55.505449Z","level":"INFO","message":"invocation finished","invocation_id":"inv_01m2ra979vz0qnwzzayahg6gg2","status":"succeeded (async run)","handler_ms":97,"environment_boot_ms":0,"runtime_init_ms":0,"target":"tachyon_serverless_application::services::invoke"}
{"timestamp":"2026-09-17T18:32:55.510236Z","level":"INFO","message":"asynchronous invocation settled","invocation_id":"inv_01m2ra979vz0qnwzzayahg6gg2","status":"succeeded","target":"tachyon_serverless_application::services::invoke_async::dispatch"}
{"timestamp":"2026-09-17T18:32:55.511030Z","level":"INFO","message":"async dispatch: delivery handled","message_id":"inv_01m2ra979vz0qnwzzayahg6gg2","sequence":8,"delivery_count":1,"outcome":"Completed { status: \"succeeded\" }","target":"tachyon_serverless_application::services::invoke_async::dispatch"}
{"timestamp":"2026-09-17T18:32:55.511935Z","level":"INFO","message":"asynchronous run claimed","invocation_id":"inv_01m2ra97ek25ar23tff39j6rcy","attempt":1,"generation":0,"delivery_count":1,"target":"tachyon_serverless_application::services::invoke_async::dispatch"}
{"timestamp":"2026-09-17T18:32:55.597307Z","level":"INFO","message":"egress policy installed and verified","env_id":"env_01m2ra99er0tbja6p1svy0hcd1","egress":"restricted","tap":"tsls02e93a09cb8","guest_ip":"172.30.0.10","rules":5,"ms":9,"target":"tachyon_serverless_provider_firecracker::provider"}
{"timestamp":"2026-09-17T18:32:55.612124Z","level":"INFO","message":"firecracker spawned","env_id":"env_01m2ra99er0tbja6p1svy0hcd1","pid":501180,"instance_id":"env-01m2ra99er0tbja6p1svy0hcd1","jailed":true,"cgroup":"/sys/fs/cgroup/tachyon/env_01m2ra99er0tbja6p1svy0hcd1","target":"tachyon_serverless_provider_firecracker::provider"}
{"timestamp":"2026-09-17T18:32:55.628272Z","level":"INFO","message":"InstanceStart accepted","env_id":"env_01m2ra99er0tbja6p1svy0hcd1","vcpus":1,"mem_mib":256,"scratch_bytes":268435456,"target":"tachyon_serverless_provider_firecracker::provider"}
{"timestamp":"2026-09-17T18:32:57.968371Z","level":"INFO","message":"invocation finished","invocation_id":"inv_01m2ra942k6beb6xazvdsdc6rd","status":"succeeded (async run)","handler_ms":195,"environment_boot_ms":6991,"runtime_init_ms":702,"target":"tachyon_serverless_application::services::invoke"}
{"timestamp":"2026-09-17T18:32:57.973168Z","level":"INFO","message":"asynchronous invocation settled","invocation_id":"inv_01m2ra942k6beb6xazvdsdc6rd","status":"succeeded","target":"tachyon_serverless_application::services::invoke_async::dispatch"}
{"timestamp":"2026-09-17T18:32:57.973507Z","level":"INFO","message":"async dispatch: delivery handled","message_id":"inv_01m2ra942k6beb6xazvdsdc6rd","sequence":4,"delivery_count":1,"outcome":"Completed { status: \"succeeded\" }","target":"tachyon_serverless_application::services::invoke_async::dispatch"}
{"timestamp":"2026-09-17T18:32:57.974977Z","level":"INFO","message":"async dispatch: delivery handled","message_id":"inv_01m2ra977vp6z0f3n93ak99ez3","sequence":6,"delivery_count":2,"outcome":"Skipped(\"claimed\")","target":"tachyon_serverless_application::services::invoke_async::dispatch"}
{"timestamp":"2026-09-17T18:32:57.976489Z","level":"INFO","message":"async dispatch: delivery handled","message_id":"inv_01m2ra978sty74cy26zxe4zw4q","sequence":7,"delivery_count":2,"outcome":"Skipped(\"claimed\")","target":"tachyon_serverless_application::services::invoke_async::dispatch"}
{"timestamp":"2026-09-17T18:32:57.979365Z","level":"INFO","message":"asynchronous run claimed","invocation_id":"inv_01m2ra97fevjz9yt9hc6ekft3q","attempt":1,"generation":0,"delivery_count":1,"target":"tachyon_serverless_application::services::invoke_async::dispatch"}
{"timestamp":"2026-09-17T18:32:58.025817Z","level":"INFO","message":"cgroup stats at teardown","env_id":"env_01m2ra942sw7sd0cvg1zzd3j1c","cgroup":"/sys/fs/cgroup/tachyon/env_01m2ra942sw7sd0cvg1zzd3j1c","stats":"{\"cpu.max\":\"50000 100000\",\"cpu.stat\":{\"burst_usec\":0,\"core_sched.force_idle_usec\":0,\"nice_usec\":0,\"nr_bursts\":0,\"nr_periods\":80,\"nr_throttled\":78,\"system_usec\":2166650,\"throttled_usec\":3540050,\"usage_usec\":3976975,\"user_usec\":1810325},\"memory.current\":4177920,\"memory.events\":{\"high\":0,\"low\":0,\"max\":0,\"oom\":0,\"oom_group_kill\":0,\"oom_kill\":0,\"sock_throttled\":0},\"memory.max\":335544320,\"memory.peak\":42881024,\"pids.max\":64,\"pids.peak\":3}","target":"tachyon_serverless_provider_firecracker::provider"}
{"timestamp":"2026-09-17T18:32:58.030190Z","level":"INFO","message":"environment terminated","env_id":"env_01m2ra942sw7sd0cvg1zzd3j1c","reason":"Quiesced","was_running":true,"target":"tachyon_serverless_provider_firecracker::provider"}
{"timestamp":"2026-09-17T18:32:58.071116Z","level":"INFO","message":"egress policy installed and verified","env_id":"env_01m2ra9bvwnaax2hs0t69rhyg7","egress":"restricted","tap":"tsls7e0df140ee1","guest_ip":"172.30.0.14","rules":5,"ms":13,"target":"tachyon_serverless_provider_firecracker::provider"}
{"timestamp":"2026-09-17T18:32:58.094485Z","level":"INFO","message":"firecracker spawned","env_id":"env_01m2ra9bvwnaax2hs0t69rhyg7","pid":501238,"instance_id":"env-01m2ra9bvwnaax2hs0t69rhyg7","jailed":true,"cgroup":"/sys/fs/cgroup/tachyon/env_01m2ra9bvwnaax2hs0t69rhyg7","target":"tachyon_serverless_provider_firecracker::provider"}
{"timestamp":"2026-09-17T18:32:58.106874Z","level":"INFO","message":"InstanceStart accepted","env_id":"env_01m2ra9bvwnaax2hs0t69rhyg7","vcpus":1,"mem_mib":256,"scratch_bytes":268435456,"target":"tachyon_serverless_provider_firecracker::provider"}
{"timestamp":"2026-09-17T18:33:00.520294Z","level":"INFO","message":"object retention pass","report":"GcReport { examined: 2, collected_expired: 0, collected_orphans: 0, kept_in_use: 2, kept_referenced: 0, incomplete_removed: 0, tombstones_purged: 0, failed: 0 }","target":"tachyon_serverless_gateway"}
{"timestamp":"2026-09-17T18:33:02.521540Z","level":"INFO","message":"object retention pass","report":"GcReport { examined: 2, collected_expired: 0, collected_orphans: 0, kept_in_use: 1, kept_referenced: 1, incomplete_removed: 0, tombstones_purged: 0, failed: 0 }","target":"tachyon_serverless_gateway"}
{"timestamp":"2026-09-17T18:33:09.438017Z","level":"WARN","message":"this process was not running for a while (stopped, frozen or starved): a lease that passed meanwhile is not taken back","stalled_ms":6907,"target":"tachyon_serverless_application::services::dispatcher"}
{"timestamp":"2026-09-17T18:33:09.438060Z","level":"ERROR","message":"dispatcher lease lost: refusing new invocations; in-flight completions will be refused if another dispatcher reclaimed them","dispatcher_id":"dsp_01m2ra8ryx72kxga2vcbxfknqg","target":"tachyon_serverless_application::services::dispatcher"}
{"timestamp":"2026-09-17T18:33:09.438331Z","level":"WARN","message":"cannot record invocation outcome","error":"Invocation is already in a terminal state (outcome_unknown); further updates are rejected","invocation_id":"inv_01m2ra97h8n9qf56bwxada1a51","target":"tachyon_serverless_application::services::invoke"}
{"timestamp":"2026-09-17T18:33:09.438528Z","level":"WARN","message":"async dispatch: the claim was taken over while running; this run's outcome will be refused","invocation_id":"inv_01m2ra97fevjz9yt9hc6ekft3q","target":"tachyon_serverless_application::services::invoke_async::dispatch"}
{"timestamp":"2026-09-17T18:33:09.438692Z","level":"WARN","message":"boot failed; cleaning up","env_id":"env_01m2ra99er0tbja6p1svy0hcd1","error":"boot failed: firecracker exited before the guest bridge connected (vmm pid 501180 is gone)\n--- console.log (tail) ---\n</home/takanorifukuyama.guest/w/tsls-chaos.sG6dEa/data/fc/env_01m2ra99er0tbja6p1svy0hcd1/console.log not readable>\n--- fc.log (tail) ---\n</home/takanorifukuyama.guest/w/tsls-chaos.sG6dEa/data/fc/env_01m2ra99er0tbja6p1svy0hcd1/fc.log not readable>","target":"tachyon_serverless_provider_firecracker::provider"}
{"timestamp":"2026-09-17T18:33:09.438804Z","level":"WARN","message":"stale completion refused: another dispatcher reclaimed this slot","invocation_id":"inv_01m2ra97h8n9qf56bwxada1a51","attempt_id":"att_01m2ra9g3p997v989n26yhpjhq","epoch":1,"reason":"lease lse_01m2ra9g3pkw5rm6b05ghx7wgn is already released","target":"tachyon_serverless_application::services::invoke"}
{"timestamp":"2026-09-17T18:33:09.438987Z","level":"WARN","message":"async dispatch: the claim was taken over while running; this run's outcome will be refused","invocation_id":"inv_01m2ra97ek25ar23tff39j6rcy","target":"tachyon_serverless_application::services::invoke_async::dispatch"}
{"timestamp":"2026-09-17T18:33:09.439677Z","level":"INFO","message":"object retention pass","report":"GcReport { examined: 2, collected_expired: 0, collected_orphans: 0, kept_in_use: 0, kept_referenced: 2, incomplete_removed: 0, tombstones_purged: 0, failed: 0 }","target":"tachyon_serverless_gateway"}
{"timestamp":"2026-09-17T18:33:09.439936Z","level":"WARN","message":"environment update failed","error":"refused: environment env_01m2ra9bvwnaax2hs0t69rhyg7 is lost and final","environment_id":"env_01m2ra9bvwnaax2hs0t69rhyg7","target":"tachyon_serverless_application::services::invoke"}
{"timestamp":"2026-09-17T18:33:09.442498Z","level":"INFO","message":"environment terminated","env_id":"env_01m2ra97hfwztj1jevmk2vyq9m","reason":"Crashed","was_running":false,"target":"tachyon_serverless_provider_firecracker::provider"}
{"timestamp":"2026-09-17T18:33:09.442541Z","level":"WARN","message":"environment update failed","error":"refused: environment env_01m2ra9bvwnaax2hs0t69rhyg7 is lost and final","environment_id":"env_01m2ra9bvwnaax2hs0t69rhyg7","target":"tachyon_serverless_application::services::invoke"}
{"timestamp":"2026-09-17T18:33:09.443134Z","level":"WARN","message":"environment creation failed","error":"boot failed: firecracker exited before the guest bridge connected (vmm pid 501180 is gone)\n--- console.log (tail) ---\n</home/takanorifukuyama.guest/w/tsls-chaos.sG6dEa/data/fc/env_01m2ra99er0tbja6p1svy0hcd1/console.log not readable>\n--- fc.log (tail) ---\n</home/takanorifukuyama.guest/w/tsls-chaos.sG6dEa/data/fc/env_01m2ra99er0tbja6p1svy0hcd1/fc.log not readable>","environment_id":"env_01m2ra99er0tbja6p1svy0hcd1","target":"tachyon_serverless_application::services::invoke"}
{"timestamp":"2026-09-17T18:33:09.443213Z","level":"WARN","message":"environment update failed","error":"refused: environment env_01m2ra99er0tbja6p1svy0hcd1 is lost and final","environment_id":"env_01m2ra99er0tbja6p1svy0hcd1","target":"tachyon_serverless_application::services::invoke"}
{"timestamp":"2026-09-17T18:33:09.443408Z","level":"INFO","message":"environment fenced by a reclaim: its stop is reported by the reclaimer","environment_id":"env_01m2ra99er0tbja6p1svy0hcd1","target":"tachyon_serverless_application::services::invoke"}
{"timestamp":"2026-09-17T18:33:09.443519Z","level":"INFO","message":"environment terminated","env_id":"env_01m2ra9bvwnaax2hs0t69rhyg7","reason":"InitFailed","was_running":false,"target":"tachyon_serverless_provider_firecracker::provider"}
{"timestamp":"2026-09-17T18:33:09.443568Z","level":"WARN","message":"environment update failed","error":"refused: environment env_01m2ra97hfwztj1jevmk2vyq9m is lost and final","environment_id":"env_01m2ra97hfwztj1jevmk2vyq9m","target":"tachyon_serverless_application::services::invoke"}
{"timestamp":"2026-09-17T18:33:09.443804Z","level":"INFO","message":"environment fenced by a reclaim: its stop is reported by the reclaimer","environment_id":"env_01m2ra9bvwnaax2hs0t69rhyg7","target":"tachyon_serverless_application::services::invoke"}
{"timestamp":"2026-09-17T18:33:09.443862Z","level":"WARN","message":"async dispatch: the ledger failed; the message is redelivered","message_id":"inv_01m2ra97ek25ar23tff39j6rcy","error":"platform error: cannot requeue invocation inv_01m2ra97ek25ar23tff39j6rcy: Invocation is already in a terminal state (succeeded); further updates are rejected","target":"tachyon_serverless_application::services::invoke_async::dispatch"}
{"timestamp":"2026-09-17T18:33:09.443934Z","level":"INFO","message":"environment fenced by a reclaim: its stop is reported by the reclaimer","environment_id":"env_01m2ra97hfwztj1jevmk2vyq9m","target":"tachyon_serverless_application::services::invoke"}
{"timestamp":"2026-09-17T18:33:09.443994Z","level":"WARN","message":"async dispatch: the ledger failed; the message is redelivered","message_id":"inv_01m2ra97fevjz9yt9hc6ekft3q","error":"platform error: cannot requeue invocation inv_01m2ra97fevjz9yt9hc6ekft3q: Invocation is already in a terminal state (succeeded); further updates are rejected","target":"tachyon_serverless_application::services::invoke_async::dispatch"}
{"timestamp":"2026-09-17T18:33:10.520490Z","level":"INFO","message":"object retention pass","report":"GcReport { examined: 2, collected_expired: 0, collected_orphans: 0, kept_in_use: 0, kept_referenced: 2, incomplete_removed: 0, tombstones_purged: 0, failed: 0 }","target":"tachyon_serverless_gateway"}
{"timestamp":"2026-09-17T18:33:12.525077Z","level":"INFO","message":"object retention pass","report":"GcReport { examined: 2, collected_expired: 0, collected_orphans: 0, kept_in_use: 0, kept_referenced: 2, incomplete_removed: 0, tombstones_purged: 0, failed: 0 }","target":"tachyon_serverless_gateway"}
{"timestamp":"2026-09-17T18:33:14.382958Z","level":"INFO","message":"object retention pass","report":"GcReport { examined: 2, collected_expired: 0, collected_orphans: 0, kept_in_use: 0, kept_referenced: 2, incomplete_removed: 0, tombstones_purged: 0, failed: 0 }","target":"tachyon_serverless_gateway"}
{"timestamp":"2026-09-17T18:33:14.475510Z","level":"INFO","message":"SIGTERM received","target":"tachyon_serverless_gateway"}
{"timestamp":"2026-09-17T18:33:14.475540Z","level":"INFO","message":"shutdown requested; cancelling in-flight invocations","target":"tachyon_serverless_gateway"}
{"timestamp":"2026-09-17T18:33:14.477839Z","level":"INFO","message":"final usage collection","report":"CollectReport { batches: 1, read: 2, inserted: 2, duplicates: 0, cursor_seq: 62 }","target":"tachyon_serverless_gateway"}
{"timestamp":"2026-09-17T18:33:14.481438Z","level":"INFO","message":"gateway stopped","target":"tachyon_serverless_gateway"}
{"timestamp":"2026-09-17T18:33:14.481671Z","level":"INFO","message":"event: closed","target":"async_nats"}

===== a start (failpoints: none) 18:33:14 =====
{"timestamp":"2026-09-17T18:33:14.588247Z","level":"INFO","message":"configuration loaded","config":"/home/takanorifukuyama.guest/w/tsls-chaos.sG6dEa/gw-a.toml","target":"tachyon_serverless_gateway"}
{"timestamp":"2026-09-17T18:33:14.591184Z","level":"INFO","message":"connected successfully","server":"36243","max_payload":"1048576","target":"async_nats::connector"}
{"timestamp":"2026-09-17T18:33:14.591310Z","level":"INFO","message":"event: connected","target":"async_nats"}
{"timestamp":"2026-09-17T18:33:14.594779Z","level":"INFO","message":"JetStream queue connected and stream bootstrapped","url":"nats://127.0.0.1:36243","stream":"TACHYON_EVENTS","target":"tachyon_serverless_gateway::durable"}
{"timestamp":"2026-09-17T18:33:14.596120Z","level":"INFO","message":"state store opened","path":"/home/takanorifukuyama.guest/w/tsls-chaos.sG6dEa/data/state.db","schema_version":8,"migrations_applied":"[]","imported_state_json":"None","settled_invocations":0,"settled_attempts":0,"settled_environments":0,"released_leases":0,"dropped_idempotency_keys":0,"purged_idempotency_keys":0,"outputs_purged":0,"target":"tachyon_serverless_application::app"}
{"timestamp":"2026-09-17T18:33:14.597197Z","level":"INFO","message":"log store opened","path":"/home/takanorifukuyama.guest/w/tsls-chaos.sG6dEa/data/logs/logs.db","healthy":true,"retention_seconds":604800,"max_total_bytes":1073741824,"target":"tachyon_serverless_application::app"}
{"timestamp":"2026-09-17T18:33:14.597901Z","level":"INFO","message":"dispatcher registered","dispatcher_id":"dsp_01m2ra9w35pnnsgatmv7wkzjdh","instance":"chaos-a","pid":501575,"lease_ttl_seconds":6,"target":"tachyon_serverless_application::services::dispatcher"}
{"timestamp":"2026-09-17T18:33:14.599003Z","level":"INFO","message":"application bootstrapped","profile":"dev","provider":"firecracker","dev_only":false,"environment_reuse":true,"reuse_verified":true,"reuse_reason":"the provider reports both idle capabilities as supported and [pool] enabled is true","reuse_disabled":"None","idle_quiesce":"supported","idle_resume":"supported","data_dir":"/home/takanorifukuyama.guest/w/tsls-chaos.sG6dEa/data","store":"sqlite","dispatcher_id":"dsp_01m2ra9w35pnnsgatmv7wkzjdh","node":"local","node_region":"none","node_memory_mib":"None","max_concurrency":8,"queue":"nats","objects":"filesystem","invoke_async":true,"triggers":true,"target":"tachyon_serverless_application::app"}
{"timestamp":"2026-09-17T18:33:14.601559Z","level":"INFO","message":"startup reconcile finished","provider":"firecracker","found":2,"adopted":0,"terminated":0,"disowned":0,"failed":0,"lost":0,"foreign":2,"reclaimed_dispatchers":0,"fenced_terminated":0,"fenced_pending":0,"target":"tachyon_serverless_application::services::reconcile"}
{"timestamp":"2026-09-17T18:33:14.601627Z","level":"INFO","message":"gateway listening","addr":"127.0.0.1:55537","profile":"dev","provider":"firecracker","target":"tachyon_serverless_gateway"}
{"timestamp":"2026-09-17T18:33:14.602721Z","level":"INFO","message":"asynchronous dispatcher started","workers":2,"owner":"dsp_01m2ra9w35pnnsgatmv7wkzjdh","target":"tachyon_serverless_gateway"}
{"timestamp":"2026-09-17T18:33:14.607910Z","level":"INFO","message":"object retention pass","report":"GcReport { examined: 2, collected_expired: 0, collected_orphans: 0, kept_in_use: 0, kept_referenced: 2, incomplete_removed: 0, tombstones_purged: 0, failed: 0 }","target":"tachyon_serverless_gateway"}
{"timestamp":"2026-09-17T18:33:16.605961Z","level":"INFO","message":"object retention pass","report":"GcReport { examined: 2, collected_expired: 0, collected_orphans: 0, kept_in_use: 0, kept_referenced: 2, incomplete_removed: 0, tombstones_purged: 0, failed: 0 }","target":"tachyon_serverless_gateway"}
{"timestamp":"2026-09-17T18:33:18.277944Z","level":"INFO","message":"firecracker spawned","env_id":"env_01m2ra9zkgrhf68r5v8vx7rb2b","pid":501610,"instance_id":"env-01m2ra9zkgrhf68r5v8vx7rb2b","jailed":true,"cgroup":"/sys/fs/cgroup/tachyon/env_01m2ra9zkgrhf68r5v8vx7rb2b","target":"tachyon_serverless_provider_firecracker::provider"}
{"timestamp":"2026-09-17T18:33:18.286926Z","level":"INFO","message":"InstanceStart accepted","env_id":"env_01m2ra9zkgrhf68r5v8vx7rb2b","vcpus":1,"mem_mib":256,"scratch_bytes":268435456,"target":"tachyon_serverless_provider_firecracker::provider"}
{"timestamp":"2026-09-17T18:33:18.607052Z","level":"INFO","message":"object retention pass","report":"GcReport { examined: 2, collected_expired: 0, collected_orphans: 0, kept_in_use: 0, kept_referenced: 2, incomplete_removed: 0, tombstones_purged: 0, failed: 0 }","target":"tachyon_serverless_gateway"}
{"timestamp":"2026-09-17T18:33:20.605510Z","level":"INFO","message":"object retention pass","report":"GcReport { examined: 2, collected_expired: 0, collected_orphans: 0, kept_in_use: 0, kept_referenced: 2, incomplete_removed: 0, tombstones_purged: 0, failed: 0 }","target":"tachyon_serverless_gateway"}
{"timestamp":"2026-09-17T18:33:22.607052Z","level":"INFO","message":"object retention pass","report":"GcReport { examined: 2, collected_expired: 0, collected_orphans: 0, kept_in_use: 0, kept_referenced: 2, incomplete_removed: 0, tombstones_purged: 0, failed: 0 }","target":"tachyon_serverless_gateway"}
{"timestamp":"2026-09-17T18:33:23.925307Z","level":"INFO","message":"invocation finished","invocation_id":"inv_01m2ra9zkddvrp56bebatwhcyh","status":"succeeded","handler_ms":111,"environment_boot_ms":5062,"runtime_init_ms":493,"target":"tachyon_serverless_application::services::invoke"}
{"timestamp":"2026-09-17T18:33:23.952912Z","level":"INFO","message":"asynchronous invocation accepted","invocation_id":"inv_01m2raa57fxskf2599s6bjh4j0","tenant_id":"tn_01hzzzzzzzzzzzzzzzzzzzzzza","revision_id":"rev_01m2ra8wpd5a268qjdv9hb80jr","input_bytes":50,"input_storage":"inline","target":"tachyon_serverless_application::services::invoke_async"}
{"timestamp":"2026-09-17T18:33:23.979713Z","level":"INFO","message":"asynchronous invocation accepted","invocation_id":"inv_01m2raa588kk7jcrvyfdzcpm44","tenant_id":"tn_01hzzzzzzzzzzzzzzzzzzzzzza","revision_id":"rev_01m2ra8wpd5a268qjdv9hb80jr","input_bytes":4130,"input_storage":"object","target":"tachyon_serverless_application::services::invoke_async"}
{"timestamp":"2026-09-17T18:33:23.998055Z","level":"INFO","message":"asynchronous invocation accepted","invocation_id":"inv_01m2raa58w8br49pmcta3zfv6s","tenant_id":"tn_01hzzzzzzzzzzzzzzzzzzzzzza","revision_id":"rev_01m2ra8wz7bqxf0geegemqy68p","input_bytes":195,"input_storage":"inline","target":"tachyon_serverless_application::services::invoke_async"}
{"timestamp":"2026-09-17T18:33:23.998132Z","level":"INFO","message":"webhook trigger fired","trigger_id":"trg_01m2ra8xchmn2ef2qw2v5v9gsg","event_id":"evt-post-a-w1","invocation_id":"inv_01m2raa58w8br49pmcta3zfv6s","revision_id":"rev_01m2ra8wz7bqxf0geegemqy68p","replayed":false,"target":"tachyon_serverless_application::services::triggers"}
{"timestamp":"2026-09-17T18:33:24.002963Z","level":"INFO","message":"asynchronous run claimed","invocation_id":"inv_01m2raa58w8br49pmcta3zfv6s","attempt":1,"generation":0,"delivery_count":1,"target":"tachyon_serverless_application::services::invoke_async::dispatch"}
{"timestamp":"2026-09-17T18:33:24.057036Z","level":"INFO","message":"invocation finished","invocation_id":"inv_01m2raa58w8br49pmcta3zfv6s","status":"succeeded (async run)","handler_ms":39,"environment_boot_ms":0,"runtime_init_ms":0,"target":"tachyon_serverless_application::services::invoke"}
{"timestamp":"2026-09-17T18:33:24.068684Z","level":"INFO","message":"asynchronous invocation settled","invocation_id":"inv_01m2raa58w8br49pmcta3zfv6s","status":"succeeded","target":"tachyon_serverless_application::services::invoke_async::dispatch"}
{"timestamp":"2026-09-17T18:33:24.069845Z","level":"INFO","message":"async dispatch: delivery handled","message_id":"inv_01m2raa58w8br49pmcta3zfv6s","sequence":16,"delivery_count":1,"outcome":"Completed { status: \"succeeded\" }","target":"tachyon_serverless_application::services::invoke_async::dispatch"}
{"timestamp":"2026-09-17T18:33:24.181456Z","level":"INFO","message":"asynchronous run claimed","invocation_id":"inv_01m2raa588kk7jcrvyfdzcpm44","attempt":1,"generation":1,"delivery_count":1,"target":"tachyon_serverless_application::services::invoke_async::dispatch"}
{"timestamp":"2026-09-17T18:33:24.267971Z","level":"INFO","message":"egress policy installed and verified","env_id":"env_01m2raa5eq0kna52pjp47tka3q","egress":"restricted","tap":"tsls30c704e534f","guest_ip":"172.30.0.2","rules":5,"ms":9,"target":"tachyon_serverless_provider_firecracker::provider"}
{"timestamp":"2026-09-17T18:33:24.283424Z","level":"INFO","message":"firecracker spawned","env_id":"env_01m2raa5eq0kna52pjp47tka3q","pid":501717,"instance_id":"env-01m2raa5eq0kna52pjp47tka3q","jailed":true,"cgroup":"/sys/fs/cgroup/tachyon/env_01m2raa5eq0kna52pjp47tka3q","target":"tachyon_serverless_provider_firecracker::provider"}
{"timestamp":"2026-09-17T18:33:24.293761Z","level":"INFO","message":"InstanceStart accepted","env_id":"env_01m2raa5eq0kna52pjp47tka3q","vcpus":1,"mem_mib":256,"scratch_bytes":268435456,"target":"tachyon_serverless_provider_firecracker::provider"}
{"timestamp":"2026-09-17T18:33:24.423394Z","level":"INFO","message":"trigger updated","trigger_id":"trg_01m2ra8xca5c1pzhs3wjxqjw3a","generation":3,"status":"disabled","next_fire_at":"None","rotated_secret":false,"target":"tachyon_serverless_application::services::triggers"}
{"timestamp":"2026-09-17T18:33:24.520427Z","level":"INFO","message":"asynchronous run claimed","invocation_id":"inv_01m2raa57fxskf2599s6bjh4j0","attempt":1,"generation":1,"delivery_count":1,"target":"tachyon_serverless_application::services::invoke_async::dispatch"}
{"timestamp":"2026-09-17T18:33:24.608349Z","level":"INFO","message":"object retention pass","report":"GcReport { examined: 2, collected_expired: 0, collected_orphans: 0, kept_in_use: 0, kept_referenced: 2, incomplete_removed: 0, tombstones_purged: 0, failed: 0 }","target":"tachyon_serverless_gateway"}
{"timestamp":"2026-09-17T18:33:24.609882Z","level":"WARN","message":"reclaimed the work of dispatchers that lost their lease","dispatcher_id":"dsp_01m2ra9w35pnnsgatmv7wkzjdh","reclaimed_dispatchers":"[DispatcherId(dsp_01m2ra8xdgx9jnrvkwcm7v187s)]","leases":0,"invocations":0,"attempts":0,"fenced":0,"target":"tachyon_serverless_application::services::dispatcher"}
{"timestamp":"2026-09-17T18:33:24.614709Z","level":"INFO","message":"egress policy installed and verified","env_id":"env_01m2raa5s8q8ccznq1c7yy7k9a","egress":"restricted","tap":"tsls2fff89523af","guest_ip":"172.30.0.6","rules":5,"ms":16,"target":"tachyon_serverless_provider_firecracker::provider"}
{"timestamp":"2026-09-17T18:33:24.631338Z","level":"INFO","message":"firecracker spawned","env_id":"env_01m2raa5s8q8ccznq1c7yy7k9a","pid":501788,"instance_id":"env-01m2raa5s8q8ccznq1c7yy7k9a","jailed":true,"cgroup":"/sys/fs/cgroup/tachyon/env_01m2raa5s8q8ccznq1c7yy7k9a","target":"tachyon_serverless_provider_firecracker::provider"}
{"timestamp":"2026-09-17T18:33:24.641859Z","level":"INFO","message":"InstanceStart accepted","env_id":"env_01m2raa5s8q8ccznq1c7yy7k9a","vcpus":1,"mem_mib":256,"scratch_bytes":268435456,"target":"tachyon_serverless_provider_firecracker::provider"}
{"timestamp":"2026-09-17T18:33:26.606157Z","level":"INFO","message":"object retention pass","report":"GcReport { examined: 2, collected_expired: 0, collected_orphans: 0, kept_in_use: 0, kept_referenced: 2, incomplete_removed: 0, tombstones_purged: 0, failed: 0 }","target":"tachyon_serverless_gateway"}
{"timestamp":"2026-09-17T18:33:28.608543Z","level":"INFO","message":"object retention pass","report":"GcReport { examined: 2, collected_expired: 0, collected_orphans: 0, kept_in_use: 0, kept_referenced: 2, incomplete_removed: 0, tombstones_purged: 0, failed: 0 }","target":"tachyon_serverless_gateway"}
{"timestamp":"2026-09-17T18:33:30.606655Z","level":"INFO","message":"object retention pass","report":"GcReport { examined: 3, collected_expired: 0, collected_orphans: 0, kept_in_use: 1, kept_referenced: 2, incomplete_removed: 0, tombstones_purged: 0, failed: 0 }","target":"tachyon_serverless_gateway"}
{"timestamp":"2026-09-17T18:33:30.998547Z","level":"INFO","message":"invocation finished","invocation_id":"inv_01m2raa588kk7jcrvyfdzcpm44","status":"succeeded (async run)","handler_ms":205,"environment_boot_ms":5932,"runtime_init_ms":605,"target":"tachyon_serverless_application::services::invoke"}
{"timestamp":"2026-09-17T18:33:31.003570Z","level":"INFO","message":"asynchronous invocation settled","invocation_id":"inv_01m2raa588kk7jcrvyfdzcpm44","status":"succeeded","target":"tachyon_serverless_application::services::invoke_async::dispatch"}
{"timestamp":"2026-09-17T18:33:31.005463Z","level":"INFO","message":"async dispatch: delivery handled","message_id":"inv_01m2raa588kk7jcrvyfdzcpm44.g1","sequence":17,"delivery_count":1,"outcome":"Completed { status: \"succeeded\" }","target":"tachyon_serverless_application::services::invoke_async::dispatch"}
{"timestamp":"2026-09-17T18:33:31.006985Z","level":"INFO","message":"async dispatch: delivery handled","message_id":"inv_01m2raa57fxskf2599s6bjh4j0.g1","sequence":18,"delivery_count":2,"outcome":"Skipped(\"claimed\")","target":"tachyon_serverless_application::services::invoke_async::dispatch"}
{"timestamp":"2026-09-17T18:33:31.016695Z","level":"INFO","message":"invocation finished","invocation_id":"inv_01m2raa57fxskf2599s6bjh4j0","status":"succeeded (async run)","handler_ms":198,"environment_boot_ms":5632,"runtime_init_ms":593,"target":"tachyon_serverless_application::services::invoke"}
{"timestamp":"2026-09-17T18:33:31.021773Z","level":"INFO","message":"asynchronous invocation settled","invocation_id":"inv_01m2raa57fxskf2599s6bjh4j0","status":"succeeded","target":"tachyon_serverless_application::services::invoke_async::dispatch"}
{"timestamp":"2026-09-17T18:33:31.022166Z","level":"INFO","message":"async dispatch: delivery handled","message_id":"inv_01m2raa57fxskf2599s6bjh4j0.g1","sequence":18,"delivery_count":1,"outcome":"Completed { status: \"succeeded\" }","target":"tachyon_serverless_application::services::invoke_async::dispatch"}
{"timestamp":"2026-09-17T18:33:31.076252Z","level":"INFO","message":"cgroup stats at teardown","env_id":"env_01m2raa5s8q8ccznq1c7yy7k9a","cgroup":"/sys/fs/cgroup/tachyon/env_01m2raa5s8q8ccznq1c7yy7k9a","stats":"{\"cpu.max\":\"50000 100000\",\"cpu.stat\":{\"burst_usec\":0,\"core_sched.force_idle_usec\":0,\"nice_usec\":0,\"nr_bursts\":0,\"nr_periods\":64,\"nr_throttled\":64,\"system_usec\":1875540,\"throttled_usec\":3090551,\"usage_usec\":3232292,\"user_usec\":1356752},\"memory.current\":4005888,\"memory.events\":{\"high\":0,\"low\":0,\"max\":0,\"oom\":0,\"oom_group_kill\":0,\"oom_kill\":0,\"sock_throttled\":0},\"memory.max\":335544320,\"memory.peak\":43347968,\"pids.max\":64,\"pids.peak\":3}","target":"tachyon_serverless_provider_firecracker::provider"}
{"timestamp":"2026-09-17T18:33:31.097273Z","level":"INFO","message":"egress policy counters at teardown","env_id":"env_01m2raa5s8q8ccznq1c7yy7k9a","counters":"table inet tachyon_egress {\n\tchain g_tsls2fff89523af {\n\t\tmeta nfproto != ipv4 counter packets 0 bytes 0 drop\n\t\tip saddr != 172.30.0.6 counter packets 0 bytes 0 drop\n\t\tip daddr @blocked_ipv4 counter packets 0 bytes 0 drop\n\t\tip daddr 192.31.196.2 tcp dport 8787 counter packets 15 bytes 1363 accept\n\t\tcounter packets 0 bytes 0 drop\n\t}\n}\n","target":"tachyon_serverless_provider_firecracker::provider"}
{"timestamp":"2026-09-17T18:33:31.098712Z","level":"INFO","message":"environment terminated","env_id":"env_01m2raa5s8q8ccznq1c7yy7k9a","reason":"Quiesced","was_running":true,"target":"tachyon_serverless_provider_firecracker::provider"}
{"timestamp":"2026-09-17T18:33:31.713877Z","level":"INFO","message":"SIGTERM received","target":"tachyon_serverless_gateway"}
{"timestamp":"2026-09-17T18:33:31.713904Z","level":"INFO","message":"shutdown requested; cancelling in-flight invocations","target":"tachyon_serverless_gateway"}
{"timestamp":"2026-09-17T18:33:31.770901Z","level":"INFO","message":"cgroup stats at teardown","env_id":"env_01m2ra9zkgrhf68r5v8vx7rb2b","cgroup":"/sys/fs/cgroup/tachyon/env_01m2ra9zkgrhf68r5v8vx7rb2b","stats":"{\"cpu.max\":\"50000 100000\",\"cpu.stat\":{\"burst_usec\":0,\"core_sched.force_idle_usec\":0,\"nice_usec\":0,\"nr_bursts\":0,\"nr_periods\":60,\"nr_throttled\":56,\"system_usec\":1684363,\"throttled_usec\":2775439,\"usage_usec\":2898649,\"user_usec\":1214285},\"memory.current\":3792896,\"memory.events\":{\"high\":0,\"low\":0,\"max\":0,\"oom\":0,\"oom_group_kill\":0,\"oom_kill\":0,\"sock_throttled\":0},\"memory.max\":335544320,\"memory.peak\":42975232,\"pids.max\":64,\"pids.peak\":3}","target":"tachyon_serverless_provider_firecracker::provider"}
{"timestamp":"2026-09-17T18:33:31.772685Z","level":"INFO","message":"environment terminated","env_id":"env_01m2ra9zkgrhf68r5v8vx7rb2b","reason":"Quiesced","was_running":true,"target":"tachyon_serverless_provider_firecracker::provider"}
{"timestamp":"2026-09-17T18:33:31.775311Z","level":"INFO","message":"idle environment reaped","environment_id":"env_01m2ra9zkgrhf68r5v8vx7rb2b","revision_id":"rev_01m2ra8wz7bqxf0geegemqy68p","reason":"pool drain","target":"tachyon_serverless_application::services::pool"}
{"timestamp":"2026-09-17T18:33:31.826878Z","level":"INFO","message":"cgroup stats at teardown","env_id":"env_01m2raa5eq0kna52pjp47tka3q","cgroup":"/sys/fs/cgroup/tachyon/env_01m2raa5eq0kna52pjp47tka3q","stats":"{\"cpu.max\":\"50000 100000\",\"cpu.stat\":{\"burst_usec\":0,\"core_sched.force_idle_usec\":0,\"nice_usec\":0,\"nr_bursts\":0,\"nr_periods\":70,\"nr_throttled\":67,\"system_usec\":1950937,\"throttled_usec\":3294457,\"usage_usec\":3375824,\"user_usec\":1424886},\"memory.current\":3805184,\"memory.events\":{\"high\":0,\"low\":0,\"max\":0,\"oom\":0,\"oom_group_kill\":0,\"oom_kill\":0,\"sock_throttled\":0},\"memory.max\":335544320,\"memory.peak\":43274240,\"pids.max\":64,\"pids.peak\":3}","target":"tachyon_serverless_provider_firecracker::provider"}
{"timestamp":"2026-09-17T18:33:31.866047Z","level":"INFO","message":"egress policy counters at teardown","env_id":"env_01m2raa5eq0kna52pjp47tka3q","counters":"table inet tachyon_egress {\n\tchain g_tsls30c704e534f {\n\t\tmeta nfproto != ipv4 counter packets 0 bytes 0 drop\n\t\tip saddr != 172.30.0.2 counter packets 0 bytes 0 drop\n\t\tip daddr @blocked_ipv4 counter packets 0 bytes 0 drop\n\t\tip daddr 192.31.196.2 tcp dport 8787 counter packets 15 bytes 1363 accept\n\t\tcounter packets 0 bytes 0 drop\n\t}\n}\n","target":"tachyon_serverless_provider_firecracker::provider"}
{"timestamp":"2026-09-17T18:33:31.867443Z","level":"INFO","message":"environment terminated","env_id":"env_01m2raa5eq0kna52pjp47tka3q","reason":"Quiesced","was_running":true,"target":"tachyon_serverless_provider_firecracker::provider"}
{"timestamp":"2026-09-17T18:33:31.869897Z","level":"INFO","message":"idle environment reaped","environment_id":"env_01m2raa5eq0kna52pjp47tka3q","revision_id":"rev_01m2ra8wpd5a268qjdv9hb80jr","reason":"pool drain","target":"tachyon_serverless_application::services::pool"}
{"timestamp":"2026-09-17T18:33:31.869936Z","level":"INFO","message":"idle sweep finished","examined":2,"reaped":2,"drained":0,"kept":0,"raced":0,"failed":0,"target":"tachyon_serverless_application::services::pool"}
{"timestamp":"2026-09-17T18:33:31.869948Z","level":"INFO","message":"pooled environments terminated on shutdown","reaped":2,"target":"tachyon_serverless_gateway"}
{"timestamp":"2026-09-17T18:33:31.872397Z","level":"INFO","message":"final usage collection","report":"CollectReport { batches: 1, read: 2, inserted: 2, duplicates: 0, cursor_seq: 86 }","target":"tachyon_serverless_gateway"}
{"timestamp":"2026-09-17T18:33:31.874898Z","level":"INFO","message":"gateway stopped","target":"tachyon_serverless_gateway"}
{"timestamp":"2026-09-17T18:33:31.875078Z","level":"INFO","message":"event: closed","target":"async_nats"}
