cloud-hypervisor:   0.000017s: <main> INFO:cloud-hypervisor/src/main.rs:631 -- v53.0 starting
cloud-hypervisor:   0.000057s: <main> INFO:event_monitor/src/lib.rs:113 -- Event: source = vmm event = starting 
cloud-hypervisor:   0.000859s: <vmm> INFO:vmm/src/api/mod.rs:1278 -- API request event: VmCreate VmConfig { cpus: CpusConfig { boot_vcpus: 1, max_vcpus: 1, topology: None, kvm_hyperv: false, max_phys_bits: 46, affinity: None, features: CpuFeatures, nested: true, core_scheduling: Vm, profile: Host }, memory: MemoryConfig { size: 268435456, mergeable: false, hotplug_method: Acpi, hotplug_size: None, hotplugged_size: None, shared: false, hugepages: false, hugepage_size: None, prefault: false, reserve: false, zones: None, thp: true }, payload: Some(PayloadConfig { firmware: None, kernel: Some("/home/takanorifukuyama.guest/tsls/.kvm/vmlinux"), cmdline: Some("loglevel=1 root=/dev/vda ro reboot=k panic=1 keep_bootcon init=/sbin/tachyon-init tachyon.env_id=env_x1restore tachyon.vsock_port=5000 tachyon.function_dev=/dev/vdb tachyon.scratch_dev=/dev/vdc"), initramfs: None }), rate_limit_groups: None, disks: Some([DiskConfig { pci_common: PciDeviceCommonConfig { id: None, iommu: false, pci_segment: 0, pci_device_id: None }, path: Some("rootfs.ext4"), readonly: true, direct: false, num_queues: 1, queue_size: 128, vhost_user: false, vhost_socket: None, rate_limit_group: None, rate_limiter_config: None, disable_io_uring: false, disable_aio: false, serial: None, queue_affinity: None, backing_files: false, sparse: true, image_type: Raw, lock_granularity: ByteRange }, DiskConfig { pci_common: PciDeviceCommonConfig { id: None, iommu: false, pci_segment: 0, pci_device_id: None }, path: Some("function.ext4"), readonly: true, direct: false, num_queues: 1, queue_size: 128, vhost_user: false, vhost_socket: None, rate_limit_group: None, rate_limiter_config: None, disable_io_uring: false, disable_aio: false, serial: None, queue_affinity: None, backing_files: false, sparse: true, image_type: Raw, lock_granularity: ByteRange }, DiskConfig { pci_common: PciDeviceCommonConfig { id: None, iommu: false, pci_segment: 0, pci_device_id: None }, path: Some("scratch.ext4"), readonly: false, direct: false, num_queues: 1, queue_size: 128, vhost_user: false, vhost_socket: None, rate_limit_group: None, rate_limiter_config: None, disable_io_uring: false, disable_aio: false, serial: None, queue_affinity: None, backing_files: false, sparse: true, image_type: Raw, lock_granularity: ByteRange }]), net: None, rng: RngConfig { pci_common: PciDeviceCommonConfig { id: None, iommu: false, pci_segment: 0, pci_device_id: None }, src: "/dev/urandom" }, balloon: None, generic_vhost_user: None, fs: None, pmem: None, serial: SerialConfig { common: CommonConsoleConfig { file: None, mode: Off, socket: None } }, console: ConsoleConfig { common: CommonConsoleConfig { file: None, mode: Off, socket: None }, pci_common: PciDeviceCommonConfig { id: None, iommu: false, pci_segment: 0, pci_device_id: None } }, devices: None, user_devices: None, vdpa: None, vsock: Some(VsockConfig { pci_common: PciDeviceCommonConfig { id: None, iommu: false, pci_segment: 0, pci_device_id: None }, cid: 3, socket: "v.sock" }), pvpanic: false, iommu: false, numa: None, watchdog: false, rtc: None, pci_segments: None, platform: None, tpm: None, preserved_fds: None, landlock_enable: false, landlock_rules: None }
cloud-hypervisor:   0.001233s: <vmm> INFO:vmm/src/api/mod.rs:1169 -- API request event: VmBoot
cloud-hypervisor:   0.001241s: <vmm> INFO:vmm/src/lib.rs:2230 -- Booting VM
cloud-hypervisor:   0.001248s: <vmm> INFO:event_monitor/src/lib.rs:113 -- Event: source = vm event = booting 
cloud-hypervisor:   0.001576s: <vmm> INFO:vmm/src/memory_manager.rs:681 -- create ram region for zone mem0, region_start: 0x40000000, region_size: 0x10000000
cloud-hypervisor:   0.001606s: <vmm> INFO:vmm/src/memory_manager.rs:2154 -- RAM region mapping at 0xf175a2800000 (size = 0x10000000)
cloud-hypervisor:   0.001621s: <vmm> INFO:vmm/src/vm.rs:606 -- Booting VM from config: Mutex { data: VmConfig { cpus: CpusConfig { boot_vcpus: 1, max_vcpus: 1, topology: None, kvm_hyperv: false, max_phys_bits: 46, affinity: None, features: CpuFeatures, nested: true, core_scheduling: Vm, profile: Host }, memory: MemoryConfig { size: 268435456, mergeable: false, hotplug_method: Acpi, hotplug_size: None, hotplugged_size: None, shared: false, hugepages: false, hugepage_size: None, prefault: false, reserve: false, zones: None, thp: true }, payload: Some(PayloadConfig { firmware: None, kernel: Some("/home/takanorifukuyama.guest/tsls/.kvm/vmlinux"), cmdline: Some("loglevel=1 root=/dev/vda ro reboot=k panic=1 keep_bootcon init=/sbin/tachyon-init tachyon.env_id=env_x1restore tachyon.vsock_port=5000 tachyon.function_dev=/dev/vdb tachyon.scratch_dev=/dev/vdc"), initramfs: None }), rate_limit_groups: None, disks: Some([DiskConfig { pci_common: PciDeviceCommonConfig { id: None, iommu: false, pci_segment: 0, pci_device_id: None }, path: Some("rootfs.ext4"), readonly: true, direct: false, num_queues: 1, queue_size: 128, vhost_user: false, vhost_socket: None, rate_limit_group: None, rate_limiter_config: None, disable_io_uring: false, disable_aio: false, serial: None, queue_affinity: None, backing_files: false, sparse: true, image_type: Raw, lock_granularity: ByteRange }, DiskConfig { pci_common: PciDeviceCommonConfig { id: None, iommu: false, pci_segment: 0, pci_device_id: None }, path: Some("function.ext4"), readonly: true, direct: false, num_queues: 1, queue_size: 128, vhost_user: false, vhost_socket: None, rate_limit_group: None, rate_limiter_config: None, disable_io_uring: false, disable_aio: false, serial: None, queue_affinity: None, backing_files: false, sparse: true, image_type: Raw, lock_granularity: ByteRange }, DiskConfig { pci_common: PciDeviceCommonConfig { id: None, iommu: false, pci_segment: 0, pci_device_id: None }, path: Some("scratch.ext4"), readonly: false, direct: false, num_queues: 1, queue_size: 128, vhost_user: false, vhost_socket: None, rate_limit_group: None, rate_limiter_config: None, disable_io_uring: false, disable_aio: false, serial: None, queue_affinity: None, backing_files: false, sparse: true, image_type: Raw, lock_granularity: ByteRange }]), net: None, rng: RngConfig { pci_common: PciDeviceCommonConfig { id: None, iommu: false, pci_segment: 0, pci_device_id: None }, src: "/dev/urandom" }, balloon: None, generic_vhost_user: None, fs: None, pmem: None, serial: SerialConfig { common: CommonConsoleConfig { file: None, mode: Off, socket: None } }, console: ConsoleConfig { common: CommonConsoleConfig { file: None, mode: Off, socket: None }, pci_common: PciDeviceCommonConfig { id: None, iommu: false, pci_segment: 0, pci_device_id: None } }, devices: None, user_devices: None, vdpa: None, vsock: Some(VsockConfig { pci_common: PciDeviceCommonConfig { id: None, iommu: false, pci_segment: 0, pci_device_id: None }, cid: 3, socket: "v.sock" }), pvpanic: false, iommu: false, numa: None, watchdog: false, rtc: None, pci_segments: None, platform: None, tpm: None, preserved_fds: None, landlock_enable: false, landlock_rules: None }, poisoned: false, .. }
cloud-hypervisor:   0.002039s: <vmm> INFO:vmm/src/pci_segment.rs:107 -- Adding PCI segment: id=0, PCI MMIO config address: 0x30000000, mem32 area [0x10000000-0x2fffffff], mem64 area [0x100000000-0xffffeeffff]
cloud-hypervisor:   0.002069s: <vmm> INFO:vmm/src/memory_manager.rs:2433 -- Creating userspace mapping: 40000000 -> f175a2800000 10000000, slot 0
cloud-hypervisor:   0.005313s: <vmm> INFO:vmm/src/memory_manager.rs:2491 -- Created userspace mapping: 40000000 -> f175a2800000 10000000
cloud-hypervisor:   0.005375s: <vmm> INFO:vmm/src/cpu.rs:1100 -- Request to create new vCPUs: desired = 1, max = 1, allocated = 0, present = 0
cloud-hypervisor:   0.006318s: <vmm> INFO:vmm/src/device_manager.rs:2700 -- Creating virtio-block device: DiskConfig { pci_common: PciDeviceCommonConfig { id: Some("_disk0"), iommu: false, pci_segment: 0, pci_device_id: None }, path: Some("rootfs.ext4"), readonly: true, direct: false, num_queues: 1, queue_size: 128, vhost_user: false, vhost_socket: None, rate_limit_group: None, rate_limiter_config: None, disable_io_uring: false, disable_aio: false, serial: None, queue_affinity: None, backing_files: false, sparse: true, image_type: Raw, lock_granularity: ByteRange }
cloud-hypervisor:   0.007218s: <vmm> INFO:block/src/factory.rs:153 -- Opening RAW disk file with io_uring backend
cloud-hypervisor:   0.007239s: <vmm> INFO:block/src/lib.rs:428 -- Probed file sparse support: punch_hole=false, zero_range=false => false
cloud-hypervisor:   0.007248s: <vmm> WARN:virtio-devices/src/block.rs:859 -- sparse=on requested but backend does not support sparse operations
cloud-hypervisor:   0.007256s: <vmm> INFO:virtio-devices/src/block.rs:871 -- Disk topology: DiskTopology { logical_block_size: 512, physical_block_size: 512, minimum_io_size: 512, optimal_io_size: 0 }
cloud-hypervisor:   0.007274s: <vmm> INFO:vmm/src/device_manager.rs:2700 -- Creating virtio-block device: DiskConfig { pci_common: PciDeviceCommonConfig { id: Some("_disk1"), iommu: false, pci_segment: 0, pci_device_id: None }, path: Some("function.ext4"), readonly: true, direct: false, num_queues: 1, queue_size: 128, vhost_user: false, vhost_socket: None, rate_limit_group: None, rate_limiter_config: None, disable_io_uring: false, disable_aio: false, serial: None, queue_affinity: None, backing_files: false, sparse: true, image_type: Raw, lock_granularity: ByteRange }
cloud-hypervisor:   0.007323s: <vmm> INFO:block/src/factory.rs:153 -- Opening RAW disk file with io_uring backend
cloud-hypervisor:   0.007331s: <vmm> INFO:block/src/lib.rs:428 -- Probed file sparse support: punch_hole=false, zero_range=false => false
cloud-hypervisor:   0.007339s: <vmm> WARN:virtio-devices/src/block.rs:859 -- sparse=on requested but backend does not support sparse operations
cloud-hypervisor:   0.007348s: <vmm> INFO:virtio-devices/src/block.rs:871 -- Disk topology: DiskTopology { logical_block_size: 512, physical_block_size: 512, minimum_io_size: 512, optimal_io_size: 0 }
cloud-hypervisor:   0.007363s: <vmm> INFO:vmm/src/device_manager.rs:2700 -- Creating virtio-block device: DiskConfig { pci_common: PciDeviceCommonConfig { id: Some("_disk2"), iommu: false, pci_segment: 0, pci_device_id: None }, path: Some("scratch.ext4"), readonly: false, direct: false, num_queues: 1, queue_size: 128, vhost_user: false, vhost_socket: None, rate_limit_group: None, rate_limiter_config: None, disable_io_uring: false, disable_aio: false, serial: None, queue_affinity: None, backing_files: false, sparse: true, image_type: Raw, lock_granularity: ByteRange }
cloud-hypervisor:   0.007409s: <vmm> INFO:block/src/factory.rs:153 -- Opening RAW disk file with io_uring backend
cloud-hypervisor:   0.007440s: <vmm> INFO:block/src/lib.rs:428 -- Probed file sparse support: punch_hole=true, zero_range=true => true
cloud-hypervisor:   0.007448s: <vmm> INFO:virtio-devices/src/block.rs:871 -- Disk topology: DiskTopology { logical_block_size: 512, physical_block_size: 512, minimum_io_size: 512, optimal_io_size: 0 }
cloud-hypervisor:   0.008213s: <vmm> INFO:vmm/src/device_manager.rs:3091 -- Creating virtio-rng device: RngConfig { pci_common: PciDeviceCommonConfig { id: None, iommu: false, pci_segment: 0, pci_device_id: None }, src: "/dev/urandom" }
cloud-hypervisor:   0.008243s: <vmm> INFO:vmm/src/device_manager.rs:3519 -- Creating virtio-vsock device: VsockConfig { pci_common: PciDeviceCommonConfig { id: Some("_vsock3"), iommu: false, pci_segment: 0, pci_device_id: None }, cid: 3, socket: "v.sock" }
cloud-hypervisor:   0.009262s: <vmm> INFO:virtio-devices/src/block.rs:1042 -- Acquired Read lock for disk image id=_disk0,path=rootfs.ext4
cloud-hypervisor:   0.009276s: <vmm> INFO:virtio-devices/src/block.rs:1042 -- Acquired Read lock for disk image id=_disk1,path=function.ext4
cloud-hypervisor:   0.009285s: <vmm> INFO:virtio-devices/src/block.rs:1042 -- Acquired Write lock for disk image id=_disk2,path=scratch.ext4
cloud-hypervisor:   0.012665s: <vmm> INFO:vmm/src/cpu.rs:556 -- Configuring vCPU: cpu_id = 0
cloud-hypervisor:   0.013594s: <vmm> INFO:vmm/src/acpi.rs:1166 -- Generated ACPI tables: took 908µs size = 5441
cloud-hypervisor:   0.013620s: <vmm> INFO:vmm/src/vm.rs:2739 -- Created ACPI tables: rsdp_addr = 0x40200000
cloud-hypervisor:   0.014331s: <vmm> INFO:vmm/src/cpu.rs:1513 -- Starting vCPUs: desired = 1, allocated = 1, present = 0, paused = false
cloud-hypervisor:   0.014437s: <vcpu0> INFO:vmm/src/cpu.rs:1314 -- vCPU 0: core scheduling cookie = 0x0
cloud-hypervisor:   0.014559s: <vmm> INFO:event_monitor/src/lib.rs:113 -- Event: source = vm event = booted 
cloud-hypervisor:   0.089283s: <vcpu0> INFO:pci/src/configuration.rs:1001 -- Detected BAR reprogramming: (BAR 0) 0x2ff80000->0x10000000
cloud-hypervisor:   0.089310s: <vcpu0> INFO:pci/src/configuration.rs:953 -- MSE bit is disabled. No BAR reprogramming parameter is returned: [BarReprogrammingParams { old_base: 2ff80000, new_base: 10000000, len: 80000, region_type: Memory32BitRegion }]
cloud-hypervisor:   0.089410s: <vcpu0> INFO:pci/src/configuration.rs:1001 -- Detected BAR reprogramming: (BAR 0) 0x2ff00000->0x10080000
cloud-hypervisor:   0.089420s: <vcpu0> INFO:pci/src/configuration.rs:953 -- MSE bit is disabled. No BAR reprogramming parameter is returned: [BarReprogrammingParams { old_base: 2ff00000, new_base: 10080000, len: 80000, region_type: Memory32BitRegion }]
cloud-hypervisor:   0.089517s: <vcpu0> INFO:pci/src/configuration.rs:1001 -- Detected BAR reprogramming: (BAR 0) 0x2fe80000->0x10100000
cloud-hypervisor:   0.089528s: <vcpu0> INFO:pci/src/configuration.rs:953 -- MSE bit is disabled. No BAR reprogramming parameter is returned: [BarReprogrammingParams { old_base: 2fe80000, new_base: 10100000, len: 80000, region_type: Memory32BitRegion }]
cloud-hypervisor:   0.089792s: <vcpu0> INFO:pci/src/configuration.rs:1027 -- Detected BAR reprogramming: (BAR 1) 0xff->0x2
cloud-hypervisor:   0.089801s: <vcpu0> INFO:pci/src/configuration.rs:953 -- MSE bit is disabled. No BAR reprogramming parameter is returned: [BarReprogrammingParams { old_base: ffff800000, new_base: 200000000, len: 80000, region_type: Memory64BitRegion }]
cloud-hypervisor:   0.089902s: <vcpu0> INFO:pci/src/configuration.rs:953 -- MSE bit is disabled. No BAR reprogramming parameter is returned: [BarReprogrammingParams { old_base: ffff800000, new_base: 200000000, len: 80000, region_type: Memory64BitRegion }]
cloud-hypervisor:   0.090154s: <vcpu0> INFO:pci/src/configuration.rs:1027 -- Detected BAR reprogramming: (BAR 1) 0xff->0x2
cloud-hypervisor:   0.090171s: <vcpu0> INFO:pci/src/configuration.rs:953 -- MSE bit is disabled. No BAR reprogramming parameter is returned: [BarReprogrammingParams { old_base: ffff000000, new_base: 200080000, len: 80000, region_type: Memory64BitRegion }]
cloud-hypervisor:   0.090269s: <vcpu0> INFO:pci/src/configuration.rs:953 -- MSE bit is disabled. No BAR reprogramming parameter is returned: [BarReprogrammingParams { old_base: ffff000000, new_base: 200080000, len: 80000, region_type: Memory64BitRegion }]
cloud-hypervisor:   0.090410s: <vcpu0> INFO:pci/src/configuration.rs:953 -- MSE bit is disabled. No BAR reprogramming parameter is returned: [BarReprogrammingParams { old_base: 2ff80000, new_base: 10000000, len: 80000, region_type: Memory32BitRegion }]
cloud-hypervisor:   0.090512s: <vcpu0> INFO:pci/src/configuration.rs:947 -- BAR reprogramming parameter is returned: [BarReprogrammingParams { old_base: 2ff80000, new_base: 10000000, len: 80000, region_type: Memory32BitRegion }]
cloud-hypervisor:   0.093735s: <vcpu0> INFO:pci/src/configuration.rs:953 -- MSE bit is disabled. No BAR reprogramming parameter is returned: [BarReprogrammingParams { old_base: 2ff00000, new_base: 10080000, len: 80000, region_type: Memory32BitRegion }]
cloud-hypervisor:   0.093836s: <vcpu0> INFO:pci/src/configuration.rs:947 -- BAR reprogramming parameter is returned: [BarReprogrammingParams { old_base: 2ff00000, new_base: 10080000, len: 80000, region_type: Memory32BitRegion }]
cloud-hypervisor:   0.097115s: <vcpu0> INFO:pci/src/configuration.rs:953 -- MSE bit is disabled. No BAR reprogramming parameter is returned: [BarReprogrammingParams { old_base: 2fe80000, new_base: 10100000, len: 80000, region_type: Memory32BitRegion }]
cloud-hypervisor:   0.097229s: <vcpu0> INFO:pci/src/configuration.rs:947 -- BAR reprogramming parameter is returned: [BarReprogrammingParams { old_base: 2fe80000, new_base: 10100000, len: 80000, region_type: Memory32BitRegion }]
cloud-hypervisor:   0.100398s: <vcpu0> INFO:pci/src/configuration.rs:953 -- MSE bit is disabled. No BAR reprogramming parameter is returned: [BarReprogrammingParams { old_base: ffff800000, new_base: 200000000, len: 80000, region_type: Memory64BitRegion }]
cloud-hypervisor:   0.100498s: <vcpu0> INFO:pci/src/configuration.rs:947 -- BAR reprogramming parameter is returned: [BarReprogrammingParams { old_base: ffff800000, new_base: 200000000, len: 80000, region_type: Memory64BitRegion }]
cloud-hypervisor:   0.103637s: <vcpu0> INFO:pci/src/configuration.rs:953 -- MSE bit is disabled. No BAR reprogramming parameter is returned: [BarReprogrammingParams { old_base: ffff000000, new_base: 200080000, len: 80000, region_type: Memory64BitRegion }]
cloud-hypervisor:   0.103736s: <vcpu0> INFO:pci/src/configuration.rs:947 -- BAR reprogramming parameter is returned: [BarReprogrammingParams { old_base: ffff000000, new_base: 200080000, len: 80000, region_type: Memory64BitRegion }]
cloud-hypervisor:   0.110656s: <vcpu0> INFO:virtio-devices/src/transport/pci_device.rs:1288 -- _virtio-pci-__rng: Needs activation; writing to activate event fd
cloud-hypervisor:   0.110671s: <vcpu0> INFO:virtio-devices/src/transport/pci_device.rs:1293 -- _virtio-pci-__rng: Needs activation; returning barrier
cloud-hypervisor:   0.110679s: <vcpu0> INFO:vmm/src/vm.rs:488 -- Waiting for barrier
cloud-hypervisor:   0.110692s: <vmm> INFO:vmm/src/lib.rs:2108 -- Trying to activate pending virtio devices: count = 1
cloud-hypervisor:   0.110763s: <vmm> INFO:event_monitor/src/lib.rs:113 -- Event: source = virtio-device event = activated id = __rng
cloud-hypervisor:   0.110773s: <vmm> INFO:virtio-devices/src/transport/pci_device.rs:347 -- _virtio-pci-__rng: Waiting for barrier
cloud-hypervisor:   0.110783s: <vmm> INFO:virtio-devices/src/transport/pci_device.rs:349 -- _virtio-pci-__rng: Barrier released
cloud-hypervisor:   0.110801s: <vcpu0> INFO:vmm/src/vm.rs:490 -- Barrier released
cloud-hypervisor:   0.115953s: <vcpu0> INFO:virtio-devices/src/transport/pci_device.rs:1288 -- _virtio-pci-_disk0: Needs activation; writing to activate event fd
cloud-hypervisor:   0.115966s: <vcpu0> INFO:virtio-devices/src/transport/pci_device.rs:1293 -- _virtio-pci-_disk0: Needs activation; returning barrier
cloud-hypervisor:   0.115974s: <vcpu0> INFO:vmm/src/vm.rs:488 -- Waiting for barrier
cloud-hypervisor:   0.115989s: <vmm> INFO:vmm/src/lib.rs:2108 -- Trying to activate pending virtio devices: count = 1
cloud-hypervisor:   0.116002s: <vmm> INFO:virtio-devices/src/block.rs:1089 -- Changing cache mode to writeback
cloud-hypervisor:   0.116130s: <vmm> INFO:event_monitor/src/lib.rs:113 -- Event: source = virtio-device event = activated id = _disk0
cloud-hypervisor:   0.116141s: <vmm> INFO:virtio-devices/src/transport/pci_device.rs:347 -- _virtio-pci-_disk0: Waiting for barrier
cloud-hypervisor:   0.116151s: <vmm> INFO:virtio-devices/src/transport/pci_device.rs:349 -- _virtio-pci-_disk0: Barrier released
cloud-hypervisor:   0.116188s: <vcpu0> INFO:vmm/src/vm.rs:490 -- Barrier released
cloud-hypervisor:   0.121310s: <vcpu0> INFO:virtio-devices/src/transport/pci_device.rs:1288 -- _virtio-pci-_disk1: Needs activation; writing to activate event fd
cloud-hypervisor:   0.121323s: <vcpu0> INFO:virtio-devices/src/transport/pci_device.rs:1293 -- _virtio-pci-_disk1: Needs activation; returning barrier
cloud-hypervisor:   0.121331s: <vcpu0> INFO:vmm/src/vm.rs:488 -- Waiting for barrier
cloud-hypervisor:   0.121361s: <vmm> INFO:vmm/src/lib.rs:2108 -- Trying to activate pending virtio devices: count = 1
cloud-hypervisor:   0.121372s: <vmm> INFO:virtio-devices/src/block.rs:1089 -- Changing cache mode to writeback
cloud-hypervisor:   0.121474s: <vmm> INFO:event_monitor/src/lib.rs:113 -- Event: source = virtio-device event = activated id = _disk1
cloud-hypervisor:   0.121490s: <vmm> INFO:virtio-devices/src/transport/pci_device.rs:347 -- _virtio-pci-_disk1: Waiting for barrier
cloud-hypervisor:   0.121504s: <vmm> INFO:virtio-devices/src/transport/pci_device.rs:349 -- _virtio-pci-_disk1: Barrier released
cloud-hypervisor:   0.121521s: <vcpu0> INFO:vmm/src/vm.rs:490 -- Barrier released
cloud-hypervisor:   0.125894s: <vcpu0> INFO:virtio-devices/src/transport/pci_device.rs:1288 -- _virtio-pci-_disk2: Needs activation; writing to activate event fd
cloud-hypervisor:   0.125907s: <vcpu0> INFO:virtio-devices/src/transport/pci_device.rs:1293 -- _virtio-pci-_disk2: Needs activation; returning barrier
cloud-hypervisor:   0.125914s: <vcpu0> INFO:vmm/src/vm.rs:488 -- Waiting for barrier
cloud-hypervisor:   0.125926s: <vmm> INFO:vmm/src/lib.rs:2108 -- Trying to activate pending virtio devices: count = 1
cloud-hypervisor:   0.125936s: <vmm> INFO:virtio-devices/src/block.rs:1089 -- Changing cache mode to writeback
cloud-hypervisor:   0.126020s: <vmm> INFO:event_monitor/src/lib.rs:113 -- Event: source = virtio-device event = activated id = _disk2
cloud-hypervisor:   0.126031s: <vmm> INFO:virtio-devices/src/transport/pci_device.rs:347 -- _virtio-pci-_disk2: Waiting for barrier
cloud-hypervisor:   0.126041s: <vmm> INFO:virtio-devices/src/transport/pci_device.rs:349 -- _virtio-pci-_disk2: Barrier released
cloud-hypervisor:   0.126061s: <vcpu0> INFO:vmm/src/vm.rs:490 -- Barrier released
cloud-hypervisor:   0.144198s: <vcpu0> INFO:virtio-devices/src/transport/pci_device.rs:1288 -- _virtio-pci-_vsock3: Needs activation; writing to activate event fd
cloud-hypervisor:   0.144215s: <vcpu0> INFO:virtio-devices/src/transport/pci_device.rs:1293 -- _virtio-pci-_vsock3: Needs activation; returning barrier
cloud-hypervisor:   0.144221s: <vcpu0> INFO:vmm/src/vm.rs:488 -- Waiting for barrier
cloud-hypervisor:   0.144267s: <vmm> INFO:vmm/src/lib.rs:2108 -- Trying to activate pending virtio devices: count = 1
cloud-hypervisor:   0.144359s: <vmm> INFO:event_monitor/src/lib.rs:113 -- Event: source = virtio-device event = activated id = _vsock3
cloud-hypervisor:   0.144370s: <vmm> INFO:virtio-devices/src/transport/pci_device.rs:347 -- _virtio-pci-_vsock3: Waiting for barrier
cloud-hypervisor:   0.144380s: <vmm> INFO:virtio-devices/src/transport/pci_device.rs:349 -- _virtio-pci-_vsock3: Barrier released
cloud-hypervisor:   0.144396s: <vcpu0> INFO:vmm/src/vm.rs:490 -- Barrier released
