
===== gateway start (failpoints: none) =====
{"timestamp":"2026-09-17T09:10:36.939851Z","level":"INFO","message":"configuration loaded","config":"/var/folders/z7/khzdjrt95cg_fcmcnh4j1b5h0000gn/T//tsls-dispatch.BncMvv/gateway.toml","target":"tachyon_serverless_gateway"}
{"timestamp":"2026-09-17T09:10:36.944915Z","level":"INFO","message":"connected successfully","server":"63268","max_payload":"1048576","target":"async_nats::connector"}
{"timestamp":"2026-09-17T09:10:36.945674Z","level":"INFO","message":"event: connected","target":"async_nats"}
{"timestamp":"2026-09-17T09:10:36.956771Z","level":"INFO","message":"JetStream queue connected and stream bootstrapped","url":"nats://127.0.0.1:63268","stream":"TACHYON_EVENTS","target":"tachyon_serverless_gateway::durable"}
{"timestamp":"2026-09-17T09:10:36.969677Z","level":"INFO","message":"state store opened","path":"/var/folders/z7/khzdjrt95cg_fcmcnh4j1b5h0000gn/T//tsls-dispatch.BncMvv/data/state.db","schema_version":8,"migrations_applied":"[1, 2, 3, 4, 5, 6, 7, 8]","imported_state_json":"None","settled_invocations":0,"settled_attempts":0,"settled_environments":0,"released_leases":0,"dropped_idempotency_keys":0,"purged_idempotency_keys":0,"outputs_purged":0,"target":"tachyon_serverless_application::app"}
{"timestamp":"2026-09-17T09:10:36.970400Z","level":"INFO","message":"dispatcher registered","dispatcher_id":"dsp_01m2qa3nn9b3950gx1hdfj3gp9","instance":"dispatch-e2e","pid":63792,"lease_ttl_seconds":30,"target":"tachyon_serverless_application::services::dispatcher"}
{"timestamp":"2026-09-17T09:10:36.975016Z","level":"INFO","message":"application bootstrapped","profile":"dev","provider":"process","dev_only":true,"environment_reuse":false,"reuse_verified":false,"reuse_reason":"[pool] enabled is false","reuse_disabled":"Some(Configuration)","idle_quiesce":"unsupported","idle_resume":"unsupported","data_dir":"/var/folders/z7/khzdjrt95cg_fcmcnh4j1b5h0000gn/T//tsls-dispatch.BncMvv/data","store":"sqlite","dispatcher_id":"dsp_01m2qa3nn9b3950gx1hdfj3gp9","node":"local","node_region":"none","node_memory_mib":"None","max_concurrency":8,"queue":"nats","objects":"none","invoke_async":true,"triggers":true,"target":"tachyon_serverless_application::app"}
{"timestamp":"2026-09-17T09:10:36.975345Z","level":"INFO","message":"startup reconcile finished","provider":"process","found":0,"adopted":0,"terminated":0,"disowned":0,"failed":0,"lost":0,"foreign":0,"reclaimed_dispatchers":0,"fenced_terminated":0,"fenced_pending":0,"target":"tachyon_serverless_application::services::reconcile"}
{"timestamp":"2026-09-17T09:10:36.975450Z","level":"INFO","message":"gateway listening","addr":"127.0.0.1:63270","profile":"dev","provider":"process","target":"tachyon_serverless_gateway"}
{"timestamp":"2026-09-17T09:10:36.978148Z","level":"INFO","message":"asynchronous dispatcher started","workers":2,"owner":"dsp_01m2qa3nn9b3950gx1hdfj3gp9","target":"tachyon_serverless_gateway"}
{"timestamp":"2026-09-17T09:10:37.903873Z","level":"INFO","message":"revision ready","revision_id":"rev_01m2qa3pa854ww9m54b3bx1f7v","function_id":"fn_01m2qa3nrq4rabf2ebmqnqfn9g","target":"tachyon_serverless_application::services::revision"}
{"timestamp":"2026-09-17T09:10:37.965174Z","level":"INFO","message":"asynchronous invocation accepted","invocation_id":"inv_01m2qa3pmcn7gc1t582an66mpk","tenant_id":"tn_01hzzzzzzzzzzzzzzzzzzzzzza","revision_id":"rev_01m2qa3pa854ww9m54b3bx1f7v","input_bytes":37,"input_storage":"inline","target":"tachyon_serverless_application::services::invoke_async"}
{"timestamp":"2026-09-17T09:10:37.976486Z","level":"INFO","message":"asynchronous run claimed","invocation_id":"inv_01m2qa3pmcn7gc1t582an66mpk","attempt":1,"generation":0,"delivery_count":1,"target":"tachyon_serverless_application::services::invoke_async::dispatch"}
{"timestamp":"2026-09-17T09:10:37.990806Z","level":"INFO","message":"asynchronous invocation accepted","invocation_id":"inv_01m2qa3pn52g3g3wxw0406y7w9","tenant_id":"tn_01hzzzzzzzzzzzzzzzzzzzzzza","revision_id":"rev_01m2qa3pa854ww9m54b3bx1f7v","input_bytes":19,"input_storage":"inline","target":"tachyon_serverless_application::services::invoke_async"}
{"timestamp":"2026-09-17T09:10:37.996863Z","level":"INFO","message":"asynchronous run claimed","invocation_id":"inv_01m2qa3pn52g3g3wxw0406y7w9","attempt":1,"generation":0,"delivery_count":1,"target":"tachyon_serverless_application::services::invoke_async::dispatch"}
{"timestamp":"2026-09-17T09:10:38.015652Z","level":"INFO","message":"asynchronous invocation accepted","invocation_id":"inv_01m2qa3pnymw2wfvh107qxt4z8","tenant_id":"tn_01hzzzzzzzzzzzzzzzzzzzzzza","revision_id":"rev_01m2qa3pa854ww9m54b3bx1f7v","input_bytes":19,"input_storage":"inline","target":"tachyon_serverless_application::services::invoke_async"}
{"timestamp":"2026-09-17T09:10:38.040332Z","level":"INFO","message":"asynchronous invocation accepted","invocation_id":"inv_01m2qa3ppqe02nz5977fnc9j3k","tenant_id":"tn_01hzzzzzzzzzzzzzzzzzzzzzza","revision_id":"rev_01m2qa3pa854ww9m54b3bx1f7v","input_bytes":19,"input_storage":"inline","target":"tachyon_serverless_application::services::invoke_async"}
{"timestamp":"2026-09-17T09:10:38.065583Z","level":"INFO","message":"asynchronous invocation accepted","invocation_id":"inv_01m2qa3pqg1dgfk3b1de3ms62s","tenant_id":"tn_01hzzzzzzzzzzzzzzzzzzzzzza","revision_id":"rev_01m2qa3pa854ww9m54b3bx1f7v","input_bytes":39,"input_storage":"inline","target":"tachyon_serverless_application::services::invoke_async"}
{"timestamp":"2026-09-17T09:10:38.098557Z","level":"INFO","message":"asynchronous invocation accepted","invocation_id":"inv_01m2qa3prhm84pphmr1eaevrbz","tenant_id":"tn_01hzzzzzzzzzzzzzzzzzzzzzza","revision_id":"rev_01m2qa3pa854ww9m54b3bx1f7v","input_bytes":44,"input_storage":"inline","target":"tachyon_serverless_application::services::invoke_async"}
{"timestamp":"2026-09-17T09:10:38.285935Z","level":"INFO","message":"bridge spawned","environment_id":"env_01m2qa3pmscqft23eytc62g39c","pid":63913,"target":"tachyon_serverless_provider_process"}
{"timestamp":"2026-09-17T09:10:38.304010Z","level":"INFO","message":"bridge spawned","environment_id":"env_01m2qa3pndr50bcxnvgytjmj50","pid":63914,"target":"tachyon_serverless_provider_process"}
{"timestamp":"2026-09-17T09:10:41.289487Z","level":"INFO","message":"invocation finished","invocation_id":"inv_01m2qa3pmcn7gc1t582an66mpk","status":"failed (async run)","handler_ms":1,"environment_boot_ms":2541,"runtime_init_ms":460,"target":"tachyon_serverless_application::services::invoke"}
{"timestamp":"2026-09-17T09:10:41.290257Z","level":"INFO","message":"invocation finished","invocation_id":"inv_01m2qa3pn52g3g3wxw0406y7w9","status":"succeeded (async run)","handler_ms":1,"environment_boot_ms":2521,"runtime_init_ms":460,"target":"tachyon_serverless_application::services::invoke"}
{"timestamp":"2026-09-17T09:10:41.290662Z","level":"INFO","message":"terminating bridge","environment_id":"env_01m2qa3pmscqft23eytc62g39c","pid":63913,"reason":"Completed","graceful":true,"target":"tachyon_serverless_provider_process"}
{"timestamp":"2026-09-17T09:10:41.291750Z","level":"INFO","message":"terminating bridge","environment_id":"env_01m2qa3pndr50bcxnvgytjmj50","pid":63914,"reason":"Completed","graceful":true,"target":"tachyon_serverless_provider_process"}
{"timestamp":"2026-09-17T09:10:41.294509Z","level":"INFO","message":"asynchronous invocation rescheduled","invocation_id":"inv_01m2qa3pmcn7gc1t582an66mpk","next_attempt_at":"2026-09-17T09:10:41.393900+00:00","counted":true,"error_type":"Downstream.Unavailable","target":"tachyon_serverless_application::services::invoke_async::dispatch"}
{"timestamp":"2026-09-17T09:10:41.299705Z","level":"INFO","message":"async dispatch: delivery handled","message_id":"inv_01m2qa3pmcn7gc1t582an66mpk","sequence":1,"delivery_count":1,"outcome":"Rescheduled { next_attempt_at: 2026-09-17T09:10:41.393900Z, counted: true }","target":"tachyon_serverless_application::services::invoke_async::dispatch"}
{"timestamp":"2026-09-17T09:10:41.303862Z","level":"INFO","message":"asynchronous invocation settled","invocation_id":"inv_01m2qa3pn52g3g3wxw0406y7w9","status":"succeeded","target":"tachyon_serverless_application::services::invoke_async::dispatch"}
{"timestamp":"2026-09-17T09:10:41.304374Z","level":"INFO","message":"asynchronous run claimed","invocation_id":"inv_01m2qa3pnymw2wfvh107qxt4z8","attempt":1,"generation":0,"delivery_count":1,"target":"tachyon_serverless_application::services::invoke_async::dispatch"}
{"timestamp":"2026-09-17T09:10:41.307719Z","level":"INFO","message":"async dispatch: delivery handled","message_id":"inv_01m2qa3pn52g3g3wxw0406y7w9","sequence":2,"delivery_count":1,"outcome":"Completed { status: \"succeeded\" }","target":"tachyon_serverless_application::services::invoke_async::dispatch"}
{"timestamp":"2026-09-17T09:10:41.308376Z","level":"INFO","message":"asynchronous run claimed","invocation_id":"inv_01m2qa3ppqe02nz5977fnc9j3k","attempt":1,"generation":0,"delivery_count":1,"target":"tachyon_serverless_application::services::invoke_async::dispatch"}
{"timestamp":"2026-09-17T09:10:41.577655Z","level":"INFO","message":"bridge spawned","environment_id":"env_01m2qa3swwv712aen0xbr4fknt","pid":64000,"target":"tachyon_serverless_provider_process"}
{"timestamp":"2026-09-17T09:10:41.580200Z","level":"INFO","message":"bridge spawned","environment_id":"env_01m2qa3swr7pb8jt8b8zz4wke9","pid":64001,"target":"tachyon_serverless_provider_process"}
{"timestamp":"2026-09-17T09:10:41.596101Z","level":"INFO","message":"invocation finished","invocation_id":"inv_01m2qa3ppqe02nz5977fnc9j3k","status":"succeeded (async run)","handler_ms":1,"environment_boot_ms":6,"runtime_init_ms":8,"target":"tachyon_serverless_application::services::invoke"}
{"timestamp":"2026-09-17T09:10:41.598688Z","level":"INFO","message":"terminating bridge","environment_id":"env_01m2qa3swwv712aen0xbr4fknt","pid":64000,"reason":"Completed","graceful":true,"target":"tachyon_serverless_provider_process"}
{"timestamp":"2026-09-17T09:10:41.600126Z","level":"INFO","message":"invocation finished","invocation_id":"inv_01m2qa3pnymw2wfvh107qxt4z8","status":"succeeded (async run)","handler_ms":1,"environment_boot_ms":9,"runtime_init_ms":8,"target":"tachyon_serverless_application::services::invoke"}
{"timestamp":"2026-09-17T09:10:41.603161Z","level":"INFO","message":"asynchronous invocation settled","invocation_id":"inv_01m2qa3ppqe02nz5977fnc9j3k","status":"succeeded","target":"tachyon_serverless_application::services::invoke_async::dispatch"}
{"timestamp":"2026-09-17T09:10:41.603345Z","level":"INFO","message":"terminating bridge","environment_id":"env_01m2qa3swr7pb8jt8b8zz4wke9","pid":64001,"reason":"Completed","graceful":true,"target":"tachyon_serverless_provider_process"}
{"timestamp":"2026-09-17T09:10:41.613971Z","level":"INFO","message":"asynchronous invocation settled","invocation_id":"inv_01m2qa3pnymw2wfvh107qxt4z8","status":"succeeded","target":"tachyon_serverless_application::services::invoke_async::dispatch"}
{"timestamp":"2026-09-17T09:10:41.614161Z","level":"INFO","message":"async dispatch: delivery handled","message_id":"inv_01m2qa3ppqe02nz5977fnc9j3k","sequence":4,"delivery_count":1,"outcome":"Completed { status: \"succeeded\" }","target":"tachyon_serverless_application::services::invoke_async::dispatch"}
{"timestamp":"2026-09-17T09:10:41.618013Z","level":"INFO","message":"async dispatch: delivery handled","message_id":"inv_01m2qa3pnymw2wfvh107qxt4z8","sequence":3,"delivery_count":1,"outcome":"Completed { status: \"succeeded\" }","target":"tachyon_serverless_application::services::invoke_async::dispatch"}
{"timestamp":"2026-09-17T09:10:41.618403Z","level":"INFO","message":"asynchronous run claimed","invocation_id":"inv_01m2qa3pqg1dgfk3b1de3ms62s","attempt":1,"generation":0,"delivery_count":1,"target":"tachyon_serverless_application::services::invoke_async::dispatch"}
{"timestamp":"2026-09-17T09:10:41.621621Z","level":"INFO","message":"asynchronous run claimed","invocation_id":"inv_01m2qa3prhm84pphmr1eaevrbz","attempt":1,"generation":0,"delivery_count":1,"target":"tachyon_serverless_application::services::invoke_async::dispatch"}
{"timestamp":"2026-09-17T09:10:41.922050Z","level":"INFO","message":"bridge spawned","environment_id":"env_01m2qa3t6nzedb9hs4v8cn0wa7","pid":64013,"target":"tachyon_serverless_provider_process"}
{"timestamp":"2026-09-17T09:10:41.922072Z","level":"INFO","message":"bridge spawned","environment_id":"env_01m2qa3t6nx5b56gq9v88azfq1","pid":64012,"target":"tachyon_serverless_provider_process"}
{"timestamp":"2026-09-17T09:10:41.940853Z","level":"INFO","message":"invocation finished","invocation_id":"inv_01m2qa3pqg1dgfk3b1de3ms62s","status":"failed (async run)","handler_ms":1,"environment_boot_ms":7,"runtime_init_ms":9,"target":"tachyon_serverless_application::services::invoke"}
{"timestamp":"2026-09-17T09:10:41.942707Z","level":"INFO","message":"terminating bridge","environment_id":"env_01m2qa3t6nzedb9hs4v8cn0wa7","pid":64013,"reason":"Completed","graceful":true,"target":"tachyon_serverless_provider_process"}
{"timestamp":"2026-09-17T09:10:41.944113Z","level":"INFO","message":"invocation finished","invocation_id":"inv_01m2qa3prhm84pphmr1eaevrbz","status":"failed (async run)","handler_ms":6,"environment_boot_ms":7,"runtime_init_ms":8,"target":"tachyon_serverless_application::services::invoke"}
{"timestamp":"2026-09-17T09:10:41.944549Z","level":"INFO","message":"terminating bridge","environment_id":"env_01m2qa3t6nx5b56gq9v88azfq1","pid":64012,"reason":"Completed","graceful":true,"target":"tachyon_serverless_provider_process"}
{"timestamp":"2026-09-17T09:10:41.948476Z","level":"INFO","message":"asynchronous invocation rescheduled","invocation_id":"inv_01m2qa3pqg1dgfk3b1de3ms62s","next_attempt_at":"2026-09-17T09:10:42.049660+00:00","counted":true,"error_type":"Downstream.Unavailable","target":"tachyon_serverless_application::services::invoke_async::dispatch"}
{"timestamp":"2026-09-17T09:10:41.954296Z","level":"INFO","message":"async dispatch: delivery handled","message_id":"inv_01m2qa3pqg1dgfk3b1de3ms62s","sequence":5,"delivery_count":1,"outcome":"Rescheduled { next_attempt_at: 2026-09-17T09:10:42.049660Z, counted: true }","target":"tachyon_serverless_application::services::invoke_async::dispatch"}
{"timestamp":"2026-09-17T09:10:41.958350Z","level":"WARN","message":"asynchronous invocation dead-lettered","invocation_id":"inv_01m2qa3prhm84pphmr1eaevrbz","dead_letter_id":"dlq_01m2qa3th2dyscbr47v5kqzh1q","reason":"non_retryable","attempts":1,"target":"tachyon_serverless_application::services::invoke_async::dispatch"}
{"timestamp":"2026-09-17T09:10:41.958757Z","level":"WARN","message":"async dispatch: poison event dead-lettered and terminated","message_id":"poison-e2e-0","sequence":7,"delivery_count":1,"recorded":true,"detail":"the envelope is not decodable: expected value at line 1 column 1","target":"tachyon_serverless_application::services::invoke_async::dispatch"}
{"timestamp":"2026-09-17T09:10:41.962173Z","level":"INFO","message":"async dispatch: delivery handled","message_id":"inv_01m2qa3prhm84pphmr1eaevrbz","sequence":6,"delivery_count":1,"outcome":"DeadLettered(NonRetryable)","target":"tachyon_serverless_application::services::invoke_async::dispatch"}
{"timestamp":"2026-09-17T09:10:41.966100Z","level":"INFO","message":"async dispatch: delivery handled","message_id":"poison-e2e-0","sequence":7,"delivery_count":1,"outcome":"Poison","target":"tachyon_serverless_application::services::invoke_async::dispatch"}
{"timestamp":"2026-09-17T09:10:41.966590Z","level":"INFO","message":"asynchronous run claimed","invocation_id":"inv_01m2qa3pmcn7gc1t582an66mpk","attempt":2,"generation":1,"delivery_count":1,"target":"tachyon_serverless_application::services::invoke_async::dispatch"}
{"timestamp":"2026-09-17T09:10:42.067045Z","level":"INFO","message":"asynchronous run claimed","invocation_id":"inv_01m2qa3pqg1dgfk3b1de3ms62s","attempt":2,"generation":1,"delivery_count":1,"target":"tachyon_serverless_application::services::invoke_async::dispatch"}
{"timestamp":"2026-09-17T09:10:42.266079Z","level":"INFO","message":"bridge spawned","environment_id":"env_01m2qa3thebknxgznf3w05kf53","pid":64024,"target":"tachyon_serverless_provider_process"}
{"timestamp":"2026-09-17T09:10:42.285334Z","level":"INFO","message":"invocation finished","invocation_id":"inv_01m2qa3pmcn7gc1t582an66mpk","status":"failed (async run)","handler_ms":1,"environment_boot_ms":7,"runtime_init_ms":9,"target":"tachyon_serverless_application::services::invoke"}
{"timestamp":"2026-09-17T09:10:42.287234Z","level":"INFO","message":"terminating bridge","environment_id":"env_01m2qa3thebknxgznf3w05kf53","pid":64024,"reason":"Completed","graceful":true,"target":"tachyon_serverless_provider_process"}
{"timestamp":"2026-09-17T09:10:42.291989Z","level":"INFO","message":"asynchronous invocation rescheduled","invocation_id":"inv_01m2qa3pmcn7gc1t582an66mpk","next_attempt_at":"2026-09-17T09:10:42.760320+00:00","counted":true,"error_type":"Downstream.Unavailable","target":"tachyon_serverless_application::services::invoke_async::dispatch"}
{"timestamp":"2026-09-17T09:10:42.297168Z","level":"INFO","message":"async dispatch: delivery handled","message_id":"inv_01m2qa3pmcn7gc1t582an66mpk.g1","sequence":8,"delivery_count":1,"outcome":"Rescheduled { next_attempt_at: 2026-09-17T09:10:42.760320Z, counted: true }","target":"tachyon_serverless_application::services::invoke_async::dispatch"}
{"timestamp":"2026-09-17T09:10:42.374452Z","level":"INFO","message":"bridge spawned","environment_id":"env_01m2qa3tmkhfadmtcqg4qrwzdb","pid":64028,"target":"tachyon_serverless_provider_process"}
{"timestamp":"2026-09-17T09:10:42.392703Z","level":"INFO","message":"invocation finished","invocation_id":"inv_01m2qa3pqg1dgfk3b1de3ms62s","status":"failed (async run)","handler_ms":1,"environment_boot_ms":7,"runtime_init_ms":8,"target":"tachyon_serverless_application::services::invoke"}
{"timestamp":"2026-09-17T09:10:42.394641Z","level":"INFO","message":"terminating bridge","environment_id":"env_01m2qa3tmkhfadmtcqg4qrwzdb","pid":64028,"reason":"Completed","graceful":true,"target":"tachyon_serverless_provider_process"}
{"timestamp":"2026-09-17T09:10:42.399077Z","level":"INFO","message":"asynchronous invocation rescheduled","invocation_id":"inv_01m2qa3pqg1dgfk3b1de3ms62s","next_attempt_at":"2026-09-17T09:10:42.498396+00:00","counted":true,"error_type":"Downstream.Unavailable","target":"tachyon_serverless_application::services::invoke_async::dispatch"}
{"timestamp":"2026-09-17T09:10:42.404511Z","level":"INFO","message":"async dispatch: delivery handled","message_id":"inv_01m2qa3pqg1dgfk3b1de3ms62s.g1","sequence":9,"delivery_count":1,"outcome":"Rescheduled { next_attempt_at: 2026-09-17T09:10:42.498396Z, counted: true }","target":"tachyon_serverless_application::services::invoke_async::dispatch"}
{"timestamp":"2026-09-17T09:10:42.505256Z","level":"INFO","message":"asynchronous run claimed","invocation_id":"inv_01m2qa3pqg1dgfk3b1de3ms62s","attempt":3,"generation":2,"delivery_count":1,"target":"tachyon_serverless_application::services::invoke_async::dispatch"}
{"timestamp":"2026-09-17T09:10:42.782228Z","level":"INFO","message":"bridge spawned","environment_id":"env_01m2qa3v29vtvx7rfpgk55gadb","pid":64053,"target":"tachyon_serverless_provider_process"}
{"timestamp":"2026-09-17T09:10:42.798506Z","level":"INFO","message":"invocation finished","invocation_id":"inv_01m2qa3pqg1dgfk3b1de3ms62s","status":"failed (async run)","handler_ms":1,"environment_boot_ms":6,"runtime_init_ms":7,"target":"tachyon_serverless_application::services::invoke"}
{"timestamp":"2026-09-17T09:10:42.800360Z","level":"INFO","message":"terminating bridge","environment_id":"env_01m2qa3v29vtvx7rfpgk55gadb","pid":64053,"reason":"Completed","graceful":true,"target":"tachyon_serverless_provider_process"}
{"timestamp":"2026-09-17T09:10:42.805172Z","level":"WARN","message":"asynchronous invocation dead-lettered","invocation_id":"inv_01m2qa3pqg1dgfk3b1de3ms62s","dead_letter_id":"dlq_01m2qa3vbm7qnx2d1c9fnb1rzt","reason":"attempts_exhausted","attempts":3,"target":"tachyon_serverless_application::services::invoke_async::dispatch"}
{"timestamp":"2026-09-17T09:10:42.812722Z","level":"INFO","message":"async dispatch: delivery handled","message_id":"inv_01m2qa3pqg1dgfk3b1de3ms62s.g2","sequence":10,"delivery_count":1,"outcome":"DeadLettered(AttemptsExhausted)","target":"tachyon_serverless_application::services::invoke_async::dispatch"}
{"timestamp":"2026-09-17T09:10:42.821067Z","level":"INFO","message":"asynchronous run claimed","invocation_id":"inv_01m2qa3pmcn7gc1t582an66mpk","attempt":3,"generation":2,"delivery_count":1,"target":"tachyon_serverless_application::services::invoke_async::dispatch"}
{"timestamp":"2026-09-17T09:10:43.096259Z","level":"INFO","message":"bridge spawned","environment_id":"env_01m2qa3vc5tmktcrtnk8cxwpep","pid":64063,"target":"tachyon_serverless_provider_process"}
{"timestamp":"2026-09-17T09:10:43.111947Z","level":"INFO","message":"invocation finished","invocation_id":"inv_01m2qa3pmcn7gc1t582an66mpk","status":"succeeded (async run)","handler_ms":1,"environment_boot_ms":6,"runtime_init_ms":7,"target":"tachyon_serverless_application::services::invoke"}
{"timestamp":"2026-09-17T09:10:43.113683Z","level":"INFO","message":"terminating bridge","environment_id":"env_01m2qa3vc5tmktcrtnk8cxwpep","pid":64063,"reason":"Completed","graceful":true,"target":"tachyon_serverless_provider_process"}
{"timestamp":"2026-09-17T09:10:43.117930Z","level":"INFO","message":"asynchronous invocation settled","invocation_id":"inv_01m2qa3pmcn7gc1t582an66mpk","status":"succeeded","target":"tachyon_serverless_application::services::invoke_async::dispatch"}
{"timestamp":"2026-09-17T09:10:43.123691Z","level":"INFO","message":"async dispatch: delivery handled","message_id":"inv_01m2qa3pmcn7gc1t582an66mpk.g2","sequence":11,"delivery_count":1,"outcome":"Completed { status: \"succeeded\" }","target":"tachyon_serverless_application::services::invoke_async::dispatch"}
{"timestamp":"2026-09-17T09:10:43.775067Z","level":"INFO","message":"SIGTERM received","target":"tachyon_serverless_gateway"}
{"timestamp":"2026-09-17T09:10:43.775119Z","level":"INFO","message":"shutdown requested; cancelling in-flight invocations","target":"tachyon_serverless_gateway"}
{"timestamp":"2026-09-17T09:10:43.778083Z","level":"INFO","message":"final usage collection","report":"CollectReport { batches: 1, read: 5, inserted: 5, duplicates: 0, cursor_seq: 50 }","target":"tachyon_serverless_gateway"}
{"timestamp":"2026-09-17T09:10:43.779296Z","level":"INFO","message":"gateway stopped","target":"tachyon_serverless_gateway"}
{"timestamp":"2026-09-17T09:10:43.779562Z","level":"INFO","message":"event: closed","target":"async_nats"}

===== gateway start (failpoints: dispatch.after_commit=kill) =====
{"timestamp":"2026-09-17T09:10:43.795230Z","level":"INFO","message":"configuration loaded","config":"/var/folders/z7/khzdjrt95cg_fcmcnh4j1b5h0000gn/T//tsls-dispatch.BncMvv/gateway.toml","target":"tachyon_serverless_gateway"}
{"timestamp":"2026-09-17T09:10:43.797707Z","level":"INFO","message":"connected successfully","server":"63268","max_payload":"1048576","target":"async_nats::connector"}
{"timestamp":"2026-09-17T09:10:43.797869Z","level":"INFO","message":"event: connected","target":"async_nats"}
{"timestamp":"2026-09-17T09:10:43.809064Z","level":"INFO","message":"JetStream queue connected and stream bootstrapped","url":"nats://127.0.0.1:63268","stream":"TACHYON_EVENTS","target":"tachyon_serverless_gateway::durable"}
{"timestamp":"2026-09-17T09:10:43.811631Z","level":"INFO","message":"state store opened","path":"/var/folders/z7/khzdjrt95cg_fcmcnh4j1b5h0000gn/T//tsls-dispatch.BncMvv/data/state.db","schema_version":8,"migrations_applied":"[]","imported_state_json":"None","settled_invocations":0,"settled_attempts":0,"settled_environments":0,"released_leases":0,"dropped_idempotency_keys":0,"purged_idempotency_keys":0,"outputs_purged":0,"target":"tachyon_serverless_application::app"}
{"timestamp":"2026-09-17T09:10:43.812300Z","level":"INFO","message":"dispatcher registered","dispatcher_id":"dsp_01m2qa3wb3k3f1qx6am3rsh996","instance":"dispatch-e2e","pid":64219,"lease_ttl_seconds":30,"target":"tachyon_serverless_application::services::dispatcher"}
{"timestamp":"2026-09-17T09:10:43.812900Z","level":"WARN","message":"reclaimed the work of dispatchers that lost their lease","dispatcher_id":"dsp_01m2qa3wb3k3f1qx6am3rsh996","reclaimed_dispatchers":"[DispatcherId(dsp_01m2qa3nn9b3950gx1hdfj3gp9)]","leases":0,"invocations":0,"attempts":0,"fenced":0,"target":"tachyon_serverless_application::services::dispatcher"}
{"timestamp":"2026-09-17T09:10:43.814342Z","level":"WARN","message":"failpoint armed from TSLS_FAILPOINTS","name":"dispatch.after_commit","action":"Kill","count":"None","target":"tachyon_serverless_application::failpoints"}
{"timestamp":"2026-09-17T09:10:43.814400Z","level":"INFO","message":"application bootstrapped","profile":"dev","provider":"process","dev_only":true,"environment_reuse":false,"reuse_verified":false,"reuse_reason":"[pool] enabled is false","reuse_disabled":"Some(Configuration)","idle_quiesce":"unsupported","idle_resume":"unsupported","data_dir":"/var/folders/z7/khzdjrt95cg_fcmcnh4j1b5h0000gn/T//tsls-dispatch.BncMvv/data","store":"sqlite","dispatcher_id":"dsp_01m2qa3wb3k3f1qx6am3rsh996","node":"local","node_region":"none","node_memory_mib":"None","max_concurrency":8,"queue":"nats","objects":"none","invoke_async":true,"triggers":true,"target":"tachyon_serverless_application::app"}
{"timestamp":"2026-09-17T09:10:43.814870Z","level":"INFO","message":"startup reconcile finished","provider":"process","found":0,"adopted":0,"terminated":0,"disowned":0,"failed":0,"lost":0,"foreign":0,"reclaimed_dispatchers":0,"fenced_terminated":0,"fenced_pending":0,"target":"tachyon_serverless_application::services::reconcile"}
{"timestamp":"2026-09-17T09:10:43.814957Z","level":"INFO","message":"gateway listening","addr":"127.0.0.1:63270","profile":"dev","provider":"process","target":"tachyon_serverless_gateway"}
{"timestamp":"2026-09-17T09:10:43.816751Z","level":"INFO","message":"asynchronous dispatcher started","workers":2,"owner":"dsp_01m2qa3wb3k3f1qx6am3rsh996","target":"tachyon_serverless_gateway"}
{"timestamp":"2026-09-17T09:10:44.079148Z","level":"INFO","message":"asynchronous invocation accepted","invocation_id":"inv_01m2qa3wkedzbk5pr7v7yvdn61","tenant_id":"tn_01hzzzzzzzzzzzzzzzzzzzzzza","revision_id":"rev_01m2qa3pa854ww9m54b3bx1f7v","input_bytes":24,"input_storage":"inline","target":"tachyon_serverless_application::services::invoke_async"}
{"timestamp":"2026-09-17T09:10:44.090032Z","level":"INFO","message":"asynchronous run claimed","invocation_id":"inv_01m2qa3wkedzbk5pr7v7yvdn61","attempt":1,"generation":0,"delivery_count":1,"target":"tachyon_serverless_application::services::invoke_async::dispatch"}
{"timestamp":"2026-09-17T09:10:44.357279Z","level":"INFO","message":"bridge spawned","environment_id":"env_01m2qa3wkt9qr736g61z8ewdq1","pid":64237,"target":"tachyon_serverless_provider_process"}
{"timestamp":"2026-09-17T09:10:44.374173Z","level":"INFO","message":"invocation finished","invocation_id":"inv_01m2qa3wkedzbk5pr7v7yvdn61","status":"succeeded (async run)","handler_ms":1,"environment_boot_ms":6,"runtime_init_ms":7,"target":"tachyon_serverless_application::services::invoke"}
{"timestamp":"2026-09-17T09:10:44.376021Z","level":"INFO","message":"terminating bridge","environment_id":"env_01m2qa3wkt9qr736g61z8ewdq1","pid":64237,"reason":"Completed","graceful":true,"target":"tachyon_serverless_provider_process"}
{"timestamp":"2026-09-17T09:10:44.380355Z","level":"INFO","message":"asynchronous invocation settled","invocation_id":"inv_01m2qa3wkedzbk5pr7v7yvdn61","status":"succeeded","target":"tachyon_serverless_application::services::invoke_async::dispatch"}
{"timestamp":"2026-09-17T09:10:44.380386Z","level":"ERROR","message":"failpoint fired: SIGKILL","name":"dispatch.after_commit","target":"tachyon_serverless_application::failpoints"}

===== gateway start (failpoints: none) =====
{"timestamp":"2026-09-17T09:10:44.454532Z","level":"INFO","message":"configuration loaded","config":"/var/folders/z7/khzdjrt95cg_fcmcnh4j1b5h0000gn/T//tsls-dispatch.BncMvv/gateway.toml","target":"tachyon_serverless_gateway"}
{"timestamp":"2026-09-17T09:10:44.456860Z","level":"INFO","message":"connected successfully","server":"63268","max_payload":"1048576","target":"async_nats::connector"}
{"timestamp":"2026-09-17T09:10:44.457041Z","level":"INFO","message":"event: connected","target":"async_nats"}
{"timestamp":"2026-09-17T09:10:44.468573Z","level":"INFO","message":"JetStream queue connected and stream bootstrapped","url":"nats://127.0.0.1:63268","stream":"TACHYON_EVENTS","target":"tachyon_serverless_gateway::durable"}
{"timestamp":"2026-09-17T09:10:44.471323Z","level":"INFO","message":"state store opened","path":"/var/folders/z7/khzdjrt95cg_fcmcnh4j1b5h0000gn/T//tsls-dispatch.BncMvv/data/state.db","schema_version":8,"migrations_applied":"[]","imported_state_json":"None","settled_invocations":0,"settled_attempts":0,"settled_environments":0,"released_leases":0,"dropped_idempotency_keys":0,"purged_idempotency_keys":0,"outputs_purged":0,"target":"tachyon_serverless_application::app"}
{"timestamp":"2026-09-17T09:10:44.471736Z","level":"INFO","message":"dispatcher registered","dispatcher_id":"dsp_01m2qa3wzqnn0kcfyt3v8t6tbk","instance":"dispatch-e2e","pid":64249,"lease_ttl_seconds":30,"target":"tachyon_serverless_application::services::dispatcher"}
{"timestamp":"2026-09-17T09:10:44.472370Z","level":"WARN","message":"reclaimed the work of dispatchers that lost their lease","dispatcher_id":"dsp_01m2qa3wzqnn0kcfyt3v8t6tbk","reclaimed_dispatchers":"[DispatcherId(dsp_01m2qa3wb3k3f1qx6am3rsh996)]","leases":0,"invocations":0,"attempts":0,"fenced":0,"target":"tachyon_serverless_application::services::dispatcher"}
{"timestamp":"2026-09-17T09:10:44.474268Z","level":"INFO","message":"application bootstrapped","profile":"dev","provider":"process","dev_only":true,"environment_reuse":false,"reuse_verified":false,"reuse_reason":"[pool] enabled is false","reuse_disabled":"Some(Configuration)","idle_quiesce":"unsupported","idle_resume":"unsupported","data_dir":"/var/folders/z7/khzdjrt95cg_fcmcnh4j1b5h0000gn/T//tsls-dispatch.BncMvv/data","store":"sqlite","dispatcher_id":"dsp_01m2qa3wzqnn0kcfyt3v8t6tbk","node":"local","node_region":"none","node_memory_mib":"None","max_concurrency":8,"queue":"nats","objects":"none","invoke_async":true,"triggers":true,"target":"tachyon_serverless_application::app"}
{"timestamp":"2026-09-17T09:10:44.474777Z","level":"INFO","message":"startup reconcile finished","provider":"process","found":0,"adopted":0,"terminated":0,"disowned":0,"failed":0,"lost":0,"foreign":0,"reclaimed_dispatchers":0,"fenced_terminated":0,"fenced_pending":0,"target":"tachyon_serverless_application::services::reconcile"}
{"timestamp":"2026-09-17T09:10:44.474852Z","level":"INFO","message":"gateway listening","addr":"127.0.0.1:63270","profile":"dev","provider":"process","target":"tachyon_serverless_gateway"}
{"timestamp":"2026-09-17T09:10:44.476638Z","level":"INFO","message":"asynchronous dispatcher started","workers":2,"owner":"dsp_01m2qa3wzqnn0kcfyt3v8t6tbk","target":"tachyon_serverless_gateway"}
{"timestamp":"2026-09-17T09:10:48.093414Z","level":"INFO","message":"async dispatch: delivery handled","message_id":"inv_01m2qa3wkedzbk5pr7v7yvdn61","sequence":12,"delivery_count":2,"outcome":"Skipped(\"terminal\")","target":"tachyon_serverless_application::services::invoke_async::dispatch"}
{"timestamp":"2026-09-17T09:10:48.219717Z","level":"INFO","message":"SIGTERM received","target":"tachyon_serverless_gateway"}
{"timestamp":"2026-09-17T09:10:48.219770Z","level":"INFO","message":"shutdown requested; cancelling in-flight invocations","target":"tachyon_serverless_gateway"}
{"timestamp":"2026-09-17T09:10:48.220064Z","level":"INFO","message":"final usage collection","report":"CollectReport { batches: 0, read: 0, inserted: 0, duplicates: 0, cursor_seq: 55 }","target":"tachyon_serverless_gateway"}
{"timestamp":"2026-09-17T09:10:48.220907Z","level":"INFO","message":"gateway stopped","target":"tachyon_serverless_gateway"}
{"timestamp":"2026-09-17T09:10:48.221044Z","level":"INFO","message":"event: closed","target":"async_nats"}

===== gateway start (failpoints: dispatch.before_commit=kill) =====
{"timestamp":"2026-09-17T09:10:48.233136Z","level":"INFO","message":"configuration loaded","config":"/var/folders/z7/khzdjrt95cg_fcmcnh4j1b5h0000gn/T//tsls-dispatch.BncMvv/gateway.toml","target":"tachyon_serverless_gateway"}
{"timestamp":"2026-09-17T09:10:48.235247Z","level":"INFO","message":"connected successfully","server":"63268","max_payload":"1048576","target":"async_nats::connector"}
{"timestamp":"2026-09-17T09:10:48.235425Z","level":"INFO","message":"event: connected","target":"async_nats"}
{"timestamp":"2026-09-17T09:10:48.246284Z","level":"INFO","message":"JetStream queue connected and stream bootstrapped","url":"nats://127.0.0.1:63268","stream":"TACHYON_EVENTS","target":"tachyon_serverless_gateway::durable"}
{"timestamp":"2026-09-17T09:10:48.247963Z","level":"INFO","message":"state store opened","path":"/var/folders/z7/khzdjrt95cg_fcmcnh4j1b5h0000gn/T//tsls-dispatch.BncMvv/data/state.db","schema_version":8,"migrations_applied":"[]","imported_state_json":"None","settled_invocations":0,"settled_attempts":0,"settled_environments":0,"released_leases":0,"dropped_idempotency_keys":0,"purged_idempotency_keys":0,"outputs_purged":0,"target":"tachyon_serverless_application::app"}
{"timestamp":"2026-09-17T09:10:48.248334Z","level":"INFO","message":"dispatcher registered","dispatcher_id":"dsp_01m2qa40nrd3tbdcasxkhbyqbg","instance":"dispatch-e2e","pid":64346,"lease_ttl_seconds":30,"target":"tachyon_serverless_application::services::dispatcher"}
{"timestamp":"2026-09-17T09:10:48.248826Z","level":"WARN","message":"reclaimed the work of dispatchers that lost their lease","dispatcher_id":"dsp_01m2qa40nrd3tbdcasxkhbyqbg","reclaimed_dispatchers":"[DispatcherId(dsp_01m2qa3wzqnn0kcfyt3v8t6tbk)]","leases":0,"invocations":0,"attempts":0,"fenced":0,"target":"tachyon_serverless_application::services::dispatcher"}
{"timestamp":"2026-09-17T09:10:48.249922Z","level":"WARN","message":"failpoint armed from TSLS_FAILPOINTS","name":"dispatch.before_commit","action":"Kill","count":"None","target":"tachyon_serverless_application::failpoints"}
{"timestamp":"2026-09-17T09:10:48.249966Z","level":"INFO","message":"application bootstrapped","profile":"dev","provider":"process","dev_only":true,"environment_reuse":false,"reuse_verified":false,"reuse_reason":"[pool] enabled is false","reuse_disabled":"Some(Configuration)","idle_quiesce":"unsupported","idle_resume":"unsupported","data_dir":"/var/folders/z7/khzdjrt95cg_fcmcnh4j1b5h0000gn/T//tsls-dispatch.BncMvv/data","store":"sqlite","dispatcher_id":"dsp_01m2qa40nrd3tbdcasxkhbyqbg","node":"local","node_region":"none","node_memory_mib":"None","max_concurrency":8,"queue":"nats","objects":"none","invoke_async":true,"triggers":true,"target":"tachyon_serverless_application::app"}
{"timestamp":"2026-09-17T09:10:48.250467Z","level":"INFO","message":"startup reconcile finished","provider":"process","found":0,"adopted":0,"terminated":0,"disowned":0,"failed":0,"lost":0,"foreign":0,"reclaimed_dispatchers":0,"fenced_terminated":0,"fenced_pending":0,"target":"tachyon_serverless_application::services::reconcile"}
{"timestamp":"2026-09-17T09:10:48.250532Z","level":"INFO","message":"gateway listening","addr":"127.0.0.1:63270","profile":"dev","provider":"process","target":"tachyon_serverless_gateway"}
{"timestamp":"2026-09-17T09:10:48.251973Z","level":"INFO","message":"asynchronous dispatcher started","workers":2,"owner":"dsp_01m2qa40nrd3tbdcasxkhbyqbg","target":"tachyon_serverless_gateway"}
{"timestamp":"2026-09-17T09:10:48.513974Z","level":"INFO","message":"asynchronous invocation accepted","invocation_id":"inv_01m2qa40y1jhdka3bq3x0p2346","tenant_id":"tn_01hzzzzzzzzzzzzzzzzzzzzzza","revision_id":"rev_01m2qa3pa854ww9m54b3bx1f7v","input_bytes":21,"input_storage":"inline","target":"tachyon_serverless_application::services::invoke_async"}
{"timestamp":"2026-09-17T09:10:48.523004Z","level":"INFO","message":"asynchronous run claimed","invocation_id":"inv_01m2qa40y1jhdka3bq3x0p2346","attempt":1,"generation":0,"delivery_count":1,"target":"tachyon_serverless_application::services::invoke_async::dispatch"}
{"timestamp":"2026-09-17T09:10:48.752456Z","level":"INFO","message":"bridge spawned","environment_id":"env_01m2qa40yb1mgvd2kqtvj6x5e2","pid":64372,"target":"tachyon_serverless_provider_process"}
{"timestamp":"2026-09-17T09:10:48.767496Z","level":"INFO","message":"invocation finished","invocation_id":"inv_01m2qa40y1jhdka3bq3x0p2346","status":"succeeded (async run)","handler_ms":1,"environment_boot_ms":5,"runtime_init_ms":7,"target":"tachyon_serverless_application::services::invoke"}
{"timestamp":"2026-09-17T09:10:48.769238Z","level":"INFO","message":"terminating bridge","environment_id":"env_01m2qa40yb1mgvd2kqtvj6x5e2","pid":64372,"reason":"Completed","graceful":true,"target":"tachyon_serverless_provider_process"}
{"timestamp":"2026-09-17T09:10:48.772248Z","level":"ERROR","message":"failpoint fired: SIGKILL","name":"dispatch.before_commit","target":"tachyon_serverless_application::failpoints"}

===== gateway start (failpoints: none) =====
{"timestamp":"2026-09-17T09:10:48.875983Z","level":"INFO","message":"configuration loaded","config":"/var/folders/z7/khzdjrt95cg_fcmcnh4j1b5h0000gn/T//tsls-dispatch.BncMvv/gateway.toml","target":"tachyon_serverless_gateway"}
{"timestamp":"2026-09-17T09:10:48.878225Z","level":"INFO","message":"connected successfully","server":"63268","max_payload":"1048576","target":"async_nats::connector"}
{"timestamp":"2026-09-17T09:10:48.878403Z","level":"INFO","message":"event: connected","target":"async_nats"}
{"timestamp":"2026-09-17T09:10:48.889630Z","level":"INFO","message":"JetStream queue connected and stream bootstrapped","url":"nats://127.0.0.1:63268","stream":"TACHYON_EVENTS","target":"tachyon_serverless_gateway::durable"}
{"timestamp":"2026-09-17T09:10:48.892091Z","level":"INFO","message":"state store opened","path":"/var/folders/z7/khzdjrt95cg_fcmcnh4j1b5h0000gn/T//tsls-dispatch.BncMvv/data/state.db","schema_version":8,"migrations_applied":"[]","imported_state_json":"None","settled_invocations":0,"settled_attempts":0,"settled_environments":0,"released_leases":0,"dropped_idempotency_keys":0,"purged_idempotency_keys":0,"outputs_purged":0,"target":"tachyon_serverless_application::app"}
{"timestamp":"2026-09-17T09:10:48.892477Z","level":"INFO","message":"dispatcher registered","dispatcher_id":"dsp_01m2qa419wx14p1m6k62bfh2fa","instance":"dispatch-e2e","pid":64386,"lease_ttl_seconds":30,"target":"tachyon_serverless_application::services::dispatcher"}
{"timestamp":"2026-09-17T09:10:48.893164Z","level":"WARN","message":"reclaimed the work of dispatchers that lost their lease","dispatcher_id":"dsp_01m2qa419wx14p1m6k62bfh2fa","reclaimed_dispatchers":"[DispatcherId(dsp_01m2qa40nrd3tbdcasxkhbyqbg)]","leases":0,"invocations":0,"attempts":0,"fenced":0,"target":"tachyon_serverless_application::services::dispatcher"}
{"timestamp":"2026-09-17T09:10:48.895113Z","level":"INFO","message":"application bootstrapped","profile":"dev","provider":"process","dev_only":true,"environment_reuse":false,"reuse_verified":false,"reuse_reason":"[pool] enabled is false","reuse_disabled":"Some(Configuration)","idle_quiesce":"unsupported","idle_resume":"unsupported","data_dir":"/var/folders/z7/khzdjrt95cg_fcmcnh4j1b5h0000gn/T//tsls-dispatch.BncMvv/data","store":"sqlite","dispatcher_id":"dsp_01m2qa419wx14p1m6k62bfh2fa","node":"local","node_region":"none","node_memory_mib":"None","max_concurrency":8,"queue":"nats","objects":"none","invoke_async":true,"triggers":true,"target":"tachyon_serverless_application::app"}
{"timestamp":"2026-09-17T09:10:48.895729Z","level":"INFO","message":"startup reconcile finished","provider":"process","found":0,"adopted":0,"terminated":0,"disowned":0,"failed":0,"lost":0,"foreign":0,"reclaimed_dispatchers":0,"fenced_terminated":0,"fenced_pending":0,"target":"tachyon_serverless_application::services::reconcile"}
{"timestamp":"2026-09-17T09:10:48.895803Z","level":"INFO","message":"gateway listening","addr":"127.0.0.1:63270","profile":"dev","provider":"process","target":"tachyon_serverless_gateway"}
{"timestamp":"2026-09-17T09:10:48.897395Z","level":"INFO","message":"asynchronous dispatcher started","workers":2,"owner":"dsp_01m2qa419wx14p1m6k62bfh2fa","target":"tachyon_serverless_gateway"}
{"timestamp":"2026-09-17T09:10:52.521985Z","level":"INFO","message":"asynchronous run claimed","invocation_id":"inv_01m2qa40y1jhdka3bq3x0p2346","attempt":2,"generation":0,"delivery_count":2,"target":"tachyon_serverless_application::services::invoke_async::dispatch"}
{"timestamp":"2026-09-17T09:10:52.763229Z","level":"INFO","message":"bridge spawned","environment_id":"env_01m2qa44va1aanks82g6mqev4g","pid":64496,"target":"tachyon_serverless_provider_process"}
{"timestamp":"2026-09-17T09:10:52.777036Z","level":"WARN","message":"cannot record the invocation as running","error":"illegal state transition for Invocation: running -> running","target":"tachyon_serverless_application::services::invoke"}
{"timestamp":"2026-09-17T09:10:52.779638Z","level":"INFO","message":"invocation finished","invocation_id":"inv_01m2qa40y1jhdka3bq3x0p2346","status":"succeeded (async run)","handler_ms":1,"environment_boot_ms":5,"runtime_init_ms":8,"target":"tachyon_serverless_application::services::invoke"}
{"timestamp":"2026-09-17T09:10:52.781393Z","level":"INFO","message":"terminating bridge","environment_id":"env_01m2qa44va1aanks82g6mqev4g","pid":64496,"reason":"Completed","graceful":true,"target":"tachyon_serverless_provider_process"}
{"timestamp":"2026-09-17T09:10:52.786301Z","level":"INFO","message":"asynchronous invocation settled","invocation_id":"inv_01m2qa40y1jhdka3bq3x0p2346","status":"succeeded","target":"tachyon_serverless_application::services::invoke_async::dispatch"}
{"timestamp":"2026-09-17T09:10:52.794067Z","level":"INFO","message":"async dispatch: delivery handled","message_id":"inv_01m2qa40y1jhdka3bq3x0p2346","sequence":13,"delivery_count":2,"outcome":"Completed { status: \"succeeded\" }","target":"tachyon_serverless_application::services::invoke_async::dispatch"}
{"timestamp":"2026-09-17T09:10:52.939797Z","level":"INFO","message":"dead letter redriven","dead_letter_id":"dlq_01m2qa3vbm7qnx2d1c9fnb1rzt","redrive_id":"rdv_01m2qa458ame2td56ennx499ks","source_invocation_id":"inv_01m2qa3pqg1dgfk3b1de3ms62s","invocation_id":"inv_01m2qa458anp3hrgpkszaxv478","revision_id":"rev_01m2qa3pa854ww9m54b3bx1f7v","revision_overridden":false,"requested_by":"dispatch-e2e-oncall","target":"tachyon_serverless_application::services::invoke_async::dead_letters"}
{"timestamp":"2026-09-17T09:10:52.955145Z","level":"INFO","message":"asynchronous run claimed","invocation_id":"inv_01m2qa458anp3hrgpkszaxv478","attempt":1,"generation":0,"delivery_count":1,"target":"tachyon_serverless_application::services::invoke_async::dispatch"}
{"timestamp":"2026-09-17T09:10:53.252541Z","level":"INFO","message":"bridge spawned","environment_id":"env_01m2qa458vkz8tqxh2jjst4tnb","pid":64591,"target":"tachyon_serverless_provider_process"}
{"timestamp":"2026-09-17T09:10:53.273404Z","level":"INFO","message":"invocation finished","invocation_id":"inv_01m2qa458anp3hrgpkszaxv478","status":"failed (async run)","handler_ms":1,"environment_boot_ms":7,"runtime_init_ms":10,"target":"tachyon_serverless_application::services::invoke"}
{"timestamp":"2026-09-17T09:10:53.275295Z","level":"INFO","message":"terminating bridge","environment_id":"env_01m2qa458vkz8tqxh2jjst4tnb","pid":64591,"reason":"Completed","graceful":true,"target":"tachyon_serverless_provider_process"}
{"timestamp":"2026-09-17T09:10:53.280484Z","level":"INFO","message":"asynchronous invocation rescheduled","invocation_id":"inv_01m2qa458anp3hrgpkszaxv478","next_attempt_at":"2026-09-17T09:10:53.473535+00:00","counted":true,"error_type":"Downstream.Unavailable","target":"tachyon_serverless_application::services::invoke_async::dispatch"}
{"timestamp":"2026-09-17T09:10:53.298273Z","level":"INFO","message":"async dispatch: delivery handled","message_id":"inv_01m2qa458anp3hrgpkszaxv478","sequence":14,"delivery_count":1,"outcome":"Rescheduled { next_attempt_at: 2026-09-17T09:10:53.473535Z, counted: true }","target":"tachyon_serverless_application::services::invoke_async::dispatch"}
{"timestamp":"2026-09-17T09:10:53.494416Z","level":"INFO","message":"asynchronous run claimed","invocation_id":"inv_01m2qa458anp3hrgpkszaxv478","attempt":2,"generation":1,"delivery_count":1,"target":"tachyon_serverless_application::services::invoke_async::dispatch"}
{"timestamp":"2026-09-17T09:10:53.806230Z","level":"INFO","message":"bridge spawned","environment_id":"env_01m2qa45sqedrgh9d2qd82c05r","pid":64610,"target":"tachyon_serverless_provider_process"}
{"timestamp":"2026-09-17T09:10:53.826160Z","level":"INFO","message":"invocation finished","invocation_id":"inv_01m2qa458anp3hrgpkszaxv478","status":"failed (async run)","handler_ms":1,"environment_boot_ms":7,"runtime_init_ms":9,"target":"tachyon_serverless_application::services::invoke"}
{"timestamp":"2026-09-17T09:10:53.828035Z","level":"INFO","message":"terminating bridge","environment_id":"env_01m2qa45sqedrgh9d2qd82c05r","pid":64610,"reason":"Completed","graceful":true,"target":"tachyon_serverless_provider_process"}
{"timestamp":"2026-09-17T09:10:53.833127Z","level":"INFO","message":"asynchronous invocation rescheduled","invocation_id":"inv_01m2qa458anp3hrgpkszaxv478","next_attempt_at":"2026-09-17T09:10:54.168435+00:00","counted":true,"error_type":"Downstream.Unavailable","target":"tachyon_serverless_application::services::invoke_async::dispatch"}
{"timestamp":"2026-09-17T09:10:53.839808Z","level":"INFO","message":"async dispatch: delivery handled","message_id":"inv_01m2qa458anp3hrgpkszaxv478.g1","sequence":15,"delivery_count":1,"outcome":"Rescheduled { next_attempt_at: 2026-09-17T09:10:54.168435Z, counted: true }","target":"tachyon_serverless_application::services::invoke_async::dispatch"}
{"timestamp":"2026-09-17T09:10:54.253191Z","level":"INFO","message":"asynchronous run claimed","invocation_id":"inv_01m2qa458anp3hrgpkszaxv478","attempt":3,"generation":2,"delivery_count":1,"target":"tachyon_serverless_application::services::invoke_async::dispatch"}
{"timestamp":"2026-09-17T09:10:54.563007Z","level":"INFO","message":"bridge spawned","environment_id":"env_01m2qa46hdczysw12wbc9ews4e","pid":64629,"target":"tachyon_serverless_provider_process"}
{"timestamp":"2026-09-17T09:10:54.584571Z","level":"INFO","message":"invocation finished","invocation_id":"inv_01m2qa458anp3hrgpkszaxv478","status":"succeeded (async run)","handler_ms":1,"environment_boot_ms":8,"runtime_init_ms":10,"target":"tachyon_serverless_application::services::invoke"}
{"timestamp":"2026-09-17T09:10:54.586483Z","level":"INFO","message":"terminating bridge","environment_id":"env_01m2qa46hdczysw12wbc9ews4e","pid":64629,"reason":"Completed","graceful":true,"target":"tachyon_serverless_provider_process"}
{"timestamp":"2026-09-17T09:10:54.591352Z","level":"INFO","message":"asynchronous invocation settled","invocation_id":"inv_01m2qa458anp3hrgpkszaxv478","status":"succeeded","target":"tachyon_serverless_application::services::invoke_async::dispatch"}
{"timestamp":"2026-09-17T09:10:54.598424Z","level":"INFO","message":"async dispatch: delivery handled","message_id":"inv_01m2qa458anp3hrgpkszaxv478.g2","sequence":16,"delivery_count":1,"outcome":"Completed { status: \"succeeded\" }","target":"tachyon_serverless_application::services::invoke_async::dispatch"}
{"timestamp":"2026-09-17T09:10:55.106572Z","level":"INFO","message":"SIGTERM received","target":"tachyon_serverless_gateway"}
{"timestamp":"2026-09-17T09:10:55.106628Z","level":"INFO","message":"shutdown requested; cancelling in-flight invocations","target":"tachyon_serverless_gateway"}
{"timestamp":"2026-09-17T09:10:55.107026Z","level":"INFO","message":"final usage collection","report":"CollectReport { batches: 0, read: 0, inserted: 0, duplicates: 0, cursor_seq: 80 }","target":"tachyon_serverless_gateway"}
{"timestamp":"2026-09-17T09:10:55.109491Z","level":"INFO","message":"gateway stopped","target":"tachyon_serverless_gateway"}
{"timestamp":"2026-09-17T09:10:55.109664Z","level":"INFO","message":"event: closed","target":"async_nats"}
