
===== a start (failpoints: none) 12:00:01 =====
{"timestamp":"2026-09-17T12:00:01.217147Z","level":"INFO","message":"configuration loaded","config":"/private/var/folders/z7/khzdjrt95cg_fcmcnh4j1b5h0000gn/T/tsls-chaos.9nZkLD/gw-a.toml","target":"tachyon_serverless_gateway"}
{"timestamp":"2026-09-17T12:00:01.219401Z","level":"INFO","message":"connected successfully","server":"61914","max_payload":"1048576","target":"async_nats::connector"}
{"timestamp":"2026-09-17T12:00:01.219497Z","level":"INFO","message":"event: connected","target":"async_nats"}
{"timestamp":"2026-09-17T12:00:01.233702Z","level":"INFO","message":"JetStream queue connected and stream bootstrapped","url":"nats://127.0.0.1:61914","stream":"TACHYON_EVENTS","target":"tachyon_serverless_gateway::durable"}
{"timestamp":"2026-09-17T12:00:01.240309Z","level":"INFO","message":"state store opened","path":"/private/var/folders/z7/khzdjrt95cg_fcmcnh4j1b5h0000gn/T/tsls-chaos.9nZkLD/data/state.db","schema_version":8,"migrations_applied":"[1, 2, 3, 4, 5, 6, 7, 8]","imported_state_json":"None","settled_invocations":0,"settled_attempts":0,"settled_environments":0,"released_leases":0,"dropped_idempotency_keys":0,"purged_idempotency_keys":0,"outputs_purged":0,"target":"tachyon_serverless_application::app"}
{"timestamp":"2026-09-17T12:00:01.240544Z","level":"INFO","message":"dispatcher registered","dispatcher_id":"dsp_01m2qksvpr764w9h8dqyqs2xg3","instance":"chaos-a","pid":9632,"lease_ttl_seconds":6,"target":"tachyon_serverless_application::services::dispatcher"}
{"timestamp":"2026-09-17T12:00:01.244030Z","level":"INFO","message":"application bootstrapped","profile":"dev","provider":"process","dev_only":true,"environment_reuse":false,"reuse_verified":false,"reuse_reason":"[pool] enabled is false","reuse_disabled":"Some(Configuration)","idle_quiesce":"unsupported","idle_resume":"unsupported","data_dir":"/private/var/folders/z7/khzdjrt95cg_fcmcnh4j1b5h0000gn/T/tsls-chaos.9nZkLD/data","store":"sqlite","dispatcher_id":"dsp_01m2qksvpr764w9h8dqyqs2xg3","node":"local","node_region":"none","node_memory_mib":"None","max_concurrency":8,"queue":"nats","objects":"filesystem","invoke_async":true,"triggers":true,"target":"tachyon_serverless_application::app"}
{"timestamp":"2026-09-17T12:00:01.244211Z","level":"INFO","message":"startup reconcile finished","provider":"process","found":0,"adopted":0,"terminated":0,"disowned":0,"failed":0,"lost":0,"foreign":0,"reclaimed_dispatchers":0,"fenced_terminated":0,"fenced_pending":0,"target":"tachyon_serverless_application::services::reconcile"}
{"timestamp":"2026-09-17T12:00:01.244282Z","level":"INFO","message":"gateway listening","addr":"127.0.0.1:61918","profile":"dev","provider":"process","target":"tachyon_serverless_gateway"}
{"timestamp":"2026-09-17T12:00:01.245382Z","level":"INFO","message":"asynchronous dispatcher started","workers":2,"owner":"dsp_01m2qksvpr764w9h8dqyqs2xg3","target":"tachyon_serverless_gateway"}
{"timestamp":"2026-09-17T12:00:02.028521Z","level":"INFO","message":"revision ready","revision_id":"rev_01m2qkswamt3072gdp8sw803xx","function_id":"fn_01m2qksw0hqecwp1r6dtt9q1b2","target":"tachyon_serverless_application::services::revision"}
{"timestamp":"2026-09-17T12:00:02.536114Z","level":"INFO","message":"revision ready","revision_id":"rev_01m2qkswtkdzhtaq3tc97xkk7s","function_id":"fn_01m2qkswg6bz6x0r0j7seevntt","target":"tachyon_serverless_application::services::revision"}
{"timestamp":"2026-09-17T12:00:03.179934Z","level":"INFO","message":"revision ready","revision_id":"rev_01m2qksxep7mkk8yfqv3v8z8q0","function_id":"fn_01m2qksx48c9n3ad73m584zjnv","target":"tachyon_serverless_application::services::revision"}
{"timestamp":"2026-09-17T12:00:03.206743Z","level":"INFO","message":"trigger created","trigger_id":"trg_01m2qksxm6pspm9caf78m868bv","function_id":"fn_01m2qkswg6bz6x0r0j7seevntt","kind":"cron","enabled":true,"next_fire_at":"Some(2026-09-17T12:00:04Z)","target":"tachyon_serverless_application::services::triggers"}
{"timestamp":"2026-09-17T12:00:03.217983Z","level":"INFO","message":"trigger created","trigger_id":"trg_01m2qksxmhv20zgneseh9q6kxx","function_id":"fn_01m2qkswg6bz6x0r0j7seevntt","kind":"webhook","enabled":true,"next_fire_at":"None","target":"tachyon_serverless_application::services::triggers"}
{"timestamp":"2026-09-17T12:00:03.398119Z","level":"INFO","message":"bridge spawned","environment_id":"env_01m2qksxnajp3qsygpk73rve9s","pid":9907,"target":"tachyon_serverless_provider_process"}
{"timestamp":"2026-09-17T12:00:03.638638Z","level":"INFO","message":"invocation finished","invocation_id":"inv_01m2qksxnaakha175v7cs0yk77","status":"succeeded","handler_ms":1,"environment_boot_ms":4,"runtime_init_ms":230,"target":"tachyon_serverless_application::services::invoke"}
{"timestamp":"2026-09-17T12:00:03.640882Z","level":"INFO","message":"terminating bridge","environment_id":"env_01m2qksxnajp3qsygpk73rve9s","pid":9907,"reason":"Completed","graceful":true,"target":"tachyon_serverless_provider_process"}
{"timestamp":"2026-09-17T12:00:03.713478Z","level":"INFO","message":"asynchronous invocation accepted","invocation_id":"inv_01m2qksy40453tjn47e7jrxzsn","tenant_id":"tn_01hzzzzzzzzzzzzzzzzzzzzzza","revision_id":"rev_01m2qkswamt3072gdp8sw803xx","input_bytes":47,"input_storage":"inline","target":"tachyon_serverless_application::services::invoke_async"}
{"timestamp":"2026-09-17T12:00:03.720103Z","level":"INFO","message":"asynchronous run claimed","invocation_id":"inv_01m2qksy40453tjn47e7jrxzsn","attempt":1,"generation":0,"delivery_count":1,"target":"tachyon_serverless_application::services::invoke_async::dispatch"}
{"timestamp":"2026-09-17T12:00:03.779816Z","level":"INFO","message":"asynchronous invocation accepted","invocation_id":"inv_01m2qksy5k9p7y3caszftsxvpt","tenant_id":"tn_01hzzzzzzzzzzzzzzzzzzzzzza","revision_id":"rev_01m2qkswamt3072gdp8sw803xx","input_bytes":4127,"input_storage":"object","target":"tachyon_serverless_application::services::invoke_async"}
{"timestamp":"2026-09-17T12:00:03.784797Z","level":"INFO","message":"asynchronous run claimed","invocation_id":"inv_01m2qksy5k9p7y3caszftsxvpt","attempt":1,"generation":0,"delivery_count":1,"target":"tachyon_serverless_application::services::invoke_async::dispatch"}
{"timestamp":"2026-09-17T12:00:03.809726Z","level":"INFO","message":"asynchronous invocation accepted","invocation_id":"inv_01m2qksy71q2qtsr1t5db9nsy7","tenant_id":"tn_01hzzzzzzzzzzzzzzzzzzzzzza","revision_id":"rev_01m2qkswtkdzhtaq3tc97xkk7s","input_bytes":189,"input_storage":"inline","target":"tachyon_serverless_application::services::invoke_async"}
{"timestamp":"2026-09-17T12:00:03.809766Z","level":"INFO","message":"webhook trigger fired","trigger_id":"trg_01m2qksxmhv20zgneseh9q6kxx","event_id":"evt-pre-w1","invocation_id":"inv_01m2qksy71q2qtsr1t5db9nsy7","revision_id":"rev_01m2qkswtkdzhtaq3tc97xkk7s","replayed":false,"target":"tachyon_serverless_application::services::triggers"}
{"timestamp":"2026-09-17T12:00:03.830743Z","level":"INFO","message":"trigger updated","trigger_id":"trg_01m2qksxm6pspm9caf78m868bv","generation":2,"status":"disabled","next_fire_at":"None","rotated_secret":false,"target":"tachyon_serverless_application::services::triggers"}
{"timestamp":"2026-09-17T12:00:03.870556Z","level":"INFO","message":"asynchronous invocation accepted","invocation_id":"inv_01m2qksy8xcgyt2ca51efdw0xz","tenant_id":"tn_01hzzzzzzzzzzzzzzzzzzzzzza","revision_id":"rev_01m2qkswamt3072gdp8sw803xx","input_bytes":65,"input_storage":"inline","target":"tachyon_serverless_application::services::invoke_async"}
{"timestamp":"2026-09-17T12:00:03.888726Z","level":"INFO","message":"bridge spawned","environment_id":"env_01m2qksy48m5fsdwp6zef22qvy","pid":10004,"target":"tachyon_serverless_provider_process"}
{"timestamp":"2026-09-17T12:00:03.965391Z","level":"INFO","message":"bridge spawned","environment_id":"env_01m2qksy6a0cha053syvmv34xc","pid":10010,"target":"tachyon_serverless_provider_process"}
{"timestamp":"2026-09-17T12:00:04.172089Z","level":"INFO","message":"invocation finished","invocation_id":"inv_01m2qksy40453tjn47e7jrxzsn","status":"succeeded (async run)","handler_ms":1,"environment_boot_ms":4,"runtime_init_ms":275,"target":"tachyon_serverless_application::services::invoke"}
{"timestamp":"2026-09-17T12:00:04.172360Z","level":"INFO","message":"invocation finished","invocation_id":"inv_01m2qksy5k9p7y3caszftsxvpt","status":"succeeded (async run)","handler_ms":1,"environment_boot_ms":4,"runtime_init_ms":198,"target":"tachyon_serverless_application::services::invoke"}
{"timestamp":"2026-09-17T12:00:04.173787Z","level":"INFO","message":"terminating bridge","environment_id":"env_01m2qksy6a0cha053syvmv34xc","pid":10010,"reason":"Completed","graceful":true,"target":"tachyon_serverless_provider_process"}
{"timestamp":"2026-09-17T12:00:04.173827Z","level":"INFO","message":"terminating bridge","environment_id":"env_01m2qksy48m5fsdwp6zef22qvy","pid":10004,"reason":"Completed","graceful":true,"target":"tachyon_serverless_provider_process"}
{"timestamp":"2026-09-17T12:00:04.177555Z","level":"INFO","message":"asynchronous invocation settled","invocation_id":"inv_01m2qksy5k9p7y3caszftsxvpt","status":"succeeded","target":"tachyon_serverless_application::services::invoke_async::dispatch"}
{"timestamp":"2026-09-17T12:00:04.178231Z","level":"INFO","message":"asynchronous invocation settled","invocation_id":"inv_01m2qksy40453tjn47e7jrxzsn","status":"succeeded","target":"tachyon_serverless_application::services::invoke_async::dispatch"}
{"timestamp":"2026-09-17T12:00:04.183431Z","level":"INFO","message":"async dispatch: delivery handled","message_id":"inv_01m2qksy5k9p7y3caszftsxvpt","sequence":2,"delivery_count":1,"outcome":"Completed { status: \"succeeded\" }","target":"tachyon_serverless_application::services::invoke_async::dispatch"}
{"timestamp":"2026-09-17T12:00:04.191526Z","level":"INFO","message":"async dispatch: delivery handled","message_id":"inv_01m2qksy40453tjn47e7jrxzsn","sequence":1,"delivery_count":1,"outcome":"Completed { status: \"succeeded\" }","target":"tachyon_serverless_application::services::invoke_async::dispatch"}
{"timestamp":"2026-09-17T12:00:04.192157Z","level":"INFO","message":"asynchronous run claimed","invocation_id":"inv_01m2qksy71q2qtsr1t5db9nsy7","attempt":1,"generation":0,"delivery_count":1,"target":"tachyon_serverless_application::services::invoke_async::dispatch"}
{"timestamp":"2026-09-17T12:00:04.192409Z","level":"INFO","message":"asynchronous run claimed","invocation_id":"inv_01m2qksy8xcgyt2ca51efdw0xz","attempt":1,"generation":0,"delivery_count":1,"target":"tachyon_serverless_application::services::invoke_async::dispatch"}
{"timestamp":"2026-09-17T12:00:04.391053Z","level":"INFO","message":"bridge spawned","environment_id":"env_01m2qksyk0r8pmyqr2p7ennmfx","pid":10015,"target":"tachyon_serverless_provider_process"}
{"timestamp":"2026-09-17T12:00:04.399859Z","level":"INFO","message":"bridge spawned","environment_id":"env_01m2qksyk0ywqtb945cns04zvf","pid":10016,"target":"tachyon_serverless_provider_process"}
{"timestamp":"2026-09-17T12:00:04.407037Z","level":"INFO","message":"invocation finished","invocation_id":"inv_01m2qksy71q2qtsr1t5db9nsy7","status":"succeeded (async run)","handler_ms":0,"environment_boot_ms":5,"runtime_init_ms":9,"target":"tachyon_serverless_application::services::invoke"}
{"timestamp":"2026-09-17T12:00:04.408690Z","level":"INFO","message":"terminating bridge","environment_id":"env_01m2qksyk0r8pmyqr2p7ennmfx","pid":10015,"reason":"Completed","graceful":true,"target":"tachyon_serverless_provider_process"}
{"timestamp":"2026-09-17T12:00:04.412726Z","level":"INFO","message":"asynchronous invocation settled","invocation_id":"inv_01m2qksy71q2qtsr1t5db9nsy7","status":"succeeded","target":"tachyon_serverless_application::services::invoke_async::dispatch"}
{"timestamp":"2026-09-17T12:00:04.417434Z","level":"INFO","message":"async dispatch: delivery handled","message_id":"inv_01m2qksy71q2qtsr1t5db9nsy7","sequence":3,"delivery_count":1,"outcome":"Completed { status: \"succeeded\" }","target":"tachyon_serverless_application::services::invoke_async::dispatch"}
{"timestamp":"2026-09-17T12:00:05.580467Z","level":"INFO","message":"invocation finished","invocation_id":"inv_01m2qksy8xcgyt2ca51efdw0xz","status":"failed (async run)","handler_ms":1168,"environment_boot_ms":7,"runtime_init_ms":5,"target":"tachyon_serverless_application::services::invoke"}
{"timestamp":"2026-09-17T12:00:05.584689Z","level":"INFO","message":"asynchronous invocation rescheduled","invocation_id":"inv_01m2qksy8xcgyt2ca51efdw0xz","next_attempt_at":"2026-09-17T12:00:05.810879+00:00","counted":true,"error_type":"Host.OutcomeUnknown","target":"tachyon_serverless_application::services::invoke_async::dispatch"}
{"timestamp":"2026-09-17T12:00:05.593029Z","level":"INFO","message":"async dispatch: delivery handled","message_id":"inv_01m2qksy8xcgyt2ca51efdw0xz","sequence":4,"delivery_count":1,"outcome":"Rescheduled { next_attempt_at: 2026-09-17T12:00:05.810879Z, counted: true }","target":"tachyon_serverless_application::services::invoke_async::dispatch"}
{"timestamp":"2026-09-17T12:00:05.907913Z","level":"INFO","message":"asynchronous run claimed","invocation_id":"inv_01m2qksy8xcgyt2ca51efdw0xz","attempt":2,"generation":1,"delivery_count":1,"target":"tachyon_serverless_application::services::invoke_async::dispatch"}
{"timestamp":"2026-09-17T12:00:06.079844Z","level":"INFO","message":"bridge spawned","environment_id":"env_01m2qkt08nz0hsac3sfa6wepyy","pid":10038,"target":"tachyon_serverless_provider_process"}
{"timestamp":"2026-09-17T12:00:09.917320Z","level":"INFO","message":"async dispatch: delivery handled","message_id":"inv_01m2qksy8xcgyt2ca51efdw0xz.g1","sequence":5,"delivery_count":2,"outcome":"Skipped(\"claimed\")","target":"tachyon_serverless_application::services::invoke_async::dispatch"}
{"timestamp":"2026-09-17T12:00:11.249743Z","level":"INFO","message":"object retention pass","report":"GcReport { examined: 1, collected_expired: 0, collected_orphans: 0, kept_in_use: 0, kept_referenced: 1, incomplete_removed: 0, tombstones_purged: 0, failed: 0 }","target":"tachyon_serverless_gateway"}
{"timestamp":"2026-09-17T12:00:12.094824Z","level":"INFO","message":"invocation finished","invocation_id":"inv_01m2qksy8xcgyt2ca51efdw0xz","status":"succeeded (async run)","handler_ms":6005,"environment_boot_ms":3,"runtime_init_ms":4,"target":"tachyon_serverless_application::services::invoke"}
{"timestamp":"2026-09-17T12:00:12.097133Z","level":"INFO","message":"terminating bridge","environment_id":"env_01m2qkt08nz0hsac3sfa6wepyy","pid":10038,"reason":"Completed","graceful":true,"target":"tachyon_serverless_provider_process"}
{"timestamp":"2026-09-17T12:00:12.106174Z","level":"INFO","message":"asynchronous invocation settled","invocation_id":"inv_01m2qksy8xcgyt2ca51efdw0xz","status":"succeeded","target":"tachyon_serverless_application::services::invoke_async::dispatch"}
{"timestamp":"2026-09-17T12:00:12.106734Z","level":"INFO","message":"async dispatch: delivery handled","message_id":"inv_01m2qksy8xcgyt2ca51efdw0xz.g1","sequence":5,"delivery_count":1,"outcome":"Completed { status: \"succeeded\" }","target":"tachyon_serverless_application::services::invoke_async::dispatch"}
{"timestamp":"2026-09-17T12:00:12.397463Z","level":"INFO","message":"trigger updated","trigger_id":"trg_01m2qksxm6pspm9caf78m868bv","generation":3,"status":"disabled","next_fire_at":"None","rotated_secret":false,"target":"tachyon_serverless_application::services::triggers"}
{"timestamp":"2026-09-17T12:00:13.114392Z","level":"INFO","message":"SIGTERM received","target":"tachyon_serverless_gateway"}
{"timestamp":"2026-09-17T12:00:13.114418Z","level":"INFO","message":"shutdown requested; cancelling in-flight invocations","target":"tachyon_serverless_gateway"}
{"timestamp":"2026-09-17T12:00:13.114624Z","level":"INFO","message":"final usage collection","report":"CollectReport { batches: 0, read: 0, inserted: 0, duplicates: 0, cursor_seq: 30 }","target":"tachyon_serverless_gateway"}
{"timestamp":"2026-09-17T12:00:13.115616Z","level":"INFO","message":"gateway stopped","target":"tachyon_serverless_gateway"}
{"timestamp":"2026-09-17T12:00:13.115693Z","level":"INFO","message":"event: closed","target":"async_nats"}
