
===== a start (failpoints: none) 04:38:12 =====
{"timestamp":"2026-09-18T04:38:12.168450Z","level":"INFO","message":"configuration loaded","config":"/home/takanorifukuyama.guest/w/tsls-chaos.EezwSM/gw-a.toml","target":"tachyon_serverless_gateway"}
{"timestamp":"2026-09-18T04:38:12.170585Z","level":"INFO","message":"connected successfully","server":"35293","max_payload":"1048576","target":"async_nats::connector"}
{"timestamp":"2026-09-18T04:38:12.170703Z","level":"INFO","message":"event: connected","target":"async_nats"}
{"timestamp":"2026-09-18T04:38:12.175409Z","level":"INFO","message":"JetStream queue connected and stream bootstrapped","url":"nats://127.0.0.1:35293","stream":"TACHYON_EVENTS","target":"tachyon_serverless_gateway::durable"}
{"timestamp":"2026-09-18T04:38:12.185052Z","level":"INFO","message":"state store opened","path":"/home/takanorifukuyama.guest/w/tsls-chaos.EezwSM/data/state.db","schema_version":8,"migrations_applied":"[1, 2, 3, 4, 5, 6, 7, 8]","imported_state_json":"None","settled_invocations":0,"settled_attempts":0,"settled_environments":0,"released_leases":0,"dropped_idempotency_keys":0,"purged_idempotency_keys":0,"outputs_purged":0,"target":"tachyon_serverless_application::app"}
{"timestamp":"2026-09-18T04:38:12.190814Z","level":"INFO","message":"log store opened","path":"/home/takanorifukuyama.guest/w/tsls-chaos.EezwSM/data/logs/logs.db","healthy":true,"retention_seconds":604800,"max_total_bytes":1073741824,"target":"tachyon_serverless_application::app"}
{"timestamp":"2026-09-18T04:38:12.191317Z","level":"INFO","message":"dispatcher registered","dispatcher_id":"dsp_01m2scxjyynvebvj2wr2r3gzks","instance":"chaos-a","pid":856591,"lease_ttl_seconds":6,"target":"tachyon_serverless_application::services::dispatcher"}
{"timestamp":"2026-09-18T04:38:12.200394Z","level":"INFO","message":"application bootstrapped","profile":"dev","provider":"process","dev_only":true,"environment_reuse":false,"reuse_verified":false,"reuse_reason":"[pool] enabled is false","reuse_disabled":"Some(Configuration)","idle_quiesce":"unsupported","idle_resume":"unsupported","data_dir":"/home/takanorifukuyama.guest/w/tsls-chaos.EezwSM/data","store":"sqlite","dispatcher_id":"dsp_01m2scxjyynvebvj2wr2r3gzks","node":"local","node_region":"none","node_memory_mib":"None","max_concurrency":8,"queue":"nats","objects":"filesystem","invoke_async":true,"triggers":true,"target":"tachyon_serverless_application::app"}
{"timestamp":"2026-09-18T04:38:12.200557Z","level":"INFO","message":"startup reconcile finished","provider":"process","found":0,"adopted":0,"terminated":0,"disowned":0,"failed":0,"lost":0,"foreign":0,"reclaimed_dispatchers":0,"fenced_terminated":0,"fenced_pending":0,"target":"tachyon_serverless_application::services::reconcile"}
{"timestamp":"2026-09-18T04:38:12.200611Z","level":"INFO","message":"gateway listening","addr":"127.0.0.1:45953","profile":"dev","provider":"process","target":"tachyon_serverless_gateway"}
{"timestamp":"2026-09-18T04:38:12.201634Z","level":"INFO","message":"asynchronous dispatcher started","workers":2,"owner":"dsp_01m2scxjyynvebvj2wr2r3gzks","target":"tachyon_serverless_gateway"}
{"timestamp":"2026-09-18T04:38:16.080144Z","level":"INFO","message":"revision ready","revision_id":"rev_01m2scxnkcc6gdhy0qar15h1vt","function_id":"fn_01m2scxk7qqk73hy6e6phwdv9w","target":"tachyon_serverless_application::services::revision"}
{"timestamp":"2026-09-18T04:38:19.658971Z","level":"INFO","message":"revision ready","revision_id":"rev_01m2scxs3x4h9xg03evq7fr6wn","function_id":"fn_01m2scxpt2283jtskqnn8a24g6","target":"tachyon_serverless_application::services::revision"}
{"timestamp":"2026-09-18T04:38:23.301780Z","level":"INFO","message":"revision ready","revision_id":"rev_01m2scxwndyyeh2hj17p2pg5mt","function_id":"fn_01m2scxtazgcq9bdtyecrwgr8b","target":"tachyon_serverless_application::services::revision"}
{"timestamp":"2026-09-18T04:38:23.366974Z","level":"INFO","message":"trigger created","trigger_id":"trg_01m2scxxw6e5znjz01bb6ag1b2","function_id":"fn_01m2scxpt2283jtskqnn8a24g6","kind":"cron","enabled":true,"next_fire_at":"Some(2026-09-18T04:38:24Z)","target":"tachyon_serverless_application::services::triggers"}
{"timestamp":"2026-09-18T04:38:23.371925Z","level":"INFO","message":"trigger created","trigger_id":"trg_01m2scxxwb2s4zt0vrkbwqa29s","function_id":"fn_01m2scxpt2283jtskqnn8a24g6","kind":"webhook","enabled":true,"next_fire_at":"None","target":"tachyon_serverless_application::services::triggers"}
{"timestamp":"2026-09-18T04:38:24.002654Z","level":"INFO","message":"asynchronous invocation accepted","invocation_id":"inv_01m2scxyg1j5eq6vq08t9bwe16","tenant_id":"tn_01hzzzzzzzzzzzzzzzzzzzzzza","revision_id":"rev_01m2scxs3x4h9xg03evq7fr6wn","input_bytes":180,"input_storage":"inline","target":"tachyon_serverless_application::services::invoke_async"}
{"timestamp":"2026-09-18T04:38:24.002702Z","level":"INFO","message":"cron trigger fired","trigger_id":"trg_01m2scxxw6e5znjz01bb6ag1b2","scheduled_at":"2026-09-18T04:38:24Z","invocation_id":"inv_01m2scxyg1j5eq6vq08t9bwe16","revision_id":"rev_01m2scxs3x4h9xg03evq7fr6wn","replayed":false,"target":"tachyon_serverless_application::services::triggers"}
{"timestamp":"2026-09-18T04:38:24.005938Z","level":"INFO","message":"asynchronous run claimed","invocation_id":"inv_01m2scxyg1j5eq6vq08t9bwe16","attempt":1,"generation":0,"delivery_count":1,"target":"tachyon_serverless_application::services::invoke_async::dispatch"}
{"timestamp":"2026-09-18T04:38:24.552957Z","level":"INFO","message":"bridge spawned","environment_id":"env_01m2scxxwpavz120hkt4cb3qhe","pid":857257,"target":"tachyon_serverless_provider_process"}
{"timestamp":"2026-09-18T04:38:24.575381Z","level":"INFO","message":"invocation finished","invocation_id":"inv_01m2scxxwnbb891s9qjmssjzxm","status":"succeeded","handler_ms":3,"environment_boot_ms":2,"runtime_init_ms":5,"target":"tachyon_serverless_application::services::invoke"}
{"timestamp":"2026-09-18T04:38:24.577407Z","level":"INFO","message":"terminating bridge","environment_id":"env_01m2scxxwpavz120hkt4cb3qhe","pid":857257,"reason":"Completed","graceful":true,"target":"tachyon_serverless_provider_process"}
{"timestamp":"2026-09-18T04:38:24.602984Z","level":"INFO","message":"asynchronous invocation accepted","invocation_id":"inv_01m2scxz2s5s36r38j4p8m36y0","tenant_id":"tn_01hzzzzzzzzzzzzzzzzzzzzzza","revision_id":"rev_01m2scxnkcc6gdhy0qar15h1vt","input_bytes":47,"input_storage":"inline","target":"tachyon_serverless_application::services::invoke_async"}
{"timestamp":"2026-09-18T04:38:24.606372Z","level":"INFO","message":"asynchronous run claimed","invocation_id":"inv_01m2scxz2s5s36r38j4p8m36y0","attempt":1,"generation":0,"delivery_count":1,"target":"tachyon_serverless_application::services::invoke_async::dispatch"}
{"timestamp":"2026-09-18T04:38:24.628527Z","level":"INFO","message":"asynchronous invocation accepted","invocation_id":"inv_01m2scxz3hg4s0gef570c1nd1r","tenant_id":"tn_01hzzzzzzzzzzzzzzzzzzzzzza","revision_id":"rev_01m2scxnkcc6gdhy0qar15h1vt","input_bytes":4127,"input_storage":"object","target":"tachyon_serverless_application::services::invoke_async"}
{"timestamp":"2026-09-18T04:38:24.643980Z","level":"INFO","message":"asynchronous invocation accepted","invocation_id":"inv_01m2scxz42t4cs661gsfk32dg2","tenant_id":"tn_01hzzzzzzzzzzzzzzzzzzzzzza","revision_id":"rev_01m2scxs3x4h9xg03evq7fr6wn","input_bytes":189,"input_storage":"inline","target":"tachyon_serverless_application::services::invoke_async"}
{"timestamp":"2026-09-18T04:38:24.644021Z","level":"INFO","message":"webhook trigger fired","trigger_id":"trg_01m2scxxwb2s4zt0vrkbwqa29s","event_id":"evt-pre-w1","invocation_id":"inv_01m2scxz42t4cs661gsfk32dg2","revision_id":"rev_01m2scxs3x4h9xg03evq7fr6wn","replayed":false,"target":"tachyon_serverless_application::services::triggers"}
{"timestamp":"2026-09-18T04:38:25.196040Z","level":"INFO","message":"bridge spawned","environment_id":"env_01m2scxyg629eyhvxf4ajagvf4","pid":857345,"target":"tachyon_serverless_provider_process"}
{"timestamp":"2026-09-18T04:38:25.241067Z","level":"INFO","message":"invocation finished","invocation_id":"inv_01m2scxyg1j5eq6vq08t9bwe16","status":"succeeded (async run)","handler_ms":6,"environment_boot_ms":1,"runtime_init_ms":10,"target":"tachyon_serverless_application::services::invoke"}
{"timestamp":"2026-09-18T04:38:25.242928Z","level":"INFO","message":"terminating bridge","environment_id":"env_01m2scxyg629eyhvxf4ajagvf4","pid":857345,"reason":"Completed","graceful":true,"target":"tachyon_serverless_provider_process"}
{"timestamp":"2026-09-18T04:38:25.246376Z","level":"INFO","message":"asynchronous invocation settled","invocation_id":"inv_01m2scxyg1j5eq6vq08t9bwe16","status":"succeeded","target":"tachyon_serverless_application::services::invoke_async::dispatch"}
{"timestamp":"2026-09-18T04:38:25.247050Z","level":"INFO","message":"async dispatch: delivery handled","message_id":"inv_01m2scxyg1j5eq6vq08t9bwe16","sequence":1,"delivery_count":1,"outcome":"Completed { status: \"succeeded\" }","target":"tachyon_serverless_application::services::invoke_async::dispatch"}
{"timestamp":"2026-09-18T04:38:25.247863Z","level":"INFO","message":"asynchronous run claimed","invocation_id":"inv_01m2scxz3hg4s0gef570c1nd1r","attempt":1,"generation":0,"delivery_count":1,"target":"tachyon_serverless_application::services::invoke_async::dispatch"}
{"timestamp":"2026-09-18T04:38:25.832257Z","level":"INFO","message":"bridge spawned","environment_id":"env_01m2scxz2yj21exb7q7fnhbpbw","pid":857364,"target":"tachyon_serverless_provider_process"}
{"timestamp":"2026-09-18T04:38:25.864472Z","level":"INFO","message":"bridge spawned","environment_id":"env_01m2scxz4fprf3c5xta2hj3e5a","pid":857374,"target":"tachyon_serverless_provider_process"}
{"timestamp":"2026-09-18T04:38:25.882305Z","level":"INFO","message":"invocation finished","invocation_id":"inv_01m2scxz2s5s36r38j4p8m36y0","status":"succeeded (async run)","handler_ms":1,"environment_boot_ms":2,"runtime_init_ms":29,"target":"tachyon_serverless_application::services::invoke"}
{"timestamp":"2026-09-18T04:38:25.890375Z","level":"INFO","message":"terminating bridge","environment_id":"env_01m2scxz2yj21exb7q7fnhbpbw","pid":857364,"reason":"Completed","graceful":true,"target":"tachyon_serverless_provider_process"}
{"timestamp":"2026-09-18T04:38:25.895711Z","level":"INFO","message":"asynchronous invocation settled","invocation_id":"inv_01m2scxz2s5s36r38j4p8m36y0","status":"succeeded","target":"tachyon_serverless_application::services::invoke_async::dispatch"}
{"timestamp":"2026-09-18T04:38:25.896685Z","level":"INFO","message":"async dispatch: delivery handled","message_id":"inv_01m2scxz2s5s36r38j4p8m36y0","sequence":2,"delivery_count":1,"outcome":"Completed { status: \"succeeded\" }","target":"tachyon_serverless_application::services::invoke_async::dispatch"}
{"timestamp":"2026-09-18T04:38:25.897569Z","level":"INFO","message":"asynchronous run claimed","invocation_id":"inv_01m2scxz42t4cs661gsfk32dg2","attempt":1,"generation":0,"delivery_count":1,"target":"tachyon_serverless_application::services::invoke_async::dispatch"}
{"timestamp":"2026-09-18T04:38:26.005027Z","level":"INFO","message":"asynchronous invocation accepted","invocation_id":"inv_01m2scy0ek1c2wfn0pqyk0m79p","tenant_id":"tn_01hzzzzzzzzzzzzzzzzzzzzzza","revision_id":"rev_01m2scxs3x4h9xg03evq7fr6wn","input_bytes":180,"input_storage":"inline","target":"tachyon_serverless_application::services::invoke_async"}
{"timestamp":"2026-09-18T04:38:26.005064Z","level":"INFO","message":"cron trigger fired","trigger_id":"trg_01m2scxxw6e5znjz01bb6ag1b2","scheduled_at":"2026-09-18T04:38:26Z","invocation_id":"inv_01m2scy0ek1c2wfn0pqyk0m79p","revision_id":"rev_01m2scxs3x4h9xg03evq7fr6wn","replayed":false,"target":"tachyon_serverless_application::services::triggers"}
{"timestamp":"2026-09-18T04:38:26.474491Z","level":"INFO","message":"bridge spawned","environment_id":"env_01m2scxzq1nj4rr7tbe0m4z08z","pid":857394,"target":"tachyon_serverless_provider_process"}
{"timestamp":"2026-09-18T04:38:26.513993Z","level":"INFO","message":"invocation finished","invocation_id":"inv_01m2scxz3hg4s0gef570c1nd1r","status":"succeeded (async run)","handler_ms":5,"environment_boot_ms":2,"runtime_init_ms":21,"target":"tachyon_serverless_application::services::invoke"}
{"timestamp":"2026-09-18T04:38:26.515830Z","level":"INFO","message":"terminating bridge","environment_id":"env_01m2scxzq1nj4rr7tbe0m4z08z","pid":857394,"reason":"Completed","graceful":true,"target":"tachyon_serverless_provider_process"}
{"timestamp":"2026-09-18T04:38:26.519442Z","level":"INFO","message":"asynchronous invocation settled","invocation_id":"inv_01m2scxz3hg4s0gef570c1nd1r","status":"succeeded","target":"tachyon_serverless_application::services::invoke_async::dispatch"}
{"timestamp":"2026-09-18T04:38:26.520061Z","level":"INFO","message":"async dispatch: delivery handled","message_id":"inv_01m2scxz3hg4s0gef570c1nd1r","sequence":3,"delivery_count":1,"outcome":"Completed { status: \"succeeded\" }","target":"tachyon_serverless_application::services::invoke_async::dispatch"}
{"timestamp":"2026-09-18T04:38:26.520873Z","level":"INFO","message":"asynchronous run claimed","invocation_id":"inv_01m2scy0ek1c2wfn0pqyk0m79p","attempt":1,"generation":0,"delivery_count":1,"target":"tachyon_serverless_application::services::invoke_async::dispatch"}
{"timestamp":"2026-09-18T04:38:27.004677Z","level":"INFO","message":"invocation finished","invocation_id":"inv_01m2scxz4e4pg19a10fkkrfsg3","status":"failed","handler_ms":1112,"environment_boot_ms":1,"runtime_init_ms":10,"target":"tachyon_serverless_application::services::invoke"}
{"timestamp":"2026-09-18T04:38:27.091472Z","level":"INFO","message":"bridge spawned","environment_id":"env_01m2scy0b9g516hwamyfjwvxmw","pid":857482,"target":"tachyon_serverless_provider_process"}
{"timestamp":"2026-09-18T04:38:27.132567Z","level":"INFO","message":"invocation finished","invocation_id":"inv_01m2scxz42t4cs661gsfk32dg2","status":"succeeded (async run)","handler_ms":6,"environment_boot_ms":1,"runtime_init_ms":12,"target":"tachyon_serverless_application::services::invoke"}
{"timestamp":"2026-09-18T04:38:27.140696Z","level":"INFO","message":"terminating bridge","environment_id":"env_01m2scy0b9g516hwamyfjwvxmw","pid":857482,"reason":"Completed","graceful":true,"target":"tachyon_serverless_provider_process"}
{"timestamp":"2026-09-18T04:38:27.154738Z","level":"INFO","message":"asynchronous invocation settled","invocation_id":"inv_01m2scxz42t4cs661gsfk32dg2","status":"succeeded","target":"tachyon_serverless_application::services::invoke_async::dispatch"}
{"timestamp":"2026-09-18T04:38:27.155434Z","level":"INFO","message":"async dispatch: delivery handled","message_id":"inv_01m2scxz42t4cs661gsfk32dg2","sequence":4,"delivery_count":1,"outcome":"Completed { status: \"succeeded\" }","target":"tachyon_serverless_application::services::invoke_async::dispatch"}
{"timestamp":"2026-09-18T04:38:27.709680Z","level":"INFO","message":"bridge spawned","environment_id":"env_01m2scy0yspvhw2xcngr32w1ew","pid":857492,"target":"tachyon_serverless_provider_process"}
{"timestamp":"2026-09-18T04:38:27.749458Z","level":"INFO","message":"invocation finished","invocation_id":"inv_01m2scy0ek1c2wfn0pqyk0m79p","status":"succeeded (async run)","handler_ms":4,"environment_boot_ms":1,"runtime_init_ms":19,"target":"tachyon_serverless_application::services::invoke"}
{"timestamp":"2026-09-18T04:38:27.751488Z","level":"INFO","message":"terminating bridge","environment_id":"env_01m2scy0yspvhw2xcngr32w1ew","pid":857492,"reason":"Completed","graceful":true,"target":"tachyon_serverless_provider_process"}
{"timestamp":"2026-09-18T04:38:27.754939Z","level":"INFO","message":"asynchronous invocation settled","invocation_id":"inv_01m2scy0ek1c2wfn0pqyk0m79p","status":"succeeded","target":"tachyon_serverless_application::services::invoke_async::dispatch"}
{"timestamp":"2026-09-18T04:38:27.755821Z","level":"INFO","message":"async dispatch: delivery handled","message_id":"inv_01m2scy0ek1c2wfn0pqyk0m79p","sequence":5,"delivery_count":1,"outcome":"Completed { status: \"succeeded\" }","target":"tachyon_serverless_application::services::invoke_async::dispatch"}
{"timestamp":"2026-09-18T04:38:28.002631Z","level":"INFO","message":"asynchronous invocation accepted","invocation_id":"inv_01m2scy2d1h9dyz2ndepayrbdy","tenant_id":"tn_01hzzzzzzzzzzzzzzzzzzzzzza","revision_id":"rev_01m2scxs3x4h9xg03evq7fr6wn","input_bytes":180,"input_storage":"inline","target":"tachyon_serverless_application::services::invoke_async"}
{"timestamp":"2026-09-18T04:38:28.002664Z","level":"INFO","message":"cron trigger fired","trigger_id":"trg_01m2scxxw6e5znjz01bb6ag1b2","scheduled_at":"2026-09-18T04:38:28Z","invocation_id":"inv_01m2scy2d1h9dyz2ndepayrbdy","revision_id":"rev_01m2scxs3x4h9xg03evq7fr6wn","replayed":false,"target":"tachyon_serverless_application::services::triggers"}
{"timestamp":"2026-09-18T04:38:28.005056Z","level":"INFO","message":"asynchronous run claimed","invocation_id":"inv_01m2scy2d1h9dyz2ndepayrbdy","attempt":1,"generation":0,"delivery_count":1,"target":"tachyon_serverless_application::services::invoke_async::dispatch"}
{"timestamp":"2026-09-18T04:38:28.286958Z","level":"INFO","message":"bridge spawned","environment_id":"env_01m2scy1gd35q8tgw8m5q6nar5","pid":857502,"target":"tachyon_serverless_provider_process"}
{"timestamp":"2026-09-18T04:38:28.507860Z","level":"INFO","message":"invocation finished","invocation_id":"inv_01m2scy1gcjd7zc5w0ym7rdk9y","status":"succeeded","handler_ms":201,"environment_boot_ms":1,"runtime_init_ms":3,"target":"tachyon_serverless_application::services::invoke"}
{"timestamp":"2026-09-18T04:38:28.509914Z","level":"INFO","message":"terminating bridge","environment_id":"env_01m2scy1gd35q8tgw8m5q6nar5","pid":857502,"reason":"Completed","graceful":true,"target":"tachyon_serverless_provider_process"}
{"timestamp":"2026-09-18T04:38:28.523542Z","level":"INFO","message":"trigger updated","trigger_id":"trg_01m2scxxw6e5znjz01bb6ag1b2","generation":2,"status":"disabled","next_fire_at":"None","rotated_secret":false,"target":"tachyon_serverless_application::services::triggers"}
{"timestamp":"2026-09-18T04:38:29.182560Z","level":"INFO","message":"bridge spawned","environment_id":"env_01m2scy2d56abr8wavf1hew8qy","pid":857638,"target":"tachyon_serverless_provider_process"}
{"timestamp":"2026-09-18T04:38:29.220244Z","level":"INFO","message":"invocation finished","invocation_id":"inv_01m2scy2d1h9dyz2ndepayrbdy","status":"succeeded (async run)","handler_ms":4,"environment_boot_ms":1,"runtime_init_ms":9,"target":"tachyon_serverless_application::services::invoke"}
{"timestamp":"2026-09-18T04:38:29.225911Z","level":"INFO","message":"terminating bridge","environment_id":"env_01m2scy2d56abr8wavf1hew8qy","pid":857638,"reason":"Completed","graceful":true,"target":"tachyon_serverless_provider_process"}
{"timestamp":"2026-09-18T04:38:29.228984Z","level":"INFO","message":"asynchronous invocation settled","invocation_id":"inv_01m2scy2d1h9dyz2ndepayrbdy","status":"succeeded","target":"tachyon_serverless_application::services::invoke_async::dispatch"}
{"timestamp":"2026-09-18T04:38:29.230075Z","level":"INFO","message":"async dispatch: delivery handled","message_id":"inv_01m2scy2d1h9dyz2ndepayrbdy","sequence":6,"delivery_count":1,"outcome":"Completed { status: \"succeeded\" }","target":"tachyon_serverless_application::services::invoke_async::dispatch"}
{"timestamp":"2026-09-18T04:38:29.628966Z","level":"INFO","message":"SIGTERM received","target":"tachyon_serverless_gateway"}
{"timestamp":"2026-09-18T04:38:29.628995Z","level":"INFO","message":"shutdown requested; cancelling in-flight invocations","target":"tachyon_serverless_gateway"}
{"timestamp":"2026-09-18T04:38:29.629256Z","level":"INFO","message":"final usage collection","report":"CollectReport { batches: 0, read: 0, inserted: 0, duplicates: 0, cursor_seq: 45 }","target":"tachyon_serverless_gateway"}
{"timestamp":"2026-09-18T04:38:29.632427Z","level":"INFO","message":"gateway stopped","target":"tachyon_serverless_gateway"}
{"timestamp":"2026-09-18T04:38:29.632559Z","level":"INFO","message":"event: closed","target":"async_nats"}
