
===== b start (failpoints: none) 18:28:16 =====
{"timestamp":"2026-09-17T18:28:16.940244Z","level":"INFO","message":"configuration loaded","config":"/private/var/folders/z7/khzdjrt95cg_fcmcnh4j1b5h0000gn/T/tsls-chaos.HiJZ3Y/gw-b.toml","target":"tachyon_serverless_gateway"}
{"timestamp":"2026-09-17T18:28:16.942139Z","level":"INFO","message":"connected successfully","server":"52465","max_payload":"1048576","target":"async_nats::connector"}
{"timestamp":"2026-09-17T18:28:16.942226Z","level":"INFO","message":"event: connected","target":"async_nats"}
{"timestamp":"2026-09-17T18:28:16.951107Z","level":"INFO","message":"JetStream queue connected and stream bootstrapped","url":"nats://127.0.0.1:52465","stream":"TACHYON_EVENTS","target":"tachyon_serverless_gateway::durable"}
{"timestamp":"2026-09-17T18:28:16.952135Z","level":"INFO","message":"state store opened","path":"/private/var/folders/z7/khzdjrt95cg_fcmcnh4j1b5h0000gn/T/tsls-chaos.HiJZ3Y/data/state.db","schema_version":8,"migrations_applied":"[]","imported_state_json":"None","settled_invocations":0,"settled_attempts":0,"settled_environments":0,"released_leases":0,"dropped_idempotency_keys":0,"purged_idempotency_keys":0,"outputs_purged":0,"target":"tachyon_serverless_application::app"}
{"timestamp":"2026-09-17T18:28:16.952632Z","level":"INFO","message":"log store opened","path":"/private/var/folders/z7/khzdjrt95cg_fcmcnh4j1b5h0000gn/T/tsls-chaos.HiJZ3Y/data/logs/logs.db","healthy":true,"retention_seconds":604800,"max_total_bytes":1073741824,"target":"tachyon_serverless_application::app"}
{"timestamp":"2026-09-17T18:28:16.952842Z","level":"INFO","message":"dispatcher registered","dispatcher_id":"dsp_01m2ra0sdrwjj6p1b3z2ydtxvf","instance":"chaos-b","pid":68528,"lease_ttl_seconds":6,"target":"tachyon_serverless_application::services::dispatcher"}
{"timestamp":"2026-09-17T18:28:16.953766Z","level":"INFO","message":"application bootstrapped","profile":"dev","provider":"process","dev_only":true,"environment_reuse":false,"reuse_verified":false,"reuse_reason":"[pool] enabled is false","reuse_disabled":"Some(Configuration)","idle_quiesce":"unsupported","idle_resume":"unsupported","data_dir":"/private/var/folders/z7/khzdjrt95cg_fcmcnh4j1b5h0000gn/T/tsls-chaos.HiJZ3Y/data","store":"sqlite","dispatcher_id":"dsp_01m2ra0sdrwjj6p1b3z2ydtxvf","node":"local","node_region":"none","node_memory_mib":"None","max_concurrency":8,"queue":"nats","objects":"filesystem","invoke_async":true,"triggers":true,"target":"tachyon_serverless_application::app"}
{"timestamp":"2026-09-17T18:28:16.953975Z","level":"INFO","message":"startup reconcile finished","provider":"process","found":0,"adopted":0,"terminated":0,"disowned":0,"failed":0,"lost":0,"foreign":0,"reclaimed_dispatchers":0,"fenced_terminated":0,"fenced_pending":0,"target":"tachyon_serverless_application::services::reconcile"}
{"timestamp":"2026-09-17T18:28:16.954019Z","level":"INFO","message":"gateway listening","addr":"127.0.0.1:52492","profile":"dev","provider":"process","target":"tachyon_serverless_gateway"}
{"timestamp":"2026-09-17T18:28:16.955087Z","level":"INFO","message":"asynchronous dispatcher started","workers":2,"owner":"dsp_01m2ra0sdrwjj6p1b3z2ydtxvf","target":"tachyon_serverless_gateway"}
{"timestamp":"2026-09-17T18:28:17.652116Z","level":"INFO","message":"asynchronous run claimed","invocation_id":"inv_01m2ra0t2taf2dmr67dabezr6j","attempt":1,"generation":0,"delivery_count":1,"target":"tachyon_serverless_application::services::invoke_async::dispatch"}
{"timestamp":"2026-09-17T18:28:17.685950Z","level":"INFO","message":"asynchronous run claimed","invocation_id":"inv_01m2ra0t4b99b6ztdc3m2g8t76","attempt":1,"generation":0,"delivery_count":1,"target":"tachyon_serverless_application::services::invoke_async::dispatch"}
{"timestamp":"2026-09-17T18:28:17.808496Z","level":"INFO","message":"bridge spawned","environment_id":"env_01m2ra0t3nwma41p53y72dh72a","pid":68626,"target":"tachyon_serverless_provider_process"}
{"timestamp":"2026-09-17T18:28:17.834044Z","level":"INFO","message":"bridge spawned","environment_id":"env_01m2ra0t4p8xy7tf4s6vrq10fa","pid":68628,"target":"tachyon_serverless_provider_process"}
{"timestamp":"2026-09-17T18:28:17.846071Z","level":"INFO","message":"invocation finished","invocation_id":"inv_01m2ra0t4b99b6ztdc3m2g8t76","status":"succeeded (async run)","handler_ms":0,"environment_boot_ms":4,"runtime_init_ms":5,"target":"tachyon_serverless_application::services::invoke"}
{"timestamp":"2026-09-17T18:28:17.847599Z","level":"INFO","message":"terminating bridge","environment_id":"env_01m2ra0t4p8xy7tf4s6vrq10fa","pid":68628,"reason":"Completed","graceful":true,"target":"tachyon_serverless_provider_process"}
{"timestamp":"2026-09-17T18:28:17.850055Z","level":"INFO","message":"asynchronous invocation settled","invocation_id":"inv_01m2ra0t4b99b6ztdc3m2g8t76","status":"succeeded","target":"tachyon_serverless_application::services::invoke_async::dispatch"}
{"timestamp":"2026-09-17T18:28:17.855208Z","level":"INFO","message":"async dispatch: delivery handled","message_id":"inv_01m2ra0t4b99b6ztdc3m2g8t76","sequence":3,"delivery_count":1,"outcome":"Completed { status: \"succeeded\" }","target":"tachyon_serverless_application::services::invoke_async::dispatch"}
{"timestamp":"2026-09-17T18:28:17.864193Z","level":"INFO","message":"bridge spawned","environment_id":"env_01m2ra0t5f3newhkst792tehzf","pid":68630,"target":"tachyon_serverless_provider_process"}
{"timestamp":"2026-09-17T18:28:17.874401Z","level":"INFO","message":"invocation finished","invocation_id":"inv_01m2ra0t5f33aj9dan037cf6g4","status":"succeeded","handler_ms":0,"environment_boot_ms":3,"runtime_init_ms":5,"target":"tachyon_serverless_application::services::invoke"}
{"timestamp":"2026-09-17T18:28:17.876052Z","level":"INFO","message":"terminating bridge","environment_id":"env_01m2ra0t5f3newhkst792tehzf","pid":68630,"reason":"Completed","graceful":true,"target":"tachyon_serverless_provider_process"}
{"timestamp":"2026-09-17T18:28:17.896086Z","level":"INFO","message":"invocation finished","invocation_id":"inv_01m2ra0t2taf2dmr67dabezr6j","status":"succeeded (async run)","handler_ms":1,"environment_boot_ms":6,"runtime_init_ms":77,"target":"tachyon_serverless_application::services::invoke"}
{"timestamp":"2026-09-17T18:28:17.897830Z","level":"INFO","message":"terminating bridge","environment_id":"env_01m2ra0t3nwma41p53y72dh72a","pid":68626,"reason":"Completed","graceful":true,"target":"tachyon_serverless_provider_process"}
{"timestamp":"2026-09-17T18:28:17.904446Z","level":"INFO","message":"asynchronous invocation settled","invocation_id":"inv_01m2ra0t2taf2dmr67dabezr6j","status":"succeeded","target":"tachyon_serverless_application::services::invoke_async::dispatch"}
{"timestamp":"2026-09-17T18:28:17.912132Z","level":"INFO","message":"async dispatch: delivery handled","message_id":"inv_01m2ra0t2taf2dmr67dabezr6j","sequence":2,"delivery_count":1,"outcome":"Completed { status: \"succeeded\" }","target":"tachyon_serverless_application::services::invoke_async::dispatch"}
{"timestamp":"2026-09-17T18:28:17.931991Z","level":"INFO","message":"asynchronous invocation accepted","invocation_id":"inv_01m2ra0tcbsapmap4je9xxyybt","tenant_id":"tn_01hzzzzzzzzzzzzzzzzzzzzzza","revision_id":"rev_01m2ra0r7zt2ke43b2f76hg4gb","input_bytes":49,"input_storage":"inline","target":"tachyon_serverless_application::services::invoke_async"}
{"timestamp":"2026-09-17T18:28:17.994486Z","level":"INFO","message":"asynchronous invocation accepted","invocation_id":"inv_01m2ra0tdv2kvbr6tsed4fz697","tenant_id":"tn_01hzzzzzzzzzzzzzzzzzzzzzza","revision_id":"rev_01m2ra0r7zt2ke43b2f76hg4gb","input_bytes":4129,"input_storage":"object","target":"tachyon_serverless_application::services::invoke_async"}
{"timestamp":"2026-09-17T18:28:18.001044Z","level":"INFO","message":"asynchronous run claimed","invocation_id":"inv_01m2ra0tdv2kvbr6tsed4fz697","attempt":1,"generation":0,"delivery_count":1,"target":"tachyon_serverless_application::services::invoke_async::dispatch"}
{"timestamp":"2026-09-17T18:28:18.015358Z","level":"INFO","message":"asynchronous run claimed","invocation_id":"inv_01m2ra0tep7py4ev8e7kjxjheh","attempt":1,"generation":0,"delivery_count":1,"target":"tachyon_serverless_application::services::invoke_async::dispatch"}
{"timestamp":"2026-09-17T18:28:18.028871Z","level":"INFO","message":"asynchronous invocation accepted","invocation_id":"inv_01m2ra0tfc7gtb0p0mptgxkdwy","tenant_id":"tn_01hzzzzzzzzzzzzzzzzzzzzzza","revision_id":"rev_01m2ra0rq6eq1t1bq21h6tp7d4","input_bytes":193,"input_storage":"inline","target":"tachyon_serverless_application::services::invoke_async"}
{"timestamp":"2026-09-17T18:28:18.028909Z","level":"INFO","message":"webhook trigger fired","trigger_id":"trg_01m2ra0sbvbs08wjkn3y9c0k43","event_id":"evt-pre-b-w1","invocation_id":"inv_01m2ra0tfc7gtb0p0mptgxkdwy","revision_id":"rev_01m2ra0rq6eq1t1bq21h6tp7d4","replayed":false,"target":"tachyon_serverless_application::services::triggers"}
{"timestamp":"2026-09-17T18:28:18.165960Z","level":"INFO","message":"bridge spawned","environment_id":"env_01m2ra0tezqb1e7cczms1fhp41","pid":68723,"target":"tachyon_serverless_provider_process"}
{"timestamp":"2026-09-17T18:28:18.180984Z","level":"INFO","message":"invocation finished","invocation_id":"inv_01m2ra0tep7py4ev8e7kjxjheh","status":"succeeded (async run)","handler_ms":0,"environment_boot_ms":4,"runtime_init_ms":8,"target":"tachyon_serverless_application::services::invoke"}
{"timestamp":"2026-09-17T18:28:18.182598Z","level":"INFO","message":"terminating bridge","environment_id":"env_01m2ra0tezqb1e7cczms1fhp41","pid":68723,"reason":"Completed","graceful":true,"target":"tachyon_serverless_provider_process"}
{"timestamp":"2026-09-17T18:28:18.185363Z","level":"INFO","message":"bridge spawned","environment_id":"env_01m2ra0tep7y80gpm0ybzvq9kx","pid":68725,"target":"tachyon_serverless_provider_process"}
{"timestamp":"2026-09-17T18:28:18.186929Z","level":"INFO","message":"asynchronous invocation settled","invocation_id":"inv_01m2ra0tep7py4ev8e7kjxjheh","status":"succeeded","target":"tachyon_serverless_application::services::invoke_async::dispatch"}
{"timestamp":"2026-09-17T18:28:18.194413Z","level":"INFO","message":"async dispatch: delivery handled","message_id":"inv_01m2ra0tep7py4ev8e7kjxjheh","sequence":6,"delivery_count":1,"outcome":"Completed { status: \"succeeded\" }","target":"tachyon_serverless_application::services::invoke_async::dispatch"}
{"timestamp":"2026-09-17T18:28:18.202530Z","level":"INFO","message":"invocation finished","invocation_id":"inv_01m2ra0tdv2kvbr6tsed4fz697","status":"succeeded (async run)","handler_ms":1,"environment_boot_ms":4,"runtime_init_ms":10,"target":"tachyon_serverless_application::services::invoke"}
{"timestamp":"2026-09-17T18:28:18.204111Z","level":"INFO","message":"terminating bridge","environment_id":"env_01m2ra0tep7y80gpm0ybzvq9kx","pid":68725,"reason":"Completed","graceful":true,"target":"tachyon_serverless_provider_process"}
{"timestamp":"2026-09-17T18:28:18.207355Z","level":"INFO","message":"asynchronous invocation settled","invocation_id":"inv_01m2ra0tdv2kvbr6tsed4fz697","status":"succeeded","target":"tachyon_serverless_application::services::invoke_async::dispatch"}
{"timestamp":"2026-09-17T18:28:18.216343Z","level":"INFO","message":"async dispatch: delivery handled","message_id":"inv_01m2ra0tdv2kvbr6tsed4fz697","sequence":5,"delivery_count":1,"outcome":"Completed { status: \"succeeded\" }","target":"tachyon_serverless_application::services::invoke_async::dispatch"}
{"timestamp":"2026-09-17T18:28:23.967072Z","level":"WARN","message":"async reaper: listing candidates failed","error":"store: the store connection stayed busy for 5 s (database locked?)","target":"tachyon_serverless_application::services::invoke_async::dispatch"}
{"timestamp":"2026-09-17T18:28:23.967090Z","level":"WARN","message":"object gc: purging tombstones failed","error":"store: the store connection stayed busy for 5 s (database locked?)","target":"tachyon_serverless_application::durable::gc"}
{"timestamp":"2026-09-17T18:28:23.967159Z","level":"INFO","message":"object retention pass","report":"GcReport { examined: 0, collected_expired: 0, collected_orphans: 0, kept_in_use: 0, kept_referenced: 0, incomplete_removed: 0, tombstones_purged: 0, failed: 1 }","target":"tachyon_serverless_gateway"}
{"timestamp":"2026-09-17T18:28:24.322466Z","level":"WARN","message":"dispatcher heartbeat failed","error":"store: database is locked","target":"tachyon_serverless_application::app"}
{"timestamp":"2026-09-17T18:28:28.977010Z","level":"WARN","message":"async reaper: listing candidates failed","error":"store: the store connection stayed busy for 5 s (database locked?)","target":"tachyon_serverless_application::services::invoke_async::dispatch"}
{"timestamp":"2026-09-17T18:28:29.326727Z","level":"WARN","message":"cannot list dispatchers","error":"store: the store connection stayed busy for 5 s (database locked?)","target":"tachyon_serverless_application::services::dispatcher"}
{"timestamp":"2026-09-17T18:28:29.434604Z","level":"WARN","message":"outbox: claiming failed","error":"store: the store connection stayed busy for 5 s (database locked?)","target":"tachyon_serverless_application::services::invoke_async::publisher"}
{"timestamp":"2026-09-17T18:28:29.649160Z","level":"WARN","message":"object gc: claim failed","object":"obj_01m2ra0t2tzhvhssrt4kxpyy5t","error":"store: database is locked","target":"tachyon_serverless_application::durable::gc"}
{"timestamp":"2026-09-17T18:28:34.538435Z","level":"WARN","message":"cannot take the trigger scheduler lease","error":"store: the store connection stayed busy for 5 s (database locked?)","target":"tachyon_serverless_application::services::triggers"}
{"timestamp":"2026-09-17T18:28:34.538926Z","level":"WARN","message":"outbox: claiming failed","error":"store: the store connection stayed busy for 5 s (database locked?)","target":"tachyon_serverless_application::services::invoke_async::publisher"}
{"timestamp":"2026-09-17T18:28:34.654574Z","level":"WARN","message":"object gc: purging tombstones failed","error":"store: the store connection stayed busy for 5 s (database locked?)","target":"tachyon_serverless_application::durable::gc"}
{"timestamp":"2026-09-17T18:28:34.654638Z","level":"INFO","message":"object retention pass","report":"GcReport { examined: 1, collected_expired: 0, collected_orphans: 0, kept_in_use: 0, kept_referenced: 0, incomplete_removed: 0, tombstones_purged: 0, failed: 2 }","target":"tachyon_serverless_gateway"}
{"timestamp":"2026-09-17T18:28:34.966551Z","level":"WARN","message":"async reaper: listing candidates failed","error":"store: the store connection stayed busy for 5 s (database locked?)","target":"tachyon_serverless_application::services::invoke_async::dispatch"}
{"timestamp":"2026-09-17T18:28:39.976578Z","level":"WARN","message":"async reaper: listing candidates failed","error":"store: the store connection stayed busy for 5 s (database locked?)","target":"tachyon_serverless_application::services::invoke_async::dispatch"}
{"timestamp":"2026-09-17T18:28:40.262366Z","level":"WARN","message":"object gc: claim failed","object":"obj_01m2ra0t2tzhvhssrt4kxpyy5t","error":"store: database is locked","target":"tachyon_serverless_application::durable::gc"}
{"timestamp":"2026-09-17T18:28:44.968334Z","level":"WARN","message":"dispatcher heartbeat failed","error":"store: the store connection stayed busy for 5 s (database locked?)","target":"tachyon_serverless_application::app"}
{"timestamp":"2026-09-17T18:28:44.979261Z","level":"WARN","message":"async reaper: listing candidates failed","error":"store: the store connection stayed busy for 5 s (database locked?)","target":"tachyon_serverless_application::services::invoke_async::dispatch"}
{"timestamp":"2026-09-17T18:28:45.268802Z","level":"WARN","message":"object gc: claim failed","object":"obj_01m2ra0tdv6kz13zbr6y2dah9a","error":"store: the store connection stayed busy for 5 s (database locked?)","target":"tachyon_serverless_application::durable::gc"}
{"timestamp":"2026-09-17T18:28:45.374263Z","level":"WARN","message":"outbox: claiming failed","error":"store: the store connection stayed busy for 5 s (database locked?)","target":"tachyon_serverless_application::services::invoke_async::publisher"}
{"timestamp":"2026-09-17T18:28:45.615308Z","level":"WARN","message":"cannot take the trigger scheduler lease","error":"store: database is locked","target":"tachyon_serverless_application::services::triggers"}
{"timestamp":"2026-09-17T18:28:50.480125Z","level":"WARN","message":"outbox: claiming failed","error":"store: the store connection stayed busy for 5 s (database locked?)","target":"tachyon_serverless_application::services::invoke_async::publisher"}
{"timestamp":"2026-09-17T18:28:50.622929Z","level":"WARN","message":"in-process configuration refresh failed","error":"control plane unavailable: ledger: store: the store connection stayed busy for 5 s (database locked?)","target":"tachyon_serverless_application::control::cache"}
{"timestamp":"2026-09-17T18:28:50.933325Z","level":"WARN","message":"object gc: purging tombstones failed","error":"store: database is locked","target":"tachyon_serverless_application::durable::gc"}
{"timestamp":"2026-09-17T18:28:50.933374Z","level":"INFO","message":"object retention pass","report":"GcReport { examined: 2, collected_expired: 0, collected_orphans: 0, kept_in_use: 0, kept_referenced: 0, incomplete_removed: 0, tombstones_purged: 0, failed: 3 }","target":"tachyon_serverless_gateway"}
{"timestamp":"2026-09-17T18:28:54.283202Z","level":"WARN","message":"dispatcher lease renewed after the store was unavailable","dispatcher_id":"dsp_01m2ra0sdrwjj6p1b3z2ydtxvf","outage_started_at":"Some(2026-09-17T18:28:18.956651Z)","failed_heartbeats":2,"revived":true,"leases":0,"target":"tachyon_serverless_application::services::dispatcher"}
{"timestamp":"2026-09-17T18:28:54.284415Z","level":"INFO","message":"object retention pass","report":"GcReport { examined: 2, collected_expired: 0, collected_orphans: 0, kept_in_use: 0, kept_referenced: 2, incomplete_removed: 0, tombstones_purged: 0, failed: 0 }","target":"tachyon_serverless_gateway"}
{"timestamp":"2026-09-17T18:28:54.284839Z","level":"WARN","message":"reclaimed the work of dispatchers that lost their lease","dispatcher_id":"dsp_01m2ra0sdrwjj6p1b3z2ydtxvf","reclaimed_dispatchers":"[DispatcherId(dsp_01m2ra0qn80sx1nba09tnf1vce)]","leases":0,"invocations":0,"attempts":0,"fenced":0,"target":"tachyon_serverless_application::services::dispatcher"}
{"timestamp":"2026-09-17T18:28:54.285334Z","level":"INFO","message":"object retention pass","report":"GcReport { examined: 2, collected_expired: 0, collected_orphans: 0, kept_in_use: 0, kept_referenced: 2, incomplete_removed: 0, tombstones_purged: 0, failed: 0 }","target":"tachyon_serverless_gateway"}
{"timestamp":"2026-09-17T18:28:54.957030Z","level":"INFO","message":"object retention pass","report":"GcReport { examined: 2, collected_expired: 0, collected_orphans: 0, kept_in_use: 0, kept_referenced: 2, incomplete_removed: 0, tombstones_purged: 0, failed: 0 }","target":"tachyon_serverless_gateway"}
{"timestamp":"2026-09-17T18:28:56.777014Z","level":"INFO","message":"bridge spawned","environment_id":"env_01m2ra205zpcdh18b55kddz28b","pid":69015,"target":"tachyon_serverless_provider_process"}
{"timestamp":"2026-09-17T18:28:56.787622Z","level":"INFO","message":"invocation finished","invocation_id":"inv_01m2ra205z808hy2vd0zd5em9w","status":"succeeded","handler_ms":0,"environment_boot_ms":4,"runtime_init_ms":5,"target":"tachyon_serverless_application::services::invoke"}
{"timestamp":"2026-09-17T18:28:56.789226Z","level":"INFO","message":"terminating bridge","environment_id":"env_01m2ra205zpcdh18b55kddz28b","pid":69015,"reason":"Completed","graceful":true,"target":"tachyon_serverless_provider_process"}
{"timestamp":"2026-09-17T18:28:56.959017Z","level":"INFO","message":"object retention pass","report":"GcReport { examined: 2, collected_expired: 0, collected_orphans: 0, kept_in_use: 0, kept_referenced: 2, incomplete_removed: 0, tombstones_purged: 0, failed: 0 }","target":"tachyon_serverless_gateway"}
{"timestamp":"2026-09-17T18:28:57.629565Z","level":"INFO","message":"asynchronous run claimed","invocation_id":"inv_01m2ra214gpq8bx6ybx3rx7fe5","attempt":1,"generation":0,"delivery_count":1,"target":"tachyon_serverless_application::services::invoke_async::dispatch"}
{"timestamp":"2026-09-17T18:28:57.641900Z","level":"INFO","message":"SIGTERM received","target":"tachyon_serverless_gateway"}
{"timestamp":"2026-09-17T18:28:57.641972Z","level":"INFO","message":"shutdown requested; cancelling in-flight invocations","target":"tachyon_serverless_gateway"}
{"timestamp":"2026-09-17T18:28:57.642008Z","level":"INFO","message":"cancelling in-flight invocations for shutdown","count":1,"target":"tachyon_serverless_application::services::invoke"}
{"timestamp":"2026-09-17T18:28:57.784368Z","level":"INFO","message":"bridge spawned","environment_id":"env_01m2ra214y272bg7929h0yqg39","pid":69179,"target":"tachyon_serverless_provider_process"}
{"timestamp":"2026-09-17T18:28:57.784641Z","level":"INFO","message":"terminating bridge","environment_id":"env_01m2ra214y272bg7929h0yqg39","pid":69179,"reason":"Shutdown","graceful":true,"target":"tachyon_serverless_provider_process"}
{"timestamp":"2026-09-17T18:28:58.958947Z","level":"INFO","message":"object retention pass","report":"GcReport { examined: 2, collected_expired: 0, collected_orphans: 0, kept_in_use: 0, kept_referenced: 2, incomplete_removed: 0, tombstones_purged: 0, failed: 0 }","target":"tachyon_serverless_gateway"}
{"timestamp":"2026-09-17T18:29:00.287217Z","level":"INFO","message":"asynchronous invocation rescheduled","invocation_id":"inv_01m2ra214gpq8bx6ybx3rx7fe5","next_attempt_at":"2026-09-17T18:29:00.490857+00:00","counted":false,"error_type":"Host.GatewayShutdown","target":"tachyon_serverless_application::services::invoke_async::dispatch"}
{"timestamp":"2026-09-17T18:29:00.295357Z","level":"INFO","message":"async dispatch: delivery handled","message_id":"inv_01m2ra214gpq8bx6ybx3rx7fe5","sequence":10,"delivery_count":1,"outcome":"Rescheduled { next_attempt_at: 2026-09-17T18:29:00.490857Z, counted: false }","target":"tachyon_serverless_application::services::invoke_async::dispatch"}
{"timestamp":"2026-09-17T18:29:00.298790Z","level":"INFO","message":"final usage collection","report":"CollectReport { batches: 1, read: 1, inserted: 1, duplicates: 0, cursor_seq: 71 }","target":"tachyon_serverless_gateway"}
{"timestamp":"2026-09-17T18:29:00.299676Z","level":"INFO","message":"gateway stopped","target":"tachyon_serverless_gateway"}
{"timestamp":"2026-09-17T18:29:00.299760Z","level":"INFO","message":"event: closed","target":"async_nats"}
