
===== a start (failpoints: none) 18:28:15 =====
{"timestamp":"2026-09-17T18:28:15.122597Z","level":"INFO","message":"configuration loaded","config":"/private/var/folders/z7/khzdjrt95cg_fcmcnh4j1b5h0000gn/T/tsls-chaos.HiJZ3Y/gw-a.toml","target":"tachyon_serverless_gateway"}
{"timestamp":"2026-09-17T18:28:15.124634Z","level":"INFO","message":"connected successfully","server":"52465","max_payload":"1048576","target":"async_nats::connector"}
{"timestamp":"2026-09-17T18:28:15.124725Z","level":"INFO","message":"event: connected","target":"async_nats"}
{"timestamp":"2026-09-17T18:28:15.136214Z","level":"INFO","message":"JetStream queue connected and stream bootstrapped","url":"nats://127.0.0.1:52465","stream":"TACHYON_EVENTS","target":"tachyon_serverless_gateway::durable"}
{"timestamp":"2026-09-17T18:28:15.142488Z","level":"INFO","message":"state store opened","path":"/private/var/folders/z7/khzdjrt95cg_fcmcnh4j1b5h0000gn/T/tsls-chaos.HiJZ3Y/data/state.db","schema_version":8,"migrations_applied":"[1, 2, 3, 4, 5, 6, 7, 8]","imported_state_json":"None","settled_invocations":0,"settled_attempts":0,"settled_environments":0,"released_leases":0,"dropped_idempotency_keys":0,"purged_idempotency_keys":0,"outputs_purged":0,"target":"tachyon_serverless_application::app"}
{"timestamp":"2026-09-17T18:28:15.142530Z","level":"WARN","message":"state.db freeze failpoint armed (failpoints build, dev profile, test only)","flag":"/private/var/folders/z7/khzdjrt95cg_fcmcnh4j1b5h0000gn/T/tsls-chaos.HiJZ3Y/freeze-a","target":"tachyon_serverless_application::failpoints"}
{"timestamp":"2026-09-17T18:28:15.144565Z","level":"INFO","message":"log store opened","path":"/private/var/folders/z7/khzdjrt95cg_fcmcnh4j1b5h0000gn/T/tsls-chaos.HiJZ3Y/data/logs/logs.db","healthy":true,"retention_seconds":604800,"max_total_bytes":1073741824,"target":"tachyon_serverless_application::app"}
{"timestamp":"2026-09-17T18:28:15.144785Z","level":"INFO","message":"dispatcher registered","dispatcher_id":"dsp_01m2ra0qn80sx1nba09tnf1vce","instance":"chaos-a","pid":68261,"lease_ttl_seconds":6,"target":"tachyon_serverless_application::services::dispatcher"}
{"timestamp":"2026-09-17T18:28:15.148289Z","level":"INFO","message":"application bootstrapped","profile":"dev","provider":"process","dev_only":true,"environment_reuse":false,"reuse_verified":false,"reuse_reason":"[pool] enabled is false","reuse_disabled":"Some(Configuration)","idle_quiesce":"unsupported","idle_resume":"unsupported","data_dir":"/private/var/folders/z7/khzdjrt95cg_fcmcnh4j1b5h0000gn/T/tsls-chaos.HiJZ3Y/data","store":"sqlite","dispatcher_id":"dsp_01m2ra0qn80sx1nba09tnf1vce","node":"local","node_region":"none","node_memory_mib":"None","max_concurrency":8,"queue":"nats","objects":"filesystem","invoke_async":true,"triggers":true,"target":"tachyon_serverless_application::app"}
{"timestamp":"2026-09-17T18:28:15.148469Z","level":"INFO","message":"startup reconcile finished","provider":"process","found":0,"adopted":0,"terminated":0,"disowned":0,"failed":0,"lost":0,"foreign":0,"reclaimed_dispatchers":0,"fenced_terminated":0,"fenced_pending":0,"target":"tachyon_serverless_application::services::reconcile"}
{"timestamp":"2026-09-17T18:28:15.148532Z","level":"INFO","message":"gateway listening","addr":"127.0.0.1:52469","profile":"dev","provider":"process","target":"tachyon_serverless_gateway"}
{"timestamp":"2026-09-17T18:28:15.149618Z","level":"INFO","message":"asynchronous dispatcher started","workers":2,"owner":"dsp_01m2ra0qn80sx1nba09tnf1vce","target":"tachyon_serverless_gateway"}
{"timestamp":"2026-09-17T18:28:15.891978Z","level":"INFO","message":"revision ready","revision_id":"rev_01m2ra0r7zt2ke43b2f76hg4gb","function_id":"fn_01m2ra0qxjc9a5q6vdpxwtjxew","target":"tachyon_serverless_application::services::revision"}
{"timestamp":"2026-09-17T18:28:16.366616Z","level":"INFO","message":"revision ready","revision_id":"rev_01m2ra0rq6eq1t1bq21h6tp7d4","function_id":"fn_01m2ra0rdk9p2r2ty27d0s46s1","target":"tachyon_serverless_application::services::revision"}
{"timestamp":"2026-09-17T18:28:16.846205Z","level":"INFO","message":"revision ready","revision_id":"rev_01m2ra0s613qqxntc3rqzt7hn3","function_id":"fn_01m2ra0rwg3bdc4764y2c7natp","target":"tachyon_serverless_application::services::revision"}
{"timestamp":"2026-09-17T18:28:16.880596Z","level":"INFO","message":"trigger created","trigger_id":"trg_01m2ra0sbg4fdh5fzvkwjn3fap","function_id":"fn_01m2ra0rdk9p2r2ty27d0s46s1","kind":"cron","enabled":true,"next_fire_at":"Some(2026-09-17T18:28:18Z)","target":"tachyon_serverless_application::services::triggers"}
{"timestamp":"2026-09-17T18:28:16.891278Z","level":"INFO","message":"trigger created","trigger_id":"trg_01m2ra0sbvbs08wjkn3y9c0k43","function_id":"fn_01m2ra0rdk9p2r2ty27d0s46s1","kind":"webhook","enabled":true,"next_fire_at":"None","target":"tachyon_serverless_application::services::triggers"}
{"timestamp":"2026-09-17T18:28:17.362924Z","level":"INFO","message":"bridge spawned","environment_id":"env_01m2ra0spbe0m05ma68330yrq4","pid":68549,"target":"tachyon_serverless_provider_process"}
{"timestamp":"2026-09-17T18:28:17.523898Z","level":"INFO","message":"invocation finished","invocation_id":"inv_01m2ra0spa08qvkgk6wap84s0q","status":"succeeded","handler_ms":0,"environment_boot_ms":4,"runtime_init_ms":155,"target":"tachyon_serverless_application::services::invoke"}
{"timestamp":"2026-09-17T18:28:17.525479Z","level":"INFO","message":"terminating bridge","environment_id":"env_01m2ra0spbe0m05ma68330yrq4","pid":68549,"reason":"Completed","graceful":true,"target":"tachyon_serverless_provider_process"}
{"timestamp":"2026-09-17T18:28:17.571988Z","level":"INFO","message":"asynchronous invocation accepted","invocation_id":"inv_01m2ra0t13m61ywbn3xkgncxqj","tenant_id":"tn_01hzzzzzzzzzzzzzzzzzzzzzza","revision_id":"rev_01m2ra0r7zt2ke43b2f76hg4gb","input_bytes":49,"input_storage":"inline","target":"tachyon_serverless_application::services::invoke_async"}
{"timestamp":"2026-09-17T18:28:17.582046Z","level":"INFO","message":"asynchronous run claimed","invocation_id":"inv_01m2ra0t13m61ywbn3xkgncxqj","attempt":1,"generation":0,"delivery_count":1,"target":"tachyon_serverless_application::services::invoke_async::dispatch"}
{"timestamp":"2026-09-17T18:28:17.644568Z","level":"INFO","message":"asynchronous invocation accepted","invocation_id":"inv_01m2ra0t2taf2dmr67dabezr6j","tenant_id":"tn_01hzzzzzzzzzzzzzzzzzzzzzza","revision_id":"rev_01m2ra0r7zt2ke43b2f76hg4gb","input_bytes":4129,"input_storage":"object","target":"tachyon_serverless_application::services::invoke_async"}
{"timestamp":"2026-09-17T18:28:17.676159Z","level":"INFO","message":"asynchronous invocation accepted","invocation_id":"inv_01m2ra0t4b99b6ztdc3m2g8t76","tenant_id":"tn_01hzzzzzzzzzzzzzzzzzzzzzza","revision_id":"rev_01m2ra0rq6eq1t1bq21h6tp7d4","input_bytes":193,"input_storage":"inline","target":"tachyon_serverless_application::services::invoke_async"}
{"timestamp":"2026-09-17T18:28:17.676198Z","level":"INFO","message":"webhook trigger fired","trigger_id":"trg_01m2ra0sbvbs08wjkn3y9c0k43","event_id":"evt-pre-a-w1","invocation_id":"inv_01m2ra0t4b99b6ztdc3m2g8t76","revision_id":"rev_01m2ra0rq6eq1t1bq21h6tp7d4","replayed":false,"target":"tachyon_serverless_application::services::triggers"}
{"timestamp":"2026-09-17T18:28:17.738984Z","level":"INFO","message":"bridge spawned","environment_id":"env_01m2ra0t1ehvfsgk612jc263hx","pid":68624,"target":"tachyon_serverless_provider_process"}
{"timestamp":"2026-09-17T18:28:17.903014Z","level":"INFO","message":"invocation finished","invocation_id":"inv_01m2ra0t13m61ywbn3xkgncxqj","status":"succeeded (async run)","handler_ms":1,"environment_boot_ms":4,"runtime_init_ms":150,"target":"tachyon_serverless_application::services::invoke"}
{"timestamp":"2026-09-17T18:28:17.904570Z","level":"INFO","message":"terminating bridge","environment_id":"env_01m2ra0t1ehvfsgk612jc263hx","pid":68624,"reason":"Completed","graceful":true,"target":"tachyon_serverless_provider_process"}
{"timestamp":"2026-09-17T18:28:17.913746Z","level":"INFO","message":"asynchronous invocation settled","invocation_id":"inv_01m2ra0t13m61ywbn3xkgncxqj","status":"succeeded","target":"tachyon_serverless_application::services::invoke_async::dispatch"}
{"timestamp":"2026-09-17T18:28:17.918127Z","level":"INFO","message":"async dispatch: delivery handled","message_id":"inv_01m2ra0t13m61ywbn3xkgncxqj","sequence":1,"delivery_count":1,"outcome":"Completed { status: \"succeeded\" }","target":"tachyon_serverless_application::services::invoke_async::dispatch"}
{"timestamp":"2026-09-17T18:28:17.938173Z","level":"INFO","message":"asynchronous run claimed","invocation_id":"inv_01m2ra0tcbsapmap4je9xxyybt","attempt":1,"generation":0,"delivery_count":1,"target":"tachyon_serverless_application::services::invoke_async::dispatch"}
{"timestamp":"2026-09-17T18:28:18.008316Z","level":"INFO","message":"asynchronous invocation accepted","invocation_id":"inv_01m2ra0tep7py4ev8e7kjxjheh","tenant_id":"tn_01hzzzzzzzzzzzzzzzzzzzzzza","revision_id":"rev_01m2ra0rq6eq1t1bq21h6tp7d4","input_bytes":180,"input_storage":"inline","target":"tachyon_serverless_application::services::invoke_async"}
{"timestamp":"2026-09-17T18:28:18.008355Z","level":"INFO","message":"cron trigger fired","trigger_id":"trg_01m2ra0sbg4fdh5fzvkwjn3fap","scheduled_at":"2026-09-17T18:28:18Z","invocation_id":"inv_01m2ra0tep7py4ev8e7kjxjheh","revision_id":"rev_01m2ra0rq6eq1t1bq21h6tp7d4","replayed":false,"target":"tachyon_serverless_application::services::triggers"}
{"timestamp":"2026-09-17T18:28:18.037097Z","level":"INFO","message":"asynchronous run claimed","invocation_id":"inv_01m2ra0tfc7gtb0p0mptgxkdwy","attempt":1,"generation":0,"delivery_count":1,"target":"tachyon_serverless_application::services::invoke_async::dispatch"}
{"timestamp":"2026-09-17T18:28:18.058221Z","level":"INFO","message":"trigger updated","trigger_id":"trg_01m2ra0sbg4fdh5fzvkwjn3fap","generation":2,"status":"disabled","next_fire_at":"None","rotated_secret":false,"target":"tachyon_serverless_application::services::triggers"}
{"timestamp":"2026-09-17T18:28:18.098907Z","level":"INFO","message":"bridge spawned","environment_id":"env_01m2ra0tcjz424b62c4r7q95x8","pid":68717,"target":"tachyon_serverless_provider_process"}
{"timestamp":"2026-09-17T18:28:18.114778Z","level":"INFO","message":"invocation finished","invocation_id":"inv_01m2ra0tcbsapmap4je9xxyybt","status":"succeeded (async run)","handler_ms":1,"environment_boot_ms":5,"runtime_init_ms":7,"target":"tachyon_serverless_application::services::invoke"}
{"timestamp":"2026-09-17T18:28:18.116489Z","level":"INFO","message":"terminating bridge","environment_id":"env_01m2ra0tcjz424b62c4r7q95x8","pid":68717,"reason":"Completed","graceful":true,"target":"tachyon_serverless_provider_process"}
{"timestamp":"2026-09-17T18:28:18.120498Z","level":"INFO","message":"asynchronous invocation settled","invocation_id":"inv_01m2ra0tcbsapmap4je9xxyybt","status":"succeeded","target":"tachyon_serverless_application::services::invoke_async::dispatch"}
{"timestamp":"2026-09-17T18:28:18.126117Z","level":"INFO","message":"async dispatch: delivery handled","message_id":"inv_01m2ra0tcbsapmap4je9xxyybt","sequence":4,"delivery_count":1,"outcome":"Completed { status: \"succeeded\" }","target":"tachyon_serverless_application::services::invoke_async::dispatch"}
{"timestamp":"2026-09-17T18:28:18.195369Z","level":"INFO","message":"bridge spawned","environment_id":"env_01m2ra0tfnzj3spcj8bhv1z8bt","pid":68727,"target":"tachyon_serverless_provider_process"}
{"timestamp":"2026-09-17T18:28:18.205808Z","level":"INFO","message":"invocation finished","invocation_id":"inv_01m2ra0tfc7gtb0p0mptgxkdwy","status":"succeeded (async run)","handler_ms":0,"environment_boot_ms":3,"runtime_init_ms":5,"target":"tachyon_serverless_application::services::invoke"}
{"timestamp":"2026-09-17T18:28:18.207413Z","level":"INFO","message":"terminating bridge","environment_id":"env_01m2ra0tfnzj3spcj8bhv1z8bt","pid":68727,"reason":"Completed","graceful":true,"target":"tachyon_serverless_provider_process"}
{"timestamp":"2026-09-17T18:28:18.220940Z","level":"INFO","message":"asynchronous invocation settled","invocation_id":"inv_01m2ra0tfc7gtb0p0mptgxkdwy","status":"succeeded","target":"tachyon_serverless_application::services::invoke_async::dispatch"}
{"timestamp":"2026-09-17T18:28:18.225036Z","level":"INFO","message":"async dispatch: delivery handled","message_id":"inv_01m2ra0tfc7gtb0p0mptgxkdwy","sequence":7,"delivery_count":1,"outcome":"Completed { status: \"succeeded\" }","target":"tachyon_serverless_application::services::invoke_async::dispatch"}
{"timestamp":"2026-09-17T18:28:18.261184Z","level":"INFO","message":"bridge spawned","environment_id":"env_01m2ra0thze27bs2q8v9yx2nh2","pid":68729,"target":"tachyon_serverless_provider_process"}
{"timestamp":"2026-09-17T18:28:18.826280Z","level":"ERROR","message":"failpoint: stopping this process inside a state.db write transaction","site":"crates/application/src/repository/sqlite/triggers.rs:522","target":"tachyon_serverless_application::failpoints"}
{"timestamp":"2026-09-17T18:28:54.193255Z","level":"WARN","message":"this process was not running for a while (stopped, frozen or starved): a lease that passed meanwhile is not taken back","stalled_ms":35212,"target":"tachyon_serverless_application::services::dispatcher"}
{"timestamp":"2026-09-17T18:28:54.193406Z","level":"WARN","message":"state.db write transaction held the database write lock for long: every other writer, in this process and in any gateway sharing the file, waited","site":"crates/application/src/repository/sqlite/triggers.rs:522","held_ms":35367,"threshold_ms":250,"target":"tachyon_serverless_application::repository::sqlite"}
{"timestamp":"2026-09-17T18:28:54.193819Z","level":"ERROR","message":"dispatcher lease lost: refusing new invocations; in-flight completions will be refused if another dispatcher reclaimed them","dispatcher_id":"dsp_01m2ra0qn80sx1nba09tnf1vce","target":"tachyon_serverless_application::services::dispatcher"}
{"timestamp":"2026-09-17T18:28:54.194466Z","level":"INFO","message":"invocation finished","invocation_id":"inv_01m2ra0thwe0rahndycd8w7ph4","status":"succeeded","handler_ms":35771,"environment_boot_ms":4,"runtime_init_ms":155,"target":"tachyon_serverless_application::services::invoke"}
{"timestamp":"2026-09-17T18:28:54.194890Z","level":"INFO","message":"object retention pass","report":"GcReport { examined: 2, collected_expired: 0, collected_orphans: 0, kept_in_use: 0, kept_referenced: 2, incomplete_removed: 0, tombstones_purged: 0, failed: 0 }","target":"tachyon_serverless_gateway"}
{"timestamp":"2026-09-17T18:28:54.196048Z","level":"INFO","message":"terminating bridge","environment_id":"env_01m2ra0thze27bs2q8v9yx2nh2","pid":68729,"reason":"Completed","graceful":true,"target":"tachyon_serverless_provider_process"}
{"timestamp":"2026-09-17T18:28:55.153379Z","level":"INFO","message":"object retention pass","report":"GcReport { examined: 2, collected_expired: 0, collected_orphans: 0, kept_in_use: 0, kept_referenced: 2, incomplete_removed: 0, tombstones_purged: 0, failed: 0 }","target":"tachyon_serverless_gateway"}
{"timestamp":"2026-09-17T18:28:56.887740Z","level":"INFO","message":"SIGTERM received","target":"tachyon_serverless_gateway"}
{"timestamp":"2026-09-17T18:28:56.887777Z","level":"INFO","message":"shutdown requested; cancelling in-flight invocations","target":"tachyon_serverless_gateway"}
{"timestamp":"2026-09-17T18:28:56.888072Z","level":"INFO","message":"final usage collection","report":"CollectReport { batches: 0, read: 0, inserted: 0, duplicates: 0, cursor_seq: 55 }","target":"tachyon_serverless_gateway"}
{"timestamp":"2026-09-17T18:28:56.889013Z","level":"INFO","message":"gateway stopped","target":"tachyon_serverless_gateway"}
{"timestamp":"2026-09-17T18:28:56.889321Z","level":"INFO","message":"event: closed","target":"async_nats"}

===== a start (failpoints: none) 18:28:57 =====
{"timestamp":"2026-09-17T18:28:57.017041Z","level":"INFO","message":"configuration loaded","config":"/private/var/folders/z7/khzdjrt95cg_fcmcnh4j1b5h0000gn/T/tsls-chaos.HiJZ3Y/gw-a.toml","target":"tachyon_serverless_gateway"}
{"timestamp":"2026-09-17T18:28:57.019008Z","level":"INFO","message":"connected successfully","server":"52465","max_payload":"1048576","target":"async_nats::connector"}
{"timestamp":"2026-09-17T18:28:57.019133Z","level":"INFO","message":"event: connected","target":"async_nats"}
{"timestamp":"2026-09-17T18:28:57.035200Z","level":"INFO","message":"JetStream queue connected and stream bootstrapped","url":"nats://127.0.0.1:52465","stream":"TACHYON_EVENTS","target":"tachyon_serverless_gateway::durable"}
{"timestamp":"2026-09-17T18:28:57.036594Z","level":"INFO","message":"state store opened","path":"/private/var/folders/z7/khzdjrt95cg_fcmcnh4j1b5h0000gn/T/tsls-chaos.HiJZ3Y/data/state.db","schema_version":8,"migrations_applied":"[]","imported_state_json":"None","settled_invocations":0,"settled_attempts":0,"settled_environments":0,"released_leases":0,"dropped_idempotency_keys":0,"purged_idempotency_keys":0,"outputs_purged":0,"target":"tachyon_serverless_application::app"}
{"timestamp":"2026-09-17T18:28:57.037107Z","level":"INFO","message":"log store opened","path":"/private/var/folders/z7/khzdjrt95cg_fcmcnh4j1b5h0000gn/T/tsls-chaos.HiJZ3Y/data/logs/logs.db","healthy":true,"retention_seconds":604800,"max_total_bytes":1073741824,"target":"tachyon_serverless_application::app"}
{"timestamp":"2026-09-17T18:28:57.037363Z","level":"INFO","message":"dispatcher registered","dispatcher_id":"dsp_01m2ra20jdyts0wh0wtwy25mce","instance":"chaos-a","pid":69071,"lease_ttl_seconds":6,"target":"tachyon_serverless_application::services::dispatcher"}
{"timestamp":"2026-09-17T18:28:57.038467Z","level":"INFO","message":"application bootstrapped","profile":"dev","provider":"process","dev_only":true,"environment_reuse":false,"reuse_verified":false,"reuse_reason":"[pool] enabled is false","reuse_disabled":"Some(Configuration)","idle_quiesce":"unsupported","idle_resume":"unsupported","data_dir":"/private/var/folders/z7/khzdjrt95cg_fcmcnh4j1b5h0000gn/T/tsls-chaos.HiJZ3Y/data","store":"sqlite","dispatcher_id":"dsp_01m2ra20jdyts0wh0wtwy25mce","node":"local","node_region":"none","node_memory_mib":"None","max_concurrency":8,"queue":"nats","objects":"filesystem","invoke_async":true,"triggers":true,"target":"tachyon_serverless_application::app"}
{"timestamp":"2026-09-17T18:28:57.038764Z","level":"INFO","message":"startup reconcile finished","provider":"process","found":0,"adopted":0,"terminated":0,"disowned":0,"failed":0,"lost":0,"foreign":0,"reclaimed_dispatchers":0,"fenced_terminated":0,"fenced_pending":0,"target":"tachyon_serverless_application::services::reconcile"}
{"timestamp":"2026-09-17T18:28:57.038858Z","level":"INFO","message":"gateway listening","addr":"127.0.0.1:52469","profile":"dev","provider":"process","target":"tachyon_serverless_gateway"}
{"timestamp":"2026-09-17T18:28:57.040023Z","level":"INFO","message":"asynchronous dispatcher started","workers":2,"owner":"dsp_01m2ra20jdyts0wh0wtwy25mce","target":"tachyon_serverless_gateway"}
{"timestamp":"2026-09-17T18:28:57.041792Z","level":"INFO","message":"object retention pass","report":"GcReport { examined: 2, collected_expired: 0, collected_orphans: 0, kept_in_use: 0, kept_referenced: 2, incomplete_removed: 0, tombstones_purged: 0, failed: 0 }","target":"tachyon_serverless_gateway"}
{"timestamp":"2026-09-17T18:28:57.449333Z","level":"INFO","message":"bridge spawned","environment_id":"env_01m2ra20tzqyyhbcvdgrymkfxg","pid":69096,"target":"tachyon_serverless_provider_process"}
{"timestamp":"2026-09-17T18:28:57.460551Z","level":"INFO","message":"invocation finished","invocation_id":"inv_01m2ra20tys5bhhk8gzg256yah","status":"succeeded","handler_ms":0,"environment_boot_ms":4,"runtime_init_ms":5,"target":"tachyon_serverless_application::services::invoke"}
{"timestamp":"2026-09-17T18:28:57.462092Z","level":"INFO","message":"terminating bridge","environment_id":"env_01m2ra20tzqyyhbcvdgrymkfxg","pid":69096,"reason":"Completed","graceful":true,"target":"tachyon_serverless_provider_process"}
{"timestamp":"2026-09-17T18:28:57.512756Z","level":"INFO","message":"asynchronous invocation accepted","invocation_id":"inv_01m2ra2118vstrke015g7qg7xq","tenant_id":"tn_01hzzzzzzzzzzzzzzzzzzzzzza","revision_id":"rev_01m2ra0r7zt2ke43b2f76hg4gb","input_bytes":50,"input_storage":"inline","target":"tachyon_serverless_application::services::invoke_async"}
{"timestamp":"2026-09-17T18:28:57.522491Z","level":"INFO","message":"asynchronous run claimed","invocation_id":"inv_01m2ra2118vstrke015g7qg7xq","attempt":1,"generation":0,"delivery_count":1,"target":"tachyon_serverless_application::services::invoke_async::dispatch"}
{"timestamp":"2026-09-17T18:28:57.578936Z","level":"INFO","message":"asynchronous invocation accepted","invocation_id":"inv_01m2ra212xf4z11y3dgv0r7yvv","tenant_id":"tn_01hzzzzzzzzzzzzzzzzzzzzzza","revision_id":"rev_01m2ra0r7zt2ke43b2f76hg4gb","input_bytes":4130,"input_storage":"object","target":"tachyon_serverless_application::services::invoke_async"}
{"timestamp":"2026-09-17T18:28:57.584439Z","level":"INFO","message":"asynchronous run claimed","invocation_id":"inv_01m2ra212xf4z11y3dgv0r7yvv","attempt":1,"generation":0,"delivery_count":1,"target":"tachyon_serverless_application::services::invoke_async::dispatch"}
{"timestamp":"2026-09-17T18:28:57.617806Z","level":"INFO","message":"asynchronous invocation accepted","invocation_id":"inv_01m2ra214gpq8bx6ybx3rx7fe5","tenant_id":"tn_01hzzzzzzzzzzzzzzzzzzzzzza","revision_id":"rev_01m2ra0rq6eq1t1bq21h6tp7d4","input_bytes":195,"input_storage":"inline","target":"tachyon_serverless_application::services::invoke_async"}
{"timestamp":"2026-09-17T18:28:57.617847Z","level":"INFO","message":"webhook trigger fired","trigger_id":"trg_01m2ra0sbvbs08wjkn3y9c0k43","event_id":"evt-post-a-w1","invocation_id":"inv_01m2ra214gpq8bx6ybx3rx7fe5","revision_id":"rev_01m2ra0rq6eq1t1bq21h6tp7d4","replayed":false,"target":"tachyon_serverless_application::services::triggers"}
{"timestamp":"2026-09-17T18:28:57.676273Z","level":"INFO","message":"bridge spawned","environment_id":"env_01m2ra211jaf8hjf70rg43j8bm","pid":69174,"target":"tachyon_serverless_provider_process"}
{"timestamp":"2026-09-17T18:28:57.689871Z","level":"INFO","message":"invocation finished","invocation_id":"inv_01m2ra2118vstrke015g7qg7xq","status":"succeeded (async run)","handler_ms":1,"environment_boot_ms":3,"runtime_init_ms":6,"target":"tachyon_serverless_application::services::invoke"}
{"timestamp":"2026-09-17T18:28:57.691453Z","level":"INFO","message":"terminating bridge","environment_id":"env_01m2ra211jaf8hjf70rg43j8bm","pid":69174,"reason":"Completed","graceful":true,"target":"tachyon_serverless_provider_process"}
{"timestamp":"2026-09-17T18:28:57.695138Z","level":"INFO","message":"asynchronous invocation settled","invocation_id":"inv_01m2ra2118vstrke015g7qg7xq","status":"succeeded","target":"tachyon_serverless_application::services::invoke_async::dispatch"}
{"timestamp":"2026-09-17T18:28:57.700379Z","level":"INFO","message":"async dispatch: delivery handled","message_id":"inv_01m2ra2118vstrke015g7qg7xq","sequence":8,"delivery_count":1,"outcome":"Completed { status: \"succeeded\" }","target":"tachyon_serverless_application::services::invoke_async::dispatch"}
{"timestamp":"2026-09-17T18:28:57.738124Z","level":"INFO","message":"bridge spawned","environment_id":"env_01m2ra213jpydav0tyjg7j95eq","pid":69176,"target":"tachyon_serverless_provider_process"}
{"timestamp":"2026-09-17T18:28:57.752136Z","level":"INFO","message":"invocation finished","invocation_id":"inv_01m2ra212xf4z11y3dgv0r7yvv","status":"succeeded (async run)","handler_ms":1,"environment_boot_ms":4,"runtime_init_ms":6,"target":"tachyon_serverless_application::services::invoke"}
{"timestamp":"2026-09-17T18:28:57.753721Z","level":"INFO","message":"terminating bridge","environment_id":"env_01m2ra213jpydav0tyjg7j95eq","pid":69176,"reason":"Completed","graceful":true,"target":"tachyon_serverless_provider_process"}
{"timestamp":"2026-09-17T18:28:57.757605Z","level":"INFO","message":"asynchronous invocation settled","invocation_id":"inv_01m2ra212xf4z11y3dgv0r7yvv","status":"succeeded","target":"tachyon_serverless_application::services::invoke_async::dispatch"}
{"timestamp":"2026-09-17T18:28:57.762448Z","level":"INFO","message":"async dispatch: delivery handled","message_id":"inv_01m2ra212xf4z11y3dgv0r7yvv","sequence":9,"delivery_count":1,"outcome":"Completed { status: \"succeeded\" }","target":"tachyon_serverless_application::services::invoke_async::dispatch"}
{"timestamp":"2026-09-17T18:28:59.043507Z","level":"INFO","message":"object retention pass","report":"GcReport { examined: 2, collected_expired: 0, collected_orphans: 0, kept_in_use: 0, kept_referenced: 2, incomplete_removed: 0, tombstones_purged: 0, failed: 0 }","target":"tachyon_serverless_gateway"}
{"timestamp":"2026-09-17T18:29:00.351409Z","level":"INFO","message":"trigger updated","trigger_id":"trg_01m2ra0sbg4fdh5fzvkwjn3fap","generation":3,"status":"disabled","next_fire_at":"None","rotated_secret":false,"target":"tachyon_serverless_application::services::triggers"}
{"timestamp":"2026-09-17T18:29:00.592564Z","level":"INFO","message":"asynchronous run claimed","invocation_id":"inv_01m2ra214gpq8bx6ybx3rx7fe5","attempt":1,"generation":1,"delivery_count":1,"target":"tachyon_serverless_application::services::invoke_async::dispatch"}
{"timestamp":"2026-09-17T18:29:00.733092Z","level":"INFO","message":"bridge spawned","environment_id":"env_01m2ra241gh6shkg21ppgkhbkh","pid":69250,"target":"tachyon_serverless_provider_process"}
{"timestamp":"2026-09-17T18:29:00.742500Z","level":"INFO","message":"invocation finished","invocation_id":"inv_01m2ra214gpq8bx6ybx3rx7fe5","status":"succeeded (async run)","handler_ms":0,"environment_boot_ms":3,"runtime_init_ms":4,"target":"tachyon_serverless_application::services::invoke"}
{"timestamp":"2026-09-17T18:29:00.744028Z","level":"INFO","message":"terminating bridge","environment_id":"env_01m2ra241gh6shkg21ppgkhbkh","pid":69250,"reason":"Completed","graceful":true,"target":"tachyon_serverless_provider_process"}
{"timestamp":"2026-09-17T18:29:00.746337Z","level":"INFO","message":"asynchronous invocation settled","invocation_id":"inv_01m2ra214gpq8bx6ybx3rx7fe5","status":"succeeded","target":"tachyon_serverless_application::services::invoke_async::dispatch"}
{"timestamp":"2026-09-17T18:29:00.752638Z","level":"INFO","message":"async dispatch: delivery handled","message_id":"inv_01m2ra214gpq8bx6ybx3rx7fe5.g1","sequence":11,"delivery_count":1,"outcome":"Completed { status: \"succeeded\" }","target":"tachyon_serverless_application::services::invoke_async::dispatch"}
{"timestamp":"2026-09-17T18:29:01.042489Z","level":"WARN","message":"reclaimed the work of dispatchers that lost their lease","dispatcher_id":"dsp_01m2ra20jdyts0wh0wtwy25mce","reclaimed_dispatchers":"[DispatcherId(dsp_01m2ra0sdrwjj6p1b3z2ydtxvf)]","leases":0,"invocations":0,"attempts":0,"fenced":0,"target":"tachyon_serverless_application::services::dispatcher"}
{"timestamp":"2026-09-17T18:29:01.042662Z","level":"INFO","message":"object retention pass","report":"GcReport { examined: 2, collected_expired: 0, collected_orphans: 0, kept_in_use: 0, kept_referenced: 2, incomplete_removed: 0, tombstones_purged: 0, failed: 0 }","target":"tachyon_serverless_gateway"}
{"timestamp":"2026-09-17T18:29:01.888579Z","level":"INFO","message":"SIGTERM received","target":"tachyon_serverless_gateway"}
{"timestamp":"2026-09-17T18:29:01.888610Z","level":"INFO","message":"shutdown requested; cancelling in-flight invocations","target":"tachyon_serverless_gateway"}
{"timestamp":"2026-09-17T18:29:01.888860Z","level":"INFO","message":"final usage collection","report":"CollectReport { batches: 0, read: 0, inserted: 0, duplicates: 0, cursor_seq: 76 }","target":"tachyon_serverless_gateway"}
{"timestamp":"2026-09-17T18:29:01.889454Z","level":"INFO","message":"gateway stopped","target":"tachyon_serverless_gateway"}
{"timestamp":"2026-09-17T18:29:01.889540Z","level":"INFO","message":"event: closed","target":"async_nats"}
