
===== b start (failpoints: none) 04:02:33 =====
{"timestamp":"2026-09-18T04:02:33.213585Z","level":"INFO","message":"configuration loaded","config":"/home/takanorifukuyama.guest/w/tsls-chaos.WtumZZ/gw-b.toml","target":"tachyon_serverless_gateway"}
{"timestamp":"2026-09-18T04:02:33.218237Z","level":"INFO","message":"connected successfully","server":"51783","max_payload":"1048576","target":"async_nats::connector"}
{"timestamp":"2026-09-18T04:02:33.218859Z","level":"INFO","message":"event: connected","target":"async_nats"}
{"timestamp":"2026-09-18T04:02:33.253091Z","level":"INFO","message":"JetStream queue connected and stream bootstrapped","url":"nats://127.0.0.1:51783","stream":"TACHYON_EVENTS","target":"tachyon_serverless_gateway::durable"}
{"timestamp":"2026-09-18T04:02:33.255489Z","level":"INFO","message":"state store opened","path":"/home/takanorifukuyama.guest/w/tsls-chaos.WtumZZ/data/state.db","schema_version":8,"migrations_applied":"[]","imported_state_json":"None","settled_invocations":0,"settled_attempts":0,"settled_environments":0,"released_leases":0,"dropped_idempotency_keys":0,"purged_idempotency_keys":0,"outputs_purged":0,"target":"tachyon_serverless_application::app"}
{"timestamp":"2026-09-18T04:02:33.264719Z","level":"INFO","message":"log store opened","path":"/home/takanorifukuyama.guest/w/tsls-chaos.WtumZZ/data/logs/logs.db","healthy":true,"retention_seconds":604800,"max_total_bytes":1073741824,"target":"tachyon_serverless_application::app"}
{"timestamp":"2026-09-18T04:02:33.272446Z","level":"INFO","message":"dispatcher registered","dispatcher_id":"dsp_01m2sawa5gg81thberbfhm5pkt","instance":"chaos-b","pid":783952,"lease_ttl_seconds":6,"target":"tachyon_serverless_application::services::dispatcher"}
{"timestamp":"2026-09-18T04:02:33.274927Z","level":"INFO","message":"application bootstrapped","profile":"dev","provider":"process","dev_only":true,"environment_reuse":false,"reuse_verified":false,"reuse_reason":"[pool] enabled is false","reuse_disabled":"Some(Configuration)","idle_quiesce":"unsupported","idle_resume":"unsupported","data_dir":"/home/takanorifukuyama.guest/w/tsls-chaos.WtumZZ/data","store":"sqlite","dispatcher_id":"dsp_01m2sawa5gg81thberbfhm5pkt","node":"local","node_region":"none","node_memory_mib":"None","max_concurrency":8,"queue":"nats","objects":"filesystem","invoke_async":true,"triggers":true,"target":"tachyon_serverless_application::app"}
{"timestamp":"2026-09-18T04:02:33.275557Z","level":"INFO","message":"startup reconcile finished","provider":"process","found":0,"adopted":0,"terminated":0,"disowned":0,"failed":0,"lost":0,"foreign":0,"reclaimed_dispatchers":0,"fenced_terminated":0,"fenced_pending":0,"target":"tachyon_serverless_application::services::reconcile"}
{"timestamp":"2026-09-18T04:02:33.275793Z","level":"INFO","message":"gateway listening","addr":"127.0.0.1:53481","profile":"dev","provider":"process","target":"tachyon_serverless_gateway"}
{"timestamp":"2026-09-18T04:02:33.278560Z","level":"INFO","message":"asynchronous dispatcher started","workers":2,"owner":"dsp_01m2sawa5gg81thberbfhm5pkt","target":"tachyon_serverless_gateway"}
{"timestamp":"2026-09-18T04:02:36.209265Z","level":"INFO","message":"asynchronous run claimed","invocation_id":"inv_01m2sawd10kevs83twgd0g57h6","attempt":1,"generation":0,"delivery_count":1,"target":"tachyon_serverless_application::services::invoke_async::dispatch"}
{"timestamp":"2026-09-18T04:02:36.277348Z","level":"INFO","message":"asynchronous run claimed","invocation_id":"inv_01m2sawd2w945rb37vkfmxpdex","attempt":1,"generation":0,"delivery_count":1,"target":"tachyon_serverless_application::services::invoke_async::dispatch"}
{"timestamp":"2026-09-18T04:02:39.238452Z","level":"INFO","message":"bridge spawned","environment_id":"env_01m2sawd3x0hwymhy62yx96ptt","pid":784081,"target":"tachyon_serverless_provider_process"}
{"timestamp":"2026-09-18T04:02:39.304858Z","level":"INFO","message":"invocation finished","invocation_id":"inv_01m2sawd2w945rb37vkfmxpdex","status":"succeeded (async run)","handler_ms":3,"environment_boot_ms":3,"runtime_init_ms":28,"target":"tachyon_serverless_application::services::invoke"}
{"timestamp":"2026-09-18T04:02:39.312574Z","level":"INFO","message":"terminating bridge","environment_id":"env_01m2sawd3x0hwymhy62yx96ptt","pid":784081,"reason":"Completed","graceful":true,"target":"tachyon_serverless_provider_process"}
{"timestamp":"2026-09-18T04:02:39.342892Z","level":"INFO","message":"asynchronous invocation settled","invocation_id":"inv_01m2sawd2w945rb37vkfmxpdex","status":"succeeded","target":"tachyon_serverless_application::services::invoke_async::dispatch"}
{"timestamp":"2026-09-18T04:02:39.347941Z","level":"INFO","message":"async dispatch: delivery handled","message_id":"inv_01m2sawd2w945rb37vkfmxpdex","sequence":4,"delivery_count":1,"outcome":"Completed { status: \"succeeded\" }","target":"tachyon_serverless_application::services::invoke_async::dispatch"}
{"timestamp":"2026-09-18T04:02:39.604345Z","level":"INFO","message":"bridge spawned","environment_id":"env_01m2sawd1ng9n96nrzk2pk8z96","pid":784091,"target":"tachyon_serverless_provider_process"}
{"timestamp":"2026-09-18T04:02:39.651794Z","level":"INFO","message":"invocation finished","invocation_id":"inv_01m2sawd10kevs83twgd0g57h6","status":"succeeded (async run)","handler_ms":4,"environment_boot_ms":6,"runtime_init_ms":16,"target":"tachyon_serverless_application::services::invoke"}
{"timestamp":"2026-09-18T04:02:39.655452Z","level":"INFO","message":"terminating bridge","environment_id":"env_01m2sawd1ng9n96nrzk2pk8z96","pid":784091,"reason":"Completed","graceful":true,"target":"tachyon_serverless_provider_process"}
{"timestamp":"2026-09-18T04:02:39.672748Z","level":"INFO","message":"asynchronous invocation settled","invocation_id":"inv_01m2sawd10kevs83twgd0g57h6","status":"succeeded","target":"tachyon_serverless_application::services::invoke_async::dispatch"}
{"timestamp":"2026-09-18T04:02:39.674762Z","level":"INFO","message":"async dispatch: delivery handled","message_id":"inv_01m2sawd10kevs83twgd0g57h6","sequence":3,"delivery_count":1,"outcome":"Completed { status: \"succeeded\" }","target":"tachyon_serverless_application::services::invoke_async::dispatch"}
{"timestamp":"2026-09-18T04:02:39.742705Z","level":"INFO","message":"bridge spawned","environment_id":"env_01m2sawd94aebps7gt5xzsftjw","pid":784101,"target":"tachyon_serverless_provider_process"}
{"timestamp":"2026-09-18T04:02:39.791315Z","level":"INFO","message":"invocation finished","invocation_id":"inv_01m2sawd8yfersj4ysb6fx69n3","status":"succeeded","handler_ms":9,"environment_boot_ms":2,"runtime_init_ms":13,"target":"tachyon_serverless_application::services::invoke"}
{"timestamp":"2026-09-18T04:02:39.797021Z","level":"INFO","message":"terminating bridge","environment_id":"env_01m2sawd94aebps7gt5xzsftjw","pid":784101,"reason":"Completed","graceful":true,"target":"tachyon_serverless_provider_process"}
{"timestamp":"2026-09-18T04:02:39.866970Z","level":"INFO","message":"asynchronous invocation accepted","invocation_id":"inv_01m2sawgkrtn08k1hnb3pqrgeb","tenant_id":"tn_01hzzzzzzzzzzzzzzzzzzzzzza","revision_id":"rev_01m2savvxbkm32rezhtt53s1a5","input_bytes":49,"input_storage":"inline","target":"tachyon_serverless_application::services::invoke_async"}
{"timestamp":"2026-09-18T04:02:39.880065Z","level":"INFO","message":"asynchronous run claimed","invocation_id":"inv_01m2sawgkrtn08k1hnb3pqrgeb","attempt":1,"generation":0,"delivery_count":1,"target":"tachyon_serverless_application::services::invoke_async::dispatch"}
{"timestamp":"2026-09-18T04:02:39.943416Z","level":"INFO","message":"asynchronous invocation accepted","invocation_id":"inv_01m2sawgnr48qw5cq3e5qrj17s","tenant_id":"tn_01hzzzzzzzzzzzzzzzzzzzzzza","revision_id":"rev_01m2savvxbkm32rezhtt53s1a5","input_bytes":4129,"input_storage":"object","target":"tachyon_serverless_application::services::invoke_async"}
{"timestamp":"2026-09-18T04:02:39.959692Z","level":"INFO","message":"asynchronous run claimed","invocation_id":"inv_01m2sawgnr48qw5cq3e5qrj17s","attempt":1,"generation":0,"delivery_count":1,"target":"tachyon_serverless_application::services::invoke_async::dispatch"}
{"timestamp":"2026-09-18T04:02:40.002557Z","level":"INFO","message":"asynchronous invocation accepted","invocation_id":"inv_01m2sawgqy8nxa8f4k01vnvxa4","tenant_id":"tn_01hzzzzzzzzzzzzzzzzzzzzzza","revision_id":"rev_01m2savzjxv002d8wksjehrae0","input_bytes":193,"input_storage":"inline","target":"tachyon_serverless_application::services::invoke_async"}
{"timestamp":"2026-09-18T04:02:40.002629Z","level":"INFO","message":"webhook trigger fired","trigger_id":"trg_01m2sawa10066kxc5rsc0p1r6g","event_id":"evt-pre-b-w1","invocation_id":"inv_01m2sawgqy8nxa8f4k01vnvxa4","revision_id":"rev_01m2savzjxv002d8wksjehrae0","replayed":false,"target":"tachyon_serverless_application::services::triggers"}
{"timestamp":"2026-09-18T04:02:42.874253Z","level":"INFO","message":"bridge spawned","environment_id":"env_01m2sawgmaxm07k84ythwkwn7c","pid":784243,"target":"tachyon_serverless_provider_process"}
{"timestamp":"2026-09-18T04:02:42.930914Z","level":"INFO","message":"invocation finished","invocation_id":"inv_01m2sawgkrtn08k1hnb3pqrgeb","status":"succeeded (async run)","handler_ms":9,"environment_boot_ms":8,"runtime_init_ms":14,"target":"tachyon_serverless_application::services::invoke"}
{"timestamp":"2026-09-18T04:02:42.935402Z","level":"INFO","message":"terminating bridge","environment_id":"env_01m2sawgmaxm07k84ythwkwn7c","pid":784243,"reason":"Completed","graceful":true,"target":"tachyon_serverless_provider_process"}
{"timestamp":"2026-09-18T04:02:42.964903Z","level":"INFO","message":"asynchronous invocation settled","invocation_id":"inv_01m2sawgkrtn08k1hnb3pqrgeb","status":"succeeded","target":"tachyon_serverless_application::services::invoke_async::dispatch"}
{"timestamp":"2026-09-18T04:02:42.971058Z","level":"INFO","message":"async dispatch: delivery handled","message_id":"inv_01m2sawgkrtn08k1hnb3pqrgeb","sequence":7,"delivery_count":1,"outcome":"Completed { status: \"succeeded\" }","target":"tachyon_serverless_application::services::invoke_async::dispatch"}
{"timestamp":"2026-09-18T04:02:43.185914Z","level":"INFO","message":"object retention pass","report":"GcReport { examined: 1, collected_expired: 0, collected_orphans: 0, kept_in_use: 0, kept_referenced: 1, incomplete_removed: 0, tombstones_purged: 0, failed: 0 }","target":"tachyon_serverless_gateway"}
{"timestamp":"2026-09-18T04:02:43.203216Z","level":"INFO","message":"bridge spawned","environment_id":"env_01m2sawgpxkd7nrh2y4xrhycjp","pid":784277,"target":"tachyon_serverless_provider_process"}
{"timestamp":"2026-09-18T04:02:43.234441Z","level":"INFO","message":"invocation finished","invocation_id":"inv_01m2sawgnr48qw5cq3e5qrj17s","status":"succeeded (async run)","handler_ms":2,"environment_boot_ms":5,"runtime_init_ms":19,"target":"tachyon_serverless_application::services::invoke"}
{"timestamp":"2026-09-18T04:02:43.237453Z","level":"INFO","message":"terminating bridge","environment_id":"env_01m2sawgpxkd7nrh2y4xrhycjp","pid":784277,"reason":"Completed","graceful":true,"target":"tachyon_serverless_provider_process"}
{"timestamp":"2026-09-18T04:02:43.248406Z","level":"INFO","message":"asynchronous invocation settled","invocation_id":"inv_01m2sawgnr48qw5cq3e5qrj17s","status":"succeeded","target":"tachyon_serverless_application::services::invoke_async::dispatch"}
{"timestamp":"2026-09-18T04:02:43.250107Z","level":"INFO","message":"async dispatch: delivery handled","message_id":"inv_01m2sawgnr48qw5cq3e5qrj17s","sequence":8,"delivery_count":1,"outcome":"Completed { status: \"succeeded\" }","target":"tachyon_serverless_application::services::invoke_async::dispatch"}
{"timestamp":"2026-09-18T04:02:53.622020Z","level":"WARN","message":"object gc: claim failed","object":"obj_01m2sawd2x2bbq712fawg42a54","error":"store: the store connection stayed busy for 5 s (database locked?)","target":"tachyon_serverless_application::durable::gc"}
{"timestamp":"2026-09-18T04:02:53.623920Z","level":"WARN","message":"async dispatch: the ledger failed; the message is redelivered","message_id":"inv_01m2sawgrfc5gzspfj1e2r5gnj","error":"Host.StoreUnavailable: storage: the store connection stayed busy for 5 s (database locked?)","target":"tachyon_serverless_application::services::invoke_async::dispatch"}
{"timestamp":"2026-09-18T04:02:53.625297Z","level":"WARN","message":"async reaper: listing candidates failed","error":"store: the store connection stayed busy for 5 s (database locked?)","target":"tachyon_serverless_application::services::invoke_async::dispatch"}
{"timestamp":"2026-09-18T04:02:53.666993Z","level":"WARN","message":"dispatcher heartbeat failed","error":"store: database is locked","target":"tachyon_serverless_application::app"}
{"timestamp":"2026-09-18T04:02:58.629471Z","level":"WARN","message":"outbox: claiming failed","error":"store: the store connection stayed busy for 5 s (database locked?)","target":"tachyon_serverless_application::services::invoke_async::publisher"}
{"timestamp":"2026-09-18T04:02:58.670922Z","level":"WARN","message":"cannot list dispatchers","error":"store: the store connection stayed busy for 5 s (database locked?)","target":"tachyon_serverless_application::services::dispatcher"}
{"timestamp":"2026-09-18T04:02:58.724739Z","level":"WARN","message":"object gc: claim failed","object":"obj_01m2sawgnrq9d7g43378a9cxzd","error":"store: database is locked","target":"tachyon_serverless_application::durable::gc"}
{"timestamp":"2026-09-18T04:03:03.724983Z","level":"WARN","message":"object gc: purging tombstones failed","error":"store: the store connection stayed busy for 5 s (database locked?)","target":"tachyon_serverless_application::durable::gc"}
{"timestamp":"2026-09-18T04:03:03.725034Z","level":"INFO","message":"object retention pass","report":"GcReport { examined: 2, collected_expired: 0, collected_orphans: 0, kept_in_use: 0, kept_referenced: 0, incomplete_removed: 0, tombstones_purged: 0, failed: 3 }","target":"tachyon_serverless_gateway"}
{"timestamp":"2026-09-18T04:03:03.731095Z","level":"WARN","message":"dispatcher lease renewed after the store was unavailable","dispatcher_id":"dsp_01m2sawa5gg81thberbfhm5pkt","outage_started_at":"Some(2026-09-18T04:02:48.621123704Z)","failed_heartbeats":1,"revived":true,"leases":0,"target":"tachyon_serverless_application::services::dispatcher"}
{"timestamp":"2026-09-18T04:03:03.732022Z","level":"INFO","message":"object retention pass","report":"GcReport { examined: 2, collected_expired: 0, collected_orphans: 0, kept_in_use: 0, kept_referenced: 2, incomplete_removed: 0, tombstones_purged: 0, failed: 0 }","target":"tachyon_serverless_gateway"}
{"timestamp":"2026-09-18T04:03:03.734661Z","level":"WARN","message":"reclaimed the work of dispatchers that lost their lease","dispatcher_id":"dsp_01m2sawa5gg81thberbfhm5pkt","reclaimed_dispatchers":"[DispatcherId(dsp_01m2savrxtw7zgc1zky43mq394)]","leases":0,"invocations":0,"attempts":0,"fenced":2,"target":"tachyon_serverless_application::services::dispatcher"}
{"timestamp":"2026-09-18T04:03:03.736238Z","level":"INFO","message":"environment stop metered by a path that did not drive it","environment_id":"env_01m2sawgxa1b81xner0w1j0vbb","stopped_by":"reclaim","cgroup_cpu_usec":"unknown","lifetime_ms":"Some(23564)","target":"tachyon_serverless_application::services::stopped"}
{"timestamp":"2026-09-18T04:03:03.736688Z","level":"INFO","message":"async dispatch: delivery handled","message_id":"inv_01m2sawgrfc5gzspfj1e2r5gnj","sequence":10,"delivery_count":3,"outcome":"Skipped(\"claimed\")","target":"tachyon_serverless_application::services::invoke_async::dispatch"}
{"timestamp":"2026-09-18T04:03:03.742300Z","level":"INFO","message":"fenced environment terminated and settled","environment_id":"env_01m2sawgxa1b81xner0w1j0vbb","owner":"Some(DispatcherId(dsp_01m2savrxtw7zgc1zky43mq394))","was_running":false,"target":"tachyon_serverless_application::services::reconcile"}
{"timestamp":"2026-09-18T04:03:03.742641Z","level":"INFO","message":"environment stop metered by a path that did not drive it","environment_id":"env_01m2sawjgb0nsvnzm7xm7dga7b","stopped_by":"reclaim","cgroup_cpu_usec":"unknown","lifetime_ms":"Some(21939)","target":"tachyon_serverless_application::services::stopped"}
{"timestamp":"2026-09-18T04:03:03.746732Z","level":"INFO","message":"fenced environment terminated and settled","environment_id":"env_01m2sawjgb0nsvnzm7xm7dga7b","owner":"Some(DispatcherId(dsp_01m2savrxtw7zgc1zky43mq394))","was_running":false,"target":"tachyon_serverless_application::services::reconcile"}
{"timestamp":"2026-09-18T04:03:05.185439Z","level":"INFO","message":"object retention pass","report":"GcReport { examined: 2, collected_expired: 0, collected_orphans: 0, kept_in_use: 0, kept_referenced: 2, incomplete_removed: 0, tombstones_purged: 0, failed: 0 }","target":"tachyon_serverless_gateway"}
{"timestamp":"2026-09-18T04:03:05.789317Z","level":"INFO","message":"asynchronous run claimed","invocation_id":"inv_01m2sawgrfc5gzspfj1e2r5gnj","attempt":2,"generation":4,"delivery_count":1,"target":"tachyon_serverless_application::services::invoke_async::dispatch"}
{"timestamp":"2026-09-18T04:03:07.184845Z","level":"INFO","message":"object retention pass","report":"GcReport { examined: 2, collected_expired: 0, collected_orphans: 0, kept_in_use: 0, kept_referenced: 2, incomplete_removed: 0, tombstones_purged: 0, failed: 0 }","target":"tachyon_serverless_gateway"}
{"timestamp":"2026-09-18T04:03:08.049840Z","level":"INFO","message":"bridge spawned","environment_id":"env_01m2sax9xxrqbzmn4052f8nzva","pid":784532,"target":"tachyon_serverless_provider_process"}
{"timestamp":"2026-09-18T04:03:08.078358Z","level":"INFO","message":"invocation finished","invocation_id":"inv_01m2sawgrfc5gzspfj1e2r5gnj","status":"succeeded (async run)","handler_ms":4,"environment_boot_ms":2,"runtime_init_ms":8,"target":"tachyon_serverless_application::services::invoke"}
{"timestamp":"2026-09-18T04:03:08.081863Z","level":"INFO","message":"terminating bridge","environment_id":"env_01m2sax9xxrqbzmn4052f8nzva","pid":784532,"reason":"Completed","graceful":true,"target":"tachyon_serverless_provider_process"}
{"timestamp":"2026-09-18T04:03:08.091923Z","level":"INFO","message":"asynchronous invocation settled","invocation_id":"inv_01m2sawgrfc5gzspfj1e2r5gnj","status":"succeeded","target":"tachyon_serverless_application::services::invoke_async::dispatch"}
{"timestamp":"2026-09-18T04:03:08.096218Z","level":"INFO","message":"async dispatch: delivery handled","message_id":"inv_01m2sawgrfc5gzspfj1e2r5gnj.g4","sequence":14,"delivery_count":1,"outcome":"Completed { status: \"succeeded\" }","target":"tachyon_serverless_application::services::invoke_async::dispatch"}
{"timestamp":"2026-09-18T04:03:08.591384Z","level":"INFO","message":"bridge spawned","environment_id":"env_01m2saxaf0s19ct36f6emmgzb1","pid":784542,"target":"tachyon_serverless_provider_process"}
{"timestamp":"2026-09-18T04:03:08.641074Z","level":"INFO","message":"invocation finished","invocation_id":"inv_01m2saxaeyc5x7bn9tpyyvhk11","status":"succeeded","handler_ms":5,"environment_boot_ms":2,"runtime_init_ms":19,"target":"tachyon_serverless_application::services::invoke"}
{"timestamp":"2026-09-18T04:03:08.644463Z","level":"INFO","message":"terminating bridge","environment_id":"env_01m2saxaf0s19ct36f6emmgzb1","pid":784542,"reason":"Completed","graceful":true,"target":"tachyon_serverless_provider_process"}
{"timestamp":"2026-09-18T04:03:09.183537Z","level":"INFO","message":"object retention pass","report":"GcReport { examined: 2, collected_expired: 0, collected_orphans: 0, kept_in_use: 0, kept_referenced: 2, incomplete_removed: 0, tombstones_purged: 0, failed: 0 }","target":"tachyon_serverless_gateway"}
{"timestamp":"2026-09-18T04:03:11.188856Z","level":"INFO","message":"object retention pass","report":"GcReport { examined: 2, collected_expired: 0, collected_orphans: 0, kept_in_use: 0, kept_referenced: 2, incomplete_removed: 0, tombstones_purged: 0, failed: 0 }","target":"tachyon_serverless_gateway"}
{"timestamp":"2026-09-18T04:03:11.282142Z","level":"INFO","message":"asynchronous run claimed","invocation_id":"inv_01m2saxf914m56zp0qsmn58fvr","attempt":1,"generation":0,"delivery_count":1,"target":"tachyon_serverless_application::services::invoke_async::dispatch"}
{"timestamp":"2026-09-18T04:03:11.341901Z","level":"INFO","message":"asynchronous run claimed","invocation_id":"inv_01m2saxfatrejb9rsr5j2cspv1","attempt":1,"generation":0,"delivery_count":1,"target":"tachyon_serverless_application::services::invoke_async::dispatch"}
{"timestamp":"2026-09-18T04:03:11.399249Z","level":"INFO","message":"SIGTERM received","target":"tachyon_serverless_gateway"}
{"timestamp":"2026-09-18T04:03:11.399293Z","level":"INFO","message":"shutdown requested; cancelling in-flight invocations","target":"tachyon_serverless_gateway"}
{"timestamp":"2026-09-18T04:03:11.399314Z","level":"INFO","message":"cancelling in-flight invocations for shutdown","count":2,"target":"tachyon_serverless_application::services::invoke"}
{"timestamp":"2026-09-18T04:03:13.187522Z","level":"INFO","message":"object retention pass","report":"GcReport { examined: 2, collected_expired: 0, collected_orphans: 0, kept_in_use: 0, kept_referenced: 2, incomplete_removed: 0, tombstones_purged: 0, failed: 0 }","target":"tachyon_serverless_gateway"}
{"timestamp":"2026-09-18T04:03:13.936676Z","level":"INFO","message":"asynchronous invocation rescheduled","invocation_id":"inv_01m2saxf914m56zp0qsmn58fvr","next_attempt_at":"2026-09-18T04:03:14.089590336+00:00","counted":false,"error_type":"Host.GatewayShutdown","target":"tachyon_serverless_application::services::invoke_async::dispatch"}
{"timestamp":"2026-09-18T04:03:13.964134Z","level":"INFO","message":"async dispatch: delivery handled","message_id":"inv_01m2saxf914m56zp0qsmn58fvr","sequence":15,"delivery_count":1,"outcome":"Rescheduled { next_attempt_at: 2026-09-18T04:03:14.089590336Z, counted: false }","target":"tachyon_serverless_application::services::invoke_async::dispatch"}
{"timestamp":"2026-09-18T04:03:14.141805Z","level":"INFO","message":"asynchronous invocation rescheduled","invocation_id":"inv_01m2saxfatrejb9rsr5j2cspv1","next_attempt_at":"2026-09-18T04:03:14.361899316+00:00","counted":false,"error_type":"Host.GatewayShutdown","target":"tachyon_serverless_application::services::invoke_async::dispatch"}
{"timestamp":"2026-09-18T04:03:14.148147Z","level":"INFO","message":"async dispatch: delivery handled","message_id":"inv_01m2saxfatrejb9rsr5j2cspv1","sequence":16,"delivery_count":1,"outcome":"Rescheduled { next_attempt_at: 2026-09-18T04:03:14.361899316Z, counted: false }","target":"tachyon_serverless_application::services::invoke_async::dispatch"}
{"timestamp":"2026-09-18T04:03:14.268084Z","level":"INFO","message":"final usage collection","report":"CollectReport { batches: 3, read: 6, inserted: 6, duplicates: 0, cursor_seq: 84 }","target":"tachyon_serverless_gateway"}
{"timestamp":"2026-09-18T04:03:14.367099Z","level":"INFO","message":"gateway stopped","target":"tachyon_serverless_gateway"}
