
===== b start (failpoints: none) 11:32:55 =====
{"timestamp":"2026-09-17T11:32:55.301227Z","level":"INFO","message":"configuration loaded","config":"/private/var/folders/z7/khzdjrt95cg_fcmcnh4j1b5h0000gn/T/tsls-chaos.kZ3bDT/gw-b.toml","target":"tachyon_serverless_gateway"}
{"timestamp":"2026-09-17T11:32:55.303329Z","level":"INFO","message":"connected successfully","server":"54829","max_payload":"1048576","target":"async_nats::connector"}
{"timestamp":"2026-09-17T11:32:55.303433Z","level":"INFO","message":"event: connected","target":"async_nats"}
{"timestamp":"2026-09-17T11:32:55.320119Z","level":"INFO","message":"JetStream queue connected and stream bootstrapped","url":"nats://127.0.0.1:54829","stream":"TACHYON_EVENTS","target":"tachyon_serverless_gateway::durable"}
{"timestamp":"2026-09-17T11:32:55.321515Z","level":"INFO","message":"state store opened","path":"/private/var/folders/z7/khzdjrt95cg_fcmcnh4j1b5h0000gn/T/tsls-chaos.kZ3bDT/data/state.db","schema_version":8,"migrations_applied":"[]","imported_state_json":"None","settled_invocations":0,"settled_attempts":0,"settled_environments":0,"released_leases":0,"dropped_idempotency_keys":0,"purged_idempotency_keys":0,"outputs_purged":0,"target":"tachyon_serverless_application::app"}
{"timestamp":"2026-09-17T11:32:55.321806Z","level":"INFO","message":"dispatcher registered","dispatcher_id":"dsp_01m2qj87wsfwafw4e0he4a2r4a","instance":"chaos-b","pid":55274,"lease_ttl_seconds":6,"target":"tachyon_serverless_application::services::dispatcher"}
{"timestamp":"2026-09-17T11:32:55.322837Z","level":"INFO","message":"application bootstrapped","profile":"dev","provider":"process","dev_only":true,"environment_reuse":false,"reuse_verified":false,"reuse_reason":"[pool] enabled is false","reuse_disabled":"Some(Configuration)","idle_quiesce":"unsupported","idle_resume":"unsupported","data_dir":"/private/var/folders/z7/khzdjrt95cg_fcmcnh4j1b5h0000gn/T/tsls-chaos.kZ3bDT/data","store":"sqlite","dispatcher_id":"dsp_01m2qj87wsfwafw4e0he4a2r4a","node":"local","node_region":"none","node_memory_mib":"None","max_concurrency":8,"queue":"nats","objects":"filesystem","invoke_async":true,"triggers":true,"target":"tachyon_serverless_application::app"}
{"timestamp":"2026-09-17T11:32:55.323122Z","level":"INFO","message":"startup reconcile finished","provider":"process","found":0,"adopted":0,"terminated":0,"disowned":0,"failed":0,"lost":0,"foreign":0,"reclaimed_dispatchers":0,"fenced_terminated":0,"fenced_pending":0,"target":"tachyon_serverless_application::services::reconcile"}
{"timestamp":"2026-09-17T11:32:55.323199Z","level":"INFO","message":"gateway listening","addr":"127.0.0.1:54867","profile":"dev","provider":"process","target":"tachyon_serverless_gateway"}
{"timestamp":"2026-09-17T11:32:55.324448Z","level":"INFO","message":"asynchronous dispatcher started","workers":2,"owner":"dsp_01m2qj87wsfwafw4e0he4a2r4a","target":"tachyon_serverless_gateway"}
{"timestamp":"2026-09-17T11:32:56.106403Z","level":"INFO","message":"asynchronous run claimed","invocation_id":"inv_01m2qj88mzwncjw493cm65y139","attempt":1,"generation":0,"delivery_count":1,"target":"tachyon_serverless_application::services::invoke_async::dispatch"}
{"timestamp":"2026-09-17T11:32:56.231970Z","level":"INFO","message":"asynchronous run claimed","invocation_id":"inv_01m2qj88rwtpkqfpahd1pgq1mb","attempt":1,"generation":0,"delivery_count":1,"target":"tachyon_serverless_application::services::invoke_async::dispatch"}
{"timestamp":"2026-09-17T11:32:56.318353Z","level":"INFO","message":"bridge spawned","environment_id":"env_01m2qj88nazmwrd4wkhgf889m2","pid":55371,"target":"tachyon_serverless_provider_process"}
{"timestamp":"2026-09-17T11:32:56.469888Z","level":"INFO","message":"bridge spawned","environment_id":"env_01m2qj88s85fv3p53y3g6twfq8","pid":55375,"target":"tachyon_serverless_provider_process"}
{"timestamp":"2026-09-17T11:32:56.487161Z","level":"INFO","message":"invocation finished","invocation_id":"inv_01m2qj88rwtpkqfpahd1pgq1mb","status":"succeeded (async run)","handler_ms":0,"environment_boot_ms":6,"runtime_init_ms":7,"target":"tachyon_serverless_application::services::invoke"}
{"timestamp":"2026-09-17T11:32:56.488919Z","level":"INFO","message":"terminating bridge","environment_id":"env_01m2qj88s85fv3p53y3g6twfq8","pid":55375,"reason":"Completed","graceful":true,"target":"tachyon_serverless_provider_process"}
{"timestamp":"2026-09-17T11:32:56.492512Z","level":"INFO","message":"bridge spawned","environment_id":"env_01m2qj88sxxx4qn00abg7p73kj","pid":55377,"target":"tachyon_serverless_provider_process"}
{"timestamp":"2026-09-17T11:32:56.493070Z","level":"INFO","message":"asynchronous invocation settled","invocation_id":"inv_01m2qj88rwtpkqfpahd1pgq1mb","status":"succeeded","target":"tachyon_serverless_application::services::invoke_async::dispatch"}
{"timestamp":"2026-09-17T11:32:56.499127Z","level":"INFO","message":"async dispatch: delivery handled","message_id":"inv_01m2qj88rwtpkqfpahd1pgq1mb","sequence":4,"delivery_count":1,"outcome":"Completed { status: \"succeeded\" }","target":"tachyon_serverless_application::services::invoke_async::dispatch"}
{"timestamp":"2026-09-17T11:32:56.508602Z","level":"INFO","message":"invocation finished","invocation_id":"inv_01m2qj88sx6gmyqpapzc2tkq98","status":"succeeded","handler_ms":0,"environment_boot_ms":6,"runtime_init_ms":8,"target":"tachyon_serverless_application::services::invoke"}
{"timestamp":"2026-09-17T11:32:56.510299Z","level":"INFO","message":"terminating bridge","environment_id":"env_01m2qj88sxxx4qn00abg7p73kj","pid":55377,"reason":"Completed","graceful":true,"target":"tachyon_serverless_provider_process"}
{"timestamp":"2026-09-17T11:32:56.593884Z","level":"INFO","message":"asynchronous invocation accepted","invocation_id":"inv_01m2qj894gmh2yschcak22t480","tenant_id":"tn_01hzzzzzzzzzzzzzzzzzzzzzza","revision_id":"rev_01m2qj86eqbx9qswc7dszea26y","input_bytes":49,"input_storage":"inline","target":"tachyon_serverless_application::services::invoke_async"}
{"timestamp":"2026-09-17T11:32:56.611686Z","level":"INFO","message":"invocation finished","invocation_id":"inv_01m2qj88mzwncjw493cm65y139","status":"succeeded (async run)","handler_ms":1,"environment_boot_ms":5,"runtime_init_ms":278,"target":"tachyon_serverless_application::services::invoke"}
{"timestamp":"2026-09-17T11:32:56.613547Z","level":"INFO","message":"terminating bridge","environment_id":"env_01m2qj88nazmwrd4wkhgf889m2","pid":55371,"reason":"Completed","graceful":true,"target":"tachyon_serverless_provider_process"}
{"timestamp":"2026-09-17T11:32:56.623557Z","level":"INFO","message":"asynchronous invocation settled","invocation_id":"inv_01m2qj88mzwncjw493cm65y139","status":"succeeded","target":"tachyon_serverless_application::services::invoke_async::dispatch"}
{"timestamp":"2026-09-17T11:32:56.627464Z","level":"INFO","message":"async dispatch: delivery handled","message_id":"inv_01m2qj88mzwncjw493cm65y139","sequence":2,"delivery_count":1,"outcome":"Completed { status: \"succeeded\" }","target":"tachyon_serverless_application::services::invoke_async::dispatch"}
{"timestamp":"2026-09-17T11:32:56.702384Z","level":"INFO","message":"asynchronous invocation accepted","invocation_id":"inv_01m2qj897d225rsmx93f6eh7ts","tenant_id":"tn_01hzzzzzzzzzzzzzzzzzzzzzza","revision_id":"rev_01m2qj86eqbx9qswc7dszea26y","input_bytes":4129,"input_storage":"object","target":"tachyon_serverless_application::services::invoke_async"}
{"timestamp":"2026-09-17T11:32:56.758072Z","level":"INFO","message":"asynchronous invocation accepted","invocation_id":"inv_01m2qj899mc5ta9j589504m2zt","tenant_id":"tn_01hzzzzzzzzzzzzzzzzzzzzzza","revision_id":"rev_01m2qj86yp4pckn7bk41t0kkbn","input_bytes":193,"input_storage":"inline","target":"tachyon_serverless_application::services::invoke_async"}
{"timestamp":"2026-09-17T11:32:56.758145Z","level":"INFO","message":"webhook trigger fired","trigger_id":"trg_01m2qj87tcezdhfw3mz45gfxbd","event_id":"evt-pre-b-w1","invocation_id":"inv_01m2qj899mc5ta9j589504m2zt","revision_id":"rev_01m2qj86yp4pckn7bk41t0kkbn","replayed":false,"target":"tachyon_serverless_application::services::triggers"}
{"timestamp":"2026-09-17T11:32:56.768490Z","level":"INFO","message":"asynchronous run claimed","invocation_id":"inv_01m2qj899mc5ta9j589504m2zt","attempt":1,"generation":0,"delivery_count":1,"target":"tachyon_serverless_application::services::invoke_async::dispatch"}
{"timestamp":"2026-09-17T11:32:57.095123Z","level":"INFO","message":"bridge spawned","environment_id":"env_01m2qj89a0bh744vtf162xd8qr","pid":55466,"target":"tachyon_serverless_provider_process"}
{"timestamp":"2026-09-17T11:32:57.118836Z","level":"INFO","message":"invocation finished","invocation_id":"inv_01m2qj899mc5ta9j589504m2zt","status":"succeeded (async run)","handler_ms":1,"environment_boot_ms":8,"runtime_init_ms":10,"target":"tachyon_serverless_application::services::invoke"}
{"timestamp":"2026-09-17T11:32:57.120932Z","level":"INFO","message":"terminating bridge","environment_id":"env_01m2qj89a0bh744vtf162xd8qr","pid":55466,"reason":"Completed","graceful":true,"target":"tachyon_serverless_provider_process"}
{"timestamp":"2026-09-17T11:32:57.126456Z","level":"INFO","message":"asynchronous invocation settled","invocation_id":"inv_01m2qj899mc5ta9j589504m2zt","status":"succeeded","target":"tachyon_serverless_application::services::invoke_async::dispatch"}
{"timestamp":"2026-09-17T11:32:57.132985Z","level":"INFO","message":"async dispatch: delivery handled","message_id":"inv_01m2qj899mc5ta9j589504m2zt","sequence":7,"delivery_count":1,"outcome":"Completed { status: \"succeeded\" }","target":"tachyon_serverless_application::services::invoke_async::dispatch"}
{"timestamp":"2026-09-17T11:33:03.328345Z","level":"INFO","message":"object retention pass","report":"GcReport { examined: 2, collected_expired: 0, collected_orphans: 0, kept_in_use: 0, kept_referenced: 2, incomplete_removed: 0, tombstones_purged: 0, failed: 0 }","target":"tachyon_serverless_gateway"}
{"timestamp":"2026-09-17T11:33:04.326952Z","level":"WARN","message":"reclaimed the work of dispatchers that lost their lease","dispatcher_id":"dsp_01m2qj87wsfwafw4e0he4a2r4a","reclaimed_dispatchers":"[DispatcherId(dsp_01m2qj85trkc23ctzx76czktfj)]","leases":1,"invocations":1,"attempts":1,"fenced":1,"target":"tachyon_serverless_application::services::dispatcher"}
{"timestamp":"2026-09-17T11:33:04.327361Z","level":"WARN","message":"terminating orphaned bridge","environment_id":"env_01m2qj89bq1sn3eetw09k8d1qc","pid":55470,"target":"tachyon_serverless_provider_process"}
{"timestamp":"2026-09-17T11:33:05.329982Z","level":"INFO","message":"object retention pass","report":"GcReport { examined: 2, collected_expired: 0, collected_orphans: 0, kept_in_use: 0, kept_referenced: 2, incomplete_removed: 0, tombstones_purged: 0, failed: 0 }","target":"tachyon_serverless_gateway"}
{"timestamp":"2026-09-17T11:33:07.329017Z","level":"INFO","message":"object retention pass","report":"GcReport { examined: 2, collected_expired: 0, collected_orphans: 0, kept_in_use: 0, kept_referenced: 2, incomplete_removed: 0, tombstones_purged: 0, failed: 0 }","target":"tachyon_serverless_gateway"}
{"timestamp":"2026-09-17T11:33:07.368204Z","level":"INFO","message":"fenced environment terminated and settled","environment_id":"env_01m2qj89bq1sn3eetw09k8d1qc","owner":"Some(DispatcherId(dsp_01m2qj85trkc23ctzx76czktfj))","was_running":true,"target":"tachyon_serverless_application::services::reconcile"}
{"timestamp":"2026-09-17T11:33:09.329516Z","level":"INFO","message":"object retention pass","report":"GcReport { examined: 2, collected_expired: 0, collected_orphans: 0, kept_in_use: 0, kept_referenced: 2, incomplete_removed: 0, tombstones_purged: 0, failed: 0 }","target":"tachyon_serverless_gateway"}
{"timestamp":"2026-09-17T11:33:11.328828Z","level":"INFO","message":"object retention pass","report":"GcReport { examined: 2, collected_expired: 0, collected_orphans: 0, kept_in_use: 0, kept_referenced: 2, incomplete_removed: 0, tombstones_purged: 0, failed: 0 }","target":"tachyon_serverless_gateway"}
{"timestamp":"2026-09-17T11:33:13.164882Z","level":"INFO","message":"bridge spawned","environment_id":"env_01m2qj8s68rma5kcywqp9nxmqy","pid":55787,"target":"tachyon_serverless_provider_process"}
{"timestamp":"2026-09-17T11:33:13.174176Z","level":"INFO","message":"invocation finished","invocation_id":"inv_01m2qj8s68q7dn85rm6j4fr71a","status":"succeeded","handler_ms":0,"environment_boot_ms":3,"runtime_init_ms":4,"target":"tachyon_serverless_application::services::invoke"}
{"timestamp":"2026-09-17T11:33:13.175763Z","level":"INFO","message":"terminating bridge","environment_id":"env_01m2qj8s68rma5kcywqp9nxmqy","pid":55787,"reason":"Completed","graceful":true,"target":"tachyon_serverless_provider_process"}
{"timestamp":"2026-09-17T11:33:13.329753Z","level":"INFO","message":"object retention pass","report":"GcReport { examined: 2, collected_expired: 0, collected_orphans: 0, kept_in_use: 0, kept_referenced: 2, incomplete_removed: 0, tombstones_purged: 0, failed: 0 }","target":"tachyon_serverless_gateway"}
{"timestamp":"2026-09-17T11:33:13.871197Z","level":"INFO","message":"asynchronous run claimed","invocation_id":"inv_01m2qj8t04cdn6ryacgvp26bjw","attempt":1,"generation":0,"delivery_count":1,"target":"tachyon_serverless_application::services::invoke_async::dispatch"}
{"timestamp":"2026-09-17T11:33:13.962775Z","level":"INFO","message":"SIGTERM received","target":"tachyon_serverless_gateway"}
{"timestamp":"2026-09-17T11:33:13.962818Z","level":"INFO","message":"shutdown requested; cancelling in-flight invocations","target":"tachyon_serverless_gateway"}
{"timestamp":"2026-09-17T11:33:13.962848Z","level":"INFO","message":"cancelling in-flight invocations for shutdown","count":1,"target":"tachyon_serverless_application::services::invoke"}
{"timestamp":"2026-09-17T11:33:14.011425Z","level":"INFO","message":"asynchronous invocation rescheduled","invocation_id":"inv_01m2qj8t04cdn6ryacgvp26bjw","next_attempt_at":"2026-09-17T11:33:14.243116+00:00","counted":false,"error_type":"Host.GatewayShutdown","target":"tachyon_serverless_application::services::invoke_async::dispatch"}
{"timestamp":"2026-09-17T11:33:14.015303Z","level":"INFO","message":"async dispatch: delivery handled","message_id":"inv_01m2qj8t04cdn6ryacgvp26bjw","sequence":8,"delivery_count":1,"outcome":"Rescheduled { next_attempt_at: 2026-09-17T11:33:14.243116Z, counted: false }","target":"tachyon_serverless_application::services::invoke_async::dispatch"}
{"timestamp":"2026-09-17T11:33:14.015873Z","level":"INFO","message":"final usage collection","report":"CollectReport { batches: 1, read: 1, inserted: 1, duplicates: 0, cursor_seq: 61 }","target":"tachyon_serverless_gateway"}
{"timestamp":"2026-09-17T11:33:14.016427Z","level":"INFO","message":"gateway stopped","target":"tachyon_serverless_gateway"}
{"timestamp":"2026-09-17T11:33:14.016496Z","level":"INFO","message":"event: closed","target":"async_nats"}
