
===== a start (failpoints: none) 11:32:53 =====
{"timestamp":"2026-09-17T11:32:53.185607Z","level":"INFO","message":"configuration loaded","config":"/private/var/folders/z7/khzdjrt95cg_fcmcnh4j1b5h0000gn/T/tsls-chaos.kZ3bDT/gw-a.toml","target":"tachyon_serverless_gateway"}
{"timestamp":"2026-09-17T11:32:53.187700Z","level":"INFO","message":"connected successfully","server":"54829","max_payload":"1048576","target":"async_nats::connector"}
{"timestamp":"2026-09-17T11:32:53.187787Z","level":"INFO","message":"event: connected","target":"async_nats"}
{"timestamp":"2026-09-17T11:32:53.202213Z","level":"INFO","message":"JetStream queue connected and stream bootstrapped","url":"nats://127.0.0.1:54829","stream":"TACHYON_EVENTS","target":"tachyon_serverless_gateway::durable"}
{"timestamp":"2026-09-17T11:32:53.208148Z","level":"INFO","message":"state store opened","path":"/private/var/folders/z7/khzdjrt95cg_fcmcnh4j1b5h0000gn/T/tsls-chaos.kZ3bDT/data/state.db","schema_version":8,"migrations_applied":"[1, 2, 3, 4, 5, 6, 7, 8]","imported_state_json":"None","settled_invocations":0,"settled_attempts":0,"settled_environments":0,"released_leases":0,"dropped_idempotency_keys":0,"purged_idempotency_keys":0,"outputs_purged":0,"target":"tachyon_serverless_application::app"}
{"timestamp":"2026-09-17T11:32:53.208351Z","level":"INFO","message":"dispatcher registered","dispatcher_id":"dsp_01m2qj85trkc23ctzx76czktfj","instance":"chaos-a","pid":54964,"lease_ttl_seconds":6,"target":"tachyon_serverless_application::services::dispatcher"}
{"timestamp":"2026-09-17T11:32:53.210341Z","level":"INFO","message":"application bootstrapped","profile":"dev","provider":"process","dev_only":true,"environment_reuse":false,"reuse_verified":false,"reuse_reason":"[pool] enabled is false","reuse_disabled":"Some(Configuration)","idle_quiesce":"unsupported","idle_resume":"unsupported","data_dir":"/private/var/folders/z7/khzdjrt95cg_fcmcnh4j1b5h0000gn/T/tsls-chaos.kZ3bDT/data","store":"sqlite","dispatcher_id":"dsp_01m2qj85trkc23ctzx76czktfj","node":"local","node_region":"none","node_memory_mib":"None","max_concurrency":8,"queue":"nats","objects":"filesystem","invoke_async":true,"triggers":true,"target":"tachyon_serverless_application::app"}
{"timestamp":"2026-09-17T11:32:53.210512Z","level":"INFO","message":"startup reconcile finished","provider":"process","found":0,"adopted":0,"terminated":0,"disowned":0,"failed":0,"lost":0,"foreign":0,"reclaimed_dispatchers":0,"fenced_terminated":0,"fenced_pending":0,"target":"tachyon_serverless_application::services::reconcile"}
{"timestamp":"2026-09-17T11:32:53.210563Z","level":"INFO","message":"gateway listening","addr":"127.0.0.1:54833","profile":"dev","provider":"process","target":"tachyon_serverless_gateway"}
{"timestamp":"2026-09-17T11:32:53.211533Z","level":"INFO","message":"asynchronous dispatcher started","workers":2,"owner":"dsp_01m2qj85trkc23ctzx76czktfj","target":"tachyon_serverless_gateway"}
{"timestamp":"2026-09-17T11:32:53.998621Z","level":"INFO","message":"revision ready","revision_id":"rev_01m2qj86eqbx9qswc7dszea26y","function_id":"fn_01m2qj864fryhm1z1xptnp0nqs","target":"tachyon_serverless_application::services::revision"}
{"timestamp":"2026-09-17T11:32:54.515264Z","level":"INFO","message":"revision ready","revision_id":"rev_01m2qj86yp4pckn7bk41t0kkbn","function_id":"fn_01m2qj86m94jgj9s7n4mxmfzaw","target":"tachyon_serverless_application::services::revision"}
{"timestamp":"2026-09-17T11:32:55.081028Z","level":"INFO","message":"revision ready","revision_id":"rev_01m2qj87fwwqy2wwtv0epd1vmb","function_id":"fn_01m2qj874dfjnhswx7bpmqffnj","target":"tachyon_serverless_application::services::revision"}
{"timestamp":"2026-09-17T11:32:55.232765Z","level":"INFO","message":"trigger created","trigger_id":"trg_01m2qj87t0bw5xpn32vpfmn582","function_id":"fn_01m2qj86m94jgj9s7n4mxmfzaw","kind":"cron","enabled":true,"next_fire_at":"Some(2026-09-17T11:32:56Z)","target":"tachyon_serverless_application::services::triggers"}
{"timestamp":"2026-09-17T11:32:55.244810Z","level":"INFO","message":"trigger created","trigger_id":"trg_01m2qj87tcezdhfw3mz45gfxbd","function_id":"fn_01m2qj86m94jgj9s7n4mxmfzaw","kind":"webhook","enabled":true,"next_fire_at":"None","target":"tachyon_serverless_application::services::triggers"}
{"timestamp":"2026-09-17T11:32:55.782606Z","level":"INFO","message":"bridge spawned","environment_id":"env_01m2qj886ebgsn845h81b0pha6","pid":55293,"target":"tachyon_serverless_provider_process"}
{"timestamp":"2026-09-17T11:32:56.005020Z","level":"INFO","message":"asynchronous invocation accepted","invocation_id":"inv_01m2qj88j324f9h7bh4m3xty74","tenant_id":"tn_01hzzzzzzzzzzzzzzzzzzzzzza","revision_id":"rev_01m2qj86yp4pckn7bk41t0kkbn","input_bytes":180,"input_storage":"inline","target":"tachyon_serverless_application::services::invoke_async"}
{"timestamp":"2026-09-17T11:32:56.005108Z","level":"INFO","message":"cron trigger fired","trigger_id":"trg_01m2qj87t0bw5xpn32vpfmn582","scheduled_at":"2026-09-17T11:32:56Z","invocation_id":"inv_01m2qj88j324f9h7bh4m3xty74","revision_id":"rev_01m2qj86yp4pckn7bk41t0kkbn","replayed":false,"target":"tachyon_serverless_application::services::triggers"}
{"timestamp":"2026-09-17T11:32:56.016227Z","level":"INFO","message":"asynchronous run claimed","invocation_id":"inv_01m2qj88j324f9h7bh4m3xty74","attempt":1,"generation":0,"delivery_count":1,"target":"tachyon_serverless_application::services::invoke_async::dispatch"}
{"timestamp":"2026-09-17T11:32:56.032021Z","level":"INFO","message":"invocation finished","invocation_id":"inv_01m2qj886e9r5h4n73a8p8166q","status":"succeeded","handler_ms":0,"environment_boot_ms":4,"runtime_init_ms":243,"target":"tachyon_serverless_application::services::invoke"}
{"timestamp":"2026-09-17T11:32:56.033618Z","level":"INFO","message":"terminating bridge","environment_id":"env_01m2qj886ebgsn845h81b0pha6","pid":55293,"reason":"Completed","graceful":true,"target":"tachyon_serverless_provider_process"}
{"timestamp":"2026-09-17T11:32:56.095985Z","level":"INFO","message":"asynchronous invocation accepted","invocation_id":"inv_01m2qj88mzwncjw493cm65y139","tenant_id":"tn_01hzzzzzzzzzzzzzzzzzzzzzza","revision_id":"rev_01m2qj86eqbx9qswc7dszea26y","input_bytes":49,"input_storage":"inline","target":"tachyon_serverless_application::services::invoke_async"}
{"timestamp":"2026-09-17T11:32:56.167826Z","level":"INFO","message":"asynchronous invocation accepted","invocation_id":"inv_01m2qj88prd5h244d9a7v1xjrs","tenant_id":"tn_01hzzzzzzzzzzzzzzzzzzzzzza","revision_id":"rev_01m2qj86eqbx9qswc7dszea26y","input_bytes":4129,"input_storage":"object","target":"tachyon_serverless_application::services::invoke_async"}
{"timestamp":"2026-09-17T11:32:56.173193Z","level":"INFO","message":"asynchronous run claimed","invocation_id":"inv_01m2qj88prd5h244d9a7v1xjrs","attempt":1,"generation":0,"delivery_count":1,"target":"tachyon_serverless_application::services::invoke_async::dispatch"}
{"timestamp":"2026-09-17T11:32:56.205664Z","level":"INFO","message":"bridge spawned","environment_id":"env_01m2qj88jg386z40garx6w8531","pid":55356,"target":"tachyon_serverless_provider_process"}
{"timestamp":"2026-09-17T11:32:56.221463Z","level":"INFO","message":"asynchronous invocation accepted","invocation_id":"inv_01m2qj88rwtpkqfpahd1pgq1mb","tenant_id":"tn_01hzzzzzzzzzzzzzzzzzzzzzza","revision_id":"rev_01m2qj86yp4pckn7bk41t0kkbn","input_bytes":193,"input_storage":"inline","target":"tachyon_serverless_application::services::invoke_async"}
{"timestamp":"2026-09-17T11:32:56.221518Z","level":"INFO","message":"webhook trigger fired","trigger_id":"trg_01m2qj87tcezdhfw3mz45gfxbd","event_id":"evt-pre-a-w1","invocation_id":"inv_01m2qj88rwtpkqfpahd1pgq1mb","revision_id":"rev_01m2qj86yp4pckn7bk41t0kkbn","replayed":false,"target":"tachyon_serverless_application::services::triggers"}
{"timestamp":"2026-09-17T11:32:56.232717Z","level":"INFO","message":"invocation finished","invocation_id":"inv_01m2qj88j324f9h7bh4m3xty74","status":"succeeded (async run)","handler_ms":4,"environment_boot_ms":5,"runtime_init_ms":11,"target":"tachyon_serverless_application::services::invoke"}
{"timestamp":"2026-09-17T11:32:56.234401Z","level":"INFO","message":"terminating bridge","environment_id":"env_01m2qj88jg386z40garx6w8531","pid":55356,"reason":"Completed","graceful":true,"target":"tachyon_serverless_provider_process"}
{"timestamp":"2026-09-17T11:32:56.238374Z","level":"INFO","message":"asynchronous invocation settled","invocation_id":"inv_01m2qj88j324f9h7bh4m3xty74","status":"succeeded","target":"tachyon_serverless_application::services::invoke_async::dispatch"}
{"timestamp":"2026-09-17T11:32:56.245996Z","level":"INFO","message":"async dispatch: delivery handled","message_id":"inv_01m2qj88j324f9h7bh4m3xty74","sequence":1,"delivery_count":1,"outcome":"Completed { status: \"succeeded\" }","target":"tachyon_serverless_application::services::invoke_async::dispatch"}
{"timestamp":"2026-09-17T11:32:56.412623Z","level":"INFO","message":"bridge spawned","environment_id":"env_01m2qj88qfevpnftkz49qb2b74","pid":55373,"target":"tachyon_serverless_provider_process"}
{"timestamp":"2026-09-17T11:32:56.604137Z","level":"INFO","message":"asynchronous run claimed","invocation_id":"inv_01m2qj894gmh2yschcak22t480","attempt":1,"generation":0,"delivery_count":1,"target":"tachyon_serverless_application::services::invoke_async::dispatch"}
{"timestamp":"2026-09-17T11:32:56.612629Z","level":"INFO","message":"invocation finished","invocation_id":"inv_01m2qj88prd5h244d9a7v1xjrs","status":"succeeded (async run)","handler_ms":2,"environment_boot_ms":6,"runtime_init_ms":184,"target":"tachyon_serverless_application::services::invoke"}
{"timestamp":"2026-09-17T11:32:56.613458Z","level":"INFO","message":"terminating bridge","environment_id":"env_01m2qj88qfevpnftkz49qb2b74","pid":55373,"reason":"Completed","graceful":true,"target":"tachyon_serverless_provider_process"}
{"timestamp":"2026-09-17T11:32:56.618333Z","level":"INFO","message":"asynchronous invocation settled","invocation_id":"inv_01m2qj88prd5h244d9a7v1xjrs","status":"succeeded","target":"tachyon_serverless_application::services::invoke_async::dispatch"}
{"timestamp":"2026-09-17T11:32:56.623436Z","level":"INFO","message":"async dispatch: delivery handled","message_id":"inv_01m2qj88prd5h244d9a7v1xjrs","sequence":3,"delivery_count":1,"outcome":"Completed { status: \"succeeded\" }","target":"tachyon_serverless_application::services::invoke_async::dispatch"}
{"timestamp":"2026-09-17T11:32:56.712774Z","level":"INFO","message":"asynchronous run claimed","invocation_id":"inv_01m2qj897d225rsmx93f6eh7ts","attempt":1,"generation":0,"delivery_count":1,"target":"tachyon_serverless_application::services::invoke_async::dispatch"}
{"timestamp":"2026-09-17T11:32:56.784235Z","level":"INFO","message":"trigger updated","trigger_id":"trg_01m2qj87t0bw5xpn32vpfmn582","generation":2,"status":"disabled","next_fire_at":"None","rotated_secret":false,"target":"tachyon_serverless_application::services::triggers"}
{"timestamp":"2026-09-17T11:32:56.908473Z","level":"INFO","message":"bridge spawned","environment_id":"env_01m2qj894x1hjpefyp6y4r1a3e","pid":55462,"target":"tachyon_serverless_provider_process"}
{"timestamp":"2026-09-17T11:32:56.928544Z","level":"INFO","message":"invocation finished","invocation_id":"inv_01m2qj894gmh2yschcak22t480","status":"succeeded (async run)","handler_ms":1,"environment_boot_ms":6,"runtime_init_ms":8,"target":"tachyon_serverless_application::services::invoke"}
{"timestamp":"2026-09-17T11:32:56.930536Z","level":"INFO","message":"terminating bridge","environment_id":"env_01m2qj894x1hjpefyp6y4r1a3e","pid":55462,"reason":"Completed","graceful":true,"target":"tachyon_serverless_provider_process"}
{"timestamp":"2026-09-17T11:32:56.935835Z","level":"INFO","message":"asynchronous invocation settled","invocation_id":"inv_01m2qj894gmh2yschcak22t480","status":"succeeded","target":"tachyon_serverless_application::services::invoke_async::dispatch"}
{"timestamp":"2026-09-17T11:32:56.941423Z","level":"INFO","message":"async dispatch: delivery handled","message_id":"inv_01m2qj894gmh2yschcak22t480","sequence":5,"delivery_count":1,"outcome":"Completed { status: \"succeeded\" }","target":"tachyon_serverless_application::services::invoke_async::dispatch"}
{"timestamp":"2026-09-17T11:32:57.040520Z","level":"INFO","message":"bridge spawned","environment_id":"env_01m2qj898bdq0cna5p851z7kfm","pid":55464,"target":"tachyon_serverless_provider_process"}
{"timestamp":"2026-09-17T11:32:57.063535Z","level":"INFO","message":"invocation finished","invocation_id":"inv_01m2qj897d225rsmx93f6eh7ts","status":"succeeded (async run)","handler_ms":2,"environment_boot_ms":8,"runtime_init_ms":10,"target":"tachyon_serverless_application::services::invoke"}
{"timestamp":"2026-09-17T11:32:57.065449Z","level":"INFO","message":"terminating bridge","environment_id":"env_01m2qj898bdq0cna5p851z7kfm","pid":55464,"reason":"Completed","graceful":true,"target":"tachyon_serverless_provider_process"}
{"timestamp":"2026-09-17T11:32:57.070669Z","level":"INFO","message":"asynchronous invocation settled","invocation_id":"inv_01m2qj897d225rsmx93f6eh7ts","status":"succeeded","target":"tachyon_serverless_application::services::invoke_async::dispatch"}
{"timestamp":"2026-09-17T11:32:57.076501Z","level":"INFO","message":"async dispatch: delivery handled","message_id":"inv_01m2qj897d225rsmx93f6eh7ts","sequence":6,"delivery_count":1,"outcome":"Completed { status: \"succeeded\" }","target":"tachyon_serverless_application::services::invoke_async::dispatch"}
{"timestamp":"2026-09-17T11:32:57.160967Z","level":"INFO","message":"bridge spawned","environment_id":"env_01m2qj89bq1sn3eetw09k8d1qc","pid":55470,"target":"tachyon_serverless_provider_process"}
{"timestamp":"2026-09-17T11:33:07.817782Z","level":"ERROR","message":"dispatcher lease lost: refusing new invocations; in-flight completions will be refused if another dispatcher reclaimed them","dispatcher_id":"dsp_01m2qj85trkc23ctzx76czktfj","target":"tachyon_serverless_application::services::dispatcher"}
{"timestamp":"2026-09-17T11:33:07.818930Z","level":"WARN","message":"cannot record invocation outcome","error":"Invocation is already in a terminal state (outcome_unknown); further updates are rejected","invocation_id":"inv_01m2qj89bphxb35gsfdbg8nkwr","target":"tachyon_serverless_application::services::invoke"}
{"timestamp":"2026-09-17T11:33:07.819318Z","level":"WARN","message":"stale completion refused: another dispatcher reclaimed this slot","invocation_id":"inv_01m2qj89bphxb35gsfdbg8nkwr","attempt_id":"att_01m2qj8a1ehn39bz7kvt5sy59k","epoch":1,"reason":"lease lse_01m2qj8a1etpmrrdp3zsdgw9nj is already released","target":"tachyon_serverless_application::services::invoke"}
{"timestamp":"2026-09-17T11:33:07.819512Z","level":"INFO","message":"object retention pass","report":"GcReport { examined: 2, collected_expired: 0, collected_orphans: 0, kept_in_use: 0, kept_referenced: 2, incomplete_removed: 0, tombstones_purged: 0, failed: 0 }","target":"tachyon_serverless_gateway"}
{"timestamp":"2026-09-17T11:33:07.820108Z","level":"WARN","message":"environment update failed","error":"refused: environment env_01m2qj89bq1sn3eetw09k8d1qc is lost and final","environment_id":"env_01m2qj89bq1sn3eetw09k8d1qc","target":"tachyon_serverless_application::services::invoke"}
{"timestamp":"2026-09-17T11:33:09.222149Z","level":"INFO","message":"object retention pass","report":"GcReport { examined: 2, collected_expired: 0, collected_orphans: 0, kept_in_use: 0, kept_referenced: 2, incomplete_removed: 0, tombstones_purged: 0, failed: 0 }","target":"tachyon_serverless_gateway"}
{"timestamp":"2026-09-17T11:33:11.219113Z","level":"INFO","message":"object retention pass","report":"GcReport { examined: 2, collected_expired: 0, collected_orphans: 0, kept_in_use: 0, kept_referenced: 2, incomplete_removed: 0, tombstones_purged: 0, failed: 0 }","target":"tachyon_serverless_gateway"}
{"timestamp":"2026-09-17T11:33:13.196881Z","level":"INFO","message":"SIGTERM received","target":"tachyon_serverless_gateway"}
{"timestamp":"2026-09-17T11:33:13.196910Z","level":"INFO","message":"shutdown requested; cancelling in-flight invocations","target":"tachyon_serverless_gateway"}
{"timestamp":"2026-09-17T11:33:13.198206Z","level":"INFO","message":"final usage collection","report":"CollectReport { batches: 1, read: 5, inserted: 5, duplicates: 0, cursor_seq: 55 }","target":"tachyon_serverless_gateway"}
{"timestamp":"2026-09-17T11:33:13.199008Z","level":"INFO","message":"gateway stopped","target":"tachyon_serverless_gateway"}
{"timestamp":"2026-09-17T11:33:13.199164Z","level":"INFO","message":"event: closed","target":"async_nats"}

===== a start (failpoints: none) 11:33:13 =====
{"timestamp":"2026-09-17T11:33:13.328135Z","level":"INFO","message":"configuration loaded","config":"/private/var/folders/z7/khzdjrt95cg_fcmcnh4j1b5h0000gn/T/tsls-chaos.kZ3bDT/gw-a.toml","target":"tachyon_serverless_gateway"}
{"timestamp":"2026-09-17T11:33:13.330122Z","level":"INFO","message":"connected successfully","server":"54829","max_payload":"1048576","target":"async_nats::connector"}
{"timestamp":"2026-09-17T11:33:13.330228Z","level":"INFO","message":"event: connected","target":"async_nats"}
{"timestamp":"2026-09-17T11:33:13.349093Z","level":"INFO","message":"JetStream queue connected and stream bootstrapped","url":"nats://127.0.0.1:54829","stream":"TACHYON_EVENTS","target":"tachyon_serverless_gateway::durable"}
{"timestamp":"2026-09-17T11:33:13.350468Z","level":"INFO","message":"state store opened","path":"/private/var/folders/z7/khzdjrt95cg_fcmcnh4j1b5h0000gn/T/tsls-chaos.kZ3bDT/data/state.db","schema_version":8,"migrations_applied":"[]","imported_state_json":"None","settled_invocations":0,"settled_attempts":0,"settled_environments":0,"released_leases":0,"dropped_idempotency_keys":0,"purged_idempotency_keys":0,"outputs_purged":0,"target":"tachyon_serverless_application::app"}
{"timestamp":"2026-09-17T11:33:13.351685Z","level":"INFO","message":"dispatcher registered","dispatcher_id":"dsp_01m2qj8sg6gxysxhbrvrdfznqy","instance":"chaos-a","pid":55816,"lease_ttl_seconds":6,"target":"tachyon_serverless_application::services::dispatcher"}
{"timestamp":"2026-09-17T11:33:13.352718Z","level":"INFO","message":"application bootstrapped","profile":"dev","provider":"process","dev_only":true,"environment_reuse":false,"reuse_verified":false,"reuse_reason":"[pool] enabled is false","reuse_disabled":"Some(Configuration)","idle_quiesce":"unsupported","idle_resume":"unsupported","data_dir":"/private/var/folders/z7/khzdjrt95cg_fcmcnh4j1b5h0000gn/T/tsls-chaos.kZ3bDT/data","store":"sqlite","dispatcher_id":"dsp_01m2qj8sg6gxysxhbrvrdfznqy","node":"local","node_region":"none","node_memory_mib":"None","max_concurrency":8,"queue":"nats","objects":"filesystem","invoke_async":true,"triggers":true,"target":"tachyon_serverless_application::app"}
{"timestamp":"2026-09-17T11:33:13.353040Z","level":"INFO","message":"startup reconcile finished","provider":"process","found":0,"adopted":0,"terminated":0,"disowned":0,"failed":0,"lost":0,"foreign":0,"reclaimed_dispatchers":0,"fenced_terminated":0,"fenced_pending":0,"target":"tachyon_serverless_application::services::reconcile"}
{"timestamp":"2026-09-17T11:33:13.353101Z","level":"INFO","message":"gateway listening","addr":"127.0.0.1:54833","profile":"dev","provider":"process","target":"tachyon_serverless_gateway"}
{"timestamp":"2026-09-17T11:33:13.354346Z","level":"INFO","message":"asynchronous dispatcher started","workers":2,"owner":"dsp_01m2qj8sg6gxysxhbrvrdfznqy","target":"tachyon_serverless_gateway"}
{"timestamp":"2026-09-17T11:33:13.360763Z","level":"INFO","message":"object retention pass","report":"GcReport { examined: 2, collected_expired: 0, collected_orphans: 0, kept_in_use: 0, kept_referenced: 2, incomplete_removed: 0, tombstones_purged: 0, failed: 0 }","target":"tachyon_serverless_gateway"}
{"timestamp":"2026-09-17T11:33:13.804238Z","level":"INFO","message":"bridge spawned","environment_id":"env_01m2qj8st6k3ttdtr2df3zc0s1","pid":55837,"target":"tachyon_serverless_provider_process"}
{"timestamp":"2026-09-17T11:33:13.814367Z","level":"INFO","message":"invocation finished","invocation_id":"inv_01m2qj8st54p4rtrdq9830a60j","status":"succeeded","handler_ms":0,"environment_boot_ms":3,"runtime_init_ms":4,"target":"tachyon_serverless_application::services::invoke"}
{"timestamp":"2026-09-17T11:33:13.815977Z","level":"INFO","message":"terminating bridge","environment_id":"env_01m2qj8st6k3ttdtr2df3zc0s1","pid":55837,"reason":"Completed","graceful":true,"target":"tachyon_serverless_provider_process"}
{"timestamp":"2026-09-17T11:33:13.860970Z","level":"INFO","message":"asynchronous invocation accepted","invocation_id":"inv_01m2qj8t04cdn6ryacgvp26bjw","tenant_id":"tn_01hzzzzzzzzzzzzzzzzzzzzzza","revision_id":"rev_01m2qj86eqbx9qswc7dszea26y","input_bytes":50,"input_storage":"inline","target":"tachyon_serverless_application::services::invoke_async"}
{"timestamp":"2026-09-17T11:33:13.922710Z","level":"INFO","message":"asynchronous invocation accepted","invocation_id":"inv_01m2qj8t1j9g2pag6pnz8ha2fz","tenant_id":"tn_01hzzzzzzzzzzzzzzzzzzzzzza","revision_id":"rev_01m2qj86eqbx9qswc7dszea26y","input_bytes":4130,"input_storage":"object","target":"tachyon_serverless_application::services::invoke_async"}
{"timestamp":"2026-09-17T11:33:13.927868Z","level":"INFO","message":"asynchronous run claimed","invocation_id":"inv_01m2qj8t1j9g2pag6pnz8ha2fz","attempt":1,"generation":0,"delivery_count":1,"target":"tachyon_serverless_application::services::invoke_async::dispatch"}
{"timestamp":"2026-09-17T11:33:13.950095Z","level":"INFO","message":"asynchronous invocation accepted","invocation_id":"inv_01m2qj8t2xn8xs0xeksnx5vphm","tenant_id":"tn_01hzzzzzzzzzzzzzzzzzzzzzza","revision_id":"rev_01m2qj86yp4pckn7bk41t0kkbn","input_bytes":195,"input_storage":"inline","target":"tachyon_serverless_application::services::invoke_async"}
{"timestamp":"2026-09-17T11:33:13.950130Z","level":"INFO","message":"webhook trigger fired","trigger_id":"trg_01m2qj87tcezdhfw3mz45gfxbd","event_id":"evt-post-a-w1","invocation_id":"inv_01m2qj8t2xn8xs0xeksnx5vphm","revision_id":"rev_01m2qj86yp4pckn7bk41t0kkbn","replayed":false,"target":"tachyon_serverless_application::services::triggers"}
{"timestamp":"2026-09-17T11:33:13.956119Z","level":"INFO","message":"asynchronous run claimed","invocation_id":"inv_01m2qj8t2xn8xs0xeksnx5vphm","attempt":1,"generation":0,"delivery_count":1,"target":"tachyon_serverless_application::services::invoke_async::dispatch"}
{"timestamp":"2026-09-17T11:33:14.068116Z","level":"INFO","message":"bridge spawned","environment_id":"env_01m2qj8t292f8rzcd7j7t9ny51","pid":55914,"target":"tachyon_serverless_provider_process"}
{"timestamp":"2026-09-17T11:33:14.083244Z","level":"INFO","message":"trigger updated","trigger_id":"trg_01m2qj87t0bw5xpn32vpfmn582","generation":3,"status":"disabled","next_fire_at":"None","rotated_secret":false,"target":"tachyon_serverless_application::services::triggers"}
{"timestamp":"2026-09-17T11:33:14.083854Z","level":"INFO","message":"invocation finished","invocation_id":"inv_01m2qj8t1j9g2pag6pnz8ha2fz","status":"succeeded (async run)","handler_ms":5,"environment_boot_ms":3,"runtime_init_ms":5,"target":"tachyon_serverless_application::services::invoke"}
{"timestamp":"2026-09-17T11:33:14.085482Z","level":"INFO","message":"terminating bridge","environment_id":"env_01m2qj8t292f8rzcd7j7t9ny51","pid":55914,"reason":"Completed","graceful":true,"target":"tachyon_serverless_provider_process"}
{"timestamp":"2026-09-17T11:33:14.088585Z","level":"INFO","message":"asynchronous invocation settled","invocation_id":"inv_01m2qj8t1j9g2pag6pnz8ha2fz","status":"succeeded","target":"tachyon_serverless_application::services::invoke_async::dispatch"}
{"timestamp":"2026-09-17T11:33:14.094444Z","level":"INFO","message":"async dispatch: delivery handled","message_id":"inv_01m2qj8t1j9g2pag6pnz8ha2fz","sequence":9,"delivery_count":1,"outcome":"Completed { status: \"succeeded\" }","target":"tachyon_serverless_application::services::invoke_async::dispatch"}
{"timestamp":"2026-09-17T11:33:14.094954Z","level":"INFO","message":"bridge spawned","environment_id":"env_01m2qj8t34pnm42000zce87ayc","pid":55935,"target":"tachyon_serverless_provider_process"}
{"timestamp":"2026-09-17T11:33:14.103743Z","level":"INFO","message":"invocation finished","invocation_id":"inv_01m2qj8t2xn8xs0xeksnx5vphm","status":"succeeded (async run)","handler_ms":0,"environment_boot_ms":6,"runtime_init_ms":4,"target":"tachyon_serverless_application::services::invoke"}
{"timestamp":"2026-09-17T11:33:14.105261Z","level":"INFO","message":"terminating bridge","environment_id":"env_01m2qj8t34pnm42000zce87ayc","pid":55935,"reason":"Completed","graceful":true,"target":"tachyon_serverless_provider_process"}
{"timestamp":"2026-09-17T11:33:14.107545Z","level":"INFO","message":"asynchronous invocation settled","invocation_id":"inv_01m2qj8t2xn8xs0xeksnx5vphm","status":"succeeded","target":"tachyon_serverless_application::services::invoke_async::dispatch"}
{"timestamp":"2026-09-17T11:33:14.113216Z","level":"INFO","message":"async dispatch: delivery handled","message_id":"inv_01m2qj8t2xn8xs0xeksnx5vphm","sequence":10,"delivery_count":1,"outcome":"Completed { status: \"succeeded\" }","target":"tachyon_serverless_application::services::invoke_async::dispatch"}
{"timestamp":"2026-09-17T11:33:14.268054Z","level":"INFO","message":"asynchronous run claimed","invocation_id":"inv_01m2qj8t04cdn6ryacgvp26bjw","attempt":1,"generation":1,"delivery_count":1,"target":"tachyon_serverless_application::services::invoke_async::dispatch"}
{"timestamp":"2026-09-17T11:33:14.357330Z","level":"WARN","message":"reclaimed the work of dispatchers that lost their lease","dispatcher_id":"dsp_01m2qj8sg6gxysxhbrvrdfznqy","reclaimed_dispatchers":"[DispatcherId(dsp_01m2qj87wsfwafw4e0he4a2r4a)]","leases":0,"invocations":0,"attempts":0,"fenced":0,"target":"tachyon_serverless_application::services::dispatcher"}
{"timestamp":"2026-09-17T11:33:14.409437Z","level":"INFO","message":"bridge spawned","environment_id":"env_01m2qj8tcwpfkyx8fkhqdwaxhe","pid":55960,"target":"tachyon_serverless_provider_process"}
{"timestamp":"2026-09-17T11:33:14.419017Z","level":"INFO","message":"invocation finished","invocation_id":"inv_01m2qj8t04cdn6ryacgvp26bjw","status":"succeeded (async run)","handler_ms":0,"environment_boot_ms":3,"runtime_init_ms":4,"target":"tachyon_serverless_application::services::invoke"}
{"timestamp":"2026-09-17T11:33:14.420614Z","level":"INFO","message":"terminating bridge","environment_id":"env_01m2qj8tcwpfkyx8fkhqdwaxhe","pid":55960,"reason":"Completed","graceful":true,"target":"tachyon_serverless_provider_process"}
{"timestamp":"2026-09-17T11:33:14.422844Z","level":"INFO","message":"asynchronous invocation settled","invocation_id":"inv_01m2qj8t04cdn6ryacgvp26bjw","status":"succeeded","target":"tachyon_serverless_application::services::invoke_async::dispatch"}
{"timestamp":"2026-09-17T11:33:14.429112Z","level":"INFO","message":"async dispatch: delivery handled","message_id":"inv_01m2qj8t04cdn6ryacgvp26bjw.g1","sequence":11,"delivery_count":1,"outcome":"Completed { status: \"succeeded\" }","target":"tachyon_serverless_application::services::invoke_async::dispatch"}
{"timestamp":"2026-09-17T11:33:15.356522Z","level":"INFO","message":"object retention pass","report":"GcReport { examined: 2, collected_expired: 0, collected_orphans: 0, kept_in_use: 0, kept_referenced: 2, incomplete_removed: 0, tombstones_purged: 0, failed: 0 }","target":"tachyon_serverless_gateway"}
{"timestamp":"2026-09-17T11:33:15.553996Z","level":"INFO","message":"SIGTERM received","target":"tachyon_serverless_gateway"}
{"timestamp":"2026-09-17T11:33:15.554027Z","level":"INFO","message":"shutdown requested; cancelling in-flight invocations","target":"tachyon_serverless_gateway"}
{"timestamp":"2026-09-17T11:33:15.554258Z","level":"INFO","message":"final usage collection","report":"CollectReport { batches: 0, read: 0, inserted: 0, duplicates: 0, cursor_seq: 76 }","target":"tachyon_serverless_gateway"}
{"timestamp":"2026-09-17T11:33:15.554979Z","level":"INFO","message":"gateway stopped","target":"tachyon_serverless_gateway"}
{"timestamp":"2026-09-17T11:33:15.555154Z","level":"INFO","message":"event: closed","target":"async_nats"}
