
===== a start (failpoints: none) 10:58:16 =====
{"timestamp":"2026-09-17T10:58:16.824122Z","level":"INFO","message":"configuration loaded","config":"/private/var/folders/z7/khzdjrt95cg_fcmcnh4j1b5h0000gn/T/tsls-chaos.SOlHTv/gw-a.toml","target":"tachyon_serverless_gateway"}
{"timestamp":"2026-09-17T10:58:16.829475Z","level":"INFO","message":"connected successfully","server":"60064","max_payload":"1048576","target":"async_nats::connector"}
{"timestamp":"2026-09-17T10:58:16.829874Z","level":"INFO","message":"event: connected","target":"async_nats"}
{"timestamp":"2026-09-17T10:58:16.873793Z","level":"INFO","message":"JetStream queue connected and stream bootstrapped","url":"nats://127.0.0.1:60064","stream":"TACHYON_EVENTS","target":"tachyon_serverless_gateway::durable"}
{"timestamp":"2026-09-17T10:58:16.902450Z","level":"INFO","message":"state store opened","path":"/private/var/folders/z7/khzdjrt95cg_fcmcnh4j1b5h0000gn/T/tsls-chaos.SOlHTv/data/state.db","schema_version":8,"migrations_applied":"[1, 2, 3, 4, 5, 6, 7, 8]","imported_state_json":"None","settled_invocations":0,"settled_attempts":0,"settled_environments":0,"released_leases":0,"dropped_idempotency_keys":0,"purged_idempotency_keys":0,"outputs_purged":0,"target":"tachyon_serverless_application::app"}
{"timestamp":"2026-09-17T10:58:16.903269Z","level":"INFO","message":"dispatcher registered","dispatcher_id":"dsp_01m2qg8t66jbt2ms2174j7cwpq","instance":"chaos-a","pid":76031,"lease_ttl_seconds":6,"target":"tachyon_serverless_application::services::dispatcher"}
{"timestamp":"2026-09-17T10:58:16.912268Z","level":"INFO","message":"application bootstrapped","profile":"dev","provider":"process","dev_only":true,"environment_reuse":false,"reuse_verified":false,"reuse_reason":"[pool] enabled is false","reuse_disabled":"Some(Configuration)","idle_quiesce":"unsupported","idle_resume":"unsupported","data_dir":"/private/var/folders/z7/khzdjrt95cg_fcmcnh4j1b5h0000gn/T/tsls-chaos.SOlHTv/data","store":"sqlite","dispatcher_id":"dsp_01m2qg8t66jbt2ms2174j7cwpq","node":"local","node_region":"none","node_memory_mib":"None","max_concurrency":8,"queue":"nats","objects":"filesystem","invoke_async":true,"triggers":true,"target":"tachyon_serverless_application::app"}
{"timestamp":"2026-09-17T10:58:16.912895Z","level":"INFO","message":"startup reconcile finished","provider":"process","found":0,"adopted":0,"terminated":0,"disowned":0,"failed":0,"lost":0,"foreign":0,"reclaimed_dispatchers":0,"fenced_terminated":0,"fenced_pending":0,"target":"tachyon_serverless_application::services::reconcile"}
{"timestamp":"2026-09-17T10:58:16.913099Z","level":"INFO","message":"gateway listening","addr":"127.0.0.1:60070","profile":"dev","provider":"process","target":"tachyon_serverless_gateway"}
{"timestamp":"2026-09-17T10:58:16.916081Z","level":"INFO","message":"asynchronous dispatcher started","workers":2,"owner":"dsp_01m2qg8t66jbt2ms2174j7cwpq","target":"tachyon_serverless_gateway"}
{"timestamp":"2026-09-17T10:58:18.626305Z","level":"INFO","message":"revision ready","revision_id":"rev_01m2qg8vfm2a13tyhtqp30dsdw","function_id":"fn_01m2qg8th2ktpht0mrmf1744yy","target":"tachyon_serverless_application::services::revision"}
{"timestamp":"2026-09-17T10:58:20.111431Z","level":"INFO","message":"revision ready","revision_id":"rev_01m2qg8wv98hrm3c54vb950h3f","function_id":"fn_01m2qg8w0jfc2evxmz4sfeg4bw","target":"tachyon_serverless_application::services::revision"}
{"timestamp":"2026-09-17T10:58:22.192058Z","level":"INFO","message":"revision ready","revision_id":"rev_01m2qg8yrka0wzdxb3pqnctx0w","function_id":"fn_01m2qg8xg12gyfx8g212b2m0d3","target":"tachyon_serverless_application::services::revision"}
{"timestamp":"2026-09-17T10:58:22.347964Z","level":"INFO","message":"trigger created","trigger_id":"trg_01m2qg8zgahkc81hhakfwpmm73","function_id":"fn_01m2qg8w0jfc2evxmz4sfeg4bw","kind":"cron","enabled":true,"next_fire_at":"Some(2026-09-17T10:58:24Z)","target":"tachyon_serverless_application::services::triggers"}
{"timestamp":"2026-09-17T10:58:22.413551Z","level":"INFO","message":"trigger created","trigger_id":"trg_01m2qg8zjchzh09dpkks04e1xb","function_id":"fn_01m2qg8w0jfc2evxmz4sfeg4bw","kind":"webhook","enabled":true,"next_fire_at":"None","target":"tachyon_serverless_application::services::triggers"}
{"timestamp":"2026-09-17T10:58:23.652548Z","level":"INFO","message":"bridge spawned","environment_id":"env_01m2qg905rmdtfmaxc969bf471","pid":76413,"target":"tachyon_serverless_provider_process"}
{"timestamp":"2026-09-17T10:58:24.007488Z","level":"INFO","message":"asynchronous invocation accepted","invocation_id":"inv_01m2qg9145wsa4c29y2h5s5b0q","tenant_id":"tn_01hzzzzzzzzzzzzzzzzzzzzzza","revision_id":"rev_01m2qg8wv98hrm3c54vb950h3f","input_bytes":180,"input_storage":"inline","target":"tachyon_serverless_application::services::invoke_async"}
{"timestamp":"2026-09-17T10:58:24.007597Z","level":"INFO","message":"cron trigger fired","trigger_id":"trg_01m2qg8zgahkc81hhakfwpmm73","scheduled_at":"2026-09-17T10:58:24Z","invocation_id":"inv_01m2qg9145wsa4c29y2h5s5b0q","revision_id":"rev_01m2qg8wv98hrm3c54vb950h3f","replayed":false,"target":"tachyon_serverless_application::services::triggers"}
{"timestamp":"2026-09-17T10:58:24.024036Z","level":"INFO","message":"asynchronous run claimed","invocation_id":"inv_01m2qg9145wsa4c29y2h5s5b0q","attempt":1,"generation":0,"delivery_count":1,"target":"tachyon_serverless_application::services::invoke_async::dispatch"}
{"timestamp":"2026-09-17T10:58:24.183691Z","level":"INFO","message":"invocation finished","invocation_id":"inv_01m2qg905q9ab7zt4m8jaxf6qy","status":"succeeded","handler_ms":23,"environment_boot_ms":14,"runtime_init_ms":491,"target":"tachyon_serverless_application::services::invoke"}
{"timestamp":"2026-09-17T10:58:24.186998Z","level":"INFO","message":"terminating bridge","environment_id":"env_01m2qg905rmdtfmaxc969bf471","pid":76413,"reason":"Completed","graceful":true,"target":"tachyon_serverless_provider_process"}
{"timestamp":"2026-09-17T10:58:24.473629Z","level":"INFO","message":"asynchronous invocation accepted","invocation_id":"inv_01m2qg91jqe0861601r2hfvgz5","tenant_id":"tn_01hzzzzzzzzzzzzzzzzzzzzzza","revision_id":"rev_01m2qg8vfm2a13tyhtqp30dsdw","input_bytes":49,"input_storage":"inline","target":"tachyon_serverless_application::services::invoke_async"}
{"timestamp":"2026-09-17T10:58:24.476062Z","level":"INFO","message":"bridge spawned","environment_id":"env_01m2qg914r04c71kp02xe6kafe","pid":76434,"target":"tachyon_serverless_provider_process"}
{"timestamp":"2026-09-17T10:58:24.483803Z","level":"INFO","message":"asynchronous run claimed","invocation_id":"inv_01m2qg91jqe0861601r2hfvgz5","attempt":1,"generation":0,"delivery_count":1,"target":"tachyon_serverless_application::services::invoke_async::dispatch"}
{"timestamp":"2026-09-17T10:58:24.518293Z","level":"INFO","message":"invocation finished","invocation_id":"inv_01m2qg9145wsa4c29y2h5s5b0q","status":"succeeded (async run)","handler_ms":2,"environment_boot_ms":14,"runtime_init_ms":23,"target":"tachyon_serverless_application::services::invoke"}
{"timestamp":"2026-09-17T10:58:24.520674Z","level":"INFO","message":"terminating bridge","environment_id":"env_01m2qg914r04c71kp02xe6kafe","pid":76434,"reason":"Completed","graceful":true,"target":"tachyon_serverless_provider_process"}
{"timestamp":"2026-09-17T10:58:24.528992Z","level":"INFO","message":"asynchronous invocation settled","invocation_id":"inv_01m2qg9145wsa4c29y2h5s5b0q","status":"succeeded","target":"tachyon_serverless_application::services::invoke_async::dispatch"}
{"timestamp":"2026-09-17T10:58:24.535459Z","level":"INFO","message":"async dispatch: delivery handled","message_id":"inv_01m2qg9145wsa4c29y2h5s5b0q","sequence":1,"delivery_count":1,"outcome":"Completed { status: \"succeeded\" }","target":"tachyon_serverless_application::services::invoke_async::dispatch"}
{"timestamp":"2026-09-17T10:58:24.700580Z","level":"INFO","message":"asynchronous invocation accepted","invocation_id":"inv_01m2qg91s41qbvz8a1h7kb5h3y","tenant_id":"tn_01hzzzzzzzzzzzzzzzzzzzzzza","revision_id":"rev_01m2qg8vfm2a13tyhtqp30dsdw","input_bytes":4129,"input_storage":"object","target":"tachyon_serverless_application::services::invoke_async"}
{"timestamp":"2026-09-17T10:58:24.716499Z","level":"INFO","message":"asynchronous run claimed","invocation_id":"inv_01m2qg91s41qbvz8a1h7kb5h3y","attempt":1,"generation":0,"delivery_count":1,"target":"tachyon_serverless_application::services::invoke_async::dispatch"}
{"timestamp":"2026-09-17T10:58:24.940682Z","level":"INFO","message":"asynchronous invocation accepted","invocation_id":"inv_01m2qg921arcqraja475m5ckvx","tenant_id":"tn_01hzzzzzzzzzzzzzzzzzzzzzza","revision_id":"rev_01m2qg8wv98hrm3c54vb950h3f","input_bytes":193,"input_storage":"inline","target":"tachyon_serverless_application::services::invoke_async"}
{"timestamp":"2026-09-17T10:58:24.940819Z","level":"INFO","message":"webhook trigger fired","trigger_id":"trg_01m2qg8zjchzh09dpkks04e1xb","event_id":"evt-pre-a-w1","invocation_id":"inv_01m2qg921arcqraja475m5ckvx","revision_id":"rev_01m2qg8wv98hrm3c54vb950h3f","replayed":false,"target":"tachyon_serverless_application::services::triggers"}
{"timestamp":"2026-09-17T10:58:25.329491Z","level":"INFO","message":"bridge spawned","environment_id":"env_01m2qg91kcdkh5zr1c62w9yr6m","pid":76492,"target":"tachyon_serverless_provider_process"}
{"timestamp":"2026-09-17T10:58:25.589813Z","level":"INFO","message":"bridge spawned","environment_id":"env_01m2qg91twr2s02ms9xxntekeb","pid":76494,"target":"tachyon_serverless_provider_process"}
{"timestamp":"2026-09-17T10:58:25.954402Z","level":"INFO","message":"invocation finished","invocation_id":"inv_01m2qg91s41qbvz8a1h7kb5h3y","status":"succeeded (async run)","handler_ms":4,"environment_boot_ms":13,"runtime_init_ms":343,"target":"tachyon_serverless_application::services::invoke"}
{"timestamp":"2026-09-17T10:58:25.955705Z","level":"INFO","message":"terminating bridge","environment_id":"env_01m2qg91twr2s02ms9xxntekeb","pid":76494,"reason":"Completed","graceful":true,"target":"tachyon_serverless_provider_process"}
{"timestamp":"2026-09-17T10:58:25.957771Z","level":"INFO","message":"invocation finished","invocation_id":"inv_01m2qg91jqe0861601r2hfvgz5","status":"succeeded (async run)","handler_ms":3,"environment_boot_ms":14,"runtime_init_ms":603,"target":"tachyon_serverless_application::services::invoke"}
{"timestamp":"2026-09-17T10:58:25.958852Z","level":"INFO","message":"terminating bridge","environment_id":"env_01m2qg91kcdkh5zr1c62w9yr6m","pid":76492,"reason":"Completed","graceful":true,"target":"tachyon_serverless_provider_process"}
{"timestamp":"2026-09-17T10:58:25.966554Z","level":"INFO","message":"asynchronous invocation settled","invocation_id":"inv_01m2qg91s41qbvz8a1h7kb5h3y","status":"succeeded","target":"tachyon_serverless_application::services::invoke_async::dispatch"}
{"timestamp":"2026-09-17T10:58:25.974384Z","level":"INFO","message":"async dispatch: delivery handled","message_id":"inv_01m2qg91s41qbvz8a1h7kb5h3y","sequence":3,"delivery_count":1,"outcome":"Completed { status: \"succeeded\" }","target":"tachyon_serverless_application::services::invoke_async::dispatch"}
{"timestamp":"2026-09-17T10:58:25.980482Z","level":"INFO","message":"asynchronous invocation settled","invocation_id":"inv_01m2qg91jqe0861601r2hfvgz5","status":"succeeded","target":"tachyon_serverless_application::services::invoke_async::dispatch"}
{"timestamp":"2026-09-17T10:58:25.986533Z","level":"INFO","message":"async dispatch: delivery handled","message_id":"inv_01m2qg91jqe0861601r2hfvgz5","sequence":2,"delivery_count":1,"outcome":"Completed { status: \"succeeded\" }","target":"tachyon_serverless_application::services::invoke_async::dispatch"}
{"timestamp":"2026-09-17T10:58:26.008052Z","level":"INFO","message":"asynchronous invocation accepted","invocation_id":"inv_01m2qg932p69y42a04r3jh2ktm","tenant_id":"tn_01hzzzzzzzzzzzzzzzzzzzzzza","revision_id":"rev_01m2qg8wv98hrm3c54vb950h3f","input_bytes":180,"input_storage":"inline","target":"tachyon_serverless_application::services::invoke_async"}
{"timestamp":"2026-09-17T10:58:26.008160Z","level":"INFO","message":"cron trigger fired","trigger_id":"trg_01m2qg8zgahkc81hhakfwpmm73","scheduled_at":"2026-09-17T10:58:26Z","invocation_id":"inv_01m2qg932p69y42a04r3jh2ktm","revision_id":"rev_01m2qg8wv98hrm3c54vb950h3f","replayed":false,"target":"tachyon_serverless_application::services::triggers"}
{"timestamp":"2026-09-17T10:58:26.144920Z","level":"INFO","message":"asynchronous run claimed","invocation_id":"inv_01m2qg936grdxbyhbr17nzcr5e","attempt":1,"generation":0,"delivery_count":1,"target":"tachyon_serverless_application::services::invoke_async::dispatch"}
{"timestamp":"2026-09-17T10:58:26.338150Z","level":"INFO","message":"asynchronous run claimed","invocation_id":"inv_01m2qg93bzsyh2p6kd9kh8yj4e","attempt":1,"generation":0,"delivery_count":1,"target":"tachyon_serverless_application::services::invoke_async::dispatch"}
{"timestamp":"2026-09-17T10:58:26.516836Z","level":"INFO","message":"trigger updated","trigger_id":"trg_01m2qg8zgahkc81hhakfwpmm73","generation":2,"status":"disabled","next_fire_at":"None","rotated_secret":false,"target":"tachyon_serverless_application::services::triggers"}
{"timestamp":"2026-09-17T10:58:27.239077Z","level":"INFO","message":"bridge spawned","environment_id":"env_01m2qg9371bz4162v4g7pvmcxp","pid":76590,"target":"tachyon_serverless_provider_process"}
{"timestamp":"2026-09-17T10:58:27.286795Z","level":"INFO","message":"invocation finished","invocation_id":"inv_01m2qg936grdxbyhbr17nzcr5e","status":"succeeded (async run)","handler_ms":3,"environment_boot_ms":15,"runtime_init_ms":25,"target":"tachyon_serverless_application::services::invoke"}
{"timestamp":"2026-09-17T10:58:27.287485Z","level":"INFO","message":"terminating bridge","environment_id":"env_01m2qg9371bz4162v4g7pvmcxp","pid":76590,"reason":"Completed","graceful":true,"target":"tachyon_serverless_provider_process"}
{"timestamp":"2026-09-17T10:58:27.295897Z","level":"INFO","message":"asynchronous invocation settled","invocation_id":"inv_01m2qg936grdxbyhbr17nzcr5e","status":"succeeded","target":"tachyon_serverless_application::services::invoke_async::dispatch"}
{"timestamp":"2026-09-17T10:58:27.303036Z","level":"INFO","message":"async dispatch: delivery handled","message_id":"inv_01m2qg936grdxbyhbr17nzcr5e","sequence":6,"delivery_count":1,"outcome":"Completed { status: \"succeeded\" }","target":"tachyon_serverless_application::services::invoke_async::dispatch"}
{"timestamp":"2026-09-17T10:58:27.383917Z","level":"INFO","message":"bridge spawned","environment_id":"env_01m2qg93d6b7jjvw70extjf95f","pid":76597,"target":"tachyon_serverless_provider_process"}
{"timestamp":"2026-09-17T10:58:27.414071Z","level":"INFO","message":"invocation finished","invocation_id":"inv_01m2qg93bzsyh2p6kd9kh8yj4e","status":"succeeded (async run)","handler_ms":3,"environment_boot_ms":11,"runtime_init_ms":17,"target":"tachyon_serverless_application::services::invoke"}
{"timestamp":"2026-09-17T10:58:27.416151Z","level":"INFO","message":"terminating bridge","environment_id":"env_01m2qg93d6b7jjvw70extjf95f","pid":76597,"reason":"Completed","graceful":true,"target":"tachyon_serverless_provider_process"}
{"timestamp":"2026-09-17T10:58:27.423187Z","level":"INFO","message":"asynchronous invocation settled","invocation_id":"inv_01m2qg93bzsyh2p6kd9kh8yj4e","status":"succeeded","target":"tachyon_serverless_application::services::invoke_async::dispatch"}
{"timestamp":"2026-09-17T10:58:27.429824Z","level":"INFO","message":"async dispatch: delivery handled","message_id":"inv_01m2qg93bzsyh2p6kd9kh8yj4e","sequence":7,"delivery_count":1,"outcome":"Completed { status: \"succeeded\" }","target":"tachyon_serverless_application::services::invoke_async::dispatch"}
{"timestamp":"2026-09-17T10:58:27.473425Z","level":"INFO","message":"bridge spawned","environment_id":"env_01m2qg93n06zjdcjja5qz3jpwv","pid":76601,"target":"tachyon_serverless_provider_process"}
{"timestamp":"2026-09-17T10:58:38.381776Z","level":"ERROR","message":"dispatcher lease lost: refusing new invocations; in-flight completions will be refused if another dispatcher reclaimed them","dispatcher_id":"dsp_01m2qg8t66jbt2ms2174j7cwpq","target":"tachyon_serverless_application::services::dispatcher"}
{"timestamp":"2026-09-17T10:58:38.388487Z","level":"WARN","message":"cannot record invocation outcome","error":"Invocation is already in a terminal state (outcome_unknown); further updates are rejected","invocation_id":"inv_01m2qg93mzsdvh55mcxzdr3dgn","target":"tachyon_serverless_application::services::invoke"}
{"timestamp":"2026-09-17T10:58:38.390159Z","level":"INFO","message":"object retention pass","report":"GcReport { examined: 2, collected_expired: 0, collected_orphans: 0, kept_in_use: 0, kept_referenced: 2, incomplete_removed: 0, tombstones_purged: 0, failed: 0 }","target":"tachyon_serverless_gateway"}
{"timestamp":"2026-09-17T10:58:38.390639Z","level":"WARN","message":"stale completion refused: another dispatcher reclaimed this slot","invocation_id":"inv_01m2qg93mzsdvh55mcxzdr3dgn","attempt_id":"att_01m2qg954wgnqcme8b3sz0b848","epoch":1,"reason":"lease lse_01m2qg954wef51c4n8mkt0vmrw is already released","target":"tachyon_serverless_application::services::invoke"}
{"timestamp":"2026-09-17T10:58:38.392998Z","level":"WARN","message":"environment update failed","error":"refused: environment env_01m2qg93n06zjdcjja5qz3jpwv is lost and final","environment_id":"env_01m2qg93n06zjdcjja5qz3jpwv","target":"tachyon_serverless_application::services::invoke"}
{"timestamp":"2026-09-17T10:58:38.923512Z","level":"INFO","message":"object retention pass","report":"GcReport { examined: 2, collected_expired: 0, collected_orphans: 0, kept_in_use: 0, kept_referenced: 2, incomplete_removed: 0, tombstones_purged: 0, failed: 0 }","target":"tachyon_serverless_gateway"}
{"timestamp":"2026-09-17T10:58:40.925405Z","level":"INFO","message":"object retention pass","report":"GcReport { examined: 2, collected_expired: 0, collected_orphans: 0, kept_in_use: 0, kept_referenced: 2, incomplete_removed: 0, tombstones_purged: 0, failed: 0 }","target":"tachyon_serverless_gateway"}
{"timestamp":"2026-09-17T10:58:42.922653Z","level":"INFO","message":"object retention pass","report":"GcReport { examined: 2, collected_expired: 0, collected_orphans: 0, kept_in_use: 0, kept_referenced: 2, incomplete_removed: 0, tombstones_purged: 0, failed: 0 }","target":"tachyon_serverless_gateway"}
{"timestamp":"2026-09-17T10:58:44.323890Z","level":"INFO","message":"SIGTERM received","target":"tachyon_serverless_gateway"}
{"timestamp":"2026-09-17T10:58:44.323970Z","level":"INFO","message":"shutdown requested; cancelling in-flight invocations","target":"tachyon_serverless_gateway"}
{"timestamp":"2026-09-17T10:58:44.324566Z","level":"INFO","message":"final usage collection","report":"CollectReport { batches: 0, read: 0, inserted: 0, duplicates: 0, cursor_seq: 60 }","target":"tachyon_serverless_gateway"}
{"timestamp":"2026-09-17T10:58:44.328321Z","level":"INFO","message":"gateway stopped","target":"tachyon_serverless_gateway"}
{"timestamp":"2026-09-17T10:58:44.328620Z","level":"INFO","message":"event: closed","target":"async_nats"}

===== a start (failpoints: none) 10:58:44 =====
{"timestamp":"2026-09-17T10:58:44.484855Z","level":"INFO","message":"configuration loaded","config":"/private/var/folders/z7/khzdjrt95cg_fcmcnh4j1b5h0000gn/T/tsls-chaos.SOlHTv/gw-a.toml","target":"tachyon_serverless_gateway"}
{"timestamp":"2026-09-17T10:58:44.487607Z","level":"INFO","message":"connected successfully","server":"60064","max_payload":"1048576","target":"async_nats::connector"}
{"timestamp":"2026-09-17T10:58:44.487829Z","level":"INFO","message":"event: connected","target":"async_nats"}
{"timestamp":"2026-09-17T10:58:44.512744Z","level":"INFO","message":"JetStream queue connected and stream bootstrapped","url":"nats://127.0.0.1:60064","stream":"TACHYON_EVENTS","target":"tachyon_serverless_gateway::durable"}
{"timestamp":"2026-09-17T10:58:44.515761Z","level":"INFO","message":"state store opened","path":"/private/var/folders/z7/khzdjrt95cg_fcmcnh4j1b5h0000gn/T/tsls-chaos.SOlHTv/data/state.db","schema_version":8,"migrations_applied":"[]","imported_state_json":"None","settled_invocations":0,"settled_attempts":0,"settled_environments":0,"released_leases":0,"dropped_idempotency_keys":0,"purged_idempotency_keys":0,"outputs_purged":0,"target":"tachyon_serverless_application::app"}
{"timestamp":"2026-09-17T10:58:44.516568Z","level":"INFO","message":"dispatcher registered","dispatcher_id":"dsp_01m2qg9n53y0jp0c9h534sghe6","instance":"chaos-a","pid":76969,"lease_ttl_seconds":6,"target":"tachyon_serverless_application::services::dispatcher"}
{"timestamp":"2026-09-17T10:58:44.518925Z","level":"INFO","message":"application bootstrapped","profile":"dev","provider":"process","dev_only":true,"environment_reuse":false,"reuse_verified":false,"reuse_reason":"[pool] enabled is false","reuse_disabled":"Some(Configuration)","idle_quiesce":"unsupported","idle_resume":"unsupported","data_dir":"/private/var/folders/z7/khzdjrt95cg_fcmcnh4j1b5h0000gn/T/tsls-chaos.SOlHTv/data","store":"sqlite","dispatcher_id":"dsp_01m2qg9n53y0jp0c9h534sghe6","node":"local","node_region":"none","node_memory_mib":"None","max_concurrency":8,"queue":"nats","objects":"filesystem","invoke_async":true,"triggers":true,"target":"tachyon_serverless_application::app"}
{"timestamp":"2026-09-17T10:58:44.519610Z","level":"INFO","message":"startup reconcile finished","provider":"process","found":0,"adopted":0,"terminated":0,"disowned":0,"failed":0,"lost":0,"foreign":0,"reclaimed_dispatchers":0,"fenced_terminated":0,"fenced_pending":0,"target":"tachyon_serverless_application::services::reconcile"}
{"timestamp":"2026-09-17T10:58:44.519750Z","level":"INFO","message":"gateway listening","addr":"127.0.0.1:60070","profile":"dev","provider":"process","target":"tachyon_serverless_gateway"}
{"timestamp":"2026-09-17T10:58:44.522248Z","level":"INFO","message":"asynchronous dispatcher started","workers":2,"owner":"dsp_01m2qg9n53y0jp0c9h534sghe6","target":"tachyon_serverless_gateway"}
{"timestamp":"2026-09-17T10:58:44.529273Z","level":"INFO","message":"object retention pass","report":"GcReport { examined: 2, collected_expired: 0, collected_orphans: 0, kept_in_use: 0, kept_referenced: 2, incomplete_removed: 0, tombstones_purged: 0, failed: 0 }","target":"tachyon_serverless_gateway"}
{"timestamp":"2026-09-17T10:58:45.210615Z","level":"INFO","message":"bridge spawned","environment_id":"env_01m2qg9nfj0farst7bgh0hn7zk","pid":76991,"target":"tachyon_serverless_provider_process"}
{"timestamp":"2026-09-17T10:58:45.237598Z","level":"INFO","message":"invocation finished","invocation_id":"inv_01m2qg9nfhng330vhw45p88bq6","status":"succeeded","handler_ms":1,"environment_boot_ms":9,"runtime_init_ms":12,"target":"tachyon_serverless_application::services::invoke"}
{"timestamp":"2026-09-17T10:58:45.239602Z","level":"INFO","message":"terminating bridge","environment_id":"env_01m2qg9nfj0farst7bgh0hn7zk","pid":76991,"reason":"Completed","graceful":true,"target":"tachyon_serverless_provider_process"}
{"timestamp":"2026-09-17T10:58:45.370351Z","level":"INFO","message":"asynchronous invocation accepted","invocation_id":"inv_01m2qg9nzrttx5157p2gaysh83","tenant_id":"tn_01hzzzzzzzzzzzzzzzzzzzzzza","revision_id":"rev_01m2qg8vfm2a13tyhtqp30dsdw","input_bytes":50,"input_storage":"inline","target":"tachyon_serverless_application::services::invoke_async"}
{"timestamp":"2026-09-17T10:58:45.528889Z","level":"INFO","message":"asynchronous invocation accepted","invocation_id":"inv_01m2qg9p4526jd377enh1va8g9","tenant_id":"tn_01hzzzzzzzzzzzzzzzzzzzzzza","revision_id":"rev_01m2qg8vfm2a13tyhtqp30dsdw","input_bytes":4130,"input_storage":"object","target":"tachyon_serverless_application::services::invoke_async"}
{"timestamp":"2026-09-17T10:58:45.541061Z","level":"INFO","message":"asynchronous run claimed","invocation_id":"inv_01m2qg9p4526jd377enh1va8g9","attempt":1,"generation":0,"delivery_count":1,"target":"tachyon_serverless_application::services::invoke_async::dispatch"}
{"timestamp":"2026-09-17T10:58:45.677824Z","level":"INFO","message":"asynchronous invocation accepted","invocation_id":"inv_01m2qg9p9bhqcs5x6x49rcegvd","tenant_id":"tn_01hzzzzzzzzzzzzzzzzzzzzzza","revision_id":"rev_01m2qg8wv98hrm3c54vb950h3f","input_bytes":195,"input_storage":"inline","target":"tachyon_serverless_application::services::invoke_async"}
{"timestamp":"2026-09-17T10:58:45.677945Z","level":"INFO","message":"webhook trigger fired","trigger_id":"trg_01m2qg8zjchzh09dpkks04e1xb","event_id":"evt-post-a-w1","invocation_id":"inv_01m2qg9p9bhqcs5x6x49rcegvd","revision_id":"rev_01m2qg8wv98hrm3c54vb950h3f","replayed":false,"target":"tachyon_serverless_application::services::triggers"}
{"timestamp":"2026-09-17T10:58:45.952884Z","level":"INFO","message":"bridge spawned","environment_id":"env_01m2qg9p5cfdz14bfj0m252m2h","pid":77075,"target":"tachyon_serverless_provider_process"}
{"timestamp":"2026-09-17T10:58:46.000184Z","level":"INFO","message":"invocation finished","invocation_id":"inv_01m2qg9p4526jd377enh1va8g9","status":"succeeded (async run)","handler_ms":3,"environment_boot_ms":15,"runtime_init_ms":22,"target":"tachyon_serverless_application::services::invoke"}
{"timestamp":"2026-09-17T10:58:46.002332Z","level":"INFO","message":"terminating bridge","environment_id":"env_01m2qg9p5cfdz14bfj0m252m2h","pid":77075,"reason":"Completed","graceful":true,"target":"tachyon_serverless_provider_process"}
{"timestamp":"2026-09-17T10:58:46.010058Z","level":"INFO","message":"asynchronous invocation settled","invocation_id":"inv_01m2qg9p4526jd377enh1va8g9","status":"succeeded","target":"tachyon_serverless_application::services::invoke_async::dispatch"}
{"timestamp":"2026-09-17T10:58:46.017396Z","level":"INFO","message":"async dispatch: delivery handled","message_id":"inv_01m2qg9p4526jd377enh1va8g9","sequence":10,"delivery_count":1,"outcome":"Completed { status: \"succeeded\" }","target":"tachyon_serverless_application::services::invoke_async::dispatch"}
{"timestamp":"2026-09-17T10:58:46.529995Z","level":"INFO","message":"object retention pass","report":"GcReport { examined: 2, collected_expired: 0, collected_orphans: 0, kept_in_use: 0, kept_referenced: 2, incomplete_removed: 0, tombstones_purged: 0, failed: 0 }","target":"tachyon_serverless_gateway"}
{"timestamp":"2026-09-17T10:58:48.501367Z","level":"INFO","message":"asynchronous run claimed","invocation_id":"inv_01m2qg9nzrttx5157p2gaysh83","attempt":1,"generation":1,"delivery_count":1,"target":"tachyon_serverless_application::services::invoke_async::dispatch"}
{"timestamp":"2026-09-17T10:58:48.531970Z","level":"INFO","message":"object retention pass","report":"GcReport { examined: 2, collected_expired: 0, collected_orphans: 0, kept_in_use: 0, kept_referenced: 2, incomplete_removed: 0, tombstones_purged: 0, failed: 0 }","target":"tachyon_serverless_gateway"}
{"timestamp":"2026-09-17T10:58:48.725110Z","level":"INFO","message":"trigger updated","trigger_id":"trg_01m2qg8zgahkc81hhakfwpmm73","generation":3,"status":"disabled","next_fire_at":"None","rotated_secret":false,"target":"tachyon_serverless_application::services::triggers"}
{"timestamp":"2026-09-17T10:58:48.953613Z","level":"INFO","message":"asynchronous run claimed","invocation_id":"inv_01m2qg9p9bhqcs5x6x49rcegvd","attempt":1,"generation":1,"delivery_count":1,"target":"tachyon_serverless_application::services::invoke_async::dispatch"}
{"timestamp":"2026-09-17T10:58:49.143987Z","level":"INFO","message":"bridge spawned","environment_id":"env_01m2qg9s1qe8qrbd1f4tc9te98","pid":77142,"target":"tachyon_serverless_provider_process"}
{"timestamp":"2026-09-17T10:58:49.184560Z","level":"INFO","message":"invocation finished","invocation_id":"inv_01m2qg9nzrttx5157p2gaysh83","status":"succeeded (async run)","handler_ms":3,"environment_boot_ms":15,"runtime_init_ms":20,"target":"tachyon_serverless_application::services::invoke"}
{"timestamp":"2026-09-17T10:58:49.186780Z","level":"INFO","message":"terminating bridge","environment_id":"env_01m2qg9s1qe8qrbd1f4tc9te98","pid":77142,"reason":"Completed","graceful":true,"target":"tachyon_serverless_provider_process"}
{"timestamp":"2026-09-17T10:58:49.194346Z","level":"INFO","message":"asynchronous invocation settled","invocation_id":"inv_01m2qg9nzrttx5157p2gaysh83","status":"succeeded","target":"tachyon_serverless_application::services::invoke_async::dispatch"}
{"timestamp":"2026-09-17T10:58:49.204587Z","level":"INFO","message":"async dispatch: delivery handled","message_id":"inv_01m2qg9nzrttx5157p2gaysh83.g1","sequence":12,"delivery_count":1,"outcome":"Completed { status: \"succeeded\" }","target":"tachyon_serverless_application::services::invoke_async::dispatch"}
{"timestamp":"2026-09-17T10:58:49.532036Z","level":"WARN","message":"reclaimed the work of dispatchers that lost their lease","dispatcher_id":"dsp_01m2qg9n53y0jp0c9h534sghe6","reclaimed_dispatchers":"[DispatcherId(dsp_01m2qg8ztbb2e8hwgccapv92fs)]","leases":0,"invocations":0,"attempts":0,"fenced":0,"target":"tachyon_serverless_application::services::dispatcher"}
{"timestamp":"2026-09-17T10:58:49.607742Z","level":"INFO","message":"bridge spawned","environment_id":"env_01m2qg9sft6e86ezmkdnw0ncd0","pid":77145,"target":"tachyon_serverless_provider_process"}
{"timestamp":"2026-09-17T10:58:49.645181Z","level":"INFO","message":"invocation finished","invocation_id":"inv_01m2qg9p9bhqcs5x6x49rcegvd","status":"succeeded (async run)","handler_ms":2,"environment_boot_ms":15,"runtime_init_ms":19,"target":"tachyon_serverless_application::services::invoke"}
{"timestamp":"2026-09-17T10:58:49.647443Z","level":"INFO","message":"terminating bridge","environment_id":"env_01m2qg9sft6e86ezmkdnw0ncd0","pid":77145,"reason":"Completed","graceful":true,"target":"tachyon_serverless_provider_process"}
{"timestamp":"2026-09-17T10:58:49.656808Z","level":"INFO","message":"asynchronous invocation settled","invocation_id":"inv_01m2qg9p9bhqcs5x6x49rcegvd","status":"succeeded","target":"tachyon_serverless_application::services::invoke_async::dispatch"}
{"timestamp":"2026-09-17T10:58:49.675283Z","level":"INFO","message":"async dispatch: delivery handled","message_id":"inv_01m2qg9p9bhqcs5x6x49rcegvd.g1","sequence":13,"delivery_count":1,"outcome":"Completed { status: \"succeeded\" }","target":"tachyon_serverless_application::services::invoke_async::dispatch"}
{"timestamp":"2026-09-17T10:58:50.537046Z","level":"INFO","message":"object retention pass","report":"GcReport { examined: 2, collected_expired: 0, collected_orphans: 0, kept_in_use: 0, kept_referenced: 2, incomplete_removed: 0, tombstones_purged: 0, failed: 0 }","target":"tachyon_serverless_gateway"}
{"timestamp":"2026-09-17T10:58:52.530821Z","level":"INFO","message":"object retention pass","report":"GcReport { examined: 3, collected_expired: 0, collected_orphans: 0, kept_in_use: 0, kept_referenced: 3, incomplete_removed: 0, tombstones_purged: 0, failed: 0 }","target":"tachyon_serverless_gateway"}
{"timestamp":"2026-09-17T10:58:53.639505Z","level":"INFO","message":"SIGTERM received","target":"tachyon_serverless_gateway"}
{"timestamp":"2026-09-17T10:58:53.639589Z","level":"INFO","message":"shutdown requested; cancelling in-flight invocations","target":"tachyon_serverless_gateway"}
{"timestamp":"2026-09-17T10:58:53.640202Z","level":"INFO","message":"final usage collection","report":"CollectReport { batches: 0, read: 0, inserted: 0, duplicates: 0, cursor_seq: 82 }","target":"tachyon_serverless_gateway"}
{"timestamp":"2026-09-17T10:58:53.641946Z","level":"INFO","message":"gateway stopped","target":"tachyon_serverless_gateway"}
{"timestamp":"2026-09-17T10:58:53.642210Z","level":"INFO","message":"event: closed","target":"async_nats"}
