
===== b start (failpoints: none) 10:58:22 =====
{"timestamp":"2026-09-17T10:58:22.638166Z","level":"INFO","message":"configuration loaded","config":"/private/var/folders/z7/khzdjrt95cg_fcmcnh4j1b5h0000gn/T/tsls-chaos.SOlHTv/gw-b.toml","target":"tachyon_serverless_gateway"}
{"timestamp":"2026-09-17T10:58:22.641830Z","level":"INFO","message":"connected successfully","server":"60064","max_payload":"1048576","target":"async_nats::connector"}
{"timestamp":"2026-09-17T10:58:22.642207Z","level":"INFO","message":"event: connected","target":"async_nats"}
{"timestamp":"2026-09-17T10:58:22.662837Z","level":"INFO","message":"JetStream queue connected and stream bootstrapped","url":"nats://127.0.0.1:60064","stream":"TACHYON_EVENTS","target":"tachyon_serverless_gateway::durable"}
{"timestamp":"2026-09-17T10:58:22.666935Z","level":"INFO","message":"state store opened","path":"/private/var/folders/z7/khzdjrt95cg_fcmcnh4j1b5h0000gn/T/tsls-chaos.SOlHTv/data/state.db","schema_version":8,"migrations_applied":"[]","imported_state_json":"None","settled_invocations":0,"settled_attempts":0,"settled_environments":0,"released_leases":0,"dropped_idempotency_keys":0,"purged_idempotency_keys":0,"outputs_purged":0,"target":"tachyon_serverless_application::app"}
{"timestamp":"2026-09-17T10:58:22.667795Z","level":"INFO","message":"dispatcher registered","dispatcher_id":"dsp_01m2qg8ztbb2e8hwgccapv92fs","instance":"chaos-b","pid":76390,"lease_ttl_seconds":6,"target":"tachyon_serverless_application::services::dispatcher"}
{"timestamp":"2026-09-17T10:58:22.670353Z","level":"INFO","message":"application bootstrapped","profile":"dev","provider":"process","dev_only":true,"environment_reuse":false,"reuse_verified":false,"reuse_reason":"[pool] enabled is false","reuse_disabled":"Some(Configuration)","idle_quiesce":"unsupported","idle_resume":"unsupported","data_dir":"/private/var/folders/z7/khzdjrt95cg_fcmcnh4j1b5h0000gn/T/tsls-chaos.SOlHTv/data","store":"sqlite","dispatcher_id":"dsp_01m2qg8ztbb2e8hwgccapv92fs","node":"local","node_region":"none","node_memory_mib":"None","max_concurrency":8,"queue":"nats","objects":"filesystem","invoke_async":true,"triggers":true,"target":"tachyon_serverless_application::app"}
{"timestamp":"2026-09-17T10:58:22.670995Z","level":"INFO","message":"startup reconcile finished","provider":"process","found":0,"adopted":0,"terminated":0,"disowned":0,"failed":0,"lost":0,"foreign":0,"reclaimed_dispatchers":0,"fenced_terminated":0,"fenced_pending":0,"target":"tachyon_serverless_application::services::reconcile"}
{"timestamp":"2026-09-17T10:58:22.671209Z","level":"INFO","message":"gateway listening","addr":"127.0.0.1:60096","profile":"dev","provider":"process","target":"tachyon_serverless_gateway"}
{"timestamp":"2026-09-17T10:58:22.673893Z","level":"INFO","message":"asynchronous dispatcher started","workers":2,"owner":"dsp_01m2qg8ztbb2e8hwgccapv92fs","target":"tachyon_serverless_gateway"}
{"timestamp":"2026-09-17T10:58:24.957412Z","level":"INFO","message":"asynchronous run claimed","invocation_id":"inv_01m2qg921arcqraja475m5ckvx","attempt":1,"generation":0,"delivery_count":1,"target":"tachyon_serverless_application::services::invoke_async::dispatch"}
{"timestamp":"2026-09-17T10:58:25.772848Z","level":"INFO","message":"bridge spawned","environment_id":"env_01m2qg921ysdh16g2enm70yk8s","pid":76497,"target":"tachyon_serverless_provider_process"}
{"timestamp":"2026-09-17T10:58:25.819571Z","level":"INFO","message":"invocation finished","invocation_id":"inv_01m2qg921arcqraja475m5ckvx","status":"succeeded (async run)","handler_ms":1,"environment_boot_ms":15,"runtime_init_ms":28,"target":"tachyon_serverless_application::services::invoke"}
{"timestamp":"2026-09-17T10:58:25.822188Z","level":"INFO","message":"terminating bridge","environment_id":"env_01m2qg921ysdh16g2enm70yk8s","pid":76497,"reason":"Completed","graceful":true,"target":"tachyon_serverless_provider_process"}
{"timestamp":"2026-09-17T10:58:25.835797Z","level":"INFO","message":"asynchronous invocation settled","invocation_id":"inv_01m2qg921arcqraja475m5ckvx","status":"succeeded","target":"tachyon_serverless_application::services::invoke_async::dispatch"}
{"timestamp":"2026-09-17T10:58:25.843913Z","level":"INFO","message":"async dispatch: delivery handled","message_id":"inv_01m2qg921arcqraja475m5ckvx","sequence":4,"delivery_count":1,"outcome":"Completed { status: \"succeeded\" }","target":"tachyon_serverless_application::services::invoke_async::dispatch"}
{"timestamp":"2026-09-17T10:58:25.864615Z","level":"INFO","message":"bridge spawned","environment_id":"env_01m2qg9241b3ya1mwptg56cef4","pid":76499,"target":"tachyon_serverless_provider_process"}
{"timestamp":"2026-09-17T10:58:25.910338Z","level":"INFO","message":"invocation finished","invocation_id":"inv_01m2qg923zq5z9tyz84j7xqj0t","status":"succeeded","handler_ms":4,"environment_boot_ms":15,"runtime_init_ms":19,"target":"tachyon_serverless_application::services::invoke"}
{"timestamp":"2026-09-17T10:58:25.913044Z","level":"INFO","message":"terminating bridge","environment_id":"env_01m2qg9241b3ya1mwptg56cef4","pid":76499,"reason":"Completed","graceful":true,"target":"tachyon_serverless_provider_process"}
{"timestamp":"2026-09-17T10:58:26.028184Z","level":"INFO","message":"asynchronous run claimed","invocation_id":"inv_01m2qg932p69y42a04r3jh2ktm","attempt":1,"generation":0,"delivery_count":1,"target":"tachyon_serverless_application::services::invoke_async::dispatch"}
{"timestamp":"2026-09-17T10:58:26.130291Z","level":"INFO","message":"asynchronous invocation accepted","invocation_id":"inv_01m2qg936grdxbyhbr17nzcr5e","tenant_id":"tn_01hzzzzzzzzzzzzzzzzzzzzzza","revision_id":"rev_01m2qg8vfm2a13tyhtqp30dsdw","input_bytes":49,"input_storage":"inline","target":"tachyon_serverless_application::services::invoke_async"}
{"timestamp":"2026-09-17T10:58:26.324465Z","level":"INFO","message":"asynchronous invocation accepted","invocation_id":"inv_01m2qg93bzsyh2p6kd9kh8yj4e","tenant_id":"tn_01hzzzzzzzzzzzzzzzzzzzzzza","revision_id":"rev_01m2qg8vfm2a13tyhtqp30dsdw","input_bytes":4129,"input_storage":"object","target":"tachyon_serverless_application::services::invoke_async"}
{"timestamp":"2026-09-17T10:58:26.452601Z","level":"INFO","message":"asynchronous invocation accepted","invocation_id":"inv_01m2qg93gj0qajk3tygtkct9jx","tenant_id":"tn_01hzzzzzzzzzzzzzzzzzzzzzza","revision_id":"rev_01m2qg8wv98hrm3c54vb950h3f","input_bytes":193,"input_storage":"inline","target":"tachyon_serverless_application::services::invoke_async"}
{"timestamp":"2026-09-17T10:58:26.452721Z","level":"INFO","message":"webhook trigger fired","trigger_id":"trg_01m2qg8zjchzh09dpkks04e1xb","event_id":"evt-pre-b-w1","invocation_id":"inv_01m2qg93gj0qajk3tygtkct9jx","revision_id":"rev_01m2qg8wv98hrm3c54vb950h3f","replayed":false,"target":"tachyon_serverless_application::services::triggers"}
{"timestamp":"2026-09-17T10:58:26.463769Z","level":"INFO","message":"asynchronous run claimed","invocation_id":"inv_01m2qg93gj0qajk3tygtkct9jx","attempt":1,"generation":0,"delivery_count":1,"target":"tachyon_serverless_application::services::invoke_async::dispatch"}
{"timestamp":"2026-09-17T10:58:27.208591Z","level":"INFO","message":"bridge spawned","environment_id":"env_01m2qg933dv1dntr46vmm0nb0q","pid":76588,"target":"tachyon_serverless_provider_process"}
{"timestamp":"2026-09-17T10:58:27.250717Z","level":"INFO","message":"invocation finished","invocation_id":"inv_01m2qg932p69y42a04r3jh2ktm","status":"succeeded (async run)","handler_ms":3,"environment_boot_ms":13,"runtime_init_ms":20,"target":"tachyon_serverless_application::services::invoke"}
{"timestamp":"2026-09-17T10:58:27.252886Z","level":"INFO","message":"terminating bridge","environment_id":"env_01m2qg933dv1dntr46vmm0nb0q","pid":76588,"reason":"Completed","graceful":true,"target":"tachyon_serverless_provider_process"}
{"timestamp":"2026-09-17T10:58:27.262142Z","level":"INFO","message":"asynchronous invocation settled","invocation_id":"inv_01m2qg932p69y42a04r3jh2ktm","status":"succeeded","target":"tachyon_serverless_application::services::invoke_async::dispatch"}
{"timestamp":"2026-09-17T10:58:27.271078Z","level":"INFO","message":"async dispatch: delivery handled","message_id":"inv_01m2qg932p69y42a04r3jh2ktm","sequence":5,"delivery_count":1,"outcome":"Completed { status: \"succeeded\" }","target":"tachyon_serverless_application::services::invoke_async::dispatch"}
{"timestamp":"2026-09-17T10:58:27.404666Z","level":"INFO","message":"bridge spawned","environment_id":"env_01m2qg93h0yg98kypxz5zbxkkt","pid":76599,"target":"tachyon_serverless_provider_process"}
{"timestamp":"2026-09-17T10:58:27.439405Z","level":"INFO","message":"invocation finished","invocation_id":"inv_01m2qg93gj0qajk3tygtkct9jx","status":"succeeded (async run)","handler_ms":2,"environment_boot_ms":11,"runtime_init_ms":17,"target":"tachyon_serverless_application::services::invoke"}
{"timestamp":"2026-09-17T10:58:27.441489Z","level":"INFO","message":"terminating bridge","environment_id":"env_01m2qg93h0yg98kypxz5zbxkkt","pid":76599,"reason":"Completed","graceful":true,"target":"tachyon_serverless_provider_process"}
{"timestamp":"2026-09-17T10:58:27.461318Z","level":"INFO","message":"asynchronous invocation settled","invocation_id":"inv_01m2qg93gj0qajk3tygtkct9jx","status":"succeeded","target":"tachyon_serverless_application::services::invoke_async::dispatch"}
{"timestamp":"2026-09-17T10:58:27.477211Z","level":"INFO","message":"async dispatch: delivery handled","message_id":"inv_01m2qg93gj0qajk3tygtkct9jx","sequence":8,"delivery_count":1,"outcome":"Completed { status: \"succeeded\" }","target":"tachyon_serverless_application::services::invoke_async::dispatch"}
{"timestamp":"2026-09-17T10:58:30.684047Z","level":"INFO","message":"object retention pass","report":"GcReport { examined: 1, collected_expired: 0, collected_orphans: 0, kept_in_use: 0, kept_referenced: 1, incomplete_removed: 0, tombstones_purged: 0, failed: 0 }","target":"tachyon_serverless_gateway"}
{"timestamp":"2026-09-17T10:58:32.678104Z","level":"INFO","message":"object retention pass","report":"GcReport { examined: 2, collected_expired: 0, collected_orphans: 0, kept_in_use: 0, kept_referenced: 2, incomplete_removed: 0, tombstones_purged: 0, failed: 0 }","target":"tachyon_serverless_gateway"}
{"timestamp":"2026-09-17T10:58:34.680410Z","level":"WARN","message":"reclaimed the work of dispatchers that lost their lease","dispatcher_id":"dsp_01m2qg8ztbb2e8hwgccapv92fs","reclaimed_dispatchers":"[DispatcherId(dsp_01m2qg8t66jbt2ms2174j7cwpq)]","leases":1,"invocations":1,"attempts":1,"fenced":1,"target":"tachyon_serverless_application::services::dispatcher"}
{"timestamp":"2026-09-17T10:58:34.680899Z","level":"INFO","message":"object retention pass","report":"GcReport { examined: 2, collected_expired: 0, collected_orphans: 0, kept_in_use: 0, kept_referenced: 2, incomplete_removed: 0, tombstones_purged: 0, failed: 0 }","target":"tachyon_serverless_gateway"}
{"timestamp":"2026-09-17T10:58:34.682169Z","level":"WARN","message":"terminating orphaned bridge","environment_id":"env_01m2qg93n06zjdcjja5qz3jpwv","pid":76601,"target":"tachyon_serverless_provider_process"}
{"timestamp":"2026-09-17T10:58:36.677147Z","level":"INFO","message":"object retention pass","report":"GcReport { examined: 2, collected_expired: 0, collected_orphans: 0, kept_in_use: 0, kept_referenced: 2, incomplete_removed: 0, tombstones_purged: 0, failed: 0 }","target":"tachyon_serverless_gateway"}
{"timestamp":"2026-09-17T10:58:37.728571Z","level":"INFO","message":"fenced environment terminated and settled","environment_id":"env_01m2qg93n06zjdcjja5qz3jpwv","owner":"Some(DispatcherId(dsp_01m2qg8t66jbt2ms2174j7cwpq))","was_running":true,"target":"tachyon_serverless_application::services::reconcile"}
{"timestamp":"2026-09-17T10:58:38.678204Z","level":"INFO","message":"object retention pass","report":"GcReport { examined: 2, collected_expired: 0, collected_orphans: 0, kept_in_use: 0, kept_referenced: 2, incomplete_removed: 0, tombstones_purged: 0, failed: 0 }","target":"tachyon_serverless_gateway"}
{"timestamp":"2026-09-17T10:58:40.678240Z","level":"INFO","message":"object retention pass","report":"GcReport { examined: 2, collected_expired: 0, collected_orphans: 0, kept_in_use: 0, kept_referenced: 2, incomplete_removed: 0, tombstones_purged: 0, failed: 0 }","target":"tachyon_serverless_gateway"}
{"timestamp":"2026-09-17T10:58:42.677862Z","level":"INFO","message":"object retention pass","report":"GcReport { examined: 2, collected_expired: 0, collected_orphans: 0, kept_in_use: 0, kept_referenced: 2, incomplete_removed: 0, tombstones_purged: 0, failed: 0 }","target":"tachyon_serverless_gateway"}
{"timestamp":"2026-09-17T10:58:44.230408Z","level":"INFO","message":"bridge spawned","environment_id":"env_01m2qg9mgr260396q2zkwcjv9v","pid":76941,"target":"tachyon_serverless_provider_process"}
{"timestamp":"2026-09-17T10:58:44.254360Z","level":"INFO","message":"invocation finished","invocation_id":"inv_01m2qg9mgqt9c6brqmevs1cbgk","status":"succeeded","handler_ms":1,"environment_boot_ms":9,"runtime_init_ms":11,"target":"tachyon_serverless_application::services::invoke"}
{"timestamp":"2026-09-17T10:58:44.256429Z","level":"INFO","message":"terminating bridge","environment_id":"env_01m2qg9mgr260396q2zkwcjv9v","pid":76941,"reason":"Completed","graceful":true,"target":"tachyon_serverless_provider_process"}
{"timestamp":"2026-09-17T10:58:44.678031Z","level":"INFO","message":"object retention pass","report":"GcReport { examined: 2, collected_expired: 0, collected_orphans: 0, kept_in_use: 0, kept_referenced: 2, incomplete_removed: 0, tombstones_purged: 0, failed: 0 }","target":"tachyon_serverless_gateway"}
{"timestamp":"2026-09-17T10:58:45.385459Z","level":"INFO","message":"asynchronous run claimed","invocation_id":"inv_01m2qg9nzrttx5157p2gaysh83","attempt":1,"generation":0,"delivery_count":1,"target":"tachyon_serverless_application::services::invoke_async::dispatch"}
{"timestamp":"2026-09-17T10:58:45.691003Z","level":"INFO","message":"asynchronous run claimed","invocation_id":"inv_01m2qg9p9bhqcs5x6x49rcegvd","attempt":1,"generation":0,"delivery_count":1,"target":"tachyon_serverless_application::services::invoke_async::dispatch"}
{"timestamp":"2026-09-17T10:58:45.779811Z","level":"INFO","message":"bridge spawned","environment_id":"env_01m2qg9p095djs0rk3hx4a3m5j","pid":77070,"target":"tachyon_serverless_provider_process"}
{"timestamp":"2026-09-17T10:58:45.785508Z","level":"INFO","message":"SIGTERM received","target":"tachyon_serverless_gateway"}
{"timestamp":"2026-09-17T10:58:45.785638Z","level":"INFO","message":"shutdown requested; cancelling in-flight invocations","target":"tachyon_serverless_gateway"}
{"timestamp":"2026-09-17T10:58:45.785690Z","level":"INFO","message":"cancelling in-flight invocations for shutdown","count":2,"target":"tachyon_serverless_application::services::invoke"}
{"timestamp":"2026-09-17T10:58:45.786937Z","level":"INFO","message":"terminating bridge","environment_id":"env_01m2qg9p095djs0rk3hx4a3m5j","pid":77070,"reason":"Shutdown","graceful":true,"target":"tachyon_serverless_provider_process"}
{"timestamp":"2026-09-17T10:58:46.090877Z","level":"INFO","message":"bridge spawned","environment_id":"env_01m2qg9pa4szcd0kbkspfgvkzx","pid":77078,"target":"tachyon_serverless_provider_process"}
{"timestamp":"2026-09-17T10:58:46.092634Z","level":"INFO","message":"terminating bridge","environment_id":"env_01m2qg9pa4szcd0kbkspfgvkzx","pid":77078,"reason":"Shutdown","graceful":true,"target":"tachyon_serverless_provider_process"}
{"timestamp":"2026-09-17T10:58:46.678297Z","level":"INFO","message":"object retention pass","report":"GcReport { examined: 2, collected_expired: 0, collected_orphans: 0, kept_in_use: 0, kept_referenced: 2, incomplete_removed: 0, tombstones_purged: 0, failed: 0 }","target":"tachyon_serverless_gateway"}
{"timestamp":"2026-09-17T10:58:48.302388Z","level":"INFO","message":"asynchronous invocation rescheduled","invocation_id":"inv_01m2qg9nzrttx5157p2gaysh83","next_attempt_at":"2026-09-17T10:58:48.481415+00:00","counted":false,"error_type":"Host.GatewayShutdown","target":"tachyon_serverless_application::services::invoke_async::dispatch"}
{"timestamp":"2026-09-17T10:58:48.319768Z","level":"INFO","message":"async dispatch: delivery handled","message_id":"inv_01m2qg9nzrttx5157p2gaysh83","sequence":9,"delivery_count":1,"outcome":"Rescheduled { next_attempt_at: 2026-09-17T10:58:48.481415Z, counted: false }","target":"tachyon_serverless_application::services::invoke_async::dispatch"}
{"timestamp":"2026-09-17T10:58:48.616859Z","level":"INFO","message":"asynchronous invocation rescheduled","invocation_id":"inv_01m2qg9p9bhqcs5x6x49rcegvd","next_attempt_at":"2026-09-17T10:58:48.859196+00:00","counted":false,"error_type":"Host.GatewayShutdown","target":"tachyon_serverless_application::services::invoke_async::dispatch"}
{"timestamp":"2026-09-17T10:58:48.624929Z","level":"INFO","message":"async dispatch: delivery handled","message_id":"inv_01m2qg9p9bhqcs5x6x49rcegvd","sequence":11,"delivery_count":1,"outcome":"Rescheduled { next_attempt_at: 2026-09-17T10:58:48.859196Z, counted: false }","target":"tachyon_serverless_application::services::invoke_async::dispatch"}
{"timestamp":"2026-09-17T10:58:48.632668Z","level":"INFO","message":"final usage collection","report":"CollectReport { batches: 1, read: 1, inserted: 1, duplicates: 0, cursor_seq: 72 }","target":"tachyon_serverless_gateway"}
{"timestamp":"2026-09-17T10:58:48.634512Z","level":"INFO","message":"gateway stopped","target":"tachyon_serverless_gateway"}
{"timestamp":"2026-09-17T10:58:48.634959Z","level":"INFO","message":"event: closed","target":"async_nats"}
