
===== a start (failpoints: none) 18:29:35 =====
{"timestamp":"2026-09-17T18:29:35.997879Z","level":"INFO","message":"configuration loaded","config":"/private/var/folders/z7/khzdjrt95cg_fcmcnh4j1b5h0000gn/T/tsls-chaos.OEnnGY/gw-a.toml","target":"tachyon_serverless_gateway"}
{"timestamp":"2026-09-17T18:29:36.000025Z","level":"INFO","message":"connected successfully","server":"52820","max_payload":"1048576","target":"async_nats::connector"}
{"timestamp":"2026-09-17T18:29:36.000134Z","level":"INFO","message":"event: connected","target":"async_nats"}
{"timestamp":"2026-09-17T18:29:36.010981Z","level":"INFO","message":"JetStream queue connected and stream bootstrapped","url":"nats://127.0.0.1:52820","stream":"TACHYON_EVENTS","target":"tachyon_serverless_gateway::durable"}
{"timestamp":"2026-09-17T18:29:36.017285Z","level":"INFO","message":"state store opened","path":"/private/var/folders/z7/khzdjrt95cg_fcmcnh4j1b5h0000gn/T/tsls-chaos.OEnnGY/data/state.db","schema_version":8,"migrations_applied":"[1, 2, 3, 4, 5, 6, 7, 8]","imported_state_json":"None","settled_invocations":0,"settled_attempts":0,"settled_environments":0,"released_leases":0,"dropped_idempotency_keys":0,"purged_idempotency_keys":0,"outputs_purged":0,"target":"tachyon_serverless_application::app"}
{"timestamp":"2026-09-17T18:29:36.019455Z","level":"INFO","message":"log store opened","path":"/private/var/folders/z7/khzdjrt95cg_fcmcnh4j1b5h0000gn/T/tsls-chaos.OEnnGY/data/logs/logs.db","healthy":true,"retention_seconds":604800,"max_total_bytes":1073741824,"target":"tachyon_serverless_application::app"}
{"timestamp":"2026-09-17T18:29:36.019679Z","level":"INFO","message":"dispatcher registered","dispatcher_id":"dsp_01m2ra36mk5y9c4dfkyrvqn8av","instance":"chaos-a","pid":71368,"lease_ttl_seconds":6,"target":"tachyon_serverless_application::services::dispatcher"}
{"timestamp":"2026-09-17T18:29:36.023240Z","level":"INFO","message":"application bootstrapped","profile":"dev","provider":"process","dev_only":true,"environment_reuse":false,"reuse_verified":false,"reuse_reason":"[pool] enabled is false","reuse_disabled":"Some(Configuration)","idle_quiesce":"unsupported","idle_resume":"unsupported","data_dir":"/private/var/folders/z7/khzdjrt95cg_fcmcnh4j1b5h0000gn/T/tsls-chaos.OEnnGY/data","store":"sqlite","dispatcher_id":"dsp_01m2ra36mk5y9c4dfkyrvqn8av","node":"local","node_region":"none","node_memory_mib":"None","max_concurrency":8,"queue":"nats","objects":"filesystem","invoke_async":true,"triggers":true,"target":"tachyon_serverless_application::app"}
{"timestamp":"2026-09-17T18:29:36.023421Z","level":"INFO","message":"startup reconcile finished","provider":"process","found":0,"adopted":0,"terminated":0,"disowned":0,"failed":0,"lost":0,"foreign":0,"reclaimed_dispatchers":0,"fenced_terminated":0,"fenced_pending":0,"target":"tachyon_serverless_application::services::reconcile"}
{"timestamp":"2026-09-17T18:29:36.023481Z","level":"INFO","message":"gateway listening","addr":"127.0.0.1:52824","profile":"dev","provider":"process","target":"tachyon_serverless_gateway"}
{"timestamp":"2026-09-17T18:29:36.024557Z","level":"INFO","message":"asynchronous dispatcher started","workers":2,"owner":"dsp_01m2ra36mk5y9c4dfkyrvqn8av","target":"tachyon_serverless_gateway"}
{"timestamp":"2026-09-17T18:29:36.772316Z","level":"INFO","message":"revision ready","revision_id":"rev_01m2ra377e1h1zvmtcryhyx672","function_id":"fn_01m2ra36x32naqfc4xr2ewpnrz","target":"tachyon_serverless_application::services::revision"}
{"timestamp":"2026-09-17T18:29:37.243752Z","level":"INFO","message":"revision ready","revision_id":"rev_01m2ra37phqkfnbtjg4nxxw7tf","function_id":"fn_01m2ra37cynewnqv5a7zcsry4n","target":"tachyon_serverless_application::services::revision"}
{"timestamp":"2026-09-17T18:29:37.721257Z","level":"INFO","message":"revision ready","revision_id":"rev_01m2ra385fg751yf3hwfr0d6d4","function_id":"fn_01m2ra37vvaj6ede4ezxbrcc22","target":"tachyon_serverless_application::services::revision"}
{"timestamp":"2026-09-17T18:29:37.747530Z","level":"INFO","message":"trigger created","trigger_id":"trg_01m2ra38akrznj53y1824zwvf6","function_id":"fn_01m2ra37cynewnqv5a7zcsry4n","kind":"cron","enabled":true,"next_fire_at":"Some(2026-09-17T18:29:38Z)","target":"tachyon_serverless_application::services::triggers"}
{"timestamp":"2026-09-17T18:29:37.758581Z","level":"INFO","message":"trigger created","trigger_id":"trg_01m2ra38ay5cfp0q5xf720jrj2","function_id":"fn_01m2ra37cynewnqv5a7zcsry4n","kind":"webhook","enabled":true,"next_fire_at":"None","target":"tachyon_serverless_application::services::triggers"}
{"timestamp":"2026-09-17T18:29:37.916937Z","level":"INFO","message":"bridge spawned","environment_id":"env_01m2ra38bjxmfe07bfyxd69z3d","pid":71629,"target":"tachyon_serverless_provider_process"}
{"timestamp":"2026-09-17T18:29:38.004568Z","level":"INFO","message":"asynchronous invocation accepted","invocation_id":"inv_01m2ra38jmpzddwrvf2n47300f","tenant_id":"tn_01hzzzzzzzzzzzzzzzzzzzzzza","revision_id":"rev_01m2ra37phqkfnbtjg4nxxw7tf","input_bytes":180,"input_storage":"inline","target":"tachyon_serverless_application::services::invoke_async"}
{"timestamp":"2026-09-17T18:29:38.004606Z","level":"INFO","message":"cron trigger fired","trigger_id":"trg_01m2ra38akrznj53y1824zwvf6","scheduled_at":"2026-09-17T18:29:38Z","invocation_id":"inv_01m2ra38jmpzddwrvf2n47300f","revision_id":"rev_01m2ra37phqkfnbtjg4nxxw7tf","replayed":false,"target":"tachyon_serverless_application::services::triggers"}
{"timestamp":"2026-09-17T18:29:38.015601Z","level":"INFO","message":"asynchronous run claimed","invocation_id":"inv_01m2ra38jmpzddwrvf2n47300f","attempt":1,"generation":0,"delivery_count":1,"target":"tachyon_serverless_application::services::invoke_async::dispatch"}
{"timestamp":"2026-09-17T18:29:38.152727Z","level":"INFO","message":"bridge spawned","environment_id":"env_01m2ra38jzn97j06kszteeksv7","pid":71631,"target":"tachyon_serverless_provider_process"}
{"timestamp":"2026-09-17T18:29:38.285702Z","level":"INFO","message":"invocation finished","invocation_id":"inv_01m2ra38bjm8dp15c21824gnhc","status":"succeeded","handler_ms":1,"environment_boot_ms":4,"runtime_init_ms":362,"target":"tachyon_serverless_application::services::invoke"}
{"timestamp":"2026-09-17T18:29:38.286225Z","level":"INFO","message":"invocation finished","invocation_id":"inv_01m2ra38jmpzddwrvf2n47300f","status":"succeeded (async run)","handler_ms":1,"environment_boot_ms":4,"runtime_init_ms":128,"target":"tachyon_serverless_application::services::invoke"}
{"timestamp":"2026-09-17T18:29:38.287779Z","level":"INFO","message":"terminating bridge","environment_id":"env_01m2ra38jzn97j06kszteeksv7","pid":71631,"reason":"Completed","graceful":true,"target":"tachyon_serverless_provider_process"}
{"timestamp":"2026-09-17T18:29:38.287822Z","level":"INFO","message":"terminating bridge","environment_id":"env_01m2ra38bjxmfe07bfyxd69z3d","pid":71629,"reason":"Completed","graceful":true,"target":"tachyon_serverless_provider_process"}
{"timestamp":"2026-09-17T18:29:38.291323Z","level":"INFO","message":"asynchronous invocation settled","invocation_id":"inv_01m2ra38jmpzddwrvf2n47300f","status":"succeeded","target":"tachyon_serverless_application::services::invoke_async::dispatch"}
{"timestamp":"2026-09-17T18:29:38.298889Z","level":"INFO","message":"async dispatch: delivery handled","message_id":"inv_01m2ra38jmpzddwrvf2n47300f","sequence":1,"delivery_count":1,"outcome":"Completed { status: \"succeeded\" }","target":"tachyon_serverless_application::services::invoke_async::dispatch"}
{"timestamp":"2026-09-17T18:29:38.339198Z","level":"INFO","message":"asynchronous invocation accepted","invocation_id":"inv_01m2ra38x2776mx5nmvc9556s2","tenant_id":"tn_01hzzzzzzzzzzzzzzzzzzzzzza","revision_id":"rev_01m2ra377e1h1zvmtcryhyx672","input_bytes":47,"input_storage":"inline","target":"tachyon_serverless_application::services::invoke_async"}
{"timestamp":"2026-09-17T18:29:38.345364Z","level":"INFO","message":"asynchronous run claimed","invocation_id":"inv_01m2ra38x2776mx5nmvc9556s2","attempt":1,"generation":0,"delivery_count":1,"target":"tachyon_serverless_application::services::invoke_async::dispatch"}
{"timestamp":"2026-09-17T18:29:38.402421Z","level":"INFO","message":"asynchronous invocation accepted","invocation_id":"inv_01m2ra38ykzmm8nxep0b4fxpzx","tenant_id":"tn_01hzzzzzzzzzzzzzzzzzzzzzza","revision_id":"rev_01m2ra377e1h1zvmtcryhyx672","input_bytes":4127,"input_storage":"object","target":"tachyon_serverless_application::services::invoke_async"}
{"timestamp":"2026-09-17T18:29:38.412579Z","level":"INFO","message":"asynchronous run claimed","invocation_id":"inv_01m2ra38ykzmm8nxep0b4fxpzx","attempt":1,"generation":0,"delivery_count":1,"target":"tachyon_serverless_application::services::invoke_async::dispatch"}
{"timestamp":"2026-09-17T18:29:38.439645Z","level":"INFO","message":"asynchronous invocation accepted","invocation_id":"inv_01m2ra3907h1hhd9jcmnh2jhj2","tenant_id":"tn_01hzzzzzzzzzzzzzzzzzzzzzza","revision_id":"rev_01m2ra37phqkfnbtjg4nxxw7tf","input_bytes":189,"input_storage":"inline","target":"tachyon_serverless_application::services::invoke_async"}
{"timestamp":"2026-09-17T18:29:38.439683Z","level":"INFO","message":"webhook trigger fired","trigger_id":"trg_01m2ra38ay5cfp0q5xf720jrj2","event_id":"evt-pre-w1","invocation_id":"inv_01m2ra3907h1hhd9jcmnh2jhj2","revision_id":"rev_01m2ra37phqkfnbtjg4nxxw7tf","replayed":false,"target":"tachyon_serverless_application::services::triggers"}
{"timestamp":"2026-09-17T18:29:38.506365Z","level":"INFO","message":"bridge spawned","environment_id":"env_01m2ra38x9b3z2fb33nvgtn17s","pid":71707,"target":"tachyon_serverless_provider_process"}
{"timestamp":"2026-09-17T18:29:38.570270Z","level":"INFO","message":"bridge spawned","environment_id":"env_01m2ra38zern6n7ythvzfqk417","pid":71709,"target":"tachyon_serverless_provider_process"}
{"timestamp":"2026-09-17T18:29:38.605040Z","level":"INFO","message":"bridge spawned","environment_id":"env_01m2ra3910rv80bsfkqy4evyvv","pid":71711,"target":"tachyon_serverless_provider_process"}
{"timestamp":"2026-09-17T18:29:38.614820Z","level":"INFO","message":"invocation finished","invocation_id":"inv_01m2ra390zy6v6xv0j718zfg2d","status":"succeeded","handler_ms":0,"environment_boot_ms":3,"runtime_init_ms":4,"target":"tachyon_serverless_application::services::invoke"}
{"timestamp":"2026-09-17T18:29:38.616238Z","level":"INFO","message":"terminating bridge","environment_id":"env_01m2ra3910rv80bsfkqy4evyvv","pid":71711,"reason":"Completed","graceful":true,"target":"tachyon_serverless_provider_process"}
{"timestamp":"2026-09-17T18:29:38.664004Z","level":"INFO","message":"asynchronous invocation accepted","invocation_id":"inv_01m2ra3977tcctqa281y0z6vbt","tenant_id":"tn_01hzzzzzzzzzzzzzzzzzzzzzza","revision_id":"rev_01m2ra377e1h1zvmtcryhyx672","input_bytes":47,"input_storage":"inline","target":"tachyon_serverless_application::services::invoke_async"}
{"timestamp":"2026-09-17T18:29:38.724087Z","level":"INFO","message":"asynchronous invocation accepted","invocation_id":"inv_01m2ra398nx1xvmajzxdr1s9sg","tenant_id":"tn_01hzzzzzzzzzzzzzzzzzzzzzza","revision_id":"rev_01m2ra377e1h1zvmtcryhyx672","input_bytes":4127,"input_storage":"object","target":"tachyon_serverless_application::services::invoke_async"}
{"timestamp":"2026-09-17T18:29:38.751406Z","level":"INFO","message":"asynchronous invocation accepted","invocation_id":"inv_01m2ra399yhmyt9tz03znrp1gn","tenant_id":"tn_01hzzzzzzzzzzzzzzzzzzzzzza","revision_id":"rev_01m2ra37phqkfnbtjg4nxxw7tf","input_bytes":189,"input_storage":"inline","target":"tachyon_serverless_application::services::invoke_async"}
{"timestamp":"2026-09-17T18:29:38.751441Z","level":"INFO","message":"webhook trigger fired","trigger_id":"trg_01m2ra38ay5cfp0q5xf720jrj2","event_id":"evt-pre-w2","invocation_id":"inv_01m2ra399yhmyt9tz03znrp1gn","revision_id":"rev_01m2ra37phqkfnbtjg4nxxw7tf","replayed":false,"target":"tachyon_serverless_application::services::triggers"}
{"timestamp":"2026-09-17T18:29:38.840417Z","level":"INFO","message":"invocation finished","invocation_id":"inv_01m2ra38x2776mx5nmvc9556s2","status":"succeeded (async run)","handler_ms":1,"environment_boot_ms":3,"runtime_init_ms":328,"target":"tachyon_serverless_application::services::invoke"}
{"timestamp":"2026-09-17T18:29:38.841149Z","level":"INFO","message":"invocation finished","invocation_id":"inv_01m2ra38ykzmm8nxep0b4fxpzx","status":"succeeded (async run)","handler_ms":1,"environment_boot_ms":3,"runtime_init_ms":264,"target":"tachyon_serverless_application::services::invoke"}
{"timestamp":"2026-09-17T18:29:38.842673Z","level":"INFO","message":"terminating bridge","environment_id":"env_01m2ra38zern6n7ythvzfqk417","pid":71709,"reason":"Completed","graceful":true,"target":"tachyon_serverless_provider_process"}
{"timestamp":"2026-09-17T18:29:38.842718Z","level":"INFO","message":"terminating bridge","environment_id":"env_01m2ra38x9b3z2fb33nvgtn17s","pid":71707,"reason":"Completed","graceful":true,"target":"tachyon_serverless_provider_process"}
{"timestamp":"2026-09-17T18:29:38.845957Z","level":"INFO","message":"asynchronous invocation settled","invocation_id":"inv_01m2ra38x2776mx5nmvc9556s2","status":"succeeded","target":"tachyon_serverless_application::services::invoke_async::dispatch"}
{"timestamp":"2026-09-17T18:29:38.846494Z","level":"INFO","message":"asynchronous invocation settled","invocation_id":"inv_01m2ra38ykzmm8nxep0b4fxpzx","status":"succeeded","target":"tachyon_serverless_application::services::invoke_async::dispatch"}
{"timestamp":"2026-09-17T18:29:38.850611Z","level":"INFO","message":"async dispatch: delivery handled","message_id":"inv_01m2ra38x2776mx5nmvc9556s2","sequence":2,"delivery_count":1,"outcome":"Completed { status: \"succeeded\" }","target":"tachyon_serverless_application::services::invoke_async::dispatch"}
{"timestamp":"2026-09-17T18:29:38.858773Z","level":"INFO","message":"async dispatch: delivery handled","message_id":"inv_01m2ra38ykzmm8nxep0b4fxpzx","sequence":3,"delivery_count":1,"outcome":"Completed { status: \"succeeded\" }","target":"tachyon_serverless_application::services::invoke_async::dispatch"}
{"timestamp":"2026-09-17T18:29:38.859151Z","level":"INFO","message":"asynchronous run claimed","invocation_id":"inv_01m2ra3907h1hhd9jcmnh2jhj2","attempt":1,"generation":0,"delivery_count":1,"target":"tachyon_serverless_application::services::invoke_async::dispatch"}
{"timestamp":"2026-09-17T18:29:38.859453Z","level":"INFO","message":"asynchronous run claimed","invocation_id":"inv_01m2ra3977tcctqa281y0z6vbt","attempt":1,"generation":0,"delivery_count":1,"target":"tachyon_serverless_application::services::invoke_async::dispatch"}
{"timestamp":"2026-09-17T18:29:38.998196Z","level":"INFO","message":"bridge spawned","environment_id":"env_01m2ra39db2erh0zaddz2dex6r","pid":71784,"target":"tachyon_serverless_provider_process"}
{"timestamp":"2026-09-17T18:29:39.008271Z","level":"INFO","message":"bridge spawned","environment_id":"env_01m2ra39dbx2pf3jvs121zctga","pid":71786,"target":"tachyon_serverless_provider_process"}
{"timestamp":"2026-09-17T18:29:39.008296Z","level":"INFO","message":"invocation finished","invocation_id":"inv_01m2ra3907h1hhd9jcmnh2jhj2","status":"succeeded (async run)","handler_ms":0,"environment_boot_ms":4,"runtime_init_ms":5,"target":"tachyon_serverless_application::services::invoke"}
{"timestamp":"2026-09-17T18:29:39.009807Z","level":"INFO","message":"terminating bridge","environment_id":"env_01m2ra39db2erh0zaddz2dex6r","pid":71784,"reason":"Completed","graceful":true,"target":"tachyon_serverless_provider_process"}
{"timestamp":"2026-09-17T18:29:39.012453Z","level":"INFO","message":"asynchronous invocation settled","invocation_id":"inv_01m2ra3907h1hhd9jcmnh2jhj2","status":"succeeded","target":"tachyon_serverless_application::services::invoke_async::dispatch"}
{"timestamp":"2026-09-17T18:29:39.017773Z","level":"INFO","message":"async dispatch: delivery handled","message_id":"inv_01m2ra3907h1hhd9jcmnh2jhj2","sequence":4,"delivery_count":1,"outcome":"Completed { status: \"succeeded\" }","target":"tachyon_serverless_application::services::invoke_async::dispatch"}
{"timestamp":"2026-09-17T18:29:39.018286Z","level":"INFO","message":"asynchronous run claimed","invocation_id":"inv_01m2ra398nx1xvmajzxdr1s9sg","attempt":1,"generation":0,"delivery_count":1,"target":"tachyon_serverless_application::services::invoke_async::dispatch"}
{"timestamp":"2026-09-17T18:29:39.023927Z","level":"INFO","message":"invocation finished","invocation_id":"inv_01m2ra3977tcctqa281y0z6vbt","status":"succeeded (async run)","handler_ms":0,"environment_boot_ms":4,"runtime_init_ms":9,"target":"tachyon_serverless_application::services::invoke"}
{"timestamp":"2026-09-17T18:29:39.025434Z","level":"INFO","message":"terminating bridge","environment_id":"env_01m2ra39dbx2pf3jvs121zctga","pid":71786,"reason":"Completed","graceful":true,"target":"tachyon_serverless_provider_process"}
{"timestamp":"2026-09-17T18:29:39.028368Z","level":"INFO","message":"asynchronous invocation settled","invocation_id":"inv_01m2ra3977tcctqa281y0z6vbt","status":"succeeded","target":"tachyon_serverless_application::services::invoke_async::dispatch"}
{"timestamp":"2026-09-17T18:29:39.033768Z","level":"INFO","message":"async dispatch: delivery handled","message_id":"inv_01m2ra3977tcctqa281y0z6vbt","sequence":5,"delivery_count":1,"outcome":"Completed { status: \"succeeded\" }","target":"tachyon_serverless_application::services::invoke_async::dispatch"}
{"timestamp":"2026-09-17T18:29:39.034512Z","level":"INFO","message":"asynchronous run claimed","invocation_id":"inv_01m2ra399yhmyt9tz03znrp1gn","attempt":1,"generation":0,"delivery_count":1,"target":"tachyon_serverless_application::services::invoke_async::dispatch"}
{"timestamp":"2026-09-17T18:29:39.168558Z","level":"INFO","message":"bridge spawned","environment_id":"env_01m2ra39jb4p0jmq11met4fta3","pid":71791,"target":"tachyon_serverless_provider_process"}
{"timestamp":"2026-09-17T18:29:39.177181Z","level":"INFO","message":"bridge spawned","environment_id":"env_01m2ra39jtyc1kvcs1vsesf0f2","pid":71792,"target":"tachyon_serverless_provider_process"}
{"timestamp":"2026-09-17T18:29:39.185663Z","level":"INFO","message":"invocation finished","invocation_id":"inv_01m2ra398nx1xvmajzxdr1s9sg","status":"succeeded (async run)","handler_ms":1,"environment_boot_ms":4,"runtime_init_ms":10,"target":"tachyon_serverless_application::services::invoke"}
{"timestamp":"2026-09-17T18:29:39.187453Z","level":"INFO","message":"terminating bridge","environment_id":"env_01m2ra39jb4p0jmq11met4fta3","pid":71791,"reason":"Completed","graceful":true,"target":"tachyon_serverless_provider_process"}
{"timestamp":"2026-09-17T18:29:39.188178Z","level":"INFO","message":"invocation finished","invocation_id":"inv_01m2ra399yhmyt9tz03znrp1gn","status":"succeeded (async run)","handler_ms":0,"environment_boot_ms":7,"runtime_init_ms":5,"target":"tachyon_serverless_application::services::invoke"}
{"timestamp":"2026-09-17T18:29:39.189129Z","level":"INFO","message":"terminating bridge","environment_id":"env_01m2ra39jtyc1kvcs1vsesf0f2","pid":71792,"reason":"Completed","graceful":true,"target":"tachyon_serverless_provider_process"}
{"timestamp":"2026-09-17T18:29:39.190468Z","level":"INFO","message":"asynchronous invocation settled","invocation_id":"inv_01m2ra398nx1xvmajzxdr1s9sg","status":"succeeded","target":"tachyon_serverless_application::services::invoke_async::dispatch"}
{"timestamp":"2026-09-17T18:29:39.195641Z","level":"INFO","message":"asynchronous invocation settled","invocation_id":"inv_01m2ra399yhmyt9tz03znrp1gn","status":"succeeded","target":"tachyon_serverless_application::services::invoke_async::dispatch"}
{"timestamp":"2026-09-17T18:29:39.195719Z","level":"INFO","message":"async dispatch: delivery handled","message_id":"inv_01m2ra398nx1xvmajzxdr1s9sg","sequence":6,"delivery_count":1,"outcome":"Completed { status: \"succeeded\" }","target":"tachyon_serverless_application::services::invoke_async::dispatch"}
{"timestamp":"2026-09-17T18:29:39.200661Z","level":"INFO","message":"async dispatch: delivery handled","message_id":"inv_01m2ra399yhmyt9tz03znrp1gn","sequence":7,"delivery_count":1,"outcome":"Completed { status: \"succeeded\" }","target":"tachyon_serverless_application::services::invoke_async::dispatch"}
{"timestamp":"2026-09-17T18:29:40.004016Z","level":"INFO","message":"asynchronous invocation accepted","invocation_id":"inv_01m2ra3ah34kfzd5nzbk065rjs","tenant_id":"tn_01hzzzzzzzzzzzzzzzzzzzzzza","revision_id":"rev_01m2ra37phqkfnbtjg4nxxw7tf","input_bytes":180,"input_storage":"inline","target":"tachyon_serverless_application::services::invoke_async"}
{"timestamp":"2026-09-17T18:29:40.004060Z","level":"INFO","message":"cron trigger fired","trigger_id":"trg_01m2ra38akrznj53y1824zwvf6","scheduled_at":"2026-09-17T18:29:40Z","invocation_id":"inv_01m2ra3ah34kfzd5nzbk065rjs","revision_id":"rev_01m2ra37phqkfnbtjg4nxxw7tf","replayed":false,"target":"tachyon_serverless_application::services::triggers"}
{"timestamp":"2026-09-17T18:29:40.012453Z","level":"INFO","message":"asynchronous run claimed","invocation_id":"inv_01m2ra3ah34kfzd5nzbk065rjs","attempt":1,"generation":0,"delivery_count":1,"target":"tachyon_serverless_application::services::invoke_async::dispatch"}
{"timestamp":"2026-09-17T18:29:40.155332Z","level":"INFO","message":"bridge spawned","environment_id":"env_01m2ra3ahcfmcs7q30xxqjkn48","pid":71799,"target":"tachyon_serverless_provider_process"}
{"timestamp":"2026-09-17T18:29:40.165148Z","level":"INFO","message":"invocation finished","invocation_id":"inv_01m2ra3ah34kfzd5nzbk065rjs","status":"succeeded (async run)","handler_ms":0,"environment_boot_ms":4,"runtime_init_ms":4,"target":"tachyon_serverless_application::services::invoke"}
{"timestamp":"2026-09-17T18:29:40.166722Z","level":"INFO","message":"terminating bridge","environment_id":"env_01m2ra3ahcfmcs7q30xxqjkn48","pid":71799,"reason":"Completed","graceful":true,"target":"tachyon_serverless_provider_process"}
{"timestamp":"2026-09-17T18:29:40.169103Z","level":"INFO","message":"asynchronous invocation settled","invocation_id":"inv_01m2ra3ah34kfzd5nzbk065rjs","status":"succeeded","target":"tachyon_serverless_application::services::invoke_async::dispatch"}
{"timestamp":"2026-09-17T18:29:40.176248Z","level":"INFO","message":"async dispatch: delivery handled","message_id":"inv_01m2ra3ah34kfzd5nzbk065rjs","sequence":8,"delivery_count":1,"outcome":"Completed { status: \"succeeded\" }","target":"tachyon_serverless_application::services::invoke_async::dispatch"}
{"timestamp":"2026-09-17T18:29:46.357063Z","level":"WARN","message":"cannot take the trigger scheduler lease","error":"store: database is locked","target":"tachyon_serverless_application::services::triggers"}
{"timestamp":"2026-09-17T18:29:51.359457Z","level":"WARN","message":"object gc: claim failed","object":"obj_01m2ra398n3mdc67j9av6ex26p","error":"store: the store connection stayed busy for 5 s (database locked?)","target":"tachyon_serverless_application::durable::gc"}
{"timestamp":"2026-09-17T18:29:51.360172Z","level":"WARN","message":"outbox: claiming failed","error":"store: the store connection stayed busy for 5 s (database locked?)","target":"tachyon_serverless_application::services::invoke_async::publisher"}
{"timestamp":"2026-09-17T18:29:51.360674Z","level":"WARN","message":"cannot take the trigger scheduler lease","error":"store: the store connection stayed busy for 5 s (database locked?)","target":"tachyon_serverless_application::services::triggers"}
{"timestamp":"2026-09-17T18:29:51.360677Z","level":"WARN","message":"async reaper: listing candidates failed","error":"store: the store connection stayed busy for 5 s (database locked?)","target":"tachyon_serverless_application::services::invoke_async::dispatch"}
{"timestamp":"2026-09-17T18:29:51.732496Z","level":"WARN","message":"dispatcher heartbeat failed","error":"store: database is locked","target":"tachyon_serverless_application::app"}
{"timestamp":"2026-09-17T18:29:52.950131Z","level":"INFO","message":"object retention pass","report":"GcReport { examined: 2, collected_expired: 0, collected_orphans: 0, kept_in_use: 0, kept_referenced: 1, incomplete_removed: 0, tombstones_purged: 0, failed: 1 }","target":"tachyon_serverless_gateway"}
{"timestamp":"2026-09-17T18:29:52.950759Z","level":"WARN","message":"dispatcher lease renewed after the store was unavailable","dispatcher_id":"dsp_01m2ra36mk5y9c4dfkyrvqn8av","outage_started_at":"Some(2026-09-17T18:29:46.357273Z)","failed_heartbeats":1,"revived":true,"leases":0,"target":"tachyon_serverless_application::services::dispatcher"}
{"timestamp":"2026-09-17T18:29:52.951304Z","level":"INFO","message":"object retention pass","report":"GcReport { examined: 2, collected_expired: 0, collected_orphans: 0, kept_in_use: 0, kept_referenced: 2, incomplete_removed: 0, tombstones_purged: 0, failed: 0 }","target":"tachyon_serverless_gateway"}
{"timestamp":"2026-09-17T18:29:52.951542Z","level":"INFO","message":"late scheduled times skipped by the missed-run policy","trigger_id":"trg_01m2ra38akrznj53y1824zwvf6","skipped":5,"policy":"Skip","target":"tachyon_serverless_application::services::triggers"}
{"timestamp":"2026-09-17T18:29:52.952333Z","level":"INFO","message":"asynchronous invocation accepted","invocation_id":"inv_01m2ra3q5qcxhn8hvc6xy19d6j","tenant_id":"tn_01hzzzzzzzzzzzzzzzzzzzzzza","revision_id":"rev_01m2ra377e1h1zvmtcryhyx672","input_bytes":49,"input_storage":"inline","target":"tachyon_serverless_application::services::invoke_async"}
{"timestamp":"2026-09-17T18:29:52.954567Z","level":"INFO","message":"asynchronous invocation accepted","invocation_id":"inv_01m2ra3q5s8kxkyrpf6f8ar60a","tenant_id":"tn_01hzzzzzzzzzzzzzzzzzzzzzza","revision_id":"rev_01m2ra37phqkfnbtjg4nxxw7tf","input_bytes":180,"input_storage":"inline","target":"tachyon_serverless_application::services::invoke_async"}
{"timestamp":"2026-09-17T18:29:52.954599Z","level":"INFO","message":"cron trigger fired","trigger_id":"trg_01m2ra38akrznj53y1824zwvf6","scheduled_at":"2026-09-17T18:29:52Z","invocation_id":"inv_01m2ra3q5s8kxkyrpf6f8ar60a","revision_id":"rev_01m2ra37phqkfnbtjg4nxxw7tf","replayed":false,"target":"tachyon_serverless_application::services::triggers"}
{"timestamp":"2026-09-17T18:29:52.965463Z","level":"INFO","message":"asynchronous run claimed","invocation_id":"inv_01m2ra3q5qcxhn8hvc6xy19d6j","attempt":1,"generation":0,"delivery_count":1,"target":"tachyon_serverless_application::services::invoke_async::dispatch"}
{"timestamp":"2026-09-17T18:29:52.971801Z","level":"INFO","message":"asynchronous run claimed","invocation_id":"inv_01m2ra3q5s8kxkyrpf6f8ar60a","attempt":1,"generation":0,"delivery_count":1,"target":"tachyon_serverless_application::services::invoke_async::dispatch"}
{"timestamp":"2026-09-17T18:29:53.090293Z","level":"INFO","message":"bridge spawned","environment_id":"env_01m2ra3q5rs1a8r2hkamvefn8k","pid":72213,"target":"tachyon_serverless_provider_process"}
{"timestamp":"2026-09-17T18:29:53.100242Z","level":"INFO","message":"invocation finished","invocation_id":"inv_01m2ra3q5rx3mb5zn6har1dgvc","status":"succeeded","handler_ms":0,"environment_boot_ms":4,"runtime_init_ms":4,"target":"tachyon_serverless_application::services::invoke"}
{"timestamp":"2026-09-17T18:29:53.101794Z","level":"INFO","message":"terminating bridge","environment_id":"env_01m2ra3q5rs1a8r2hkamvefn8k","pid":72213,"reason":"Completed","graceful":true,"target":"tachyon_serverless_provider_process"}
{"timestamp":"2026-09-17T18:29:53.108211Z","level":"INFO","message":"bridge spawned","environment_id":"env_01m2ra3q6b9h5kq0a7sp4mwfkf","pid":72219,"target":"tachyon_serverless_provider_process"}
{"timestamp":"2026-09-17T18:29:53.115103Z","level":"INFO","message":"bridge spawned","environment_id":"env_01m2ra3q6691ybdyfp87h6h8v8","pid":72229,"target":"tachyon_serverless_provider_process"}
{"timestamp":"2026-09-17T18:29:53.117658Z","level":"INFO","message":"invocation finished","invocation_id":"inv_01m2ra3q5s8kxkyrpf6f8ar60a","status":"succeeded (async run)","handler_ms":0,"environment_boot_ms":3,"runtime_init_ms":4,"target":"tachyon_serverless_application::services::invoke"}
{"timestamp":"2026-09-17T18:29:53.118992Z","level":"INFO","message":"terminating bridge","environment_id":"env_01m2ra3q6b9h5kq0a7sp4mwfkf","pid":72219,"reason":"Completed","graceful":true,"target":"tachyon_serverless_provider_process"}
{"timestamp":"2026-09-17T18:29:53.121497Z","level":"INFO","message":"asynchronous invocation settled","invocation_id":"inv_01m2ra3q5s8kxkyrpf6f8ar60a","status":"succeeded","target":"tachyon_serverless_application::services::invoke_async::dispatch"}
{"timestamp":"2026-09-17T18:29:53.126669Z","level":"INFO","message":"async dispatch: delivery handled","message_id":"inv_01m2ra3q5s8kxkyrpf6f8ar60a","sequence":10,"delivery_count":1,"outcome":"Completed { status: \"succeeded\" }","target":"tachyon_serverless_application::services::invoke_async::dispatch"}
{"timestamp":"2026-09-17T18:29:53.128263Z","level":"INFO","message":"invocation finished","invocation_id":"inv_01m2ra3q5qcxhn8hvc6xy19d6j","status":"succeeded (async run)","handler_ms":1,"environment_boot_ms":3,"runtime_init_ms":7,"target":"tachyon_serverless_application::services::invoke"}
{"timestamp":"2026-09-17T18:29:53.129277Z","level":"INFO","message":"terminating bridge","environment_id":"env_01m2ra3q6691ybdyfp87h6h8v8","pid":72229,"reason":"Completed","graceful":true,"target":"tachyon_serverless_provider_process"}
{"timestamp":"2026-09-17T18:29:53.131872Z","level":"INFO","message":"asynchronous invocation settled","invocation_id":"inv_01m2ra3q5qcxhn8hvc6xy19d6j","status":"succeeded","target":"tachyon_serverless_application::services::invoke_async::dispatch"}
{"timestamp":"2026-09-17T18:29:53.137810Z","level":"INFO","message":"async dispatch: delivery handled","message_id":"inv_01m2ra3q5qcxhn8hvc6xy19d6j","sequence":9,"delivery_count":1,"outcome":"Completed { status: \"succeeded\" }","target":"tachyon_serverless_application::services::invoke_async::dispatch"}
{"timestamp":"2026-09-17T18:29:53.316474Z","level":"INFO","message":"bridge spawned","environment_id":"env_01m2ra3qcxh3hkedx0ynkna18d","pid":72282,"target":"tachyon_serverless_provider_process"}
{"timestamp":"2026-09-17T18:29:53.325424Z","level":"INFO","message":"invocation finished","invocation_id":"inv_01m2ra3qcwaxqejt6s20ch7ywr","status":"succeeded","handler_ms":0,"environment_boot_ms":3,"runtime_init_ms":4,"target":"tachyon_serverless_application::services::invoke"}
{"timestamp":"2026-09-17T18:29:53.327025Z","level":"INFO","message":"terminating bridge","environment_id":"env_01m2ra3qcxh3hkedx0ynkna18d","pid":72282,"reason":"Completed","graceful":true,"target":"tachyon_serverless_provider_process"}
{"timestamp":"2026-09-17T18:29:53.569422Z","level":"INFO","message":"bridge spawned","environment_id":"env_01m2ra3qmr9s8sd6d8g8anx6cd","pid":72329,"target":"tachyon_serverless_provider_process"}
{"timestamp":"2026-09-17T18:29:53.579250Z","level":"INFO","message":"invocation finished","invocation_id":"inv_01m2ra3qmrjsrmfamn9fqrgpjp","status":"succeeded","handler_ms":0,"environment_boot_ms":4,"runtime_init_ms":4,"target":"tachyon_serverless_application::services::invoke"}
{"timestamp":"2026-09-17T18:29:53.580807Z","level":"INFO","message":"terminating bridge","environment_id":"env_01m2ra3qmr9s8sd6d8g8anx6cd","pid":72329,"reason":"Completed","graceful":true,"target":"tachyon_serverless_provider_process"}
{"timestamp":"2026-09-17T18:29:53.626915Z","level":"INFO","message":"asynchronous invocation accepted","invocation_id":"inv_01m2ra3qttcm7s037v9dq610g4","tenant_id":"tn_01hzzzzzzzzzzzzzzzzzzzzzza","revision_id":"rev_01m2ra377e1h1zvmtcryhyx672","input_bytes":48,"input_storage":"inline","target":"tachyon_serverless_application::services::invoke_async"}
{"timestamp":"2026-09-17T18:29:53.633891Z","level":"INFO","message":"asynchronous run claimed","invocation_id":"inv_01m2ra3qttcm7s037v9dq610g4","attempt":1,"generation":0,"delivery_count":1,"target":"tachyon_serverless_application::services::invoke_async::dispatch"}
{"timestamp":"2026-09-17T18:29:53.687692Z","level":"INFO","message":"asynchronous invocation accepted","invocation_id":"inv_01m2ra3qw7c1cs898dsf5faac7","tenant_id":"tn_01hzzzzzzzzzzzzzzzzzzzzzza","revision_id":"rev_01m2ra377e1h1zvmtcryhyx672","input_bytes":4128,"input_storage":"object","target":"tachyon_serverless_application::services::invoke_async"}
{"timestamp":"2026-09-17T18:29:53.692846Z","level":"INFO","message":"asynchronous run claimed","invocation_id":"inv_01m2ra3qw7c1cs898dsf5faac7","attempt":1,"generation":0,"delivery_count":1,"target":"tachyon_serverless_application::services::invoke_async::dispatch"}
{"timestamp":"2026-09-17T18:29:53.714886Z","level":"INFO","message":"asynchronous invocation accepted","invocation_id":"inv_01m2ra3qxjsr4rwrrqbhnvf31c","tenant_id":"tn_01hzzzzzzzzzzzzzzzzzzzzzza","revision_id":"rev_01m2ra37phqkfnbtjg4nxxw7tf","input_bytes":191,"input_storage":"inline","target":"tachyon_serverless_application::services::invoke_async"}
{"timestamp":"2026-09-17T18:29:53.714927Z","level":"INFO","message":"webhook trigger fired","trigger_id":"trg_01m2ra38ay5cfp0q5xf720jrj2","event_id":"evt-post-w1","invocation_id":"inv_01m2ra3qxjsr4rwrrqbhnvf31c","revision_id":"rev_01m2ra37phqkfnbtjg4nxxw7tf","replayed":false,"target":"tachyon_serverless_application::services::triggers"}
{"timestamp":"2026-09-17T18:29:53.785809Z","level":"INFO","message":"bridge spawned","environment_id":"env_01m2ra3qv5rc3wxpj32bxdstv2","pid":72403,"target":"tachyon_serverless_provider_process"}
{"timestamp":"2026-09-17T18:29:53.795787Z","level":"INFO","message":"invocation finished","invocation_id":"inv_01m2ra3qttcm7s037v9dq610g4","status":"succeeded (async run)","handler_ms":0,"environment_boot_ms":3,"runtime_init_ms":4,"target":"tachyon_serverless_application::services::invoke"}
{"timestamp":"2026-09-17T18:29:53.797290Z","level":"INFO","message":"terminating bridge","environment_id":"env_01m2ra3qv5rc3wxpj32bxdstv2","pid":72403,"reason":"Completed","graceful":true,"target":"tachyon_serverless_provider_process"}
{"timestamp":"2026-09-17T18:29:53.799642Z","level":"INFO","message":"asynchronous invocation settled","invocation_id":"inv_01m2ra3qttcm7s037v9dq610g4","status":"succeeded","target":"tachyon_serverless_application::services::invoke_async::dispatch"}
{"timestamp":"2026-09-17T18:29:53.805105Z","level":"INFO","message":"async dispatch: delivery handled","message_id":"inv_01m2ra3qttcm7s037v9dq610g4","sequence":11,"delivery_count":1,"outcome":"Completed { status: \"succeeded\" }","target":"tachyon_serverless_application::services::invoke_async::dispatch"}
{"timestamp":"2026-09-17T18:29:53.805501Z","level":"INFO","message":"asynchronous run claimed","invocation_id":"inv_01m2ra3qxjsr4rwrrqbhnvf31c","attempt":1,"generation":0,"delivery_count":1,"target":"tachyon_serverless_application::services::invoke_async::dispatch"}
{"timestamp":"2026-09-17T18:29:53.843337Z","level":"INFO","message":"bridge spawned","environment_id":"env_01m2ra3qwy0tka287ktqn5pnj2","pid":72405,"target":"tachyon_serverless_provider_process"}
{"timestamp":"2026-09-17T18:29:53.853760Z","level":"INFO","message":"invocation finished","invocation_id":"inv_01m2ra3qw7c1cs898dsf5faac7","status":"succeeded (async run)","handler_ms":1,"environment_boot_ms":4,"runtime_init_ms":4,"target":"tachyon_serverless_application::services::invoke"}
{"timestamp":"2026-09-17T18:29:53.855265Z","level":"INFO","message":"terminating bridge","environment_id":"env_01m2ra3qwy0tka287ktqn5pnj2","pid":72405,"reason":"Completed","graceful":true,"target":"tachyon_serverless_provider_process"}
{"timestamp":"2026-09-17T18:29:53.858080Z","level":"INFO","message":"asynchronous invocation settled","invocation_id":"inv_01m2ra3qw7c1cs898dsf5faac7","status":"succeeded","target":"tachyon_serverless_application::services::invoke_async::dispatch"}
{"timestamp":"2026-09-17T18:29:53.863166Z","level":"INFO","message":"async dispatch: delivery handled","message_id":"inv_01m2ra3qw7c1cs898dsf5faac7","sequence":12,"delivery_count":1,"outcome":"Completed { status: \"succeeded\" }","target":"tachyon_serverless_application::services::invoke_async::dispatch"}
{"timestamp":"2026-09-17T18:29:53.867303Z","level":"INFO","message":"bridge spawned","environment_id":"env_01m2ra3qy27jn40wtwk7t8fdy7","pid":72407,"target":"tachyon_serverless_provider_process"}
{"timestamp":"2026-09-17T18:29:53.876478Z","level":"INFO","message":"invocation finished","invocation_id":"inv_01m2ra3qy28z8t4p5v7m64bs5f","status":"succeeded","handler_ms":0,"environment_boot_ms":3,"runtime_init_ms":4,"target":"tachyon_serverless_application::services::invoke"}
{"timestamp":"2026-09-17T18:29:53.877983Z","level":"INFO","message":"terminating bridge","environment_id":"env_01m2ra3qy27jn40wtwk7t8fdy7","pid":72407,"reason":"Completed","graceful":true,"target":"tachyon_serverless_provider_process"}
{"timestamp":"2026-09-17T18:29:53.925312Z","level":"INFO","message":"asynchronous invocation accepted","invocation_id":"inv_01m2ra3r44hdbvme3et4bfhwgv","tenant_id":"tn_01hzzzzzzzzzzzzzzzzzzzzzza","revision_id":"rev_01m2ra377e1h1zvmtcryhyx672","input_bytes":48,"input_storage":"inline","target":"tachyon_serverless_application::services::invoke_async"}
{"timestamp":"2026-09-17T18:29:53.931701Z","level":"INFO","message":"asynchronous run claimed","invocation_id":"inv_01m2ra3r44hdbvme3et4bfhwgv","attempt":1,"generation":0,"delivery_count":1,"target":"tachyon_serverless_application::services::invoke_async::dispatch"}
{"timestamp":"2026-09-17T18:29:53.942486Z","level":"INFO","message":"bridge spawned","environment_id":"env_01m2ra3r0dwbybb8g4he8g2xh2","pid":72440,"target":"tachyon_serverless_provider_process"}
{"timestamp":"2026-09-17T18:29:53.957830Z","level":"INFO","message":"invocation finished","invocation_id":"inv_01m2ra3qxjsr4rwrrqbhnvf31c","status":"succeeded (async run)","handler_ms":0,"environment_boot_ms":3,"runtime_init_ms":4,"target":"tachyon_serverless_application::services::invoke"}
{"timestamp":"2026-09-17T18:29:53.959354Z","level":"INFO","message":"terminating bridge","environment_id":"env_01m2ra3r0dwbybb8g4he8g2xh2","pid":72440,"reason":"Completed","graceful":true,"target":"tachyon_serverless_provider_process"}
{"timestamp":"2026-09-17T18:29:53.962065Z","level":"INFO","message":"asynchronous invocation settled","invocation_id":"inv_01m2ra3qxjsr4rwrrqbhnvf31c","status":"succeeded","target":"tachyon_serverless_application::services::invoke_async::dispatch"}
{"timestamp":"2026-09-17T18:29:53.967164Z","level":"INFO","message":"async dispatch: delivery handled","message_id":"inv_01m2ra3qxjsr4rwrrqbhnvf31c","sequence":13,"delivery_count":1,"outcome":"Completed { status: \"succeeded\" }","target":"tachyon_serverless_application::services::invoke_async::dispatch"}
{"timestamp":"2026-09-17T18:29:53.984634Z","level":"INFO","message":"asynchronous invocation accepted","invocation_id":"inv_01m2ra3r5je1tqen74cn8er5k2","tenant_id":"tn_01hzzzzzzzzzzzzzzzzzzzzzza","revision_id":"rev_01m2ra377e1h1zvmtcryhyx672","input_bytes":4128,"input_storage":"object","target":"tachyon_serverless_application::services::invoke_async"}
{"timestamp":"2026-09-17T18:29:53.989844Z","level":"INFO","message":"asynchronous run claimed","invocation_id":"inv_01m2ra3r5je1tqen74cn8er5k2","attempt":1,"generation":0,"delivery_count":1,"target":"tachyon_serverless_application::services::invoke_async::dispatch"}
{"timestamp":"2026-09-17T18:29:54.003909Z","level":"INFO","message":"asynchronous invocation accepted","invocation_id":"inv_01m2ra3r6k0zyczkrg45ekb326","tenant_id":"tn_01hzzzzzzzzzzzzzzzzzzzzzza","revision_id":"rev_01m2ra37phqkfnbtjg4nxxw7tf","input_bytes":180,"input_storage":"inline","target":"tachyon_serverless_application::services::invoke_async"}
{"timestamp":"2026-09-17T18:29:54.003953Z","level":"INFO","message":"cron trigger fired","trigger_id":"trg_01m2ra38akrznj53y1824zwvf6","scheduled_at":"2026-09-17T18:29:54Z","invocation_id":"inv_01m2ra3r6k0zyczkrg45ekb326","revision_id":"rev_01m2ra37phqkfnbtjg4nxxw7tf","replayed":false,"target":"tachyon_serverless_application::services::triggers"}
{"timestamp":"2026-09-17T18:29:54.013443Z","level":"INFO","message":"asynchronous invocation accepted","invocation_id":"inv_01m2ra3r6xkz62f4xj2wx4wahb","tenant_id":"tn_01hzzzzzzzzzzzzzzzzzzzzzza","revision_id":"rev_01m2ra37phqkfnbtjg4nxxw7tf","input_bytes":191,"input_storage":"inline","target":"tachyon_serverless_application::services::invoke_async"}
{"timestamp":"2026-09-17T18:29:54.013471Z","level":"INFO","message":"webhook trigger fired","trigger_id":"trg_01m2ra38ay5cfp0q5xf720jrj2","event_id":"evt-post-w2","invocation_id":"inv_01m2ra3r6xkz62f4xj2wx4wahb","revision_id":"rev_01m2ra37phqkfnbtjg4nxxw7tf","replayed":false,"target":"tachyon_serverless_application::services::triggers"}
{"timestamp":"2026-09-17T18:29:54.028042Z","level":"INFO","message":"object retention pass","report":"GcReport { examined: 2, collected_expired: 0, collected_orphans: 0, kept_in_use: 0, kept_referenced: 2, incomplete_removed: 0, tombstones_purged: 0, failed: 0 }","target":"tachyon_serverless_gateway"}
{"timestamp":"2026-09-17T18:29:54.080691Z","level":"INFO","message":"bridge spawned","environment_id":"env_01m2ra3r4bngfz628te61chmng","pid":72482,"target":"tachyon_serverless_provider_process"}
{"timestamp":"2026-09-17T18:29:54.089980Z","level":"INFO","message":"invocation finished","invocation_id":"inv_01m2ra3r44hdbvme3et4bfhwgv","status":"succeeded (async run)","handler_ms":0,"environment_boot_ms":3,"runtime_init_ms":4,"target":"tachyon_serverless_application::services::invoke"}
{"timestamp":"2026-09-17T18:29:54.091504Z","level":"INFO","message":"terminating bridge","environment_id":"env_01m2ra3r4bngfz628te61chmng","pid":72482,"reason":"Completed","graceful":true,"target":"tachyon_serverless_provider_process"}
{"timestamp":"2026-09-17T18:29:54.093803Z","level":"INFO","message":"asynchronous invocation settled","invocation_id":"inv_01m2ra3r44hdbvme3et4bfhwgv","status":"succeeded","target":"tachyon_serverless_application::services::invoke_async::dispatch"}
{"timestamp":"2026-09-17T18:29:54.099222Z","level":"INFO","message":"async dispatch: delivery handled","message_id":"inv_01m2ra3r44hdbvme3et4bfhwgv","sequence":14,"delivery_count":1,"outcome":"Completed { status: \"succeeded\" }","target":"tachyon_serverless_application::services::invoke_async::dispatch"}
{"timestamp":"2026-09-17T18:29:54.099633Z","level":"INFO","message":"asynchronous run claimed","invocation_id":"inv_01m2ra3r6k0zyczkrg45ekb326","attempt":1,"generation":0,"delivery_count":1,"target":"tachyon_serverless_application::services::invoke_async::dispatch"}
{"timestamp":"2026-09-17T18:29:54.139403Z","level":"INFO","message":"bridge spawned","environment_id":"env_01m2ra3r676zhaydknp0bs8ce5","pid":72487,"target":"tachyon_serverless_provider_process"}
{"timestamp":"2026-09-17T18:29:54.148863Z","level":"INFO","message":"invocation finished","invocation_id":"inv_01m2ra3r5je1tqen74cn8er5k2","status":"succeeded (async run)","handler_ms":0,"environment_boot_ms":3,"runtime_init_ms":4,"target":"tachyon_serverless_application::services::invoke"}
{"timestamp":"2026-09-17T18:29:54.150391Z","level":"INFO","message":"terminating bridge","environment_id":"env_01m2ra3r676zhaydknp0bs8ce5","pid":72487,"reason":"Completed","graceful":true,"target":"tachyon_serverless_provider_process"}
{"timestamp":"2026-09-17T18:29:54.152653Z","level":"INFO","message":"asynchronous invocation settled","invocation_id":"inv_01m2ra3r5je1tqen74cn8er5k2","status":"succeeded","target":"tachyon_serverless_application::services::invoke_async::dispatch"}
{"timestamp":"2026-09-17T18:29:54.158150Z","level":"INFO","message":"async dispatch: delivery handled","message_id":"inv_01m2ra3r5je1tqen74cn8er5k2","sequence":15,"delivery_count":1,"outcome":"Completed { status: \"succeeded\" }","target":"tachyon_serverless_application::services::invoke_async::dispatch"}
{"timestamp":"2026-09-17T18:29:54.158533Z","level":"INFO","message":"asynchronous run claimed","invocation_id":"inv_01m2ra3r6xkz62f4xj2wx4wahb","attempt":1,"generation":0,"delivery_count":1,"target":"tachyon_serverless_application::services::invoke_async::dispatch"}
{"timestamp":"2026-09-17T18:29:54.234607Z","level":"INFO","message":"bridge spawned","environment_id":"env_01m2ra3r9kkxdcshc0trn1wkzd","pid":72489,"target":"tachyon_serverless_provider_process"}
{"timestamp":"2026-09-17T18:29:54.243898Z","level":"INFO","message":"invocation finished","invocation_id":"inv_01m2ra3r6k0zyczkrg45ekb326","status":"succeeded (async run)","handler_ms":0,"environment_boot_ms":3,"runtime_init_ms":4,"target":"tachyon_serverless_application::services::invoke"}
{"timestamp":"2026-09-17T18:29:54.245423Z","level":"INFO","message":"terminating bridge","environment_id":"env_01m2ra3r9kkxdcshc0trn1wkzd","pid":72489,"reason":"Completed","graceful":true,"target":"tachyon_serverless_provider_process"}
{"timestamp":"2026-09-17T18:29:54.247636Z","level":"INFO","message":"asynchronous invocation settled","invocation_id":"inv_01m2ra3r6k0zyczkrg45ekb326","status":"succeeded","target":"tachyon_serverless_application::services::invoke_async::dispatch"}
{"timestamp":"2026-09-17T18:29:54.253129Z","level":"INFO","message":"async dispatch: delivery handled","message_id":"inv_01m2ra3r6k0zyczkrg45ekb326","sequence":16,"delivery_count":1,"outcome":"Completed { status: \"succeeded\" }","target":"tachyon_serverless_application::services::invoke_async::dispatch"}
{"timestamp":"2026-09-17T18:29:54.295217Z","level":"INFO","message":"bridge spawned","environment_id":"env_01m2ra3rbe2qxfkc6aycyyrckr","pid":72491,"target":"tachyon_serverless_provider_process"}
{"timestamp":"2026-09-17T18:29:54.304380Z","level":"INFO","message":"invocation finished","invocation_id":"inv_01m2ra3r6xkz62f4xj2wx4wahb","status":"succeeded (async run)","handler_ms":0,"environment_boot_ms":3,"runtime_init_ms":4,"target":"tachyon_serverless_application::services::invoke"}
{"timestamp":"2026-09-17T18:29:54.305999Z","level":"INFO","message":"terminating bridge","environment_id":"env_01m2ra3rbe2qxfkc6aycyyrckr","pid":72491,"reason":"Completed","graceful":true,"target":"tachyon_serverless_provider_process"}
{"timestamp":"2026-09-17T18:29:54.308193Z","level":"INFO","message":"asynchronous invocation settled","invocation_id":"inv_01m2ra3r6xkz62f4xj2wx4wahb","status":"succeeded","target":"tachyon_serverless_application::services::invoke_async::dispatch"}
{"timestamp":"2026-09-17T18:29:54.314382Z","level":"INFO","message":"async dispatch: delivery handled","message_id":"inv_01m2ra3r6xkz62f4xj2wx4wahb","sequence":17,"delivery_count":1,"outcome":"Completed { status: \"succeeded\" }","target":"tachyon_serverless_application::services::invoke_async::dispatch"}
{"timestamp":"2026-09-17T18:29:56.003896Z","level":"INFO","message":"asynchronous invocation accepted","invocation_id":"inv_01m2ra3t53mxtna935ymz0tgdf","tenant_id":"tn_01hzzzzzzzzzzzzzzzzzzzzzza","revision_id":"rev_01m2ra37phqkfnbtjg4nxxw7tf","input_bytes":180,"input_storage":"inline","target":"tachyon_serverless_application::services::invoke_async"}
{"timestamp":"2026-09-17T18:29:56.003929Z","level":"INFO","message":"cron trigger fired","trigger_id":"trg_01m2ra38akrznj53y1824zwvf6","scheduled_at":"2026-09-17T18:29:56Z","invocation_id":"inv_01m2ra3t53mxtna935ymz0tgdf","revision_id":"rev_01m2ra37phqkfnbtjg4nxxw7tf","replayed":false,"target":"tachyon_serverless_application::services::triggers"}
{"timestamp":"2026-09-17T18:29:56.011677Z","level":"INFO","message":"asynchronous run claimed","invocation_id":"inv_01m2ra3t53mxtna935ymz0tgdf","attempt":1,"generation":0,"delivery_count":1,"target":"tachyon_serverless_application::services::invoke_async::dispatch"}
{"timestamp":"2026-09-17T18:29:56.027385Z","level":"INFO","message":"object retention pass","report":"GcReport { examined: 2, collected_expired: 0, collected_orphans: 0, kept_in_use: 0, kept_referenced: 2, incomplete_removed: 0, tombstones_purged: 0, failed: 0 }","target":"tachyon_serverless_gateway"}
{"timestamp":"2026-09-17T18:29:56.152483Z","level":"INFO","message":"bridge spawned","environment_id":"env_01m2ra3t5bq443n4gr8t8d12xj","pid":72498,"target":"tachyon_serverless_provider_process"}
{"timestamp":"2026-09-17T18:29:56.161933Z","level":"INFO","message":"invocation finished","invocation_id":"inv_01m2ra3t53mxtna935ymz0tgdf","status":"succeeded (async run)","handler_ms":0,"environment_boot_ms":4,"runtime_init_ms":4,"target":"tachyon_serverless_application::services::invoke"}
{"timestamp":"2026-09-17T18:29:56.163483Z","level":"INFO","message":"terminating bridge","environment_id":"env_01m2ra3t5bq443n4gr8t8d12xj","pid":72498,"reason":"Completed","graceful":true,"target":"tachyon_serverless_provider_process"}
{"timestamp":"2026-09-17T18:29:56.165866Z","level":"INFO","message":"asynchronous invocation settled","invocation_id":"inv_01m2ra3t53mxtna935ymz0tgdf","status":"succeeded","target":"tachyon_serverless_application::services::invoke_async::dispatch"}
{"timestamp":"2026-09-17T18:29:56.172527Z","level":"INFO","message":"async dispatch: delivery handled","message_id":"inv_01m2ra3t53mxtna935ymz0tgdf","sequence":18,"delivery_count":1,"outcome":"Completed { status: \"succeeded\" }","target":"tachyon_serverless_application::services::invoke_async::dispatch"}
{"timestamp":"2026-09-17T18:29:58.004167Z","level":"INFO","message":"asynchronous invocation accepted","invocation_id":"inv_01m2ra3w3kaa525k7svyj395de","tenant_id":"tn_01hzzzzzzzzzzzzzzzzzzzzzza","revision_id":"rev_01m2ra37phqkfnbtjg4nxxw7tf","input_bytes":180,"input_storage":"inline","target":"tachyon_serverless_application::services::invoke_async"}
{"timestamp":"2026-09-17T18:29:58.004203Z","level":"INFO","message":"cron trigger fired","trigger_id":"trg_01m2ra38akrznj53y1824zwvf6","scheduled_at":"2026-09-17T18:29:58Z","invocation_id":"inv_01m2ra3w3kaa525k7svyj395de","revision_id":"rev_01m2ra37phqkfnbtjg4nxxw7tf","replayed":false,"target":"tachyon_serverless_application::services::triggers"}
{"timestamp":"2026-09-17T18:29:58.010905Z","level":"INFO","message":"asynchronous run claimed","invocation_id":"inv_01m2ra3w3kaa525k7svyj395de","attempt":1,"generation":0,"delivery_count":1,"target":"tachyon_serverless_application::services::invoke_async::dispatch"}
{"timestamp":"2026-09-17T18:29:58.028117Z","level":"INFO","message":"object retention pass","report":"GcReport { examined: 2, collected_expired: 0, collected_orphans: 0, kept_in_use: 0, kept_referenced: 2, incomplete_removed: 0, tombstones_purged: 0, failed: 0 }","target":"tachyon_serverless_gateway"}
{"timestamp":"2026-09-17T18:29:58.151523Z","level":"INFO","message":"bridge spawned","environment_id":"env_01m2ra3w3v7f8hfwm55jbahcvf","pid":72503,"target":"tachyon_serverless_provider_process"}
{"timestamp":"2026-09-17T18:29:58.161994Z","level":"INFO","message":"invocation finished","invocation_id":"inv_01m2ra3w3kaa525k7svyj395de","status":"succeeded (async run)","handler_ms":0,"environment_boot_ms":5,"runtime_init_ms":4,"target":"tachyon_serverless_application::services::invoke"}
{"timestamp":"2026-09-17T18:29:58.163526Z","level":"INFO","message":"terminating bridge","environment_id":"env_01m2ra3w3v7f8hfwm55jbahcvf","pid":72503,"reason":"Completed","graceful":true,"target":"tachyon_serverless_provider_process"}
{"timestamp":"2026-09-17T18:29:58.165931Z","level":"INFO","message":"asynchronous invocation settled","invocation_id":"inv_01m2ra3w3kaa525k7svyj395de","status":"succeeded","target":"tachyon_serverless_application::services::invoke_async::dispatch"}
{"timestamp":"2026-09-17T18:29:58.171935Z","level":"INFO","message":"async dispatch: delivery handled","message_id":"inv_01m2ra3w3kaa525k7svyj395de","sequence":19,"delivery_count":1,"outcome":"Completed { status: \"succeeded\" }","target":"tachyon_serverless_application::services::invoke_async::dispatch"}
{"timestamp":"2026-09-17T18:29:59.087521Z","level":"INFO","message":"trigger updated","trigger_id":"trg_01m2ra38akrznj53y1824zwvf6","generation":2,"status":"disabled","next_fire_at":"None","rotated_secret":false,"target":"tachyon_serverless_application::services::triggers"}
{"timestamp":"2026-09-17T18:30:00.027681Z","level":"INFO","message":"object retention pass","report":"GcReport { examined: 4, collected_expired: 0, collected_orphans: 0, kept_in_use: 0, kept_referenced: 4, incomplete_removed: 0, tombstones_purged: 0, failed: 0 }","target":"tachyon_serverless_gateway"}
{"timestamp":"2026-09-17T18:30:00.140276Z","level":"INFO","message":"SIGTERM received","target":"tachyon_serverless_gateway"}
{"timestamp":"2026-09-17T18:30:00.140306Z","level":"INFO","message":"shutdown requested; cancelling in-flight invocations","target":"tachyon_serverless_gateway"}
{"timestamp":"2026-09-17T18:30:00.140561Z","level":"INFO","message":"final usage collection","report":"CollectReport { batches: 0, read: 0, inserted: 0, duplicates: 0, cursor_seq: 125 }","target":"tachyon_serverless_gateway"}
{"timestamp":"2026-09-17T18:30:00.141911Z","level":"INFO","message":"gateway stopped","target":"tachyon_serverless_gateway"}
{"timestamp":"2026-09-17T18:30:00.142004Z","level":"INFO","message":"event: closed","target":"async_nats"}
