
===== b start (failpoints: none) 15:47:29 =====
{"timestamp":"2026-09-17T15:47:29.317529Z","level":"INFO","message":"configuration loaded","config":"/home/takanorifukuyama.guest/w/tsls-chaos.zyn2rq/gw-b.toml","target":"tachyon_serverless_gateway"}
{"timestamp":"2026-09-17T15:47:29.324420Z","level":"INFO","message":"connected successfully","server":"39607","max_payload":"1048576","target":"async_nats::connector"}
{"timestamp":"2026-09-17T15:47:29.324689Z","level":"INFO","message":"event: connected","target":"async_nats"}
{"timestamp":"2026-09-17T15:47:29.477127Z","level":"INFO","message":"JetStream queue connected and stream bootstrapped","url":"nats://127.0.0.1:39607","stream":"TACHYON_EVENTS","target":"tachyon_serverless_gateway::durable"}
{"timestamp":"2026-09-17T15:47:29.480295Z","level":"INFO","message":"state store opened","path":"/home/takanorifukuyama.guest/w/tsls-chaos.zyn2rq/data/state.db","schema_version":8,"migrations_applied":"[]","imported_state_json":"None","settled_invocations":0,"settled_attempts":0,"settled_environments":0,"released_leases":0,"dropped_idempotency_keys":0,"purged_idempotency_keys":0,"outputs_purged":0,"target":"tachyon_serverless_application::app"}
{"timestamp":"2026-09-17T15:47:29.515786Z","level":"INFO","message":"log store opened","path":"/home/takanorifukuyama.guest/w/tsls-chaos.zyn2rq/data/logs/logs.db","healthy":true,"retention_seconds":604800,"max_total_bytes":1073741824,"target":"tachyon_serverless_application::app"}
{"timestamp":"2026-09-17T15:47:29.526129Z","level":"INFO","message":"dispatcher registered","dispatcher_id":"dsp_01m2r0tc3bhhk2z6qnz3mtvn3s","instance":"chaos-b","pid":289162,"lease_ttl_seconds":6,"target":"tachyon_serverless_application::services::dispatcher"}
{"timestamp":"2026-09-17T15:47:29.529104Z","level":"INFO","message":"application bootstrapped","profile":"dev","provider":"firecracker","dev_only":false,"environment_reuse":true,"reuse_verified":true,"reuse_reason":"the provider reports both idle capabilities as supported and [pool] enabled is true","reuse_disabled":"None","idle_quiesce":"supported","idle_resume":"supported","data_dir":"/home/takanorifukuyama.guest/w/tsls-chaos.zyn2rq/data","store":"sqlite","dispatcher_id":"dsp_01m2r0tc3bhhk2z6qnz3mtvn3s","node":"local","node_region":"none","node_memory_mib":"None","max_concurrency":8,"queue":"nats","objects":"filesystem","invoke_async":true,"triggers":true,"target":"tachyon_serverless_application::app"}
{"timestamp":"2026-09-17T15:47:29.538123Z","level":"INFO","message":"startup reconcile finished","provider":"firecracker","found":0,"adopted":0,"terminated":0,"disowned":0,"failed":0,"lost":0,"foreign":0,"reclaimed_dispatchers":0,"fenced_terminated":0,"fenced_pending":0,"target":"tachyon_serverless_application::services::reconcile"}
{"timestamp":"2026-09-17T15:47:29.538337Z","level":"INFO","message":"gateway listening","addr":"127.0.0.1:52673","profile":"dev","provider":"firecracker","target":"tachyon_serverless_gateway"}
{"timestamp":"2026-09-17T15:47:29.541233Z","level":"INFO","message":"asynchronous dispatcher started","workers":2,"owner":"dsp_01m2r0tc3bhhk2z6qnz3mtvn3s","target":"tachyon_serverless_gateway"}
{"timestamp":"2026-09-17T15:47:30.251254Z","level":"INFO","message":"asynchronous run claimed","invocation_id":"inv_01m2r0tckd3v7cwf1ds0m4jk1h","attempt":1,"generation":0,"delivery_count":1,"target":"tachyon_serverless_application::services::invoke_async::dispatch"}
{"timestamp":"2026-09-17T15:47:30.686533Z","level":"INFO","message":"firecracker spawned","env_id":"env_01m2r0tctepcpyb6k1960r071b","pid":289188,"instance_id":"env-01m2r0tctepcpyb6k1960r071b","jailed":true,"cgroup":"/sys/fs/cgroup/tachyon/env_01m2r0tctepcpyb6k1960r071b","target":"tachyon_serverless_provider_firecracker::provider"}
{"timestamp":"2026-09-17T15:47:30.803343Z","level":"INFO","message":"InstanceStart accepted","env_id":"env_01m2r0tctepcpyb6k1960r071b","vcpus":1,"mem_mib":256,"scratch_bytes":268435456,"target":"tachyon_serverless_provider_firecracker::provider"}
{"timestamp":"2026-09-17T15:47:34.096250Z","level":"INFO","message":"asynchronous run claimed","invocation_id":"inv_01m2r0tgfyx281r0edn8c6yk3w","attempt":1,"generation":0,"delivery_count":1,"target":"tachyon_serverless_application::services::invoke_async::dispatch"}
{"timestamp":"2026-09-17T15:47:34.394307Z","level":"INFO","message":"firecracker spawned","env_id":"env_01m2r0tgjh995xnzyh0yj5181a","pid":289212,"instance_id":"env-01m2r0tgjh995xnzyh0yj5181a","jailed":true,"cgroup":"/sys/fs/cgroup/tachyon/env_01m2r0tgjh995xnzyh0yj5181a","target":"tachyon_serverless_provider_firecracker::provider"}
{"timestamp":"2026-09-17T15:47:34.466329Z","level":"INFO","message":"InstanceStart accepted","env_id":"env_01m2r0tgjh995xnzyh0yj5181a","vcpus":1,"mem_mib":256,"scratch_bytes":268435456,"target":"tachyon_serverless_provider_firecracker::provider"}
{"timestamp":"2026-09-17T15:47:49.560378Z","level":"INFO","message":"invocation finished","invocation_id":"inv_01m2r0tckd3v7cwf1ds0m4jk1h","status":"succeeded (async run)","handler_ms":477,"environment_boot_ms":17060,"runtime_init_ms":1612,"target":"tachyon_serverless_application::services::invoke"}
{"timestamp":"2026-09-17T15:47:49.567454Z","level":"INFO","message":"asynchronous invocation settled","invocation_id":"inv_01m2r0tckd3v7cwf1ds0m4jk1h","status":"succeeded","target":"tachyon_serverless_application::services::invoke_async::dispatch"}
{"timestamp":"2026-09-17T15:47:49.567932Z","level":"INFO","message":"async dispatch: delivery handled","message_id":"inv_01m2r0tckd3v7cwf1ds0m4jk1h","sequence":1,"delivery_count":1,"outcome":"Completed { status: \"succeeded\" }","target":"tachyon_serverless_application::services::invoke_async::dispatch"}
{"timestamp":"2026-09-17T15:47:49.571925Z","level":"INFO","message":"async dispatch: delivery handled","message_id":"inv_01m2r0tejjm8bqspxvv7d37h4v","sequence":2,"delivery_count":2,"outcome":"Skipped(\"claimed\")","target":"tachyon_serverless_application::services::invoke_async::dispatch"}
{"timestamp":"2026-09-17T15:47:49.573612Z","level":"INFO","message":"async dispatch: delivery handled","message_id":"inv_01m2r0tgfyx281r0edn8c6yk3w","sequence":3,"delivery_count":2,"outcome":"Skipped(\"claimed\")","target":"tachyon_serverless_application::services::invoke_async::dispatch"}
{"timestamp":"2026-09-17T15:47:49.575313Z","level":"INFO","message":"async dispatch: delivery handled","message_id":"inv_01m2r0tjfy7wa78abz35brngaw","sequence":4,"delivery_count":2,"outcome":"Skipped(\"claimed\")","target":"tachyon_serverless_application::services::invoke_async::dispatch"}
{"timestamp":"2026-09-17T15:47:49.578544Z","level":"INFO","message":"asynchronous run claimed","invocation_id":"inv_01m2r0tmcv57am4wb2y76yj4e9","attempt":1,"generation":0,"delivery_count":1,"target":"tachyon_serverless_application::services::invoke_async::dispatch"}
{"timestamp":"2026-09-17T15:47:49.773973Z","level":"INFO","message":"invocation finished","invocation_id":"inv_01m2r0tmcv57am4wb2y76yj4e9","status":"succeeded (async run)","handler_ms":181,"environment_boot_ms":0,"runtime_init_ms":0,"target":"tachyon_serverless_application::services::invoke"}
{"timestamp":"2026-09-17T15:47:49.779930Z","level":"INFO","message":"asynchronous invocation settled","invocation_id":"inv_01m2r0tmcv57am4wb2y76yj4e9","status":"succeeded","target":"tachyon_serverless_application::services::invoke_async::dispatch"}
{"timestamp":"2026-09-17T15:47:49.781845Z","level":"INFO","message":"async dispatch: delivery handled","message_id":"inv_01m2r0tmcv57am4wb2y76yj4e9","sequence":5,"delivery_count":1,"outcome":"Completed { status: \"succeeded\" }","target":"tachyon_serverless_application::services::invoke_async::dispatch"}
{"timestamp":"2026-09-17T15:47:49.785931Z","level":"INFO","message":"asynchronous run claimed","invocation_id":"inv_01m2r0tpbbts2b5twj42bbby6d","attempt":1,"generation":0,"delivery_count":1,"target":"tachyon_serverless_application::services::invoke_async::dispatch"}
{"timestamp":"2026-09-17T15:47:49.979386Z","level":"INFO","message":"invocation finished","invocation_id":"inv_01m2r0tpbbts2b5twj42bbby6d","status":"succeeded (async run)","handler_ms":170,"environment_boot_ms":0,"runtime_init_ms":0,"target":"tachyon_serverless_application::services::invoke"}
{"timestamp":"2026-09-17T15:47:49.992231Z","level":"INFO","message":"asynchronous invocation settled","invocation_id":"inv_01m2r0tpbbts2b5twj42bbby6d","status":"succeeded","target":"tachyon_serverless_application::services::invoke_async::dispatch"}
{"timestamp":"2026-09-17T15:47:49.995374Z","level":"INFO","message":"async dispatch: delivery handled","message_id":"inv_01m2r0tpbbts2b5twj42bbby6d","sequence":6,"delivery_count":1,"outcome":"Completed { status: \"succeeded\" }","target":"tachyon_serverless_application::services::invoke_async::dispatch"}
{"timestamp":"2026-09-17T15:47:49.999017Z","level":"INFO","message":"asynchronous run claimed","invocation_id":"inv_01m2r0trag46vmxg282733j4rn","attempt":1,"generation":0,"delivery_count":1,"target":"tachyon_serverless_application::services::invoke_async::dispatch"}
{"timestamp":"2026-09-17T15:47:50.261809Z","level":"INFO","message":"invocation finished","invocation_id":"inv_01m2r0trag46vmxg282733j4rn","status":"succeeded (async run)","handler_ms":228,"environment_boot_ms":0,"runtime_init_ms":0,"target":"tachyon_serverless_application::services::invoke"}
{"timestamp":"2026-09-17T15:47:50.268364Z","level":"INFO","message":"asynchronous invocation settled","invocation_id":"inv_01m2r0trag46vmxg282733j4rn","status":"succeeded","target":"tachyon_serverless_application::services::invoke_async::dispatch"}
{"timestamp":"2026-09-17T15:47:50.271529Z","level":"INFO","message":"async dispatch: delivery handled","message_id":"inv_01m2r0trag46vmxg282733j4rn","sequence":7,"delivery_count":1,"outcome":"Completed { status: \"succeeded\" }","target":"tachyon_serverless_application::services::invoke_async::dispatch"}
{"timestamp":"2026-09-17T15:47:50.275778Z","level":"INFO","message":"asynchronous run claimed","invocation_id":"inv_01m2r0tt8aj5k12hwhtvajgpps","attempt":1,"generation":0,"delivery_count":1,"target":"tachyon_serverless_application::services::invoke_async::dispatch"}
{"timestamp":"2026-09-17T15:47:50.468737Z","level":"INFO","message":"invocation finished","invocation_id":"inv_01m2r0tt8aj5k12hwhtvajgpps","status":"succeeded (async run)","handler_ms":180,"environment_boot_ms":0,"runtime_init_ms":0,"target":"tachyon_serverless_application::services::invoke"}
{"timestamp":"2026-09-17T15:47:50.474099Z","level":"INFO","message":"asynchronous invocation settled","invocation_id":"inv_01m2r0tt8aj5k12hwhtvajgpps","status":"succeeded","target":"tachyon_serverless_application::services::invoke_async::dispatch"}
{"timestamp":"2026-09-17T15:47:50.475475Z","level":"INFO","message":"async dispatch: delivery handled","message_id":"inv_01m2r0tt8aj5k12hwhtvajgpps","sequence":8,"delivery_count":1,"outcome":"Completed { status: \"succeeded\" }","target":"tachyon_serverless_application::services::invoke_async::dispatch"}
{"timestamp":"2026-09-17T15:47:50.478889Z","level":"INFO","message":"asynchronous run claimed","invocation_id":"inv_01m2r0tw7x33pq4g4hye11ghfh","attempt":1,"generation":0,"delivery_count":1,"target":"tachyon_serverless_application::services::invoke_async::dispatch"}
{"timestamp":"2026-09-17T15:47:50.760968Z","level":"INFO","message":"invocation finished","invocation_id":"inv_01m2r0tw7x33pq4g4hye11ghfh","status":"succeeded (async run)","handler_ms":273,"environment_boot_ms":0,"runtime_init_ms":0,"target":"tachyon_serverless_application::services::invoke"}
{"timestamp":"2026-09-17T15:47:50.766740Z","level":"INFO","message":"asynchronous invocation settled","invocation_id":"inv_01m2r0tw7x33pq4g4hye11ghfh","status":"succeeded","target":"tachyon_serverless_application::services::invoke_async::dispatch"}
{"timestamp":"2026-09-17T15:47:50.768482Z","level":"INFO","message":"async dispatch: delivery handled","message_id":"inv_01m2r0tw7x33pq4g4hye11ghfh","sequence":9,"delivery_count":1,"outcome":"Completed { status: \"succeeded\" }","target":"tachyon_serverless_application::services::invoke_async::dispatch"}
{"timestamp":"2026-09-17T15:47:50.771330Z","level":"INFO","message":"asynchronous run claimed","invocation_id":"inv_01m2r0ty5h0b827w0tdpbyzwn7","attempt":1,"generation":0,"delivery_count":1,"target":"tachyon_serverless_application::services::invoke_async::dispatch"}
{"timestamp":"2026-09-17T15:47:50.980632Z","level":"INFO","message":"invocation finished","invocation_id":"inv_01m2r0ty5h0b827w0tdpbyzwn7","status":"succeeded (async run)","handler_ms":198,"environment_boot_ms":0,"runtime_init_ms":0,"target":"tachyon_serverless_application::services::invoke"}
{"timestamp":"2026-09-17T15:47:50.997581Z","level":"INFO","message":"asynchronous invocation settled","invocation_id":"inv_01m2r0ty5h0b827w0tdpbyzwn7","status":"succeeded","target":"tachyon_serverless_application::services::invoke_async::dispatch"}
{"timestamp":"2026-09-17T15:47:50.999909Z","level":"INFO","message":"async dispatch: delivery handled","message_id":"inv_01m2r0ty5h0b827w0tdpbyzwn7","sequence":10,"delivery_count":1,"outcome":"Completed { status: \"succeeded\" }","target":"tachyon_serverless_application::services::invoke_async::dispatch"}
{"timestamp":"2026-09-17T15:47:51.004377Z","level":"INFO","message":"asynchronous run claimed","invocation_id":"inv_01m2r0v03tc5c3nmtmnqwxmp2t","attempt":1,"generation":0,"delivery_count":1,"target":"tachyon_serverless_application::services::invoke_async::dispatch"}
{"timestamp":"2026-09-17T15:47:51.169458Z","level":"INFO","message":"invocation finished","invocation_id":"inv_01m2r0v03tc5c3nmtmnqwxmp2t","status":"succeeded (async run)","handler_ms":154,"environment_boot_ms":0,"runtime_init_ms":0,"target":"tachyon_serverless_application::services::invoke"}
{"timestamp":"2026-09-17T15:47:51.174291Z","level":"INFO","message":"asynchronous invocation settled","invocation_id":"inv_01m2r0v03tc5c3nmtmnqwxmp2t","status":"succeeded","target":"tachyon_serverless_application::services::invoke_async::dispatch"}
{"timestamp":"2026-09-17T15:47:51.175745Z","level":"INFO","message":"async dispatch: delivery handled","message_id":"inv_01m2r0v03tc5c3nmtmnqwxmp2t","sequence":11,"delivery_count":1,"outcome":"Completed { status: \"succeeded\" }","target":"tachyon_serverless_application::services::invoke_async::dispatch"}
{"timestamp":"2026-09-17T15:47:52.014369Z","level":"INFO","message":"asynchronous run claimed","invocation_id":"inv_01m2r0v223sm88f3wq5g7m12t3","attempt":1,"generation":0,"delivery_count":1,"target":"tachyon_serverless_application::services::invoke_async::dispatch"}
{"timestamp":"2026-09-17T15:47:52.078892Z","level":"INFO","message":"invocation finished","invocation_id":"inv_01m2r0v223sm88f3wq5g7m12t3","status":"succeeded (async run)","handler_ms":47,"environment_boot_ms":0,"runtime_init_ms":0,"target":"tachyon_serverless_application::services::invoke"}
{"timestamp":"2026-09-17T15:47:52.084584Z","level":"INFO","message":"asynchronous invocation settled","invocation_id":"inv_01m2r0v223sm88f3wq5g7m12t3","status":"succeeded","target":"tachyon_serverless_application::services::invoke_async::dispatch"}
{"timestamp":"2026-09-17T15:47:52.086232Z","level":"INFO","message":"async dispatch: delivery handled","message_id":"inv_01m2r0v223sm88f3wq5g7m12t3","sequence":12,"delivery_count":1,"outcome":"Completed { status: \"succeeded\" }","target":"tachyon_serverless_application::services::invoke_async::dispatch"}
{"timestamp":"2026-09-17T15:47:53.619749Z","level":"INFO","message":"invocation finished","invocation_id":"inv_01m2r0tgfyx281r0edn8c6yk3w","status":"succeeded (async run)","handler_ms":198,"environment_boot_ms":18157,"runtime_init_ms":977,"target":"tachyon_serverless_application::services::invoke"}
{"timestamp":"2026-09-17T15:47:53.624637Z","level":"INFO","message":"asynchronous invocation settled","invocation_id":"inv_01m2r0tgfyx281r0edn8c6yk3w","status":"succeeded","target":"tachyon_serverless_application::services::invoke_async::dispatch"}
{"timestamp":"2026-09-17T15:47:53.625336Z","level":"INFO","message":"async dispatch: delivery handled","message_id":"inv_01m2r0tgfyx281r0edn8c6yk3w","sequence":3,"delivery_count":1,"outcome":"Completed { status: \"succeeded\" }","target":"tachyon_serverless_application::services::invoke_async::dispatch"}
{"timestamp":"2026-09-17T15:47:53.678178Z","level":"INFO","message":"cgroup stats at teardown","env_id":"env_01m2r0tgjh995xnzyh0yj5181a","cgroup":"/sys/fs/cgroup/tachyon/env_01m2r0tgjh995xnzyh0yj5181a","stats":"{\"cpu.max\":\"50000 100000\",\"cpu.stat\":{\"burst_usec\":0,\"core_sched.force_idle_usec\":0,\"nice_usec\":0,\"nr_bursts\":0,\"nr_periods\":193,\"nr_throttled\":192,\"system_usec\":5188329,\"throttled_usec\":8322736,\"usage_usec\":9633954,\"user_usec\":4445625},\"memory.current\":4136960,\"memory.events\":{\"high\":0,\"low\":0,\"max\":0,\"oom\":0,\"oom_group_kill\":0,\"oom_kill\":0,\"sock_throttled\":0},\"memory.max\":335544320,\"memory.peak\":42819584,\"pids.max\":64,\"pids.peak\":3}","target":"tachyon_serverless_provider_firecracker::provider"}
{"timestamp":"2026-09-17T15:47:53.680303Z","level":"INFO","message":"environment terminated","env_id":"env_01m2r0tgjh995xnzyh0yj5181a","reason":"Quiesced","was_running":true,"target":"tachyon_serverless_provider_firecracker::provider"}
{"timestamp":"2026-09-17T15:47:54.023034Z","level":"INFO","message":"asynchronous run claimed","invocation_id":"inv_01m2r0v40weg3r7g441fb76ws4","attempt":1,"generation":0,"delivery_count":1,"target":"tachyon_serverless_application::services::invoke_async::dispatch"}
{"timestamp":"2026-09-17T15:47:54.023825Z","level":"INFO","message":"asynchronous run claimed","invocation_id":"inv_01m2r0v40k2mb4b26v3c8zbxep","attempt":1,"generation":0,"delivery_count":1,"target":"tachyon_serverless_application::services::invoke_async::dispatch"}
{"timestamp":"2026-09-17T15:47:54.106811Z","level":"INFO","message":"invocation finished","invocation_id":"inv_01m2r0v40k2mb4b26v3c8zbxep","status":"succeeded (async run)","handler_ms":57,"environment_boot_ms":0,"runtime_init_ms":0,"target":"tachyon_serverless_application::services::invoke"}
{"timestamp":"2026-09-17T15:47:54.118356Z","level":"INFO","message":"asynchronous invocation settled","invocation_id":"inv_01m2r0v40k2mb4b26v3c8zbxep","status":"succeeded","target":"tachyon_serverless_application::services::invoke_async::dispatch"}
{"timestamp":"2026-09-17T15:47:54.121069Z","level":"INFO","message":"async dispatch: delivery handled","message_id":"inv_01m2r0v40k2mb4b26v3c8zbxep","sequence":13,"delivery_count":1,"outcome":"Completed { status: \"succeeded\" }","target":"tachyon_serverless_application::services::invoke_async::dispatch"}
{"timestamp":"2026-09-17T15:47:54.123830Z","level":"INFO","message":"asynchronous run claimed","invocation_id":"inv_01m2r0v435rp7hjyf89abgzbaw","attempt":1,"generation":0,"delivery_count":1,"target":"tachyon_serverless_application::services::invoke_async::dispatch"}
{"timestamp":"2026-09-17T15:47:54.167230Z","level":"INFO","message":"egress policy installed and verified","env_id":"env_01m2r0v419db2nb3x098hcm6ye","egress":"restricted","tap":"tsls074d21cca1f","guest_ip":"172.30.0.2","rules":5,"ms":27,"target":"tachyon_serverless_provider_firecracker::provider"}
{"timestamp":"2026-09-17T15:47:54.179279Z","level":"INFO","message":"firecracker spawned","env_id":"env_01m2r0v419db2nb3x098hcm6ye","pid":289340,"instance_id":"env-01m2r0v419db2nb3x098hcm6ye","jailed":true,"cgroup":"/sys/fs/cgroup/tachyon/env_01m2r0v419db2nb3x098hcm6ye","target":"tachyon_serverless_provider_firecracker::provider"}
{"timestamp":"2026-09-17T15:47:54.222518Z","level":"INFO","message":"InstanceStart accepted","env_id":"env_01m2r0v419db2nb3x098hcm6ye","vcpus":1,"mem_mib":256,"scratch_bytes":268435456,"target":"tachyon_serverless_provider_firecracker::provider"}
{"timestamp":"2026-09-17T15:47:54.325044Z","level":"INFO","message":"firecracker spawned","env_id":"env_01m2r0v44hmsa741haetwyk2h2","pid":289376,"instance_id":"env-01m2r0v44hmsa741haetwyk2h2","jailed":true,"cgroup":"/sys/fs/cgroup/tachyon/env_01m2r0v44hmsa741haetwyk2h2","target":"tachyon_serverless_provider_firecracker::provider"}
{"timestamp":"2026-09-17T15:47:54.336602Z","level":"INFO","message":"InstanceStart accepted","env_id":"env_01m2r0v44hmsa741haetwyk2h2","vcpus":1,"mem_mib":256,"scratch_bytes":268435456,"target":"tachyon_serverless_provider_firecracker::provider"}
{"timestamp":"2026-09-17T15:47:54.361035Z","level":"INFO","message":"invocation finished","invocation_id":"inv_01m2r0v435rp7hjyf89abgzbaw","status":"succeeded (async run)","handler_ms":222,"environment_boot_ms":0,"runtime_init_ms":0,"target":"tachyon_serverless_application::services::invoke"}
{"timestamp":"2026-09-17T15:47:54.370245Z","level":"INFO","message":"asynchronous invocation settled","invocation_id":"inv_01m2r0v435rp7hjyf89abgzbaw","status":"succeeded","target":"tachyon_serverless_application::services::invoke_async::dispatch"}
{"timestamp":"2026-09-17T15:47:54.372100Z","level":"INFO","message":"async dispatch: delivery handled","message_id":"inv_01m2r0v435rp7hjyf89abgzbaw","sequence":16,"delivery_count":1,"outcome":"Completed { status: \"succeeded\" }","target":"tachyon_serverless_application::services::invoke_async::dispatch"}
{"timestamp":"2026-09-17T15:47:58.024739Z","level":"INFO","message":"async dispatch: delivery handled","message_id":"inv_01m2r0v40weg3r7g441fb76ws4","sequence":14,"delivery_count":2,"outcome":"Skipped(\"claimed\")","target":"tachyon_serverless_application::services::invoke_async::dispatch"}
{"timestamp":"2026-09-17T15:47:58.064575Z","level":"INFO","message":"async dispatch: delivery handled","message_id":"inv_01m2r0v41zwbf93wqvkk80vmp1","sequence":15,"delivery_count":2,"outcome":"Skipped(\"claimed\")","target":"tachyon_serverless_application::services::invoke_async::dispatch"}
{"timestamp":"2026-09-17T15:48:00.025036Z","level":"INFO","message":"asynchronous run claimed","invocation_id":"inv_01m2r0v9w44w1jvskdcct20ere","attempt":1,"generation":0,"delivery_count":1,"target":"tachyon_serverless_application::services::invoke_async::dispatch"}
{"timestamp":"2026-09-17T15:48:00.180479Z","level":"INFO","message":"invocation finished","invocation_id":"inv_01m2r0v9w44w1jvskdcct20ere","status":"succeeded (async run)","handler_ms":142,"environment_boot_ms":0,"runtime_init_ms":0,"target":"tachyon_serverless_application::services::invoke"}
{"timestamp":"2026-09-17T15:48:00.191363Z","level":"INFO","message":"asynchronous invocation settled","invocation_id":"inv_01m2r0v9w44w1jvskdcct20ere","status":"succeeded","target":"tachyon_serverless_application::services::invoke_async::dispatch"}
{"timestamp":"2026-09-17T15:48:00.199844Z","level":"INFO","message":"async dispatch: delivery handled","message_id":"inv_01m2r0v9w44w1jvskdcct20ere","sequence":19,"delivery_count":1,"outcome":"Completed { status: \"succeeded\" }","target":"tachyon_serverless_application::services::invoke_async::dispatch"}
{"timestamp":"2026-09-17T15:48:01.411050Z","level":"INFO","message":"object retention pass","report":"GcReport { examined: 1, collected_expired: 0, collected_orphans: 0, kept_in_use: 1, kept_referenced: 0, incomplete_removed: 0, tombstones_purged: 0, failed: 0 }","target":"tachyon_serverless_gateway"}
{"timestamp":"2026-09-17T15:48:02.027398Z","level":"INFO","message":"asynchronous run claimed","invocation_id":"inv_01m2r0vbtqvrdb2n4myecw32zr","attempt":1,"generation":0,"delivery_count":1,"target":"tachyon_serverless_application::services::invoke_async::dispatch"}
{"timestamp":"2026-09-17T15:48:02.250984Z","level":"INFO","message":"invocation finished","invocation_id":"inv_01m2r0vbtqvrdb2n4myecw32zr","status":"succeeded (async run)","handler_ms":205,"environment_boot_ms":0,"runtime_init_ms":0,"target":"tachyon_serverless_application::services::invoke"}
{"timestamp":"2026-09-17T15:48:02.257743Z","level":"INFO","message":"asynchronous invocation settled","invocation_id":"inv_01m2r0vbtqvrdb2n4myecw32zr","status":"succeeded","target":"tachyon_serverless_application::services::invoke_async::dispatch"}
{"timestamp":"2026-09-17T15:48:02.261290Z","level":"INFO","message":"async dispatch: delivery handled","message_id":"inv_01m2r0vbtqvrdb2n4myecw32zr","sequence":20,"delivery_count":1,"outcome":"Completed { status: \"succeeded\" }","target":"tachyon_serverless_application::services::invoke_async::dispatch"}
{"timestamp":"2026-09-17T15:48:03.405738Z","level":"INFO","message":"object retention pass","report":"GcReport { examined: 1, collected_expired: 0, collected_orphans: 0, kept_in_use: 1, kept_referenced: 0, incomplete_removed: 0, tombstones_purged: 0, failed: 0 }","target":"tachyon_serverless_gateway"}
{"timestamp":"2026-09-17T15:48:04.024099Z","level":"INFO","message":"asynchronous run claimed","invocation_id":"inv_01m2r0vds5fb59d2867ng013wf","attempt":1,"generation":0,"delivery_count":1,"target":"tachyon_serverless_application::services::invoke_async::dispatch"}
{"timestamp":"2026-09-17T15:48:04.238836Z","level":"INFO","message":"invocation finished","invocation_id":"inv_01m2r0vds5fb59d2867ng013wf","status":"succeeded (async run)","handler_ms":195,"environment_boot_ms":0,"runtime_init_ms":0,"target":"tachyon_serverless_application::services::invoke"}
{"timestamp":"2026-09-17T15:48:04.252371Z","level":"INFO","message":"asynchronous invocation settled","invocation_id":"inv_01m2r0vds5fb59d2867ng013wf","status":"succeeded","target":"tachyon_serverless_application::services::invoke_async::dispatch"}
{"timestamp":"2026-09-17T15:48:04.257354Z","level":"INFO","message":"async dispatch: delivery handled","message_id":"inv_01m2r0vds5fb59d2867ng013wf","sequence":21,"delivery_count":1,"outcome":"Completed { status: \"succeeded\" }","target":"tachyon_serverless_application::services::invoke_async::dispatch"}
{"timestamp":"2026-09-17T15:48:05.475616Z","level":"INFO","message":"object retention pass","report":"GcReport { examined: 1, collected_expired: 0, collected_orphans: 0, kept_in_use: 1, kept_referenced: 0, incomplete_removed: 0, tombstones_purged: 0, failed: 0 }","target":"tachyon_serverless_gateway"}
{"timestamp":"2026-09-17T15:48:07.294197Z","level":"INFO","message":"object retention pass","report":"GcReport { examined: 1, collected_expired: 0, collected_orphans: 0, kept_in_use: 1, kept_referenced: 0, incomplete_removed: 0, tombstones_purged: 0, failed: 0 }","target":"tachyon_serverless_gateway"}
{"timestamp":"2026-09-17T15:48:09.268564Z","level":"INFO","message":"object retention pass","report":"GcReport { examined: 1, collected_expired: 0, collected_orphans: 0, kept_in_use: 0, kept_referenced: 1, incomplete_removed: 0, tombstones_purged: 0, failed: 0 }","target":"tachyon_serverless_gateway"}
{"timestamp":"2026-09-17T15:48:10.162306Z","level":"INFO","message":"invocation finished","invocation_id":"inv_01m2r0v44g5pjmgz7m4aanqh8c","status":"succeeded","handler_ms":490,"environment_boot_ms":13014,"runtime_init_ms":2510,"target":"tachyon_serverless_application::services::invoke"}
{"timestamp":"2026-09-17T15:48:10.244314Z","level":"INFO","message":"cgroup stats at teardown","env_id":"env_01m2r0v44hmsa741haetwyk2h2","cgroup":"/sys/fs/cgroup/tachyon/env_01m2r0v44hmsa741haetwyk2h2","stats":"{\"cpu.max\":\"50000 100000\",\"cpu.stat\":{\"burst_usec\":0,\"core_sched.force_idle_usec\":0,\"nice_usec\":0,\"nr_bursts\":0,\"nr_periods\":161,\"nr_throttled\":159,\"system_usec\":3960868,\"throttled_usec\":7775813,\"usage_usec\":8026162,\"user_usec\":4065294},\"memory.current\":4370432,\"memory.events\":{\"high\":0,\"low\":0,\"max\":0,\"oom\":0,\"oom_group_kill\":0,\"oom_kill\":0,\"sock_throttled\":0},\"memory.max\":335544320,\"memory.peak\":42807296,\"pids.max\":64,\"pids.peak\":3}","target":"tachyon_serverless_provider_firecracker::provider"}
{"timestamp":"2026-09-17T15:48:10.247292Z","level":"INFO","message":"environment terminated","env_id":"env_01m2r0v44hmsa741haetwyk2h2","reason":"Quiesced","was_running":true,"target":"tachyon_serverless_provider_firecracker::provider"}
{"timestamp":"2026-09-17T15:48:10.339018Z","level":"INFO","message":"asynchronous invocation accepted","invocation_id":"inv_01m2r0vkyye2b0asmk4fz5qg66","tenant_id":"tn_01hzzzzzzzzzzzzzzzzzzzzzza","revision_id":"rev_01m2r0t8z9jhhrgbggjt6mgsp0","input_bytes":49,"input_storage":"inline","target":"tachyon_serverless_application::services::invoke_async"}
{"timestamp":"2026-09-17T15:48:10.589712Z","level":"INFO","message":"asynchronous invocation accepted","invocation_id":"inv_01m2r0vm68qvm7w6exz5pe2jc9","tenant_id":"tn_01hzzzzzzzzzzzzzzzzzzzzzza","revision_id":"rev_01m2r0t8z9jhhrgbggjt6mgsp0","input_bytes":4129,"input_storage":"object","target":"tachyon_serverless_application::services::invoke_async"}
{"timestamp":"2026-09-17T15:48:10.653969Z","level":"INFO","message":"asynchronous invocation accepted","invocation_id":"inv_01m2r0vm8q9p9ga7h1jwsq61sw","tenant_id":"tn_01hzzzzzzzzzzzzzzzzzzzzzza","revision_id":"rev_01m2r0ta9hajw1jpg4bt8bgnsh","input_bytes":193,"input_storage":"inline","target":"tachyon_serverless_application::services::invoke_async"}
{"timestamp":"2026-09-17T15:48:10.654054Z","level":"INFO","message":"webhook trigger fired","trigger_id":"trg_01m2r0tbs3mmfh1sk100tryd1x","event_id":"evt-pre-b-w1","invocation_id":"inv_01m2r0vm8q9p9ga7h1jwsq61sw","revision_id":"rev_01m2r0ta9hajw1jpg4bt8bgnsh","replayed":false,"target":"tachyon_serverless_application::services::triggers"}
{"timestamp":"2026-09-17T15:48:10.667253Z","level":"INFO","message":"asynchronous run claimed","invocation_id":"inv_01m2r0vm8q9p9ga7h1jwsq61sw","attempt":1,"generation":0,"delivery_count":1,"target":"tachyon_serverless_application::services::invoke_async::dispatch"}
{"timestamp":"2026-09-17T15:48:10.770763Z","level":"INFO","message":"invocation finished","invocation_id":"inv_01m2r0v40weg3r7g441fb76ws4","status":"succeeded (async run)","handler_ms":822,"environment_boot_ms":13541,"runtime_init_ms":2414,"target":"tachyon_serverless_application::services::invoke"}
{"timestamp":"2026-09-17T15:48:10.779877Z","level":"INFO","message":"asynchronous invocation settled","invocation_id":"inv_01m2r0v40weg3r7g441fb76ws4","status":"succeeded","target":"tachyon_serverless_application::services::invoke_async::dispatch"}
{"timestamp":"2026-09-17T15:48:10.780454Z","level":"INFO","message":"async dispatch: delivery handled","message_id":"inv_01m2r0v40weg3r7g441fb76ws4","sequence":14,"delivery_count":1,"outcome":"Completed { status: \"succeeded\" }","target":"tachyon_serverless_application::services::invoke_async::dispatch"}
{"timestamp":"2026-09-17T15:48:10.919568Z","level":"INFO","message":"invocation finished","invocation_id":"inv_01m2r0vm8q9p9ga7h1jwsq61sw","status":"succeeded (async run)","handler_ms":204,"environment_boot_ms":0,"runtime_init_ms":0,"target":"tachyon_serverless_application::services::invoke"}
{"timestamp":"2026-09-17T15:48:10.936488Z","level":"INFO","message":"asynchronous invocation settled","invocation_id":"inv_01m2r0vm8q9p9ga7h1jwsq61sw","status":"succeeded","target":"tachyon_serverless_application::services::invoke_async::dispatch"}
{"timestamp":"2026-09-17T15:48:10.942390Z","level":"INFO","message":"async dispatch: delivery handled","message_id":"inv_01m2r0vm8q9p9ga7h1jwsq61sw","sequence":27,"delivery_count":1,"outcome":"Completed { status: \"succeeded\" }","target":"tachyon_serverless_application::services::invoke_async::dispatch"}
{"timestamp":"2026-09-17T15:48:11.271253Z","level":"INFO","message":"object retention pass","report":"GcReport { examined: 1, collected_expired: 0, collected_orphans: 0, kept_in_use: 0, kept_referenced: 1, incomplete_removed: 0, tombstones_purged: 0, failed: 0 }","target":"tachyon_serverless_gateway"}
{"timestamp":"2026-09-17T15:48:13.266914Z","level":"INFO","message":"object retention pass","report":"GcReport { examined: 1, collected_expired: 0, collected_orphans: 0, kept_in_use: 0, kept_referenced: 1, incomplete_removed: 0, tombstones_purged: 0, failed: 0 }","target":"tachyon_serverless_gateway"}
{"timestamp":"2026-09-17T15:48:15.449721Z","level":"INFO","message":"object retention pass","report":"GcReport { examined: 1, collected_expired: 0, collected_orphans: 0, kept_in_use: 0, kept_referenced: 1, incomplete_removed: 0, tombstones_purged: 0, failed: 0 }","target":"tachyon_serverless_gateway"}
{"timestamp":"2026-09-17T15:48:17.279120Z","level":"INFO","message":"object retention pass","report":"GcReport { examined: 2, collected_expired: 0, collected_orphans: 0, kept_in_use: 1, kept_referenced: 1, incomplete_removed: 0, tombstones_purged: 0, failed: 0 }","target":"tachyon_serverless_gateway"}
{"timestamp":"2026-09-17T15:48:19.300272Z","level":"INFO","message":"object retention pass","report":"GcReport { examined: 2, collected_expired: 0, collected_orphans: 0, kept_in_use: 1, kept_referenced: 1, incomplete_removed: 0, tombstones_purged: 0, failed: 0 }","target":"tachyon_serverless_gateway"}
{"timestamp":"2026-09-17T15:48:21.270441Z","level":"INFO","message":"object retention pass","report":"GcReport { examined: 2, collected_expired: 0, collected_orphans: 0, kept_in_use: 1, kept_referenced: 1, incomplete_removed: 0, tombstones_purged: 0, failed: 0 }","target":"tachyon_serverless_gateway"}
{"timestamp":"2026-09-17T15:48:23.269424Z","level":"INFO","message":"object retention pass","report":"GcReport { examined: 2, collected_expired: 0, collected_orphans: 0, kept_in_use: 1, kept_referenced: 1, incomplete_removed: 0, tombstones_purged: 0, failed: 0 }","target":"tachyon_serverless_gateway"}
{"timestamp":"2026-09-17T15:48:25.280893Z","level":"INFO","message":"object retention pass","report":"GcReport { examined: 2, collected_expired: 0, collected_orphans: 0, kept_in_use: 1, kept_referenced: 1, incomplete_removed: 0, tombstones_purged: 0, failed: 0 }","target":"tachyon_serverless_gateway"}
{"timestamp":"2026-09-17T15:48:27.269724Z","level":"INFO","message":"object retention pass","report":"GcReport { examined: 2, collected_expired: 0, collected_orphans: 0, kept_in_use: 1, kept_referenced: 1, incomplete_removed: 0, tombstones_purged: 0, failed: 0 }","target":"tachyon_serverless_gateway"}
{"timestamp":"2026-09-17T15:48:33.587151Z","level":"WARN","message":"cannot take the trigger scheduler lease","error":"store: database is locked","target":"tachyon_serverless_application::services::triggers"}
{"timestamp":"2026-09-17T15:48:38.459028Z","level":"WARN","message":"object gc: claim failed","object":"obj_01m2r0v420504fxkg798t7wdn7","error":"store: the store connection stayed busy for 5 s (database locked?)","target":"tachyon_serverless_application::durable::gc"}
{"timestamp":"2026-09-17T15:48:38.459009Z","level":"WARN","message":"dispatcher heartbeat failed","error":"store: the store connection stayed busy for 5 s (database locked?)","target":"tachyon_serverless_application::app"}
{"timestamp":"2026-09-17T15:48:38.485315Z","level":"WARN","message":"outbox: purging sent rows failed","error":"store: database is locked","target":"tachyon_serverless_application::services::invoke_async::publisher"}
{"timestamp":"2026-09-17T15:48:43.461311Z","level":"WARN","message":"object gc: claim failed","object":"obj_01m2r0vm690bf1kxaysdhcp26p","error":"store: the store connection stayed busy for 5 s (database locked?)","target":"tachyon_serverless_application::durable::gc"}
{"timestamp":"2026-09-17T15:48:43.461561Z","level":"WARN","message":"cannot list dispatchers","error":"store: the store connection stayed busy for 5 s (database locked?)","target":"tachyon_serverless_application::services::dispatcher"}
{"timestamp":"2026-09-17T15:48:43.486502Z","level":"WARN","message":"outbox: claiming failed","error":"store: the store connection stayed busy for 5 s (database locked?)","target":"tachyon_serverless_application::services::invoke_async::publisher"}
{"timestamp":"2026-09-17T15:48:43.567640Z","level":"WARN","message":"in-process configuration refresh failed","error":"control plane unavailable: ledger: store: database is locked","target":"tachyon_serverless_application::control::cache"}
{"timestamp":"2026-09-17T15:48:48.493529Z","level":"WARN","message":"async reaper: listing candidates failed","error":"store: the store connection stayed busy for 5 s (database locked?)","target":"tachyon_serverless_application::services::invoke_async::dispatch"}
{"timestamp":"2026-09-17T15:48:48.575242Z","level":"WARN","message":"cannot list idle environments","error":"store: the store connection stayed busy for 5 s (database locked?)","target":"tachyon_serverless_application::services::pool"}
{"timestamp":"2026-09-17T15:48:48.712684Z","level":"WARN","message":"object gc: purging tombstones failed","error":"store: database is locked","target":"tachyon_serverless_application::durable::gc"}
{"timestamp":"2026-09-17T15:48:48.712892Z","level":"INFO","message":"object retention pass","report":"GcReport { examined: 2, collected_expired: 0, collected_orphans: 0, kept_in_use: 0, kept_referenced: 0, incomplete_removed: 0, tombstones_purged: 0, failed: 3 }","target":"tachyon_serverless_gateway"}
{"timestamp":"2026-09-17T15:48:53.714729Z","level":"WARN","message":"dispatcher heartbeat failed","error":"store: the store connection stayed busy for 5 s (database locked?)","target":"tachyon_serverless_application::app"}
{"timestamp":"2026-09-17T15:48:53.714729Z","level":"WARN","message":"object gc: claim failed","object":"obj_01m2r0v420504fxkg798t7wdn7","error":"store: the store connection stayed busy for 5 s (database locked?)","target":"tachyon_serverless_application::durable::gc"}
{"timestamp":"2026-09-17T15:48:53.882719Z","level":"WARN","message":"cannot take the trigger scheduler lease","error":"store: database is locked","target":"tachyon_serverless_application::services::triggers"}
{"timestamp":"2026-09-17T15:48:58.716377Z","level":"WARN","message":"cannot list dispatchers","error":"store: the store connection stayed busy for 5 s (database locked?)","target":"tachyon_serverless_application::services::dispatcher"}
{"timestamp":"2026-09-17T15:48:58.716374Z","level":"WARN","message":"object gc: claim failed","object":"obj_01m2r0vm690bf1kxaysdhcp26p","error":"store: the store connection stayed busy for 5 s (database locked?)","target":"tachyon_serverless_application::durable::gc"}
{"timestamp":"2026-09-17T15:48:59.071200Z","level":"WARN","message":"in-process configuration refresh failed","error":"control plane unavailable: ledger: store: database is locked","target":"tachyon_serverless_application::control::cache"}
{"timestamp":"2026-09-17T15:49:03.577527Z","level":"WARN","message":"object gc: purging tombstones failed","error":"store: the store connection stayed busy for 5 s (database locked?)","target":"tachyon_serverless_application::durable::gc"}
{"timestamp":"2026-09-17T15:49:03.577631Z","level":"INFO","message":"object retention pass","report":"GcReport { examined: 2, collected_expired: 0, collected_orphans: 0, kept_in_use: 0, kept_referenced: 0, incomplete_removed: 0, tombstones_purged: 0, failed: 3 }","target":"tachyon_serverless_gateway"}
{"timestamp":"2026-09-17T15:49:03.748236Z","level":"WARN","message":"outbox: claiming failed","error":"store: the store connection stayed busy for 5 s (database locked?)","target":"tachyon_serverless_application::services::invoke_async::publisher"}
{"timestamp":"2026-09-17T15:49:03.940702Z","level":"WARN","message":"cannot list idle environments","error":"store: the store connection stayed busy for 5 s (database locked?)","target":"tachyon_serverless_application::services::pool"}
{"timestamp":"2026-09-17T15:49:09.077763Z","level":"WARN","message":"async reaper: settle failed","invocation_id":"inv_01m2r0vm68qvm7w6exz5pe2jc9","error":"Host.StoreUnavailable: storage: the store connection stayed busy for 5 s (database locked?)","target":"tachyon_serverless_application::services::invoke_async::dispatch"}
{"timestamp":"2026-09-17T15:49:09.077879Z","level":"INFO","message":"async reaper pass","report":"ReapReport { examined: 1, abandoned: 1, republished: 0, dead_lettered: 0, lost: 0, failed: 1 }","target":"tachyon_serverless_application::services::invoke_async::dispatch"}
{"timestamp":"2026-09-17T15:49:09.219130Z","level":"WARN","message":"object gc: claim failed","object":"obj_01m2r0v420504fxkg798t7wdn7","error":"store: database is locked","target":"tachyon_serverless_application::durable::gc"}
{"timestamp":"2026-09-17T15:49:14.082565Z","level":"WARN","message":"dispatcher heartbeat failed","error":"store: the store connection stayed busy for 5 s (database locked?)","target":"tachyon_serverless_application::app"}
{"timestamp":"2026-09-17T15:49:14.083118Z","level":"WARN","message":"cannot take the trigger scheduler lease","error":"store: the store connection stayed busy for 5 s (database locked?)","target":"tachyon_serverless_application::services::triggers"}
{"timestamp":"2026-09-17T15:49:14.220275Z","level":"WARN","message":"object gc: claim failed","object":"obj_01m2r0vm690bf1kxaysdhcp26p","error":"store: the store connection stayed busy for 5 s (database locked?)","target":"tachyon_serverless_application::durable::gc"}
{"timestamp":"2026-09-17T15:49:14.388346Z","level":"WARN","message":"in-process configuration refresh failed","error":"control plane unavailable: ledger: store: database is locked","target":"tachyon_serverless_application::control::cache"}
{"timestamp":"2026-09-17T15:49:19.388872Z","level":"WARN","message":"cannot list idle environments","error":"store: the store connection stayed busy for 5 s (database locked?)","target":"tachyon_serverless_application::services::pool"}
{"timestamp":"2026-09-17T15:49:19.389266Z","level":"WARN","message":"async reaper: listing candidates failed","error":"store: the store connection stayed busy for 5 s (database locked?)","target":"tachyon_serverless_application::services::invoke_async::dispatch"}
{"timestamp":"2026-09-17T15:49:19.597722Z","level":"WARN","message":"object gc: purging tombstones failed","error":"store: database is locked","target":"tachyon_serverless_application::durable::gc"}
{"timestamp":"2026-09-17T15:49:19.597801Z","level":"INFO","message":"object retention pass","report":"GcReport { examined: 2, collected_expired: 0, collected_orphans: 0, kept_in_use: 0, kept_referenced: 0, incomplete_removed: 0, tombstones_purged: 0, failed: 3 }","target":"tachyon_serverless_gateway"}
{"timestamp":"2026-09-17T15:49:24.598146Z","level":"WARN","message":"dispatcher heartbeat failed","error":"store: the store connection stayed busy for 5 s (database locked?)","target":"tachyon_serverless_application::app"}
{"timestamp":"2026-09-17T15:49:24.598690Z","level":"WARN","message":"object gc: claim failed","object":"obj_01m2r0v420504fxkg798t7wdn7","error":"store: the store connection stayed busy for 5 s (database locked?)","target":"tachyon_serverless_application::durable::gc"}
{"timestamp":"2026-09-17T15:49:24.775844Z","level":"WARN","message":"outbox: claiming failed","error":"store: database is locked","target":"tachyon_serverless_application::services::invoke_async::publisher"}
{"timestamp":"2026-09-17T15:49:29.599147Z","level":"WARN","message":"cannot list dispatchers","error":"store: the store connection stayed busy for 5 s (database locked?)","target":"tachyon_serverless_application::services::dispatcher"}
{"timestamp":"2026-09-17T15:49:29.599252Z","level":"WARN","message":"object gc: claim failed","object":"obj_01m2r0vm690bf1kxaysdhcp26p","error":"store: the store connection stayed busy for 5 s (database locked?)","target":"tachyon_serverless_application::durable::gc"}
{"timestamp":"2026-09-17T15:49:29.787767Z","level":"WARN","message":"async reaper: listing candidates failed","error":"store: the store connection stayed busy for 5 s (database locked?)","target":"tachyon_serverless_application::services::invoke_async::dispatch"}
{"timestamp":"2026-09-17T15:49:29.999860Z","level":"WARN","message":"in-process configuration refresh failed","error":"control plane unavailable: ledger: store: database is locked","target":"tachyon_serverless_application::control::cache"}
{"timestamp":"2026-09-17T15:49:34.459596Z","level":"WARN","message":"object gc: purging tombstones failed","error":"store: the store connection stayed busy for 5 s (database locked?)","target":"tachyon_serverless_application::durable::gc"}
{"timestamp":"2026-09-17T15:49:34.460295Z","level":"INFO","message":"object retention pass","report":"GcReport { examined: 2, collected_expired: 0, collected_orphans: 0, kept_in_use: 0, kept_referenced: 0, incomplete_removed: 0, tombstones_purged: 0, failed: 3 }","target":"tachyon_serverless_gateway"}
{"timestamp":"2026-09-17T15:49:34.861635Z","level":"WARN","message":"cannot list idle environments","error":"store: the store connection stayed busy for 5 s (database locked?)","target":"tachyon_serverless_application::services::pool"}
{"timestamp":"2026-09-17T15:49:40.229468Z","level":"WARN","message":"cannot take the trigger scheduler lease","error":"store: database is locked","target":"tachyon_serverless_application::services::triggers"}
{"timestamp":"2026-09-17T15:49:45.054340Z","level":"WARN","message":"dispatcher heartbeat failed","error":"store: the store connection stayed busy for 5 s (database locked?)","target":"tachyon_serverless_application::app"}
{"timestamp":"2026-09-17T15:49:45.240576Z","level":"WARN","message":"in-process configuration refresh failed","error":"control plane unavailable: ledger: store: the store connection stayed busy for 5 s (database locked?)","target":"tachyon_serverless_application::control::cache"}
{"timestamp":"2026-09-17T15:49:45.383215Z","level":"WARN","message":"object gc: claim failed","object":"obj_01m2r0v420504fxkg798t7wdn7","error":"store: database is locked","target":"tachyon_serverless_application::durable::gc"}
{"timestamp":"2026-09-17T15:49:50.253945Z","level":"WARN","message":"outbox: purging sent rows failed","error":"store: the store connection stayed busy for 5 s (database locked?)","target":"tachyon_serverless_application::services::invoke_async::publisher"}
{"timestamp":"2026-09-17T15:49:50.388227Z","level":"WARN","message":"in-process configuration refresh failed","error":"control plane unavailable: ledger: store: the store connection stayed busy for 5 s (database locked?)","target":"tachyon_serverless_application::control::cache"}
{"timestamp":"2026-09-17T15:49:50.505897Z","level":"WARN","message":"object gc: claim failed","object":"obj_01m2r0vm690bf1kxaysdhcp26p","error":"store: database is locked","target":"tachyon_serverless_application::durable::gc"}
{"timestamp":"2026-09-17T15:49:55.390933Z","level":"WARN","message":"cannot list idle environments","error":"store: the store connection stayed busy for 5 s (database locked?)","target":"tachyon_serverless_application::services::pool"}
{"timestamp":"2026-09-17T15:49:55.509309Z","level":"WARN","message":"object gc: purging tombstones failed","error":"store: the store connection stayed busy for 5 s (database locked?)","target":"tachyon_serverless_application::durable::gc"}
{"timestamp":"2026-09-17T15:49:55.509951Z","level":"INFO","message":"object retention pass","report":"GcReport { examined: 2, collected_expired: 0, collected_orphans: 0, kept_in_use: 0, kept_referenced: 0, incomplete_removed: 0, tombstones_purged: 0, failed: 3 }","target":"tachyon_serverless_gateway"}
{"timestamp":"2026-09-17T15:49:55.630199Z","level":"WARN","message":"outbox: claiming failed","error":"store: database is locked","target":"tachyon_serverless_application::services::invoke_async::publisher"}
{"timestamp":"2026-09-17T15:50:00.519675Z","level":"WARN","message":"object gc: claim failed","object":"obj_01m2r0v420504fxkg798t7wdn7","error":"store: the store connection stayed busy for 5 s (database locked?)","target":"tachyon_serverless_application::durable::gc"}
{"timestamp":"2026-09-17T15:50:00.631625Z","level":"WARN","message":"cannot take the trigger scheduler lease","error":"store: the store connection stayed busy for 5 s (database locked?)","target":"tachyon_serverless_application::services::triggers"}
{"timestamp":"2026-09-17T15:50:00.815605Z","level":"WARN","message":"dispatcher heartbeat failed","error":"store: database is locked","target":"tachyon_serverless_application::app"}
{"timestamp":"2026-09-17T15:50:05.685906Z","level":"WARN","message":"cannot list dispatchers","error":"store: the store connection stayed busy for 5 s (database locked?)","target":"tachyon_serverless_application::services::dispatcher"}
{"timestamp":"2026-09-17T15:50:05.811490Z","level":"WARN","message":"object gc: claim failed","object":"obj_01m2r0vm690bf1kxaysdhcp26p","error":"store: database is locked","target":"tachyon_serverless_application::durable::gc"}
{"timestamp":"2026-09-17T15:50:10.814641Z","level":"WARN","message":"object gc: purging tombstones failed","error":"store: the store connection stayed busy for 5 s (database locked?)","target":"tachyon_serverless_application::durable::gc"}
{"timestamp":"2026-09-17T15:50:10.815441Z","level":"INFO","message":"object retention pass","report":"GcReport { examined: 2, collected_expired: 0, collected_orphans: 0, kept_in_use: 0, kept_referenced: 0, incomplete_removed: 0, tombstones_purged: 0, failed: 3 }","target":"tachyon_serverless_gateway"}
{"timestamp":"2026-09-17T15:50:10.820512Z","level":"WARN","message":"async reaper: settle failed","invocation_id":"inv_01m2r0vm68qvm7w6exz5pe2jc9","error":"Host.StoreUnavailable: storage: the store connection stayed busy for 5 s (database locked?)","target":"tachyon_serverless_application::services::invoke_async::dispatch"}
{"timestamp":"2026-09-17T15:50:10.820984Z","level":"INFO","message":"async reaper pass","report":"ReapReport { examined: 1, abandoned: 1, republished: 0, dead_lettered: 0, lost: 0, failed: 1 }","target":"tachyon_serverless_application::services::invoke_async::dispatch"}
{"timestamp":"2026-09-17T15:50:10.981381Z","level":"WARN","message":"in-process configuration refresh failed","error":"control plane unavailable: ledger: store: database is locked","target":"tachyon_serverless_application::control::cache"}
{"timestamp":"2026-09-17T15:50:15.824027Z","level":"WARN","message":"object gc: claim failed","object":"obj_01m2r0v420504fxkg798t7wdn7","error":"store: the store connection stayed busy for 5 s (database locked?)","target":"tachyon_serverless_application::durable::gc"}
{"timestamp":"2026-09-17T15:50:15.984412Z","level":"WARN","message":"dispatcher heartbeat failed","error":"store: the store connection stayed busy for 5 s (database locked?)","target":"tachyon_serverless_application::app"}
{"timestamp":"2026-09-17T15:50:15.984377Z","level":"WARN","message":"cannot list idle environments","error":"store: the store connection stayed busy for 5 s (database locked?)","target":"tachyon_serverless_application::services::pool"}
{"timestamp":"2026-09-17T15:50:16.114111Z","level":"WARN","message":"outbox: claiming failed","error":"store: database is locked","target":"tachyon_serverless_application::services::invoke_async::publisher"}
{"timestamp":"2026-09-17T15:50:20.986477Z","level":"WARN","message":"cannot list dispatchers","error":"store: the store connection stayed busy for 5 s (database locked?)","target":"tachyon_serverless_application::services::dispatcher"}
{"timestamp":"2026-09-17T15:50:21.131107Z","level":"WARN","message":"async reaper: listing candidates failed","error":"store: the store connection stayed busy for 5 s (database locked?)","target":"tachyon_serverless_application::services::invoke_async::dispatch"}
{"timestamp":"2026-09-17T15:50:21.241806Z","level":"WARN","message":"object gc: claim failed","object":"obj_01m2r0vm690bf1kxaysdhcp26p","error":"store: database is locked","target":"tachyon_serverless_application::durable::gc"}
{"timestamp":"2026-09-17T15:50:26.142034Z","level":"WARN","message":"cannot take the trigger scheduler lease","error":"store: the store connection stayed busy for 5 s (database locked?)","target":"tachyon_serverless_application::services::triggers"}
{"timestamp":"2026-09-17T15:50:26.243115Z","level":"WARN","message":"object gc: purging tombstones failed","error":"store: the store connection stayed busy for 5 s (database locked?)","target":"tachyon_serverless_application::durable::gc"}
{"timestamp":"2026-09-17T15:50:26.243302Z","level":"INFO","message":"object retention pass","report":"GcReport { examined: 2, collected_expired: 0, collected_orphans: 0, kept_in_use: 0, kept_referenced: 0, incomplete_removed: 0, tombstones_purged: 0, failed: 3 }","target":"tachyon_serverless_gateway"}
{"timestamp":"2026-09-17T15:50:26.395878Z","level":"WARN","message":"in-process configuration refresh failed","error":"control plane unavailable: ledger: store: database is locked","target":"tachyon_serverless_application::control::cache"}
{"timestamp":"2026-09-17T15:50:31.397880Z","level":"WARN","message":"cannot list idle environments","error":"store: the store connection stayed busy for 5 s (database locked?)","target":"tachyon_serverless_application::services::pool"}
{"timestamp":"2026-09-17T15:50:31.397880Z","level":"WARN","message":"dispatcher heartbeat failed","error":"store: the store connection stayed busy for 5 s (database locked?)","target":"tachyon_serverless_application::app"}
{"timestamp":"2026-09-17T15:50:31.401738Z","level":"WARN","message":"outbox: claiming failed","error":"store: the store connection stayed busy for 5 s (database locked?)","target":"tachyon_serverless_application::services::invoke_async::publisher"}
{"timestamp":"2026-09-17T15:50:31.538774Z","level":"WARN","message":"object gc: claim failed","object":"obj_01m2r0v420504fxkg798t7wdn7","error":"store: database is locked","target":"tachyon_serverless_application::durable::gc"}
{"timestamp":"2026-09-17T15:50:36.402740Z","level":"WARN","message":"object gc: claim failed","object":"obj_01m2r0vm690bf1kxaysdhcp26p","error":"store: the store connection stayed busy for 5 s (database locked?)","target":"tachyon_serverless_application::durable::gc"}
{"timestamp":"2026-09-17T15:50:36.584140Z","level":"WARN","message":"cannot take the trigger scheduler lease","error":"store: database is locked","target":"tachyon_serverless_application::services::triggers"}
{"timestamp":"2026-09-17T15:50:41.590450Z","level":"WARN","message":"dispatcher heartbeat failed","error":"store: the store connection stayed busy for 5 s (database locked?)","target":"tachyon_serverless_application::app"}
{"timestamp":"2026-09-17T15:50:41.591709Z","level":"WARN","message":"in-process configuration refresh failed","error":"control plane unavailable: ledger: store: the store connection stayed busy for 5 s (database locked?)","target":"tachyon_serverless_application::control::cache"}
{"timestamp":"2026-09-17T15:50:41.750227Z","level":"WARN","message":"object gc: purging tombstones failed","error":"store: database is locked","target":"tachyon_serverless_application::durable::gc"}
{"timestamp":"2026-09-17T15:50:41.750494Z","level":"INFO","message":"object retention pass","report":"GcReport { examined: 2, collected_expired: 0, collected_orphans: 0, kept_in_use: 0, kept_referenced: 0, incomplete_removed: 0, tombstones_purged: 0, failed: 3 }","target":"tachyon_serverless_gateway"}
{"timestamp":"2026-09-17T15:50:45.510164Z","level":"WARN","message":"reclaimed the work of dispatchers that lost their lease","dispatcher_id":"dsp_01m2r0tc3bhhk2z6qnz3mtvn3s","reclaimed_dispatchers":"[DispatcherId(dsp_01m2r0sj9ew98ne830aty7xczy)]","leases":0,"invocations":0,"attempts":0,"fenced":3,"target":"tachyon_serverless_application::services::dispatcher"}
{"timestamp":"2026-09-17T15:50:45.516866Z","level":"INFO","message":"async reaper pass","report":"ReapReport { examined: 1, abandoned: 1, republished: 0, dead_lettered: 0, lost: 1, failed: 0 }","target":"tachyon_serverless_application::services::invoke_async::dispatch"}
{"timestamp":"2026-09-17T15:50:45.519928Z","level":"INFO","message":"object retention pass","report":"GcReport { examined: 2, collected_expired: 0, collected_orphans: 0, kept_in_use: 1, kept_referenced: 1, incomplete_removed: 0, tombstones_purged: 0, failed: 0 }","target":"tachyon_serverless_gateway"}
{"timestamp":"2026-09-17T15:50:45.534687Z","level":"INFO","message":"object retention pass","report":"GcReport { examined: 2, collected_expired: 0, collected_orphans: 0, kept_in_use: 1, kept_referenced: 1, incomplete_removed: 0, tombstones_purged: 0, failed: 0 }","target":"tachyon_serverless_gateway"}
{"timestamp":"2026-09-17T15:50:45.583338Z","level":"INFO","message":"environment terminated","env_id":"env_01m2r0tctepcpyb6k1960r071b","reason":"Reconcile","was_running":false,"target":"tachyon_serverless_provider_firecracker::provider"}
{"timestamp":"2026-09-17T15:50:45.643088Z","level":"INFO","message":"cgroup stats at teardown","env_id":"env_01m2r0tet6nxw9434jffbdhbdd","cgroup":"/sys/fs/cgroup/tachyon/env_01m2r0tet6nxw9434jffbdhbdd","stats":"{\"cpu.max\":\"50000 100000\",\"cpu.stat\":{\"burst_usec\":0,\"core_sched.force_idle_usec\":0,\"nice_usec\":0,\"nr_bursts\":0,\"nr_periods\":232,\"nr_throttled\":215,\"system_usec\":6122225,\"throttled_usec\":9744744,\"usage_usec\":10937644,\"user_usec\":4815418},\"memory.current\":3706880,\"memory.events\":{\"high\":0,\"low\":0,\"max\":0,\"oom\":0,\"oom_group_kill\":0,\"oom_kill\":0,\"sock_throttled\":0},\"memory.max\":335544320,\"memory.peak\":43315200,\"pids.max\":64,\"pids.peak\":3}","target":"tachyon_serverless_provider_firecracker::provider"}
{"timestamp":"2026-09-17T15:50:45.660316Z","level":"INFO","message":"environment terminated","env_id":"env_01m2r0tet6nxw9434jffbdhbdd","reason":"Reconcile","was_running":true,"target":"tachyon_serverless_provider_firecracker::provider"}
{"timestamp":"2026-09-17T15:50:45.675598Z","level":"INFO","message":"fenced environment terminated and settled","environment_id":"env_01m2r0tet6nxw9434jffbdhbdd","owner":"Some(DispatcherId(dsp_01m2r0sj9ew98ne830aty7xczy))","was_running":true,"target":"tachyon_serverless_application::services::reconcile"}
{"timestamp":"2026-09-17T15:50:45.702985Z","level":"ERROR","message":"egress network teardown failed","env_id":"env_01m2r0v419db2nb3x098hcm6ye","error":"nft -f - failed (exit status: 1): /dev/stdin:1:49-65: Error: Could not process rule: No such file or directory\ndelete element inet tachyon_egress guest_taps { \"tsls074d21cca1f\" }\n                                                ^^^^^^^^^^^^^^^^^\n/dev/stdin:2:34-50: Error: Could not process rule: No such file or directory\ndelete chain inet tachyon_egress g_tsls074d21cca1f\n                                 ^^^^^^^^^^^^^^^^^\n--- script ---\ndelete element inet tachyon_egress guest_taps { \"tsls074d21cca1f\" }\ndelete chain inet tachyon_egress g_tsls074d21cca1f\n","target":"tachyon_serverless_provider_firecracker::provider"}
{"timestamp":"2026-09-17T15:50:45.707170Z","level":"INFO","message":"environment terminated","env_id":"env_01m2r0v419db2nb3x098hcm6ye","reason":"Reconcile","was_running":false,"target":"tachyon_serverless_provider_firecracker::provider"}
{"timestamp":"2026-09-17T15:50:45.711123Z","level":"INFO","message":"fenced environment terminated and settled","environment_id":"env_01m2r0v419db2nb3x098hcm6ye","owner":"Some(DispatcherId(dsp_01m2r0tc3bhhk2z6qnz3mtvn3s))","was_running":false,"target":"tachyon_serverless_application::services::reconcile"}
{"timestamp":"2026-09-17T15:50:45.767089Z","level":"INFO","message":"cgroup stats at teardown","env_id":"env_01m2r0v42je0f7xbt8x9sf5kg8","cgroup":"/sys/fs/cgroup/tachyon/env_01m2r0v42je0f7xbt8x9sf5kg8","stats":"{\"cpu.max\":\"50000 100000\",\"cpu.stat\":{\"burst_usec\":0,\"core_sched.force_idle_usec\":0,\"nice_usec\":0,\"nr_bursts\":0,\"nr_periods\":155,\"nr_throttled\":147,\"system_usec\":3854807,\"throttled_usec\":7113169,\"usage_usec\":7524157,\"user_usec\":3669349},\"memory.current\":3801088,\"memory.events\":{\"high\":0,\"low\":0,\"max\":0,\"oom\":0,\"oom_group_kill\":0,\"oom_kill\":0,\"sock_throttled\":0},\"memory.max\":335544320,\"memory.peak\":43687936,\"pids.max\":64,\"pids.peak\":3}","target":"tachyon_serverless_provider_firecracker::provider"}
{"timestamp":"2026-09-17T15:50:45.837344Z","level":"INFO","message":"egress policy counters at teardown","env_id":"env_01m2r0v42je0f7xbt8x9sf5kg8","counters":"table inet tachyon_egress {\n\tchain g_tsls8efd0530065 {\n\t\tmeta nfproto != ipv4 counter packets 0 bytes 0 drop\n\t\tip saddr != 172.30.0.6 counter packets 0 bytes 0 drop\n\t\tip daddr @blocked_ipv4 counter packets 0 bytes 0 drop\n\t\tip daddr 192.31.196.2 tcp dport 8787 counter packets 30 bytes 2718 accept\n\t\tcounter packets 0 bytes 0 drop\n\t}\n}\n","target":"tachyon_serverless_provider_firecracker::provider"}
{"timestamp":"2026-09-17T15:50:45.846975Z","level":"INFO","message":"environment terminated","env_id":"env_01m2r0v42je0f7xbt8x9sf5kg8","reason":"Reconcile","was_running":true,"target":"tachyon_serverless_provider_firecracker::provider"}
{"timestamp":"2026-09-17T15:50:45.853562Z","level":"INFO","message":"fenced environment terminated and settled","environment_id":"env_01m2r0v42je0f7xbt8x9sf5kg8","owner":"Some(DispatcherId(dsp_01m2r0sj9ew98ne830aty7xczy))","was_running":true,"target":"tachyon_serverless_application::services::reconcile"}
{"timestamp":"2026-09-17T15:50:45.854095Z","level":"ERROR","message":"dispatcher lease lost: refusing new invocations; in-flight completions will be refused if another dispatcher reclaimed them","dispatcher_id":"dsp_01m2r0tc3bhhk2z6qnz3mtvn3s","target":"tachyon_serverless_application::services::dispatcher"}
{"timestamp":"2026-09-17T15:50:46.562699Z","level":"INFO","message":"object retention pass","report":"GcReport { examined: 2, collected_expired: 0, collected_orphans: 0, kept_in_use: 1, kept_referenced: 1, incomplete_removed: 0, tombstones_purged: 0, failed: 0 }","target":"tachyon_serverless_gateway"}
{"timestamp":"2026-09-17T15:50:48.558491Z","level":"INFO","message":"object retention pass","report":"GcReport { examined: 2, collected_expired: 0, collected_orphans: 0, kept_in_use: 1, kept_referenced: 1, incomplete_removed: 0, tombstones_purged: 0, failed: 0 }","target":"tachyon_serverless_gateway"}
{"timestamp":"2026-09-17T15:50:48.569260Z","level":"INFO","message":"asynchronous run claimed","invocation_id":"inv_01m2r0vm68qvm7w6exz5pe2jc9","attempt":2,"generation":5,"delivery_count":1,"target":"tachyon_serverless_application::services::invoke_async::dispatch"}
{"timestamp":"2026-09-17T15:50:48.586184Z","level":"INFO","message":"asynchronous invocation rescheduled","invocation_id":"inv_01m2r0vm68qvm7w6exz5pe2jc9","next_attempt_at":"2026-09-17T15:50:49.131383024+00:00","counted":false,"error_type":"Host.DispatcherFenced","target":"tachyon_serverless_application::services::invoke_async::dispatch"}
{"timestamp":"2026-09-17T15:50:48.589576Z","level":"INFO","message":"async dispatch: delivery handled","message_id":"inv_01m2r0vm68qvm7w6exz5pe2jc9.g5","sequence":32,"delivery_count":1,"outcome":"Rescheduled { next_attempt_at: 2026-09-17T15:50:49.131383024Z, counted: false }","target":"tachyon_serverless_application::services::invoke_async::dispatch"}
{"timestamp":"2026-09-17T15:50:49.193641Z","level":"INFO","message":"asynchronous run claimed","invocation_id":"inv_01m2r0vm68qvm7w6exz5pe2jc9","attempt":2,"generation":6,"delivery_count":1,"target":"tachyon_serverless_application::services::invoke_async::dispatch"}
{"timestamp":"2026-09-17T15:50:49.202166Z","level":"INFO","message":"asynchronous invocation rescheduled","invocation_id":"inv_01m2r0vm68qvm7w6exz5pe2jc9","next_attempt_at":"2026-09-17T15:50:49.297615769+00:00","counted":false,"error_type":"Host.DispatcherFenced","target":"tachyon_serverless_application::services::invoke_async::dispatch"}
{"timestamp":"2026-09-17T15:50:49.205368Z","level":"INFO","message":"async dispatch: delivery handled","message_id":"inv_01m2r0vm68qvm7w6exz5pe2jc9.g6","sequence":33,"delivery_count":1,"outcome":"Rescheduled { next_attempt_at: 2026-09-17T15:50:49.297615769Z, counted: false }","target":"tachyon_serverless_application::services::invoke_async::dispatch"}
{"timestamp":"2026-09-17T15:50:50.560512Z","level":"INFO","message":"object retention pass","report":"GcReport { examined: 2, collected_expired: 0, collected_orphans: 0, kept_in_use: 1, kept_referenced: 1, incomplete_removed: 0, tombstones_purged: 0, failed: 0 }","target":"tachyon_serverless_gateway"}
{"timestamp":"2026-09-17T15:50:52.567499Z","level":"INFO","message":"object retention pass","report":"GcReport { examined: 2, collected_expired: 0, collected_orphans: 0, kept_in_use: 1, kept_referenced: 1, incomplete_removed: 0, tombstones_purged: 0, failed: 0 }","target":"tachyon_serverless_gateway"}
{"timestamp":"2026-09-17T15:50:54.560845Z","level":"INFO","message":"object retention pass","report":"GcReport { examined: 2, collected_expired: 0, collected_orphans: 0, kept_in_use: 1, kept_referenced: 1, incomplete_removed: 0, tombstones_purged: 0, failed: 0 }","target":"tachyon_serverless_gateway"}
{"timestamp":"2026-09-17T15:50:55.655217Z","level":"INFO","message":"async dispatch: delivery handled","message_id":"inv_01m2r0vm68qvm7w6exz5pe2jc9.g10","sequence":37,"delivery_count":2,"outcome":"Skipped(\"claimed\")","target":"tachyon_serverless_application::services::invoke_async::dispatch"}
{"timestamp":"2026-09-17T15:50:56.561812Z","level":"INFO","message":"object retention pass","report":"GcReport { examined: 2, collected_expired: 0, collected_orphans: 0, kept_in_use: 1, kept_referenced: 1, incomplete_removed: 0, tombstones_purged: 0, failed: 0 }","target":"tachyon_serverless_gateway"}
{"timestamp":"2026-09-17T15:50:58.561810Z","level":"INFO","message":"object retention pass","report":"GcReport { examined: 2, collected_expired: 0, collected_orphans: 0, kept_in_use: 1, kept_referenced: 1, incomplete_removed: 0, tombstones_purged: 0, failed: 0 }","target":"tachyon_serverless_gateway"}
{"timestamp":"2026-09-17T15:51:00.561000Z","level":"INFO","message":"object retention pass","report":"GcReport { examined: 2, collected_expired: 0, collected_orphans: 0, kept_in_use: 1, kept_referenced: 1, incomplete_removed: 0, tombstones_purged: 0, failed: 0 }","target":"tachyon_serverless_gateway"}
{"timestamp":"2026-09-17T15:51:02.563470Z","level":"INFO","message":"object retention pass","report":"GcReport { examined: 2, collected_expired: 0, collected_orphans: 0, kept_in_use: 1, kept_referenced: 1, incomplete_removed: 0, tombstones_purged: 0, failed: 0 }","target":"tachyon_serverless_gateway"}
{"timestamp":"2026-09-17T15:51:04.422614Z","level":"INFO","message":"object retention pass","report":"GcReport { examined: 2, collected_expired: 0, collected_orphans: 0, kept_in_use: 1, kept_referenced: 1, incomplete_removed: 0, tombstones_purged: 0, failed: 0 }","target":"tachyon_serverless_gateway"}
{"timestamp":"2026-09-17T15:51:06.418635Z","level":"INFO","message":"object retention pass","report":"GcReport { examined: 2, collected_expired: 0, collected_orphans: 0, kept_in_use: 1, kept_referenced: 1, incomplete_removed: 0, tombstones_purged: 0, failed: 0 }","target":"tachyon_serverless_gateway"}
{"timestamp":"2026-09-17T15:51:08.421206Z","level":"INFO","message":"object retention pass","report":"GcReport { examined: 2, collected_expired: 0, collected_orphans: 0, kept_in_use: 0, kept_referenced: 2, incomplete_removed: 0, tombstones_purged: 0, failed: 0 }","target":"tachyon_serverless_gateway"}
{"timestamp":"2026-09-17T15:51:10.422622Z","level":"INFO","message":"object retention pass","report":"GcReport { examined: 2, collected_expired: 0, collected_orphans: 0, kept_in_use: 0, kept_referenced: 2, incomplete_removed: 0, tombstones_purged: 0, failed: 0 }","target":"tachyon_serverless_gateway"}
{"timestamp":"2026-09-17T15:51:12.424584Z","level":"INFO","message":"object retention pass","report":"GcReport { examined: 2, collected_expired: 0, collected_orphans: 0, kept_in_use: 0, kept_referenced: 2, incomplete_removed: 0, tombstones_purged: 0, failed: 0 }","target":"tachyon_serverless_gateway"}
{"timestamp":"2026-09-17T15:51:14.167945Z","level":"INFO","message":"SIGTERM received","target":"tachyon_serverless_gateway"}
{"timestamp":"2026-09-17T15:51:14.167999Z","level":"INFO","message":"shutdown requested; cancelling in-flight invocations","target":"tachyon_serverless_gateway"}
{"timestamp":"2026-09-17T15:51:14.187514Z","level":"INFO","message":"final usage collection","report":"CollectReport { batches: 0, read: 0, inserted: 0, duplicates: 0, cursor_seq: 112 }","target":"tachyon_serverless_gateway"}
{"timestamp":"2026-09-17T15:51:14.210654Z","level":"INFO","message":"gateway stopped","target":"tachyon_serverless_gateway"}
{"timestamp":"2026-09-17T15:51:14.212145Z","level":"INFO","message":"event: closed","target":"async_nats"}
