
===== a start (failpoints: none) 04:27:55 =====
{"timestamp":"2026-09-18T04:27:55.789142Z","level":"INFO","message":"configuration loaded","config":"/home/takanorifukuyama.guest/w/tsls-chaos.5Mo8b3/gw-a.toml","target":"tachyon_serverless_gateway"}
{"timestamp":"2026-09-18T04:27:55.791832Z","level":"INFO","message":"connected successfully","server":"52219","max_payload":"1048576","target":"async_nats::connector"}
{"timestamp":"2026-09-18T04:27:55.791934Z","level":"INFO","message":"event: connected","target":"async_nats"}
{"timestamp":"2026-09-18T04:27:55.796637Z","level":"INFO","message":"JetStream queue connected and stream bootstrapped","url":"nats://127.0.0.1:52219","stream":"TACHYON_EVENTS","target":"tachyon_serverless_gateway::durable"}
{"timestamp":"2026-09-18T04:27:55.806781Z","level":"INFO","message":"state store opened","path":"/home/takanorifukuyama.guest/w/tsls-chaos.5Mo8b3/data/state.db","schema_version":8,"migrations_applied":"[1, 2, 3, 4, 5, 6, 7, 8]","imported_state_json":"None","settled_invocations":0,"settled_attempts":0,"settled_environments":0,"released_leases":0,"dropped_idempotency_keys":0,"purged_idempotency_keys":0,"outputs_purged":0,"target":"tachyon_serverless_application::app"}
{"timestamp":"2026-09-18T04:27:55.813510Z","level":"INFO","message":"log store opened","path":"/home/takanorifukuyama.guest/w/tsls-chaos.5Mo8b3/data/logs/logs.db","healthy":true,"retention_seconds":604800,"max_total_bytes":1073741824,"target":"tachyon_serverless_application::app"}
{"timestamp":"2026-09-18T04:27:55.814105Z","level":"INFO","message":"dispatcher registered","dispatcher_id":"dsp_01m2scas15gsx1rw11q1p1vgry","instance":"chaos-a","pid":824559,"lease_ttl_seconds":6,"target":"tachyon_serverless_application::services::dispatcher"}
{"timestamp":"2026-09-18T04:27:55.823895Z","level":"INFO","message":"application bootstrapped","profile":"dev","provider":"process","dev_only":true,"environment_reuse":false,"reuse_verified":false,"reuse_reason":"[pool] enabled is false","reuse_disabled":"Some(Configuration)","idle_quiesce":"unsupported","idle_resume":"unsupported","data_dir":"/home/takanorifukuyama.guest/w/tsls-chaos.5Mo8b3/data","store":"sqlite","dispatcher_id":"dsp_01m2scas15gsx1rw11q1p1vgry","node":"local","node_region":"none","node_memory_mib":"None","max_concurrency":8,"queue":"nats","objects":"filesystem","invoke_async":true,"triggers":true,"target":"tachyon_serverless_application::app"}
{"timestamp":"2026-09-18T04:27:55.824110Z","level":"INFO","message":"startup reconcile finished","provider":"process","found":0,"adopted":0,"terminated":0,"disowned":0,"failed":0,"lost":0,"foreign":0,"reclaimed_dispatchers":0,"fenced_terminated":0,"fenced_pending":0,"target":"tachyon_serverless_application::services::reconcile"}
{"timestamp":"2026-09-18T04:27:55.824180Z","level":"INFO","message":"gateway listening","addr":"127.0.0.1:49477","profile":"dev","provider":"process","target":"tachyon_serverless_gateway"}
{"timestamp":"2026-09-18T04:27:55.825270Z","level":"INFO","message":"asynchronous dispatcher started","workers":2,"owner":"dsp_01m2scas15gsx1rw11q1p1vgry","target":"tachyon_serverless_gateway"}
{"timestamp":"2026-09-18T04:27:59.659609Z","level":"INFO","message":"revision ready","revision_id":"rev_01m2scavmj8pee3ah5dvdbpyx0","function_id":"fn_01m2scas9pxmp9505qb88kjtwy","target":"tachyon_serverless_application::services::revision"}
{"timestamp":"2026-09-18T04:28:03.208873Z","level":"INFO","message":"revision ready","revision_id":"rev_01m2scaz47ezvzw0cthxs9d24q","function_id":"fn_01m2scawvewznfqpy7czqvp18g","target":"tachyon_serverless_application::services::revision"}
{"timestamp":"2026-09-18T04:28:06.818479Z","level":"INFO","message":"revision ready","revision_id":"rev_01m2scb2mvc4w0k6x13tdbp0by","function_id":"fn_01m2scb0b83anb39skagg7bwrt","target":"tachyon_serverless_application::services::revision"}
{"timestamp":"2026-09-18T04:28:06.901883Z","level":"INFO","message":"trigger created","trigger_id":"trg_01m2scb3vmkn92f6hfw1ycpyhm","function_id":"fn_01m2scawvewznfqpy7czqvp18g","kind":"cron","enabled":true,"next_fire_at":"Some(2026-09-18T04:28:08Z)","target":"tachyon_serverless_application::services::triggers"}
{"timestamp":"2026-09-18T04:28:06.907093Z","level":"INFO","message":"trigger created","trigger_id":"trg_01m2scb3vtr8tvmzbqbjvsy46y","function_id":"fn_01m2scawvewznfqpy7czqvp18g","kind":"webhook","enabled":true,"next_fire_at":"None","target":"tachyon_serverless_application::services::triggers"}
{"timestamp":"2026-09-18T04:28:08.002696Z","level":"INFO","message":"asynchronous invocation accepted","invocation_id":"inv_01m2scb4y1ds313pvdtwrw01eq","tenant_id":"tn_01hzzzzzzzzzzzzzzzzzzzzzza","revision_id":"rev_01m2scaz47ezvzw0cthxs9d24q","input_bytes":180,"input_storage":"inline","target":"tachyon_serverless_application::services::invoke_async"}
{"timestamp":"2026-09-18T04:28:08.002737Z","level":"INFO","message":"cron trigger fired","trigger_id":"trg_01m2scb3vmkn92f6hfw1ycpyhm","scheduled_at":"2026-09-18T04:28:08Z","invocation_id":"inv_01m2scb4y1ds313pvdtwrw01eq","revision_id":"rev_01m2scaz47ezvzw0cthxs9d24q","replayed":false,"target":"tachyon_serverless_application::services::triggers"}
{"timestamp":"2026-09-18T04:28:08.005593Z","level":"INFO","message":"asynchronous run claimed","invocation_id":"inv_01m2scb4y1ds313pvdtwrw01eq","attempt":1,"generation":0,"delivery_count":1,"target":"tachyon_serverless_application::services::invoke_async::dispatch"}
{"timestamp":"2026-09-18T04:28:08.059737Z","level":"INFO","message":"bridge spawned","environment_id":"env_01m2scb3w47y28y8150xg4pybw","pid":825227,"target":"tachyon_serverless_provider_process"}
{"timestamp":"2026-09-18T04:28:08.083563Z","level":"INFO","message":"invocation finished","invocation_id":"inv_01m2scb3w3anzkz0trc5nqhxhq","status":"succeeded","handler_ms":6,"environment_boot_ms":1,"runtime_init_ms":4,"target":"tachyon_serverless_application::services::invoke"}
{"timestamp":"2026-09-18T04:28:08.085483Z","level":"INFO","message":"terminating bridge","environment_id":"env_01m2scb3w47y28y8150xg4pybw","pid":825227,"reason":"Completed","graceful":true,"target":"tachyon_serverless_provider_process"}
{"timestamp":"2026-09-18T04:28:08.109507Z","level":"INFO","message":"asynchronous invocation accepted","invocation_id":"inv_01m2scb51c9qr3m7bfqgdtxscm","tenant_id":"tn_01hzzzzzzzzzzzzzzzzzzzzzza","revision_id":"rev_01m2scavmj8pee3ah5dvdbpyx0","input_bytes":47,"input_storage":"inline","target":"tachyon_serverless_application::services::invoke_async"}
{"timestamp":"2026-09-18T04:28:08.113091Z","level":"INFO","message":"asynchronous run claimed","invocation_id":"inv_01m2scb51c9qr3m7bfqgdtxscm","attempt":1,"generation":0,"delivery_count":1,"target":"tachyon_serverless_application::services::invoke_async::dispatch"}
{"timestamp":"2026-09-18T04:28:08.134389Z","level":"INFO","message":"asynchronous invocation accepted","invocation_id":"inv_01m2scb523qj6es0hmej3h9zg1","tenant_id":"tn_01hzzzzzzzzzzzzzzzzzzzzzza","revision_id":"rev_01m2scavmj8pee3ah5dvdbpyx0","input_bytes":4127,"input_storage":"object","target":"tachyon_serverless_application::services::invoke_async"}
{"timestamp":"2026-09-18T04:28:08.150311Z","level":"INFO","message":"asynchronous invocation accepted","invocation_id":"inv_01m2scb52nh81y2ec4j2tgsmav","tenant_id":"tn_01hzzzzzzzzzzzzzzzzzzzzzza","revision_id":"rev_01m2scaz47ezvzw0cthxs9d24q","input_bytes":189,"input_storage":"inline","target":"tachyon_serverless_application::services::invoke_async"}
{"timestamp":"2026-09-18T04:28:08.150352Z","level":"INFO","message":"webhook trigger fired","trigger_id":"trg_01m2scb3vtr8tvmzbqbjvsy46y","event_id":"evt-pre-w1","invocation_id":"inv_01m2scb52nh81y2ec4j2tgsmav","revision_id":"rev_01m2scaz47ezvzw0cthxs9d24q","replayed":false,"target":"tachyon_serverless_application::services::triggers"}
{"timestamp":"2026-09-18T04:28:09.252415Z","level":"INFO","message":"bridge spawned","environment_id":"env_01m2scb4y5e0hccwvghy0v3bma","pid":825305,"target":"tachyon_serverless_provider_process"}
{"timestamp":"2026-09-18T04:28:09.275792Z","level":"INFO","message":"invocation finished","invocation_id":"inv_01m2scb4y1ds313pvdtwrw01eq","status":"succeeded (async run)","handler_ms":0,"environment_boot_ms":2,"runtime_init_ms":6,"target":"tachyon_serverless_application::services::invoke"}
{"timestamp":"2026-09-18T04:28:09.277830Z","level":"INFO","message":"terminating bridge","environment_id":"env_01m2scb4y5e0hccwvghy0v3bma","pid":825305,"reason":"Completed","graceful":true,"target":"tachyon_serverless_provider_process"}
{"timestamp":"2026-09-18T04:28:09.281018Z","level":"INFO","message":"asynchronous invocation settled","invocation_id":"inv_01m2scb4y1ds313pvdtwrw01eq","status":"succeeded","target":"tachyon_serverless_application::services::invoke_async::dispatch"}
{"timestamp":"2026-09-18T04:28:09.282975Z","level":"INFO","message":"async dispatch: delivery handled","message_id":"inv_01m2scb4y1ds313pvdtwrw01eq","sequence":1,"delivery_count":1,"outcome":"Completed { status: \"succeeded\" }","target":"tachyon_serverless_application::services::invoke_async::dispatch"}
{"timestamp":"2026-09-18T04:28:09.283993Z","level":"INFO","message":"asynchronous run claimed","invocation_id":"inv_01m2scb523qj6es0hmej3h9zg1","attempt":1,"generation":0,"delivery_count":1,"target":"tachyon_serverless_application::services::invoke_async::dispatch"}
{"timestamp":"2026-09-18T04:28:09.336110Z","level":"INFO","message":"bridge spawned","environment_id":"env_01m2scb51hjjkgyd6a1gyp2h45","pid":825315,"target":"tachyon_serverless_provider_process"}
{"timestamp":"2026-09-18T04:28:09.350570Z","level":"INFO","message":"bridge spawned","environment_id":"env_01m2scb52zyz6397sxmysd6b3q","pid":825325,"target":"tachyon_serverless_provider_process"}
{"timestamp":"2026-09-18T04:28:09.385361Z","level":"INFO","message":"invocation finished","invocation_id":"inv_01m2scb51c9qr3m7bfqgdtxscm","status":"succeeded (async run)","handler_ms":10,"environment_boot_ms":1,"runtime_init_ms":12,"target":"tachyon_serverless_application::services::invoke"}
{"timestamp":"2026-09-18T04:28:09.390775Z","level":"INFO","message":"terminating bridge","environment_id":"env_01m2scb51hjjkgyd6a1gyp2h45","pid":825315,"reason":"Completed","graceful":true,"target":"tachyon_serverless_provider_process"}
{"timestamp":"2026-09-18T04:28:09.392714Z","level":"INFO","message":"invocation finished","invocation_id":"inv_01m2scb52ybzydz55wff15zz2w","status":"succeeded","handler_ms":0,"environment_boot_ms":1,"runtime_init_ms":26,"target":"tachyon_serverless_application::services::invoke"}
{"timestamp":"2026-09-18T04:28:09.395860Z","level":"INFO","message":"asynchronous invocation settled","invocation_id":"inv_01m2scb51c9qr3m7bfqgdtxscm","status":"succeeded","target":"tachyon_serverless_application::services::invoke_async::dispatch"}
{"timestamp":"2026-09-18T04:28:09.396030Z","level":"INFO","message":"terminating bridge","environment_id":"env_01m2scb52zyz6397sxmysd6b3q","pid":825325,"reason":"Completed","graceful":true,"target":"tachyon_serverless_provider_process"}
{"timestamp":"2026-09-18T04:28:09.396494Z","level":"INFO","message":"async dispatch: delivery handled","message_id":"inv_01m2scb51c9qr3m7bfqgdtxscm","sequence":2,"delivery_count":1,"outcome":"Completed { status: \"succeeded\" }","target":"tachyon_serverless_application::services::invoke_async::dispatch"}
{"timestamp":"2026-09-18T04:28:09.397308Z","level":"INFO","message":"asynchronous run claimed","invocation_id":"inv_01m2scb52nh81y2ec4j2tgsmav","attempt":1,"generation":0,"delivery_count":1,"target":"tachyon_serverless_application::services::invoke_async::dispatch"}
{"timestamp":"2026-09-18T04:28:09.423756Z","level":"INFO","message":"asynchronous invocation accepted","invocation_id":"inv_01m2scb6aeptyre6z6zvjwjbe7","tenant_id":"tn_01hzzzzzzzzzzzzzzzzzzzzzza","revision_id":"rev_01m2scavmj8pee3ah5dvdbpyx0","input_bytes":47,"input_storage":"inline","target":"tachyon_serverless_application::services::invoke_async"}
{"timestamp":"2026-09-18T04:28:09.448919Z","level":"INFO","message":"asynchronous invocation accepted","invocation_id":"inv_01m2scb6b54dhgbaq99hny4pmv","tenant_id":"tn_01hzzzzzzzzzzzzzzzzzzzzzza","revision_id":"rev_01m2scavmj8pee3ah5dvdbpyx0","input_bytes":4127,"input_storage":"object","target":"tachyon_serverless_application::services::invoke_async"}
{"timestamp":"2026-09-18T04:28:09.466055Z","level":"INFO","message":"asynchronous invocation accepted","invocation_id":"inv_01m2scb6brgs27qp6t8t9m7yde","tenant_id":"tn_01hzzzzzzzzzzzzzzzzzzzzzza","revision_id":"rev_01m2scaz47ezvzw0cthxs9d24q","input_bytes":189,"input_storage":"inline","target":"tachyon_serverless_application::services::invoke_async"}
{"timestamp":"2026-09-18T04:28:09.466092Z","level":"INFO","message":"webhook trigger fired","trigger_id":"trg_01m2scb3vtr8tvmzbqbjvsy46y","event_id":"evt-pre-w2","invocation_id":"inv_01m2scb6brgs27qp6t8t9m7yde","revision_id":"rev_01m2scaz47ezvzw0cthxs9d24q","replayed":false,"target":"tachyon_serverless_application::services::triggers"}
{"timestamp":"2026-09-18T04:28:09.477572Z","level":"INFO","message":"trigger updated","trigger_id":"trg_01m2scb3vmkn92f6hfw1ycpyhm","generation":2,"status":"disabled","next_fire_at":"None","rotated_secret":false,"target":"tachyon_serverless_application::services::triggers"}
{"timestamp":"2026-09-18T04:28:10.507809Z","level":"INFO","message":"bridge spawned","environment_id":"env_01m2scb665aahwe65e5kgnyftj","pid":825412,"target":"tachyon_serverless_provider_process"}
{"timestamp":"2026-09-18T04:28:10.564196Z","level":"INFO","message":"invocation finished","invocation_id":"inv_01m2scb523qj6es0hmej3h9zg1","status":"succeeded (async run)","handler_ms":16,"environment_boot_ms":1,"runtime_init_ms":14,"target":"tachyon_serverless_application::services::invoke"}
{"timestamp":"2026-09-18T04:28:10.576073Z","level":"INFO","message":"terminating bridge","environment_id":"env_01m2scb665aahwe65e5kgnyftj","pid":825412,"reason":"Completed","graceful":true,"target":"tachyon_serverless_provider_process"}
{"timestamp":"2026-09-18T04:28:10.578332Z","level":"INFO","message":"bridge spawned","environment_id":"env_01m2scb69n0frz72mxq2kk1hqa","pid":825422,"target":"tachyon_serverless_provider_process"}
{"timestamp":"2026-09-18T04:28:10.620520Z","level":"INFO","message":"asynchronous invocation settled","invocation_id":"inv_01m2scb523qj6es0hmej3h9zg1","status":"succeeded","target":"tachyon_serverless_application::services::invoke_async::dispatch"}
{"timestamp":"2026-09-18T04:28:10.634558Z","level":"INFO","message":"async dispatch: delivery handled","message_id":"inv_01m2scb523qj6es0hmej3h9zg1","sequence":3,"delivery_count":1,"outcome":"Completed { status: \"succeeded\" }","target":"tachyon_serverless_application::services::invoke_async::dispatch"}
{"timestamp":"2026-09-18T04:28:10.635512Z","level":"INFO","message":"invocation finished","invocation_id":"inv_01m2scb52nh81y2ec4j2tgsmav","status":"succeeded (async run)","handler_ms":0,"environment_boot_ms":1,"runtime_init_ms":29,"target":"tachyon_serverless_application::services::invoke"}
{"timestamp":"2026-09-18T04:28:10.636109Z","level":"INFO","message":"asynchronous run claimed","invocation_id":"inv_01m2scb6aeptyre6z6zvjwjbe7","attempt":1,"generation":0,"delivery_count":1,"target":"tachyon_serverless_application::services::invoke_async::dispatch"}
{"timestamp":"2026-09-18T04:28:10.637465Z","level":"INFO","message":"terminating bridge","environment_id":"env_01m2scb69n0frz72mxq2kk1hqa","pid":825422,"reason":"Completed","graceful":true,"target":"tachyon_serverless_provider_process"}
{"timestamp":"2026-09-18T04:28:10.642174Z","level":"INFO","message":"asynchronous invocation settled","invocation_id":"inv_01m2scb52nh81y2ec4j2tgsmav","status":"succeeded","target":"tachyon_serverless_application::services::invoke_async::dispatch"}
{"timestamp":"2026-09-18T04:28:10.642688Z","level":"INFO","message":"async dispatch: delivery handled","message_id":"inv_01m2scb52nh81y2ec4j2tgsmav","sequence":4,"delivery_count":1,"outcome":"Completed { status: \"succeeded\" }","target":"tachyon_serverless_application::services::invoke_async::dispatch"}
{"timestamp":"2026-09-18T04:28:10.643329Z","level":"INFO","message":"asynchronous run claimed","invocation_id":"inv_01m2scb6b54dhgbaq99hny4pmv","attempt":1,"generation":0,"delivery_count":1,"target":"tachyon_serverless_application::services::invoke_async::dispatch"}
{"timestamp":"2026-09-18T04:28:11.847025Z","level":"INFO","message":"bridge spawned","environment_id":"env_01m2scb7gcc8skmfxsctr1dc42","pid":825450,"target":"tachyon_serverless_provider_process"}
{"timestamp":"2026-09-18T04:28:11.857254Z","level":"INFO","message":"bridge spawned","environment_id":"env_01m2scb7gp7a32tcrstmamemf3","pid":825460,"target":"tachyon_serverless_provider_process"}
{"timestamp":"2026-09-18T04:28:11.875477Z","level":"INFO","message":"invocation finished","invocation_id":"inv_01m2scb6aeptyre6z6zvjwjbe7","status":"succeeded (async run)","handler_ms":2,"environment_boot_ms":1,"runtime_init_ms":5,"target":"tachyon_serverless_application::services::invoke"}
{"timestamp":"2026-09-18T04:28:11.881809Z","level":"INFO","message":"terminating bridge","environment_id":"env_01m2scb7gcc8skmfxsctr1dc42","pid":825450,"reason":"Completed","graceful":true,"target":"tachyon_serverless_provider_process"}
{"timestamp":"2026-09-18T04:28:11.889035Z","level":"INFO","message":"invocation finished","invocation_id":"inv_01m2scb6b54dhgbaq99hny4pmv","status":"succeeded (async run)","handler_ms":4,"environment_boot_ms":1,"runtime_init_ms":16,"target":"tachyon_serverless_application::services::invoke"}
{"timestamp":"2026-09-18T04:28:11.891076Z","level":"INFO","message":"asynchronous invocation settled","invocation_id":"inv_01m2scb6aeptyre6z6zvjwjbe7","status":"succeeded","target":"tachyon_serverless_application::services::invoke_async::dispatch"}
{"timestamp":"2026-09-18T04:28:11.891156Z","level":"INFO","message":"terminating bridge","environment_id":"env_01m2scb7gp7a32tcrstmamemf3","pid":825460,"reason":"Completed","graceful":true,"target":"tachyon_serverless_provider_process"}
{"timestamp":"2026-09-18T04:28:11.894194Z","level":"INFO","message":"asynchronous invocation settled","invocation_id":"inv_01m2scb6b54dhgbaq99hny4pmv","status":"succeeded","target":"tachyon_serverless_application::services::invoke_async::dispatch"}
{"timestamp":"2026-09-18T04:28:11.894283Z","level":"INFO","message":"async dispatch: delivery handled","message_id":"inv_01m2scb6aeptyre6z6zvjwjbe7","sequence":5,"delivery_count":1,"outcome":"Completed { status: \"succeeded\" }","target":"tachyon_serverless_application::services::invoke_async::dispatch"}
{"timestamp":"2026-09-18T04:28:11.894724Z","level":"INFO","message":"async dispatch: delivery handled","message_id":"inv_01m2scb6b54dhgbaq99hny4pmv","sequence":6,"delivery_count":1,"outcome":"Completed { status: \"succeeded\" }","target":"tachyon_serverless_application::services::invoke_async::dispatch"}
{"timestamp":"2026-09-18T04:28:11.895211Z","level":"INFO","message":"asynchronous run claimed","invocation_id":"inv_01m2scb6brgs27qp6t8t9m7yde","attempt":1,"generation":0,"delivery_count":1,"target":"tachyon_serverless_application::services::invoke_async::dispatch"}
{"timestamp":"2026-09-18T04:28:13.051577Z","level":"INFO","message":"bridge spawned","environment_id":"env_01m2scb8qqf2w24cw3j0wfq7nf","pid":825482,"target":"tachyon_serverless_provider_process"}
{"timestamp":"2026-09-18T04:28:13.091395Z","level":"INFO","message":"invocation finished","invocation_id":"inv_01m2scb6brgs27qp6t8t9m7yde","status":"succeeded (async run)","handler_ms":10,"environment_boot_ms":1,"runtime_init_ms":16,"target":"tachyon_serverless_application::services::invoke"}
{"timestamp":"2026-09-18T04:28:13.097289Z","level":"INFO","message":"terminating bridge","environment_id":"env_01m2scb8qqf2w24cw3j0wfq7nf","pid":825482,"reason":"Completed","graceful":true,"target":"tachyon_serverless_provider_process"}
{"timestamp":"2026-09-18T04:28:13.115431Z","level":"INFO","message":"asynchronous invocation settled","invocation_id":"inv_01m2scb6brgs27qp6t8t9m7yde","status":"succeeded","target":"tachyon_serverless_application::services::invoke_async::dispatch"}
{"timestamp":"2026-09-18T04:28:13.116188Z","level":"INFO","message":"async dispatch: delivery handled","message_id":"inv_01m2scb6brgs27qp6t8t9m7yde","sequence":7,"delivery_count":1,"outcome":"Completed { status: \"succeeded\" }","target":"tachyon_serverless_application::services::invoke_async::dispatch"}
{"timestamp":"2026-09-18T04:28:13.379443Z","level":"INFO","message":"SIGTERM received","target":"tachyon_serverless_gateway"}
{"timestamp":"2026-09-18T04:28:13.379490Z","level":"INFO","message":"shutdown requested; cancelling in-flight invocations","target":"tachyon_serverless_gateway"}
{"timestamp":"2026-09-18T04:28:13.380075Z","level":"INFO","message":"final usage collection","report":"CollectReport { batches: 0, read: 0, inserted: 0, duplicates: 0, cursor_seq: 45 }","target":"tachyon_serverless_gateway"}
{"timestamp":"2026-09-18T04:28:13.384752Z","level":"INFO","message":"gateway stopped","target":"tachyon_serverless_gateway"}
{"timestamp":"2026-09-18T04:28:13.385092Z","level":"INFO","message":"event: closed","target":"async_nats"}

===== a start (failpoints: accept.after_commit=kill) 04:28:13 =====
{"timestamp":"2026-09-18T04:28:13.502827Z","level":"INFO","message":"configuration loaded","config":"/home/takanorifukuyama.guest/w/tsls-chaos.5Mo8b3/gw-a.toml","target":"tachyon_serverless_gateway"}
{"timestamp":"2026-09-18T04:28:13.505389Z","level":"INFO","message":"connected successfully","server":"52219","max_payload":"1048576","target":"async_nats::connector"}
{"timestamp":"2026-09-18T04:28:13.505536Z","level":"INFO","message":"event: connected","target":"async_nats"}
{"timestamp":"2026-09-18T04:28:13.511509Z","level":"INFO","message":"JetStream queue connected and stream bootstrapped","url":"nats://127.0.0.1:52219","stream":"TACHYON_EVENTS","target":"tachyon_serverless_gateway::durable"}
{"timestamp":"2026-09-18T04:28:13.513340Z","level":"INFO","message":"state store opened","path":"/home/takanorifukuyama.guest/w/tsls-chaos.5Mo8b3/data/state.db","schema_version":8,"migrations_applied":"[]","imported_state_json":"None","settled_invocations":0,"settled_attempts":0,"settled_environments":0,"released_leases":0,"dropped_idempotency_keys":0,"purged_idempotency_keys":0,"outputs_purged":0,"target":"tachyon_serverless_application::app"}
{"timestamp":"2026-09-18T04:28:13.515243Z","level":"INFO","message":"log store opened","path":"/home/takanorifukuyama.guest/w/tsls-chaos.5Mo8b3/data/logs/logs.db","healthy":true,"retention_seconds":604800,"max_total_bytes":1073741824,"target":"tachyon_serverless_application::app"}
{"timestamp":"2026-09-18T04:28:13.516473Z","level":"INFO","message":"dispatcher registered","dispatcher_id":"dsp_01m2scbaabcxyarpfdrk3b9fe9","instance":"chaos-a","pid":825506,"lease_ttl_seconds":6,"target":"tachyon_serverless_application::services::dispatcher"}
{"timestamp":"2026-09-18T04:28:13.517297Z","level":"WARN","message":"reclaimed the work of dispatchers that lost their lease","dispatcher_id":"dsp_01m2scbaabcxyarpfdrk3b9fe9","reclaimed_dispatchers":"[DispatcherId(dsp_01m2scas15gsx1rw11q1p1vgry)]","leases":0,"invocations":0,"attempts":0,"fenced":0,"target":"tachyon_serverless_application::services::dispatcher"}
{"timestamp":"2026-09-18T04:28:13.518400Z","level":"WARN","message":"failpoint armed from TSLS_FAILPOINTS","name":"accept.after_commit","action":"Kill","count":"None","target":"tachyon_serverless_application::failpoints"}
{"timestamp":"2026-09-18T04:28:13.518460Z","level":"INFO","message":"application bootstrapped","profile":"dev","provider":"process","dev_only":true,"environment_reuse":false,"reuse_verified":false,"reuse_reason":"[pool] enabled is false","reuse_disabled":"Some(Configuration)","idle_quiesce":"unsupported","idle_resume":"unsupported","data_dir":"/home/takanorifukuyama.guest/w/tsls-chaos.5Mo8b3/data","store":"sqlite","dispatcher_id":"dsp_01m2scbaabcxyarpfdrk3b9fe9","node":"local","node_region":"none","node_memory_mib":"None","max_concurrency":8,"queue":"nats","objects":"filesystem","invoke_async":true,"triggers":true,"target":"tachyon_serverless_application::app"}
{"timestamp":"2026-09-18T04:28:13.518792Z","level":"INFO","message":"startup reconcile finished","provider":"process","found":0,"adopted":0,"terminated":0,"disowned":0,"failed":0,"lost":0,"foreign":0,"reclaimed_dispatchers":0,"fenced_terminated":0,"fenced_pending":0,"target":"tachyon_serverless_application::services::reconcile"}
{"timestamp":"2026-09-18T04:28:13.518905Z","level":"INFO","message":"gateway listening","addr":"127.0.0.1:49477","profile":"dev","provider":"process","target":"tachyon_serverless_gateway"}
{"timestamp":"2026-09-18T04:28:13.520451Z","level":"INFO","message":"asynchronous dispatcher started","workers":2,"owner":"dsp_01m2scbaabcxyarpfdrk3b9fe9","target":"tachyon_serverless_gateway"}
{"timestamp":"2026-09-18T04:28:13.825841Z","level":"ERROR","message":"failpoint fired: SIGKILL","name":"accept.after_commit","target":"tachyon_serverless_application::failpoints"}

===== a start (failpoints: none) 04:28:13 =====
{"timestamp":"2026-09-18T04:28:13.858146Z","level":"INFO","message":"configuration loaded","config":"/home/takanorifukuyama.guest/w/tsls-chaos.5Mo8b3/gw-a.toml","target":"tachyon_serverless_gateway"}
{"timestamp":"2026-09-18T04:28:13.860210Z","level":"INFO","message":"connected successfully","server":"52219","max_payload":"1048576","target":"async_nats::connector"}
{"timestamp":"2026-09-18T04:28:13.860289Z","level":"INFO","message":"event: connected","target":"async_nats"}
{"timestamp":"2026-09-18T04:28:13.862917Z","level":"INFO","message":"JetStream queue connected and stream bootstrapped","url":"nats://127.0.0.1:52219","stream":"TACHYON_EVENTS","target":"tachyon_serverless_gateway::durable"}
{"timestamp":"2026-09-18T04:28:13.863914Z","level":"INFO","message":"state store opened","path":"/home/takanorifukuyama.guest/w/tsls-chaos.5Mo8b3/data/state.db","schema_version":8,"migrations_applied":"[]","imported_state_json":"None","settled_invocations":0,"settled_attempts":0,"settled_environments":0,"released_leases":0,"dropped_idempotency_keys":0,"purged_idempotency_keys":0,"outputs_purged":0,"target":"tachyon_serverless_application::app"}
{"timestamp":"2026-09-18T04:28:13.864781Z","level":"INFO","message":"log store opened","path":"/home/takanorifukuyama.guest/w/tsls-chaos.5Mo8b3/data/logs/logs.db","healthy":true,"retention_seconds":604800,"max_total_bytes":1073741824,"target":"tachyon_serverless_application::app"}
{"timestamp":"2026-09-18T04:28:13.865573Z","level":"INFO","message":"dispatcher registered","dispatcher_id":"dsp_01m2scban8n9rs7rtbb1azbew7","instance":"chaos-a","pid":825551,"lease_ttl_seconds":6,"target":"tachyon_serverless_application::services::dispatcher"}
{"timestamp":"2026-09-18T04:28:13.866227Z","level":"WARN","message":"reclaimed the work of dispatchers that lost their lease","dispatcher_id":"dsp_01m2scban8n9rs7rtbb1azbew7","reclaimed_dispatchers":"[DispatcherId(dsp_01m2scbaabcxyarpfdrk3b9fe9)]","leases":0,"invocations":0,"attempts":0,"fenced":0,"target":"tachyon_serverless_application::services::dispatcher"}
{"timestamp":"2026-09-18T04:28:13.866990Z","level":"INFO","message":"application bootstrapped","profile":"dev","provider":"process","dev_only":true,"environment_reuse":false,"reuse_verified":false,"reuse_reason":"[pool] enabled is false","reuse_disabled":"Some(Configuration)","idle_quiesce":"unsupported","idle_resume":"unsupported","data_dir":"/home/takanorifukuyama.guest/w/tsls-chaos.5Mo8b3/data","store":"sqlite","dispatcher_id":"dsp_01m2scban8n9rs7rtbb1azbew7","node":"local","node_region":"none","node_memory_mib":"None","max_concurrency":8,"queue":"nats","objects":"filesystem","invoke_async":true,"triggers":true,"target":"tachyon_serverless_application::app"}
{"timestamp":"2026-09-18T04:28:13.867285Z","level":"INFO","message":"startup reconcile finished","provider":"process","found":0,"adopted":0,"terminated":0,"disowned":0,"failed":0,"lost":0,"foreign":0,"reclaimed_dispatchers":0,"fenced_terminated":0,"fenced_pending":0,"target":"tachyon_serverless_application::services::reconcile"}
{"timestamp":"2026-09-18T04:28:13.867336Z","level":"INFO","message":"gateway listening","addr":"127.0.0.1:49477","profile":"dev","provider":"process","target":"tachyon_serverless_gateway"}
{"timestamp":"2026-09-18T04:28:13.868396Z","level":"INFO","message":"asynchronous dispatcher started","workers":2,"owner":"dsp_01m2scban8n9rs7rtbb1azbew7","target":"tachyon_serverless_gateway"}
{"timestamp":"2026-09-18T04:28:13.873254Z","level":"INFO","message":"asynchronous run claimed","invocation_id":"inv_01m2scbakv996yz944p1n8s5qr","attempt":1,"generation":0,"delivery_count":1,"target":"tachyon_serverless_application::services::invoke_async::dispatch"}
{"timestamp":"2026-09-18T04:28:15.045430Z","level":"INFO","message":"bridge spawned","environment_id":"env_01m2scbanjjrayhvshky0js24n","pid":825611,"target":"tachyon_serverless_provider_process"}
{"timestamp":"2026-09-18T04:28:15.374298Z","level":"INFO","message":"invocation finished","invocation_id":"inv_01m2scbakv996yz944p1n8s5qr","status":"succeeded (async run)","handler_ms":312,"environment_boot_ms":1,"runtime_init_ms":3,"target":"tachyon_serverless_application::services::invoke"}
{"timestamp":"2026-09-18T04:28:15.379686Z","level":"INFO","message":"terminating bridge","environment_id":"env_01m2scbanjjrayhvshky0js24n","pid":825611,"reason":"Completed","graceful":true,"target":"tachyon_serverless_provider_process"}
{"timestamp":"2026-09-18T04:28:15.391780Z","level":"INFO","message":"asynchronous invocation settled","invocation_id":"inv_01m2scbakv996yz944p1n8s5qr","status":"succeeded","target":"tachyon_serverless_application::services::invoke_async::dispatch"}
{"timestamp":"2026-09-18T04:28:15.394913Z","level":"INFO","message":"async dispatch: delivery handled","message_id":"inv_01m2scbakv996yz944p1n8s5qr","sequence":8,"delivery_count":1,"outcome":"Completed { status: \"succeeded\" }","target":"tachyon_serverless_application::services::invoke_async::dispatch"}
{"timestamp":"2026-09-18T04:28:15.871647Z","level":"INFO","message":"object retention pass","report":"GcReport { examined: 2, collected_expired: 0, collected_orphans: 0, kept_in_use: 0, kept_referenced: 2, incomplete_removed: 0, tombstones_purged: 0, failed: 0 }","target":"tachyon_serverless_gateway"}
{"timestamp":"2026-09-18T04:28:16.681842Z","level":"INFO","message":"bridge spawned","environment_id":"env_01m2scbc9nres0eketyn7v3cem","pid":825664,"target":"tachyon_serverless_provider_process"}
{"timestamp":"2026-09-18T04:28:16.716984Z","level":"INFO","message":"invocation finished","invocation_id":"inv_01m2scbc9mpstvg7s34513da1c","status":"succeeded","handler_ms":7,"environment_boot_ms":2,"runtime_init_ms":11,"target":"tachyon_serverless_application::services::invoke"}
{"timestamp":"2026-09-18T04:28:16.722183Z","level":"INFO","message":"terminating bridge","environment_id":"env_01m2scbc9nres0eketyn7v3cem","pid":825664,"reason":"Completed","graceful":true,"target":"tachyon_serverless_provider_process"}
{"timestamp":"2026-09-18T04:28:16.747152Z","level":"INFO","message":"asynchronous invocation accepted","invocation_id":"inv_01m2scbdf9dxy10vmh475gw8f8","tenant_id":"tn_01hzzzzzzzzzzzzzzzzzzzzzza","revision_id":"rev_01m2scavmj8pee3ah5dvdbpyx0","input_bytes":48,"input_storage":"inline","target":"tachyon_serverless_application::services::invoke_async"}
{"timestamp":"2026-09-18T04:28:16.750188Z","level":"INFO","message":"asynchronous run claimed","invocation_id":"inv_01m2scbdf9dxy10vmh475gw8f8","attempt":1,"generation":0,"delivery_count":1,"target":"tachyon_serverless_application::services::invoke_async::dispatch"}
{"timestamp":"2026-09-18T04:28:16.772176Z","level":"INFO","message":"asynchronous invocation accepted","invocation_id":"inv_01m2scbdg0etcvpf1kxmckqkbe","tenant_id":"tn_01hzzzzzzzzzzzzzzzzzzzzzza","revision_id":"rev_01m2scavmj8pee3ah5dvdbpyx0","input_bytes":4128,"input_storage":"object","target":"tachyon_serverless_application::services::invoke_async"}
{"timestamp":"2026-09-18T04:28:16.775382Z","level":"INFO","message":"asynchronous run claimed","invocation_id":"inv_01m2scbdg0etcvpf1kxmckqkbe","attempt":1,"generation":0,"delivery_count":1,"target":"tachyon_serverless_application::services::invoke_async::dispatch"}
{"timestamp":"2026-09-18T04:28:16.791309Z","level":"INFO","message":"asynchronous invocation accepted","invocation_id":"inv_01m2scbdgpk7g2z414jznevbm3","tenant_id":"tn_01hzzzzzzzzzzzzzzzzzzzzzza","revision_id":"rev_01m2scaz47ezvzw0cthxs9d24q","input_bytes":191,"input_storage":"inline","target":"tachyon_serverless_application::services::invoke_async"}
{"timestamp":"2026-09-18T04:28:16.791351Z","level":"INFO","message":"webhook trigger fired","trigger_id":"trg_01m2scb3vtr8tvmzbqbjvsy46y","event_id":"evt-post-w1","invocation_id":"inv_01m2scbdgpk7g2z414jznevbm3","revision_id":"rev_01m2scaz47ezvzw0cthxs9d24q","replayed":false,"target":"tachyon_serverless_application::services::triggers"}
{"timestamp":"2026-09-18T04:28:16.801237Z","level":"INFO","message":"trigger updated","trigger_id":"trg_01m2scb3vmkn92f6hfw1ycpyhm","generation":3,"status":"disabled","next_fire_at":"None","rotated_secret":false,"target":"tachyon_serverless_application::services::triggers"}
{"timestamp":"2026-09-18T04:28:17.872016Z","level":"INFO","message":"object retention pass","report":"GcReport { examined: 2, collected_expired: 0, collected_orphans: 0, kept_in_use: 0, kept_referenced: 2, incomplete_removed: 0, tombstones_purged: 0, failed: 0 }","target":"tachyon_serverless_gateway"}
{"timestamp":"2026-09-18T04:28:17.961916Z","level":"INFO","message":"bridge spawned","environment_id":"env_01m2scbdfe4zgkaphwmfjvr45a","pid":825826,"target":"tachyon_serverless_provider_process"}
{"timestamp":"2026-09-18T04:28:17.983544Z","level":"INFO","message":"invocation finished","invocation_id":"inv_01m2scbdf9dxy10vmh475gw8f8","status":"succeeded (async run)","handler_ms":5,"environment_boot_ms":1,"runtime_init_ms":3,"target":"tachyon_serverless_application::services::invoke"}
{"timestamp":"2026-09-18T04:28:17.985477Z","level":"INFO","message":"terminating bridge","environment_id":"env_01m2scbdfe4zgkaphwmfjvr45a","pid":825826,"reason":"Completed","graceful":true,"target":"tachyon_serverless_provider_process"}
{"timestamp":"2026-09-18T04:28:17.988709Z","level":"INFO","message":"asynchronous invocation settled","invocation_id":"inv_01m2scbdf9dxy10vmh475gw8f8","status":"succeeded","target":"tachyon_serverless_application::services::invoke_async::dispatch"}
{"timestamp":"2026-09-18T04:28:17.989328Z","level":"INFO","message":"async dispatch: delivery handled","message_id":"inv_01m2scbdf9dxy10vmh475gw8f8","sequence":9,"delivery_count":1,"outcome":"Completed { status: \"succeeded\" }","target":"tachyon_serverless_application::services::invoke_async::dispatch"}
{"timestamp":"2026-09-18T04:28:17.990054Z","level":"INFO","message":"asynchronous run claimed","invocation_id":"inv_01m2scbdgpk7g2z414jznevbm3","attempt":1,"generation":0,"delivery_count":1,"target":"tachyon_serverless_application::services::invoke_async::dispatch"}
{"timestamp":"2026-09-18T04:28:17.994044Z","level":"INFO","message":"bridge spawned","environment_id":"env_01m2scbdg8zddje01sr4tg0wvn","pid":825836,"target":"tachyon_serverless_provider_process"}
{"timestamp":"2026-09-18T04:28:18.025885Z","level":"INFO","message":"invocation finished","invocation_id":"inv_01m2scbdg0etcvpf1kxmckqkbe","status":"succeeded (async run)","handler_ms":3,"environment_boot_ms":1,"runtime_init_ms":11,"target":"tachyon_serverless_application::services::invoke"}
{"timestamp":"2026-09-18T04:28:18.033203Z","level":"INFO","message":"terminating bridge","environment_id":"env_01m2scbdg8zddje01sr4tg0wvn","pid":825836,"reason":"Completed","graceful":true,"target":"tachyon_serverless_provider_process"}
{"timestamp":"2026-09-18T04:28:18.037415Z","level":"INFO","message":"asynchronous invocation settled","invocation_id":"inv_01m2scbdg0etcvpf1kxmckqkbe","status":"succeeded","target":"tachyon_serverless_application::services::invoke_async::dispatch"}
{"timestamp":"2026-09-18T04:28:18.038002Z","level":"INFO","message":"async dispatch: delivery handled","message_id":"inv_01m2scbdg0etcvpf1kxmckqkbe","sequence":10,"delivery_count":1,"outcome":"Completed { status: \"succeeded\" }","target":"tachyon_serverless_application::services::invoke_async::dispatch"}
{"timestamp":"2026-09-18T04:28:19.145422Z","level":"INFO","message":"bridge spawned","environment_id":"env_01m2scbep627vn6wy0rpdyz8zs","pid":825886,"target":"tachyon_serverless_provider_process"}
{"timestamp":"2026-09-18T04:28:19.184851Z","level":"INFO","message":"invocation finished","invocation_id":"inv_01m2scbdgpk7g2z414jznevbm3","status":"succeeded (async run)","handler_ms":6,"environment_boot_ms":1,"runtime_init_ms":15,"target":"tachyon_serverless_application::services::invoke"}
{"timestamp":"2026-09-18T04:28:19.192207Z","level":"INFO","message":"terminating bridge","environment_id":"env_01m2scbep627vn6wy0rpdyz8zs","pid":825886,"reason":"Completed","graceful":true,"target":"tachyon_serverless_provider_process"}
{"timestamp":"2026-09-18T04:28:19.196477Z","level":"INFO","message":"asynchronous invocation settled","invocation_id":"inv_01m2scbdgpk7g2z414jznevbm3","status":"succeeded","target":"tachyon_serverless_application::services::invoke_async::dispatch"}
{"timestamp":"2026-09-18T04:28:19.197432Z","level":"INFO","message":"async dispatch: delivery handled","message_id":"inv_01m2scbdgpk7g2z414jznevbm3","sequence":11,"delivery_count":1,"outcome":"Completed { status: \"succeeded\" }","target":"tachyon_serverless_application::services::invoke_async::dispatch"}
{"timestamp":"2026-09-18T04:28:19.809265Z","level":"INFO","message":"SIGTERM received","target":"tachyon_serverless_gateway"}
{"timestamp":"2026-09-18T04:28:19.809292Z","level":"INFO","message":"shutdown requested; cancelling in-flight invocations","target":"tachyon_serverless_gateway"}
{"timestamp":"2026-09-18T04:28:19.809595Z","level":"INFO","message":"final usage collection","report":"CollectReport { batches: 0, read: 0, inserted: 0, duplicates: 0, cursor_seq: 70 }","target":"tachyon_serverless_gateway"}
{"timestamp":"2026-09-18T04:28:19.812334Z","level":"INFO","message":"gateway stopped","target":"tachyon_serverless_gateway"}
{"timestamp":"2026-09-18T04:28:19.812462Z","level":"INFO","message":"event: closed","target":"async_nats"}
