
===== a start (failpoints: none) 11:54:16 =====
{"timestamp":"2026-09-17T11:54:16.340506Z","level":"INFO","message":"configuration loaded","config":"/private/var/folders/z7/khzdjrt95cg_fcmcnh4j1b5h0000gn/T/tsls-chaos.8grCpe/gw-a.toml","target":"tachyon_serverless_gateway"}
{"timestamp":"2026-09-17T11:54:16.342559Z","level":"INFO","message":"connected successfully","server":"59156","max_payload":"1048576","target":"async_nats::connector"}
{"timestamp":"2026-09-17T11:54:16.342643Z","level":"INFO","message":"event: connected","target":"async_nats"}
{"timestamp":"2026-09-17T11:54:16.357465Z","level":"INFO","message":"JetStream queue connected and stream bootstrapped","url":"nats://127.0.0.1:59156","stream":"TACHYON_EVENTS","target":"tachyon_serverless_gateway::durable"}
{"timestamp":"2026-09-17T11:54:16.363915Z","level":"INFO","message":"state store opened","path":"/private/var/folders/z7/khzdjrt95cg_fcmcnh4j1b5h0000gn/T/tsls-chaos.8grCpe/data/state.db","schema_version":8,"migrations_applied":"[1, 2, 3, 4, 5, 6, 7, 8]","imported_state_json":"None","settled_invocations":0,"settled_attempts":0,"settled_environments":0,"released_leases":0,"dropped_idempotency_keys":0,"purged_idempotency_keys":0,"outputs_purged":0,"target":"tachyon_serverless_application::app"}
{"timestamp":"2026-09-17T11:54:16.364139Z","level":"INFO","message":"dispatcher registered","dispatcher_id":"dsp_01m2qkfaxb92qk24hgn9edg5zb","instance":"chaos-a","pid":87151,"lease_ttl_seconds":6,"target":"tachyon_serverless_application::services::dispatcher"}
{"timestamp":"2026-09-17T11:54:16.367302Z","level":"INFO","message":"application bootstrapped","profile":"dev","provider":"process","dev_only":true,"environment_reuse":false,"reuse_verified":false,"reuse_reason":"[pool] enabled is false","reuse_disabled":"Some(Configuration)","idle_quiesce":"unsupported","idle_resume":"unsupported","data_dir":"/private/var/folders/z7/khzdjrt95cg_fcmcnh4j1b5h0000gn/T/tsls-chaos.8grCpe/data","store":"sqlite","dispatcher_id":"dsp_01m2qkfaxb92qk24hgn9edg5zb","node":"local","node_region":"none","node_memory_mib":"None","max_concurrency":8,"queue":"nats","objects":"filesystem","invoke_async":true,"triggers":true,"target":"tachyon_serverless_application::app"}
{"timestamp":"2026-09-17T11:54:16.367470Z","level":"INFO","message":"startup reconcile finished","provider":"process","found":0,"adopted":0,"terminated":0,"disowned":0,"failed":0,"lost":0,"foreign":0,"reclaimed_dispatchers":0,"fenced_terminated":0,"fenced_pending":0,"target":"tachyon_serverless_application::services::reconcile"}
{"timestamp":"2026-09-17T11:54:16.367531Z","level":"INFO","message":"gateway listening","addr":"127.0.0.1:59160","profile":"dev","provider":"process","target":"tachyon_serverless_gateway"}
{"timestamp":"2026-09-17T11:54:16.368544Z","level":"INFO","message":"asynchronous dispatcher started","workers":2,"owner":"dsp_01m2qkfaxb92qk24hgn9edg5zb","target":"tachyon_serverless_gateway"}
{"timestamp":"2026-09-17T11:54:17.125826Z","level":"INFO","message":"revision ready","revision_id":"rev_01m2qkfbgrdh5n1fdmkd2bafc9","function_id":"fn_01m2qkfb73trcb1kj41j8qxvza","target":"tachyon_serverless_application::services::revision"}
{"timestamp":"2026-09-17T11:54:17.628346Z","level":"INFO","message":"revision ready","revision_id":"rev_01m2qkfc07xasbd5qt1p46gxrr","function_id":"fn_01m2qkfbp7hqtm7xkreys8svd7","target":"tachyon_serverless_application::services::revision"}
{"timestamp":"2026-09-17T11:54:18.162128Z","level":"INFO","message":"revision ready","revision_id":"rev_01m2qkfcgem9zj7h24r9wd8gfg","function_id":"fn_01m2qkfc5qf60ghqpqc1sdczdn","target":"tachyon_serverless_application::services::revision"}
{"timestamp":"2026-09-17T11:54:18.314385Z","level":"INFO","message":"trigger created","trigger_id":"trg_01m2qkfctavyxkxsnx1dpph1db","function_id":"fn_01m2qkfbp7hqtm7xkreys8svd7","kind":"cron","enabled":true,"next_fire_at":"Some(2026-09-17T11:54:20Z)","target":"tachyon_serverless_application::services::triggers"}
{"timestamp":"2026-09-17T11:54:18.326381Z","level":"INFO","message":"trigger created","trigger_id":"trg_01m2qkfctpn54jztngbh16949a","function_id":"fn_01m2qkfbp7hqtm7xkreys8svd7","kind":"webhook","enabled":true,"next_fire_at":"None","target":"tachyon_serverless_application::services::triggers"}
{"timestamp":"2026-09-17T11:54:18.517733Z","level":"INFO","message":"bridge spawned","environment_id":"env_01m2qkfcvdjzxkc0xmawqntkrt","pid":87429,"target":"tachyon_serverless_provider_process"}
{"timestamp":"2026-09-17T11:54:18.758087Z","level":"INFO","message":"invocation finished","invocation_id":"inv_01m2qkfcvcj3deq87197sh5xqp","status":"succeeded","handler_ms":0,"environment_boot_ms":4,"runtime_init_ms":233,"target":"tachyon_serverless_application::services::invoke"}
{"timestamp":"2026-09-17T11:54:18.758488Z","level":"INFO","message":"terminating bridge","environment_id":"env_01m2qkfcvdjzxkc0xmawqntkrt","pid":87429,"reason":"Completed","graceful":true,"target":"tachyon_serverless_provider_process"}
{"timestamp":"2026-09-17T11:54:18.820709Z","level":"INFO","message":"asynchronous invocation accepted","invocation_id":"inv_01m2qkfda49cc3pzkxgdv0xsnd","tenant_id":"tn_01hzzzzzzzzzzzzzzzzzzzzzza","revision_id":"rev_01m2qkfbgrdh5n1fdmkd2bafc9","input_bytes":47,"input_storage":"inline","target":"tachyon_serverless_application::services::invoke_async"}
{"timestamp":"2026-09-17T11:54:18.828965Z","level":"INFO","message":"asynchronous run claimed","invocation_id":"inv_01m2qkfda49cc3pzkxgdv0xsnd","attempt":1,"generation":0,"delivery_count":1,"target":"tachyon_serverless_application::services::invoke_async::dispatch"}
{"timestamp":"2026-09-17T11:54:18.891468Z","level":"INFO","message":"asynchronous invocation accepted","invocation_id":"inv_01m2qkfdbvh8qt6qc1gpbw2bnw","tenant_id":"tn_01hzzzzzzzzzzzzzzzzzzzzzza","revision_id":"rev_01m2qkfbgrdh5n1fdmkd2bafc9","input_bytes":4127,"input_storage":"object","target":"tachyon_serverless_application::services::invoke_async"}
{"timestamp":"2026-09-17T11:54:18.896577Z","level":"INFO","message":"asynchronous run claimed","invocation_id":"inv_01m2qkfdbvh8qt6qc1gpbw2bnw","attempt":1,"generation":0,"delivery_count":1,"target":"tachyon_serverless_application::services::invoke_async::dispatch"}
{"timestamp":"2026-09-17T11:54:18.924283Z","level":"INFO","message":"asynchronous invocation accepted","invocation_id":"inv_01m2qkfddb00vp59hrjad5p9w9","tenant_id":"tn_01hzzzzzzzzzzzzzzzzzzzzzza","revision_id":"rev_01m2qkfc07xasbd5qt1p46gxrr","input_bytes":189,"input_storage":"inline","target":"tachyon_serverless_application::services::invoke_async"}
{"timestamp":"2026-09-17T11:54:18.924328Z","level":"INFO","message":"webhook trigger fired","trigger_id":"trg_01m2qkfctpn54jztngbh16949a","event_id":"evt-pre-w1","invocation_id":"inv_01m2qkfddb00vp59hrjad5p9w9","revision_id":"rev_01m2qkfc07xasbd5qt1p46gxrr","replayed":false,"target":"tachyon_serverless_application::services::triggers"}
{"timestamp":"2026-09-17T11:54:19.024102Z","level":"INFO","message":"bridge spawned","environment_id":"env_01m2qkfdadwrjwt3wgyvrj6ts9","pid":87504,"target":"tachyon_serverless_provider_process"}
{"timestamp":"2026-09-17T11:54:19.109375Z","level":"INFO","message":"bridge spawned","environment_id":"env_01m2qkfdcj6frm2v4wptyzj9nm","pid":87507,"target":"tachyon_serverless_provider_process"}
{"timestamp":"2026-09-17T11:54:19.159841Z","level":"INFO","message":"bridge spawned","environment_id":"env_01m2qkfddz1j1gccc4y12231w4","pid":87509,"target":"tachyon_serverless_provider_process"}
{"timestamp":"2026-09-17T11:54:19.174366Z","level":"INFO","message":"invocation finished","invocation_id":"inv_01m2qkfddzpkgm8z9e9xmffxt1","status":"succeeded","handler_ms":0,"environment_boot_ms":5,"runtime_init_ms":7,"target":"tachyon_serverless_application::services::invoke"}
{"timestamp":"2026-09-17T11:54:19.176048Z","level":"INFO","message":"terminating bridge","environment_id":"env_01m2qkfddz1j1gccc4y12231w4","pid":87509,"reason":"Completed","graceful":true,"target":"tachyon_serverless_provider_process"}
{"timestamp":"2026-09-17T11:54:19.248710Z","level":"INFO","message":"asynchronous invocation accepted","invocation_id":"inv_01m2qkfdqfcc90d361z40ahv7e","tenant_id":"tn_01hzzzzzzzzzzzzzzzzzzzzzza","revision_id":"rev_01m2qkfbgrdh5n1fdmkd2bafc9","input_bytes":47,"input_storage":"inline","target":"tachyon_serverless_application::services::invoke_async"}
{"timestamp":"2026-09-17T11:54:19.301246Z","level":"INFO","message":"invocation finished","invocation_id":"inv_01m2qkfdbvh8qt6qc1gpbw2bnw","status":"succeeded (async run)","handler_ms":2,"environment_boot_ms":5,"runtime_init_ms":183,"target":"tachyon_serverless_application::services::invoke"}
{"timestamp":"2026-09-17T11:54:19.302019Z","level":"INFO","message":"invocation finished","invocation_id":"inv_01m2qkfda49cc3pzkxgdv0xsnd","status":"succeeded (async run)","handler_ms":1,"environment_boot_ms":5,"runtime_init_ms":271,"target":"tachyon_serverless_application::services::invoke"}
{"timestamp":"2026-09-17T11:54:19.303663Z","level":"INFO","message":"terminating bridge","environment_id":"env_01m2qkfdadwrjwt3wgyvrj6ts9","pid":87504,"reason":"Completed","graceful":true,"target":"tachyon_serverless_provider_process"}
{"timestamp":"2026-09-17T11:54:19.303669Z","level":"INFO","message":"terminating bridge","environment_id":"env_01m2qkfdcj6frm2v4wptyzj9nm","pid":87507,"reason":"Completed","graceful":true,"target":"tachyon_serverless_provider_process"}
{"timestamp":"2026-09-17T11:54:19.307713Z","level":"INFO","message":"asynchronous invocation settled","invocation_id":"inv_01m2qkfda49cc3pzkxgdv0xsnd","status":"succeeded","target":"tachyon_serverless_application::services::invoke_async::dispatch"}
{"timestamp":"2026-09-17T11:54:19.308649Z","level":"INFO","message":"asynchronous invocation settled","invocation_id":"inv_01m2qkfdbvh8qt6qc1gpbw2bnw","status":"succeeded","target":"tachyon_serverless_application::services::invoke_async::dispatch"}
{"timestamp":"2026-09-17T11:54:19.313052Z","level":"INFO","message":"async dispatch: delivery handled","message_id":"inv_01m2qkfda49cc3pzkxgdv0xsnd","sequence":1,"delivery_count":1,"outcome":"Completed { status: \"succeeded\" }","target":"tachyon_serverless_application::services::invoke_async::dispatch"}
{"timestamp":"2026-09-17T11:54:19.321014Z","level":"INFO","message":"async dispatch: delivery handled","message_id":"inv_01m2qkfdbvh8qt6qc1gpbw2bnw","sequence":2,"delivery_count":1,"outcome":"Completed { status: \"succeeded\" }","target":"tachyon_serverless_application::services::invoke_async::dispatch"}
{"timestamp":"2026-09-17T11:54:19.321442Z","level":"INFO","message":"asynchronous run claimed","invocation_id":"inv_01m2qkfddb00vp59hrjad5p9w9","attempt":1,"generation":0,"delivery_count":1,"target":"tachyon_serverless_application::services::invoke_async::dispatch"}
{"timestamp":"2026-09-17T11:54:19.321840Z","level":"INFO","message":"asynchronous run claimed","invocation_id":"inv_01m2qkfdqfcc90d361z40ahv7e","attempt":1,"generation":0,"delivery_count":1,"target":"tachyon_serverless_application::services::invoke_async::dispatch"}
{"timestamp":"2026-09-17T11:54:19.337613Z","level":"INFO","message":"asynchronous invocation accepted","invocation_id":"inv_01m2qkfdstm397dptads3qx4v2","tenant_id":"tn_01hzzzzzzzzzzzzzzzzzzzzzza","revision_id":"rev_01m2qkfbgrdh5n1fdmkd2bafc9","input_bytes":4127,"input_storage":"object","target":"tachyon_serverless_application::services::invoke_async"}
{"timestamp":"2026-09-17T11:54:19.382113Z","level":"INFO","message":"asynchronous invocation accepted","invocation_id":"inv_01m2qkfdvnd3qmb5720hty1dps","tenant_id":"tn_01hzzzzzzzzzzzzzzzzzzzzzza","revision_id":"rev_01m2qkfc07xasbd5qt1p46gxrr","input_bytes":189,"input_storage":"inline","target":"tachyon_serverless_application::services::invoke_async"}
{"timestamp":"2026-09-17T11:54:19.382163Z","level":"INFO","message":"webhook trigger fired","trigger_id":"trg_01m2qkfctpn54jztngbh16949a","event_id":"evt-pre-w2","invocation_id":"inv_01m2qkfdvnd3qmb5720hty1dps","revision_id":"rev_01m2qkfc07xasbd5qt1p46gxrr","replayed":false,"target":"tachyon_serverless_application::services::triggers"}
{"timestamp":"2026-09-17T11:54:19.413195Z","level":"INFO","message":"trigger updated","trigger_id":"trg_01m2qkfctavyxkxsnx1dpph1db","generation":2,"status":"disabled","next_fire_at":"None","rotated_secret":false,"target":"tachyon_serverless_application::services::triggers"}
{"timestamp":"2026-09-17T11:54:19.581140Z","level":"INFO","message":"bridge spawned","environment_id":"env_01m2qkfdssjz4ned57qchrza0p","pid":87588,"target":"tachyon_serverless_provider_process"}
{"timestamp":"2026-09-17T11:54:19.589778Z","level":"INFO","message":"bridge spawned","environment_id":"env_01m2qkfdssftwnhj4r3vmnqeer","pid":87590,"target":"tachyon_serverless_provider_process"}
{"timestamp":"2026-09-17T11:54:19.599406Z","level":"INFO","message":"invocation finished","invocation_id":"inv_01m2qkfddb00vp59hrjad5p9w9","status":"succeeded (async run)","handler_ms":0,"environment_boot_ms":7,"runtime_init_ms":8,"target":"tachyon_serverless_application::services::invoke"}
{"timestamp":"2026-09-17T11:54:19.601160Z","level":"INFO","message":"terminating bridge","environment_id":"env_01m2qkfdssjz4ned57qchrza0p","pid":87588,"reason":"Completed","graceful":true,"target":"tachyon_serverless_provider_process"}
{"timestamp":"2026-09-17T11:54:19.605863Z","level":"INFO","message":"asynchronous invocation settled","invocation_id":"inv_01m2qkfddb00vp59hrjad5p9w9","status":"succeeded","target":"tachyon_serverless_application::services::invoke_async::dispatch"}
{"timestamp":"2026-09-17T11:54:19.610114Z","level":"INFO","message":"async dispatch: delivery handled","message_id":"inv_01m2qkfddb00vp59hrjad5p9w9","sequence":3,"delivery_count":1,"outcome":"Completed { status: \"succeeded\" }","target":"tachyon_serverless_application::services::invoke_async::dispatch"}
{"timestamp":"2026-09-17T11:54:19.611160Z","level":"INFO","message":"asynchronous run claimed","invocation_id":"inv_01m2qkfdstm397dptads3qx4v2","attempt":1,"generation":0,"delivery_count":1,"target":"tachyon_serverless_application::services::invoke_async::dispatch"}
{"timestamp":"2026-09-17T11:54:19.612144Z","level":"INFO","message":"invocation finished","invocation_id":"inv_01m2qkfdqfcc90d361z40ahv7e","status":"succeeded (async run)","handler_ms":1,"environment_boot_ms":6,"runtime_init_ms":10,"target":"tachyon_serverless_application::services::invoke"}
{"timestamp":"2026-09-17T11:54:19.613977Z","level":"INFO","message":"terminating bridge","environment_id":"env_01m2qkfdssftwnhj4r3vmnqeer","pid":87590,"reason":"Completed","graceful":true,"target":"tachyon_serverless_provider_process"}
{"timestamp":"2026-09-17T11:54:19.618627Z","level":"INFO","message":"asynchronous invocation settled","invocation_id":"inv_01m2qkfdqfcc90d361z40ahv7e","status":"succeeded","target":"tachyon_serverless_application::services::invoke_async::dispatch"}
{"timestamp":"2026-09-17T11:54:19.624130Z","level":"INFO","message":"async dispatch: delivery handled","message_id":"inv_01m2qkfdqfcc90d361z40ahv7e","sequence":4,"delivery_count":1,"outcome":"Completed { status: \"succeeded\" }","target":"tachyon_serverless_application::services::invoke_async::dispatch"}
{"timestamp":"2026-09-17T11:54:19.624886Z","level":"INFO","message":"asynchronous run claimed","invocation_id":"inv_01m2qkfdvnd3qmb5720hty1dps","attempt":1,"generation":0,"delivery_count":1,"target":"tachyon_serverless_application::services::invoke_async::dispatch"}
{"timestamp":"2026-09-17T11:54:19.921286Z","level":"INFO","message":"bridge spawned","environment_id":"env_01m2qkfe2xa9bnj1byy4s2bqvd","pid":87592,"target":"tachyon_serverless_provider_process"}
{"timestamp":"2026-09-17T11:54:19.923887Z","level":"INFO","message":"bridge spawned","environment_id":"env_01m2qkfe39a9w158mxh3xyeyjs","pid":87593,"target":"tachyon_serverless_provider_process"}
{"timestamp":"2026-09-17T11:54:19.942185Z","level":"INFO","message":"invocation finished","invocation_id":"inv_01m2qkfdstm397dptads3qx4v2","status":"succeeded (async run)","handler_ms":2,"environment_boot_ms":8,"runtime_init_ms":9,"target":"tachyon_serverless_application::services::invoke"}
{"timestamp":"2026-09-17T11:54:19.942625Z","level":"INFO","message":"invocation finished","invocation_id":"inv_01m2qkfdvnd3qmb5720hty1dps","status":"succeeded (async run)","handler_ms":0,"environment_boot_ms":6,"runtime_init_ms":10,"target":"tachyon_serverless_application::services::invoke"}
{"timestamp":"2026-09-17T11:54:19.944080Z","level":"INFO","message":"terminating bridge","environment_id":"env_01m2qkfe2xa9bnj1byy4s2bqvd","pid":87592,"reason":"Completed","graceful":true,"target":"tachyon_serverless_provider_process"}
{"timestamp":"2026-09-17T11:54:19.944091Z","level":"INFO","message":"terminating bridge","environment_id":"env_01m2qkfe39a9w158mxh3xyeyjs","pid":87593,"reason":"Completed","graceful":true,"target":"tachyon_serverless_provider_process"}
{"timestamp":"2026-09-17T11:54:19.948857Z","level":"INFO","message":"asynchronous invocation settled","invocation_id":"inv_01m2qkfdstm397dptads3qx4v2","status":"succeeded","target":"tachyon_serverless_application::services::invoke_async::dispatch"}
{"timestamp":"2026-09-17T11:54:19.954505Z","level":"INFO","message":"async dispatch: delivery handled","message_id":"inv_01m2qkfdstm397dptads3qx4v2","sequence":5,"delivery_count":1,"outcome":"Completed { status: \"succeeded\" }","target":"tachyon_serverless_application::services::invoke_async::dispatch"}
{"timestamp":"2026-09-17T11:54:19.960477Z","level":"INFO","message":"asynchronous invocation settled","invocation_id":"inv_01m2qkfdvnd3qmb5720hty1dps","status":"succeeded","target":"tachyon_serverless_application::services::invoke_async::dispatch"}
{"timestamp":"2026-09-17T11:54:19.965734Z","level":"INFO","message":"async dispatch: delivery handled","message_id":"inv_01m2qkfdvnd3qmb5720hty1dps","sequence":6,"delivery_count":1,"outcome":"Completed { status: \"succeeded\" }","target":"tachyon_serverless_application::services::invoke_async::dispatch"}
{"timestamp":"2026-09-17T11:54:20.491101Z","level":"INFO","message":"SIGTERM received","target":"tachyon_serverless_gateway"}
{"timestamp":"2026-09-17T11:54:20.491181Z","level":"INFO","message":"shutdown requested; cancelling in-flight invocations","target":"tachyon_serverless_gateway"}
{"timestamp":"2026-09-17T11:54:20.491696Z","level":"INFO","message":"final usage collection","report":"CollectReport { batches: 0, read: 0, inserted: 0, duplicates: 0, cursor_seq: 40 }","target":"tachyon_serverless_gateway"}
{"timestamp":"2026-09-17T11:54:20.492956Z","level":"INFO","message":"gateway stopped","target":"tachyon_serverless_gateway"}
{"timestamp":"2026-09-17T11:54:20.493122Z","level":"INFO","message":"event: closed","target":"async_nats"}

===== a start (failpoints: outbox.after_publish=kill) 11:54:20 =====
{"timestamp":"2026-09-17T11:54:20.640289Z","level":"INFO","message":"configuration loaded","config":"/private/var/folders/z7/khzdjrt95cg_fcmcnh4j1b5h0000gn/T/tsls-chaos.8grCpe/gw-a.toml","target":"tachyon_serverless_gateway"}
{"timestamp":"2026-09-17T11:54:20.642513Z","level":"INFO","message":"connected successfully","server":"59156","max_payload":"1048576","target":"async_nats::connector"}
{"timestamp":"2026-09-17T11:54:20.642631Z","level":"INFO","message":"event: connected","target":"async_nats"}
{"timestamp":"2026-09-17T11:54:20.656844Z","level":"INFO","message":"JetStream queue connected and stream bootstrapped","url":"nats://127.0.0.1:59156","stream":"TACHYON_EVENTS","target":"tachyon_serverless_gateway::durable"}
{"timestamp":"2026-09-17T11:54:20.658762Z","level":"INFO","message":"state store opened","path":"/private/var/folders/z7/khzdjrt95cg_fcmcnh4j1b5h0000gn/T/tsls-chaos.8grCpe/data/state.db","schema_version":8,"migrations_applied":"[]","imported_state_json":"None","settled_invocations":0,"settled_attempts":0,"settled_environments":0,"released_leases":0,"dropped_idempotency_keys":0,"purged_idempotency_keys":0,"outputs_purged":0,"target":"tachyon_serverless_application::app"}
{"timestamp":"2026-09-17T11:54:20.659238Z","level":"INFO","message":"dispatcher registered","dispatcher_id":"dsp_01m2qkff3j6a07xpjrrzt2m6zb","instance":"chaos-a","pid":87608,"lease_ttl_seconds":6,"target":"tachyon_serverless_application::services::dispatcher"}
{"timestamp":"2026-09-17T11:54:20.659688Z","level":"WARN","message":"reclaimed the work of dispatchers that lost their lease","dispatcher_id":"dsp_01m2qkff3j6a07xpjrrzt2m6zb","reclaimed_dispatchers":"[DispatcherId(dsp_01m2qkfaxb92qk24hgn9edg5zb)]","leases":0,"invocations":0,"attempts":0,"fenced":0,"target":"tachyon_serverless_application::services::dispatcher"}
{"timestamp":"2026-09-17T11:54:20.661480Z","level":"WARN","message":"failpoint armed from TSLS_FAILPOINTS","name":"outbox.after_publish","action":"Kill","count":"None","target":"tachyon_serverless_application::failpoints"}
{"timestamp":"2026-09-17T11:54:20.661578Z","level":"INFO","message":"application bootstrapped","profile":"dev","provider":"process","dev_only":true,"environment_reuse":false,"reuse_verified":false,"reuse_reason":"[pool] enabled is false","reuse_disabled":"Some(Configuration)","idle_quiesce":"unsupported","idle_resume":"unsupported","data_dir":"/private/var/folders/z7/khzdjrt95cg_fcmcnh4j1b5h0000gn/T/tsls-chaos.8grCpe/data","store":"sqlite","dispatcher_id":"dsp_01m2qkff3j6a07xpjrrzt2m6zb","node":"local","node_region":"none","node_memory_mib":"None","max_concurrency":8,"queue":"nats","objects":"filesystem","invoke_async":true,"triggers":true,"target":"tachyon_serverless_application::app"}
{"timestamp":"2026-09-17T11:54:20.661953Z","level":"INFO","message":"startup reconcile finished","provider":"process","found":0,"adopted":0,"terminated":0,"disowned":0,"failed":0,"lost":0,"foreign":0,"reclaimed_dispatchers":0,"fenced_terminated":0,"fenced_pending":0,"target":"tachyon_serverless_application::services::reconcile"}
{"timestamp":"2026-09-17T11:54:20.662014Z","level":"INFO","message":"gateway listening","addr":"127.0.0.1:59160","profile":"dev","provider":"process","target":"tachyon_serverless_gateway"}
{"timestamp":"2026-09-17T11:54:20.663624Z","level":"INFO","message":"asynchronous dispatcher started","workers":2,"owner":"dsp_01m2qkff3j6a07xpjrrzt2m6zb","target":"tachyon_serverless_gateway"}
{"timestamp":"2026-09-17T11:54:21.009542Z","level":"INFO","message":"asynchronous invocation accepted","invocation_id":"inv_01m2qkffe0qhmx28srfkjpkrbg","tenant_id":"tn_01hzzzzzzzzzzzzzzzzzzzzzza","revision_id":"rev_01m2qkfbgrdh5n1fdmkd2bafc9","input_bytes":4163,"input_storage":"object","target":"tachyon_serverless_application::services::invoke_async"}
{"timestamp":"2026-09-17T11:54:21.013721Z","level":"ERROR","message":"failpoint fired: SIGKILL","name":"outbox.after_publish","target":"tachyon_serverless_application::failpoints"}

===== a start (failpoints: none) 11:54:21 =====
{"timestamp":"2026-09-17T11:54:21.215353Z","level":"INFO","message":"configuration loaded","config":"/private/var/folders/z7/khzdjrt95cg_fcmcnh4j1b5h0000gn/T/tsls-chaos.8grCpe/gw-a.toml","target":"tachyon_serverless_gateway"}
{"timestamp":"2026-09-17T11:54:21.217320Z","level":"INFO","message":"connected successfully","server":"59156","max_payload":"1048576","target":"async_nats::connector"}
{"timestamp":"2026-09-17T11:54:21.217414Z","level":"INFO","message":"event: connected","target":"async_nats"}
{"timestamp":"2026-09-17T11:54:21.229044Z","level":"INFO","message":"JetStream queue connected and stream bootstrapped","url":"nats://127.0.0.1:59156","stream":"TACHYON_EVENTS","target":"tachyon_serverless_gateway::durable"}
{"timestamp":"2026-09-17T11:54:21.230663Z","level":"INFO","message":"state store opened","path":"/private/var/folders/z7/khzdjrt95cg_fcmcnh4j1b5h0000gn/T/tsls-chaos.8grCpe/data/state.db","schema_version":8,"migrations_applied":"[]","imported_state_json":"None","settled_invocations":0,"settled_attempts":0,"settled_environments":0,"released_leases":0,"dropped_idempotency_keys":0,"purged_idempotency_keys":0,"outputs_purged":0,"target":"tachyon_serverless_application::app"}
{"timestamp":"2026-09-17T11:54:21.230994Z","level":"INFO","message":"dispatcher registered","dispatcher_id":"dsp_01m2qkffne5vg1253tqxgj326m","instance":"chaos-a","pid":87674,"lease_ttl_seconds":6,"target":"tachyon_serverless_application::services::dispatcher"}
{"timestamp":"2026-09-17T11:54:21.231375Z","level":"WARN","message":"reclaimed the work of dispatchers that lost their lease","dispatcher_id":"dsp_01m2qkffne5vg1253tqxgj326m","reclaimed_dispatchers":"[DispatcherId(dsp_01m2qkff3j6a07xpjrrzt2m6zb)]","leases":0,"invocations":0,"attempts":0,"fenced":0,"target":"tachyon_serverless_application::services::dispatcher"}
{"timestamp":"2026-09-17T11:54:21.233205Z","level":"INFO","message":"application bootstrapped","profile":"dev","provider":"process","dev_only":true,"environment_reuse":false,"reuse_verified":false,"reuse_reason":"[pool] enabled is false","reuse_disabled":"Some(Configuration)","idle_quiesce":"unsupported","idle_resume":"unsupported","data_dir":"/private/var/folders/z7/khzdjrt95cg_fcmcnh4j1b5h0000gn/T/tsls-chaos.8grCpe/data","store":"sqlite","dispatcher_id":"dsp_01m2qkffne5vg1253tqxgj326m","node":"local","node_region":"none","node_memory_mib":"None","max_concurrency":8,"queue":"nats","objects":"filesystem","invoke_async":true,"triggers":true,"target":"tachyon_serverless_application::app"}
{"timestamp":"2026-09-17T11:54:21.233556Z","level":"INFO","message":"startup reconcile finished","provider":"process","found":0,"adopted":0,"terminated":0,"disowned":0,"failed":0,"lost":0,"foreign":0,"reclaimed_dispatchers":0,"fenced_terminated":0,"fenced_pending":0,"target":"tachyon_serverless_application::services::reconcile"}
{"timestamp":"2026-09-17T11:54:21.233607Z","level":"INFO","message":"gateway listening","addr":"127.0.0.1:59160","profile":"dev","provider":"process","target":"tachyon_serverless_gateway"}
{"timestamp":"2026-09-17T11:54:21.234865Z","level":"INFO","message":"asynchronous dispatcher started","workers":2,"owner":"dsp_01m2qkffne5vg1253tqxgj326m","target":"tachyon_serverless_gateway"}
{"timestamp":"2026-09-17T11:54:24.024852Z","level":"INFO","message":"outbox: re-published events the broker already had, or whose claim moved on","duplicates":1,"lost_claims":0,"marked":1,"target":"tachyon_serverless_application::services::invoke_async::publisher"}
{"timestamp":"2026-09-17T11:54:25.019532Z","level":"INFO","message":"asynchronous run claimed","invocation_id":"inv_01m2qkffe0qhmx28srfkjpkrbg","attempt":1,"generation":0,"delivery_count":2,"target":"tachyon_serverless_application::services::invoke_async::dispatch"}
{"timestamp":"2026-09-17T11:54:25.198526Z","level":"INFO","message":"bridge spawned","environment_id":"env_01m2qkfkc465zh06z0ad7zf6e5","pid":87729,"target":"tachyon_serverless_provider_process"}
{"timestamp":"2026-09-17T11:54:25.237828Z","level":"INFO","message":"object retention pass","report":"GcReport { examined: 1, collected_expired: 0, collected_orphans: 0, kept_in_use: 0, kept_referenced: 1, incomplete_removed: 0, tombstones_purged: 0, failed: 0 }","target":"tachyon_serverless_gateway"}
{"timestamp":"2026-09-17T11:54:25.513612Z","level":"INFO","message":"invocation finished","invocation_id":"inv_01m2qkffe0qhmx28srfkjpkrbg","status":"succeeded (async run)","handler_ms":305,"environment_boot_ms":3,"runtime_init_ms":4,"target":"tachyon_serverless_application::services::invoke"}
{"timestamp":"2026-09-17T11:54:25.515833Z","level":"INFO","message":"terminating bridge","environment_id":"env_01m2qkfkc465zh06z0ad7zf6e5","pid":87729,"reason":"Completed","graceful":true,"target":"tachyon_serverless_provider_process"}
{"timestamp":"2026-09-17T11:54:25.523319Z","level":"INFO","message":"asynchronous invocation settled","invocation_id":"inv_01m2qkffe0qhmx28srfkjpkrbg","status":"succeeded","target":"tachyon_serverless_application::services::invoke_async::dispatch"}
{"timestamp":"2026-09-17T11:54:25.530697Z","level":"INFO","message":"async dispatch: delivery handled","message_id":"inv_01m2qkffe0qhmx28srfkjpkrbg","sequence":7,"delivery_count":2,"outcome":"Completed { status: \"succeeded\" }","target":"tachyon_serverless_application::services::invoke_async::dispatch"}
{"timestamp":"2026-09-17T11:54:25.882776Z","level":"INFO","message":"bridge spawned","environment_id":"env_01m2qkfm2km1nrzth1s4gdm289","pid":87777,"target":"tachyon_serverless_provider_process"}
{"timestamp":"2026-09-17T11:54:25.892650Z","level":"INFO","message":"invocation finished","invocation_id":"inv_01m2qkfm2jjgqzk1q84ys5abyf","status":"succeeded","handler_ms":0,"environment_boot_ms":4,"runtime_init_ms":4,"target":"tachyon_serverless_application::services::invoke"}
{"timestamp":"2026-09-17T11:54:25.892971Z","level":"INFO","message":"terminating bridge","environment_id":"env_01m2qkfm2km1nrzth1s4gdm289","pid":87777,"reason":"Completed","graceful":true,"target":"tachyon_serverless_provider_process"}
{"timestamp":"2026-09-17T11:54:25.941295Z","level":"INFO","message":"asynchronous invocation accepted","invocation_id":"inv_01m2qkfm8mjqp3knv0nmkxak1f","tenant_id":"tn_01hzzzzzzzzzzzzzzzzzzzzzza","revision_id":"rev_01m2qkfbgrdh5n1fdmkd2bafc9","input_bytes":48,"input_storage":"inline","target":"tachyon_serverless_application::services::invoke_async"}
{"timestamp":"2026-09-17T11:54:25.957683Z","level":"INFO","message":"asynchronous run claimed","invocation_id":"inv_01m2qkfm8mjqp3knv0nmkxak1f","attempt":1,"generation":0,"delivery_count":1,"target":"tachyon_serverless_application::services::invoke_async::dispatch"}
{"timestamp":"2026-09-17T11:54:26.022695Z","level":"INFO","message":"asynchronous invocation accepted","invocation_id":"inv_01m2qkfma7yere6trrgvfh0fg1","tenant_id":"tn_01hzzzzzzzzzzzzzzzzzzzzzza","revision_id":"rev_01m2qkfbgrdh5n1fdmkd2bafc9","input_bytes":4128,"input_storage":"object","target":"tachyon_serverless_application::services::invoke_async"}
{"timestamp":"2026-09-17T11:54:26.027893Z","level":"INFO","message":"asynchronous run claimed","invocation_id":"inv_01m2qkfma7yere6trrgvfh0fg1","attempt":1,"generation":0,"delivery_count":1,"target":"tachyon_serverless_application::services::invoke_async::dispatch"}
{"timestamp":"2026-09-17T11:54:26.050551Z","level":"INFO","message":"asynchronous invocation accepted","invocation_id":"inv_01m2qkfmc1fasezjdsbt5zg1x4","tenant_id":"tn_01hzzzzzzzzzzzzzzzzzzzzzza","revision_id":"rev_01m2qkfc07xasbd5qt1p46gxrr","input_bytes":191,"input_storage":"inline","target":"tachyon_serverless_application::services::invoke_async"}
{"timestamp":"2026-09-17T11:54:26.050589Z","level":"INFO","message":"webhook trigger fired","trigger_id":"trg_01m2qkfctpn54jztngbh16949a","event_id":"evt-post-w1","invocation_id":"inv_01m2qkfmc1fasezjdsbt5zg1x4","revision_id":"rev_01m2qkfc07xasbd5qt1p46gxrr","replayed":false,"target":"tachyon_serverless_application::services::triggers"}
{"timestamp":"2026-09-17T11:54:26.073535Z","level":"INFO","message":"trigger updated","trigger_id":"trg_01m2qkfctavyxkxsnx1dpph1db","generation":3,"status":"disabled","next_fire_at":"None","rotated_secret":false,"target":"tachyon_serverless_application::services::triggers"}
{"timestamp":"2026-09-17T11:54:26.101282Z","level":"INFO","message":"bridge spawned","environment_id":"env_01m2qkfm9543e9nsmwxrw2h9hs","pid":87869,"target":"tachyon_serverless_provider_process"}
{"timestamp":"2026-09-17T11:54:26.113829Z","level":"INFO","message":"invocation finished","invocation_id":"inv_01m2qkfm8mjqp3knv0nmkxak1f","status":"succeeded (async run)","handler_ms":1,"environment_boot_ms":4,"runtime_init_ms":5,"target":"tachyon_serverless_application::services::invoke"}
{"timestamp":"2026-09-17T11:54:26.115410Z","level":"INFO","message":"terminating bridge","environment_id":"env_01m2qkfm9543e9nsmwxrw2h9hs","pid":87869,"reason":"Completed","graceful":true,"target":"tachyon_serverless_provider_process"}
{"timestamp":"2026-09-17T11:54:26.119426Z","level":"INFO","message":"asynchronous invocation settled","invocation_id":"inv_01m2qkfm8mjqp3knv0nmkxak1f","status":"succeeded","target":"tachyon_serverless_application::services::invoke_async::dispatch"}
{"timestamp":"2026-09-17T11:54:26.123977Z","level":"INFO","message":"async dispatch: delivery handled","message_id":"inv_01m2qkfm8mjqp3knv0nmkxak1f","sequence":8,"delivery_count":1,"outcome":"Completed { status: \"succeeded\" }","target":"tachyon_serverless_application::services::invoke_async::dispatch"}
{"timestamp":"2026-09-17T11:54:26.124522Z","level":"INFO","message":"asynchronous run claimed","invocation_id":"inv_01m2qkfmc1fasezjdsbt5zg1x4","attempt":1,"generation":0,"delivery_count":1,"target":"tachyon_serverless_application::services::invoke_async::dispatch"}
{"timestamp":"2026-09-17T11:54:26.174662Z","level":"INFO","message":"bridge spawned","environment_id":"env_01m2qkfmbdh6ehtyq3kw1xwhwb","pid":87891,"target":"tachyon_serverless_provider_process"}
{"timestamp":"2026-09-17T11:54:26.185501Z","level":"INFO","message":"invocation finished","invocation_id":"inv_01m2qkfma7yere6trrgvfh0fg1","status":"succeeded (async run)","handler_ms":0,"environment_boot_ms":3,"runtime_init_ms":5,"target":"tachyon_serverless_application::services::invoke"}
{"timestamp":"2026-09-17T11:54:26.187028Z","level":"INFO","message":"terminating bridge","environment_id":"env_01m2qkfmbdh6ehtyq3kw1xwhwb","pid":87891,"reason":"Completed","graceful":true,"target":"tachyon_serverless_provider_process"}
{"timestamp":"2026-09-17T11:54:26.189598Z","level":"INFO","message":"asynchronous invocation settled","invocation_id":"inv_01m2qkfma7yere6trrgvfh0fg1","status":"succeeded","target":"tachyon_serverless_application::services::invoke_async::dispatch"}
{"timestamp":"2026-09-17T11:54:26.194677Z","level":"INFO","message":"async dispatch: delivery handled","message_id":"inv_01m2qkfma7yere6trrgvfh0fg1","sequence":9,"delivery_count":1,"outcome":"Completed { status: \"succeeded\" }","target":"tachyon_serverless_application::services::invoke_async::dispatch"}
{"timestamp":"2026-09-17T11:54:26.264080Z","level":"INFO","message":"bridge spawned","environment_id":"env_01m2qkfmec0a8bx8kdrtnt2dws","pid":87896,"target":"tachyon_serverless_provider_process"}
{"timestamp":"2026-09-17T11:54:26.278746Z","level":"INFO","message":"invocation finished","invocation_id":"inv_01m2qkfmc1fasezjdsbt5zg1x4","status":"succeeded (async run)","handler_ms":0,"environment_boot_ms":3,"runtime_init_ms":8,"target":"tachyon_serverless_application::services::invoke"}
{"timestamp":"2026-09-17T11:54:26.280320Z","level":"INFO","message":"terminating bridge","environment_id":"env_01m2qkfmec0a8bx8kdrtnt2dws","pid":87896,"reason":"Completed","graceful":true,"target":"tachyon_serverless_provider_process"}
{"timestamp":"2026-09-17T11:54:26.282861Z","level":"INFO","message":"asynchronous invocation settled","invocation_id":"inv_01m2qkfmc1fasezjdsbt5zg1x4","status":"succeeded","target":"tachyon_serverless_application::services::invoke_async::dispatch"}
{"timestamp":"2026-09-17T11:54:26.288939Z","level":"INFO","message":"async dispatch: delivery handled","message_id":"inv_01m2qkfmc1fasezjdsbt5zg1x4","sequence":10,"delivery_count":1,"outcome":"Completed { status: \"succeeded\" }","target":"tachyon_serverless_application::services::invoke_async::dispatch"}
{"timestamp":"2026-09-17T11:54:27.236968Z","level":"INFO","message":"object retention pass","report":"GcReport { examined: 3, collected_expired: 0, collected_orphans: 0, kept_in_use: 0, kept_referenced: 3, incomplete_removed: 0, tombstones_purged: 0, failed: 0 }","target":"tachyon_serverless_gateway"}
{"timestamp":"2026-09-17T11:54:27.579758Z","level":"INFO","message":"SIGTERM received","target":"tachyon_serverless_gateway"}
{"timestamp":"2026-09-17T11:54:27.579786Z","level":"INFO","message":"shutdown requested; cancelling in-flight invocations","target":"tachyon_serverless_gateway"}
{"timestamp":"2026-09-17T11:54:27.579992Z","level":"INFO","message":"final usage collection","report":"CollectReport { batches: 0, read: 0, inserted: 0, duplicates: 0, cursor_seq: 65 }","target":"tachyon_serverless_gateway"}
{"timestamp":"2026-09-17T11:54:27.580825Z","level":"INFO","message":"gateway stopped","target":"tachyon_serverless_gateway"}
{"timestamp":"2026-09-17T11:54:27.580963Z","level":"INFO","message":"event: closed","target":"async_nats"}
