
===== a start (failpoints: none) 10:58:56 =====
{"timestamp":"2026-09-17T10:58:56.311469Z","level":"INFO","message":"configuration loaded","config":"/private/var/folders/z7/khzdjrt95cg_fcmcnh4j1b5h0000gn/T/tsls-chaos.HG2VGD/gw-a.toml","target":"tachyon_serverless_gateway"}
{"timestamp":"2026-09-17T10:58:56.314844Z","level":"INFO","message":"connected successfully","server":"60250","max_payload":"1048576","target":"async_nats::connector"}
{"timestamp":"2026-09-17T10:58:56.315771Z","level":"INFO","message":"event: connected","target":"async_nats"}
{"timestamp":"2026-09-17T10:58:56.339911Z","level":"INFO","message":"JetStream queue connected and stream bootstrapped","url":"nats://127.0.0.1:60250","stream":"TACHYON_EVENTS","target":"tachyon_serverless_gateway::durable"}
{"timestamp":"2026-09-17T10:58:56.358090Z","level":"INFO","message":"state store opened","path":"/private/var/folders/z7/khzdjrt95cg_fcmcnh4j1b5h0000gn/T/tsls-chaos.HG2VGD/data/state.db","schema_version":8,"migrations_applied":"[1, 2, 3, 4, 5, 6, 7, 8]","imported_state_json":"None","settled_invocations":0,"settled_attempts":0,"settled_environments":0,"released_leases":0,"dropped_idempotency_keys":0,"purged_idempotency_keys":0,"outputs_purged":0,"target":"tachyon_serverless_application::app"}
{"timestamp":"2026-09-17T10:58:56.358736Z","level":"INFO","message":"dispatcher registered","dispatcher_id":"dsp_01m2qga0q6kmr66dsjbze5dcxp","instance":"chaos-a","pid":77531,"lease_ttl_seconds":6,"target":"tachyon_serverless_application::services::dispatcher"}
{"timestamp":"2026-09-17T10:58:56.364404Z","level":"INFO","message":"application bootstrapped","profile":"dev","provider":"process","dev_only":true,"environment_reuse":false,"reuse_verified":false,"reuse_reason":"[pool] enabled is false","reuse_disabled":"Some(Configuration)","idle_quiesce":"unsupported","idle_resume":"unsupported","data_dir":"/private/var/folders/z7/khzdjrt95cg_fcmcnh4j1b5h0000gn/T/tsls-chaos.HG2VGD/data","store":"sqlite","dispatcher_id":"dsp_01m2qga0q6kmr66dsjbze5dcxp","node":"local","node_region":"none","node_memory_mib":"None","max_concurrency":8,"queue":"nats","objects":"filesystem","invoke_async":true,"triggers":true,"target":"tachyon_serverless_application::app"}
{"timestamp":"2026-09-17T10:58:56.364846Z","level":"INFO","message":"startup reconcile finished","provider":"process","found":0,"adopted":0,"terminated":0,"disowned":0,"failed":0,"lost":0,"foreign":0,"reclaimed_dispatchers":0,"fenced_terminated":0,"fenced_pending":0,"target":"tachyon_serverless_application::services::reconcile"}
{"timestamp":"2026-09-17T10:58:56.365026Z","level":"INFO","message":"gateway listening","addr":"127.0.0.1:60254","profile":"dev","provider":"process","target":"tachyon_serverless_gateway"}
{"timestamp":"2026-09-17T10:58:56.367627Z","level":"INFO","message":"asynchronous dispatcher started","workers":2,"owner":"dsp_01m2qga0q6kmr66dsjbze5dcxp","target":"tachyon_serverless_gateway"}
{"timestamp":"2026-09-17T10:58:58.145717Z","level":"INFO","message":"revision ready","revision_id":"rev_01m2qga224ev0qa82w110j0ere","function_id":"fn_01m2qga13kq13fx4crc9wtrd13","target":"tachyon_serverless_application::services::revision"}
{"timestamp":"2026-09-17T10:58:59.722062Z","level":"INFO","message":"revision ready","revision_id":"rev_01m2qga3kvx4y7zdrywtbx76bh","function_id":"fn_01m2qga2nehm72tvhqrc7a79tt","target":"tachyon_serverless_application::services::revision"}
{"timestamp":"2026-09-17T10:59:01.156670Z","level":"INFO","message":"revision ready","revision_id":"rev_01m2qga51wxa9ynj3p49bha3zw","function_id":"fn_01m2qga47bh5bre2an2xwktzxh","target":"tachyon_serverless_application::services::revision"}
{"timestamp":"2026-09-17T10:59:01.226707Z","level":"INFO","message":"trigger created","trigger_id":"trg_01m2qga5f9ty3exvfz7d0xbrxh","function_id":"fn_01m2qga2nehm72tvhqrc7a79tt","kind":"cron","enabled":true,"next_fire_at":"Some(2026-09-17T10:59:02Z)","target":"tachyon_serverless_application::services::triggers"}
{"timestamp":"2026-09-17T10:59:01.253481Z","level":"INFO","message":"trigger created","trigger_id":"trg_01m2qga5g4te9tbfp250y4xxpd","function_id":"fn_01m2qga2nehm72tvhqrc7a79tt","kind":"webhook","enabled":true,"next_fire_at":"None","target":"tachyon_serverless_application::services::triggers"}
{"timestamp":"2026-09-17T10:59:02.005013Z","level":"INFO","message":"asynchronous invocation accepted","invocation_id":"inv_01m2qga67kykc94nxc7nv3ygjq","tenant_id":"tn_01hzzzzzzzzzzzzzzzzzzzzzza","revision_id":"rev_01m2qga3kvx4y7zdrywtbx76bh","input_bytes":180,"input_storage":"inline","target":"tachyon_serverless_application::services::invoke_async"}
{"timestamp":"2026-09-17T10:59:02.005098Z","level":"INFO","message":"cron trigger fired","trigger_id":"trg_01m2qga5f9ty3exvfz7d0xbrxh","scheduled_at":"2026-09-17T10:59:02Z","invocation_id":"inv_01m2qga67kykc94nxc7nv3ygjq","revision_id":"rev_01m2qga3kvx4y7zdrywtbx76bh","replayed":false,"target":"tachyon_serverless_application::services::triggers"}
{"timestamp":"2026-09-17T10:59:02.072540Z","level":"INFO","message":"bridge spawned","environment_id":"env_01m2qga5ycw7wp6bdepv5cyxh4","pid":77913,"target":"tachyon_serverless_provider_process"}
{"timestamp":"2026-09-17T10:59:02.455875Z","level":"INFO","message":"invocation finished","invocation_id":"inv_01m2qga5ybfeqdnp2pv8pywmd3","status":"succeeded","handler_ms":2,"environment_boot_ms":8,"runtime_init_ms":365,"target":"tachyon_serverless_application::services::invoke"}
{"timestamp":"2026-09-17T10:59:02.456626Z","level":"INFO","message":"terminating bridge","environment_id":"env_01m2qga5ycw7wp6bdepv5cyxh4","pid":77913,"reason":"Completed","graceful":true,"target":"tachyon_serverless_provider_process"}
{"timestamp":"2026-09-17T10:59:02.641274Z","level":"INFO","message":"asynchronous invocation accepted","invocation_id":"inv_01m2qga6vgy7p6byhbx3zrn98s","tenant_id":"tn_01hzzzzzzzzzzzzzzzzzzzzzza","revision_id":"rev_01m2qga224ev0qa82w110j0ere","input_bytes":49,"input_storage":"inline","target":"tachyon_serverless_application::services::invoke_async"}
{"timestamp":"2026-09-17T10:59:02.828543Z","level":"INFO","message":"asynchronous invocation accepted","invocation_id":"inv_01m2qga70qfwtmztkm9sxmwe7v","tenant_id":"tn_01hzzzzzzzzzzzzzzzzzzzzzza","revision_id":"rev_01m2qga224ev0qa82w110j0ere","input_bytes":4129,"input_storage":"object","target":"tachyon_serverless_application::services::invoke_async"}
{"timestamp":"2026-09-17T10:59:03.067500Z","level":"INFO","message":"asynchronous invocation accepted","invocation_id":"inv_01m2qga78sfd0vpq5kjz7f6vsx","tenant_id":"tn_01hzzzzzzzzzzzzzzzzzzzzzza","revision_id":"rev_01m2qga3kvx4y7zdrywtbx76bh","input_bytes":193,"input_storage":"inline","target":"tachyon_serverless_application::services::invoke_async"}
{"timestamp":"2026-09-17T10:59:03.067628Z","level":"INFO","message":"webhook trigger fired","trigger_id":"trg_01m2qga5g4te9tbfp250y4xxpd","event_id":"evt-pre-a-w1","invocation_id":"inv_01m2qga78sfd0vpq5kjz7f6vsx","revision_id":"rev_01m2qga3kvx4y7zdrywtbx76bh","replayed":false,"target":"tachyon_serverless_application::services::triggers"}
{"timestamp":"2026-09-17T10:59:03.082326Z","level":"INFO","message":"asynchronous run claimed","invocation_id":"inv_01m2qga78sfd0vpq5kjz7f6vsx","attempt":1,"generation":0,"delivery_count":1,"target":"tachyon_serverless_application::services::invoke_async::dispatch"}
{"timestamp":"2026-09-17T10:59:03.829011Z","level":"INFO","message":"bridge spawned","environment_id":"env_01m2qga79a8vcmpha5hmq1xsve","pid":78003,"target":"tachyon_serverless_provider_process"}
{"timestamp":"2026-09-17T10:59:03.868838Z","level":"INFO","message":"invocation finished","invocation_id":"inv_01m2qga78sfd0vpq5kjz7f6vsx","status":"succeeded (async run)","handler_ms":2,"environment_boot_ms":16,"runtime_init_ms":20,"target":"tachyon_serverless_application::services::invoke"}
{"timestamp":"2026-09-17T10:59:03.869774Z","level":"INFO","message":"terminating bridge","environment_id":"env_01m2qga79a8vcmpha5hmq1xsve","pid":78003,"reason":"Completed","graceful":true,"target":"tachyon_serverless_provider_process"}
{"timestamp":"2026-09-17T10:59:03.889104Z","level":"INFO","message":"asynchronous invocation settled","invocation_id":"inv_01m2qga78sfd0vpq5kjz7f6vsx","status":"succeeded","target":"tachyon_serverless_application::services::invoke_async::dispatch"}
{"timestamp":"2026-09-17T10:59:03.903848Z","level":"INFO","message":"async dispatch: delivery handled","message_id":"inv_01m2qga78sfd0vpq5kjz7f6vsx","sequence":4,"delivery_count":1,"outcome":"Completed { status: \"succeeded\" }","target":"tachyon_serverless_application::services::invoke_async::dispatch"}
{"timestamp":"2026-09-17T10:59:04.018389Z","level":"INFO","message":"asynchronous invocation accepted","invocation_id":"inv_01m2qga86hchvgqv3b79ssynjy","tenant_id":"tn_01hzzzzzzzzzzzzzzzzzzzzzza","revision_id":"rev_01m2qga3kvx4y7zdrywtbx76bh","input_bytes":180,"input_storage":"inline","target":"tachyon_serverless_application::services::invoke_async"}
{"timestamp":"2026-09-17T10:59:04.018462Z","level":"INFO","message":"cron trigger fired","trigger_id":"trg_01m2qga5f9ty3exvfz7d0xbrxh","scheduled_at":"2026-09-17T10:59:04Z","invocation_id":"inv_01m2qga86hchvgqv3b79ssynjy","revision_id":"rev_01m2qga3kvx4y7zdrywtbx76bh","replayed":false,"target":"tachyon_serverless_application::services::triggers"}
{"timestamp":"2026-09-17T10:59:04.044756Z","level":"INFO","message":"asynchronous run claimed","invocation_id":"inv_01m2qga86hchvgqv3b79ssynjy","attempt":1,"generation":0,"delivery_count":1,"target":"tachyon_serverless_application::services::invoke_async::dispatch"}
{"timestamp":"2026-09-17T10:59:04.462172Z","level":"INFO","message":"asynchronous run claimed","invocation_id":"inv_01m2qga8kanx9ksf44qcarea1w","attempt":1,"generation":0,"delivery_count":1,"target":"tachyon_serverless_application::services::invoke_async::dispatch"}
{"timestamp":"2026-09-17T10:59:04.629748Z","level":"INFO","message":"trigger updated","trigger_id":"trg_01m2qga5f9ty3exvfz7d0xbrxh","generation":2,"status":"disabled","next_fire_at":"None","rotated_secret":false,"target":"tachyon_serverless_application::services::triggers"}
{"timestamp":"2026-09-17T10:59:04.854283Z","level":"INFO","message":"bridge spawned","environment_id":"env_01m2qga87d6rv2tre7j1e4seq4","pid":78106,"target":"tachyon_serverless_provider_process"}
{"timestamp":"2026-09-17T10:59:04.897704Z","level":"INFO","message":"invocation finished","invocation_id":"inv_01m2qga86hchvgqv3b79ssynjy","status":"succeeded (async run)","handler_ms":1,"environment_boot_ms":17,"runtime_init_ms":23,"target":"tachyon_serverless_application::services::invoke"}
{"timestamp":"2026-09-17T10:59:04.899936Z","level":"INFO","message":"terminating bridge","environment_id":"env_01m2qga87d6rv2tre7j1e4seq4","pid":78106,"reason":"Completed","graceful":true,"target":"tachyon_serverless_provider_process"}
{"timestamp":"2026-09-17T10:59:04.908527Z","level":"INFO","message":"asynchronous invocation settled","invocation_id":"inv_01m2qga86hchvgqv3b79ssynjy","status":"succeeded","target":"tachyon_serverless_application::services::invoke_async::dispatch"}
{"timestamp":"2026-09-17T10:59:04.927052Z","level":"INFO","message":"async dispatch: delivery handled","message_id":"inv_01m2qga86hchvgqv3b79ssynjy","sequence":5,"delivery_count":1,"outcome":"Completed { status: \"succeeded\" }","target":"tachyon_serverless_application::services::invoke_async::dispatch"}
{"timestamp":"2026-09-17T10:59:05.212654Z","level":"INFO","message":"bridge spawned","environment_id":"env_01m2qga8mjxqzyc5f1y6rt6fwe","pid":78115,"target":"tachyon_serverless_provider_process"}
{"timestamp":"2026-09-17T10:59:05.250476Z","level":"INFO","message":"invocation finished","invocation_id":"inv_01m2qga8kanx9ksf44qcarea1w","status":"succeeded (async run)","handler_ms":3,"environment_boot_ms":12,"runtime_init_ms":18,"target":"tachyon_serverless_application::services::invoke"}
{"timestamp":"2026-09-17T10:59:05.253115Z","level":"INFO","message":"terminating bridge","environment_id":"env_01m2qga8mjxqzyc5f1y6rt6fwe","pid":78115,"reason":"Completed","graceful":true,"target":"tachyon_serverless_provider_process"}
{"timestamp":"2026-09-17T10:59:05.268704Z","level":"INFO","message":"asynchronous invocation settled","invocation_id":"inv_01m2qga8kanx9ksf44qcarea1w","status":"succeeded","target":"tachyon_serverless_application::services::invoke_async::dispatch"}
{"timestamp":"2026-09-17T10:59:05.283382Z","level":"INFO","message":"async dispatch: delivery handled","message_id":"inv_01m2qga8kanx9ksf44qcarea1w","sequence":7,"delivery_count":1,"outcome":"Completed { status: \"succeeded\" }","target":"tachyon_serverless_application::services::invoke_async::dispatch"}
{"timestamp":"2026-09-17T10:59:05.311497Z","level":"INFO","message":"bridge spawned","environment_id":"env_01m2qga8wg70qzsbnsyxee7b4z","pid":78120,"target":"tachyon_serverless_provider_process"}
{"timestamp":"2026-09-17T10:59:18.366395Z","level":"ERROR","message":"dispatcher lease lost: refusing new invocations; in-flight completions will be refused if another dispatcher reclaimed them","dispatcher_id":"dsp_01m2qga0q6kmr66dsjbze5dcxp","target":"tachyon_serverless_application::services::dispatcher"}
{"timestamp":"2026-09-17T10:59:18.366776Z","level":"WARN","message":"cannot record invocation outcome","error":"Invocation is already in a terminal state (outcome_unknown); further updates are rejected","invocation_id":"inv_01m2qga8wfh9vaqn5mw2wbbtaz","target":"tachyon_serverless_application::services::invoke"}
{"timestamp":"2026-09-17T10:59:18.367797Z","level":"WARN","message":"stale completion refused: another dispatcher reclaimed this slot","invocation_id":"inv_01m2qga8wfh9vaqn5mw2wbbtaz","attempt_id":"att_01m2qgab16rqhxc3qxd3fxr1f3","epoch":1,"reason":"lease lse_01m2qgab169d7zfy3fdaav30dy is already released","target":"tachyon_serverless_application::services::invoke"}
{"timestamp":"2026-09-17T10:59:18.368140Z","level":"INFO","message":"object retention pass","report":"GcReport { examined: 2, collected_expired: 0, collected_orphans: 0, kept_in_use: 0, kept_referenced: 2, incomplete_removed: 0, tombstones_purged: 0, failed: 0 }","target":"tachyon_serverless_gateway"}
{"timestamp":"2026-09-17T10:59:18.369319Z","level":"WARN","message":"environment update failed","error":"refused: environment env_01m2qga8wg70qzsbnsyxee7b4z is lost and final","environment_id":"env_01m2qga8wg70qzsbnsyxee7b4z","target":"tachyon_serverless_application::services::invoke"}
{"timestamp":"2026-09-17T10:59:18.371405Z","level":"INFO","message":"object retention pass","report":"GcReport { examined: 2, collected_expired: 0, collected_orphans: 0, kept_in_use: 0, kept_referenced: 2, incomplete_removed: 0, tombstones_purged: 0, failed: 0 }","target":"tachyon_serverless_gateway"}
{"timestamp":"2026-09-17T10:59:20.380414Z","level":"INFO","message":"object retention pass","report":"GcReport { examined: 2, collected_expired: 0, collected_orphans: 0, kept_in_use: 0, kept_referenced: 2, incomplete_removed: 0, tombstones_purged: 0, failed: 0 }","target":"tachyon_serverless_gateway"}
{"timestamp":"2026-09-17T10:59:22.378576Z","level":"INFO","message":"object retention pass","report":"GcReport { examined: 2, collected_expired: 0, collected_orphans: 0, kept_in_use: 0, kept_referenced: 2, incomplete_removed: 0, tombstones_purged: 0, failed: 0 }","target":"tachyon_serverless_gateway"}
{"timestamp":"2026-09-17T10:59:24.372939Z","level":"INFO","message":"object retention pass","report":"GcReport { examined: 2, collected_expired: 0, collected_orphans: 0, kept_in_use: 0, kept_referenced: 2, incomplete_removed: 0, tombstones_purged: 0, failed: 0 }","target":"tachyon_serverless_gateway"}
{"timestamp":"2026-09-17T10:59:24.483567Z","level":"INFO","message":"SIGTERM received","target":"tachyon_serverless_gateway"}
{"timestamp":"2026-09-17T10:59:24.483669Z","level":"INFO","message":"shutdown requested; cancelling in-flight invocations","target":"tachyon_serverless_gateway"}
{"timestamp":"2026-09-17T10:59:24.488312Z","level":"INFO","message":"final usage collection","report":"CollectReport { batches: 1, read: 5, inserted: 5, duplicates: 0, cursor_seq: 60 }","target":"tachyon_serverless_gateway"}
{"timestamp":"2026-09-17T10:59:24.490936Z","level":"INFO","message":"gateway stopped","target":"tachyon_serverless_gateway"}
{"timestamp":"2026-09-17T10:59:24.491235Z","level":"INFO","message":"event: closed","target":"async_nats"}

===== a start (failpoints: none) 10:59:24 =====
{"timestamp":"2026-09-17T10:59:24.641133Z","level":"INFO","message":"configuration loaded","config":"/private/var/folders/z7/khzdjrt95cg_fcmcnh4j1b5h0000gn/T/tsls-chaos.HG2VGD/gw-a.toml","target":"tachyon_serverless_gateway"}
{"timestamp":"2026-09-17T10:59:24.644067Z","level":"INFO","message":"connected successfully","server":"60250","max_payload":"1048576","target":"async_nats::connector"}
{"timestamp":"2026-09-17T10:59:24.644473Z","level":"INFO","message":"event: connected","target":"async_nats"}
{"timestamp":"2026-09-17T10:59:24.676277Z","level":"INFO","message":"JetStream queue connected and stream bootstrapped","url":"nats://127.0.0.1:60250","stream":"TACHYON_EVENTS","target":"tachyon_serverless_gateway::durable"}
{"timestamp":"2026-09-17T10:59:24.679328Z","level":"INFO","message":"state store opened","path":"/private/var/folders/z7/khzdjrt95cg_fcmcnh4j1b5h0000gn/T/tsls-chaos.HG2VGD/data/state.db","schema_version":8,"migrations_applied":"[]","imported_state_json":"None","settled_invocations":0,"settled_attempts":0,"settled_environments":0,"released_leases":0,"dropped_idempotency_keys":0,"purged_idempotency_keys":0,"outputs_purged":0,"target":"tachyon_serverless_application::app"}
{"timestamp":"2026-09-17T10:59:24.680084Z","level":"INFO","message":"dispatcher registered","dispatcher_id":"dsp_01m2qgawc7a2qad48jdy3hp48k","instance":"chaos-a","pid":78574,"lease_ttl_seconds":6,"target":"tachyon_serverless_application::services::dispatcher"}
{"timestamp":"2026-09-17T10:59:24.682511Z","level":"INFO","message":"application bootstrapped","profile":"dev","provider":"process","dev_only":true,"environment_reuse":false,"reuse_verified":false,"reuse_reason":"[pool] enabled is false","reuse_disabled":"Some(Configuration)","idle_quiesce":"unsupported","idle_resume":"unsupported","data_dir":"/private/var/folders/z7/khzdjrt95cg_fcmcnh4j1b5h0000gn/T/tsls-chaos.HG2VGD/data","store":"sqlite","dispatcher_id":"dsp_01m2qgawc7a2qad48jdy3hp48k","node":"local","node_region":"none","node_memory_mib":"None","max_concurrency":8,"queue":"nats","objects":"filesystem","invoke_async":true,"triggers":true,"target":"tachyon_serverless_application::app"}
{"timestamp":"2026-09-17T10:59:24.683235Z","level":"INFO","message":"startup reconcile finished","provider":"process","found":0,"adopted":0,"terminated":0,"disowned":0,"failed":0,"lost":0,"foreign":0,"reclaimed_dispatchers":0,"fenced_terminated":0,"fenced_pending":0,"target":"tachyon_serverless_application::services::reconcile"}
{"timestamp":"2026-09-17T10:59:24.683381Z","level":"INFO","message":"gateway listening","addr":"127.0.0.1:60254","profile":"dev","provider":"process","target":"tachyon_serverless_gateway"}
{"timestamp":"2026-09-17T10:59:24.685924Z","level":"INFO","message":"asynchronous dispatcher started","workers":2,"owner":"dsp_01m2qgawc7a2qad48jdy3hp48k","target":"tachyon_serverless_gateway"}
{"timestamp":"2026-09-17T10:59:24.693811Z","level":"INFO","message":"object retention pass","report":"GcReport { examined: 2, collected_expired: 0, collected_orphans: 0, kept_in_use: 0, kept_referenced: 2, incomplete_removed: 0, tombstones_purged: 0, failed: 0 }","target":"tachyon_serverless_gateway"}
{"timestamp":"2026-09-17T10:59:25.367387Z","level":"INFO","message":"bridge spawned","environment_id":"env_01m2qgawpb23evvv9faqwxphw5","pid":78598,"target":"tachyon_serverless_provider_process"}
{"timestamp":"2026-09-17T10:59:25.393720Z","level":"INFO","message":"invocation finished","invocation_id":"inv_01m2qgawpaxdrzbxebz3nrfgnb","status":"succeeded","handler_ms":1,"environment_boot_ms":9,"runtime_init_ms":11,"target":"tachyon_serverless_application::services::invoke"}
{"timestamp":"2026-09-17T10:59:25.395631Z","level":"INFO","message":"terminating bridge","environment_id":"env_01m2qgawpb23evvv9faqwxphw5","pid":78598,"reason":"Completed","graceful":true,"target":"tachyon_serverless_provider_process"}
{"timestamp":"2026-09-17T10:59:25.531944Z","level":"INFO","message":"asynchronous invocation accepted","invocation_id":"inv_01m2qgax6t63y0wc25jzw7spdz","tenant_id":"tn_01hzzzzzzzzzzzzzzzzzzzzzza","revision_id":"rev_01m2qga224ev0qa82w110j0ere","input_bytes":50,"input_storage":"inline","target":"tachyon_serverless_application::services::invoke_async"}
{"timestamp":"2026-09-17T10:59:25.688676Z","level":"INFO","message":"asynchronous invocation accepted","invocation_id":"inv_01m2qgaxb4v0ptj3wepr0hdvcc","tenant_id":"tn_01hzzzzzzzzzzzzzzzzzzzzzza","revision_id":"rev_01m2qga224ev0qa82w110j0ere","input_bytes":4130,"input_storage":"object","target":"tachyon_serverless_application::services::invoke_async"}
{"timestamp":"2026-09-17T10:59:25.704295Z","level":"INFO","message":"asynchronous run claimed","invocation_id":"inv_01m2qgaxb4v0ptj3wepr0hdvcc","attempt":1,"generation":0,"delivery_count":1,"target":"tachyon_serverless_application::services::invoke_async::dispatch"}
{"timestamp":"2026-09-17T10:59:25.817583Z","level":"INFO","message":"asynchronous invocation accepted","invocation_id":"inv_01m2qgaxfqh8j3m3ere4e5cqm7","tenant_id":"tn_01hzzzzzzzzzzzzzzzzzzzzzza","revision_id":"rev_01m2qga3kvx4y7zdrywtbx76bh","input_bytes":195,"input_storage":"inline","target":"tachyon_serverless_application::services::invoke_async"}
{"timestamp":"2026-09-17T10:59:25.817701Z","level":"INFO","message":"webhook trigger fired","trigger_id":"trg_01m2qga5g4te9tbfp250y4xxpd","event_id":"evt-post-a-w1","invocation_id":"inv_01m2qgaxfqh8j3m3ere4e5cqm7","revision_id":"rev_01m2qga3kvx4y7zdrywtbx76bh","replayed":false,"target":"tachyon_serverless_application::services::triggers"}
{"timestamp":"2026-09-17T10:59:25.831846Z","level":"INFO","message":"asynchronous run claimed","invocation_id":"inv_01m2qgaxfqh8j3m3ere4e5cqm7","attempt":1,"generation":0,"delivery_count":1,"target":"tachyon_serverless_application::services::invoke_async::dispatch"}
{"timestamp":"2026-09-17T10:59:26.104326Z","level":"INFO","message":"bridge spawned","environment_id":"env_01m2qgaxccynqkfqs21jx7bvmt","pid":78680,"target":"tachyon_serverless_provider_process"}
{"timestamp":"2026-09-17T10:59:26.157151Z","level":"INFO","message":"invocation finished","invocation_id":"inv_01m2qgaxb4v0ptj3wepr0hdvcc","status":"succeeded (async run)","handler_ms":5,"environment_boot_ms":17,"runtime_init_ms":25,"target":"tachyon_serverless_application::services::invoke"}
{"timestamp":"2026-09-17T10:59:26.159432Z","level":"INFO","message":"terminating bridge","environment_id":"env_01m2qgaxccynqkfqs21jx7bvmt","pid":78680,"reason":"Completed","graceful":true,"target":"tachyon_serverless_provider_process"}
{"timestamp":"2026-09-17T10:59:26.172900Z","level":"INFO","message":"asynchronous invocation settled","invocation_id":"inv_01m2qgaxb4v0ptj3wepr0hdvcc","status":"succeeded","target":"tachyon_serverless_application::services::invoke_async::dispatch"}
{"timestamp":"2026-09-17T10:59:26.186523Z","level":"INFO","message":"async dispatch: delivery handled","message_id":"inv_01m2qgaxb4v0ptj3wepr0hdvcc","sequence":10,"delivery_count":1,"outcome":"Completed { status: \"succeeded\" }","target":"tachyon_serverless_application::services::invoke_async::dispatch"}
{"timestamp":"2026-09-17T10:59:26.230444Z","level":"INFO","message":"bridge spawned","environment_id":"env_01m2qgaxg874gyvqk7rfr66ggw","pid":78683,"target":"tachyon_serverless_provider_process"}
{"timestamp":"2026-09-17T10:59:26.255965Z","level":"INFO","message":"invocation finished","invocation_id":"inv_01m2qgaxfqh8j3m3ere4e5cqm7","status":"succeeded (async run)","handler_ms":1,"environment_boot_ms":8,"runtime_init_ms":11,"target":"tachyon_serverless_application::services::invoke"}
{"timestamp":"2026-09-17T10:59:26.257924Z","level":"INFO","message":"terminating bridge","environment_id":"env_01m2qgaxg874gyvqk7rfr66ggw","pid":78683,"reason":"Completed","graceful":true,"target":"tachyon_serverless_provider_process"}
{"timestamp":"2026-09-17T10:59:26.264531Z","level":"INFO","message":"asynchronous invocation settled","invocation_id":"inv_01m2qgaxfqh8j3m3ere4e5cqm7","status":"succeeded","target":"tachyon_serverless_application::services::invoke_async::dispatch"}
{"timestamp":"2026-09-17T10:59:26.270053Z","level":"INFO","message":"async dispatch: delivery handled","message_id":"inv_01m2qgaxfqh8j3m3ere4e5cqm7","sequence":11,"delivery_count":1,"outcome":"Completed { status: \"succeeded\" }","target":"tachyon_serverless_application::services::invoke_async::dispatch"}
{"timestamp":"2026-09-17T10:59:26.692990Z","level":"INFO","message":"object retention pass","report":"GcReport { examined: 2, collected_expired: 0, collected_orphans: 0, kept_in_use: 0, kept_referenced: 2, incomplete_removed: 0, tombstones_purged: 0, failed: 0 }","target":"tachyon_serverless_gateway"}
{"timestamp":"2026-09-17T10:59:28.515836Z","level":"INFO","message":"trigger updated","trigger_id":"trg_01m2qga5f9ty3exvfz7d0xbrxh","generation":3,"status":"disabled","next_fire_at":"None","rotated_secret":false,"target":"tachyon_serverless_application::services::triggers"}
{"timestamp":"2026-09-17T10:59:28.642578Z","level":"INFO","message":"asynchronous run claimed","invocation_id":"inv_01m2qgax6t63y0wc25jzw7spdz","attempt":1,"generation":1,"delivery_count":1,"target":"tachyon_serverless_application::services::invoke_async::dispatch"}
{"timestamp":"2026-09-17T10:59:28.690067Z","level":"WARN","message":"reclaimed the work of dispatchers that lost their lease","dispatcher_id":"dsp_01m2qgawc7a2qad48jdy3hp48k","reclaimed_dispatchers":"[DispatcherId(dsp_01m2qga5mvmbvgvjwz7y42j3ev)]","leases":0,"invocations":0,"attempts":0,"fenced":0,"target":"tachyon_serverless_application::services::dispatcher"}
{"timestamp":"2026-09-17T10:59:28.690558Z","level":"INFO","message":"object retention pass","report":"GcReport { examined: 2, collected_expired: 0, collected_orphans: 0, kept_in_use: 0, kept_referenced: 2, incomplete_removed: 0, tombstones_purged: 0, failed: 0 }","target":"tachyon_serverless_gateway"}
{"timestamp":"2026-09-17T10:59:29.025074Z","level":"INFO","message":"bridge spawned","environment_id":"env_01m2qgb083yd3e7dsxygb4srp4","pid":78747,"target":"tachyon_serverless_provider_process"}
{"timestamp":"2026-09-17T10:59:29.049444Z","level":"INFO","message":"invocation finished","invocation_id":"inv_01m2qgax6t63y0wc25jzw7spdz","status":"succeeded (async run)","handler_ms":1,"environment_boot_ms":8,"runtime_init_ms":11,"target":"tachyon_serverless_application::services::invoke"}
{"timestamp":"2026-09-17T10:59:29.051463Z","level":"INFO","message":"terminating bridge","environment_id":"env_01m2qgb083yd3e7dsxygb4srp4","pid":78747,"reason":"Completed","graceful":true,"target":"tachyon_serverless_provider_process"}
{"timestamp":"2026-09-17T10:59:29.057702Z","level":"INFO","message":"asynchronous invocation settled","invocation_id":"inv_01m2qgax6t63y0wc25jzw7spdz","status":"succeeded","target":"tachyon_serverless_application::services::invoke_async::dispatch"}
{"timestamp":"2026-09-17T10:59:29.065155Z","level":"INFO","message":"async dispatch: delivery handled","message_id":"inv_01m2qgax6t63y0wc25jzw7spdz.g1","sequence":12,"delivery_count":1,"outcome":"Completed { status: \"succeeded\" }","target":"tachyon_serverless_application::services::invoke_async::dispatch"}
{"timestamp":"2026-09-17T10:59:30.688492Z","level":"INFO","message":"object retention pass","report":"GcReport { examined: 2, collected_expired: 0, collected_orphans: 0, kept_in_use: 0, kept_referenced: 2, incomplete_removed: 0, tombstones_purged: 0, failed: 0 }","target":"tachyon_serverless_gateway"}
{"timestamp":"2026-09-17T10:59:32.476248Z","level":"INFO","message":"SIGTERM received","target":"tachyon_serverless_gateway"}
{"timestamp":"2026-09-17T10:59:32.476345Z","level":"INFO","message":"shutdown requested; cancelling in-flight invocations","target":"tachyon_serverless_gateway"}
{"timestamp":"2026-09-17T10:59:32.476955Z","level":"INFO","message":"final usage collection","report":"CollectReport { batches: 0, read: 0, inserted: 0, duplicates: 0, cursor_seq: 81 }","target":"tachyon_serverless_gateway"}
{"timestamp":"2026-09-17T10:59:32.478469Z","level":"INFO","message":"gateway stopped","target":"tachyon_serverless_gateway"}
{"timestamp":"2026-09-17T10:59:32.478779Z","level":"INFO","message":"event: closed","target":"async_nats"}
