
===== b start (failpoints: none) 10:59:01 =====
{"timestamp":"2026-09-17T10:59:01.376214Z","level":"INFO","message":"configuration loaded","config":"/private/var/folders/z7/khzdjrt95cg_fcmcnh4j1b5h0000gn/T/tsls-chaos.HG2VGD/gw-b.toml","target":"tachyon_serverless_gateway"}
{"timestamp":"2026-09-17T10:59:01.378715Z","level":"INFO","message":"connected successfully","server":"60250","max_payload":"1048576","target":"async_nats::connector"}
{"timestamp":"2026-09-17T10:59:01.378924Z","level":"INFO","message":"event: connected","target":"async_nats"}
{"timestamp":"2026-09-17T10:59:01.399962Z","level":"INFO","message":"JetStream queue connected and stream bootstrapped","url":"nats://127.0.0.1:60250","stream":"TACHYON_EVENTS","target":"tachyon_serverless_gateway::durable"}
{"timestamp":"2026-09-17T10:59:01.402997Z","level":"INFO","message":"state store opened","path":"/private/var/folders/z7/khzdjrt95cg_fcmcnh4j1b5h0000gn/T/tsls-chaos.HG2VGD/data/state.db","schema_version":8,"migrations_applied":"[]","imported_state_json":"None","settled_invocations":0,"settled_attempts":0,"settled_environments":0,"released_leases":0,"dropped_idempotency_keys":0,"purged_idempotency_keys":0,"outputs_purged":0,"target":"tachyon_serverless_application::app"}
{"timestamp":"2026-09-17T10:59:01.403985Z","level":"INFO","message":"dispatcher registered","dispatcher_id":"dsp_01m2qga5mvmbvgvjwz7y42j3ev","instance":"chaos-b","pid":77877,"lease_ttl_seconds":6,"target":"tachyon_serverless_application::services::dispatcher"}
{"timestamp":"2026-09-17T10:59:01.406177Z","level":"INFO","message":"application bootstrapped","profile":"dev","provider":"process","dev_only":true,"environment_reuse":false,"reuse_verified":false,"reuse_reason":"[pool] enabled is false","reuse_disabled":"Some(Configuration)","idle_quiesce":"unsupported","idle_resume":"unsupported","data_dir":"/private/var/folders/z7/khzdjrt95cg_fcmcnh4j1b5h0000gn/T/tsls-chaos.HG2VGD/data","store":"sqlite","dispatcher_id":"dsp_01m2qga5mvmbvgvjwz7y42j3ev","node":"local","node_region":"none","node_memory_mib":"None","max_concurrency":8,"queue":"nats","objects":"filesystem","invoke_async":true,"triggers":true,"target":"tachyon_serverless_application::app"}
{"timestamp":"2026-09-17T10:59:01.406854Z","level":"INFO","message":"startup reconcile finished","provider":"process","found":0,"adopted":0,"terminated":0,"disowned":0,"failed":0,"lost":0,"foreign":0,"reclaimed_dispatchers":0,"fenced_terminated":0,"fenced_pending":0,"target":"tachyon_serverless_application::services::reconcile"}
{"timestamp":"2026-09-17T10:59:01.407004Z","level":"INFO","message":"gateway listening","addr":"127.0.0.1:60283","profile":"dev","provider":"process","target":"tachyon_serverless_gateway"}
{"timestamp":"2026-09-17T10:59:01.409851Z","level":"INFO","message":"asynchronous dispatcher started","workers":2,"owner":"dsp_01m2qga5mvmbvgvjwz7y42j3ev","target":"tachyon_serverless_gateway"}
{"timestamp":"2026-09-17T10:59:02.020659Z","level":"INFO","message":"asynchronous run claimed","invocation_id":"inv_01m2qga67kykc94nxc7nv3ygjq","attempt":1,"generation":0,"delivery_count":1,"target":"tachyon_serverless_application::services::invoke_async::dispatch"}
{"timestamp":"2026-09-17T10:59:02.399053Z","level":"INFO","message":"bridge spawned","environment_id":"env_01m2qga685crx4wtwah3b23snj","pid":77917,"target":"tachyon_serverless_provider_process"}
{"timestamp":"2026-09-17T10:59:02.473665Z","level":"INFO","message":"invocation finished","invocation_id":"inv_01m2qga67kykc94nxc7nv3ygjq","status":"succeeded (async run)","handler_ms":3,"environment_boot_ms":25,"runtime_init_ms":29,"target":"tachyon_serverless_application::services::invoke"}
{"timestamp":"2026-09-17T10:59:02.475972Z","level":"INFO","message":"terminating bridge","environment_id":"env_01m2qga685crx4wtwah3b23snj","pid":77917,"reason":"Completed","graceful":true,"target":"tachyon_serverless_provider_process"}
{"timestamp":"2026-09-17T10:59:02.490615Z","level":"INFO","message":"asynchronous invocation settled","invocation_id":"inv_01m2qga67kykc94nxc7nv3ygjq","status":"succeeded","target":"tachyon_serverless_application::services::invoke_async::dispatch"}
{"timestamp":"2026-09-17T10:59:02.501385Z","level":"INFO","message":"async dispatch: delivery handled","message_id":"inv_01m2qga67kykc94nxc7nv3ygjq","sequence":1,"delivery_count":1,"outcome":"Completed { status: \"succeeded\" }","target":"tachyon_serverless_application::services::invoke_async::dispatch"}
{"timestamp":"2026-09-17T10:59:02.655609Z","level":"INFO","message":"asynchronous run claimed","invocation_id":"inv_01m2qga6vgy7p6byhbx3zrn98s","attempt":1,"generation":0,"delivery_count":1,"target":"tachyon_serverless_application::services::invoke_async::dispatch"}
{"timestamp":"2026-09-17T10:59:02.844929Z","level":"INFO","message":"asynchronous run claimed","invocation_id":"inv_01m2qga70qfwtmztkm9sxmwe7v","attempt":1,"generation":0,"delivery_count":1,"target":"tachyon_serverless_application::services::invoke_async::dispatch"}
{"timestamp":"2026-09-17T10:59:03.084460Z","level":"INFO","message":"bridge spawned","environment_id":"env_01m2qga6w0efdcg2h7z9b5kbfz","pid":77985,"target":"tachyon_serverless_provider_process"}
{"timestamp":"2026-09-17T10:59:03.554595Z","level":"INFO","message":"invocation finished","invocation_id":"inv_01m2qga6vgy7p6byhbx3zrn98s","status":"succeeded (async run)","handler_ms":3,"environment_boot_ms":13,"runtime_init_ms":450,"target":"tachyon_serverless_application::services::invoke"}
{"timestamp":"2026-09-17T10:59:03.556931Z","level":"INFO","message":"terminating bridge","environment_id":"env_01m2qga6w0efdcg2h7z9b5kbfz","pid":77985,"reason":"Completed","graceful":true,"target":"tachyon_serverless_provider_process"}
{"timestamp":"2026-09-17T10:59:03.564546Z","level":"INFO","message":"asynchronous invocation settled","invocation_id":"inv_01m2qga6vgy7p6byhbx3zrn98s","status":"succeeded","target":"tachyon_serverless_application::services::invoke_async::dispatch"}
{"timestamp":"2026-09-17T10:59:03.571632Z","level":"INFO","message":"async dispatch: delivery handled","message_id":"inv_01m2qga6vgy7p6byhbx3zrn98s","sequence":2,"delivery_count":1,"outcome":"Completed { status: \"succeeded\" }","target":"tachyon_serverless_application::services::invoke_async::dispatch"}
{"timestamp":"2026-09-17T10:59:03.598060Z","level":"INFO","message":"bridge spawned","environment_id":"env_01m2qga721zz8eekkr1jk1thg2","pid":77995,"target":"tachyon_serverless_provider_process"}
{"timestamp":"2026-09-17T10:59:03.659616Z","level":"INFO","message":"invocation finished","invocation_id":"inv_01m2qga70qfwtmztkm9sxmwe7v","status":"succeeded (async run)","handler_ms":19,"environment_boot_ms":16,"runtime_init_ms":28,"target":"tachyon_serverless_application::services::invoke"}
{"timestamp":"2026-09-17T10:59:03.666634Z","level":"INFO","message":"terminating bridge","environment_id":"env_01m2qga721zz8eekkr1jk1thg2","pid":77995,"reason":"Completed","graceful":true,"target":"tachyon_serverless_provider_process"}
{"timestamp":"2026-09-17T10:59:03.738400Z","level":"INFO","message":"asynchronous invocation settled","invocation_id":"inv_01m2qga70qfwtmztkm9sxmwe7v","status":"succeeded","target":"tachyon_serverless_application::services::invoke_async::dispatch"}
{"timestamp":"2026-09-17T10:59:03.753703Z","level":"INFO","message":"async dispatch: delivery handled","message_id":"inv_01m2qga70qfwtmztkm9sxmwe7v","sequence":3,"delivery_count":1,"outcome":"Completed { status: \"succeeded\" }","target":"tachyon_serverless_application::services::invoke_async::dispatch"}
{"timestamp":"2026-09-17T10:59:03.915424Z","level":"INFO","message":"bridge spawned","environment_id":"env_01m2qga7bbfkm7ksp1etepqz8w","pid":78005,"target":"tachyon_serverless_provider_process"}
{"timestamp":"2026-09-17T10:59:04.010586Z","level":"INFO","message":"invocation finished","invocation_id":"inv_01m2qga7bazmmyn6jcrbkb4hvk","status":"succeeded","handler_ms":2,"environment_boot_ms":25,"runtime_init_ms":70,"target":"tachyon_serverless_application::services::invoke"}
{"timestamp":"2026-09-17T10:59:04.012825Z","level":"INFO","message":"terminating bridge","environment_id":"env_01m2qga7bbfkm7ksp1etepqz8w","pid":78005,"reason":"Completed","graceful":true,"target":"tachyon_serverless_provider_process"}
{"timestamp":"2026-09-17T10:59:04.226777Z","level":"INFO","message":"asynchronous invocation accepted","invocation_id":"inv_01m2qga8d07t1c664nmzdy5158","tenant_id":"tn_01hzzzzzzzzzzzzzzzzzzzzzza","revision_id":"rev_01m2qga224ev0qa82w110j0ere","input_bytes":49,"input_storage":"inline","target":"tachyon_serverless_application::services::invoke_async"}
{"timestamp":"2026-09-17T10:59:04.241013Z","level":"INFO","message":"asynchronous run claimed","invocation_id":"inv_01m2qga8d07t1c664nmzdy5158","attempt":1,"generation":0,"delivery_count":1,"target":"tachyon_serverless_application::services::invoke_async::dispatch"}
{"timestamp":"2026-09-17T10:59:04.449273Z","level":"INFO","message":"asynchronous invocation accepted","invocation_id":"inv_01m2qga8kanx9ksf44qcarea1w","tenant_id":"tn_01hzzzzzzzzzzzzzzzzzzzzzza","revision_id":"rev_01m2qga224ev0qa82w110j0ere","input_bytes":4129,"input_storage":"object","target":"tachyon_serverless_application::services::invoke_async"}
{"timestamp":"2026-09-17T10:59:04.574078Z","level":"INFO","message":"asynchronous invocation accepted","invocation_id":"inv_01m2qga8qw5q82nr7ktykbhrnr","tenant_id":"tn_01hzzzzzzzzzzzzzzzzzzzzzza","revision_id":"rev_01m2qga3kvx4y7zdrywtbx76bh","input_bytes":193,"input_storage":"inline","target":"tachyon_serverless_application::services::invoke_async"}
{"timestamp":"2026-09-17T10:59:04.574179Z","level":"INFO","message":"webhook trigger fired","trigger_id":"trg_01m2qga5g4te9tbfp250y4xxpd","event_id":"evt-pre-b-w1","invocation_id":"inv_01m2qga8qw5q82nr7ktykbhrnr","revision_id":"rev_01m2qga3kvx4y7zdrywtbx76bh","replayed":false,"target":"tachyon_serverless_application::services::triggers"}
{"timestamp":"2026-09-17T10:59:04.591679Z","level":"INFO","message":"asynchronous run claimed","invocation_id":"inv_01m2qga8qw5q82nr7ktykbhrnr","attempt":1,"generation":0,"delivery_count":1,"target":"tachyon_serverless_application::services::invoke_async::dispatch"}
{"timestamp":"2026-09-17T10:59:05.075100Z","level":"INFO","message":"bridge spawned","environment_id":"env_01m2qga8dhdnmg2gjarhmqz92e","pid":78112,"target":"tachyon_serverless_provider_process"}
{"timestamp":"2026-09-17T10:59:05.118073Z","level":"INFO","message":"invocation finished","invocation_id":"inv_01m2qga8d07t1c664nmzdy5158","status":"succeeded (async run)","handler_ms":3,"environment_boot_ms":12,"runtime_init_ms":20,"target":"tachyon_serverless_application::services::invoke"}
{"timestamp":"2026-09-17T10:59:05.120257Z","level":"INFO","message":"terminating bridge","environment_id":"env_01m2qga8dhdnmg2gjarhmqz92e","pid":78112,"reason":"Completed","graceful":true,"target":"tachyon_serverless_provider_process"}
{"timestamp":"2026-09-17T10:59:05.128371Z","level":"INFO","message":"asynchronous invocation settled","invocation_id":"inv_01m2qga8d07t1c664nmzdy5158","status":"succeeded","target":"tachyon_serverless_application::services::invoke_async::dispatch"}
{"timestamp":"2026-09-17T10:59:05.138897Z","level":"INFO","message":"async dispatch: delivery handled","message_id":"inv_01m2qga8d07t1c664nmzdy5158","sequence":6,"delivery_count":1,"outcome":"Completed { status: \"succeeded\" }","target":"tachyon_serverless_application::services::invoke_async::dispatch"}
{"timestamp":"2026-09-17T10:59:05.255608Z","level":"INFO","message":"bridge spawned","environment_id":"env_01m2qga8rgqj63sr85ywyv0yyz","pid":78117,"target":"tachyon_serverless_provider_process"}
{"timestamp":"2026-09-17T10:59:05.358633Z","level":"INFO","message":"invocation finished","invocation_id":"inv_01m2qga8qw5q82nr7ktykbhrnr","status":"succeeded (async run)","handler_ms":20,"environment_boot_ms":14,"runtime_init_ms":63,"target":"tachyon_serverless_application::services::invoke"}
{"timestamp":"2026-09-17T10:59:05.363005Z","level":"INFO","message":"terminating bridge","environment_id":"env_01m2qga8rgqj63sr85ywyv0yyz","pid":78117,"reason":"Completed","graceful":true,"target":"tachyon_serverless_provider_process"}
{"timestamp":"2026-09-17T10:59:05.381825Z","level":"INFO","message":"asynchronous invocation settled","invocation_id":"inv_01m2qga8qw5q82nr7ktykbhrnr","status":"succeeded","target":"tachyon_serverless_application::services::invoke_async::dispatch"}
{"timestamp":"2026-09-17T10:59:05.390605Z","level":"INFO","message":"async dispatch: delivery handled","message_id":"inv_01m2qga8qw5q82nr7ktykbhrnr","sequence":8,"delivery_count":1,"outcome":"Completed { status: \"succeeded\" }","target":"tachyon_serverless_application::services::invoke_async::dispatch"}
{"timestamp":"2026-09-17T10:59:09.419840Z","level":"INFO","message":"object retention pass","report":"GcReport { examined: 1, collected_expired: 0, collected_orphans: 0, kept_in_use: 0, kept_referenced: 1, incomplete_removed: 0, tombstones_purged: 0, failed: 0 }","target":"tachyon_serverless_gateway"}
{"timestamp":"2026-09-17T10:59:11.422757Z","level":"INFO","message":"object retention pass","report":"GcReport { examined: 2, collected_expired: 0, collected_orphans: 0, kept_in_use: 0, kept_referenced: 2, incomplete_removed: 0, tombstones_purged: 0, failed: 0 }","target":"tachyon_serverless_gateway"}
{"timestamp":"2026-09-17T10:59:13.414986Z","level":"INFO","message":"object retention pass","report":"GcReport { examined: 2, collected_expired: 0, collected_orphans: 0, kept_in_use: 0, kept_referenced: 2, incomplete_removed: 0, tombstones_purged: 0, failed: 0 }","target":"tachyon_serverless_gateway"}
{"timestamp":"2026-09-17T10:59:14.418630Z","level":"WARN","message":"reclaimed the work of dispatchers that lost their lease","dispatcher_id":"dsp_01m2qga5mvmbvgvjwz7y42j3ev","reclaimed_dispatchers":"[DispatcherId(dsp_01m2qga0q6kmr66dsjbze5dcxp)]","leases":1,"invocations":1,"attempts":1,"fenced":1,"target":"tachyon_serverless_application::services::dispatcher"}
{"timestamp":"2026-09-17T10:59:14.419097Z","level":"WARN","message":"terminating orphaned bridge","environment_id":"env_01m2qga8wg70qzsbnsyxee7b4z","pid":78120,"target":"tachyon_serverless_provider_process"}
{"timestamp":"2026-09-17T10:59:15.414089Z","level":"INFO","message":"object retention pass","report":"GcReport { examined: 2, collected_expired: 0, collected_orphans: 0, kept_in_use: 0, kept_referenced: 2, incomplete_removed: 0, tombstones_purged: 0, failed: 0 }","target":"tachyon_serverless_gateway"}
{"timestamp":"2026-09-17T10:59:17.413331Z","level":"INFO","message":"object retention pass","report":"GcReport { examined: 2, collected_expired: 0, collected_orphans: 0, kept_in_use: 0, kept_referenced: 2, incomplete_removed: 0, tombstones_purged: 0, failed: 0 }","target":"tachyon_serverless_gateway"}
{"timestamp":"2026-09-17T10:59:17.438884Z","level":"INFO","message":"fenced environment terminated and settled","environment_id":"env_01m2qga8wg70qzsbnsyxee7b4z","owner":"Some(DispatcherId(dsp_01m2qga0q6kmr66dsjbze5dcxp))","was_running":true,"target":"tachyon_serverless_application::services::reconcile"}
{"timestamp":"2026-09-17T10:59:19.414566Z","level":"INFO","message":"object retention pass","report":"GcReport { examined: 2, collected_expired: 0, collected_orphans: 0, kept_in_use: 0, kept_referenced: 2, incomplete_removed: 0, tombstones_purged: 0, failed: 0 }","target":"tachyon_serverless_gateway"}
{"timestamp":"2026-09-17T10:59:21.423467Z","level":"INFO","message":"object retention pass","report":"GcReport { examined: 2, collected_expired: 0, collected_orphans: 0, kept_in_use: 0, kept_referenced: 2, incomplete_removed: 0, tombstones_purged: 0, failed: 0 }","target":"tachyon_serverless_gateway"}
{"timestamp":"2026-09-17T10:59:23.412509Z","level":"INFO","message":"object retention pass","report":"GcReport { examined: 2, collected_expired: 0, collected_orphans: 0, kept_in_use: 0, kept_referenced: 2, incomplete_removed: 0, tombstones_purged: 0, failed: 0 }","target":"tachyon_serverless_gateway"}
{"timestamp":"2026-09-17T10:59:24.368971Z","level":"INFO","message":"bridge spawned","environment_id":"env_01m2qgavnr695az8hn9y7tbt66","pid":78537,"target":"tachyon_serverless_provider_process"}
{"timestamp":"2026-09-17T10:59:24.394258Z","level":"INFO","message":"invocation finished","invocation_id":"inv_01m2qgavnqqzp227eb6cj9cjhh","status":"succeeded","handler_ms":1,"environment_boot_ms":10,"runtime_init_ms":11,"target":"tachyon_serverless_application::services::invoke"}
{"timestamp":"2026-09-17T10:59:24.396419Z","level":"INFO","message":"terminating bridge","environment_id":"env_01m2qgavnr695az8hn9y7tbt66","pid":78537,"reason":"Completed","graceful":true,"target":"tachyon_serverless_provider_process"}
{"timestamp":"2026-09-17T10:59:25.413744Z","level":"INFO","message":"object retention pass","report":"GcReport { examined: 2, collected_expired: 0, collected_orphans: 0, kept_in_use: 0, kept_referenced: 2, incomplete_removed: 0, tombstones_purged: 0, failed: 0 }","target":"tachyon_serverless_gateway"}
{"timestamp":"2026-09-17T10:59:25.547720Z","level":"INFO","message":"asynchronous run claimed","invocation_id":"inv_01m2qgax6t63y0wc25jzw7spdz","attempt":1,"generation":0,"delivery_count":1,"target":"tachyon_serverless_application::services::invoke_async::dispatch"}
{"timestamp":"2026-09-17T10:59:25.941831Z","level":"INFO","message":"SIGTERM received","target":"tachyon_serverless_gateway"}
{"timestamp":"2026-09-17T10:59:25.941941Z","level":"INFO","message":"shutdown requested; cancelling in-flight invocations","target":"tachyon_serverless_gateway"}
{"timestamp":"2026-09-17T10:59:25.941995Z","level":"INFO","message":"cancelling in-flight invocations for shutdown","count":1,"target":"tachyon_serverless_application::services::invoke"}
{"timestamp":"2026-09-17T10:59:25.943117Z","level":"INFO","message":"bridge spawned","environment_id":"env_01m2qgax7ca0xwdzd5vkwjf5ca","pid":78675,"target":"tachyon_serverless_provider_process"}
{"timestamp":"2026-09-17T10:59:25.944156Z","level":"INFO","message":"terminating bridge","environment_id":"env_01m2qgax7ca0xwdzd5vkwjf5ca","pid":78675,"reason":"Shutdown","graceful":true,"target":"tachyon_serverless_provider_process"}
{"timestamp":"2026-09-17T10:59:27.417396Z","level":"INFO","message":"object retention pass","report":"GcReport { examined: 2, collected_expired: 0, collected_orphans: 0, kept_in_use: 0, kept_referenced: 2, incomplete_removed: 0, tombstones_purged: 0, failed: 0 }","target":"tachyon_serverless_gateway"}
{"timestamp":"2026-09-17T10:59:28.449046Z","level":"INFO","message":"asynchronous invocation rescheduled","invocation_id":"inv_01m2qgax6t63y0wc25jzw7spdz","next_attempt_at":"2026-09-17T10:59:28.565805+00:00","counted":false,"error_type":"Host.GatewayShutdown","target":"tachyon_serverless_application::services::invoke_async::dispatch"}
{"timestamp":"2026-09-17T10:59:28.471898Z","level":"INFO","message":"async dispatch: delivery handled","message_id":"inv_01m2qgax6t63y0wc25jzw7spdz","sequence":9,"delivery_count":1,"outcome":"Rescheduled { next_attempt_at: 2026-09-17T10:59:28.565805Z, counted: false }","target":"tachyon_serverless_application::services::invoke_async::dispatch"}
{"timestamp":"2026-09-17T10:59:28.477308Z","level":"INFO","message":"final usage collection","report":"CollectReport { batches: 1, read: 1, inserted: 1, duplicates: 0, cursor_seq: 76 }","target":"tachyon_serverless_gateway"}
{"timestamp":"2026-09-17T10:59:28.478927Z","level":"INFO","message":"gateway stopped","target":"tachyon_serverless_gateway"}
{"timestamp":"2026-09-17T10:59:28.479154Z","level":"INFO","message":"event: closed","target":"async_nats"}
