{"timestamp":"2026-09-17T04:53:25.944582Z","level":"INFO","message":"configuration loaded","config":"/var/folders/z7/khzdjrt95cg_fcmcnh4j1b5h0000gn/T//tsls-e2e.Hp15Yc/gateway.toml","target":"tachyon_serverless_gateway"}
{"timestamp":"2026-09-17T04:53:25.953768Z","level":"INFO","message":"state store opened","path":"/var/folders/z7/khzdjrt95cg_fcmcnh4j1b5h0000gn/T//tsls-e2e.Hp15Yc/data/state.db","schema_version":4,"migrations_applied":"[1, 2, 3, 4]","imported_state_json":"None","settled_invocations":0,"settled_attempts":0,"settled_environments":0,"released_leases":0,"dropped_idempotency_keys":0,"purged_idempotency_keys":0,"outputs_purged":0,"target":"tachyon_serverless_application::app"}
{"timestamp":"2026-09-17T04:53:25.954385Z","level":"INFO","message":"dispatcher registered","dispatcher_id":"dsp_01m2pvcra1r34q0tze74zaj2m4","instance":"gateway@127.0.0.1:59389","pid":73111,"lease_ttl_seconds":30,"target":"tachyon_serverless_application::services::dispatcher"}
{"timestamp":"2026-09-17T04:53:25.955175Z","level":"INFO","message":"application bootstrapped","profile":"dev","provider":"process","dev_only":true,"environment_reuse":false,"reuse_verified":false,"reuse_reason":"[pool] enabled is false","reuse_disabled":"Some(Configuration)","idle_quiesce":"unsupported","idle_resume":"unsupported","data_dir":"/var/folders/z7/khzdjrt95cg_fcmcnh4j1b5h0000gn/T//tsls-e2e.Hp15Yc/data","store":"sqlite","dispatcher_id":"dsp_01m2pvcra1r34q0tze74zaj2m4","target":"tachyon_serverless_application::app"}
{"timestamp":"2026-09-17T04:53:25.955591Z","level":"INFO","message":"startup reconcile finished","provider":"process","found":0,"adopted":0,"terminated":0,"disowned":0,"failed":0,"lost":0,"foreign":0,"reclaimed_dispatchers":0,"fenced_terminated":0,"fenced_pending":0,"target":"tachyon_serverless_application::services::reconcile"}
{"timestamp":"2026-09-17T04:53:25.955687Z","level":"INFO","message":"gateway listening","addr":"127.0.0.1:59389","profile":"dev","provider":"process","target":"tachyon_serverless_gateway"}
{"timestamp":"2026-09-17T04:53:28.485655Z","level":"INFO","message":"revision ready","revision_id":"rev_01m2pvctf6f9h8ktaxb3jsykhg","function_id":"fn_01m2pvcsqn8588p8fmahzaetg0","target":"tachyon_serverless_application::services::revision"}
{"timestamp":"2026-09-17T04:53:29.803913Z","level":"INFO","message":"revision ready","revision_id":"rev_01m2pvcvq62cs2ewxj1x23xa92","function_id":"fn_01m2pvcsse750c42mb166crshk","target":"tachyon_serverless_application::services::revision"}
{"timestamp":"2026-09-17T04:53:30.758939Z","level":"INFO","message":"revision ready","revision_id":"rev_01m2pvcws5z1f8gqvd5wrrr7fy","function_id":"fn_01m2pvcstsz21jzsdhbaktj4rp","target":"tachyon_serverless_application::services::revision"}
{"timestamp":"2026-09-17T04:53:31.078801Z","level":"INFO","message":"bridge spawned","environment_id":"env_01m2pvcx31aeh6xd3gx148847v","pid":73304,"target":"tachyon_serverless_provider_process"}
{"timestamp":"2026-09-17T04:53:32.065289Z","level":"INFO","message":"invocation finished","invocation_id":"inv_01m2pvcx31hnz3tcqfvyh7j9bp","status":"succeeded","handler_ms":1,"environment_boot_ms":601,"runtime_init_ms":383,"target":"tachyon_serverless_application::services::invoke"}
{"timestamp":"2026-09-17T04:53:32.065450Z","level":"INFO","message":"terminating bridge","environment_id":"env_01m2pvcx31aeh6xd3gx148847v","pid":73304,"reason":"Completed","graceful":true,"target":"tachyon_serverless_provider_process"}
{"timestamp":"2026-09-17T04:53:32.389996Z","level":"INFO","message":"bridge spawned","environment_id":"env_01m2pvcycfm3mdc0vv20estydb","pid":73349,"target":"tachyon_serverless_provider_process"}
{"timestamp":"2026-09-17T04:53:32.407547Z","level":"INFO","message":"invocation finished","invocation_id":"inv_01m2pvcycf7tvqc5be74c254aq","status":"failed","handler_ms":0,"environment_boot_ms":7,"runtime_init_ms":8,"target":"tachyon_serverless_application::services::invoke"}
{"timestamp":"2026-09-17T04:53:32.408852Z","level":"INFO","message":"terminating bridge","environment_id":"env_01m2pvcycfm3mdc0vv20estydb","pid":73349,"reason":"Completed","graceful":true,"target":"tachyon_serverless_provider_process"}
{"timestamp":"2026-09-17T04:53:32.709477Z","level":"INFO","message":"bridge spawned","environment_id":"env_01m2pvcyph5n39xthd8e3xssv7","pid":73376,"target":"tachyon_serverless_provider_process"}
{"timestamp":"2026-09-17T04:53:32.726889Z","level":"INFO","message":"invocation finished","invocation_id":"inv_01m2pvcyph1p5qc2pms66vex3f","status":"failed","handler_ms":1,"environment_boot_ms":6,"runtime_init_ms":8,"target":"tachyon_serverless_application::services::invoke"}
{"timestamp":"2026-09-17T04:53:32.726964Z","level":"INFO","message":"terminating bridge","environment_id":"env_01m2pvcyph5n39xthd8e3xssv7","pid":73376,"reason":"Completed","graceful":true,"target":"tachyon_serverless_provider_process"}
{"timestamp":"2026-09-17T04:53:33.487938Z","level":"INFO","message":"revision ready","revision_id":"rev_01m2pvczecm8awt392dhjvx9f4","function_id":"fn_01m2pvcsqn8588p8fmahzaetg0","target":"tachyon_serverless_application::services::revision"}
{"timestamp":"2026-09-17T04:53:33.775807Z","level":"INFO","message":"bridge spawned","environment_id":"env_01m2pvczq9m3yycqsq2bw5pfv9","pid":73425,"target":"tachyon_serverless_provider_process"}
{"timestamp":"2026-09-17T04:53:33.794141Z","level":"INFO","message":"terminating bridge","environment_id":"env_01m2pvczq9m3yycqsq2bw5pfv9","pid":73425,"reason":"InitFailed","graceful":false,"target":"tachyon_serverless_provider_process"}
{"timestamp":"2026-09-17T04:53:33.796013Z","level":"INFO","message":"invocation failed","invocation_id":"inv_01m2pvczq9ar6d9r46t48g1mg3","class":"init_error","error_type":"Runtime.InitError","target":"tachyon_serverless_application::services::invoke"}
{"timestamp":"2026-09-17T04:53:34.233299Z","level":"INFO","message":"bridge spawned","environment_id":"env_01m2pvd01ewhh12cwj5w5hhazm","pid":73449,"target":"tachyon_serverless_provider_process"}
{"timestamp":"2026-09-17T04:53:34.647294Z","level":"INFO","message":"invocation finished","invocation_id":"inv_01m2pvd01dhth4cwycbjdmfpwf","status":"succeeded","handler_ms":1,"environment_boot_ms":6,"runtime_init_ms":404,"target":"tachyon_serverless_application::services::invoke"}
{"timestamp":"2026-09-17T04:53:34.648573Z","level":"INFO","message":"terminating bridge","environment_id":"env_01m2pvd01ewhh12cwj5w5hhazm","pid":73449,"reason":"Completed","graceful":true,"target":"tachyon_serverless_provider_process"}
{"timestamp":"2026-09-17T04:53:35.039238Z","level":"INFO","message":"bridge spawned","environment_id":"env_01m2pvd0vhzh6ckgznppn34zr5","pid":73468,"target":"tachyon_serverless_provider_process"}
{"timestamp":"2026-09-17T04:53:35.071888Z","level":"INFO","message":"invocation finished","invocation_id":"inv_01m2pvd0vhxj8e5n53j2w2fb2y","status":"succeeded","handler_ms":1,"environment_boot_ms":6,"runtime_init_ms":23,"target":"tachyon_serverless_application::services::invoke"}
{"timestamp":"2026-09-17T04:53:35.073224Z","level":"INFO","message":"terminating bridge","environment_id":"env_01m2pvd0vhzh6ckgznppn34zr5","pid":73468,"reason":"Completed","graceful":true,"target":"tachyon_serverless_provider_process"}
{"timestamp":"2026-09-17T04:53:35.495217Z","level":"INFO","message":"bridge spawned","environment_id":"env_01m2pvd18t3qxtwva6apze2ezn","pid":73500,"target":"tachyon_serverless_provider_process"}
{"timestamp":"2026-09-17T04:53:35.518609Z","level":"INFO","message":"invocation finished","invocation_id":"inv_01m2pvd18th3ah00wz9aqk453g","status":"succeeded","handler_ms":1,"environment_boot_ms":11,"runtime_init_ms":9,"target":"tachyon_serverless_application::services::invoke"}
{"timestamp":"2026-09-17T04:53:35.519926Z","level":"INFO","message":"terminating bridge","environment_id":"env_01m2pvd18t3qxtwva6apze2ezn","pid":73500,"reason":"Completed","graceful":true,"target":"tachyon_serverless_provider_process"}
{"timestamp":"2026-09-17T04:53:35.931242Z","level":"INFO","message":"bridge spawned","environment_id":"env_01m2pvd1prs0ctz1t63p2h7cts","pid":73520,"target":"tachyon_serverless_provider_process"}
{"timestamp":"2026-09-17T04:53:35.951058Z","level":"INFO","message":"invocation finished","invocation_id":"inv_01m2pvd1pq944ezz78pr701ja4","status":"succeeded","handler_ms":2,"environment_boot_ms":6,"runtime_init_ms":9,"target":"tachyon_serverless_application::services::invoke"}
{"timestamp":"2026-09-17T04:53:35.952372Z","level":"INFO","message":"terminating bridge","environment_id":"env_01m2pvd1prs0ctz1t63p2h7cts","pid":73520,"reason":"Completed","graceful":true,"target":"tachyon_serverless_provider_process"}
{"timestamp":"2026-09-17T04:53:36.265521Z","level":"INFO","message":"bridge spawned","environment_id":"env_01m2pvd24vacaybtx6d9ndpceh","pid":73545,"target":"tachyon_serverless_provider_process"}
{"timestamp":"2026-09-17T04:53:37.728487Z","level":"INFO","message":"invocation finished","invocation_id":"inv_01m2pvd24t7b599wbw24tva7mr","status":"succeeded","handler_ms":1001,"environment_boot_ms":6,"runtime_init_ms":452,"target":"tachyon_serverless_application::services::invoke"}
{"timestamp":"2026-09-17T04:53:37.730048Z","level":"INFO","message":"terminating bridge","environment_id":"env_01m2pvd24vacaybtx6d9ndpceh","pid":73545,"reason":"Completed","graceful":true,"target":"tachyon_serverless_provider_process"}
{"timestamp":"2026-09-17T04:53:38.562019Z","level":"INFO","message":"revision ready","revision_id":"rev_01m2pvd4cbzb7sz0edf86yc200","function_id":"fn_01m2pvcstsz21jzsdhbaktj4rp","target":"tachyon_serverless_application::services::revision"}
{"timestamp":"2026-09-17T04:53:38.862784Z","level":"INFO","message":"bridge spawned","environment_id":"env_01m2pvd4nhcr9apawjgdx6vdqy","pid":73600,"target":"tachyon_serverless_provider_process"}
{"timestamp":"2026-09-17T04:53:41.885007Z","level":"INFO","message":"invocation finished","invocation_id":"inv_01m2pvd4nh3003335gdngg776g","status":"failed","handler_ms":2001,"environment_boot_ms":6,"runtime_init_ms":8,"target":"tachyon_serverless_application::services::invoke"}
{"timestamp":"2026-09-17T04:53:44.966343Z","level":"INFO","message":"revision ready","revision_id":"rev_01m2pvdamj1q1wd8v8rkrsa9fx","function_id":"fn_01m2pvcsqn8588p8fmahzaetg0","target":"tachyon_serverless_application::services::revision"}
{"timestamp":"2026-09-17T04:53:45.260978Z","level":"INFO","message":"bridge spawned","environment_id":"env_01m2pvdaxq0s8qfbsyjapdxw8r","pid":73726,"target":"tachyon_serverless_provider_process"}
{"timestamp":"2026-09-17T04:53:45.279186Z","level":"INFO","message":"invocation finished","invocation_id":"inv_01m2pvdaxpnrzznd7v5gmdzsad","status":"succeeded","handler_ms":1,"environment_boot_ms":6,"runtime_init_ms":9,"target":"tachyon_serverless_application::services::invoke"}
{"timestamp":"2026-09-17T04:53:45.280484Z","level":"INFO","message":"terminating bridge","environment_id":"env_01m2pvdaxq0s8qfbsyjapdxw8r","pid":73726,"reason":"Completed","graceful":true,"target":"tachyon_serverless_provider_process"}
{"timestamp":"2026-09-17T04:53:45.644472Z","level":"INFO","message":"bridge spawned","environment_id":"env_01m2pvdb954m5x1gsqv2x49sm4","pid":73750,"target":"tachyon_serverless_provider_process"}
{"timestamp":"2026-09-17T04:53:45.665838Z","level":"INFO","message":"invocation finished","invocation_id":"inv_01m2pvdb9500w2wq8cjphxrqby","status":"succeeded","handler_ms":1,"environment_boot_ms":7,"runtime_init_ms":10,"target":"tachyon_serverless_application::services::invoke"}
{"timestamp":"2026-09-17T04:53:45.667170Z","level":"INFO","message":"terminating bridge","environment_id":"env_01m2pvdb954m5x1gsqv2x49sm4","pid":73750,"reason":"Completed","graceful":true,"target":"tachyon_serverless_provider_process"}
{"timestamp":"2026-09-17T04:53:46.101093Z","level":"INFO","message":"bridge spawned","environment_id":"env_01m2pvdbqngyzcbnnymtaq75d1","pid":73809,"target":"tachyon_serverless_provider_process"}
{"timestamp":"2026-09-17T04:53:46.101787Z","level":"INFO","message":"terminating bridge","environment_id":"env_01m2pvdbqngyzcbnnymtaq75d1","pid":73809,"reason":"Cancelled","graceful":false,"target":"tachyon_serverless_provider_process"}
{"timestamp":"2026-09-17T04:53:46.102702Z","level":"INFO","message":"invocation failed","invocation_id":"inv_01m2pvdbqmgxxep8j9m04xg68b","class":"cancelled","error_type":"Host.Cancelled","target":"tachyon_serverless_application::services::invoke"}
{"timestamp":"2026-09-17T04:53:46.499918Z","level":"INFO","message":"SIGTERM received","target":"tachyon_serverless_gateway"}
{"timestamp":"2026-09-17T04:53:46.500001Z","level":"INFO","message":"shutdown requested; cancelling in-flight invocations","target":"tachyon_serverless_gateway"}
{"timestamp":"2026-09-17T04:53:46.501498Z","level":"INFO","message":"gateway stopped","target":"tachyon_serverless_gateway"}
