
===== a start (failpoints: none) 04:34:33 =====
{"timestamp":"2026-09-18T04:34:33.156752Z","level":"INFO","message":"configuration loaded","config":"/home/takanorifukuyama.guest/w/tsls-chaos.6yBG4o/gw-a.toml","target":"tachyon_serverless_gateway"}
{"timestamp":"2026-09-18T04:34:33.159015Z","level":"INFO","message":"connected successfully","server":"33521","max_payload":"1048576","target":"async_nats::connector"}
{"timestamp":"2026-09-18T04:34:33.159120Z","level":"INFO","message":"event: connected","target":"async_nats"}
{"timestamp":"2026-09-18T04:34:33.165523Z","level":"INFO","message":"JetStream queue connected and stream bootstrapped","url":"nats://127.0.0.1:33521","stream":"TACHYON_EVENTS","target":"tachyon_serverless_gateway::durable"}
{"timestamp":"2026-09-18T04:34:33.174967Z","level":"INFO","message":"state store opened","path":"/home/takanorifukuyama.guest/w/tsls-chaos.6yBG4o/data/state.db","schema_version":8,"migrations_applied":"[1, 2, 3, 4, 5, 6, 7, 8]","imported_state_json":"None","settled_invocations":0,"settled_attempts":0,"settled_environments":0,"released_leases":0,"dropped_idempotency_keys":0,"purged_idempotency_keys":0,"outputs_purged":0,"target":"tachyon_serverless_application::app"}
{"timestamp":"2026-09-18T04:34:33.180314Z","level":"INFO","message":"log store opened","path":"/home/takanorifukuyama.guest/w/tsls-chaos.6yBG4o/data/logs/logs.db","healthy":true,"retention_seconds":604800,"max_total_bytes":1073741824,"target":"tachyon_serverless_application::app"}
{"timestamp":"2026-09-18T04:34:33.180786Z","level":"INFO","message":"dispatcher registered","dispatcher_id":"dsp_01m2scpx2wwxjc8j2raad4z0qx","instance":"chaos-a","pid":843386,"lease_ttl_seconds":6,"target":"tachyon_serverless_application::services::dispatcher"}
{"timestamp":"2026-09-18T04:34:33.188967Z","level":"INFO","message":"application bootstrapped","profile":"dev","provider":"process","dev_only":true,"environment_reuse":false,"reuse_verified":false,"reuse_reason":"[pool] enabled is false","reuse_disabled":"Some(Configuration)","idle_quiesce":"unsupported","idle_resume":"unsupported","data_dir":"/home/takanorifukuyama.guest/w/tsls-chaos.6yBG4o/data","store":"sqlite","dispatcher_id":"dsp_01m2scpx2wwxjc8j2raad4z0qx","node":"local","node_region":"none","node_memory_mib":"None","max_concurrency":8,"queue":"nats","objects":"filesystem","invoke_async":true,"triggers":true,"target":"tachyon_serverless_application::app"}
{"timestamp":"2026-09-18T04:34:33.189147Z","level":"INFO","message":"startup reconcile finished","provider":"process","found":0,"adopted":0,"terminated":0,"disowned":0,"failed":0,"lost":0,"foreign":0,"reclaimed_dispatchers":0,"fenced_terminated":0,"fenced_pending":0,"target":"tachyon_serverless_application::services::reconcile"}
{"timestamp":"2026-09-18T04:34:33.189205Z","level":"INFO","message":"gateway listening","addr":"127.0.0.1:49907","profile":"dev","provider":"process","target":"tachyon_serverless_gateway"}
{"timestamp":"2026-09-18T04:34:33.190273Z","level":"INFO","message":"asynchronous dispatcher started","workers":2,"owner":"dsp_01m2scpx2wwxjc8j2raad4z0qx","target":"tachyon_serverless_gateway"}
{"timestamp":"2026-09-18T04:34:37.035285Z","level":"INFO","message":"revision ready","revision_id":"rev_01m2scpzpbfv480xay737bfzyv","function_id":"fn_01m2scpxbgkezgt0h3w9zcz0b2","target":"tachyon_serverless_application::services::revision"}
{"timestamp":"2026-09-18T04:34:40.480442Z","level":"INFO","message":"revision ready","revision_id":"rev_01m2scq331agg0mfrarr41x8gm","function_id":"fn_01m2scq0x74aeabzdt2d35xf2p","target":"tachyon_serverless_application::services::revision"}
{"timestamp":"2026-09-18T04:34:44.101392Z","level":"INFO","message":"revision ready","revision_id":"rev_01m2scq6kqmfpj291nxzak9bnx","function_id":"fn_01m2scq49v98eyawy8ersecnnq","target":"tachyon_serverless_application::services::revision"}
{"timestamp":"2026-09-18T04:34:44.176897Z","level":"INFO","message":"trigger created","trigger_id":"trg_01m2scq7tfx3656wc236wy5k5k","function_id":"fn_01m2scq0x74aeabzdt2d35xf2p","kind":"cron","enabled":true,"next_fire_at":"Some(2026-09-18T04:34:46Z)","target":"tachyon_serverless_application::services::triggers"}
{"timestamp":"2026-09-18T04:34:44.181934Z","level":"INFO","message":"trigger created","trigger_id":"trg_01m2scq7tnja1n03ezg7bsf1gg","function_id":"fn_01m2scq0x74aeabzdt2d35xf2p","kind":"webhook","enabled":true,"next_fire_at":"None","target":"tachyon_serverless_application::services::triggers"}
{"timestamp":"2026-09-18T04:34:45.339984Z","level":"INFO","message":"bridge spawned","environment_id":"env_01m2scq7v08nj1xj3yg06srwmm","pid":844051,"target":"tachyon_serverless_provider_process"}
{"timestamp":"2026-09-18T04:34:45.364994Z","level":"INFO","message":"invocation finished","invocation_id":"inv_01m2scq7v0k9v53z3n8sd2d5wg","status":"succeeded","handler_ms":6,"environment_boot_ms":1,"runtime_init_ms":4,"target":"tachyon_serverless_application::services::invoke"}
{"timestamp":"2026-09-18T04:34:45.366883Z","level":"INFO","message":"terminating bridge","environment_id":"env_01m2scq7v08nj1xj3yg06srwmm","pid":844051,"reason":"Completed","graceful":true,"target":"tachyon_serverless_provider_process"}
{"timestamp":"2026-09-18T04:34:45.391032Z","level":"INFO","message":"asynchronous invocation accepted","invocation_id":"inv_01m2scq90dzxn2kt5hz9z2247v","tenant_id":"tn_01hzzzzzzzzzzzzzzzzzzzzzza","revision_id":"rev_01m2scpzpbfv480xay737bfzyv","input_bytes":47,"input_storage":"inline","target":"tachyon_serverless_application::services::invoke_async"}
{"timestamp":"2026-09-18T04:34:45.395444Z","level":"INFO","message":"asynchronous run claimed","invocation_id":"inv_01m2scq90dzxn2kt5hz9z2247v","attempt":1,"generation":0,"delivery_count":1,"target":"tachyon_serverless_application::services::invoke_async::dispatch"}
{"timestamp":"2026-09-18T04:34:45.416937Z","level":"INFO","message":"asynchronous invocation accepted","invocation_id":"inv_01m2scq915drza2j4949rsrj0e","tenant_id":"tn_01hzzzzzzzzzzzzzzzzzzzzzza","revision_id":"rev_01m2scpzpbfv480xay737bfzyv","input_bytes":4127,"input_storage":"object","target":"tachyon_serverless_application::services::invoke_async"}
{"timestamp":"2026-09-18T04:34:45.420637Z","level":"INFO","message":"asynchronous run claimed","invocation_id":"inv_01m2scq915drza2j4949rsrj0e","attempt":1,"generation":0,"delivery_count":1,"target":"tachyon_serverless_application::services::invoke_async::dispatch"}
{"timestamp":"2026-09-18T04:34:45.437534Z","level":"INFO","message":"asynchronous invocation accepted","invocation_id":"inv_01m2scq91tpczwfs4jd5ymxjf1","tenant_id":"tn_01hzzzzzzzzzzzzzzzzzzzzzza","revision_id":"rev_01m2scq331agg0mfrarr41x8gm","input_bytes":189,"input_storage":"inline","target":"tachyon_serverless_application::services::invoke_async"}
{"timestamp":"2026-09-18T04:34:45.437573Z","level":"INFO","message":"webhook trigger fired","trigger_id":"trg_01m2scq7tnja1n03ezg7bsf1gg","event_id":"evt-pre-w1","invocation_id":"inv_01m2scq91tpczwfs4jd5ymxjf1","revision_id":"rev_01m2scq331agg0mfrarr41x8gm","replayed":false,"target":"tachyon_serverless_application::services::triggers"}
{"timestamp":"2026-09-18T04:34:46.002728Z","level":"INFO","message":"asynchronous invocation accepted","invocation_id":"inv_01m2scq9khxyc041q5ac79h9vk","tenant_id":"tn_01hzzzzzzzzzzzzzzzzzzzzzza","revision_id":"rev_01m2scq331agg0mfrarr41x8gm","input_bytes":180,"input_storage":"inline","target":"tachyon_serverless_application::services::invoke_async"}
{"timestamp":"2026-09-18T04:34:46.002785Z","level":"INFO","message":"cron trigger fired","trigger_id":"trg_01m2scq7tfx3656wc236wy5k5k","scheduled_at":"2026-09-18T04:34:46Z","invocation_id":"inv_01m2scq9khxyc041q5ac79h9vk","revision_id":"rev_01m2scq331agg0mfrarr41x8gm","replayed":false,"target":"tachyon_serverless_application::services::triggers"}
{"timestamp":"2026-09-18T04:34:46.616734Z","level":"INFO","message":"bridge spawned","environment_id":"env_01m2scq90kgcbtr3rtfv4ym5jd","pid":844132,"target":"tachyon_serverless_provider_process"}
{"timestamp":"2026-09-18T04:34:46.638024Z","level":"INFO","message":"bridge spawned","environment_id":"env_01m2scq926ejy1y6qz8g8c6tmp","pid":844142,"target":"tachyon_serverless_provider_process"}
{"timestamp":"2026-09-18T04:34:46.648567Z","level":"INFO","message":"bridge spawned","environment_id":"env_01m2scq91e615vqmbf6gvnfpw2","pid":844147,"target":"tachyon_serverless_provider_process"}
{"timestamp":"2026-09-18T04:34:46.652081Z","level":"INFO","message":"invocation finished","invocation_id":"inv_01m2scq90dzxn2kt5hz9z2247v","status":"succeeded (async run)","handler_ms":7,"environment_boot_ms":2,"runtime_init_ms":14,"target":"tachyon_serverless_application::services::invoke"}
{"timestamp":"2026-09-18T04:34:46.654160Z","level":"INFO","message":"terminating bridge","environment_id":"env_01m2scq90kgcbtr3rtfv4ym5jd","pid":844132,"reason":"Completed","graceful":true,"target":"tachyon_serverless_provider_process"}
{"timestamp":"2026-09-18T04:34:46.694727Z","level":"INFO","message":"asynchronous invocation settled","invocation_id":"inv_01m2scq90dzxn2kt5hz9z2247v","status":"succeeded","target":"tachyon_serverless_application::services::invoke_async::dispatch"}
{"timestamp":"2026-09-18T04:34:46.701106Z","level":"INFO","message":"async dispatch: delivery handled","message_id":"inv_01m2scq90dzxn2kt5hz9z2247v","sequence":1,"delivery_count":1,"outcome":"Completed { status: \"succeeded\" }","target":"tachyon_serverless_application::services::invoke_async::dispatch"}
{"timestamp":"2026-09-18T04:34:46.716656Z","level":"INFO","message":"invocation finished","invocation_id":"inv_01m2scq926jb47k4nk4q7e6xkf","status":"succeeded","handler_ms":8,"environment_boot_ms":1,"runtime_init_ms":31,"target":"tachyon_serverless_application::services::invoke"}
{"timestamp":"2026-09-18T04:34:46.718223Z","level":"INFO","message":"asynchronous run claimed","invocation_id":"inv_01m2scq91tpczwfs4jd5ymxjf1","attempt":1,"generation":0,"delivery_count":1,"target":"tachyon_serverless_application::services::invoke_async::dispatch"}
{"timestamp":"2026-09-18T04:34:46.718248Z","level":"INFO","message":"terminating bridge","environment_id":"env_01m2scq926ejy1y6qz8g8c6tmp","pid":844142,"reason":"Completed","graceful":true,"target":"tachyon_serverless_provider_process"}
{"timestamp":"2026-09-18T04:34:46.719129Z","level":"INFO","message":"invocation finished","invocation_id":"inv_01m2scq915drza2j4949rsrj0e","status":"succeeded (async run)","handler_ms":0,"environment_boot_ms":0,"runtime_init_ms":23,"target":"tachyon_serverless_application::services::invoke"}
{"timestamp":"2026-09-18T04:34:46.721025Z","level":"INFO","message":"terminating bridge","environment_id":"env_01m2scq91e615vqmbf6gvnfpw2","pid":844147,"reason":"Completed","graceful":true,"target":"tachyon_serverless_provider_process"}
{"timestamp":"2026-09-18T04:34:46.745431Z","level":"INFO","message":"asynchronous invocation settled","invocation_id":"inv_01m2scq915drza2j4949rsrj0e","status":"succeeded","target":"tachyon_serverless_application::services::invoke_async::dispatch"}
{"timestamp":"2026-09-18T04:34:46.746170Z","level":"INFO","message":"async dispatch: delivery handled","message_id":"inv_01m2scq915drza2j4949rsrj0e","sequence":2,"delivery_count":1,"outcome":"Completed { status: \"succeeded\" }","target":"tachyon_serverless_application::services::invoke_async::dispatch"}
{"timestamp":"2026-09-18T04:34:46.746919Z","level":"INFO","message":"asynchronous run claimed","invocation_id":"inv_01m2scq9khxyc041q5ac79h9vk","attempt":1,"generation":0,"delivery_count":1,"target":"tachyon_serverless_application::services::invoke_async::dispatch"}
{"timestamp":"2026-09-18T04:34:46.749573Z","level":"INFO","message":"asynchronous invocation accepted","invocation_id":"inv_01m2scqaawspt65se34tgyqajm","tenant_id":"tn_01hzzzzzzzzzzzzzzzzzzzzzza","revision_id":"rev_01m2scpzpbfv480xay737bfzyv","input_bytes":47,"input_storage":"inline","target":"tachyon_serverless_application::services::invoke_async"}
{"timestamp":"2026-09-18T04:34:46.774746Z","level":"INFO","message":"asynchronous invocation accepted","invocation_id":"inv_01m2scqabktbcbgewbjyj7x8y5","tenant_id":"tn_01hzzzzzzzzzzzzzzzzzzzzzza","revision_id":"rev_01m2scpzpbfv480xay737bfzyv","input_bytes":4127,"input_storage":"object","target":"tachyon_serverless_application::services::invoke_async"}
{"timestamp":"2026-09-18T04:34:46.791085Z","level":"INFO","message":"asynchronous invocation accepted","invocation_id":"inv_01m2scqac67ptnzdtr9ra9qwbf","tenant_id":"tn_01hzzzzzzzzzzzzzzzzzzzzzza","revision_id":"rev_01m2scq331agg0mfrarr41x8gm","input_bytes":189,"input_storage":"inline","target":"tachyon_serverless_application::services::invoke_async"}
{"timestamp":"2026-09-18T04:34:46.791120Z","level":"INFO","message":"webhook trigger fired","trigger_id":"trg_01m2scq7tnja1n03ezg7bsf1gg","event_id":"evt-pre-w2","invocation_id":"inv_01m2scqac67ptnzdtr9ra9qwbf","revision_id":"rev_01m2scq331agg0mfrarr41x8gm","replayed":false,"target":"tachyon_serverless_application::services::triggers"}
{"timestamp":"2026-09-18T04:34:47.909694Z","level":"INFO","message":"bridge spawned","environment_id":"env_01m2scqa9zebfjbb8vaercpdfz","pid":844230,"target":"tachyon_serverless_provider_process"}
{"timestamp":"2026-09-18T04:34:47.934662Z","level":"INFO","message":"bridge spawned","environment_id":"env_01m2scqaavqe0hsynjssj0c21n","pid":844240,"target":"tachyon_serverless_provider_process"}
{"timestamp":"2026-09-18T04:34:47.955606Z","level":"INFO","message":"invocation finished","invocation_id":"inv_01m2scq91tpczwfs4jd5ymxjf1","status":"succeeded (async run)","handler_ms":3,"environment_boot_ms":2,"runtime_init_ms":18,"target":"tachyon_serverless_application::services::invoke"}
{"timestamp":"2026-09-18T04:34:47.961272Z","level":"INFO","message":"terminating bridge","environment_id":"env_01m2scqa9zebfjbb8vaercpdfz","pid":844230,"reason":"Completed","graceful":true,"target":"tachyon_serverless_provider_process"}
{"timestamp":"2026-09-18T04:34:47.969636Z","level":"INFO","message":"invocation finished","invocation_id":"inv_01m2scq9khxyc041q5ac79h9vk","status":"succeeded (async run)","handler_ms":8,"environment_boot_ms":1,"runtime_init_ms":10,"target":"tachyon_serverless_application::services::invoke"}
{"timestamp":"2026-09-18T04:34:47.971584Z","level":"INFO","message":"asynchronous invocation settled","invocation_id":"inv_01m2scq91tpczwfs4jd5ymxjf1","status":"succeeded","target":"tachyon_serverless_application::services::invoke_async::dispatch"}
{"timestamp":"2026-09-18T04:34:47.971628Z","level":"INFO","message":"terminating bridge","environment_id":"env_01m2scqaavqe0hsynjssj0c21n","pid":844240,"reason":"Completed","graceful":true,"target":"tachyon_serverless_provider_process"}
{"timestamp":"2026-09-18T04:34:47.972358Z","level":"INFO","message":"async dispatch: delivery handled","message_id":"inv_01m2scq91tpczwfs4jd5ymxjf1","sequence":3,"delivery_count":1,"outcome":"Completed { status: \"succeeded\" }","target":"tachyon_serverless_application::services::invoke_async::dispatch"}
{"timestamp":"2026-09-18T04:34:47.974897Z","level":"INFO","message":"asynchronous invocation settled","invocation_id":"inv_01m2scq9khxyc041q5ac79h9vk","status":"succeeded","target":"tachyon_serverless_application::services::invoke_async::dispatch"}
{"timestamp":"2026-09-18T04:34:47.975437Z","level":"INFO","message":"async dispatch: delivery handled","message_id":"inv_01m2scq9khxyc041q5ac79h9vk","sequence":4,"delivery_count":1,"outcome":"Completed { status: \"succeeded\" }","target":"tachyon_serverless_application::services::invoke_async::dispatch"}
{"timestamp":"2026-09-18T04:34:47.975553Z","level":"INFO","message":"asynchronous run claimed","invocation_id":"inv_01m2scqaawspt65se34tgyqajm","attempt":1,"generation":0,"delivery_count":1,"target":"tachyon_serverless_application::services::invoke_async::dispatch"}
{"timestamp":"2026-09-18T04:34:47.976100Z","level":"INFO","message":"asynchronous run claimed","invocation_id":"inv_01m2scqabktbcbgewbjyj7x8y5","attempt":1,"generation":0,"delivery_count":1,"target":"tachyon_serverless_application::services::invoke_async::dispatch"}
{"timestamp":"2026-09-18T04:34:48.003451Z","level":"INFO","message":"asynchronous invocation accepted","invocation_id":"inv_01m2scqbj1mdm4npt8ft3bjqvp","tenant_id":"tn_01hzzzzzzzzzzzzzzzzzzzzzza","revision_id":"rev_01m2scq331agg0mfrarr41x8gm","input_bytes":180,"input_storage":"inline","target":"tachyon_serverless_application::services::invoke_async"}
{"timestamp":"2026-09-18T04:34:48.003489Z","level":"INFO","message":"cron trigger fired","trigger_id":"trg_01m2scq7tfx3656wc236wy5k5k","scheduled_at":"2026-09-18T04:34:48Z","invocation_id":"inv_01m2scqbj1mdm4npt8ft3bjqvp","revision_id":"rev_01m2scq331agg0mfrarr41x8gm","replayed":false,"target":"tachyon_serverless_application::services::triggers"}
{"timestamp":"2026-09-18T04:34:49.189652Z","level":"INFO","message":"bridge spawned","environment_id":"env_01m2scqbh9rgzx6cvwqekttts6","pid":844286,"target":"tachyon_serverless_provider_process"}
{"timestamp":"2026-09-18T04:34:54.161146Z","level":"WARN","message":"cannot take the trigger scheduler lease","error":"store: database is locked","target":"tachyon_serverless_application::services::triggers"}
{"timestamp":"2026-09-18T04:34:54.189998Z","level":"WARN","message":"object gc: purging tombstones failed","error":"store: the store connection stayed busy for 5 s (database locked?)","target":"tachyon_serverless_application::durable::gc"}
{"timestamp":"2026-09-18T04:34:54.190161Z","level":"INFO","message":"object retention pass","report":"GcReport { examined: 0, collected_expired: 0, collected_orphans: 0, kept_in_use: 0, kept_referenced: 0, incomplete_removed: 0, tombstones_purged: 0, failed: 1 }","target":"tachyon_serverless_gateway"}
{"timestamp":"2026-09-18T04:34:54.189998Z","level":"WARN","message":"outbox: claiming failed","error":"store: the store connection stayed busy for 5 s (database locked?)","target":"tachyon_serverless_application::services::invoke_async::publisher"}
{"timestamp":"2026-09-18T04:34:54.194866Z","level":"INFO","message":"bridge spawned","environment_id":"env_01m2scqbh8jr8tyhgj60n0c4p4","pid":844421,"target":"tachyon_serverless_provider_process"}
{"timestamp":"2026-09-18T04:34:59.290791Z","level":"WARN","message":"dispatcher heartbeat failed","error":"store: database is locked","target":"tachyon_serverless_application::app"}
{"timestamp":"2026-09-18T04:35:00.879320Z","level":"WARN","message":"dispatcher lease renewed after the store was unavailable","dispatcher_id":"dsp_01m2scpx2wwxjc8j2raad4z0qx","outage_started_at":"Some(2026-09-18T04:34:49.189289468Z)","failed_heartbeats":1,"revived":true,"leases":0,"target":"tachyon_serverless_application::services::dispatcher"}
{"timestamp":"2026-09-18T04:35:00.882728Z","level":"INFO","message":"late scheduled times skipped by the missed-run policy","trigger_id":"trg_01m2scq7tfx3656wc236wy5k5k","skipped":5,"policy":"Skip","target":"tachyon_serverless_application::services::triggers"}
{"timestamp":"2026-09-18T04:35:00.891721Z","level":"INFO","message":"asynchronous invocation accepted","invocation_id":"inv_01m2scqr4swbn5wy7htkyt3nc9","tenant_id":"tn_01hzzzzzzzzzzzzzzzzzzzzzza","revision_id":"rev_01m2scq331agg0mfrarr41x8gm","input_bytes":180,"input_storage":"inline","target":"tachyon_serverless_application::services::invoke_async"}
{"timestamp":"2026-09-18T04:35:00.891914Z","level":"INFO","message":"cron trigger fired","trigger_id":"trg_01m2scq7tfx3656wc236wy5k5k","scheduled_at":"2026-09-18T04:35:00Z","invocation_id":"inv_01m2scqr4swbn5wy7htkyt3nc9","revision_id":"rev_01m2scq331agg0mfrarr41x8gm","replayed":false,"target":"tachyon_serverless_application::services::triggers"}
{"timestamp":"2026-09-18T04:35:00.902880Z","level":"INFO","message":"asynchronous invocation accepted","invocation_id":"inv_01m2scqr4xse5njjsj0fqszbkw","tenant_id":"tn_01hzzzzzzzzzzzzzzzzzzzzzza","revision_id":"rev_01m2scpzpbfv480xay737bfzyv","input_bytes":49,"input_storage":"inline","target":"tachyon_serverless_application::services::invoke_async"}
{"timestamp":"2026-09-18T04:35:00.918677Z","level":"INFO","message":"object retention pass","report":"GcReport { examined: 2, collected_expired: 0, collected_orphans: 0, kept_in_use: 1, kept_referenced: 1, incomplete_removed: 0, tombstones_purged: 0, failed: 0 }","target":"tachyon_serverless_gateway"}
{"timestamp":"2026-09-18T04:35:00.945915Z","level":"INFO","message":"invocation finished","invocation_id":"inv_01m2scqabktbcbgewbjyj7x8y5","status":"succeeded (async run)","handler_ms":1,"environment_boot_ms":11688,"runtime_init_ms":48,"target":"tachyon_serverless_application::services::invoke"}
{"timestamp":"2026-09-18T04:35:00.947162Z","level":"INFO","message":"invocation finished","invocation_id":"inv_01m2scqaawspt65se34tgyqajm","status":"succeeded (async run)","handler_ms":1,"environment_boot_ms":6700,"runtime_init_ms":28,"target":"tachyon_serverless_application::services::invoke"}
{"timestamp":"2026-09-18T04:35:00.949883Z","level":"INFO","message":"terminating bridge","environment_id":"env_01m2scqbh9rgzx6cvwqekttts6","pid":844286,"reason":"Completed","graceful":true,"target":"tachyon_serverless_provider_process"}
{"timestamp":"2026-09-18T04:35:00.951482Z","level":"INFO","message":"terminating bridge","environment_id":"env_01m2scqbh8jr8tyhgj60n0c4p4","pid":844421,"reason":"Completed","graceful":true,"target":"tachyon_serverless_provider_process"}
{"timestamp":"2026-09-18T04:35:00.955953Z","level":"INFO","message":"asynchronous invocation settled","invocation_id":"inv_01m2scqabktbcbgewbjyj7x8y5","status":"succeeded","target":"tachyon_serverless_application::services::invoke_async::dispatch"}
{"timestamp":"2026-09-18T04:35:00.957619Z","level":"INFO","message":"async dispatch: delivery handled","message_id":"inv_01m2scqabktbcbgewbjyj7x8y5","sequence":6,"delivery_count":1,"outcome":"Completed { status: \"succeeded\" }","target":"tachyon_serverless_application::services::invoke_async::dispatch"}
{"timestamp":"2026-09-18T04:35:00.959341Z","level":"INFO","message":"async dispatch: delivery handled","message_id":"inv_01m2scqaawspt65se34tgyqajm","sequence":5,"delivery_count":2,"outcome":"Skipped(\"claimed\")","target":"tachyon_serverless_application::services::invoke_async::dispatch"}
{"timestamp":"2026-09-18T04:35:00.959790Z","level":"INFO","message":"asynchronous invocation settled","invocation_id":"inv_01m2scqaawspt65se34tgyqajm","status":"succeeded","target":"tachyon_serverless_application::services::invoke_async::dispatch"}
{"timestamp":"2026-09-18T04:35:00.959938Z","level":"INFO","message":"async dispatch: delivery handled","message_id":"inv_01m2scqaawspt65se34tgyqajm","sequence":5,"delivery_count":1,"outcome":"Completed { status: \"succeeded\" }","target":"tachyon_serverless_application::services::invoke_async::dispatch"}
{"timestamp":"2026-09-18T04:35:00.960218Z","level":"INFO","message":"asynchronous run claimed","invocation_id":"inv_01m2scqac67ptnzdtr9ra9qwbf","attempt":1,"generation":0,"delivery_count":1,"target":"tachyon_serverless_application::services::invoke_async::dispatch"}
{"timestamp":"2026-09-18T04:35:00.960761Z","level":"INFO","message":"asynchronous run claimed","invocation_id":"inv_01m2scqbj1mdm4npt8ft3bjqvp","attempt":1,"generation":0,"delivery_count":1,"target":"tachyon_serverless_application::services::invoke_async::dispatch"}
{"timestamp":"2026-09-18T04:35:01.092067Z","level":"INFO","message":"object retention pass","report":"GcReport { examined: 2, collected_expired: 0, collected_orphans: 0, kept_in_use: 0, kept_referenced: 2, incomplete_removed: 0, tombstones_purged: 0, failed: 0 }","target":"tachyon_serverless_gateway"}
{"timestamp":"2026-09-18T04:35:02.003314Z","level":"INFO","message":"asynchronous invocation accepted","invocation_id":"inv_01m2scqs7jsgp0swzc5rqby32w","tenant_id":"tn_01hzzzzzzzzzzzzzzzzzzzzzza","revision_id":"rev_01m2scq331agg0mfrarr41x8gm","input_bytes":180,"input_storage":"inline","target":"tachyon_serverless_application::services::invoke_async"}
{"timestamp":"2026-09-18T04:35:02.003358Z","level":"INFO","message":"cron trigger fired","trigger_id":"trg_01m2scq7tfx3656wc236wy5k5k","scheduled_at":"2026-09-18T04:35:02Z","invocation_id":"inv_01m2scqs7jsgp0swzc5rqby32w","revision_id":"rev_01m2scq331agg0mfrarr41x8gm","replayed":false,"target":"tachyon_serverless_application::services::triggers"}
{"timestamp":"2026-09-18T04:35:02.147114Z","level":"INFO","message":"bridge spawned","environment_id":"env_01m2scqr6e5q312pe84h4ner8n","pid":844679,"target":"tachyon_serverless_provider_process"}
{"timestamp":"2026-09-18T04:35:02.153553Z","level":"INFO","message":"bridge spawned","environment_id":"env_01m2scqr704x1sz67r6y10rwb6","pid":844689,"target":"tachyon_serverless_provider_process"}
{"timestamp":"2026-09-18T04:35:02.155139Z","level":"INFO","message":"bridge spawned","environment_id":"env_01m2scqr70cm32g5kn6y8pmpne","pid":844694,"target":"tachyon_serverless_provider_process"}
{"timestamp":"2026-09-18T04:35:02.201273Z","level":"INFO","message":"invocation finished","invocation_id":"inv_01m2scqr6abta7fqwnyem0vgz9","status":"succeeded","handler_ms":9,"environment_boot_ms":1,"runtime_init_ms":7,"target":"tachyon_serverless_application::services::invoke"}
{"timestamp":"2026-09-18T04:35:02.202217Z","level":"INFO","message":"terminating bridge","environment_id":"env_01m2scqr6e5q312pe84h4ner8n","pid":844679,"reason":"Completed","graceful":true,"target":"tachyon_serverless_provider_process"}
{"timestamp":"2026-09-18T04:35:02.202969Z","level":"INFO","message":"invocation finished","invocation_id":"inv_01m2scqbj1mdm4npt8ft3bjqvp","status":"succeeded (async run)","handler_ms":0,"environment_boot_ms":0,"runtime_init_ms":32,"target":"tachyon_serverless_application::services::invoke"}
{"timestamp":"2026-09-18T04:35:02.203741Z","level":"INFO","message":"invocation finished","invocation_id":"inv_01m2scqac67ptnzdtr9ra9qwbf","status":"succeeded (async run)","handler_ms":1,"environment_boot_ms":0,"runtime_init_ms":30,"target":"tachyon_serverless_application::services::invoke"}
{"timestamp":"2026-09-18T04:35:02.205826Z","level":"INFO","message":"terminating bridge","environment_id":"env_01m2scqr704x1sz67r6y10rwb6","pid":844689,"reason":"Completed","graceful":true,"target":"tachyon_serverless_provider_process"}
{"timestamp":"2026-09-18T04:35:02.205894Z","level":"INFO","message":"terminating bridge","environment_id":"env_01m2scqr70cm32g5kn6y8pmpne","pid":844694,"reason":"Completed","graceful":true,"target":"tachyon_serverless_provider_process"}
{"timestamp":"2026-09-18T04:35:02.210614Z","level":"INFO","message":"asynchronous invocation settled","invocation_id":"inv_01m2scqbj1mdm4npt8ft3bjqvp","status":"succeeded","target":"tachyon_serverless_application::services::invoke_async::dispatch"}
{"timestamp":"2026-09-18T04:35:02.211369Z","level":"INFO","message":"async dispatch: delivery handled","message_id":"inv_01m2scqbj1mdm4npt8ft3bjqvp","sequence":8,"delivery_count":1,"outcome":"Completed { status: \"succeeded\" }","target":"tachyon_serverless_application::services::invoke_async::dispatch"}
{"timestamp":"2026-09-18T04:35:02.211420Z","level":"INFO","message":"asynchronous invocation settled","invocation_id":"inv_01m2scqac67ptnzdtr9ra9qwbf","status":"succeeded","target":"tachyon_serverless_application::services::invoke_async::dispatch"}
{"timestamp":"2026-09-18T04:35:02.212861Z","level":"INFO","message":"async dispatch: delivery handled","message_id":"inv_01m2scqac67ptnzdtr9ra9qwbf","sequence":7,"delivery_count":1,"outcome":"Completed { status: \"succeeded\" }","target":"tachyon_serverless_application::services::invoke_async::dispatch"}
{"timestamp":"2026-09-18T04:35:02.213475Z","level":"INFO","message":"asynchronous run claimed","invocation_id":"inv_01m2scqr4swbn5wy7htkyt3nc9","attempt":1,"generation":0,"delivery_count":1,"target":"tachyon_serverless_application::services::invoke_async::dispatch"}
{"timestamp":"2026-09-18T04:35:02.213966Z","level":"INFO","message":"asynchronous run claimed","invocation_id":"inv_01m2scqr4xse5njjsj0fqszbkw","attempt":1,"generation":0,"delivery_count":1,"target":"tachyon_serverless_application::services::invoke_async::dispatch"}
{"timestamp":"2026-09-18T04:35:03.092032Z","level":"INFO","message":"object retention pass","report":"GcReport { examined: 2, collected_expired: 0, collected_orphans: 0, kept_in_use: 0, kept_referenced: 2, incomplete_removed: 0, tombstones_purged: 0, failed: 0 }","target":"tachyon_serverless_gateway"}
{"timestamp":"2026-09-18T04:35:03.410523Z","level":"INFO","message":"bridge spawned","environment_id":"env_01m2scqse6nv9hef2wf46naj4w","pid":844776,"target":"tachyon_serverless_provider_process"}
{"timestamp":"2026-09-18T04:35:03.432339Z","level":"INFO","message":"bridge spawned","environment_id":"env_01m2scqse6y2tmc4j7xe27cxb7","pid":844786,"target":"tachyon_serverless_provider_process"}
{"timestamp":"2026-09-18T04:35:03.467931Z","level":"INFO","message":"invocation finished","invocation_id":"inv_01m2scqr4swbn5wy7htkyt3nc9","status":"succeeded (async run)","handler_ms":10,"environment_boot_ms":3,"runtime_init_ms":20,"target":"tachyon_serverless_application::services::invoke"}
{"timestamp":"2026-09-18T04:35:03.476341Z","level":"INFO","message":"terminating bridge","environment_id":"env_01m2scqse6nv9hef2wf46naj4w","pid":844776,"reason":"Completed","graceful":true,"target":"tachyon_serverless_provider_process"}
{"timestamp":"2026-09-18T04:35:03.487893Z","level":"INFO","message":"invocation finished","invocation_id":"inv_01m2scqr4xse5njjsj0fqszbkw","status":"succeeded (async run)","handler_ms":7,"environment_boot_ms":0,"runtime_init_ms":27,"target":"tachyon_serverless_application::services::invoke"}
{"timestamp":"2026-09-18T04:35:03.497366Z","level":"INFO","message":"terminating bridge","environment_id":"env_01m2scqse6y2tmc4j7xe27cxb7","pid":844786,"reason":"Completed","graceful":true,"target":"tachyon_serverless_provider_process"}
{"timestamp":"2026-09-18T04:35:03.504006Z","level":"INFO","message":"asynchronous invocation settled","invocation_id":"inv_01m2scqr4swbn5wy7htkyt3nc9","status":"succeeded","target":"tachyon_serverless_application::services::invoke_async::dispatch"}
{"timestamp":"2026-09-18T04:35:03.504791Z","level":"INFO","message":"async dispatch: delivery handled","message_id":"inv_01m2scqr4swbn5wy7htkyt3nc9","sequence":9,"delivery_count":1,"outcome":"Completed { status: \"succeeded\" }","target":"tachyon_serverless_application::services::invoke_async::dispatch"}
{"timestamp":"2026-09-18T04:35:03.505680Z","level":"INFO","message":"asynchronous run claimed","invocation_id":"inv_01m2scqs7jsgp0swzc5rqby32w","attempt":1,"generation":0,"delivery_count":1,"target":"tachyon_serverless_application::services::invoke_async::dispatch"}
{"timestamp":"2026-09-18T04:35:03.506800Z","level":"INFO","message":"asynchronous invocation settled","invocation_id":"inv_01m2scqr4xse5njjsj0fqszbkw","status":"succeeded","target":"tachyon_serverless_application::services::invoke_async::dispatch"}
{"timestamp":"2026-09-18T04:35:03.511251Z","level":"INFO","message":"async dispatch: delivery handled","message_id":"inv_01m2scqr4xse5njjsj0fqszbkw","sequence":10,"delivery_count":1,"outcome":"Completed { status: \"succeeded\" }","target":"tachyon_serverless_application::services::invoke_async::dispatch"}
{"timestamp":"2026-09-18T04:35:03.645960Z","level":"INFO","message":"bridge spawned","environment_id":"env_01m2scqsnrbmrajzebtjt0ys42","pid":844796,"target":"tachyon_serverless_provider_process"}
{"timestamp":"2026-09-18T04:35:03.684718Z","level":"INFO","message":"invocation finished","invocation_id":"inv_01m2scqsnq19mgwjf0x30wjby3","status":"succeeded","handler_ms":7,"environment_boot_ms":1,"runtime_init_ms":11,"target":"tachyon_serverless_application::services::invoke"}
{"timestamp":"2026-09-18T04:35:03.696678Z","level":"INFO","message":"terminating bridge","environment_id":"env_01m2scqsnrbmrajzebtjt0ys42","pid":844796,"reason":"Completed","graceful":true,"target":"tachyon_serverless_provider_process"}
{"timestamp":"2026-09-18T04:35:04.002344Z","level":"INFO","message":"asynchronous invocation accepted","invocation_id":"inv_01m2scqv61v3602gd3qmyqk7pc","tenant_id":"tn_01hzzzzzzzzzzzzzzzzzzzzzza","revision_id":"rev_01m2scq331agg0mfrarr41x8gm","input_bytes":180,"input_storage":"inline","target":"tachyon_serverless_application::services::invoke_async"}
{"timestamp":"2026-09-18T04:35:04.002388Z","level":"INFO","message":"cron trigger fired","trigger_id":"trg_01m2scq7tfx3656wc236wy5k5k","scheduled_at":"2026-09-18T04:35:04Z","invocation_id":"inv_01m2scqv61v3602gd3qmyqk7pc","revision_id":"rev_01m2scq331agg0mfrarr41x8gm","replayed":false,"target":"tachyon_serverless_application::services::triggers"}
{"timestamp":"2026-09-18T04:35:04.004774Z","level":"INFO","message":"asynchronous run claimed","invocation_id":"inv_01m2scqv61v3602gd3qmyqk7pc","attempt":1,"generation":0,"delivery_count":1,"target":"tachyon_serverless_application::services::invoke_async::dispatch"}
{"timestamp":"2026-09-18T04:35:04.696974Z","level":"INFO","message":"bridge spawned","environment_id":"env_01m2scqtphfpryg7d8dg2sz9m9","pid":844844,"target":"tachyon_serverless_provider_process"}
{"timestamp":"2026-09-18T04:35:04.733574Z","level":"INFO","message":"invocation finished","invocation_id":"inv_01m2scqs7jsgp0swzc5rqby32w","status":"succeeded (async run)","handler_ms":4,"environment_boot_ms":3,"runtime_init_ms":15,"target":"tachyon_serverless_application::services::invoke"}
{"timestamp":"2026-09-18T04:35:04.742650Z","level":"INFO","message":"terminating bridge","environment_id":"env_01m2scqtphfpryg7d8dg2sz9m9","pid":844844,"reason":"Completed","graceful":true,"target":"tachyon_serverless_provider_process"}
{"timestamp":"2026-09-18T04:35:04.746252Z","level":"INFO","message":"asynchronous invocation settled","invocation_id":"inv_01m2scqs7jsgp0swzc5rqby32w","status":"succeeded","target":"tachyon_serverless_application::services::invoke_async::dispatch"}
{"timestamp":"2026-09-18T04:35:04.747008Z","level":"INFO","message":"async dispatch: delivery handled","message_id":"inv_01m2scqs7jsgp0swzc5rqby32w","sequence":11,"delivery_count":1,"outcome":"Completed { status: \"succeeded\" }","target":"tachyon_serverless_application::services::invoke_async::dispatch"}
{"timestamp":"2026-09-18T04:35:04.946775Z","level":"INFO","message":"bridge spawned","environment_id":"env_01m2scqtyfgjdejp1j3cf2q23e","pid":844854,"target":"tachyon_serverless_provider_process"}
{"timestamp":"2026-09-18T04:35:04.983802Z","level":"INFO","message":"invocation finished","invocation_id":"inv_01m2scqtye78g6nzcre8p9v38n","status":"succeeded","handler_ms":4,"environment_boot_ms":1,"runtime_init_ms":13,"target":"tachyon_serverless_application::services::invoke"}
{"timestamp":"2026-09-18T04:35:04.989651Z","level":"INFO","message":"terminating bridge","environment_id":"env_01m2scqtyfgjdejp1j3cf2q23e","pid":844854,"reason":"Completed","graceful":true,"target":"tachyon_serverless_provider_process"}
{"timestamp":"2026-09-18T04:35:05.016499Z","level":"INFO","message":"asynchronous invocation accepted","invocation_id":"inv_01m2scqw5p5jcrnbcpbyfb70e0","tenant_id":"tn_01hzzzzzzzzzzzzzzzzzzzzzza","revision_id":"rev_01m2scpzpbfv480xay737bfzyv","input_bytes":48,"input_storage":"inline","target":"tachyon_serverless_application::services::invoke_async"}
{"timestamp":"2026-09-18T04:35:05.020013Z","level":"INFO","message":"asynchronous run claimed","invocation_id":"inv_01m2scqw5p5jcrnbcpbyfb70e0","attempt":1,"generation":0,"delivery_count":1,"target":"tachyon_serverless_application::services::invoke_async::dispatch"}
{"timestamp":"2026-09-18T04:35:05.041816Z","level":"INFO","message":"asynchronous invocation accepted","invocation_id":"inv_01m2scqw6eck8q28sfk0772096","tenant_id":"tn_01hzzzzzzzzzzzzzzzzzzzzzza","revision_id":"rev_01m2scpzpbfv480xay737bfzyv","input_bytes":4128,"input_storage":"object","target":"tachyon_serverless_application::services::invoke_async"}
{"timestamp":"2026-09-18T04:35:05.057888Z","level":"INFO","message":"asynchronous invocation accepted","invocation_id":"inv_01m2scqw71akbscjandz3pn60c","tenant_id":"tn_01hzzzzzzzzzzzzzzzzzzzzzza","revision_id":"rev_01m2scq331agg0mfrarr41x8gm","input_bytes":191,"input_storage":"inline","target":"tachyon_serverless_application::services::invoke_async"}
{"timestamp":"2026-09-18T04:35:05.057923Z","level":"INFO","message":"webhook trigger fired","trigger_id":"trg_01m2scq7tnja1n03ezg7bsf1gg","event_id":"evt-post-w1","invocation_id":"inv_01m2scqw71akbscjandz3pn60c","revision_id":"rev_01m2scq331agg0mfrarr41x8gm","replayed":false,"target":"tachyon_serverless_application::services::triggers"}
{"timestamp":"2026-09-18T04:35:05.091843Z","level":"INFO","message":"object retention pass","report":"GcReport { examined: 2, collected_expired: 0, collected_orphans: 0, kept_in_use: 0, kept_referenced: 2, incomplete_removed: 0, tombstones_purged: 0, failed: 0 }","target":"tachyon_serverless_gateway"}
{"timestamp":"2026-09-18T04:35:05.194081Z","level":"INFO","message":"bridge spawned","environment_id":"env_01m2scqv64fy4d80fbj8mb31je","pid":844931,"target":"tachyon_serverless_provider_process"}
{"timestamp":"2026-09-18T04:35:05.227252Z","level":"INFO","message":"invocation finished","invocation_id":"inv_01m2scqv61v3602gd3qmyqk7pc","status":"succeeded (async run)","handler_ms":10,"environment_boot_ms":1,"runtime_init_ms":10,"target":"tachyon_serverless_application::services::invoke"}
{"timestamp":"2026-09-18T04:35:05.229202Z","level":"INFO","message":"terminating bridge","environment_id":"env_01m2scqv64fy4d80fbj8mb31je","pid":844931,"reason":"Completed","graceful":true,"target":"tachyon_serverless_provider_process"}
{"timestamp":"2026-09-18T04:35:05.232157Z","level":"INFO","message":"asynchronous invocation settled","invocation_id":"inv_01m2scqv61v3602gd3qmyqk7pc","status":"succeeded","target":"tachyon_serverless_application::services::invoke_async::dispatch"}
{"timestamp":"2026-09-18T04:35:05.232792Z","level":"INFO","message":"async dispatch: delivery handled","message_id":"inv_01m2scqv61v3602gd3qmyqk7pc","sequence":12,"delivery_count":1,"outcome":"Completed { status: \"succeeded\" }","target":"tachyon_serverless_application::services::invoke_async::dispatch"}
{"timestamp":"2026-09-18T04:35:05.233539Z","level":"INFO","message":"asynchronous run claimed","invocation_id":"inv_01m2scqw6eck8q28sfk0772096","attempt":1,"generation":0,"delivery_count":1,"target":"tachyon_serverless_application::services::invoke_async::dispatch"}
{"timestamp":"2026-09-18T04:35:06.002912Z","level":"INFO","message":"asynchronous invocation accepted","invocation_id":"inv_01m2scqx4hbmcnj1ztz2g4515g","tenant_id":"tn_01hzzzzzzzzzzzzzzzzzzzzzza","revision_id":"rev_01m2scq331agg0mfrarr41x8gm","input_bytes":180,"input_storage":"inline","target":"tachyon_serverless_application::services::invoke_async"}
{"timestamp":"2026-09-18T04:35:06.002956Z","level":"INFO","message":"cron trigger fired","trigger_id":"trg_01m2scq7tfx3656wc236wy5k5k","scheduled_at":"2026-09-18T04:35:06Z","invocation_id":"inv_01m2scqx4hbmcnj1ztz2g4515g","revision_id":"rev_01m2scq331agg0mfrarr41x8gm","replayed":false,"target":"tachyon_serverless_application::services::triggers"}
{"timestamp":"2026-09-18T04:35:06.244441Z","level":"INFO","message":"bridge spawned","environment_id":"env_01m2scqw5w0n7zck6t8ge0njkk","pid":844944,"target":"tachyon_serverless_provider_process"}
{"timestamp":"2026-09-18T04:35:06.253390Z","level":"INFO","message":"invocation finished","invocation_id":"inv_01m2scqw5p5jcrnbcpbyfb70e0","status":"succeeded (async run)","handler_ms":1,"environment_boot_ms":1,"runtime_init_ms":5,"target":"tachyon_serverless_application::services::invoke"}
{"timestamp":"2026-09-18T04:35:06.255262Z","level":"INFO","message":"terminating bridge","environment_id":"env_01m2scqw5w0n7zck6t8ge0njkk","pid":844944,"reason":"Completed","graceful":true,"target":"tachyon_serverless_provider_process"}
{"timestamp":"2026-09-18T04:35:06.256340Z","level":"INFO","message":"bridge spawned","environment_id":"env_01m2scqw7a4fgxb9vxtzxc7wsn","pid":844954,"target":"tachyon_serverless_provider_process"}
{"timestamp":"2026-09-18T04:35:06.288976Z","level":"INFO","message":"asynchronous invocation settled","invocation_id":"inv_01m2scqw5p5jcrnbcpbyfb70e0","status":"succeeded","target":"tachyon_serverless_application::services::invoke_async::dispatch"}
{"timestamp":"2026-09-18T04:35:06.293928Z","level":"INFO","message":"async dispatch: delivery handled","message_id":"inv_01m2scqw5p5jcrnbcpbyfb70e0","sequence":13,"delivery_count":1,"outcome":"Completed { status: \"succeeded\" }","target":"tachyon_serverless_application::services::invoke_async::dispatch"}
{"timestamp":"2026-09-18T04:35:06.294040Z","level":"INFO","message":"invocation finished","invocation_id":"inv_01m2scqw7ajydd3nxc0756zzvm","status":"succeeded","handler_ms":10,"environment_boot_ms":0,"runtime_init_ms":7,"target":"tachyon_serverless_application::services::invoke"}
{"timestamp":"2026-09-18T04:35:06.299777Z","level":"INFO","message":"asynchronous run claimed","invocation_id":"inv_01m2scqw71akbscjandz3pn60c","attempt":1,"generation":0,"delivery_count":1,"target":"tachyon_serverless_application::services::invoke_async::dispatch"}
{"timestamp":"2026-09-18T04:35:06.301099Z","level":"INFO","message":"terminating bridge","environment_id":"env_01m2scqw7a4fgxb9vxtzxc7wsn","pid":844954,"reason":"Completed","graceful":true,"target":"tachyon_serverless_provider_process"}
{"timestamp":"2026-09-18T04:35:06.330981Z","level":"INFO","message":"asynchronous invocation accepted","invocation_id":"inv_01m2scqxesss4th8wv35b0f7nt","tenant_id":"tn_01hzzzzzzzzzzzzzzzzzzzzzza","revision_id":"rev_01m2scpzpbfv480xay737bfzyv","input_bytes":48,"input_storage":"inline","target":"tachyon_serverless_application::services::invoke_async"}
{"timestamp":"2026-09-18T04:35:06.354829Z","level":"INFO","message":"asynchronous invocation accepted","invocation_id":"inv_01m2scqxffp6zjn38kxrcw77ys","tenant_id":"tn_01hzzzzzzzzzzzzzzzzzzzzzza","revision_id":"rev_01m2scpzpbfv480xay737bfzyv","input_bytes":4128,"input_storage":"object","target":"tachyon_serverless_application::services::invoke_async"}
{"timestamp":"2026-09-18T04:35:06.372015Z","level":"INFO","message":"asynchronous invocation accepted","invocation_id":"inv_01m2scqxg319609bcxaj661nnb","tenant_id":"tn_01hzzzzzzzzzzzzzzzzzzzzzza","revision_id":"rev_01m2scq331agg0mfrarr41x8gm","input_bytes":191,"input_storage":"inline","target":"tachyon_serverless_application::services::invoke_async"}
{"timestamp":"2026-09-18T04:35:06.372050Z","level":"INFO","message":"webhook trigger fired","trigger_id":"trg_01m2scq7tnja1n03ezg7bsf1gg","event_id":"evt-post-w2","invocation_id":"inv_01m2scqxg319609bcxaj661nnb","revision_id":"rev_01m2scq331agg0mfrarr41x8gm","replayed":false,"target":"tachyon_serverless_application::services::triggers"}
{"timestamp":"2026-09-18T04:35:06.452471Z","level":"INFO","message":"bridge spawned","environment_id":"env_01m2scqwcjkbghz92cx2wg4nb4","pid":845031,"target":"tachyon_serverless_provider_process"}
{"timestamp":"2026-09-18T04:35:06.474571Z","level":"INFO","message":"invocation finished","invocation_id":"inv_01m2scqw6eck8q28sfk0772096","status":"succeeded (async run)","handler_ms":9,"environment_boot_ms":1,"runtime_init_ms":3,"target":"tachyon_serverless_application::services::invoke"}
{"timestamp":"2026-09-18T04:35:06.476823Z","level":"INFO","message":"terminating bridge","environment_id":"env_01m2scqwcjkbghz92cx2wg4nb4","pid":845031,"reason":"Completed","graceful":true,"target":"tachyon_serverless_provider_process"}
{"timestamp":"2026-09-18T04:35:06.479956Z","level":"INFO","message":"asynchronous invocation settled","invocation_id":"inv_01m2scqw6eck8q28sfk0772096","status":"succeeded","target":"tachyon_serverless_application::services::invoke_async::dispatch"}
{"timestamp":"2026-09-18T04:35:06.480594Z","level":"INFO","message":"async dispatch: delivery handled","message_id":"inv_01m2scqw6eck8q28sfk0772096","sequence":14,"delivery_count":1,"outcome":"Completed { status: \"succeeded\" }","target":"tachyon_serverless_application::services::invoke_async::dispatch"}
{"timestamp":"2026-09-18T04:35:06.481312Z","level":"INFO","message":"asynchronous run claimed","invocation_id":"inv_01m2scqx4hbmcnj1ztz2g4515g","attempt":1,"generation":0,"delivery_count":1,"target":"tachyon_serverless_application::services::invoke_async::dispatch"}
{"timestamp":"2026-09-18T04:35:07.091750Z","level":"INFO","message":"object retention pass","report":"GcReport { examined: 2, collected_expired: 0, collected_orphans: 0, kept_in_use: 0, kept_referenced: 2, incomplete_removed: 0, tombstones_purged: 0, failed: 0 }","target":"tachyon_serverless_gateway"}
{"timestamp":"2026-09-18T04:35:07.483505Z","level":"INFO","message":"bridge spawned","environment_id":"env_01m2scqxdw6ew5hqtcrxpreha6","pid":845041,"target":"tachyon_serverless_provider_process"}
{"timestamp":"2026-09-18T04:35:07.517910Z","level":"INFO","message":"invocation finished","invocation_id":"inv_01m2scqw71akbscjandz3pn60c","status":"succeeded (async run)","handler_ms":6,"environment_boot_ms":1,"runtime_init_ms":14,"target":"tachyon_serverless_application::services::invoke"}
{"timestamp":"2026-09-18T04:35:07.523424Z","level":"INFO","message":"terminating bridge","environment_id":"env_01m2scqxdw6ew5hqtcrxpreha6","pid":845041,"reason":"Completed","graceful":true,"target":"tachyon_serverless_provider_process"}
{"timestamp":"2026-09-18T04:35:07.532385Z","level":"INFO","message":"asynchronous invocation settled","invocation_id":"inv_01m2scqw71akbscjandz3pn60c","status":"succeeded","target":"tachyon_serverless_application::services::invoke_async::dispatch"}
{"timestamp":"2026-09-18T04:35:07.533025Z","level":"INFO","message":"async dispatch: delivery handled","message_id":"inv_01m2scqw71akbscjandz3pn60c","sequence":15,"delivery_count":1,"outcome":"Completed { status: \"succeeded\" }","target":"tachyon_serverless_application::services::invoke_async::dispatch"}
{"timestamp":"2026-09-18T04:35:07.533838Z","level":"INFO","message":"asynchronous run claimed","invocation_id":"inv_01m2scqxesss4th8wv35b0f7nt","attempt":1,"generation":0,"delivery_count":1,"target":"tachyon_serverless_application::services::invoke_async::dispatch"}
{"timestamp":"2026-09-18T04:35:07.661371Z","level":"INFO","message":"bridge spawned","environment_id":"env_01m2scqxkhpnarfb8h3xq2sf8k","pid":845051,"target":"tachyon_serverless_provider_process"}
{"timestamp":"2026-09-18T04:35:07.699893Z","level":"INFO","message":"invocation finished","invocation_id":"inv_01m2scqx4hbmcnj1ztz2g4515g","status":"succeeded (async run)","handler_ms":5,"environment_boot_ms":1,"runtime_init_ms":14,"target":"tachyon_serverless_application::services::invoke"}
{"timestamp":"2026-09-18T04:35:07.705474Z","level":"INFO","message":"terminating bridge","environment_id":"env_01m2scqxkhpnarfb8h3xq2sf8k","pid":845051,"reason":"Completed","graceful":true,"target":"tachyon_serverless_provider_process"}
{"timestamp":"2026-09-18T04:35:07.709679Z","level":"INFO","message":"asynchronous invocation settled","invocation_id":"inv_01m2scqx4hbmcnj1ztz2g4515g","status":"succeeded","target":"tachyon_serverless_application::services::invoke_async::dispatch"}
{"timestamp":"2026-09-18T04:35:07.710274Z","level":"INFO","message":"async dispatch: delivery handled","message_id":"inv_01m2scqx4hbmcnj1ztz2g4515g","sequence":16,"delivery_count":1,"outcome":"Completed { status: \"succeeded\" }","target":"tachyon_serverless_application::services::invoke_async::dispatch"}
{"timestamp":"2026-09-18T04:35:07.710985Z","level":"INFO","message":"asynchronous run claimed","invocation_id":"inv_01m2scqxffp6zjn38kxrcw77ys","attempt":1,"generation":0,"delivery_count":1,"target":"tachyon_serverless_application::services::invoke_async::dispatch"}
{"timestamp":"2026-09-18T04:35:08.002523Z","level":"INFO","message":"asynchronous invocation accepted","invocation_id":"inv_01m2scqz31m06f8n2wv76becxf","tenant_id":"tn_01hzzzzzzzzzzzzzzzzzzzzzza","revision_id":"rev_01m2scq331agg0mfrarr41x8gm","input_bytes":180,"input_storage":"inline","target":"tachyon_serverless_application::services::invoke_async"}
{"timestamp":"2026-09-18T04:35:08.002572Z","level":"INFO","message":"cron trigger fired","trigger_id":"trg_01m2scq7tfx3656wc236wy5k5k","scheduled_at":"2026-09-18T04:35:08Z","invocation_id":"inv_01m2scqz31m06f8n2wv76becxf","revision_id":"rev_01m2scq331agg0mfrarr41x8gm","replayed":false,"target":"tachyon_serverless_application::services::triggers"}
{"timestamp":"2026-09-18T04:35:08.743252Z","level":"INFO","message":"bridge spawned","environment_id":"env_01m2scqymepkh8hybzz4cq17fj","pid":845061,"target":"tachyon_serverless_provider_process"}
{"timestamp":"2026-09-18T04:35:08.768148Z","level":"INFO","message":"invocation finished","invocation_id":"inv_01m2scqxesss4th8wv35b0f7nt","status":"succeeded (async run)","handler_ms":5,"environment_boot_ms":2,"runtime_init_ms":4,"target":"tachyon_serverless_application::services::invoke"}
{"timestamp":"2026-09-18T04:35:08.770043Z","level":"INFO","message":"terminating bridge","environment_id":"env_01m2scqymepkh8hybzz4cq17fj","pid":845061,"reason":"Completed","graceful":true,"target":"tachyon_serverless_provider_process"}
{"timestamp":"2026-09-18T04:35:08.773017Z","level":"INFO","message":"asynchronous invocation settled","invocation_id":"inv_01m2scqxesss4th8wv35b0f7nt","status":"succeeded","target":"tachyon_serverless_application::services::invoke_async::dispatch"}
{"timestamp":"2026-09-18T04:35:08.773691Z","level":"INFO","message":"async dispatch: delivery handled","message_id":"inv_01m2scqxesss4th8wv35b0f7nt","sequence":17,"delivery_count":1,"outcome":"Completed { status: \"succeeded\" }","target":"tachyon_serverless_application::services::invoke_async::dispatch"}
{"timestamp":"2026-09-18T04:35:08.774392Z","level":"INFO","message":"asynchronous run claimed","invocation_id":"inv_01m2scqxg319609bcxaj661nnb","attempt":1,"generation":0,"delivery_count":1,"target":"tachyon_serverless_application::services::invoke_async::dispatch"}
{"timestamp":"2026-09-18T04:35:08.920547Z","level":"INFO","message":"bridge spawned","environment_id":"env_01m2scqyt0zaf3yxfyn8egskqw","pid":845071,"target":"tachyon_serverless_provider_process"}
{"timestamp":"2026-09-18T04:35:08.949373Z","level":"INFO","message":"invocation finished","invocation_id":"inv_01m2scqxffp6zjn38kxrcw77ys","status":"succeeded (async run)","handler_ms":6,"environment_boot_ms":1,"runtime_init_ms":4,"target":"tachyon_serverless_application::services::invoke"}
{"timestamp":"2026-09-18T04:35:08.955284Z","level":"INFO","message":"terminating bridge","environment_id":"env_01m2scqyt0zaf3yxfyn8egskqw","pid":845071,"reason":"Completed","graceful":true,"target":"tachyon_serverless_provider_process"}
{"timestamp":"2026-09-18T04:35:08.964615Z","level":"INFO","message":"asynchronous invocation settled","invocation_id":"inv_01m2scqxffp6zjn38kxrcw77ys","status":"succeeded","target":"tachyon_serverless_application::services::invoke_async::dispatch"}
{"timestamp":"2026-09-18T04:35:08.965163Z","level":"INFO","message":"async dispatch: delivery handled","message_id":"inv_01m2scqxffp6zjn38kxrcw77ys","sequence":18,"delivery_count":1,"outcome":"Completed { status: \"succeeded\" }","target":"tachyon_serverless_application::services::invoke_async::dispatch"}
{"timestamp":"2026-09-18T04:35:08.965822Z","level":"INFO","message":"asynchronous run claimed","invocation_id":"inv_01m2scqz31m06f8n2wv76becxf","attempt":1,"generation":0,"delivery_count":1,"target":"tachyon_serverless_application::services::invoke_async::dispatch"}
{"timestamp":"2026-09-18T04:35:09.090421Z","level":"INFO","message":"object retention pass","report":"GcReport { examined: 2, collected_expired: 0, collected_orphans: 0, kept_in_use: 0, kept_referenced: 2, incomplete_removed: 0, tombstones_purged: 0, failed: 0 }","target":"tachyon_serverless_gateway"}
{"timestamp":"2026-09-18T04:35:09.955156Z","level":"INFO","message":"bridge spawned","environment_id":"env_01m2scqzv6q406sgzs7emh6n87","pid":845081,"target":"tachyon_serverless_provider_process"}
{"timestamp":"2026-09-18T04:35:10.000416Z","level":"INFO","message":"invocation finished","invocation_id":"inv_01m2scqxg319609bcxaj661nnb","status":"succeeded (async run)","handler_ms":5,"environment_boot_ms":2,"runtime_init_ms":12,"target":"tachyon_serverless_application::services::invoke"}
{"timestamp":"2026-09-18T04:35:10.007810Z","level":"INFO","message":"terminating bridge","environment_id":"env_01m2scqzv6q406sgzs7emh6n87","pid":845081,"reason":"Completed","graceful":true,"target":"tachyon_serverless_provider_process"}
{"timestamp":"2026-09-18T04:35:10.008759Z","level":"INFO","message":"asynchronous invocation accepted","invocation_id":"inv_01m2scr11p437pdn6nsc9m4drk","tenant_id":"tn_01hzzzzzzzzzzzzzzzzzzzzzza","revision_id":"rev_01m2scq331agg0mfrarr41x8gm","input_bytes":180,"input_storage":"inline","target":"tachyon_serverless_application::services::invoke_async"}
{"timestamp":"2026-09-18T04:35:10.008784Z","level":"INFO","message":"cron trigger fired","trigger_id":"trg_01m2scq7tfx3656wc236wy5k5k","scheduled_at":"2026-09-18T04:35:10Z","invocation_id":"inv_01m2scr11p437pdn6nsc9m4drk","revision_id":"rev_01m2scq331agg0mfrarr41x8gm","replayed":false,"target":"tachyon_serverless_application::services::triggers"}
{"timestamp":"2026-09-18T04:35:10.011342Z","level":"INFO","message":"asynchronous invocation settled","invocation_id":"inv_01m2scqxg319609bcxaj661nnb","status":"succeeded","target":"tachyon_serverless_application::services::invoke_async::dispatch"}
{"timestamp":"2026-09-18T04:35:10.011939Z","level":"INFO","message":"async dispatch: delivery handled","message_id":"inv_01m2scqxg319609bcxaj661nnb","sequence":19,"delivery_count":1,"outcome":"Completed { status: \"succeeded\" }","target":"tachyon_serverless_application::services::invoke_async::dispatch"}
{"timestamp":"2026-09-18T04:35:10.012583Z","level":"INFO","message":"asynchronous run claimed","invocation_id":"inv_01m2scr11p437pdn6nsc9m4drk","attempt":1,"generation":0,"delivery_count":1,"target":"tachyon_serverless_application::services::invoke_async::dispatch"}
{"timestamp":"2026-09-18T04:35:10.148727Z","level":"INFO","message":"bridge spawned","environment_id":"env_01m2scr016ftewwa9c0y48vpch","pid":845091,"target":"tachyon_serverless_provider_process"}
{"timestamp":"2026-09-18T04:35:10.187010Z","level":"INFO","message":"invocation finished","invocation_id":"inv_01m2scqz31m06f8n2wv76becxf","status":"succeeded (async run)","handler_ms":7,"environment_boot_ms":1,"runtime_init_ms":15,"target":"tachyon_serverless_application::services::invoke"}
{"timestamp":"2026-09-18T04:35:10.192552Z","level":"INFO","message":"terminating bridge","environment_id":"env_01m2scr016ftewwa9c0y48vpch","pid":845091,"reason":"Completed","graceful":true,"target":"tachyon_serverless_provider_process"}
{"timestamp":"2026-09-18T04:35:10.195817Z","level":"INFO","message":"asynchronous invocation settled","invocation_id":"inv_01m2scqz31m06f8n2wv76becxf","status":"succeeded","target":"tachyon_serverless_application::services::invoke_async::dispatch"}
{"timestamp":"2026-09-18T04:35:10.196416Z","level":"INFO","message":"async dispatch: delivery handled","message_id":"inv_01m2scqz31m06f8n2wv76becxf","sequence":20,"delivery_count":1,"outcome":"Completed { status: \"succeeded\" }","target":"tachyon_serverless_application::services::invoke_async::dispatch"}
{"timestamp":"2026-09-18T04:35:11.091768Z","level":"INFO","message":"object retention pass","report":"GcReport { examined: 3, collected_expired: 0, collected_orphans: 0, kept_in_use: 0, kept_referenced: 3, incomplete_removed: 0, tombstones_purged: 0, failed: 0 }","target":"tachyon_serverless_gateway"}
{"timestamp":"2026-09-18T04:35:11.176604Z","level":"INFO","message":"bridge spawned","environment_id":"env_01m2scr11wd13d0mkfq7qjqd15","pid":845104,"target":"tachyon_serverless_provider_process"}
{"timestamp":"2026-09-18T04:35:11.199951Z","level":"INFO","message":"invocation finished","invocation_id":"inv_01m2scr11p437pdn6nsc9m4drk","status":"succeeded (async run)","handler_ms":9,"environment_boot_ms":1,"runtime_init_ms":3,"target":"tachyon_serverless_application::services::invoke"}
{"timestamp":"2026-09-18T04:35:11.201809Z","level":"INFO","message":"terminating bridge","environment_id":"env_01m2scr11wd13d0mkfq7qjqd15","pid":845104,"reason":"Completed","graceful":true,"target":"tachyon_serverless_provider_process"}
{"timestamp":"2026-09-18T04:35:11.205045Z","level":"INFO","message":"asynchronous invocation settled","invocation_id":"inv_01m2scr11p437pdn6nsc9m4drk","status":"succeeded","target":"tachyon_serverless_application::services::invoke_async::dispatch"}
{"timestamp":"2026-09-18T04:35:11.205993Z","level":"INFO","message":"async dispatch: delivery handled","message_id":"inv_01m2scr11p437pdn6nsc9m4drk","sequence":21,"delivery_count":1,"outcome":"Completed { status: \"succeeded\" }","target":"tachyon_serverless_application::services::invoke_async::dispatch"}
{"timestamp":"2026-09-18T04:35:11.429568Z","level":"INFO","message":"trigger updated","trigger_id":"trg_01m2scq7tfx3656wc236wy5k5k","generation":2,"status":"disabled","next_fire_at":"None","rotated_secret":false,"target":"tachyon_serverless_application::services::triggers"}
{"timestamp":"2026-09-18T04:35:11.793531Z","level":"INFO","message":"SIGTERM received","target":"tachyon_serverless_gateway"}
{"timestamp":"2026-09-18T04:35:11.793565Z","level":"INFO","message":"shutdown requested; cancelling in-flight invocations","target":"tachyon_serverless_gateway"}
{"timestamp":"2026-09-18T04:35:11.793881Z","level":"INFO","message":"final usage collection","report":"CollectReport { batches: 0, read: 0, inserted: 0, duplicates: 0, cursor_seq: 135 }","target":"tachyon_serverless_gateway"}
{"timestamp":"2026-09-18T04:35:11.796589Z","level":"INFO","message":"gateway stopped","target":"tachyon_serverless_gateway"}
{"timestamp":"2026-09-18T04:35:11.796714Z","level":"INFO","message":"event: closed","target":"async_nats"}
