08:10:17.593626202 PUT /machine-config -> 204 (5 ms)
  request: {"vcpu_count":1,"mem_size_mib":256}
08:10:17.602156993 PUT /boot-source -> 204 (5 ms)
  request: {"kernel_image_path":"/home/takanorifukuyama.guest/tsls/.kvm/vmlinux","boot_args":"console=ttyS0 reboot=k panic=1 pci=off keep_bootcon init=/sbin/tachyon-init tachyon.env_id=env_x1restore tachyon.vsock_port=5000 tachyon.function_dev=/dev/vdb tachyon.scratch_dev=/dev/vdc"}
08:10:17.610655760 PUT /drives/rootfs -> 204 (4 ms)
  request: {"drive_id":"rootfs","path_on_host":"rootfs.ext4","is_root_device":true,"is_read_only":true}
08:10:17.619439607 PUT /drives/function -> 204 (5 ms)
  request: {"drive_id":"function","path_on_host":"function.ext4","is_root_device":false,"is_read_only":true}
08:10:17.628287000 PUT /drives/scratch -> 204 (5 ms)
  request: {"drive_id":"scratch","path_on_host":"scratch.ext4","is_root_device":false,"is_read_only":false}
08:10:17.637074656 PUT /vsock -> 204 (5 ms)
  request: {"guest_cid":3,"uds_path":"v.sock"}
08:10:17.653137162 PUT /actions -> 204 (12 ms)
  request: {"action_type":"InstanceStart"}
08:10:21.431525722 PATCH /vm -> 204 (16 ms)
  request: {"state":"Paused"}
08:10:21.732171105 PUT /snapshot/create -> 204 (296 ms)
  request: {"snapshot_type":"Full","snapshot_path":"../snap/vmstate","mem_file_path":"../snap/mem"}
08:10:25.10435785 PATCH /vm -> 204 (5 ms)
  request: {"state":"Resumed"}
