2026-09-17T17:10:17.583012570 [anonymous-instance:main:INFO] Running Firecracker v1.17.0
2026-09-17T17:10:17.583091229 [anonymous-instance:main:INFO] Listening on API socket ("api.sock").
2026-09-17T17:10:17.583262904 [anonymous-instance:fc_api:INFO] API server started.
2026-09-17T17:10:17.590189128 [anonymous-instance:fc_api:INFO] The API server received a Put request on "/machine-config" with body "{\"vcpu_count\":1,\"mem_size_mib\":256}".
2026-09-17T17:10:17.590280219 [anonymous-instance:fc_api:INFO] The request was executed successfully. Status code: 204 No Content.
2026-09-17T17:10:17.598974021 [anonymous-instance:fc_api:INFO] The API server received a Put request on "/boot-source" with body "{\"kernel_image_path\":\"/home/takanorifukuyama.guest/tsls/.kvm/vmlinux\",\"boot_args\":\"console=ttyS0 reboot=k panic=1 pci=off keep_bootcon init=/sbin/tachyon-init tachyon.env_id=env_x1restore tachyon.vsock_port=5000 tachyon.function_dev=/dev/vdb tachyon.scratch_dev=/dev/vdc\"}".
2026-09-17T17:10:17.599046819 [anonymous-instance:fc_api:INFO] The request was executed successfully. Status code: 204 No Content.
2026-09-17T17:10:17.607325727 [anonymous-instance:fc_api:INFO] The API server received a Put request on "/drives/rootfs" with body "{\"drive_id\":\"rootfs\",\"path_on_host\":\"rootfs.ext4\",\"is_root_device\":true,\"is_read_only\":true}".
2026-09-17T17:10:17.607417489 [anonymous-instance:fc_api:INFO] The request was executed successfully. Status code: 204 No Content.
2026-09-17T17:10:17.616055530 [anonymous-instance:fc_api:INFO] The API server received a Put request on "/drives/function" with body "{\"drive_id\":\"function\",\"path_on_host\":\"function.ext4\",\"is_root_device\":false,\"is_read_only\":true}".
2026-09-17T17:10:17.616140887 [anonymous-instance:fc_api:INFO] The request was executed successfully. Status code: 204 No Content.
2026-09-17T17:10:17.624919752 [anonymous-instance:fc_api:INFO] The API server received a Put request on "/drives/scratch" with body "{\"drive_id\":\"scratch\",\"path_on_host\":\"scratch.ext4\",\"is_root_device\":false,\"is_read_only\":false}".
2026-09-17T17:10:17.624999164 [anonymous-instance:fc_api:INFO] The request was executed successfully. Status code: 204 No Content.
2026-09-17T17:10:17.633649973 [anonymous-instance:fc_api:INFO] The API server received a Put request on "/vsock" with body "{\"guest_cid\":3,\"uds_path\":\"v.sock\"}".
2026-09-17T17:10:17.633825710 [anonymous-instance:fc_api:INFO] The request was executed successfully. Status code: 204 No Content.
2026-09-17T17:10:17.642506618 [anonymous-instance:fc_api:INFO] The API server received a Put request on "/actions" with body "{\"action_type\":\"InstanceStart\"}".
2026-09-17T17:10:17.648812699 [anonymous-instance:main:WARN] Could not read the coherency line size, size, number of sets for cache level 1.
2026-09-17T17:10:17.648870845 [anonymous-instance:main:WARN] Could not read the coherency line size, size, number of sets for cache level 1.
2026-09-17T17:10:17.649012673 [anonymous-instance:main:INFO] Artificially kick devices
2026-09-17T17:10:17.649092462 [anonymous-instance:fc_vcpu 0:WARN] Received a VcpuEvent::Resume message with immediate_exit enabled. immediate_exit was disabled before proceeding
2026-09-17T17:10:17.649155506 [anonymous-instance:fc_api:INFO] The request was executed successfully. Status code: 204 No Content.
2026-09-17T17:10:19.374949198 [anonymous-instance:fc_vcpu 0:INFO] [Block:rootfs] notifying queues
2026-09-17T17:10:19.423548009 [anonymous-instance:fc_vcpu 0:INFO] [Block:function] notifying queues
2026-09-17T17:10:19.459787881 [anonymous-instance:fc_vcpu 0:INFO] [Block:scratch] notifying queues
2026-09-17T17:10:19.752100689 [anonymous-instance:fc_vcpu 0:INFO] [Vsock:vsock] notifying queues
2026-09-17T17:10:21.422699594 [anonymous-instance:fc_api:INFO] The API server received a Patch request on "/vm" with body "{\"state\":\"Paused\"}".
2026-09-17T17:10:21.422987814 [anonymous-instance:main:INFO] 'pause vm' VMM action took 196 us.
2026-09-17T17:10:21.423047844 [anonymous-instance:fc_api:INFO] The request was executed successfully. Status code: 204 No Content.
2026-09-17T17:10:21.423077649 [anonymous-instance:fc_api:INFO] 'pause vm' API request took 384 us.
2026-09-17T17:10:21.437576277 [anonymous-instance:fc_api:INFO] The API server received a Put request on "/snapshot/create" with body "{\"snapshot_type\":\"Full\",\"snapshot_path\":\"../snap/vmstate\",\"mem_file_path\":\"../snap/mem\"}".
2026-09-17T17:10:21.727622011 [anonymous-instance:main:INFO] 'create full snapshot' VMM action took 289995 us.
2026-09-17T17:10:21.727677269 [anonymous-instance:fc_api:INFO] The request was executed successfully. Status code: 204 No Content.
2026-09-17T17:10:21.727684720 [anonymous-instance:fc_api:INFO] 'create full snapshot' API request took 290112 us.
2026-09-17T17:10:25.007026675 [anonymous-instance:fc_api:INFO] The API server received a Patch request on "/vm" with body "{\"state\":\"Resumed\"}".
2026-09-17T17:10:25.007076784 [anonymous-instance:main:INFO] Artificially kick devices
2026-09-17T17:10:25.007087207 [anonymous-instance:main:INFO] [Block:rootfs] notifying queues
2026-09-17T17:10:25.007093361 [anonymous-instance:main:INFO] [Block:function] notifying queues
2026-09-17T17:10:25.007098468 [anonymous-instance:main:INFO] [Vsock:vsock] signaling event queue
2026-09-17T17:10:25.007105878 [anonymous-instance:main:INFO] [Vsock:vsock] notifying tx queue
2026-09-17T17:10:25.007110189 [anonymous-instance:main:INFO] [Block:scratch] notifying queues
2026-09-17T17:10:25.007146986 [anonymous-instance:fc_vcpu 0:WARN] Received a VcpuEvent::Resume message with immediate_exit enabled. immediate_exit was disabled before proceeding
2026-09-17T17:10:25.007182694 [anonymous-instance:main:INFO] 'resume vm' VMM action took 106 us.
2026-09-17T17:10:25.007195881 [anonymous-instance:main:WARN] Got a spurious notification from api thread
2026-09-17T17:10:25.007222672 [anonymous-instance:main:WARN] Got a spurious notification from api thread
2026-09-17T17:10:25.007229622 [anonymous-instance:fc_api:INFO] The request was executed successfully. Status code: 204 No Content.
2026-09-17T17:10:25.007238496 [anonymous-instance:fc_api:INFO] 'resume vm' API request took 216 us.
