
===== a start (failpoints: none) 11:32:20 =====
{"timestamp":"2026-09-17T11:32:20.176129Z","level":"INFO","message":"configuration loaded","config":"/private/var/folders/z7/khzdjrt95cg_fcmcnh4j1b5h0000gn/T/tsls-chaos.OzX7pC/gw-a.toml","target":"tachyon_serverless_gateway"}
{"timestamp":"2026-09-17T11:32:20.178807Z","level":"INFO","message":"connected successfully","server":"54517","max_payload":"1048576","target":"async_nats::connector"}
{"timestamp":"2026-09-17T11:32:20.178964Z","level":"INFO","message":"event: connected","target":"async_nats"}
{"timestamp":"2026-09-17T11:32:20.211957Z","level":"INFO","message":"JetStream queue connected and stream bootstrapped","url":"nats://127.0.0.1:54517","stream":"TACHYON_EVENTS","target":"tachyon_serverless_gateway::durable"}
{"timestamp":"2026-09-17T11:32:20.223331Z","level":"INFO","message":"state store opened","path":"/private/var/folders/z7/khzdjrt95cg_fcmcnh4j1b5h0000gn/T/tsls-chaos.OzX7pC/data/state.db","schema_version":8,"migrations_applied":"[1, 2, 3, 4, 5, 6, 7, 8]","imported_state_json":"None","settled_invocations":0,"settled_attempts":0,"settled_environments":0,"released_leases":0,"dropped_idempotency_keys":0,"purged_idempotency_keys":0,"outputs_purged":0,"target":"tachyon_serverless_application::app"}
{"timestamp":"2026-09-17T11:32:20.223729Z","level":"INFO","message":"dispatcher registered","dispatcher_id":"dsp_01m2qj75kzc8dvfkjmcz70v1b1","instance":"chaos-a","pid":52636,"lease_ttl_seconds":6,"target":"tachyon_serverless_application::services::dispatcher"}
{"timestamp":"2026-09-17T11:32:20.227584Z","level":"INFO","message":"application bootstrapped","profile":"dev","provider":"process","dev_only":true,"environment_reuse":false,"reuse_verified":false,"reuse_reason":"[pool] enabled is false","reuse_disabled":"Some(Configuration)","idle_quiesce":"unsupported","idle_resume":"unsupported","data_dir":"/private/var/folders/z7/khzdjrt95cg_fcmcnh4j1b5h0000gn/T/tsls-chaos.OzX7pC/data","store":"sqlite","dispatcher_id":"dsp_01m2qj75kzc8dvfkjmcz70v1b1","node":"local","node_region":"none","node_memory_mib":"None","max_concurrency":8,"queue":"nats","objects":"filesystem","invoke_async":true,"triggers":true,"target":"tachyon_serverless_application::app"}
{"timestamp":"2026-09-17T11:32:20.227870Z","level":"INFO","message":"startup reconcile finished","provider":"process","found":0,"adopted":0,"terminated":0,"disowned":0,"failed":0,"lost":0,"foreign":0,"reclaimed_dispatchers":0,"fenced_terminated":0,"fenced_pending":0,"target":"tachyon_serverless_application::services::reconcile"}
{"timestamp":"2026-09-17T11:32:20.227983Z","level":"INFO","message":"gateway listening","addr":"127.0.0.1:54521","profile":"dev","provider":"process","target":"tachyon_serverless_gateway"}
{"timestamp":"2026-09-17T11:32:20.229937Z","level":"INFO","message":"asynchronous dispatcher started","workers":2,"owner":"dsp_01m2qj75kzc8dvfkjmcz70v1b1","target":"tachyon_serverless_gateway"}
{"timestamp":"2026-09-17T11:32:21.324921Z","level":"INFO","message":"revision ready","revision_id":"rev_01m2qj76d07k77yvc1zyzdjg46","function_id":"fn_01m2qj75waj81n58pzh0cg1zzb","target":"tachyon_serverless_application::services::revision"}
{"timestamp":"2026-09-17T11:32:22.500077Z","level":"INFO","message":"revision ready","revision_id":"rev_01m2qj77g2zeefd6dj5ajjk6gy","function_id":"fn_01m2qj76s653hdrg6sjsd7xp80","target":"tachyon_serverless_application::services::revision"}
{"timestamp":"2026-09-17T11:32:23.584288Z","level":"INFO","message":"revision ready","revision_id":"rev_01m2qj78jeqkd1jrzgjb90e86j","function_id":"fn_01m2qj77x849mjrvqez3k7tnh7","target":"tachyon_serverless_application::services::revision"}
{"timestamp":"2026-09-17T11:32:23.661881Z","level":"INFO","message":"trigger created","trigger_id":"trg_01m2qj78zdxvge2zdke6ebgahc","function_id":"fn_01m2qj76s653hdrg6sjsd7xp80","kind":"cron","enabled":true,"next_fire_at":"Some(2026-09-17T11:32:24Z)","target":"tachyon_serverless_application::services::triggers"}
{"timestamp":"2026-09-17T11:32:23.684216Z","level":"INFO","message":"trigger created","trigger_id":"trg_01m2qj79037zfsxrwzfcbkvyt2","function_id":"fn_01m2qj76s653hdrg6sjsd7xp80","kind":"webhook","enabled":true,"next_fire_at":"None","target":"tachyon_serverless_application::services::triggers"}
{"timestamp":"2026-09-17T11:32:24.002890Z","level":"INFO","message":"asynchronous invocation accepted","invocation_id":"inv_01m2qj79a1781zq1e699t3vfa6","tenant_id":"tn_01hzzzzzzzzzzzzzzzzzzzzzza","revision_id":"rev_01m2qj77g2zeefd6dj5ajjk6gy","input_bytes":180,"input_storage":"inline","target":"tachyon_serverless_application::services::invoke_async"}
{"timestamp":"2026-09-17T11:32:24.002968Z","level":"INFO","message":"cron trigger fired","trigger_id":"trg_01m2qj78zdxvge2zdke6ebgahc","scheduled_at":"2026-09-17T11:32:24Z","invocation_id":"inv_01m2qj79a1781zq1e699t3vfa6","revision_id":"rev_01m2qj77g2zeefd6dj5ajjk6gy","replayed":false,"target":"tachyon_serverless_application::services::triggers"}
{"timestamp":"2026-09-17T11:32:24.014100Z","level":"INFO","message":"asynchronous run claimed","invocation_id":"inv_01m2qj79a1781zq1e699t3vfa6","attempt":1,"generation":0,"delivery_count":1,"target":"tachyon_serverless_application::services::invoke_async::dispatch"}
{"timestamp":"2026-09-17T11:32:24.023300Z","level":"INFO","message":"bridge spawned","environment_id":"env_01m2qj791e2ggbx8e2hy9h504z","pid":52978,"target":"tachyon_serverless_provider_process"}
{"timestamp":"2026-09-17T11:32:24.310676Z","level":"INFO","message":"bridge spawned","environment_id":"env_01m2qj79ae0xwrzfms6sdnwgtn","pid":52981,"target":"tachyon_serverless_provider_process"}
{"timestamp":"2026-09-17T11:32:24.354314Z","level":"INFO","message":"invocation finished","invocation_id":"inv_01m2qj79a1781zq1e699t3vfa6","status":"succeeded (async run)","handler_ms":2,"environment_boot_ms":7,"runtime_init_ms":32,"target":"tachyon_serverless_application::services::invoke"}
{"timestamp":"2026-09-17T11:32:24.355087Z","level":"INFO","message":"invocation finished","invocation_id":"inv_01m2qj791dnqb00nxg4rrzg9p2","status":"succeeded","handler_ms":0,"environment_boot_ms":8,"runtime_init_ms":321,"target":"tachyon_serverless_application::services::invoke"}
{"timestamp":"2026-09-17T11:32:24.356145Z","level":"INFO","message":"terminating bridge","environment_id":"env_01m2qj79ae0xwrzfms6sdnwgtn","pid":52981,"reason":"Completed","graceful":true,"target":"tachyon_serverless_provider_process"}
{"timestamp":"2026-09-17T11:32:24.357404Z","level":"INFO","message":"terminating bridge","environment_id":"env_01m2qj791e2ggbx8e2hy9h504z","pid":52978,"reason":"Completed","graceful":true,"target":"tachyon_serverless_provider_process"}
{"timestamp":"2026-09-17T11:32:24.360943Z","level":"INFO","message":"asynchronous invocation settled","invocation_id":"inv_01m2qj79a1781zq1e699t3vfa6","status":"succeeded","target":"tachyon_serverless_application::services::invoke_async::dispatch"}
{"timestamp":"2026-09-17T11:32:24.367985Z","level":"INFO","message":"async dispatch: delivery handled","message_id":"inv_01m2qj79a1781zq1e699t3vfa6","sequence":1,"delivery_count":1,"outcome":"Completed { status: \"succeeded\" }","target":"tachyon_serverless_application::services::invoke_async::dispatch"}
{"timestamp":"2026-09-17T11:32:24.461688Z","level":"INFO","message":"asynchronous invocation accepted","invocation_id":"inv_01m2qj79rc4ahye1qvseavqzvd","tenant_id":"tn_01hzzzzzzzzzzzzzzzzzzzzzza","revision_id":"rev_01m2qj76d07k77yvc1zyzdjg46","input_bytes":47,"input_storage":"inline","target":"tachyon_serverless_application::services::invoke_async"}
{"timestamp":"2026-09-17T11:32:24.469345Z","level":"INFO","message":"asynchronous run claimed","invocation_id":"inv_01m2qj79rc4ahye1qvseavqzvd","attempt":1,"generation":0,"delivery_count":1,"target":"tachyon_serverless_application::services::invoke_async::dispatch"}
{"timestamp":"2026-09-17T11:32:24.576892Z","level":"INFO","message":"asynchronous invocation accepted","invocation_id":"inv_01m2qj79vfyg27gv1fahv3yf30","tenant_id":"tn_01hzzzzzzzzzzzzzzzzzzzzzza","revision_id":"rev_01m2qj76d07k77yvc1zyzdjg46","input_bytes":4127,"input_storage":"object","target":"tachyon_serverless_application::services::invoke_async"}
{"timestamp":"2026-09-17T11:32:24.586017Z","level":"INFO","message":"asynchronous run claimed","invocation_id":"inv_01m2qj79vfyg27gv1fahv3yf30","attempt":1,"generation":0,"delivery_count":1,"target":"tachyon_serverless_application::services::invoke_async::dispatch"}
{"timestamp":"2026-09-17T11:32:24.633401Z","level":"INFO","message":"asynchronous invocation accepted","invocation_id":"inv_01m2qj79xrzvqk7cm0r92582kk","tenant_id":"tn_01hzzzzzzzzzzzzzzzzzzzzzza","revision_id":"rev_01m2qj77g2zeefd6dj5ajjk6gy","input_bytes":189,"input_storage":"inline","target":"tachyon_serverless_application::services::invoke_async"}
{"timestamp":"2026-09-17T11:32:24.633476Z","level":"INFO","message":"webhook trigger fired","trigger_id":"trg_01m2qj79037zfsxrwzfcbkvyt2","event_id":"evt-pre-w1","invocation_id":"inv_01m2qj79xrzvqk7cm0r92582kk","revision_id":"rev_01m2qj77g2zeefd6dj5ajjk6gy","replayed":false,"target":"tachyon_serverless_application::services::triggers"}
{"timestamp":"2026-09-17T11:32:24.783299Z","level":"INFO","message":"bridge spawned","environment_id":"env_01m2qj79rnnv9mmhp2w4cpgdj6","pid":53055,"target":"tachyon_serverless_provider_process"}
{"timestamp":"2026-09-17T11:32:24.925279Z","level":"INFO","message":"bridge spawned","environment_id":"env_01m2qj79wchyem6pz1e4xd4djn","pid":53057,"target":"tachyon_serverless_provider_process"}
{"timestamp":"2026-09-17T11:32:25.006645Z","level":"INFO","message":"bridge spawned","environment_id":"env_01m2qj79ysym5bnthfdzc1p440","pid":53061,"target":"tachyon_serverless_provider_process"}
{"timestamp":"2026-09-17T11:32:25.028835Z","level":"INFO","message":"invocation finished","invocation_id":"inv_01m2qj79yrzqh7r1wpg2hd6vws","status":"succeeded","handler_ms":0,"environment_boot_ms":8,"runtime_init_ms":10,"target":"tachyon_serverless_application::services::invoke"}
{"timestamp":"2026-09-17T11:32:25.029498Z","level":"INFO","message":"terminating bridge","environment_id":"env_01m2qj79ysym5bnthfdzc1p440","pid":53061,"reason":"Completed","graceful":true,"target":"tachyon_serverless_provider_process"}
{"timestamp":"2026-09-17T11:32:25.145939Z","level":"INFO","message":"asynchronous invocation accepted","invocation_id":"inv_01m2qj7adrxq2ae0k5ksw1fczd","tenant_id":"tn_01hzzzzzzzzzzzzzzzzzzzzzza","revision_id":"rev_01m2qj76d07k77yvc1zyzdjg46","input_bytes":47,"input_storage":"inline","target":"tachyon_serverless_application::services::invoke_async"}
{"timestamp":"2026-09-17T11:32:25.170245Z","level":"INFO","message":"invocation finished","invocation_id":"inv_01m2qj79vfyg27gv1fahv3yf30","status":"succeeded (async run)","handler_ms":3,"environment_boot_ms":8,"runtime_init_ms":230,"target":"tachyon_serverless_application::services::invoke"}
{"timestamp":"2026-09-17T11:32:25.171458Z","level":"INFO","message":"invocation finished","invocation_id":"inv_01m2qj79rc4ahye1qvseavqzvd","status":"succeeded (async run)","handler_ms":3,"environment_boot_ms":8,"runtime_init_ms":373,"target":"tachyon_serverless_application::services::invoke"}
{"timestamp":"2026-09-17T11:32:25.172064Z","level":"INFO","message":"terminating bridge","environment_id":"env_01m2qj79wchyem6pz1e4xd4djn","pid":53057,"reason":"Completed","graceful":true,"target":"tachyon_serverless_provider_process"}
{"timestamp":"2026-09-17T11:32:25.173487Z","level":"INFO","message":"terminating bridge","environment_id":"env_01m2qj79rnnv9mmhp2w4cpgdj6","pid":53055,"reason":"Completed","graceful":true,"target":"tachyon_serverless_provider_process"}
{"timestamp":"2026-09-17T11:32:25.178700Z","level":"INFO","message":"asynchronous invocation settled","invocation_id":"inv_01m2qj79vfyg27gv1fahv3yf30","status":"succeeded","target":"tachyon_serverless_application::services::invoke_async::dispatch"}
{"timestamp":"2026-09-17T11:32:25.179697Z","level":"INFO","message":"asynchronous invocation settled","invocation_id":"inv_01m2qj79rc4ahye1qvseavqzvd","status":"succeeded","target":"tachyon_serverless_application::services::invoke_async::dispatch"}
{"timestamp":"2026-09-17T11:32:25.184147Z","level":"INFO","message":"async dispatch: delivery handled","message_id":"inv_01m2qj79vfyg27gv1fahv3yf30","sequence":3,"delivery_count":1,"outcome":"Completed { status: \"succeeded\" }","target":"tachyon_serverless_application::services::invoke_async::dispatch"}
{"timestamp":"2026-09-17T11:32:25.192145Z","level":"INFO","message":"async dispatch: delivery handled","message_id":"inv_01m2qj79rc4ahye1qvseavqzvd","sequence":2,"delivery_count":1,"outcome":"Completed { status: \"succeeded\" }","target":"tachyon_serverless_application::services::invoke_async::dispatch"}
{"timestamp":"2026-09-17T11:32:25.192764Z","level":"INFO","message":"asynchronous run claimed","invocation_id":"inv_01m2qj79xrzvqk7cm0r92582kk","attempt":1,"generation":0,"delivery_count":1,"target":"tachyon_serverless_application::services::invoke_async::dispatch"}
{"timestamp":"2026-09-17T11:32:25.193242Z","level":"INFO","message":"asynchronous run claimed","invocation_id":"inv_01m2qj7adrxq2ae0k5ksw1fczd","attempt":1,"generation":0,"delivery_count":1,"target":"tachyon_serverless_application::services::invoke_async::dispatch"}
{"timestamp":"2026-09-17T11:32:25.278060Z","level":"INFO","message":"asynchronous invocation accepted","invocation_id":"inv_01m2qj7ahd2qk8qfsq4mecdxzk","tenant_id":"tn_01hzzzzzzzzzzzzzzzzzzzzzza","revision_id":"rev_01m2qj76d07k77yvc1zyzdjg46","input_bytes":4127,"input_storage":"object","target":"tachyon_serverless_application::services::invoke_async"}
{"timestamp":"2026-09-17T11:32:25.343162Z","level":"INFO","message":"asynchronous invocation accepted","invocation_id":"inv_01m2qj7akxhz8a1qmbzrcphzpg","tenant_id":"tn_01hzzzzzzzzzzzzzzzzzzzzzza","revision_id":"rev_01m2qj77g2zeefd6dj5ajjk6gy","input_bytes":189,"input_storage":"inline","target":"tachyon_serverless_application::services::invoke_async"}
{"timestamp":"2026-09-17T11:32:25.343239Z","level":"INFO","message":"webhook trigger fired","trigger_id":"trg_01m2qj79037zfsxrwzfcbkvyt2","event_id":"evt-pre-w2","invocation_id":"inv_01m2qj7akxhz8a1qmbzrcphzpg","revision_id":"rev_01m2qj77g2zeefd6dj5ajjk6gy","replayed":false,"target":"tachyon_serverless_application::services::triggers"}
{"timestamp":"2026-09-17T11:32:25.388486Z","level":"INFO","message":"trigger updated","trigger_id":"trg_01m2qj78zdxvge2zdke6ebgahc","generation":2,"status":"disabled","next_fire_at":"None","rotated_secret":false,"target":"tachyon_serverless_application::services::triggers"}
{"timestamp":"2026-09-17T11:32:25.550155Z","level":"INFO","message":"bridge spawned","environment_id":"env_01m2qj7af9p5yyxe4k3td2tyck","pid":53138,"target":"tachyon_serverless_provider_process"}
{"timestamp":"2026-09-17T11:32:25.557893Z","level":"INFO","message":"bridge spawned","environment_id":"env_01m2qj7af90hvs1208ems136k4","pid":53139,"target":"tachyon_serverless_provider_process"}
{"timestamp":"2026-09-17T11:32:25.571662Z","level":"INFO","message":"invocation finished","invocation_id":"inv_01m2qj79xrzvqk7cm0r92582kk","status":"succeeded (async run)","handler_ms":1,"environment_boot_ms":8,"runtime_init_ms":10,"target":"tachyon_serverless_application::services::invoke"}
{"timestamp":"2026-09-17T11:32:25.573587Z","level":"INFO","message":"terminating bridge","environment_id":"env_01m2qj7af9p5yyxe4k3td2tyck","pid":53138,"reason":"Completed","graceful":true,"target":"tachyon_serverless_provider_process"}
{"timestamp":"2026-09-17T11:32:25.580937Z","level":"INFO","message":"asynchronous invocation settled","invocation_id":"inv_01m2qj79xrzvqk7cm0r92582kk","status":"succeeded","target":"tachyon_serverless_application::services::invoke_async::dispatch"}
{"timestamp":"2026-09-17T11:32:25.581893Z","level":"INFO","message":"invocation finished","invocation_id":"inv_01m2qj7adrxq2ae0k5ksw1fczd","status":"succeeded (async run)","handler_ms":4,"environment_boot_ms":8,"runtime_init_ms":10,"target":"tachyon_serverless_application::services::invoke"}
{"timestamp":"2026-09-17T11:32:25.586372Z","level":"INFO","message":"async dispatch: delivery handled","message_id":"inv_01m2qj79xrzvqk7cm0r92582kk","sequence":4,"delivery_count":1,"outcome":"Completed { status: \"succeeded\" }","target":"tachyon_serverless_application::services::invoke_async::dispatch"}
{"timestamp":"2026-09-17T11:32:25.586821Z","level":"INFO","message":"terminating bridge","environment_id":"env_01m2qj7af90hvs1208ems136k4","pid":53139,"reason":"Completed","graceful":true,"target":"tachyon_serverless_provider_process"}
{"timestamp":"2026-09-17T11:32:25.591021Z","level":"INFO","message":"asynchronous run claimed","invocation_id":"inv_01m2qj7ahd2qk8qfsq4mecdxzk","attempt":1,"generation":0,"delivery_count":1,"target":"tachyon_serverless_application::services::invoke_async::dispatch"}
{"timestamp":"2026-09-17T11:32:25.596516Z","level":"INFO","message":"asynchronous invocation settled","invocation_id":"inv_01m2qj7adrxq2ae0k5ksw1fczd","status":"succeeded","target":"tachyon_serverless_application::services::invoke_async::dispatch"}
{"timestamp":"2026-09-17T11:32:25.602187Z","level":"INFO","message":"async dispatch: delivery handled","message_id":"inv_01m2qj7adrxq2ae0k5ksw1fczd","sequence":5,"delivery_count":1,"outcome":"Completed { status: \"succeeded\" }","target":"tachyon_serverless_application::services::invoke_async::dispatch"}
{"timestamp":"2026-09-17T11:32:25.603024Z","level":"INFO","message":"asynchronous run claimed","invocation_id":"inv_01m2qj7akxhz8a1qmbzrcphzpg","attempt":1,"generation":0,"delivery_count":1,"target":"tachyon_serverless_application::services::invoke_async::dispatch"}
{"timestamp":"2026-09-17T11:32:25.956760Z","level":"INFO","message":"bridge spawned","environment_id":"env_01m2qj7aw3abbp64d1gfb8sx7b","pid":53142,"target":"tachyon_serverless_provider_process"}
{"timestamp":"2026-09-17T11:32:25.956761Z","level":"INFO","message":"bridge spawned","environment_id":"env_01m2qj7avt47064q35e9zndfkj","pid":53143,"target":"tachyon_serverless_provider_process"}
{"timestamp":"2026-09-17T11:32:25.979339Z","level":"INFO","message":"invocation finished","invocation_id":"inv_01m2qj7akxhz8a1qmbzrcphzpg","status":"succeeded (async run)","handler_ms":1,"environment_boot_ms":9,"runtime_init_ms":10,"target":"tachyon_serverless_application::services::invoke"}
{"timestamp":"2026-09-17T11:32:25.980706Z","level":"INFO","message":"terminating bridge","environment_id":"env_01m2qj7aw3abbp64d1gfb8sx7b","pid":53142,"reason":"Completed","graceful":true,"target":"tachyon_serverless_provider_process"}
{"timestamp":"2026-09-17T11:32:25.983454Z","level":"INFO","message":"invocation finished","invocation_id":"inv_01m2qj7ahd2qk8qfsq4mecdxzk","status":"succeeded (async run)","handler_ms":2,"environment_boot_ms":8,"runtime_init_ms":13,"target":"tachyon_serverless_application::services::invoke"}
{"timestamp":"2026-09-17T11:32:25.986983Z","level":"INFO","message":"asynchronous invocation settled","invocation_id":"inv_01m2qj7akxhz8a1qmbzrcphzpg","status":"succeeded","target":"tachyon_serverless_application::services::invoke_async::dispatch"}
{"timestamp":"2026-09-17T11:32:25.987208Z","level":"INFO","message":"terminating bridge","environment_id":"env_01m2qj7avt47064q35e9zndfkj","pid":53143,"reason":"Completed","graceful":true,"target":"tachyon_serverless_provider_process"}
{"timestamp":"2026-09-17T11:32:25.996056Z","level":"INFO","message":"async dispatch: delivery handled","message_id":"inv_01m2qj7akxhz8a1qmbzrcphzpg","sequence":7,"delivery_count":1,"outcome":"Completed { status: \"succeeded\" }","target":"tachyon_serverless_application::services::invoke_async::dispatch"}
{"timestamp":"2026-09-17T11:32:26.003184Z","level":"INFO","message":"asynchronous invocation settled","invocation_id":"inv_01m2qj7ahd2qk8qfsq4mecdxzk","status":"succeeded","target":"tachyon_serverless_application::services::invoke_async::dispatch"}
{"timestamp":"2026-09-17T11:32:26.008118Z","level":"INFO","message":"async dispatch: delivery handled","message_id":"inv_01m2qj7ahd2qk8qfsq4mecdxzk","sequence":6,"delivery_count":1,"outcome":"Completed { status: \"succeeded\" }","target":"tachyon_serverless_application::services::invoke_async::dispatch"}
{"timestamp":"2026-09-17T11:32:26.451091Z","level":"INFO","message":"SIGTERM received","target":"tachyon_serverless_gateway"}
{"timestamp":"2026-09-17T11:32:26.451146Z","level":"INFO","message":"shutdown requested; cancelling in-flight invocations","target":"tachyon_serverless_gateway"}
{"timestamp":"2026-09-17T11:32:26.451537Z","level":"INFO","message":"final usage collection","report":"CollectReport { batches: 0, read: 0, inserted: 0, duplicates: 0, cursor_seq: 45 }","target":"tachyon_serverless_gateway"}
{"timestamp":"2026-09-17T11:32:26.453090Z","level":"INFO","message":"gateway stopped","target":"tachyon_serverless_gateway"}
{"timestamp":"2026-09-17T11:32:26.453246Z","level":"INFO","message":"event: closed","target":"async_nats"}

===== a start (failpoints: dispatch.before_commit=kill) 11:32:26 =====
{"timestamp":"2026-09-17T11:32:26.594957Z","level":"INFO","message":"configuration loaded","config":"/private/var/folders/z7/khzdjrt95cg_fcmcnh4j1b5h0000gn/T/tsls-chaos.OzX7pC/gw-a.toml","target":"tachyon_serverless_gateway"}
{"timestamp":"2026-09-17T11:32:26.597357Z","level":"INFO","message":"connected successfully","server":"54517","max_payload":"1048576","target":"async_nats::connector"}
{"timestamp":"2026-09-17T11:32:26.597516Z","level":"INFO","message":"event: connected","target":"async_nats"}
{"timestamp":"2026-09-17T11:32:26.611129Z","level":"INFO","message":"JetStream queue connected and stream bootstrapped","url":"nats://127.0.0.1:54517","stream":"TACHYON_EVENTS","target":"tachyon_serverless_gateway::durable"}
{"timestamp":"2026-09-17T11:32:26.614782Z","level":"INFO","message":"state store opened","path":"/private/var/folders/z7/khzdjrt95cg_fcmcnh4j1b5h0000gn/T/tsls-chaos.OzX7pC/data/state.db","schema_version":8,"migrations_applied":"[]","imported_state_json":"None","settled_invocations":0,"settled_attempts":0,"settled_environments":0,"released_leases":0,"dropped_idempotency_keys":0,"purged_idempotency_keys":0,"outputs_purged":0,"target":"tachyon_serverless_application::app"}
{"timestamp":"2026-09-17T11:32:26.615331Z","level":"INFO","message":"dispatcher registered","dispatcher_id":"dsp_01m2qj7bvprtcjc2xh5pf4g1e4","instance":"chaos-a","pid":53158,"lease_ttl_seconds":6,"target":"tachyon_serverless_application::services::dispatcher"}
{"timestamp":"2026-09-17T11:32:26.615850Z","level":"WARN","message":"reclaimed the work of dispatchers that lost their lease","dispatcher_id":"dsp_01m2qj7bvprtcjc2xh5pf4g1e4","reclaimed_dispatchers":"[DispatcherId(dsp_01m2qj75kzc8dvfkjmcz70v1b1)]","leases":0,"invocations":0,"attempts":0,"fenced":0,"target":"tachyon_serverless_application::services::dispatcher"}
{"timestamp":"2026-09-17T11:32:26.617245Z","level":"WARN","message":"failpoint armed from TSLS_FAILPOINTS","name":"dispatch.before_commit","action":"Kill","count":"None","target":"tachyon_serverless_application::failpoints"}
{"timestamp":"2026-09-17T11:32:26.617366Z","level":"INFO","message":"application bootstrapped","profile":"dev","provider":"process","dev_only":true,"environment_reuse":false,"reuse_verified":false,"reuse_reason":"[pool] enabled is false","reuse_disabled":"Some(Configuration)","idle_quiesce":"unsupported","idle_resume":"unsupported","data_dir":"/private/var/folders/z7/khzdjrt95cg_fcmcnh4j1b5h0000gn/T/tsls-chaos.OzX7pC/data","store":"sqlite","dispatcher_id":"dsp_01m2qj7bvprtcjc2xh5pf4g1e4","node":"local","node_region":"none","node_memory_mib":"None","max_concurrency":8,"queue":"nats","objects":"filesystem","invoke_async":true,"triggers":true,"target":"tachyon_serverless_application::app"}
{"timestamp":"2026-09-17T11:32:26.617796Z","level":"INFO","message":"startup reconcile finished","provider":"process","found":0,"adopted":0,"terminated":0,"disowned":0,"failed":0,"lost":0,"foreign":0,"reclaimed_dispatchers":0,"fenced_terminated":0,"fenced_pending":0,"target":"tachyon_serverless_application::services::reconcile"}
{"timestamp":"2026-09-17T11:32:26.617901Z","level":"INFO","message":"gateway listening","addr":"127.0.0.1:54521","profile":"dev","provider":"process","target":"tachyon_serverless_gateway"}
{"timestamp":"2026-09-17T11:32:26.619737Z","level":"INFO","message":"asynchronous dispatcher started","workers":2,"owner":"dsp_01m2qj7bvprtcjc2xh5pf4g1e4","target":"tachyon_serverless_gateway"}
{"timestamp":"2026-09-17T11:32:26.961763Z","level":"INFO","message":"asynchronous invocation accepted","invocation_id":"inv_01m2qj7c5z4kdka6d8wkxnqt12","tenant_id":"tn_01hzzzzzzzzzzzzzzzzzzzzzza","revision_id":"rev_01m2qj76d07k77yvc1zyzdjg46","input_bytes":4163,"input_storage":"object","target":"tachyon_serverless_application::services::invoke_async"}
{"timestamp":"2026-09-17T11:32:26.971750Z","level":"INFO","message":"asynchronous run claimed","invocation_id":"inv_01m2qj7c5z4kdka6d8wkxnqt12","attempt":1,"generation":0,"delivery_count":1,"target":"tachyon_serverless_application::services::invoke_async::dispatch"}
{"timestamp":"2026-09-17T11:32:27.230105Z","level":"INFO","message":"bridge spawned","environment_id":"env_01m2qj7c6ygbpbwpfdd8051866","pid":53194,"target":"tachyon_serverless_provider_process"}
{"timestamp":"2026-09-17T11:32:27.552075Z","level":"INFO","message":"invocation finished","invocation_id":"inv_01m2qj7c5z4kdka6d8wkxnqt12","status":"succeeded (async run)","handler_ms":305,"environment_boot_ms":6,"runtime_init_ms":8,"target":"tachyon_serverless_application::services::invoke"}
{"timestamp":"2026-09-17T11:32:27.553974Z","level":"INFO","message":"terminating bridge","environment_id":"env_01m2qj7c6ygbpbwpfdd8051866","pid":53194,"reason":"Completed","graceful":true,"target":"tachyon_serverless_provider_process"}
{"timestamp":"2026-09-17T11:32:27.557797Z","level":"ERROR","message":"failpoint fired: SIGKILL","name":"dispatch.before_commit","target":"tachyon_serverless_application::failpoints"}

===== a start (failpoints: none) 11:32:27 =====
{"timestamp":"2026-09-17T11:32:27.934908Z","level":"INFO","message":"configuration loaded","config":"/private/var/folders/z7/khzdjrt95cg_fcmcnh4j1b5h0000gn/T/tsls-chaos.OzX7pC/gw-a.toml","target":"tachyon_serverless_gateway"}
{"timestamp":"2026-09-17T11:32:27.937301Z","level":"INFO","message":"connected successfully","server":"54517","max_payload":"1048576","target":"async_nats::connector"}
{"timestamp":"2026-09-17T11:32:27.937516Z","level":"INFO","message":"event: connected","target":"async_nats"}
{"timestamp":"2026-09-17T11:32:27.948973Z","level":"INFO","message":"JetStream queue connected and stream bootstrapped","url":"nats://127.0.0.1:54517","stream":"TACHYON_EVENTS","target":"tachyon_serverless_gateway::durable"}
{"timestamp":"2026-09-17T11:32:27.951465Z","level":"INFO","message":"state store opened","path":"/private/var/folders/z7/khzdjrt95cg_fcmcnh4j1b5h0000gn/T/tsls-chaos.OzX7pC/data/state.db","schema_version":8,"migrations_applied":"[]","imported_state_json":"None","settled_invocations":0,"settled_attempts":0,"settled_environments":0,"released_leases":0,"dropped_idempotency_keys":0,"purged_idempotency_keys":0,"outputs_purged":0,"target":"tachyon_serverless_application::app"}
{"timestamp":"2026-09-17T11:32:27.952027Z","level":"INFO","message":"dispatcher registered","dispatcher_id":"dsp_01m2qj7d5f7x28abafan9d6pjp","instance":"chaos-a","pid":53235,"lease_ttl_seconds":6,"target":"tachyon_serverless_application::services::dispatcher"}
{"timestamp":"2026-09-17T11:32:27.952632Z","level":"WARN","message":"reclaimed the work of dispatchers that lost their lease","dispatcher_id":"dsp_01m2qj7d5f7x28abafan9d6pjp","reclaimed_dispatchers":"[DispatcherId(dsp_01m2qj7bvprtcjc2xh5pf4g1e4)]","leases":0,"invocations":0,"attempts":0,"fenced":0,"target":"tachyon_serverless_application::services::dispatcher"}
{"timestamp":"2026-09-17T11:32:27.954602Z","level":"INFO","message":"application bootstrapped","profile":"dev","provider":"process","dev_only":true,"environment_reuse":false,"reuse_verified":false,"reuse_reason":"[pool] enabled is false","reuse_disabled":"Some(Configuration)","idle_quiesce":"unsupported","idle_resume":"unsupported","data_dir":"/private/var/folders/z7/khzdjrt95cg_fcmcnh4j1b5h0000gn/T/tsls-chaos.OzX7pC/data","store":"sqlite","dispatcher_id":"dsp_01m2qj7d5f7x28abafan9d6pjp","node":"local","node_region":"none","node_memory_mib":"None","max_concurrency":8,"queue":"nats","objects":"filesystem","invoke_async":true,"triggers":true,"target":"tachyon_serverless_application::app"}
{"timestamp":"2026-09-17T11:32:27.955138Z","level":"INFO","message":"startup reconcile finished","provider":"process","found":0,"adopted":0,"terminated":0,"disowned":0,"failed":0,"lost":0,"foreign":0,"reclaimed_dispatchers":0,"fenced_terminated":0,"fenced_pending":0,"target":"tachyon_serverless_application::services::reconcile"}
{"timestamp":"2026-09-17T11:32:27.955241Z","level":"INFO","message":"gateway listening","addr":"127.0.0.1:54521","profile":"dev","provider":"process","target":"tachyon_serverless_gateway"}
{"timestamp":"2026-09-17T11:32:27.957068Z","level":"INFO","message":"asynchronous dispatcher started","workers":2,"owner":"dsp_01m2qj7d5f7x28abafan9d6pjp","target":"tachyon_serverless_gateway"}
{"timestamp":"2026-09-17T11:32:30.974593Z","level":"INFO","message":"asynchronous run claimed","invocation_id":"inv_01m2qj7c5z4kdka6d8wkxnqt12","attempt":2,"generation":0,"delivery_count":2,"target":"tachyon_serverless_application::services::invoke_async::dispatch"}
{"timestamp":"2026-09-17T11:32:31.393602Z","level":"INFO","message":"bridge spawned","environment_id":"env_01m2qj7g45f7v37z4wyqqf12xp","pid":53277,"target":"tachyon_serverless_provider_process"}
{"timestamp":"2026-09-17T11:32:31.426013Z","level":"WARN","message":"cannot record the invocation as running","error":"illegal state transition for Invocation: running -> running","target":"tachyon_serverless_application::services::invoke"}
{"timestamp":"2026-09-17T11:32:31.737212Z","level":"INFO","message":"invocation finished","invocation_id":"inv_01m2qj7c5z4kdka6d8wkxnqt12","status":"succeeded (async run)","handler_ms":308,"environment_boot_ms":14,"runtime_init_ms":19,"target":"tachyon_serverless_application::services::invoke"}
{"timestamp":"2026-09-17T11:32:31.739631Z","level":"INFO","message":"terminating bridge","environment_id":"env_01m2qj7g45f7v37z4wyqqf12xp","pid":53277,"reason":"Completed","graceful":true,"target":"tachyon_serverless_provider_process"}
{"timestamp":"2026-09-17T11:32:31.750634Z","level":"INFO","message":"asynchronous invocation settled","invocation_id":"inv_01m2qj7c5z4kdka6d8wkxnqt12","status":"succeeded","target":"tachyon_serverless_application::services::invoke_async::dispatch"}
{"timestamp":"2026-09-17T11:32:31.763270Z","level":"INFO","message":"async dispatch: delivery handled","message_id":"inv_01m2qj7c5z4kdka6d8wkxnqt12","sequence":8,"delivery_count":2,"outcome":"Completed { status: \"succeeded\" }","target":"tachyon_serverless_application::services::invoke_async::dispatch"}
{"timestamp":"2026-09-17T11:32:31.965722Z","level":"INFO","message":"object retention pass","report":"GcReport { examined: 2, collected_expired: 0, collected_orphans: 0, kept_in_use: 0, kept_referenced: 2, incomplete_removed: 0, tombstones_purged: 0, failed: 0 }","target":"tachyon_serverless_gateway"}
{"timestamp":"2026-09-17T11:32:32.606951Z","level":"INFO","message":"bridge spawned","environment_id":"env_01m2qj7ha1q9smvn71jt4jqn88","pid":53324,"target":"tachyon_serverless_provider_process"}
{"timestamp":"2026-09-17T11:32:32.665018Z","level":"INFO","message":"invocation finished","invocation_id":"inv_01m2qj7ha0fn8sgqsh7c8e8b80","status":"succeeded","handler_ms":2,"environment_boot_ms":23,"runtime_init_ms":30,"target":"tachyon_serverless_application::services::invoke"}
{"timestamp":"2026-09-17T11:32:32.666725Z","level":"INFO","message":"terminating bridge","environment_id":"env_01m2qj7ha1q9smvn71jt4jqn88","pid":53324,"reason":"Completed","graceful":true,"target":"tachyon_serverless_provider_process"}
{"timestamp":"2026-09-17T11:32:32.896002Z","level":"INFO","message":"asynchronous invocation accepted","invocation_id":"inv_01m2qj7hzxd0r9fr08z71xt86d","tenant_id":"tn_01hzzzzzzzzzzzzzzzzzzzzzza","revision_id":"rev_01m2qj76d07k77yvc1zyzdjg46","input_bytes":48,"input_storage":"inline","target":"tachyon_serverless_application::services::invoke_async"}
{"timestamp":"2026-09-17T11:32:32.916733Z","level":"INFO","message":"asynchronous run claimed","invocation_id":"inv_01m2qj7hzxd0r9fr08z71xt86d","attempt":1,"generation":0,"delivery_count":1,"target":"tachyon_serverless_application::services::invoke_async::dispatch"}
{"timestamp":"2026-09-17T11:32:33.132986Z","level":"INFO","message":"asynchronous invocation accepted","invocation_id":"inv_01m2qj7j6k9a951npwcgz67c5r","tenant_id":"tn_01hzzzzzzzzzzzzzzzzzzzzzza","revision_id":"rev_01m2qj76d07k77yvc1zyzdjg46","input_bytes":4128,"input_storage":"object","target":"tachyon_serverless_application::services::invoke_async"}
{"timestamp":"2026-09-17T11:32:33.145492Z","level":"INFO","message":"asynchronous run claimed","invocation_id":"inv_01m2qj7j6k9a951npwcgz67c5r","attempt":1,"generation":0,"delivery_count":1,"target":"tachyon_serverless_application::services::invoke_async::dispatch"}
{"timestamp":"2026-09-17T11:32:33.266148Z","level":"INFO","message":"asynchronous invocation accepted","invocation_id":"inv_01m2qj7jbgx11ezyf2c006z4q8","tenant_id":"tn_01hzzzzzzzzzzzzzzzzzzzzzza","revision_id":"rev_01m2qj77g2zeefd6dj5ajjk6gy","input_bytes":191,"input_storage":"inline","target":"tachyon_serverless_application::services::invoke_async"}
{"timestamp":"2026-09-17T11:32:33.266264Z","level":"INFO","message":"webhook trigger fired","trigger_id":"trg_01m2qj79037zfsxrwzfcbkvyt2","event_id":"evt-post-w1","invocation_id":"inv_01m2qj7jbgx11ezyf2c006z4q8","revision_id":"rev_01m2qj77g2zeefd6dj5ajjk6gy","replayed":false,"target":"tachyon_serverless_application::services::triggers"}
{"timestamp":"2026-09-17T11:32:33.321979Z","level":"INFO","message":"bridge spawned","environment_id":"env_01m2qj7j0n0rkr21v5m9t396d9","pid":53398,"target":"tachyon_serverless_provider_process"}
{"timestamp":"2026-09-17T11:32:33.364023Z","level":"INFO","message":"trigger updated","trigger_id":"trg_01m2qj78zdxvge2zdke6ebgahc","generation":3,"status":"disabled","next_fire_at":"None","rotated_secret":false,"target":"tachyon_serverless_application::services::triggers"}
{"timestamp":"2026-09-17T11:32:33.369393Z","level":"INFO","message":"invocation finished","invocation_id":"inv_01m2qj7hzxd0r9fr08z71xt86d","status":"succeeded (async run)","handler_ms":7,"environment_boot_ms":19,"runtime_init_ms":19,"target":"tachyon_serverless_application::services::invoke"}
{"timestamp":"2026-09-17T11:32:33.371781Z","level":"INFO","message":"terminating bridge","environment_id":"env_01m2qj7j0n0rkr21v5m9t396d9","pid":53398,"reason":"Completed","graceful":true,"target":"tachyon_serverless_provider_process"}
{"timestamp":"2026-09-17T11:32:33.398531Z","level":"INFO","message":"asynchronous invocation settled","invocation_id":"inv_01m2qj7hzxd0r9fr08z71xt86d","status":"succeeded","target":"tachyon_serverless_application::services::invoke_async::dispatch"}
{"timestamp":"2026-09-17T11:32:33.408420Z","level":"INFO","message":"async dispatch: delivery handled","message_id":"inv_01m2qj7hzxd0r9fr08z71xt86d","sequence":9,"delivery_count":1,"outcome":"Completed { status: \"succeeded\" }","target":"tachyon_serverless_application::services::invoke_async::dispatch"}
{"timestamp":"2026-09-17T11:32:33.413588Z","level":"INFO","message":"asynchronous run claimed","invocation_id":"inv_01m2qj7jbgx11ezyf2c006z4q8","attempt":1,"generation":0,"delivery_count":1,"target":"tachyon_serverless_application::services::invoke_async::dispatch"}
{"timestamp":"2026-09-17T11:32:33.602064Z","level":"INFO","message":"bridge spawned","environment_id":"env_01m2qj7j7yze7bh0ttkdw3mzp4","pid":53438,"target":"tachyon_serverless_provider_process"}
{"timestamp":"2026-09-17T11:32:33.647279Z","level":"INFO","message":"invocation finished","invocation_id":"inv_01m2qj7j6k9a951npwcgz67c5r","status":"succeeded (async run)","handler_ms":7,"environment_boot_ms":15,"runtime_init_ms":20,"target":"tachyon_serverless_application::services::invoke"}
{"timestamp":"2026-09-17T11:32:33.650985Z","level":"INFO","message":"terminating bridge","environment_id":"env_01m2qj7j7yze7bh0ttkdw3mzp4","pid":53438,"reason":"Completed","graceful":true,"target":"tachyon_serverless_provider_process"}
{"timestamp":"2026-09-17T11:32:33.662040Z","level":"INFO","message":"asynchronous invocation settled","invocation_id":"inv_01m2qj7j6k9a951npwcgz67c5r","status":"succeeded","target":"tachyon_serverless_application::services::invoke_async::dispatch"}
{"timestamp":"2026-09-17T11:32:33.670702Z","level":"INFO","message":"async dispatch: delivery handled","message_id":"inv_01m2qj7j6k9a951npwcgz67c5r","sequence":10,"delivery_count":1,"outcome":"Completed { status: \"succeeded\" }","target":"tachyon_serverless_application::services::invoke_async::dispatch"}
{"timestamp":"2026-09-17T11:32:33.844221Z","level":"INFO","message":"bridge spawned","environment_id":"env_01m2qj7jg6ye5g4k42vqjzzeee","pid":53443,"target":"tachyon_serverless_provider_process"}
{"timestamp":"2026-09-17T11:32:33.874885Z","level":"INFO","message":"invocation finished","invocation_id":"inv_01m2qj7jbgx11ezyf2c006z4q8","status":"succeeded (async run)","handler_ms":1,"environment_boot_ms":13,"runtime_init_ms":14,"target":"tachyon_serverless_application::services::invoke"}
{"timestamp":"2026-09-17T11:32:33.876952Z","level":"INFO","message":"terminating bridge","environment_id":"env_01m2qj7jg6ye5g4k42vqjzzeee","pid":53443,"reason":"Completed","graceful":true,"target":"tachyon_serverless_provider_process"}
{"timestamp":"2026-09-17T11:32:33.883628Z","level":"INFO","message":"asynchronous invocation settled","invocation_id":"inv_01m2qj7jbgx11ezyf2c006z4q8","status":"succeeded","target":"tachyon_serverless_application::services::invoke_async::dispatch"}
{"timestamp":"2026-09-17T11:32:33.891680Z","level":"INFO","message":"async dispatch: delivery handled","message_id":"inv_01m2qj7jbgx11ezyf2c006z4q8","sequence":11,"delivery_count":1,"outcome":"Completed { status: \"succeeded\" }","target":"tachyon_serverless_application::services::invoke_async::dispatch"}
{"timestamp":"2026-09-17T11:32:33.961719Z","level":"INFO","message":"object retention pass","report":"GcReport { examined: 3, collected_expired: 0, collected_orphans: 0, kept_in_use: 0, kept_referenced: 3, incomplete_removed: 0, tombstones_purged: 0, failed: 0 }","target":"tachyon_serverless_gateway"}
{"timestamp":"2026-09-17T11:32:35.969003Z","level":"INFO","message":"object retention pass","report":"GcReport { examined: 3, collected_expired: 0, collected_orphans: 0, kept_in_use: 0, kept_referenced: 3, incomplete_removed: 0, tombstones_purged: 0, failed: 0 }","target":"tachyon_serverless_gateway"}
{"timestamp":"2026-09-17T11:32:37.323454Z","level":"INFO","message":"SIGTERM received","target":"tachyon_serverless_gateway"}
{"timestamp":"2026-09-17T11:32:37.323550Z","level":"INFO","message":"shutdown requested; cancelling in-flight invocations","target":"tachyon_serverless_gateway"}
{"timestamp":"2026-09-17T11:32:37.324463Z","level":"INFO","message":"final usage collection","report":"CollectReport { batches: 0, read: 0, inserted: 0, duplicates: 0, cursor_seq: 75 }","target":"tachyon_serverless_gateway"}
{"timestamp":"2026-09-17T11:32:37.327040Z","level":"INFO","message":"gateway stopped","target":"tachyon_serverless_gateway"}
{"timestamp":"2026-09-17T11:32:37.327508Z","level":"INFO","message":"event: closed","target":"async_nats"}
