{"timestamp":"2026-09-16T02:10:01.392945Z","level":"INFO","message":"configuration loaded","config":"/home/takanorifukuyama.guest/tsls/config/gateway.firecracker.toml","target":"tachyon_serverless_gateway"}
{"timestamp":"2026-09-16T02:10:01.455428Z","level":"INFO","message":"application bootstrapped","profile":"production","provider":"firecracker","dev_only":false,"data_dir":"/home/takanorifukuyama.guest/tsls/./data","target":"tachyon_serverless_application::app"}
{"timestamp":"2026-09-16T02:10:01.456290Z","level":"INFO","message":"startup reconcile finished","provider":"firecracker","found":0,"adopted":0,"terminated":0,"failed":0,"lost":0,"target":"tachyon_serverless_application::services::reconcile"}
{"timestamp":"2026-09-16T02:10:01.457652Z","level":"INFO","message":"gateway listening","addr":"127.0.0.1:8080","profile":"production","provider":"firecracker","target":"tachyon_serverless_gateway"}
{"timestamp":"2026-09-16T02:10:10.019830Z","level":"INFO","message":"revision ready","revision_id":"rev_01m2kzn2rapxq3509bzvchpd5g","function_id":"fn_01m2kzn27ynn09aqqp0pk54dep","target":"tachyon_serverless_application::services::revision"}
{"timestamp":"2026-09-16T02:10:10.445321Z","level":"INFO","message":"firecracker spawned","env_id":"env_01m2kzn34h8c4hsjp7a5jpwtte","pid":322527,"instance_id":"env-01m2kzn34h8c4hsjp7a5jpwtte","target":"tachyon_serverless_provider_firecracker::provider"}
{"timestamp":"2026-09-16T02:10:10.783953Z","level":"INFO","message":"InstanceStart accepted","env_id":"env_01m2kzn34h8c4hsjp7a5jpwtte","vcpus":1,"mem_mib":256,"target":"tachyon_serverless_provider_firecracker::provider"}
{"timestamp":"2026-09-16T02:10:22.188031Z","level":"INFO","message":"invocation finished","invocation_id":"inv_01m2kzn342669qsarrd9672226","status":"succeeded","handler_ms":5210,"environment_boot_ms":5977,"runtime_init_ms":577,"target":"tachyon_serverless_application::services::invoke"}
{"timestamp":"2026-09-16T02:10:22.374754Z","level":"INFO","message":"environment terminated","env_id":"env_01m2kzn34h8c4hsjp7a5jpwtte","reason":"Completed","was_running":true,"target":"tachyon_serverless_provider_firecracker::provider"}
{"timestamp":"2026-09-16T02:10:22.881682Z","level":"INFO","message":"firecracker spawned","env_id":"env_01m2kznf94tcwq2ver69kc6f09","pid":322573,"instance_id":"env-01m2kznf94tcwq2ver69kc6f09","target":"tachyon_serverless_provider_firecracker::provider"}
{"timestamp":"2026-09-16T02:10:22.960469Z","level":"INFO","message":"InstanceStart accepted","env_id":"env_01m2kznf94tcwq2ver69kc6f09","vcpus":1,"mem_mib":256,"target":"tachyon_serverless_provider_firecracker::provider"}
{"timestamp":"2026-09-16T02:10:29.232936Z","level":"INFO","message":"invocation finished","invocation_id":"inv_01m2kznf8sr4mfgb92cvyffe9z","status":"succeeded","handler_ms":172,"environment_boot_ms":5546,"runtime_init_ms":624,"target":"tachyon_serverless_application::services::invoke"}
{"timestamp":"2026-09-16T02:10:29.467291Z","level":"INFO","message":"environment terminated","env_id":"env_01m2kznf94tcwq2ver69kc6f09","reason":"Completed","was_running":true,"target":"tachyon_serverless_provider_firecracker::provider"}
{"timestamp":"2026-09-16T02:10:30.234111Z","level":"INFO","message":"revision ready","revision_id":"rev_01m2kznper7f50gjs63e0v4wrv","function_id":"fn_01m2kzn27ynn09aqqp0pk54dep","target":"tachyon_serverless_application::services::revision"}
{"timestamp":"2026-09-16T02:10:30.730305Z","level":"INFO","message":"firecracker spawned","env_id":"env_01m2kznpvckqsc4xv6d9ry98fw","pid":322636,"instance_id":"env-01m2kznpvckqsc4xv6d9ry98fw","target":"tachyon_serverless_provider_firecracker::provider"}
{"timestamp":"2026-09-16T02:10:30.881329Z","level":"INFO","message":"InstanceStart accepted","env_id":"env_01m2kznpvckqsc4xv6d9ry98fw","vcpus":1,"mem_mib":128,"target":"tachyon_serverless_provider_firecracker::provider"}
{"timestamp":"2026-09-16T02:10:44.093769Z","level":"INFO","message":"invocation finished","invocation_id":"inv_01m2kznptvjhf47cdhqh1br4xs","status":"failed","handler_ms":6896,"environment_boot_ms":5988,"runtime_init_ms":674,"target":"tachyon_serverless_application::services::invoke"}
{"timestamp":"2026-09-16T02:10:44.233320Z","level":"INFO","message":"environment terminated","env_id":"env_01m2kznpvckqsc4xv6d9ry98fw","reason":"Crashed","was_running":true,"target":"tachyon_serverless_provider_firecracker::provider"}
{"timestamp":"2026-09-16T02:10:44.420104Z","level":"INFO","message":"SIGTERM received","target":"tachyon_serverless_gateway"}
{"timestamp":"2026-09-16T02:10:44.420365Z","level":"INFO","message":"shutdown requested; cancelling in-flight invocations","target":"tachyon_serverless_gateway"}
{"timestamp":"2026-09-16T02:10:44.437652Z","level":"INFO","message":"gateway stopped","target":"tachyon_serverless_gateway"}
