[e2e] tenant B function isolation-probe: fn_01m2s6ejpwtrbcab8pdz2e004a
uploading /home/takanorifukuyama.guest/lab/target/aarch64-unknown-linux-musl/release/example-isolation-probe (1853312 bytes, arch aarch64)
artifact sha256:bb805c89e9799ba454d1838b1e82f251fda7c22b88a6cdd8203f023f3868469c
revision rev_01m2s6gbdbe7y3mjsjjftd2qr7 (#6) created: pending
revision rev_01m2s6gbdbe7y3mjsjjftd2qr7 is preparing
revision rev_01m2s6gbdbe7y3mjsjjftd2qr7 is ready
uploading /home/takanorifukuyama.guest/lab/target/aarch64-unknown-linux-musl/release/example-isolation-probe (1853312 bytes, arch aarch64)
artifact sha256:bb805c89e9799ba454d1838b1e82f251fda7c22b88a6cdd8203f023f3868469c
revision rev_01m2s6gbtk740jtmk0ncy224me (#7) created: pending
revision rev_01m2s6gbtk740jtmk0ncy224me is preparing
revision rev_01m2s6gbtk740jtmk0ncy224me is ready
uploading /home/takanorifukuyama.guest/lab/target/aarch64-unknown-linux-musl/release/example-isolation-probe (1853312 bytes, arch aarch64)
artifact sha256:bb805c89e9799ba454d1838b1e82f251fda7c22b88a6cdd8203f023f3868469c
revision rev_01m2s6gc82dy4s0knnf72z79nr (#8) created: pending
revision rev_01m2s6gc82dy4s0knnf72z79nr is preparing
revision rev_01m2s6gc82dy4s0knnf72z79nr is ready
uploading /home/takanorifukuyama.guest/lab/target/aarch64-unknown-linux-musl/release/example-isolation-probe (1853312 bytes, arch aarch64)
artifact sha256:bb805c89e9799ba454d1838b1e82f251fda7c22b88a6cdd8203f023f3868469c
revision rev_01m2s6gcng69sc7530yz5t5bd0 (#2) created: pending
revision rev_01m2s6gcng69sc7530yz5t5bd0 is preparing
revision rev_01m2s6gcng69sc7530yz5t5bd0 is ready
