
===== a start (failpoints: none) 11:54:08 =====
{"timestamp":"2026-09-17T11:54:08.313484Z","level":"INFO","message":"configuration loaded","config":"/private/var/folders/z7/khzdjrt95cg_fcmcnh4j1b5h0000gn/T/tsls-chaos.uZAtbr/gw-a.toml","target":"tachyon_serverless_gateway"}
{"timestamp":"2026-09-17T11:54:08.315645Z","level":"INFO","message":"connected successfully","server":"59028","max_payload":"1048576","target":"async_nats::connector"}
{"timestamp":"2026-09-17T11:54:08.315728Z","level":"INFO","message":"event: connected","target":"async_nats"}
{"timestamp":"2026-09-17T11:54:08.327950Z","level":"INFO","message":"JetStream queue connected and stream bootstrapped","url":"nats://127.0.0.1:59028","stream":"TACHYON_EVENTS","target":"tachyon_serverless_gateway::durable"}
{"timestamp":"2026-09-17T11:54:08.334240Z","level":"INFO","message":"state store opened","path":"/private/var/folders/z7/khzdjrt95cg_fcmcnh4j1b5h0000gn/T/tsls-chaos.uZAtbr/data/state.db","schema_version":8,"migrations_applied":"[1, 2, 3, 4, 5, 6, 7, 8]","imported_state_json":"None","settled_invocations":0,"settled_attempts":0,"settled_environments":0,"released_leases":0,"dropped_idempotency_keys":0,"purged_idempotency_keys":0,"outputs_purged":0,"target":"tachyon_serverless_application::app"}
{"timestamp":"2026-09-17T11:54:08.334438Z","level":"INFO","message":"dispatcher registered","dispatcher_id":"dsp_01m2qkf32ebt3xzsd8pxbhyf1m","instance":"chaos-a","pid":86138,"lease_ttl_seconds":6,"target":"tachyon_serverless_application::services::dispatcher"}
{"timestamp":"2026-09-17T11:54:08.337532Z","level":"INFO","message":"application bootstrapped","profile":"dev","provider":"process","dev_only":true,"environment_reuse":false,"reuse_verified":false,"reuse_reason":"[pool] enabled is false","reuse_disabled":"Some(Configuration)","idle_quiesce":"unsupported","idle_resume":"unsupported","data_dir":"/private/var/folders/z7/khzdjrt95cg_fcmcnh4j1b5h0000gn/T/tsls-chaos.uZAtbr/data","store":"sqlite","dispatcher_id":"dsp_01m2qkf32ebt3xzsd8pxbhyf1m","node":"local","node_region":"none","node_memory_mib":"None","max_concurrency":8,"queue":"nats","objects":"filesystem","invoke_async":true,"triggers":true,"target":"tachyon_serverless_application::app"}
{"timestamp":"2026-09-17T11:54:08.337709Z","level":"INFO","message":"startup reconcile finished","provider":"process","found":0,"adopted":0,"terminated":0,"disowned":0,"failed":0,"lost":0,"foreign":0,"reclaimed_dispatchers":0,"fenced_terminated":0,"fenced_pending":0,"target":"tachyon_serverless_application::services::reconcile"}
{"timestamp":"2026-09-17T11:54:08.337757Z","level":"INFO","message":"gateway listening","addr":"127.0.0.1:59032","profile":"dev","provider":"process","target":"tachyon_serverless_gateway"}
{"timestamp":"2026-09-17T11:54:08.338770Z","level":"INFO","message":"asynchronous dispatcher started","workers":2,"owner":"dsp_01m2qkf32ebt3xzsd8pxbhyf1m","target":"tachyon_serverless_gateway"}
{"timestamp":"2026-09-17T11:54:09.066406Z","level":"INFO","message":"revision ready","revision_id":"rev_01m2qkf3mw3wjs50btbaqt36kx","function_id":"fn_01m2qkf3b571xwkj1d876e4xta","target":"tachyon_serverless_application::services::revision"}
{"timestamp":"2026-09-17T11:54:09.564796Z","level":"INFO","message":"revision ready","revision_id":"rev_01m2qkf448pvmjt0zsrpmb3zgg","function_id":"fn_01m2qkf3tbt9dnxdpceb112ze9","target":"tachyon_serverless_application::services::revision"}
{"timestamp":"2026-09-17T11:54:10.071987Z","level":"INFO","message":"revision ready","revision_id":"rev_01m2qkf4m0xd2asff4wdp1knjw","function_id":"fn_01m2qkf49mg70667sp5d49c4xs","target":"tachyon_serverless_application::services::revision"}
{"timestamp":"2026-09-17T11:54:10.098752Z","level":"INFO","message":"trigger created","trigger_id":"trg_01m2qkf4sjphvf45evtgs0fv62","function_id":"fn_01m2qkf3tbt9dnxdpceb112ze9","kind":"cron","enabled":true,"next_fire_at":"Some(2026-09-17T11:54:12Z)","target":"tachyon_serverless_application::services::triggers"}
{"timestamp":"2026-09-17T11:54:10.110441Z","level":"INFO","message":"trigger created","trigger_id":"trg_01m2qkf4syyzn6ygygnc65j0sn","function_id":"fn_01m2qkf3tbt9dnxdpceb112ze9","kind":"webhook","enabled":true,"next_fire_at":"None","target":"tachyon_serverless_application::services::triggers"}
{"timestamp":"2026-09-17T11:54:10.287675Z","level":"INFO","message":"bridge spawned","environment_id":"env_01m2qkf4tmphkjhqqbqs8q3fzp","pid":86395,"target":"tachyon_serverless_provider_process"}
{"timestamp":"2026-09-17T11:54:10.527604Z","level":"INFO","message":"invocation finished","invocation_id":"inv_01m2qkf4tkkht143ts3spb1jmh","status":"succeeded","handler_ms":1,"environment_boot_ms":4,"runtime_init_ms":230,"target":"tachyon_serverless_application::services::invoke"}
{"timestamp":"2026-09-17T11:54:10.529619Z","level":"INFO","message":"terminating bridge","environment_id":"env_01m2qkf4tmphkjhqqbqs8q3fzp","pid":86395,"reason":"Completed","graceful":true,"target":"tachyon_serverless_provider_process"}
{"timestamp":"2026-09-17T11:54:10.597237Z","level":"INFO","message":"asynchronous invocation accepted","invocation_id":"inv_01m2qkf594n7waz2andxdeqp39","tenant_id":"tn_01hzzzzzzzzzzzzzzzzzzzzzza","revision_id":"rev_01m2qkf3mw3wjs50btbaqt36kx","input_bytes":47,"input_storage":"inline","target":"tachyon_serverless_application::services::invoke_async"}
{"timestamp":"2026-09-17T11:54:10.608571Z","level":"INFO","message":"asynchronous run claimed","invocation_id":"inv_01m2qkf594n7waz2andxdeqp39","attempt":1,"generation":0,"delivery_count":1,"target":"tachyon_serverless_application::services::invoke_async::dispatch"}
{"timestamp":"2026-09-17T11:54:10.661071Z","level":"INFO","message":"asynchronous invocation accepted","invocation_id":"inv_01m2qkf5anrjc45wjbsgw5df4z","tenant_id":"tn_01hzzzzzzzzzzzzzzzzzzzzzza","revision_id":"rev_01m2qkf3mw3wjs50btbaqt36kx","input_bytes":4127,"input_storage":"object","target":"tachyon_serverless_application::services::invoke_async"}
{"timestamp":"2026-09-17T11:54:10.666203Z","level":"INFO","message":"asynchronous run claimed","invocation_id":"inv_01m2qkf5anrjc45wjbsgw5df4z","attempt":1,"generation":0,"delivery_count":1,"target":"tachyon_serverless_application::services::invoke_async::dispatch"}
{"timestamp":"2026-09-17T11:54:10.690371Z","level":"INFO","message":"asynchronous invocation accepted","invocation_id":"inv_01m2qkf5c1jyk5xavdv64rf03h","tenant_id":"tn_01hzzzzzzzzzzzzzzzzzzzzzza","revision_id":"rev_01m2qkf448pvmjt0zsrpmb3zgg","input_bytes":189,"input_storage":"inline","target":"tachyon_serverless_application::services::invoke_async"}
{"timestamp":"2026-09-17T11:54:10.690414Z","level":"INFO","message":"webhook trigger fired","trigger_id":"trg_01m2qkf4syyzn6ygygnc65j0sn","event_id":"evt-pre-w1","invocation_id":"inv_01m2qkf5c1jyk5xavdv64rf03h","revision_id":"rev_01m2qkf448pvmjt0zsrpmb3zgg","replayed":false,"target":"tachyon_serverless_application::services::triggers"}
{"timestamp":"2026-09-17T11:54:10.775581Z","level":"INFO","message":"bridge spawned","environment_id":"env_01m2qkf59ghq7mhjq72hy596qb","pid":86469,"target":"tachyon_serverless_provider_process"}
{"timestamp":"2026-09-17T11:54:10.847856Z","level":"INFO","message":"bridge spawned","environment_id":"env_01m2qkf5bbcgwmdmqr9fheh86h","pid":86471,"target":"tachyon_serverless_provider_process"}
{"timestamp":"2026-09-17T11:54:10.889755Z","level":"INFO","message":"bridge spawned","environment_id":"env_01m2qkf5cktw3n25c0x18cjcr0","pid":86473,"target":"tachyon_serverless_provider_process"}
{"timestamp":"2026-09-17T11:54:10.901985Z","level":"INFO","message":"invocation finished","invocation_id":"inv_01m2qkf5ckqdwn2jv94ff1byjc","status":"succeeded","handler_ms":0,"environment_boot_ms":4,"runtime_init_ms":6,"target":"tachyon_serverless_application::services::invoke"}
{"timestamp":"2026-09-17T11:54:10.903708Z","level":"INFO","message":"terminating bridge","environment_id":"env_01m2qkf5cktw3n25c0x18cjcr0","pid":86473,"reason":"Completed","graceful":true,"target":"tachyon_serverless_provider_process"}
{"timestamp":"2026-09-17T11:54:10.970095Z","level":"INFO","message":"asynchronous invocation accepted","invocation_id":"inv_01m2qkf5msemyd1k5wqadcx0ca","tenant_id":"tn_01hzzzzzzzzzzzzzzzzzzzzzza","revision_id":"rev_01m2qkf3mw3wjs50btbaqt36kx","input_bytes":47,"input_storage":"inline","target":"tachyon_serverless_application::services::invoke_async"}
{"timestamp":"2026-09-17T11:54:11.021268Z","level":"INFO","message":"invocation finished","invocation_id":"inv_01m2qkf5anrjc45wjbsgw5df4z","status":"succeeded (async run)","handler_ms":1,"environment_boot_ms":4,"runtime_init_ms":165,"target":"tachyon_serverless_application::services::invoke"}
{"timestamp":"2026-09-17T11:54:11.021956Z","level":"INFO","message":"invocation finished","invocation_id":"inv_01m2qkf594n7waz2andxdeqp39","status":"succeeded (async run)","handler_ms":1,"environment_boot_ms":4,"runtime_init_ms":239,"target":"tachyon_serverless_application::services::invoke"}
{"timestamp":"2026-09-17T11:54:11.023601Z","level":"INFO","message":"terminating bridge","environment_id":"env_01m2qkf5bbcgwmdmqr9fheh86h","pid":86471,"reason":"Completed","graceful":true,"target":"tachyon_serverless_provider_process"}
{"timestamp":"2026-09-17T11:54:11.023609Z","level":"INFO","message":"terminating bridge","environment_id":"env_01m2qkf59ghq7mhjq72hy596qb","pid":86469,"reason":"Completed","graceful":true,"target":"tachyon_serverless_provider_process"}
{"timestamp":"2026-09-17T11:54:11.027338Z","level":"INFO","message":"asynchronous invocation settled","invocation_id":"inv_01m2qkf594n7waz2andxdeqp39","status":"succeeded","target":"tachyon_serverless_application::services::invoke_async::dispatch"}
{"timestamp":"2026-09-17T11:54:11.027985Z","level":"INFO","message":"asynchronous invocation settled","invocation_id":"inv_01m2qkf5anrjc45wjbsgw5df4z","status":"succeeded","target":"tachyon_serverless_application::services::invoke_async::dispatch"}
{"timestamp":"2026-09-17T11:54:11.033196Z","level":"INFO","message":"async dispatch: delivery handled","message_id":"inv_01m2qkf594n7waz2andxdeqp39","sequence":1,"delivery_count":1,"outcome":"Completed { status: \"succeeded\" }","target":"tachyon_serverless_application::services::invoke_async::dispatch"}
{"timestamp":"2026-09-17T11:54:11.042912Z","level":"INFO","message":"async dispatch: delivery handled","message_id":"inv_01m2qkf5anrjc45wjbsgw5df4z","sequence":2,"delivery_count":1,"outcome":"Completed { status: \"succeeded\" }","target":"tachyon_serverless_application::services::invoke_async::dispatch"}
{"timestamp":"2026-09-17T11:54:11.043234Z","level":"INFO","message":"asynchronous run claimed","invocation_id":"inv_01m2qkf5c1jyk5xavdv64rf03h","attempt":1,"generation":0,"delivery_count":1,"target":"tachyon_serverless_application::services::invoke_async::dispatch"}
{"timestamp":"2026-09-17T11:54:11.047043Z","level":"INFO","message":"asynchronous run claimed","invocation_id":"inv_01m2qkf5msemyd1k5wqadcx0ca","attempt":1,"generation":0,"delivery_count":1,"target":"tachyon_serverless_application::services::invoke_async::dispatch"}
{"timestamp":"2026-09-17T11:54:11.055558Z","level":"INFO","message":"asynchronous invocation accepted","invocation_id":"inv_01m2qkf5pz6e0k3049k8e363mc","tenant_id":"tn_01hzzzzzzzzzzzzzzzzzzzzzza","revision_id":"rev_01m2qkf3mw3wjs50btbaqt36kx","input_bytes":4127,"input_storage":"object","target":"tachyon_serverless_application::services::invoke_async"}
{"timestamp":"2026-09-17T11:54:11.093733Z","level":"INFO","message":"asynchronous invocation accepted","invocation_id":"inv_01m2qkf5rmjyxfq9ad8dw79q05","tenant_id":"tn_01hzzzzzzzzzzzzzzzzzzzzzza","revision_id":"rev_01m2qkf448pvmjt0zsrpmb3zgg","input_bytes":189,"input_storage":"inline","target":"tachyon_serverless_application::services::invoke_async"}
{"timestamp":"2026-09-17T11:54:11.093783Z","level":"INFO","message":"webhook trigger fired","trigger_id":"trg_01m2qkf4syyzn6ygygnc65j0sn","event_id":"evt-pre-w2","invocation_id":"inv_01m2qkf5rmjyxfq9ad8dw79q05","revision_id":"rev_01m2qkf448pvmjt0zsrpmb3zgg","replayed":false,"target":"tachyon_serverless_application::services::triggers"}
{"timestamp":"2026-09-17T11:54:11.121228Z","level":"INFO","message":"trigger updated","trigger_id":"trg_01m2qkf4sjphvf45evtgs0fv62","generation":2,"status":"disabled","next_fire_at":"None","rotated_secret":false,"target":"tachyon_serverless_application::services::triggers"}
{"timestamp":"2026-09-17T11:54:11.275959Z","level":"INFO","message":"bridge spawned","environment_id":"env_01m2qkf5q3fvj4hast4t96n721","pid":86552,"target":"tachyon_serverless_provider_process"}
{"timestamp":"2026-09-17T11:54:11.286356Z","level":"INFO","message":"bridge spawned","environment_id":"env_01m2qkf5qb76jkxr15hjfsgw5g","pid":86554,"target":"tachyon_serverless_provider_process"}
{"timestamp":"2026-09-17T11:54:11.289646Z","level":"INFO","message":"invocation finished","invocation_id":"inv_01m2qkf5c1jyk5xavdv64rf03h","status":"succeeded (async run)","handler_ms":0,"environment_boot_ms":5,"runtime_init_ms":6,"target":"tachyon_serverless_application::services::invoke"}
{"timestamp":"2026-09-17T11:54:11.291033Z","level":"INFO","message":"terminating bridge","environment_id":"env_01m2qkf5q3fvj4hast4t96n721","pid":86552,"reason":"Completed","graceful":true,"target":"tachyon_serverless_provider_process"}
{"timestamp":"2026-09-17T11:54:11.294436Z","level":"INFO","message":"asynchronous invocation settled","invocation_id":"inv_01m2qkf5c1jyk5xavdv64rf03h","status":"succeeded","target":"tachyon_serverless_application::services::invoke_async::dispatch"}
{"timestamp":"2026-09-17T11:54:11.302034Z","level":"INFO","message":"async dispatch: delivery handled","message_id":"inv_01m2qkf5c1jyk5xavdv64rf03h","sequence":3,"delivery_count":1,"outcome":"Completed { status: \"succeeded\" }","target":"tachyon_serverless_application::services::invoke_async::dispatch"}
{"timestamp":"2026-09-17T11:54:11.302643Z","level":"INFO","message":"asynchronous run claimed","invocation_id":"inv_01m2qkf5pz6e0k3049k8e363mc","attempt":1,"generation":0,"delivery_count":1,"target":"tachyon_serverless_application::services::invoke_async::dispatch"}
{"timestamp":"2026-09-17T11:54:11.303160Z","level":"INFO","message":"invocation finished","invocation_id":"inv_01m2qkf5msemyd1k5wqadcx0ca","status":"succeeded (async run)","handler_ms":1,"environment_boot_ms":4,"runtime_init_ms":9,"target":"tachyon_serverless_application::services::invoke"}
{"timestamp":"2026-09-17T11:54:11.304804Z","level":"INFO","message":"terminating bridge","environment_id":"env_01m2qkf5qb76jkxr15hjfsgw5g","pid":86554,"reason":"Completed","graceful":true,"target":"tachyon_serverless_provider_process"}
{"timestamp":"2026-09-17T11:54:11.308277Z","level":"INFO","message":"asynchronous invocation settled","invocation_id":"inv_01m2qkf5msemyd1k5wqadcx0ca","status":"succeeded","target":"tachyon_serverless_application::services::invoke_async::dispatch"}
{"timestamp":"2026-09-17T11:54:11.313004Z","level":"INFO","message":"async dispatch: delivery handled","message_id":"inv_01m2qkf5msemyd1k5wqadcx0ca","sequence":4,"delivery_count":1,"outcome":"Completed { status: \"succeeded\" }","target":"tachyon_serverless_application::services::invoke_async::dispatch"}
{"timestamp":"2026-09-17T11:54:11.313664Z","level":"INFO","message":"asynchronous run claimed","invocation_id":"inv_01m2qkf5rmjyxfq9ad8dw79q05","attempt":1,"generation":0,"delivery_count":1,"target":"tachyon_serverless_application::services::invoke_async::dispatch"}
{"timestamp":"2026-09-17T11:54:11.555625Z","level":"INFO","message":"bridge spawned","environment_id":"env_01m2qkf5z8kqtrmk2jp6c1635s","pid":86556,"target":"tachyon_serverless_provider_process"}
{"timestamp":"2026-09-17T11:54:11.558557Z","level":"INFO","message":"bridge spawned","environment_id":"env_01m2qkf5zh79chanavrejfg4e3","pid":86557,"target":"tachyon_serverless_provider_process"}
{"timestamp":"2026-09-17T11:54:11.574028Z","level":"INFO","message":"invocation finished","invocation_id":"inv_01m2qkf5pz6e0k3049k8e363mc","status":"succeeded (async run)","handler_ms":2,"environment_boot_ms":7,"runtime_init_ms":8,"target":"tachyon_serverless_application::services::invoke"}
{"timestamp":"2026-09-17T11:54:11.574411Z","level":"INFO","message":"invocation finished","invocation_id":"inv_01m2qkf5rmjyxfq9ad8dw79q05","status":"succeeded (async run)","handler_ms":0,"environment_boot_ms":5,"runtime_init_ms":8,"target":"tachyon_serverless_application::services::invoke"}
{"timestamp":"2026-09-17T11:54:11.575826Z","level":"INFO","message":"terminating bridge","environment_id":"env_01m2qkf5zh79chanavrejfg4e3","pid":86557,"reason":"Completed","graceful":true,"target":"tachyon_serverless_provider_process"}
{"timestamp":"2026-09-17T11:54:11.575828Z","level":"INFO","message":"terminating bridge","environment_id":"env_01m2qkf5z8kqtrmk2jp6c1635s","pid":86556,"reason":"Completed","graceful":true,"target":"tachyon_serverless_provider_process"}
{"timestamp":"2026-09-17T11:54:11.580000Z","level":"INFO","message":"asynchronous invocation settled","invocation_id":"inv_01m2qkf5rmjyxfq9ad8dw79q05","status":"succeeded","target":"tachyon_serverless_application::services::invoke_async::dispatch"}
{"timestamp":"2026-09-17T11:54:11.585885Z","level":"INFO","message":"async dispatch: delivery handled","message_id":"inv_01m2qkf5rmjyxfq9ad8dw79q05","sequence":6,"delivery_count":1,"outcome":"Completed { status: \"succeeded\" }","target":"tachyon_serverless_application::services::invoke_async::dispatch"}
{"timestamp":"2026-09-17T11:54:11.591603Z","level":"INFO","message":"asynchronous invocation settled","invocation_id":"inv_01m2qkf5pz6e0k3049k8e363mc","status":"succeeded","target":"tachyon_serverless_application::services::invoke_async::dispatch"}
{"timestamp":"2026-09-17T11:54:11.597014Z","level":"INFO","message":"async dispatch: delivery handled","message_id":"inv_01m2qkf5pz6e0k3049k8e363mc","sequence":5,"delivery_count":1,"outcome":"Completed { status: \"succeeded\" }","target":"tachyon_serverless_application::services::invoke_async::dispatch"}
{"timestamp":"2026-09-17T11:54:12.201847Z","level":"INFO","message":"SIGTERM received","target":"tachyon_serverless_gateway"}
{"timestamp":"2026-09-17T11:54:12.201904Z","level":"INFO","message":"shutdown requested; cancelling in-flight invocations","target":"tachyon_serverless_gateway"}
{"timestamp":"2026-09-17T11:54:12.202359Z","level":"INFO","message":"final usage collection","report":"CollectReport { batches: 0, read: 0, inserted: 0, duplicates: 0, cursor_seq: 40 }","target":"tachyon_serverless_gateway"}
{"timestamp":"2026-09-17T11:54:12.203563Z","level":"INFO","message":"gateway stopped","target":"tachyon_serverless_gateway"}
{"timestamp":"2026-09-17T11:54:12.203931Z","level":"INFO","message":"event: closed","target":"async_nats"}

===== a start (failpoints: accept.after_commit=kill) 11:54:12 =====
{"timestamp":"2026-09-17T11:54:12.346897Z","level":"INFO","message":"configuration loaded","config":"/private/var/folders/z7/khzdjrt95cg_fcmcnh4j1b5h0000gn/T/tsls-chaos.uZAtbr/gw-a.toml","target":"tachyon_serverless_gateway"}
{"timestamp":"2026-09-17T11:54:12.349125Z","level":"INFO","message":"connected successfully","server":"59028","max_payload":"1048576","target":"async_nats::connector"}
{"timestamp":"2026-09-17T11:54:12.349248Z","level":"INFO","message":"event: connected","target":"async_nats"}
{"timestamp":"2026-09-17T11:54:12.362584Z","level":"INFO","message":"JetStream queue connected and stream bootstrapped","url":"nats://127.0.0.1:59028","stream":"TACHYON_EVENTS","target":"tachyon_serverless_gateway::durable"}
{"timestamp":"2026-09-17T11:54:12.364248Z","level":"INFO","message":"state store opened","path":"/private/var/folders/z7/khzdjrt95cg_fcmcnh4j1b5h0000gn/T/tsls-chaos.uZAtbr/data/state.db","schema_version":8,"migrations_applied":"[]","imported_state_json":"None","settled_invocations":0,"settled_attempts":0,"settled_environments":0,"released_leases":0,"dropped_idempotency_keys":0,"purged_idempotency_keys":0,"outputs_purged":0,"target":"tachyon_serverless_application::app"}
{"timestamp":"2026-09-17T11:54:12.364642Z","level":"INFO","message":"dispatcher registered","dispatcher_id":"dsp_01m2qkf70cb15mw0qv7vks4crv","instance":"chaos-a","pid":86572,"lease_ttl_seconds":6,"target":"tachyon_serverless_application::services::dispatcher"}
{"timestamp":"2026-09-17T11:54:12.365009Z","level":"WARN","message":"reclaimed the work of dispatchers that lost their lease","dispatcher_id":"dsp_01m2qkf70cb15mw0qv7vks4crv","reclaimed_dispatchers":"[DispatcherId(dsp_01m2qkf32ebt3xzsd8pxbhyf1m)]","leases":0,"invocations":0,"attempts":0,"fenced":0,"target":"tachyon_serverless_application::services::dispatcher"}
{"timestamp":"2026-09-17T11:54:12.366591Z","level":"WARN","message":"failpoint armed from TSLS_FAILPOINTS","name":"accept.after_commit","action":"Kill","count":"None","target":"tachyon_serverless_application::failpoints"}
{"timestamp":"2026-09-17T11:54:12.366682Z","level":"INFO","message":"application bootstrapped","profile":"dev","provider":"process","dev_only":true,"environment_reuse":false,"reuse_verified":false,"reuse_reason":"[pool] enabled is false","reuse_disabled":"Some(Configuration)","idle_quiesce":"unsupported","idle_resume":"unsupported","data_dir":"/private/var/folders/z7/khzdjrt95cg_fcmcnh4j1b5h0000gn/T/tsls-chaos.uZAtbr/data","store":"sqlite","dispatcher_id":"dsp_01m2qkf70cb15mw0qv7vks4crv","node":"local","node_region":"none","node_memory_mib":"None","max_concurrency":8,"queue":"nats","objects":"filesystem","invoke_async":true,"triggers":true,"target":"tachyon_serverless_application::app"}
{"timestamp":"2026-09-17T11:54:12.367026Z","level":"INFO","message":"startup reconcile finished","provider":"process","found":0,"adopted":0,"terminated":0,"disowned":0,"failed":0,"lost":0,"foreign":0,"reclaimed_dispatchers":0,"fenced_terminated":0,"fenced_pending":0,"target":"tachyon_serverless_application::services::reconcile"}
{"timestamp":"2026-09-17T11:54:12.367097Z","level":"INFO","message":"gateway listening","addr":"127.0.0.1:59032","profile":"dev","provider":"process","target":"tachyon_serverless_gateway"}
{"timestamp":"2026-09-17T11:54:12.368571Z","level":"INFO","message":"asynchronous dispatcher started","workers":2,"owner":"dsp_01m2qkf70cb15mw0qv7vks4crv","target":"tachyon_serverless_gateway"}
{"timestamp":"2026-09-17T11:54:12.711518Z","level":"ERROR","message":"failpoint fired: SIGKILL","name":"accept.after_commit","target":"tachyon_serverless_application::failpoints"}

===== a start (failpoints: none) 11:54:12 =====
{"timestamp":"2026-09-17T11:54:12.779947Z","level":"INFO","message":"configuration loaded","config":"/private/var/folders/z7/khzdjrt95cg_fcmcnh4j1b5h0000gn/T/tsls-chaos.uZAtbr/gw-a.toml","target":"tachyon_serverless_gateway"}
{"timestamp":"2026-09-17T11:54:12.781816Z","level":"INFO","message":"connected successfully","server":"59028","max_payload":"1048576","target":"async_nats::connector"}
{"timestamp":"2026-09-17T11:54:12.781901Z","level":"INFO","message":"event: connected","target":"async_nats"}
{"timestamp":"2026-09-17T11:54:12.791824Z","level":"INFO","message":"JetStream queue connected and stream bootstrapped","url":"nats://127.0.0.1:59028","stream":"TACHYON_EVENTS","target":"tachyon_serverless_gateway::durable"}
{"timestamp":"2026-09-17T11:54:12.793187Z","level":"INFO","message":"state store opened","path":"/private/var/folders/z7/khzdjrt95cg_fcmcnh4j1b5h0000gn/T/tsls-chaos.uZAtbr/data/state.db","schema_version":8,"migrations_applied":"[]","imported_state_json":"None","settled_invocations":0,"settled_attempts":0,"settled_environments":0,"released_leases":0,"dropped_idempotency_keys":0,"purged_idempotency_keys":0,"outputs_purged":0,"target":"tachyon_serverless_application::app"}
{"timestamp":"2026-09-17T11:54:12.793464Z","level":"INFO","message":"dispatcher registered","dispatcher_id":"dsp_01m2qkf7ds3q23995vyba9q6wq","instance":"chaos-a","pid":86613,"lease_ttl_seconds":6,"target":"tachyon_serverless_application::services::dispatcher"}
{"timestamp":"2026-09-17T11:54:12.793819Z","level":"WARN","message":"reclaimed the work of dispatchers that lost their lease","dispatcher_id":"dsp_01m2qkf7ds3q23995vyba9q6wq","reclaimed_dispatchers":"[DispatcherId(dsp_01m2qkf70cb15mw0qv7vks4crv)]","leases":0,"invocations":0,"attempts":0,"fenced":0,"target":"tachyon_serverless_application::services::dispatcher"}
{"timestamp":"2026-09-17T11:54:12.795447Z","level":"INFO","message":"application bootstrapped","profile":"dev","provider":"process","dev_only":true,"environment_reuse":false,"reuse_verified":false,"reuse_reason":"[pool] enabled is false","reuse_disabled":"Some(Configuration)","idle_quiesce":"unsupported","idle_resume":"unsupported","data_dir":"/private/var/folders/z7/khzdjrt95cg_fcmcnh4j1b5h0000gn/T/tsls-chaos.uZAtbr/data","store":"sqlite","dispatcher_id":"dsp_01m2qkf7ds3q23995vyba9q6wq","node":"local","node_region":"none","node_memory_mib":"None","max_concurrency":8,"queue":"nats","objects":"filesystem","invoke_async":true,"triggers":true,"target":"tachyon_serverless_application::app"}
{"timestamp":"2026-09-17T11:54:12.795748Z","level":"INFO","message":"startup reconcile finished","provider":"process","found":0,"adopted":0,"terminated":0,"disowned":0,"failed":0,"lost":0,"foreign":0,"reclaimed_dispatchers":0,"fenced_terminated":0,"fenced_pending":0,"target":"tachyon_serverless_application::services::reconcile"}
{"timestamp":"2026-09-17T11:54:12.795793Z","level":"INFO","message":"gateway listening","addr":"127.0.0.1:59032","profile":"dev","provider":"process","target":"tachyon_serverless_gateway"}
{"timestamp":"2026-09-17T11:54:12.796868Z","level":"INFO","message":"asynchronous dispatcher started","workers":2,"owner":"dsp_01m2qkf7ds3q23995vyba9q6wq","target":"tachyon_serverless_gateway"}
{"timestamp":"2026-09-17T11:54:12.814454Z","level":"INFO","message":"asynchronous run claimed","invocation_id":"inv_01m2qkf7aqfax620szwe2g2zyx","attempt":1,"generation":0,"delivery_count":1,"target":"tachyon_serverless_application::services::invoke_async::dispatch"}
{"timestamp":"2026-09-17T11:54:12.969466Z","level":"INFO","message":"bridge spawned","environment_id":"env_01m2qkf7efhyv9qb9y070nawpm","pid":86618,"target":"tachyon_serverless_provider_process"}
{"timestamp":"2026-09-17T11:54:13.285168Z","level":"INFO","message":"invocation finished","invocation_id":"inv_01m2qkf7aqfax620szwe2g2zyx","status":"succeeded (async run)","handler_ms":305,"environment_boot_ms":4,"runtime_init_ms":5,"target":"tachyon_serverless_application::services::invoke"}
{"timestamp":"2026-09-17T11:54:13.287087Z","level":"INFO","message":"terminating bridge","environment_id":"env_01m2qkf7efhyv9qb9y070nawpm","pid":86618,"reason":"Completed","graceful":true,"target":"tachyon_serverless_provider_process"}
{"timestamp":"2026-09-17T11:54:13.291557Z","level":"INFO","message":"asynchronous invocation settled","invocation_id":"inv_01m2qkf7aqfax620szwe2g2zyx","status":"succeeded","target":"tachyon_serverless_application::services::invoke_async::dispatch"}
{"timestamp":"2026-09-17T11:54:13.297976Z","level":"INFO","message":"async dispatch: delivery handled","message_id":"inv_01m2qkf7aqfax620szwe2g2zyx","sequence":7,"delivery_count":1,"outcome":"Completed { status: \"succeeded\" }","target":"tachyon_serverless_application::services::invoke_async::dispatch"}
{"timestamp":"2026-09-17T11:54:13.649421Z","level":"INFO","message":"bridge spawned","environment_id":"env_01m2qkf845c23etxxg8v1grq3z","pid":86698,"target":"tachyon_serverless_provider_process"}
{"timestamp":"2026-09-17T11:54:13.659643Z","level":"INFO","message":"invocation finished","invocation_id":"inv_01m2qkf845xzbjs3zet0pxpwb3","status":"succeeded","handler_ms":0,"environment_boot_ms":4,"runtime_init_ms":5,"target":"tachyon_serverless_application::services::invoke"}
{"timestamp":"2026-09-17T11:54:13.661299Z","level":"INFO","message":"terminating bridge","environment_id":"env_01m2qkf845c23etxxg8v1grq3z","pid":86698,"reason":"Completed","graceful":true,"target":"tachyon_serverless_provider_process"}
{"timestamp":"2026-09-17T11:54:13.709986Z","level":"INFO","message":"asynchronous invocation accepted","invocation_id":"inv_01m2qkf8ad4azsj6pksk5ws2r4","tenant_id":"tn_01hzzzzzzzzzzzzzzzzzzzzzza","revision_id":"rev_01m2qkf3mw3wjs50btbaqt36kx","input_bytes":48,"input_storage":"inline","target":"tachyon_serverless_application::services::invoke_async"}
{"timestamp":"2026-09-17T11:54:13.717024Z","level":"INFO","message":"asynchronous run claimed","invocation_id":"inv_01m2qkf8ad4azsj6pksk5ws2r4","attempt":1,"generation":0,"delivery_count":1,"target":"tachyon_serverless_application::services::invoke_async::dispatch"}
{"timestamp":"2026-09-17T11:54:13.771775Z","level":"INFO","message":"asynchronous invocation accepted","invocation_id":"inv_01m2qkf8bwb0extxnhh8m3gwtt","tenant_id":"tn_01hzzzzzzzzzzzzzzzzzzzzzza","revision_id":"rev_01m2qkf3mw3wjs50btbaqt36kx","input_bytes":4128,"input_storage":"object","target":"tachyon_serverless_application::services::invoke_async"}
{"timestamp":"2026-09-17T11:54:13.776857Z","level":"INFO","message":"asynchronous run claimed","invocation_id":"inv_01m2qkf8bwb0extxnhh8m3gwtt","attempt":1,"generation":0,"delivery_count":1,"target":"tachyon_serverless_application::services::invoke_async::dispatch"}
{"timestamp":"2026-09-17T11:54:13.800747Z","level":"INFO","message":"asynchronous invocation accepted","invocation_id":"inv_01m2qkf8d8qpt8bjzdj4yp1m41","tenant_id":"tn_01hzzzzzzzzzzzzzzzzzzzzzza","revision_id":"rev_01m2qkf448pvmjt0zsrpmb3zgg","input_bytes":191,"input_storage":"inline","target":"tachyon_serverless_application::services::invoke_async"}
{"timestamp":"2026-09-17T11:54:13.800788Z","level":"INFO","message":"webhook trigger fired","trigger_id":"trg_01m2qkf4syyzn6ygygnc65j0sn","event_id":"evt-post-w1","invocation_id":"inv_01m2qkf8d8qpt8bjzdj4yp1m41","revision_id":"rev_01m2qkf448pvmjt0zsrpmb3zgg","replayed":false,"target":"tachyon_serverless_application::services::triggers"}
{"timestamp":"2026-09-17T11:54:13.820313Z","level":"INFO","message":"trigger updated","trigger_id":"trg_01m2qkf4sjphvf45evtgs0fv62","generation":3,"status":"disabled","next_fire_at":"None","rotated_secret":false,"target":"tachyon_serverless_application::services::triggers"}
{"timestamp":"2026-09-17T11:54:13.874602Z","level":"INFO","message":"bridge spawned","environment_id":"env_01m2qkf8arjwnxpkn47tmd7ant","pid":86805,"target":"tachyon_serverless_provider_process"}
{"timestamp":"2026-09-17T11:54:13.884806Z","level":"INFO","message":"invocation finished","invocation_id":"inv_01m2qkf8ad4azsj6pksk5ws2r4","status":"succeeded (async run)","handler_ms":0,"environment_boot_ms":3,"runtime_init_ms":5,"target":"tachyon_serverless_application::services::invoke"}
{"timestamp":"2026-09-17T11:54:13.886403Z","level":"INFO","message":"terminating bridge","environment_id":"env_01m2qkf8arjwnxpkn47tmd7ant","pid":86805,"reason":"Completed","graceful":true,"target":"tachyon_serverless_provider_process"}
{"timestamp":"2026-09-17T11:54:13.889129Z","level":"INFO","message":"asynchronous invocation settled","invocation_id":"inv_01m2qkf8ad4azsj6pksk5ws2r4","status":"succeeded","target":"tachyon_serverless_application::services::invoke_async::dispatch"}
{"timestamp":"2026-09-17T11:54:13.894146Z","level":"INFO","message":"async dispatch: delivery handled","message_id":"inv_01m2qkf8ad4azsj6pksk5ws2r4","sequence":8,"delivery_count":1,"outcome":"Completed { status: \"succeeded\" }","target":"tachyon_serverless_application::services::invoke_async::dispatch"}
{"timestamp":"2026-09-17T11:54:13.894663Z","level":"INFO","message":"asynchronous run claimed","invocation_id":"inv_01m2qkf8d8qpt8bjzdj4yp1m41","attempt":1,"generation":0,"delivery_count":1,"target":"tachyon_serverless_application::services::invoke_async::dispatch"}
{"timestamp":"2026-09-17T11:54:13.939272Z","level":"INFO","message":"bridge spawned","environment_id":"env_01m2qkf8cjj3qvdwdbzxg5rf9y","pid":86810,"target":"tachyon_serverless_provider_process"}
{"timestamp":"2026-09-17T11:54:13.950477Z","level":"INFO","message":"invocation finished","invocation_id":"inv_01m2qkf8bwb0extxnhh8m3gwtt","status":"succeeded (async run)","handler_ms":1,"environment_boot_ms":4,"runtime_init_ms":5,"target":"tachyon_serverless_application::services::invoke"}
{"timestamp":"2026-09-17T11:54:13.950852Z","level":"INFO","message":"terminating bridge","environment_id":"env_01m2qkf8cjj3qvdwdbzxg5rf9y","pid":86810,"reason":"Completed","graceful":true,"target":"tachyon_serverless_provider_process"}
{"timestamp":"2026-09-17T11:54:13.953513Z","level":"INFO","message":"asynchronous invocation settled","invocation_id":"inv_01m2qkf8bwb0extxnhh8m3gwtt","status":"succeeded","target":"tachyon_serverless_application::services::invoke_async::dispatch"}
{"timestamp":"2026-09-17T11:54:13.959107Z","level":"INFO","message":"async dispatch: delivery handled","message_id":"inv_01m2qkf8bwb0extxnhh8m3gwtt","sequence":9,"delivery_count":1,"outcome":"Completed { status: \"succeeded\" }","target":"tachyon_serverless_application::services::invoke_async::dispatch"}
{"timestamp":"2026-09-17T11:54:14.064778Z","level":"INFO","message":"bridge spawned","environment_id":"env_01m2qkf8g6qr41m2z9z063m4ex","pid":86812,"target":"tachyon_serverless_provider_process"}
{"timestamp":"2026-09-17T11:54:14.074998Z","level":"INFO","message":"invocation finished","invocation_id":"inv_01m2qkf8d8qpt8bjzdj4yp1m41","status":"succeeded (async run)","handler_ms":0,"environment_boot_ms":4,"runtime_init_ms":4,"target":"tachyon_serverless_application::services::invoke"}
{"timestamp":"2026-09-17T11:54:14.076635Z","level":"INFO","message":"terminating bridge","environment_id":"env_01m2qkf8g6qr41m2z9z063m4ex","pid":86812,"reason":"Completed","graceful":true,"target":"tachyon_serverless_provider_process"}
{"timestamp":"2026-09-17T11:54:14.079227Z","level":"INFO","message":"asynchronous invocation settled","invocation_id":"inv_01m2qkf8d8qpt8bjzdj4yp1m41","status":"succeeded","target":"tachyon_serverless_application::services::invoke_async::dispatch"}
{"timestamp":"2026-09-17T11:54:14.084332Z","level":"INFO","message":"async dispatch: delivery handled","message_id":"inv_01m2qkf8d8qpt8bjzdj4yp1m41","sequence":10,"delivery_count":1,"outcome":"Completed { status: \"succeeded\" }","target":"tachyon_serverless_application::services::invoke_async::dispatch"}
{"timestamp":"2026-09-17T11:54:15.399293Z","level":"INFO","message":"SIGTERM received","target":"tachyon_serverless_gateway"}
{"timestamp":"2026-09-17T11:54:15.399322Z","level":"INFO","message":"shutdown requested; cancelling in-flight invocations","target":"tachyon_serverless_gateway"}
{"timestamp":"2026-09-17T11:54:15.399537Z","level":"INFO","message":"final usage collection","report":"CollectReport { batches: 0, read: 0, inserted: 0, duplicates: 0, cursor_seq: 65 }","target":"tachyon_serverless_gateway"}
{"timestamp":"2026-09-17T11:54:15.400405Z","level":"INFO","message":"gateway stopped","target":"tachyon_serverless_gateway"}
{"timestamp":"2026-09-17T11:54:15.400497Z","level":"INFO","message":"event: closed","target":"async_nats"}
