
===== a start (failpoints: none) 11:06:35 =====
{"timestamp":"2026-09-17T11:06:35.343027Z","level":"INFO","message":"configuration loaded","config":"/private/var/folders/z7/khzdjrt95cg_fcmcnh4j1b5h0000gn/T/tsls-chaos.Tfgwx5/gw-a.toml","target":"tachyon_serverless_gateway"}
{"timestamp":"2026-09-17T11:06:35.346229Z","level":"INFO","message":"connected successfully","server":"63405","max_payload":"1048576","target":"async_nats::connector"}
{"timestamp":"2026-09-17T11:06:35.346496Z","level":"INFO","message":"event: connected","target":"async_nats"}
{"timestamp":"2026-09-17T11:06:35.362798Z","level":"INFO","message":"JetStream queue connected and stream bootstrapped","url":"nats://127.0.0.1:63405","stream":"TACHYON_EVENTS","target":"tachyon_serverless_gateway::durable"}
{"timestamp":"2026-09-17T11:06:35.379365Z","level":"INFO","message":"state store opened","path":"/private/var/folders/z7/khzdjrt95cg_fcmcnh4j1b5h0000gn/T/tsls-chaos.Tfgwx5/data/state.db","schema_version":8,"migrations_applied":"[1, 2, 3, 4, 5, 6, 7, 8]","imported_state_json":"None","settled_invocations":0,"settled_attempts":0,"settled_environments":0,"released_leases":0,"dropped_idempotency_keys":0,"purged_idempotency_keys":0,"outputs_purged":0,"target":"tachyon_serverless_application::app"}
{"timestamp":"2026-09-17T11:06:35.379964Z","level":"INFO","message":"dispatcher registered","dispatcher_id":"dsp_01m2qgr0zkzf08wmjm1z3pp1ae","instance":"chaos-a","pid":353,"lease_ttl_seconds":6,"target":"tachyon_serverless_application::services::dispatcher"}
{"timestamp":"2026-09-17T11:06:35.385318Z","level":"INFO","message":"application bootstrapped","profile":"dev","provider":"process","dev_only":true,"environment_reuse":false,"reuse_verified":false,"reuse_reason":"[pool] enabled is false","reuse_disabled":"Some(Configuration)","idle_quiesce":"unsupported","idle_resume":"unsupported","data_dir":"/private/var/folders/z7/khzdjrt95cg_fcmcnh4j1b5h0000gn/T/tsls-chaos.Tfgwx5/data","store":"sqlite","dispatcher_id":"dsp_01m2qgr0zkzf08wmjm1z3pp1ae","node":"local","node_region":"none","node_memory_mib":"None","max_concurrency":8,"queue":"nats","objects":"filesystem","invoke_async":true,"triggers":true,"target":"tachyon_serverless_application::app"}
{"timestamp":"2026-09-17T11:06:35.385717Z","level":"INFO","message":"startup reconcile finished","provider":"process","found":0,"adopted":0,"terminated":0,"disowned":0,"failed":0,"lost":0,"foreign":0,"reclaimed_dispatchers":0,"fenced_terminated":0,"fenced_pending":0,"target":"tachyon_serverless_application::services::reconcile"}
{"timestamp":"2026-09-17T11:06:35.385864Z","level":"INFO","message":"gateway listening","addr":"127.0.0.1:63411","profile":"dev","provider":"process","target":"tachyon_serverless_gateway"}
{"timestamp":"2026-09-17T11:06:35.388369Z","level":"INFO","message":"asynchronous dispatcher started","workers":2,"owner":"dsp_01m2qgr0zkzf08wmjm1z3pp1ae","target":"tachyon_serverless_gateway"}
{"timestamp":"2026-09-17T11:06:36.997659Z","level":"INFO","message":"revision ready","revision_id":"rev_01m2qgr263vv4mm36hzh5g2hfk","function_id":"fn_01m2qgr19qqxxfp43tb5dvsa8h","target":"tachyon_serverless_application::services::revision"}
{"timestamp":"2026-09-17T11:06:38.400800Z","level":"INFO","message":"revision ready","revision_id":"rev_01m2qgr3j5d229p8kveq231nvw","function_id":"fn_01m2qgr2rsvqhj3eszmf0g8wxa","target":"tachyon_serverless_application::services::revision"}
{"timestamp":"2026-09-17T11:06:39.705052Z","level":"INFO","message":"revision ready","revision_id":"rev_01m2qgr4v75kwq1frr3k5dt019","function_id":"fn_01m2qgr41c51v82nhshch60c8f","target":"tachyon_serverless_application::services::revision"}
{"timestamp":"2026-09-17T11:06:39.855017Z","level":"INFO","message":"trigger created","trigger_id":"trg_01m2qgr5becqc24znkptya0r3n","function_id":"fn_01m2qgr2rsvqhj3eszmf0g8wxa","kind":"cron","enabled":true,"next_fire_at":"Some(2026-09-17T11:06:40Z)","target":"tachyon_serverless_application::services::triggers"}
{"timestamp":"2026-09-17T11:06:39.888114Z","level":"INFO","message":"trigger created","trigger_id":"trg_01m2qgr5cf476tdmb6vvtq6g88","function_id":"fn_01m2qgr2rsvqhj3eszmf0g8wxa","kind":"webhook","enabled":true,"next_fire_at":"None","target":"tachyon_serverless_application::services::triggers"}
{"timestamp":"2026-09-17T11:06:40.004999Z","level":"INFO","message":"asynchronous invocation accepted","invocation_id":"inv_01m2qgr5g3rgmmqcy7nm2td4we","tenant_id":"tn_01hzzzzzzzzzzzzzzzzzzzzzza","revision_id":"rev_01m2qgr3j5d229p8kveq231nvw","input_bytes":180,"input_storage":"inline","target":"tachyon_serverless_application::services::invoke_async"}
{"timestamp":"2026-09-17T11:06:40.005090Z","level":"INFO","message":"cron trigger fired","trigger_id":"trg_01m2qgr5becqc24znkptya0r3n","scheduled_at":"2026-09-17T11:06:40Z","invocation_id":"inv_01m2qgr5g3rgmmqcy7nm2td4we","revision_id":"rev_01m2qgr3j5d229p8kveq231nvw","replayed":false,"target":"tachyon_serverless_application::services::triggers"}
{"timestamp":"2026-09-17T11:06:40.016797Z","level":"INFO","message":"asynchronous run claimed","invocation_id":"inv_01m2qgr5g3rgmmqcy7nm2td4we","attempt":1,"generation":0,"delivery_count":1,"target":"tachyon_serverless_application::services::invoke_async::dispatch"}
{"timestamp":"2026-09-17T11:06:40.310174Z","level":"INFO","message":"bridge spawned","environment_id":"env_01m2qgr5ebjsmmbpadkzybxdxs","pid":831,"target":"tachyon_serverless_provider_process"}
{"timestamp":"2026-09-17T11:06:40.379584Z","level":"INFO","message":"bridge spawned","environment_id":"env_01m2qgr5ghhx3gpvwpvt9ff139","pid":833,"target":"tachyon_serverless_provider_process"}
{"timestamp":"2026-09-17T11:06:40.831455Z","level":"INFO","message":"invocation finished","invocation_id":"inv_01m2qgr5g3rgmmqcy7nm2td4we","status":"succeeded (async run)","handler_ms":2,"environment_boot_ms":15,"runtime_init_ms":430,"target":"tachyon_serverless_application::services::invoke"}
{"timestamp":"2026-09-17T11:06:40.833172Z","level":"INFO","message":"invocation finished","invocation_id":"inv_01m2qgr5eaf8dqx97gxxrthcby","status":"succeeded","handler_ms":1,"environment_boot_ms":11,"runtime_init_ms":503,"target":"tachyon_serverless_application::services::invoke"}
{"timestamp":"2026-09-17T11:06:40.833497Z","level":"INFO","message":"terminating bridge","environment_id":"env_01m2qgr5ghhx3gpvwpvt9ff139","pid":833,"reason":"Completed","graceful":true,"target":"tachyon_serverless_provider_process"}
{"timestamp":"2026-09-17T11:06:40.835130Z","level":"INFO","message":"terminating bridge","environment_id":"env_01m2qgr5ebjsmmbpadkzybxdxs","pid":831,"reason":"Completed","graceful":true,"target":"tachyon_serverless_provider_process"}
{"timestamp":"2026-09-17T11:06:40.846321Z","level":"INFO","message":"asynchronous invocation settled","invocation_id":"inv_01m2qgr5g3rgmmqcy7nm2td4we","status":"succeeded","target":"tachyon_serverless_application::services::invoke_async::dispatch"}
{"timestamp":"2026-09-17T11:06:40.854788Z","level":"INFO","message":"async dispatch: delivery handled","message_id":"inv_01m2qgr5g3rgmmqcy7nm2td4we","sequence":1,"delivery_count":1,"outcome":"Completed { status: \"succeeded\" }","target":"tachyon_serverless_application::services::invoke_async::dispatch"}
{"timestamp":"2026-09-17T11:06:41.005867Z","level":"INFO","message":"asynchronous invocation accepted","invocation_id":"inv_01m2qgr6fctj7ps0824bsw456z","tenant_id":"tn_01hzzzzzzzzzzzzzzzzzzzzzza","revision_id":"rev_01m2qgr263vv4mm36hzh5g2hfk","input_bytes":47,"input_storage":"inline","target":"tachyon_serverless_application::services::invoke_async"}
{"timestamp":"2026-09-17T11:06:41.015934Z","level":"INFO","message":"asynchronous run claimed","invocation_id":"inv_01m2qgr6fctj7ps0824bsw456z","attempt":1,"generation":0,"delivery_count":1,"target":"tachyon_serverless_application::services::invoke_async::dispatch"}
{"timestamp":"2026-09-17T11:06:41.179087Z","level":"INFO","message":"asynchronous invocation accepted","invocation_id":"inv_01m2qgr6m536yevt64wn2cthvd","tenant_id":"tn_01hzzzzzzzzzzzzzzzzzzzzzza","revision_id":"rev_01m2qgr263vv4mm36hzh5g2hfk","input_bytes":4127,"input_storage":"object","target":"tachyon_serverless_application::services::invoke_async"}
{"timestamp":"2026-09-17T11:06:41.191001Z","level":"INFO","message":"asynchronous run claimed","invocation_id":"inv_01m2qgr6m536yevt64wn2cthvd","attempt":1,"generation":0,"delivery_count":1,"target":"tachyon_serverless_application::services::invoke_async::dispatch"}
{"timestamp":"2026-09-17T11:06:41.294750Z","level":"INFO","message":"asynchronous invocation accepted","invocation_id":"inv_01m2qgr6r9kkd93ctbtx53ekky","tenant_id":"tn_01hzzzzzzzzzzzzzzzzzzzzzza","revision_id":"rev_01m2qgr3j5d229p8kveq231nvw","input_bytes":189,"input_storage":"inline","target":"tachyon_serverless_application::services::invoke_async"}
{"timestamp":"2026-09-17T11:06:41.294888Z","level":"INFO","message":"webhook trigger fired","trigger_id":"trg_01m2qgr5cf476tdmb6vvtq6g88","event_id":"evt-pre-w1","invocation_id":"inv_01m2qgr6r9kkd93ctbtx53ekky","revision_id":"rev_01m2qgr3j5d229p8kveq231nvw","replayed":false,"target":"tachyon_serverless_application::services::triggers"}
{"timestamp":"2026-09-17T11:06:41.384336Z","level":"INFO","message":"trigger updated","trigger_id":"trg_01m2qgr5becqc24znkptya0r3n","generation":2,"status":"disabled","next_fire_at":"None","rotated_secret":false,"target":"tachyon_serverless_application::services::triggers"}
{"timestamp":"2026-09-17T11:06:41.396211Z","level":"INFO","message":"bridge spawned","environment_id":"env_01m2qgr6frkp6kspyhzvm0hzy0","pid":927,"target":"tachyon_serverless_provider_process"}
{"timestamp":"2026-09-17T11:06:41.529871Z","level":"INFO","message":"asynchronous invocation accepted","invocation_id":"inv_01m2qgr6zrmvvbm799n6wbwyaa","tenant_id":"tn_01hzzzzzzzzzzzzzzzzzzzzzza","revision_id":"rev_01m2qgr263vv4mm36hzh5g2hfk","input_bytes":65,"input_storage":"inline","target":"tachyon_serverless_application::services::invoke_async"}
{"timestamp":"2026-09-17T11:06:41.577151Z","level":"INFO","message":"bridge spawned","environment_id":"env_01m2qgr6nbrnnqnn44d9q0mj67","pid":947,"target":"tachyon_serverless_provider_process"}
{"timestamp":"2026-09-17T11:06:41.808005Z","level":"INFO","message":"invocation finished","invocation_id":"inv_01m2qgr6fctj7ps0824bsw456z","status":"succeeded (async run)","handler_ms":2,"environment_boot_ms":13,"runtime_init_ms":389,"target":"tachyon_serverless_application::services::invoke"}
{"timestamp":"2026-09-17T11:06:41.808826Z","level":"INFO","message":"invocation finished","invocation_id":"inv_01m2qgr6m536yevt64wn2cthvd","status":"succeeded (async run)","handler_ms":3,"environment_boot_ms":15,"runtime_init_ms":207,"target":"tachyon_serverless_application::services::invoke"}
{"timestamp":"2026-09-17T11:06:41.810188Z","level":"INFO","message":"terminating bridge","environment_id":"env_01m2qgr6frkp6kspyhzvm0hzy0","pid":927,"reason":"Completed","graceful":true,"target":"tachyon_serverless_provider_process"}
{"timestamp":"2026-09-17T11:06:41.810342Z","level":"INFO","message":"terminating bridge","environment_id":"env_01m2qgr6nbrnnqnn44d9q0mj67","pid":947,"reason":"Completed","graceful":true,"target":"tachyon_serverless_provider_process"}
{"timestamp":"2026-09-17T11:06:41.818176Z","level":"INFO","message":"asynchronous invocation settled","invocation_id":"inv_01m2qgr6m536yevt64wn2cthvd","status":"succeeded","target":"tachyon_serverless_application::services::invoke_async::dispatch"}
{"timestamp":"2026-09-17T11:06:41.819496Z","level":"INFO","message":"asynchronous invocation settled","invocation_id":"inv_01m2qgr6fctj7ps0824bsw456z","status":"succeeded","target":"tachyon_serverless_application::services::invoke_async::dispatch"}
{"timestamp":"2026-09-17T11:06:41.824184Z","level":"INFO","message":"async dispatch: delivery handled","message_id":"inv_01m2qgr6m536yevt64wn2cthvd","sequence":3,"delivery_count":1,"outcome":"Completed { status: \"succeeded\" }","target":"tachyon_serverless_application::services::invoke_async::dispatch"}
{"timestamp":"2026-09-17T11:06:41.828302Z","level":"INFO","message":"async dispatch: delivery handled","message_id":"inv_01m2qgr6fctj7ps0824bsw456z","sequence":2,"delivery_count":1,"outcome":"Completed { status: \"succeeded\" }","target":"tachyon_serverless_application::services::invoke_async::dispatch"}
{"timestamp":"2026-09-17T11:06:41.831895Z","level":"INFO","message":"asynchronous run claimed","invocation_id":"inv_01m2qgr6r9kkd93ctbtx53ekky","attempt":1,"generation":0,"delivery_count":1,"target":"tachyon_serverless_application::services::invoke_async::dispatch"}
{"timestamp":"2026-09-17T11:06:41.832644Z","level":"INFO","message":"asynchronous run claimed","invocation_id":"inv_01m2qgr6zrmvvbm799n6wbwyaa","attempt":1,"generation":0,"delivery_count":1,"target":"tachyon_serverless_application::services::invoke_async::dispatch"}
{"timestamp":"2026-09-17T11:06:42.203228Z","level":"INFO","message":"bridge spawned","environment_id":"env_01m2qgr798fhmvjer9fx37m1nx","pid":958,"target":"tachyon_serverless_provider_process"}
{"timestamp":"2026-09-17T11:06:42.212773Z","level":"INFO","message":"bridge spawned","environment_id":"env_01m2qgr799q5ymhbbdph359307","pid":959,"target":"tachyon_serverless_provider_process"}
{"timestamp":"2026-09-17T11:06:42.237840Z","level":"INFO","message":"invocation finished","invocation_id":"inv_01m2qgr6r9kkd93ctbtx53ekky","status":"succeeded (async run)","handler_ms":3,"environment_boot_ms":12,"runtime_init_ms":18,"target":"tachyon_serverless_application::services::invoke"}
{"timestamp":"2026-09-17T11:06:42.240145Z","level":"INFO","message":"terminating bridge","environment_id":"env_01m2qgr798fhmvjer9fx37m1nx","pid":958,"reason":"Completed","graceful":true,"target":"tachyon_serverless_provider_process"}
{"timestamp":"2026-09-17T11:06:42.252886Z","level":"INFO","message":"asynchronous invocation settled","invocation_id":"inv_01m2qgr6r9kkd93ctbtx53ekky","status":"succeeded","target":"tachyon_serverless_application::services::invoke_async::dispatch"}
{"timestamp":"2026-09-17T11:06:42.259857Z","level":"INFO","message":"async dispatch: delivery handled","message_id":"inv_01m2qgr6r9kkd93ctbtx53ekky","sequence":4,"delivery_count":1,"outcome":"Completed { status: \"succeeded\" }","target":"tachyon_serverless_application::services::invoke_async::dispatch"}
{"timestamp":"2026-09-17T11:06:43.520084Z","level":"INFO","message":"invocation finished","invocation_id":"inv_01m2qgr6zrmvvbm799n6wbwyaa","status":"failed (async run)","handler_ms":1271,"environment_boot_ms":14,"runtime_init_ms":19,"target":"tachyon_serverless_application::services::invoke"}
{"timestamp":"2026-09-17T11:06:43.524978Z","level":"INFO","message":"asynchronous invocation rescheduled","invocation_id":"inv_01m2qgr6zrmvvbm799n6wbwyaa","next_attempt_at":"2026-09-17T11:06:43.624012+00:00","counted":true,"error_type":"Host.OutcomeUnknown","target":"tachyon_serverless_application::services::invoke_async::dispatch"}
{"timestamp":"2026-09-17T11:06:43.531929Z","level":"INFO","message":"async dispatch: delivery handled","message_id":"inv_01m2qgr6zrmvvbm799n6wbwyaa","sequence":5,"delivery_count":1,"outcome":"Rescheduled { next_attempt_at: 2026-09-17T11:06:43.624012Z, counted: true }","target":"tachyon_serverless_application::services::invoke_async::dispatch"}
{"timestamp":"2026-09-17T11:06:43.636664Z","level":"INFO","message":"asynchronous run claimed","invocation_id":"inv_01m2qgr6zrmvvbm799n6wbwyaa","attempt":2,"generation":1,"delivery_count":1,"target":"tachyon_serverless_application::services::invoke_async::dispatch"}
{"timestamp":"2026-09-17T11:06:44.033119Z","level":"INFO","message":"bridge spawned","environment_id":"env_01m2qgr91nbewrmfdfpngeyass","pid":997,"target":"tachyon_serverless_provider_process"}
{"timestamp":"2026-09-17T11:06:47.393475Z","level":"INFO","message":"object retention pass","report":"GcReport { examined: 1, collected_expired: 0, collected_orphans: 0, kept_in_use: 0, kept_referenced: 1, incomplete_removed: 0, tombstones_purged: 0, failed: 0 }","target":"tachyon_serverless_gateway"}
{"timestamp":"2026-09-17T11:06:47.652268Z","level":"INFO","message":"async dispatch: delivery handled","message_id":"inv_01m2qgr6zrmvvbm799n6wbwyaa.g1","sequence":6,"delivery_count":2,"outcome":"Skipped(\"claimed\")","target":"tachyon_serverless_application::services::invoke_async::dispatch"}
{"timestamp":"2026-09-17T11:06:49.397609Z","level":"INFO","message":"object retention pass","report":"GcReport { examined: 1, collected_expired: 0, collected_orphans: 0, kept_in_use: 0, kept_referenced: 1, incomplete_removed: 0, tombstones_purged: 0, failed: 0 }","target":"tachyon_serverless_gateway"}
{"timestamp":"2026-09-17T11:06:50.085611Z","level":"INFO","message":"invocation finished","invocation_id":"inv_01m2qgr6zrmvvbm799n6wbwyaa","status":"succeeded (async run)","handler_ms":6005,"environment_boot_ms":19,"runtime_init_ms":22,"target":"tachyon_serverless_application::services::invoke"}
{"timestamp":"2026-09-17T11:06:50.087788Z","level":"INFO","message":"terminating bridge","environment_id":"env_01m2qgr91nbewrmfdfpngeyass","pid":997,"reason":"Completed","graceful":true,"target":"tachyon_serverless_provider_process"}
{"timestamp":"2026-09-17T11:06:50.095634Z","level":"INFO","message":"asynchronous invocation settled","invocation_id":"inv_01m2qgr6zrmvvbm799n6wbwyaa","status":"succeeded","target":"tachyon_serverless_application::services::invoke_async::dispatch"}
{"timestamp":"2026-09-17T11:06:50.096182Z","level":"INFO","message":"async dispatch: delivery handled","message_id":"inv_01m2qgr6zrmvvbm799n6wbwyaa.g1","sequence":6,"delivery_count":1,"outcome":"Completed { status: \"succeeded\" }","target":"tachyon_serverless_application::services::invoke_async::dispatch"}
{"timestamp":"2026-09-17T11:06:50.692114Z","level":"INFO","message":"trigger updated","trigger_id":"trg_01m2qgr5becqc24znkptya0r3n","generation":3,"status":"disabled","next_fire_at":"None","rotated_secret":false,"target":"tachyon_serverless_application::services::triggers"}
{"timestamp":"2026-09-17T11:06:51.391880Z","level":"INFO","message":"object retention pass","report":"GcReport { examined: 1, collected_expired: 0, collected_orphans: 0, kept_in_use: 0, kept_referenced: 1, incomplete_removed: 0, tombstones_purged: 0, failed: 0 }","target":"tachyon_serverless_gateway"}
{"timestamp":"2026-09-17T11:06:53.063772Z","level":"INFO","message":"SIGTERM received","target":"tachyon_serverless_gateway"}
{"timestamp":"2026-09-17T11:06:53.063863Z","level":"INFO","message":"shutdown requested; cancelling in-flight invocations","target":"tachyon_serverless_gateway"}
{"timestamp":"2026-09-17T11:06:53.064536Z","level":"INFO","message":"final usage collection","report":"CollectReport { batches: 0, read: 0, inserted: 0, duplicates: 0, cursor_seq: 35 }","target":"tachyon_serverless_gateway"}
{"timestamp":"2026-09-17T11:06:53.066314Z","level":"INFO","message":"gateway stopped","target":"tachyon_serverless_gateway"}
{"timestamp":"2026-09-17T11:06:53.066616Z","level":"INFO","message":"event: closed","target":"async_nats"}
