
===== a start (failpoints: none) 11:31:35 =====
{"timestamp":"2026-09-17T11:31:35.068034Z","level":"INFO","message":"configuration loaded","config":"/private/var/folders/z7/khzdjrt95cg_fcmcnh4j1b5h0000gn/T/tsls-chaos.GSJ8OT/gw-a.toml","target":"tachyon_serverless_gateway"}
{"timestamp":"2026-09-17T11:31:35.070068Z","level":"INFO","message":"connected successfully","server":"54077","max_payload":"1048576","target":"async_nats::connector"}
{"timestamp":"2026-09-17T11:31:35.070156Z","level":"INFO","message":"event: connected","target":"async_nats"}
{"timestamp":"2026-09-17T11:31:35.084246Z","level":"INFO","message":"JetStream queue connected and stream bootstrapped","url":"nats://127.0.0.1:54077","stream":"TACHYON_EVENTS","target":"tachyon_serverless_gateway::durable"}
{"timestamp":"2026-09-17T11:31:35.090646Z","level":"INFO","message":"state store opened","path":"/private/var/folders/z7/khzdjrt95cg_fcmcnh4j1b5h0000gn/T/tsls-chaos.GSJ8OT/data/state.db","schema_version":8,"migrations_applied":"[1, 2, 3, 4, 5, 6, 7, 8]","imported_state_json":"None","settled_invocations":0,"settled_attempts":0,"settled_environments":0,"released_leases":0,"dropped_idempotency_keys":0,"purged_idempotency_keys":0,"outputs_purged":0,"target":"tachyon_serverless_application::app"}
{"timestamp":"2026-09-17T11:31:35.090867Z","level":"INFO","message":"dispatcher registered","dispatcher_id":"dsp_01m2qj5shjdt3dja6fpca6ge0e","instance":"chaos-a","pid":49164,"lease_ttl_seconds":6,"target":"tachyon_serverless_application::services::dispatcher"}
{"timestamp":"2026-09-17T11:31:35.093167Z","level":"INFO","message":"application bootstrapped","profile":"dev","provider":"process","dev_only":true,"environment_reuse":false,"reuse_verified":false,"reuse_reason":"[pool] enabled is false","reuse_disabled":"Some(Configuration)","idle_quiesce":"unsupported","idle_resume":"unsupported","data_dir":"/private/var/folders/z7/khzdjrt95cg_fcmcnh4j1b5h0000gn/T/tsls-chaos.GSJ8OT/data","store":"sqlite","dispatcher_id":"dsp_01m2qj5shjdt3dja6fpca6ge0e","node":"local","node_region":"none","node_memory_mib":"None","max_concurrency":8,"queue":"nats","objects":"filesystem","invoke_async":true,"triggers":true,"target":"tachyon_serverless_application::app"}
{"timestamp":"2026-09-17T11:31:35.093318Z","level":"INFO","message":"startup reconcile finished","provider":"process","found":0,"adopted":0,"terminated":0,"disowned":0,"failed":0,"lost":0,"foreign":0,"reclaimed_dispatchers":0,"fenced_terminated":0,"fenced_pending":0,"target":"tachyon_serverless_application::services::reconcile"}
{"timestamp":"2026-09-17T11:31:35.093366Z","level":"INFO","message":"gateway listening","addr":"127.0.0.1:54081","profile":"dev","provider":"process","target":"tachyon_serverless_gateway"}
{"timestamp":"2026-09-17T11:31:35.094410Z","level":"INFO","message":"asynchronous dispatcher started","workers":2,"owner":"dsp_01m2qj5shjdt3dja6fpca6ge0e","target":"tachyon_serverless_gateway"}
{"timestamp":"2026-09-17T11:31:35.858275Z","level":"INFO","message":"revision ready","revision_id":"rev_01m2qj5t54ezdhbtehmar5w5hz","function_id":"fn_01m2qj5svdhg1tt5p6grne74n5","target":"tachyon_serverless_application::services::revision"}
{"timestamp":"2026-09-17T11:31:36.362157Z","level":"INFO","message":"revision ready","revision_id":"rev_01m2qj5tmqse25vy1rrt08tseq","function_id":"fn_01m2qj5take4dz3z7r40jck3mt","target":"tachyon_serverless_application::services::revision"}
{"timestamp":"2026-09-17T11:31:36.871066Z","level":"INFO","message":"revision ready","revision_id":"rev_01m2qj5v4em5tb8jfxgs5vrjy7","function_id":"fn_01m2qj5tt42qt9m9at6k62ha85","target":"tachyon_serverless_application::services::revision"}
{"timestamp":"2026-09-17T11:31:36.893884Z","level":"INFO","message":"trigger created","trigger_id":"trg_01m2qj5v9xg6c2sv2cb8qcttky","function_id":"fn_01m2qj5take4dz3z7r40jck3mt","kind":"cron","enabled":true,"next_fire_at":"Some(2026-09-17T11:31:38Z)","target":"tachyon_serverless_application::services::triggers"}
{"timestamp":"2026-09-17T11:31:36.905421Z","level":"INFO","message":"trigger created","trigger_id":"trg_01m2qj5va9g4hfyqgs8egyx2j2","function_id":"fn_01m2qj5take4dz3z7r40jck3mt","kind":"webhook","enabled":true,"next_fire_at":"None","target":"tachyon_serverless_application::services::triggers"}
{"timestamp":"2026-09-17T11:31:37.082035Z","level":"INFO","message":"bridge spawned","environment_id":"env_01m2qj5vaz2r4kay2h0dcg6q67","pid":49427,"target":"tachyon_serverless_provider_process"}
{"timestamp":"2026-09-17T11:31:37.405887Z","level":"INFO","message":"invocation finished","invocation_id":"inv_01m2qj5vayxx4mv5zxwkkjvyvh","status":"succeeded","handler_ms":1,"environment_boot_ms":4,"runtime_init_ms":314,"target":"tachyon_serverless_application::services::invoke"}
{"timestamp":"2026-09-17T11:31:37.408015Z","level":"INFO","message":"terminating bridge","environment_id":"env_01m2qj5vaz2r4kay2h0dcg6q67","pid":49427,"reason":"Completed","graceful":true,"target":"tachyon_serverless_provider_process"}
{"timestamp":"2026-09-17T11:31:37.476575Z","level":"INFO","message":"asynchronous invocation accepted","invocation_id":"inv_01m2qj5vw3hn7x0z2apjjjztp3","tenant_id":"tn_01hzzzzzzzzzzzzzzzzzzzzzza","revision_id":"rev_01m2qj5t54ezdhbtehmar5w5hz","input_bytes":47,"input_storage":"inline","target":"tachyon_serverless_application::services::invoke_async"}
{"timestamp":"2026-09-17T11:31:37.486740Z","level":"INFO","message":"asynchronous run claimed","invocation_id":"inv_01m2qj5vw3hn7x0z2apjjjztp3","attempt":1,"generation":0,"delivery_count":1,"target":"tachyon_serverless_application::services::invoke_async::dispatch"}
{"timestamp":"2026-09-17T11:31:37.544256Z","level":"INFO","message":"asynchronous invocation accepted","invocation_id":"inv_01m2qj5vxpksnt581e00mmc49a","tenant_id":"tn_01hzzzzzzzzzzzzzzzzzzzzzza","revision_id":"rev_01m2qj5t54ezdhbtehmar5w5hz","input_bytes":4127,"input_storage":"object","target":"tachyon_serverless_application::services::invoke_async"}
{"timestamp":"2026-09-17T11:31:37.549377Z","level":"INFO","message":"asynchronous run claimed","invocation_id":"inv_01m2qj5vxpksnt581e00mmc49a","attempt":1,"generation":0,"delivery_count":1,"target":"tachyon_serverless_application::services::invoke_async::dispatch"}
{"timestamp":"2026-09-17T11:31:37.574678Z","level":"INFO","message":"asynchronous invocation accepted","invocation_id":"inv_01m2qj5vz6h8qt4m91ya6kv62j","tenant_id":"tn_01hzzzzzzzzzzzzzzzzzzzzzza","revision_id":"rev_01m2qj5tmqse25vy1rrt08tseq","input_bytes":189,"input_storage":"inline","target":"tachyon_serverless_application::services::invoke_async"}
{"timestamp":"2026-09-17T11:31:37.574721Z","level":"INFO","message":"webhook trigger fired","trigger_id":"trg_01m2qj5va9g4hfyqgs8egyx2j2","event_id":"evt-pre-w1","invocation_id":"inv_01m2qj5vz6h8qt4m91ya6kv62j","revision_id":"rev_01m2qj5tmqse25vy1rrt08tseq","replayed":false,"target":"tachyon_serverless_application::services::triggers"}
{"timestamp":"2026-09-17T11:31:37.647793Z","level":"INFO","message":"bridge spawned","environment_id":"env_01m2qj5vwemq9hjj2tkcqdtpb6","pid":49504,"target":"tachyon_serverless_provider_process"}
{"timestamp":"2026-09-17T11:31:37.726997Z","level":"INFO","message":"bridge spawned","environment_id":"env_01m2qj5vyeh1c1se4s9a5j0weg","pid":49506,"target":"tachyon_serverless_provider_process"}
{"timestamp":"2026-09-17T11:31:37.772508Z","level":"INFO","message":"bridge spawned","environment_id":"env_01m2qj5vzs84ax1hb45yns3q6c","pid":49508,"target":"tachyon_serverless_provider_process"}
{"timestamp":"2026-09-17T11:31:37.784462Z","level":"INFO","message":"invocation finished","invocation_id":"inv_01m2qj5vzstfhn0tjx27d2rsap","status":"succeeded","handler_ms":0,"environment_boot_ms":4,"runtime_init_ms":5,"target":"tachyon_serverless_application::services::invoke"}
{"timestamp":"2026-09-17T11:31:37.786144Z","level":"INFO","message":"terminating bridge","environment_id":"env_01m2qj5vzs84ax1hb45yns3q6c","pid":49508,"reason":"Completed","graceful":true,"target":"tachyon_serverless_provider_process"}
{"timestamp":"2026-09-17T11:31:37.851810Z","level":"INFO","message":"asynchronous invocation accepted","invocation_id":"inv_01m2qj5w7vs5pmf6j80hk29s15","tenant_id":"tn_01hzzzzzzzzzzzzzzzzzzzzzza","revision_id":"rev_01m2qj5t54ezdhbtehmar5w5hz","input_bytes":47,"input_storage":"inline","target":"tachyon_serverless_application::services::invoke_async"}
{"timestamp":"2026-09-17T11:31:37.890868Z","level":"INFO","message":"invocation finished","invocation_id":"inv_01m2qj5vw3hn7x0z2apjjjztp3","status":"succeeded (async run)","handler_ms":0,"environment_boot_ms":4,"runtime_init_ms":235,"target":"tachyon_serverless_application::services::invoke"}
{"timestamp":"2026-09-17T11:31:37.891566Z","level":"INFO","message":"invocation finished","invocation_id":"inv_01m2qj5vxpksnt581e00mmc49a","status":"succeeded (async run)","handler_ms":2,"environment_boot_ms":4,"runtime_init_ms":156,"target":"tachyon_serverless_application::services::invoke"}
{"timestamp":"2026-09-17T11:31:37.891960Z","level":"INFO","message":"terminating bridge","environment_id":"env_01m2qj5vwemq9hjj2tkcqdtpb6","pid":49504,"reason":"Completed","graceful":true,"target":"tachyon_serverless_provider_process"}
{"timestamp":"2026-09-17T11:31:37.892838Z","level":"INFO","message":"terminating bridge","environment_id":"env_01m2qj5vyeh1c1se4s9a5j0weg","pid":49506,"reason":"Completed","graceful":true,"target":"tachyon_serverless_provider_process"}
{"timestamp":"2026-09-17T11:31:37.895359Z","level":"INFO","message":"asynchronous invocation settled","invocation_id":"inv_01m2qj5vw3hn7x0z2apjjjztp3","status":"succeeded","target":"tachyon_serverless_application::services::invoke_async::dispatch"}
{"timestamp":"2026-09-17T11:31:37.901237Z","level":"INFO","message":"async dispatch: delivery handled","message_id":"inv_01m2qj5vw3hn7x0z2apjjjztp3","sequence":1,"delivery_count":1,"outcome":"Completed { status: \"succeeded\" }","target":"tachyon_serverless_application::services::invoke_async::dispatch"}
{"timestamp":"2026-09-17T11:31:37.902000Z","level":"INFO","message":"asynchronous invocation settled","invocation_id":"inv_01m2qj5vxpksnt581e00mmc49a","status":"succeeded","target":"tachyon_serverless_application::services::invoke_async::dispatch"}
{"timestamp":"2026-09-17T11:31:37.909161Z","level":"INFO","message":"asynchronous run claimed","invocation_id":"inv_01m2qj5vz6h8qt4m91ya6kv62j","attempt":1,"generation":0,"delivery_count":1,"target":"tachyon_serverless_application::services::invoke_async::dispatch"}
{"timestamp":"2026-09-17T11:31:37.913080Z","level":"INFO","message":"async dispatch: delivery handled","message_id":"inv_01m2qj5vxpksnt581e00mmc49a","sequence":2,"delivery_count":1,"outcome":"Completed { status: \"succeeded\" }","target":"tachyon_serverless_application::services::invoke_async::dispatch"}
{"timestamp":"2026-09-17T11:31:37.913637Z","level":"INFO","message":"asynchronous run claimed","invocation_id":"inv_01m2qj5w7vs5pmf6j80hk29s15","attempt":1,"generation":0,"delivery_count":1,"target":"tachyon_serverless_application::services::invoke_async::dispatch"}
{"timestamp":"2026-09-17T11:31:37.940604Z","level":"INFO","message":"asynchronous invocation accepted","invocation_id":"inv_01m2qj5wa5j068080e0gt1pd1f","tenant_id":"tn_01hzzzzzzzzzzzzzzzzzzzzzza","revision_id":"rev_01m2qj5t54ezdhbtehmar5w5hz","input_bytes":4127,"input_storage":"object","target":"tachyon_serverless_application::services::invoke_async"}
{"timestamp":"2026-09-17T11:31:37.978744Z","level":"INFO","message":"asynchronous invocation accepted","invocation_id":"inv_01m2qj5wbs235yymwa769tdfmw","tenant_id":"tn_01hzzzzzzzzzzzzzzzzzzzzzza","revision_id":"rev_01m2qj5tmqse25vy1rrt08tseq","input_bytes":189,"input_storage":"inline","target":"tachyon_serverless_application::services::invoke_async"}
{"timestamp":"2026-09-17T11:31:37.978792Z","level":"INFO","message":"webhook trigger fired","trigger_id":"trg_01m2qj5va9g4hfyqgs8egyx2j2","event_id":"evt-pre-w2","invocation_id":"inv_01m2qj5wbs235yymwa769tdfmw","revision_id":"rev_01m2qj5tmqse25vy1rrt08tseq","replayed":false,"target":"tachyon_serverless_application::services::triggers"}
{"timestamp":"2026-09-17T11:31:38.003842Z","level":"INFO","message":"asynchronous invocation accepted","invocation_id":"inv_01m2qj5wckg5gkd0fjt6zpyy82","tenant_id":"tn_01hzzzzzzzzzzzzzzzzzzzzzza","revision_id":"rev_01m2qj5tmqse25vy1rrt08tseq","input_bytes":180,"input_storage":"inline","target":"tachyon_serverless_application::services::invoke_async"}
{"timestamp":"2026-09-17T11:31:38.003898Z","level":"INFO","message":"cron trigger fired","trigger_id":"trg_01m2qj5v9xg6c2sv2cb8qcttky","scheduled_at":"2026-09-17T11:31:38Z","invocation_id":"inv_01m2qj5wckg5gkd0fjt6zpyy82","revision_id":"rev_01m2qj5tmqse25vy1rrt08tseq","replayed":false,"target":"tachyon_serverless_application::services::triggers"}
{"timestamp":"2026-09-17T11:31:38.009140Z","level":"INFO","message":"trigger updated","trigger_id":"trg_01m2qj5v9xg6c2sv2cb8qcttky","generation":2,"status":"disabled","next_fire_at":"None","rotated_secret":false,"target":"tachyon_serverless_application::services::triggers"}
{"timestamp":"2026-09-17T11:31:38.133409Z","level":"INFO","message":"bridge spawned","environment_id":"env_01m2qj5w9n5t40c4v846pgej24","pid":49585,"target":"tachyon_serverless_provider_process"}
{"timestamp":"2026-09-17T11:31:38.140744Z","level":"INFO","message":"bridge spawned","environment_id":"env_01m2qj5w9snpwswy65k2x8fdx7","pid":49587,"target":"tachyon_serverless_provider_process"}
{"timestamp":"2026-09-17T11:31:38.147189Z","level":"INFO","message":"invocation finished","invocation_id":"inv_01m2qj5vz6h8qt4m91ya6kv62j","status":"succeeded (async run)","handler_ms":0,"environment_boot_ms":5,"runtime_init_ms":6,"target":"tachyon_serverless_application::services::invoke"}
{"timestamp":"2026-09-17T11:31:38.147912Z","level":"INFO","message":"terminating bridge","environment_id":"env_01m2qj5w9n5t40c4v846pgej24","pid":49585,"reason":"Completed","graceful":true,"target":"tachyon_serverless_provider_process"}
{"timestamp":"2026-09-17T11:31:38.151326Z","level":"INFO","message":"asynchronous invocation settled","invocation_id":"inv_01m2qj5vz6h8qt4m91ya6kv62j","status":"succeeded","target":"tachyon_serverless_application::services::invoke_async::dispatch"}
{"timestamp":"2026-09-17T11:31:38.157969Z","level":"INFO","message":"async dispatch: delivery handled","message_id":"inv_01m2qj5vz6h8qt4m91ya6kv62j","sequence":3,"delivery_count":1,"outcome":"Completed { status: \"succeeded\" }","target":"tachyon_serverless_application::services::invoke_async::dispatch"}
{"timestamp":"2026-09-17T11:31:38.158544Z","level":"INFO","message":"asynchronous run claimed","invocation_id":"inv_01m2qj5wa5j068080e0gt1pd1f","attempt":1,"generation":0,"delivery_count":1,"target":"tachyon_serverless_application::services::invoke_async::dispatch"}
{"timestamp":"2026-09-17T11:31:38.159077Z","level":"INFO","message":"invocation finished","invocation_id":"inv_01m2qj5w7vs5pmf6j80hk29s15","status":"succeeded (async run)","handler_ms":1,"environment_boot_ms":6,"runtime_init_ms":9,"target":"tachyon_serverless_application::services::invoke"}
{"timestamp":"2026-09-17T11:31:38.160269Z","level":"INFO","message":"terminating bridge","environment_id":"env_01m2qj5w9snpwswy65k2x8fdx7","pid":49587,"reason":"Completed","graceful":true,"target":"tachyon_serverless_provider_process"}
{"timestamp":"2026-09-17T11:31:38.163868Z","level":"INFO","message":"asynchronous invocation settled","invocation_id":"inv_01m2qj5w7vs5pmf6j80hk29s15","status":"succeeded","target":"tachyon_serverless_application::services::invoke_async::dispatch"}
{"timestamp":"2026-09-17T11:31:38.169105Z","level":"INFO","message":"async dispatch: delivery handled","message_id":"inv_01m2qj5w7vs5pmf6j80hk29s15","sequence":4,"delivery_count":1,"outcome":"Completed { status: \"succeeded\" }","target":"tachyon_serverless_application::services::invoke_async::dispatch"}
{"timestamp":"2026-09-17T11:31:38.169674Z","level":"INFO","message":"asynchronous run claimed","invocation_id":"inv_01m2qj5wbs235yymwa769tdfmw","attempt":1,"generation":0,"delivery_count":1,"target":"tachyon_serverless_application::services::invoke_async::dispatch"}
{"timestamp":"2026-09-17T11:31:38.413729Z","level":"INFO","message":"bridge spawned","environment_id":"env_01m2qj5whgqw7r5a450b1r583a","pid":49589,"target":"tachyon_serverless_provider_process"}
{"timestamp":"2026-09-17T11:31:38.416081Z","level":"INFO","message":"bridge spawned","environment_id":"env_01m2qj5whsrh3yrn1wxwcvd7je","pid":49590,"target":"tachyon_serverless_provider_process"}
{"timestamp":"2026-09-17T11:31:38.431073Z","level":"INFO","message":"invocation finished","invocation_id":"inv_01m2qj5wa5j068080e0gt1pd1f","status":"succeeded (async run)","handler_ms":2,"environment_boot_ms":6,"runtime_init_ms":7,"target":"tachyon_serverless_application::services::invoke"}
{"timestamp":"2026-09-17T11:31:38.431475Z","level":"INFO","message":"invocation finished","invocation_id":"inv_01m2qj5wbs235yymwa769tdfmw","status":"succeeded (async run)","handler_ms":0,"environment_boot_ms":5,"runtime_init_ms":8,"target":"tachyon_serverless_application::services::invoke"}
{"timestamp":"2026-09-17T11:31:38.432849Z","level":"INFO","message":"terminating bridge","environment_id":"env_01m2qj5whsrh3yrn1wxwcvd7je","pid":49590,"reason":"Completed","graceful":true,"target":"tachyon_serverless_provider_process"}
{"timestamp":"2026-09-17T11:31:38.432863Z","level":"INFO","message":"terminating bridge","environment_id":"env_01m2qj5whgqw7r5a450b1r583a","pid":49589,"reason":"Completed","graceful":true,"target":"tachyon_serverless_provider_process"}
{"timestamp":"2026-09-17T11:31:38.437633Z","level":"INFO","message":"asynchronous invocation settled","invocation_id":"inv_01m2qj5wbs235yymwa769tdfmw","status":"succeeded","target":"tachyon_serverless_application::services::invoke_async::dispatch"}
{"timestamp":"2026-09-17T11:31:38.438162Z","level":"INFO","message":"asynchronous invocation settled","invocation_id":"inv_01m2qj5wa5j068080e0gt1pd1f","status":"succeeded","target":"tachyon_serverless_application::services::invoke_async::dispatch"}
{"timestamp":"2026-09-17T11:31:38.443550Z","level":"INFO","message":"async dispatch: delivery handled","message_id":"inv_01m2qj5wbs235yymwa769tdfmw","sequence":6,"delivery_count":1,"outcome":"Completed { status: \"succeeded\" }","target":"tachyon_serverless_application::services::invoke_async::dispatch"}
{"timestamp":"2026-09-17T11:31:38.452629Z","level":"INFO","message":"async dispatch: delivery handled","message_id":"inv_01m2qj5wa5j068080e0gt1pd1f","sequence":5,"delivery_count":1,"outcome":"Completed { status: \"succeeded\" }","target":"tachyon_serverless_application::services::invoke_async::dispatch"}
{"timestamp":"2026-09-17T11:31:38.453017Z","level":"INFO","message":"asynchronous run claimed","invocation_id":"inv_01m2qj5wckg5gkd0fjt6zpyy82","attempt":1,"generation":0,"delivery_count":1,"target":"tachyon_serverless_application::services::invoke_async::dispatch"}
{"timestamp":"2026-09-17T11:31:38.709445Z","level":"INFO","message":"bridge spawned","environment_id":"env_01m2qj5wtntvvtnmeywp4gag28","pid":49593,"target":"tachyon_serverless_provider_process"}
{"timestamp":"2026-09-17T11:31:38.726871Z","level":"INFO","message":"invocation finished","invocation_id":"inv_01m2qj5wckg5gkd0fjt6zpyy82","status":"succeeded (async run)","handler_ms":0,"environment_boot_ms":7,"runtime_init_ms":8,"target":"tachyon_serverless_application::services::invoke"}
{"timestamp":"2026-09-17T11:31:38.727622Z","level":"INFO","message":"terminating bridge","environment_id":"env_01m2qj5wtntvvtnmeywp4gag28","pid":49593,"reason":"Completed","graceful":true,"target":"tachyon_serverless_provider_process"}
{"timestamp":"2026-09-17T11:31:38.731836Z","level":"INFO","message":"asynchronous invocation settled","invocation_id":"inv_01m2qj5wckg5gkd0fjt6zpyy82","status":"succeeded","target":"tachyon_serverless_application::services::invoke_async::dispatch"}
{"timestamp":"2026-09-17T11:31:38.737971Z","level":"INFO","message":"async dispatch: delivery handled","message_id":"inv_01m2qj5wckg5gkd0fjt6zpyy82","sequence":7,"delivery_count":1,"outcome":"Completed { status: \"succeeded\" }","target":"tachyon_serverless_application::services::invoke_async::dispatch"}
{"timestamp":"2026-09-17T11:31:39.086935Z","level":"INFO","message":"SIGTERM received","target":"tachyon_serverless_gateway"}
{"timestamp":"2026-09-17T11:31:39.087006Z","level":"INFO","message":"shutdown requested; cancelling in-flight invocations","target":"tachyon_serverless_gateway"}
{"timestamp":"2026-09-17T11:31:39.087549Z","level":"INFO","message":"final usage collection","report":"CollectReport { batches: 0, read: 0, inserted: 0, duplicates: 0, cursor_seq: 45 }","target":"tachyon_serverless_gateway"}
{"timestamp":"2026-09-17T11:31:39.089391Z","level":"INFO","message":"gateway stopped","target":"tachyon_serverless_gateway"}
{"timestamp":"2026-09-17T11:31:39.089566Z","level":"INFO","message":"event: closed","target":"async_nats"}

===== a start (failpoints: accept.after_commit=kill) 11:31:39 =====
{"timestamp":"2026-09-17T11:31:39.230354Z","level":"INFO","message":"configuration loaded","config":"/private/var/folders/z7/khzdjrt95cg_fcmcnh4j1b5h0000gn/T/tsls-chaos.GSJ8OT/gw-a.toml","target":"tachyon_serverless_gateway"}
{"timestamp":"2026-09-17T11:31:39.232462Z","level":"INFO","message":"connected successfully","server":"54077","max_payload":"1048576","target":"async_nats::connector"}
{"timestamp":"2026-09-17T11:31:39.232580Z","level":"INFO","message":"event: connected","target":"async_nats"}
{"timestamp":"2026-09-17T11:31:39.245195Z","level":"INFO","message":"JetStream queue connected and stream bootstrapped","url":"nats://127.0.0.1:54077","stream":"TACHYON_EVENTS","target":"tachyon_serverless_gateway::durable"}
{"timestamp":"2026-09-17T11:31:39.247028Z","level":"INFO","message":"state store opened","path":"/private/var/folders/z7/khzdjrt95cg_fcmcnh4j1b5h0000gn/T/tsls-chaos.GSJ8OT/data/state.db","schema_version":8,"migrations_applied":"[]","imported_state_json":"None","settled_invocations":0,"settled_attempts":0,"settled_environments":0,"released_leases":0,"dropped_idempotency_keys":0,"purged_idempotency_keys":0,"outputs_purged":0,"target":"tachyon_serverless_application::app"}
{"timestamp":"2026-09-17T11:31:39.247470Z","level":"INFO","message":"dispatcher registered","dispatcher_id":"dsp_01m2qj5xkfzrtqxvs2ssk4nqv2","instance":"chaos-a","pid":49608,"lease_ttl_seconds":6,"target":"tachyon_serverless_application::services::dispatcher"}
{"timestamp":"2026-09-17T11:31:39.247885Z","level":"WARN","message":"reclaimed the work of dispatchers that lost their lease","dispatcher_id":"dsp_01m2qj5xkfzrtqxvs2ssk4nqv2","reclaimed_dispatchers":"[DispatcherId(dsp_01m2qj5shjdt3dja6fpca6ge0e)]","leases":0,"invocations":0,"attempts":0,"fenced":0,"target":"tachyon_serverless_application::services::dispatcher"}
{"timestamp":"2026-09-17T11:31:39.249068Z","level":"WARN","message":"failpoint armed from TSLS_FAILPOINTS","name":"accept.after_commit","action":"Kill","count":"None","target":"tachyon_serverless_application::failpoints"}
{"timestamp":"2026-09-17T11:31:39.249166Z","level":"INFO","message":"application bootstrapped","profile":"dev","provider":"process","dev_only":true,"environment_reuse":false,"reuse_verified":false,"reuse_reason":"[pool] enabled is false","reuse_disabled":"Some(Configuration)","idle_quiesce":"unsupported","idle_resume":"unsupported","data_dir":"/private/var/folders/z7/khzdjrt95cg_fcmcnh4j1b5h0000gn/T/tsls-chaos.GSJ8OT/data","store":"sqlite","dispatcher_id":"dsp_01m2qj5xkfzrtqxvs2ssk4nqv2","node":"local","node_region":"none","node_memory_mib":"None","max_concurrency":8,"queue":"nats","objects":"filesystem","invoke_async":true,"triggers":true,"target":"tachyon_serverless_application::app"}
{"timestamp":"2026-09-17T11:31:39.249528Z","level":"INFO","message":"startup reconcile finished","provider":"process","found":0,"adopted":0,"terminated":0,"disowned":0,"failed":0,"lost":0,"foreign":0,"reclaimed_dispatchers":0,"fenced_terminated":0,"fenced_pending":0,"target":"tachyon_serverless_application::services::reconcile"}
{"timestamp":"2026-09-17T11:31:39.249597Z","level":"INFO","message":"gateway listening","addr":"127.0.0.1:54081","profile":"dev","provider":"process","target":"tachyon_serverless_gateway"}
{"timestamp":"2026-09-17T11:31:39.251166Z","level":"INFO","message":"asynchronous dispatcher started","workers":2,"owner":"dsp_01m2qj5xkfzrtqxvs2ssk4nqv2","target":"tachyon_serverless_gateway"}
{"timestamp":"2026-09-17T11:31:39.598324Z","level":"ERROR","message":"failpoint fired: SIGKILL","name":"accept.after_commit","target":"tachyon_serverless_application::failpoints"}

===== a start (failpoints: none) 11:31:39 =====
{"timestamp":"2026-09-17T11:31:39.676631Z","level":"INFO","message":"configuration loaded","config":"/private/var/folders/z7/khzdjrt95cg_fcmcnh4j1b5h0000gn/T/tsls-chaos.GSJ8OT/gw-a.toml","target":"tachyon_serverless_gateway"}
{"timestamp":"2026-09-17T11:31:39.678611Z","level":"INFO","message":"connected successfully","server":"54077","max_payload":"1048576","target":"async_nats::connector"}
{"timestamp":"2026-09-17T11:31:39.678712Z","level":"INFO","message":"event: connected","target":"async_nats"}
{"timestamp":"2026-09-17T11:31:39.689590Z","level":"INFO","message":"JetStream queue connected and stream bootstrapped","url":"nats://127.0.0.1:54077","stream":"TACHYON_EVENTS","target":"tachyon_serverless_gateway::durable"}
{"timestamp":"2026-09-17T11:31:39.691373Z","level":"INFO","message":"state store opened","path":"/private/var/folders/z7/khzdjrt95cg_fcmcnh4j1b5h0000gn/T/tsls-chaos.GSJ8OT/data/state.db","schema_version":8,"migrations_applied":"[]","imported_state_json":"None","settled_invocations":0,"settled_attempts":0,"settled_environments":0,"released_leases":0,"dropped_idempotency_keys":0,"purged_idempotency_keys":0,"outputs_purged":0,"target":"tachyon_serverless_application::app"}
{"timestamp":"2026-09-17T11:31:39.691729Z","level":"INFO","message":"dispatcher registered","dispatcher_id":"dsp_01m2qj5y1bp4mfnbkv7ytkr2jk","instance":"chaos-a","pid":49649,"lease_ttl_seconds":6,"target":"tachyon_serverless_application::services::dispatcher"}
{"timestamp":"2026-09-17T11:31:39.692124Z","level":"WARN","message":"reclaimed the work of dispatchers that lost their lease","dispatcher_id":"dsp_01m2qj5y1bp4mfnbkv7ytkr2jk","reclaimed_dispatchers":"[DispatcherId(dsp_01m2qj5xkfzrtqxvs2ssk4nqv2)]","leases":0,"invocations":0,"attempts":0,"fenced":0,"target":"tachyon_serverless_application::services::dispatcher"}
{"timestamp":"2026-09-17T11:31:39.693312Z","level":"INFO","message":"application bootstrapped","profile":"dev","provider":"process","dev_only":true,"environment_reuse":false,"reuse_verified":false,"reuse_reason":"[pool] enabled is false","reuse_disabled":"Some(Configuration)","idle_quiesce":"unsupported","idle_resume":"unsupported","data_dir":"/private/var/folders/z7/khzdjrt95cg_fcmcnh4j1b5h0000gn/T/tsls-chaos.GSJ8OT/data","store":"sqlite","dispatcher_id":"dsp_01m2qj5y1bp4mfnbkv7ytkr2jk","node":"local","node_region":"none","node_memory_mib":"None","max_concurrency":8,"queue":"nats","objects":"filesystem","invoke_async":true,"triggers":true,"target":"tachyon_serverless_application::app"}
{"timestamp":"2026-09-17T11:31:39.693654Z","level":"INFO","message":"startup reconcile finished","provider":"process","found":0,"adopted":0,"terminated":0,"disowned":0,"failed":0,"lost":0,"foreign":0,"reclaimed_dispatchers":0,"fenced_terminated":0,"fenced_pending":0,"target":"tachyon_serverless_application::services::reconcile"}
{"timestamp":"2026-09-17T11:31:39.693724Z","level":"INFO","message":"gateway listening","addr":"127.0.0.1:54081","profile":"dev","provider":"process","target":"tachyon_serverless_gateway"}
{"timestamp":"2026-09-17T11:31:39.694975Z","level":"INFO","message":"asynchronous dispatcher started","workers":2,"owner":"dsp_01m2qj5y1bp4mfnbkv7ytkr2jk","target":"tachyon_serverless_gateway"}
{"timestamp":"2026-09-17T11:31:39.710266Z","level":"INFO","message":"asynchronous run claimed","invocation_id":"inv_01m2qj5xxxc6xyte86trp100wf","attempt":1,"generation":0,"delivery_count":1,"target":"tachyon_serverless_application::services::invoke_async::dispatch"}
{"timestamp":"2026-09-17T11:31:39.891330Z","level":"INFO","message":"bridge spawned","environment_id":"env_01m2qj5y1ztfh5der0tk33d5p4","pid":49654,"target":"tachyon_serverless_provider_process"}
{"timestamp":"2026-09-17T11:31:40.208522Z","level":"INFO","message":"invocation finished","invocation_id":"inv_01m2qj5xxxc6xyte86trp100wf","status":"succeeded (async run)","handler_ms":305,"environment_boot_ms":5,"runtime_init_ms":6,"target":"tachyon_serverless_application::services::invoke"}
{"timestamp":"2026-09-17T11:31:40.210569Z","level":"INFO","message":"terminating bridge","environment_id":"env_01m2qj5y1ztfh5der0tk33d5p4","pid":49654,"reason":"Completed","graceful":true,"target":"tachyon_serverless_provider_process"}
{"timestamp":"2026-09-17T11:31:40.216177Z","level":"INFO","message":"asynchronous invocation settled","invocation_id":"inv_01m2qj5xxxc6xyte86trp100wf","status":"succeeded","target":"tachyon_serverless_application::services::invoke_async::dispatch"}
{"timestamp":"2026-09-17T11:31:40.223863Z","level":"INFO","message":"async dispatch: delivery handled","message_id":"inv_01m2qj5xxxc6xyte86trp100wf","sequence":8,"delivery_count":1,"outcome":"Completed { status: \"succeeded\" }","target":"tachyon_serverless_application::services::invoke_async::dispatch"}
{"timestamp":"2026-09-17T11:31:40.586425Z","level":"INFO","message":"bridge spawned","environment_id":"env_01m2qj5yrnj99pqwx2te92tgsk","pid":49734,"target":"tachyon_serverless_provider_process"}
{"timestamp":"2026-09-17T11:31:40.597159Z","level":"INFO","message":"invocation finished","invocation_id":"inv_01m2qj5yrn94knkd8d8dh2417v","status":"succeeded","handler_ms":0,"environment_boot_ms":4,"runtime_init_ms":5,"target":"tachyon_serverless_application::services::invoke"}
{"timestamp":"2026-09-17T11:31:40.598763Z","level":"INFO","message":"terminating bridge","environment_id":"env_01m2qj5yrnj99pqwx2te92tgsk","pid":49734,"reason":"Completed","graceful":true,"target":"tachyon_serverless_provider_process"}
{"timestamp":"2026-09-17T11:31:40.651599Z","level":"INFO","message":"asynchronous invocation accepted","invocation_id":"inv_01m2qj5yzb3fe3w83rkzjs88f9","tenant_id":"tn_01hzzzzzzzzzzzzzzzzzzzzzza","revision_id":"rev_01m2qj5t54ezdhbtehmar5w5hz","input_bytes":48,"input_storage":"inline","target":"tachyon_serverless_application::services::invoke_async"}
{"timestamp":"2026-09-17T11:31:40.661586Z","level":"INFO","message":"asynchronous run claimed","invocation_id":"inv_01m2qj5yzb3fe3w83rkzjs88f9","attempt":1,"generation":0,"delivery_count":1,"target":"tachyon_serverless_application::services::invoke_async::dispatch"}
{"timestamp":"2026-09-17T11:31:40.720226Z","level":"INFO","message":"asynchronous invocation accepted","invocation_id":"inv_01m2qj5z10vab8qnq4bg3j4h8n","tenant_id":"tn_01hzzzzzzzzzzzzzzzzzzzzzza","revision_id":"rev_01m2qj5t54ezdhbtehmar5w5hz","input_bytes":4128,"input_storage":"object","target":"tachyon_serverless_application::services::invoke_async"}
{"timestamp":"2026-09-17T11:31:40.725160Z","level":"INFO","message":"asynchronous run claimed","invocation_id":"inv_01m2qj5z10vab8qnq4bg3j4h8n","attempt":1,"generation":0,"delivery_count":1,"target":"tachyon_serverless_application::services::invoke_async::dispatch"}
{"timestamp":"2026-09-17T11:31:40.750639Z","level":"INFO","message":"asynchronous invocation accepted","invocation_id":"inv_01m2qj5z2ephsyhc2gst8hh6zt","tenant_id":"tn_01hzzzzzzzzzzzzzzzzzzzzzza","revision_id":"rev_01m2qj5tmqse25vy1rrt08tseq","input_bytes":191,"input_storage":"inline","target":"tachyon_serverless_application::services::invoke_async"}
{"timestamp":"2026-09-17T11:31:40.750682Z","level":"INFO","message":"webhook trigger fired","trigger_id":"trg_01m2qj5va9g4hfyqgs8egyx2j2","event_id":"evt-post-w1","invocation_id":"inv_01m2qj5z2ephsyhc2gst8hh6zt","revision_id":"rev_01m2qj5tmqse25vy1rrt08tseq","replayed":false,"target":"tachyon_serverless_application::services::triggers"}
{"timestamp":"2026-09-17T11:31:40.776050Z","level":"INFO","message":"trigger updated","trigger_id":"trg_01m2qj5v9xg6c2sv2cb8qcttky","generation":3,"status":"disabled","next_fire_at":"None","rotated_secret":false,"target":"tachyon_serverless_application::services::triggers"}
{"timestamp":"2026-09-17T11:31:40.832767Z","level":"INFO","message":"bridge spawned","environment_id":"env_01m2qj5yznw5xa1svadcxh3y03","pid":49841,"target":"tachyon_serverless_provider_process"}
{"timestamp":"2026-09-17T11:31:40.844440Z","level":"INFO","message":"invocation finished","invocation_id":"inv_01m2qj5yzb3fe3w83rkzjs88f9","status":"succeeded (async run)","handler_ms":0,"environment_boot_ms":4,"runtime_init_ms":5,"target":"tachyon_serverless_application::services::invoke"}
{"timestamp":"2026-09-17T11:31:40.846062Z","level":"INFO","message":"terminating bridge","environment_id":"env_01m2qj5yznw5xa1svadcxh3y03","pid":49841,"reason":"Completed","graceful":true,"target":"tachyon_serverless_provider_process"}
{"timestamp":"2026-09-17T11:31:40.849034Z","level":"INFO","message":"asynchronous invocation settled","invocation_id":"inv_01m2qj5yzb3fe3w83rkzjs88f9","status":"succeeded","target":"tachyon_serverless_application::services::invoke_async::dispatch"}
{"timestamp":"2026-09-17T11:31:40.854624Z","level":"INFO","message":"async dispatch: delivery handled","message_id":"inv_01m2qj5yzb3fe3w83rkzjs88f9","sequence":9,"delivery_count":1,"outcome":"Completed { status: \"succeeded\" }","target":"tachyon_serverless_application::services::invoke_async::dispatch"}
{"timestamp":"2026-09-17T11:31:40.855249Z","level":"INFO","message":"asynchronous run claimed","invocation_id":"inv_01m2qj5z2ephsyhc2gst8hh6zt","attempt":1,"generation":0,"delivery_count":1,"target":"tachyon_serverless_application::services::invoke_async::dispatch"}
{"timestamp":"2026-09-17T11:31:40.911622Z","level":"INFO","message":"bridge spawned","environment_id":"env_01m2qj5z1p8z72tdnvxqrppw1t","pid":49846,"target":"tachyon_serverless_provider_process"}
{"timestamp":"2026-09-17T11:31:40.924352Z","level":"INFO","message":"invocation finished","invocation_id":"inv_01m2qj5z10vab8qnq4bg3j4h8n","status":"succeeded (async run)","handler_ms":1,"environment_boot_ms":4,"runtime_init_ms":5,"target":"tachyon_serverless_application::services::invoke"}
{"timestamp":"2026-09-17T11:31:40.926062Z","level":"INFO","message":"terminating bridge","environment_id":"env_01m2qj5z1p8z72tdnvxqrppw1t","pid":49846,"reason":"Completed","graceful":true,"target":"tachyon_serverless_provider_process"}
{"timestamp":"2026-09-17T11:31:40.929208Z","level":"INFO","message":"asynchronous invocation settled","invocation_id":"inv_01m2qj5z10vab8qnq4bg3j4h8n","status":"succeeded","target":"tachyon_serverless_application::services::invoke_async::dispatch"}
{"timestamp":"2026-09-17T11:31:40.935448Z","level":"INFO","message":"async dispatch: delivery handled","message_id":"inv_01m2qj5z10vab8qnq4bg3j4h8n","sequence":10,"delivery_count":1,"outcome":"Completed { status: \"succeeded\" }","target":"tachyon_serverless_application::services::invoke_async::dispatch"}
{"timestamp":"2026-09-17T11:31:41.052755Z","level":"INFO","message":"bridge spawned","environment_id":"env_01m2qj5z5qtha2sw21gxpey7zb","pid":49848,"target":"tachyon_serverless_provider_process"}
{"timestamp":"2026-09-17T11:31:41.065344Z","level":"INFO","message":"invocation finished","invocation_id":"inv_01m2qj5z2ephsyhc2gst8hh6zt","status":"succeeded (async run)","handler_ms":0,"environment_boot_ms":5,"runtime_init_ms":6,"target":"tachyon_serverless_application::services::invoke"}
{"timestamp":"2026-09-17T11:31:41.066985Z","level":"INFO","message":"terminating bridge","environment_id":"env_01m2qj5z5qtha2sw21gxpey7zb","pid":49848,"reason":"Completed","graceful":true,"target":"tachyon_serverless_provider_process"}
{"timestamp":"2026-09-17T11:31:41.069940Z","level":"INFO","message":"asynchronous invocation settled","invocation_id":"inv_01m2qj5z2ephsyhc2gst8hh6zt","status":"succeeded","target":"tachyon_serverless_application::services::invoke_async::dispatch"}
{"timestamp":"2026-09-17T11:31:41.076211Z","level":"INFO","message":"async dispatch: delivery handled","message_id":"inv_01m2qj5z2ephsyhc2gst8hh6zt","sequence":11,"delivery_count":1,"outcome":"Completed { status: \"succeeded\" }","target":"tachyon_serverless_application::services::invoke_async::dispatch"}
{"timestamp":"2026-09-17T11:31:42.446984Z","level":"INFO","message":"SIGTERM received","target":"tachyon_serverless_gateway"}
{"timestamp":"2026-09-17T11:31:42.447017Z","level":"INFO","message":"shutdown requested; cancelling in-flight invocations","target":"tachyon_serverless_gateway"}
{"timestamp":"2026-09-17T11:31:42.447268Z","level":"INFO","message":"final usage collection","report":"CollectReport { batches: 0, read: 0, inserted: 0, duplicates: 0, cursor_seq: 70 }","target":"tachyon_serverless_gateway"}
{"timestamp":"2026-09-17T11:31:42.448215Z","level":"INFO","message":"gateway stopped","target":"tachyon_serverless_gateway"}
{"timestamp":"2026-09-17T11:31:42.448331Z","level":"INFO","message":"event: closed","target":"async_nats"}
