[chaos stale_owner_async_claim] begin (SIGSTOP gateway A holding an async claim past expiry; B on the same data_dir retries; SIGCONT A) work=/private/var/folders/z7/khzdjrt95cg_fcmcnh4j1b5h0000gn/T/tsls-chaos.hItNVu
[chaos stale_owner_async_claim]   ok   setup.a_handler_running claimed_by=dsp_01m2qh3y73vrf194sc5cebgent a=dsp_01m2qh3y73vrf194sc5cebgent
[chaos stale_owner_async_claim] fault injected
[chaos stale_owner_async_claim]   ok   takeover.b_completed_the_invocation status=succeeded attempts=outcome_unknown,outcome_unknown,succeeded dispatch={"state":"done","attempts":3,"generation":1}
[chaos stale_owner_async_claim] fault removed
[chaos stale_owner_async_claim]   ok   fencing.late_settle_does_not_overwrite invocation succeeded:1:2026-09-17T11:13:39.830021000Z:1017 -> succeeded:1:2026-09-17T11:13:39.830021000Z:1017; attempts att_01m2qh492cr2qm5kvns9hxztm1:outcome_unknown:1:681,att_01m2qh4czmvcngzcqjby3zwapg:outcome_unknown:1:696,att_01m2qh4pnytfvdaeakmnv8qwsk:succeeded:1:506 -> att_01m2qh492cr2qm5kvns9hxztm1:outcome_unknown:1:681,att_01m2qh4czmvcngzcqjby3zwapg:outcome_unknown:1:696,att_01m2qh4pnytfvdaeakmnv8qwsk:succeeded:1:506
[chaos stale_owner_async_claim]   ok   fencing.side_effect_once applied=1 skipped=1
[chaos stale_owner_async_claim]   ok   fencing.one_terminal_no_dead_letter dead_letters=0 succeeded_attempts=1
[chaos stale_owner_async_claim]   ok   fencing.a_is_fenced a=dsp_01m2qh3y73vrf194sc5cebgent
[chaos stale_owner_async_claim] converged
[chaos stale_owner_async_claim]   ok   workload.sync_ok sync_200_with_secret=1/1
[chaos stale_owner_async_claim]   ok   workload.async_accepted accepted=3 refused=0
[chaos stale_owner_async_claim]   ok   cv.accepted_never_lost accepted=7 missing_rows=0
[chaos stale_owner_async_claim]   ok   cv.accepted_all_terminal accepted=7 not_terminal=0
[chaos stale_owner_async_claim]   ok   cv.outcome_per_policy unexpected_outcomes=0 expected_failures=0
[chaos stale_owner_async_claim]   ok   cv.one_outcome_per_invocation invocations_with_>1_dead_letter=0 succeeded_but_dead_lettered=0 invocations_with_>1_succeeded_attempt=0 (re-executions, recorded)
[chaos stale_owner_async_claim]   ok   cv.side_effect_exactly_once orders_not_applied_exactly_once=0 executions=6
[chaos stale_owner_async_claim]   ok   cv.outbox_drained unsent_outbox_rows=0
[chaos stale_owner_async_claim]   ok   cv.ledger_all_terminal invocations=11 non_terminal=0 by_status=succeeded:11
[chaos stale_owner_async_claim]   ok   cv.jetstream_drained pending=0 ack_pending=0 stream_messages=0 redelivered=0
[chaos stale_owner_async_claim]   ok   cv.cron_each_time_once fires=2 distinct_times=2
[chaos stale_owner_async_claim]   ok   cv.usage_counted_once journal_pending=0 ledger_events=67 distinct=67 attempts_settled_twice=0 duplicates_ignored=0
[chaos stale_owner_async_claim]   ok   cv.graceful_stop_exit_0 exit=0
[chaos stale_owner_async_claim]   ok   cv.no_orphan_processes bridge_or_user_processes=0 env_dirs=0
[chaos stale_owner_async_claim]   ok   cv.no_open_environments non_terminal_environment_rows=0
[chaos stale_owner_async_claim]   ok   cv.no_secret_value_on_disk files_containing_the_secret_value=0 (config excluded)
