
===== a start (failpoints: none) 04:30:50 =====
{"timestamp":"2026-09-18T04:30:50.655366Z","level":"INFO","message":"configuration loaded","config":"/home/takanorifukuyama.guest/w/tsls-chaos.UO81yD/gw-a.toml","target":"tachyon_serverless_gateway"}
{"timestamp":"2026-09-18T04:30:50.657613Z","level":"INFO","message":"connected successfully","server":"41723","max_payload":"1048576","target":"async_nats::connector"}
{"timestamp":"2026-09-18T04:30:50.657703Z","level":"INFO","message":"event: connected","target":"async_nats"}
{"timestamp":"2026-09-18T04:30:50.663327Z","level":"INFO","message":"JetStream queue connected and stream bootstrapped","url":"nats://127.0.0.1:41723","stream":"TACHYON_EVENTS","target":"tachyon_serverless_gateway::durable"}
{"timestamp":"2026-09-18T04:30:50.673183Z","level":"INFO","message":"state store opened","path":"/home/takanorifukuyama.guest/w/tsls-chaos.UO81yD/data/state.db","schema_version":8,"migrations_applied":"[1, 2, 3, 4, 5, 6, 7, 8]","imported_state_json":"None","settled_invocations":0,"settled_attempts":0,"settled_environments":0,"released_leases":0,"dropped_idempotency_keys":0,"purged_idempotency_keys":0,"outputs_purged":0,"target":"tachyon_serverless_application::app"}
{"timestamp":"2026-09-18T04:30:50.673216Z","level":"WARN","message":"state.db freeze failpoint armed (failpoints build, dev profile, test only)","flag":"/home/takanorifukuyama.guest/w/tsls-chaos.UO81yD/freeze-a","target":"tachyon_serverless_application::failpoints"}
{"timestamp":"2026-09-18T04:30:50.678497Z","level":"INFO","message":"log store opened","path":"/home/takanorifukuyama.guest/w/tsls-chaos.UO81yD/data/logs/logs.db","healthy":true,"retention_seconds":604800,"max_total_bytes":1073741824,"target":"tachyon_serverless_application::app"}
{"timestamp":"2026-09-18T04:30:50.678964Z","level":"INFO","message":"dispatcher registered","dispatcher_id":"dsp_01m2scg3spt3rkd3jtzsqw6nba","instance":"chaos-a","pid":835166,"lease_ttl_seconds":6,"target":"tachyon_serverless_application::services::dispatcher"}
{"timestamp":"2026-09-18T04:30:50.687248Z","level":"INFO","message":"application bootstrapped","profile":"dev","provider":"process","dev_only":true,"environment_reuse":false,"reuse_verified":false,"reuse_reason":"[pool] enabled is false","reuse_disabled":"Some(Configuration)","idle_quiesce":"unsupported","idle_resume":"unsupported","data_dir":"/home/takanorifukuyama.guest/w/tsls-chaos.UO81yD/data","store":"sqlite","dispatcher_id":"dsp_01m2scg3spt3rkd3jtzsqw6nba","node":"local","node_region":"none","node_memory_mib":"None","max_concurrency":8,"queue":"nats","objects":"filesystem","invoke_async":true,"triggers":true,"target":"tachyon_serverless_application::app"}
{"timestamp":"2026-09-18T04:30:50.687416Z","level":"INFO","message":"startup reconcile finished","provider":"process","found":0,"adopted":0,"terminated":0,"disowned":0,"failed":0,"lost":0,"foreign":0,"reclaimed_dispatchers":0,"fenced_terminated":0,"fenced_pending":0,"target":"tachyon_serverless_application::services::reconcile"}
{"timestamp":"2026-09-18T04:30:50.687470Z","level":"INFO","message":"gateway listening","addr":"127.0.0.1:60753","profile":"dev","provider":"process","target":"tachyon_serverless_gateway"}
{"timestamp":"2026-09-18T04:30:50.688508Z","level":"INFO","message":"asynchronous dispatcher started","workers":2,"owner":"dsp_01m2scg3spt3rkd3jtzsqw6nba","target":"tachyon_serverless_gateway"}
{"timestamp":"2026-09-18T04:30:54.518040Z","level":"INFO","message":"revision ready","revision_id":"rev_01m2scg6cvjpg9ac2cs86b7rs3","function_id":"fn_01m2scg41v7dwxm4ypjn3n6vzr","target":"tachyon_serverless_application::services::revision"}
{"timestamp":"2026-09-18T04:30:58.077078Z","level":"INFO","message":"revision ready","revision_id":"rev_01m2scg9ww5j1ypyxej3rhgbha","function_id":"fn_01m2scg7kjzcng4d4jta85r1v8","target":"tachyon_serverless_application::services::revision"}
{"timestamp":"2026-09-18T04:31:01.708612Z","level":"INFO","message":"revision ready","revision_id":"rev_01m2scgddxgz0fzmpf7yvrjt56","function_id":"fn_01m2scgb3tmm7s7hekzzxc76sr","target":"tachyon_serverless_application::services::revision"}
{"timestamp":"2026-09-18T04:31:01.779111Z","level":"INFO","message":"trigger created","trigger_id":"trg_01m2scgemjp2emk9sh2fzsa4be","function_id":"fn_01m2scg7kjzcng4d4jta85r1v8","kind":"cron","enabled":true,"next_fire_at":"Some(2026-09-18T04:31:02Z)","target":"tachyon_serverless_application::services::triggers"}
{"timestamp":"2026-09-18T04:31:01.784044Z","level":"INFO","message":"trigger created","trigger_id":"trg_01m2scgemqktqbfqhzgwpdbgp0","function_id":"fn_01m2scg7kjzcng4d4jta85r1v8","kind":"webhook","enabled":true,"next_fire_at":"None","target":"tachyon_serverless_application::services::triggers"}
{"timestamp":"2026-09-18T04:31:02.009987Z","level":"INFO","message":"asynchronous invocation accepted","invocation_id":"inv_01m2scgevqyswx7f38b6sqwh76","tenant_id":"tn_01hzzzzzzzzzzzzzzzzzzzzzza","revision_id":"rev_01m2scg9ww5j1ypyxej3rhgbha","input_bytes":180,"input_storage":"inline","target":"tachyon_serverless_application::services::invoke_async"}
{"timestamp":"2026-09-18T04:31:02.010097Z","level":"INFO","message":"cron trigger fired","trigger_id":"trg_01m2scgemjp2emk9sh2fzsa4be","scheduled_at":"2026-09-18T04:31:02Z","invocation_id":"inv_01m2scgevqyswx7f38b6sqwh76","revision_id":"rev_01m2scg9ww5j1ypyxej3rhgbha","replayed":false,"target":"tachyon_serverless_application::services::triggers"}
{"timestamp":"2026-09-18T04:31:03.249435Z","level":"INFO","message":"bridge spawned","environment_id":"env_01m2scgexraga378xvh23byeed","pid":835875,"target":"tachyon_serverless_provider_process"}
{"timestamp":"2026-09-18T04:31:03.276419Z","level":"INFO","message":"invocation finished","invocation_id":"inv_01m2scgexqrxa2yxvjba0jq1cm","status":"succeeded","handler_ms":4,"environment_boot_ms":1,"runtime_init_ms":10,"target":"tachyon_serverless_application::services::invoke"}
{"timestamp":"2026-09-18T04:31:03.284070Z","level":"INFO","message":"terminating bridge","environment_id":"env_01m2scgexraga378xvh23byeed","pid":835875,"reason":"Completed","graceful":true,"target":"tachyon_serverless_provider_process"}
{"timestamp":"2026-09-18T04:31:03.308628Z","level":"INFO","message":"asynchronous invocation accepted","invocation_id":"inv_01m2scgg4b4bfgbav8wc0jfr3m","tenant_id":"tn_01hzzzzzzzzzzzzzzzzzzzzzza","revision_id":"rev_01m2scg6cvjpg9ac2cs86b7rs3","input_bytes":49,"input_storage":"inline","target":"tachyon_serverless_application::services::invoke_async"}
{"timestamp":"2026-09-18T04:31:03.311990Z","level":"INFO","message":"asynchronous run claimed","invocation_id":"inv_01m2scgg4b4bfgbav8wc0jfr3m","attempt":1,"generation":0,"delivery_count":1,"target":"tachyon_serverless_application::services::invoke_async::dispatch"}
{"timestamp":"2026-09-18T04:31:03.334071Z","level":"INFO","message":"asynchronous invocation accepted","invocation_id":"inv_01m2scgg521k5bzxw2bvr28kdy","tenant_id":"tn_01hzzzzzzzzzzzzzzzzzzzzzza","revision_id":"rev_01m2scg6cvjpg9ac2cs86b7rs3","input_bytes":4129,"input_storage":"object","target":"tachyon_serverless_application::services::invoke_async"}
{"timestamp":"2026-09-18T04:31:03.336705Z","level":"INFO","message":"asynchronous run claimed","invocation_id":"inv_01m2scgg521k5bzxw2bvr28kdy","attempt":1,"generation":0,"delivery_count":1,"target":"tachyon_serverless_application::services::invoke_async::dispatch"}
{"timestamp":"2026-09-18T04:31:03.350587Z","level":"INFO","message":"asynchronous invocation accepted","invocation_id":"inv_01m2scgg5nd9ykfk50h01v9hby","tenant_id":"tn_01hzzzzzzzzzzzzzzzzzzzzzza","revision_id":"rev_01m2scg9ww5j1ypyxej3rhgbha","input_bytes":193,"input_storage":"inline","target":"tachyon_serverless_application::services::invoke_async"}
{"timestamp":"2026-09-18T04:31:03.350626Z","level":"INFO","message":"webhook trigger fired","trigger_id":"trg_01m2scgemqktqbfqhzgwpdbgp0","event_id":"evt-pre-a-w1","invocation_id":"inv_01m2scgg5nd9ykfk50h01v9hby","revision_id":"rev_01m2scg9ww5j1ypyxej3rhgbha","replayed":false,"target":"tachyon_serverless_application::services::triggers"}
{"timestamp":"2026-09-18T04:31:04.010933Z","level":"INFO","message":"asynchronous invocation accepted","invocation_id":"inv_01m2scggt6g06h4vp5f5yrqgzg","tenant_id":"tn_01hzzzzzzzzzzzzzzzzzzzzzza","revision_id":"rev_01m2scg9ww5j1ypyxej3rhgbha","input_bytes":180,"input_storage":"inline","target":"tachyon_serverless_application::services::invoke_async"}
{"timestamp":"2026-09-18T04:31:04.010998Z","level":"INFO","message":"cron trigger fired","trigger_id":"trg_01m2scgemjp2emk9sh2fzsa4be","scheduled_at":"2026-09-18T04:31:04Z","invocation_id":"inv_01m2scggt6g06h4vp5f5yrqgzg","revision_id":"rev_01m2scg9ww5j1ypyxej3rhgbha","replayed":false,"target":"tachyon_serverless_application::services::triggers"}
{"timestamp":"2026-09-18T04:31:04.619542Z","level":"INFO","message":"bridge spawned","environment_id":"env_01m2scgg5aqnr2tnba585sc481","pid":835960,"target":"tachyon_serverless_provider_process"}
{"timestamp":"2026-09-18T04:31:04.672105Z","level":"INFO","message":"invocation finished","invocation_id":"inv_01m2scgg521k5bzxw2bvr28kdy","status":"succeeded (async run)","handler_ms":2,"environment_boot_ms":1,"runtime_init_ms":42,"target":"tachyon_serverless_application::services::invoke"}
{"timestamp":"2026-09-18T04:31:04.676267Z","level":"INFO","message":"terminating bridge","environment_id":"env_01m2scgg5aqnr2tnba585sc481","pid":835960,"reason":"Completed","graceful":true,"target":"tachyon_serverless_provider_process"}
{"timestamp":"2026-09-18T04:31:04.690171Z","level":"INFO","message":"asynchronous invocation settled","invocation_id":"inv_01m2scgg521k5bzxw2bvr28kdy","status":"succeeded","target":"tachyon_serverless_application::services::invoke_async::dispatch"}
{"timestamp":"2026-09-18T04:31:04.693203Z","level":"INFO","message":"async dispatch: delivery handled","message_id":"inv_01m2scgg521k5bzxw2bvr28kdy","sequence":3,"delivery_count":1,"outcome":"Completed { status: \"succeeded\" }","target":"tachyon_serverless_application::services::invoke_async::dispatch"}
{"timestamp":"2026-09-18T04:31:04.709453Z","level":"INFO","message":"asynchronous run claimed","invocation_id":"inv_01m2scghfrdyweqfzh9qkk3xqf","attempt":1,"generation":0,"delivery_count":1,"target":"tachyon_serverless_application::services::invoke_async::dispatch"}
{"timestamp":"2026-09-18T04:31:04.715520Z","level":"INFO","message":"bridge spawned","environment_id":"env_01m2scgg4gxqd7gtp5r3wxet97","pid":836010,"target":"tachyon_serverless_provider_process"}
{"timestamp":"2026-09-18T04:31:04.768222Z","level":"INFO","message":"invocation finished","invocation_id":"inv_01m2scgg4b4bfgbav8wc0jfr3m","status":"succeeded (async run)","handler_ms":8,"environment_boot_ms":2,"runtime_init_ms":20,"target":"tachyon_serverless_application::services::invoke"}
{"timestamp":"2026-09-18T04:31:04.779534Z","level":"INFO","message":"terminating bridge","environment_id":"env_01m2scgg4gxqd7gtp5r3wxet97","pid":836010,"reason":"Completed","graceful":true,"target":"tachyon_serverless_provider_process"}
{"timestamp":"2026-09-18T04:31:04.799212Z","level":"INFO","message":"asynchronous invocation settled","invocation_id":"inv_01m2scgg4b4bfgbav8wc0jfr3m","status":"succeeded","target":"tachyon_serverless_application::services::invoke_async::dispatch"}
{"timestamp":"2026-09-18T04:31:04.802430Z","level":"INFO","message":"async dispatch: delivery handled","message_id":"inv_01m2scgg4b4bfgbav8wc0jfr3m","sequence":2,"delivery_count":1,"outcome":"Completed { status: \"succeeded\" }","target":"tachyon_serverless_application::services::invoke_async::dispatch"}
{"timestamp":"2026-09-18T04:31:04.807094Z","level":"INFO","message":"asynchronous run claimed","invocation_id":"inv_01m2scghhzsbgbqgq61ck9rgas","attempt":1,"generation":0,"delivery_count":1,"target":"tachyon_serverless_application::services::invoke_async::dispatch"}
{"timestamp":"2026-09-18T04:31:04.829096Z","level":"INFO","message":"trigger updated","trigger_id":"trg_01m2scgemjp2emk9sh2fzsa4be","generation":2,"status":"disabled","next_fire_at":"None","rotated_secret":false,"target":"tachyon_serverless_application::services::triggers"}
{"timestamp":"2026-09-18T04:31:06.108038Z","level":"INFO","message":"bridge spawned","environment_id":"env_01m2scghg5m35sjypgca1nvfm0","pid":836106,"target":"tachyon_serverless_provider_process"}
{"timestamp":"2026-09-18T04:31:06.156119Z","level":"INFO","message":"invocation finished","invocation_id":"inv_01m2scghfrdyweqfzh9qkk3xqf","status":"succeeded (async run)","handler_ms":2,"environment_boot_ms":3,"runtime_init_ms":31,"target":"tachyon_serverless_application::services::invoke"}
{"timestamp":"2026-09-18T04:31:06.158579Z","level":"INFO","message":"terminating bridge","environment_id":"env_01m2scghg5m35sjypgca1nvfm0","pid":836106,"reason":"Completed","graceful":true,"target":"tachyon_serverless_provider_process"}
{"timestamp":"2026-09-18T04:31:06.162673Z","level":"INFO","message":"asynchronous invocation settled","invocation_id":"inv_01m2scghfrdyweqfzh9qkk3xqf","status":"succeeded","target":"tachyon_serverless_application::services::invoke_async::dispatch"}
{"timestamp":"2026-09-18T04:31:06.163397Z","level":"INFO","message":"async dispatch: delivery handled","message_id":"inv_01m2scghfrdyweqfzh9qkk3xqf","sequence":6,"delivery_count":1,"outcome":"Completed { status: \"succeeded\" }","target":"tachyon_serverless_application::services::invoke_async::dispatch"}
{"timestamp":"2026-09-18T04:31:06.280878Z","level":"INFO","message":"bridge spawned","environment_id":"env_01m2scghnk1rgs1yst6jx2y0sg","pid":836129,"target":"tachyon_serverless_provider_process"}
{"timestamp":"2026-09-18T04:31:06.357196Z","level":"INFO","message":"bridge spawned","environment_id":"env_01m2scghka7gwntfrmz94jdp8k","pid":836140,"target":"tachyon_serverless_provider_process"}
{"timestamp":"2026-09-18T04:31:06.377949Z","level":"INFO","message":"invocation finished","invocation_id":"inv_01m2scghhzsbgbqgq61ck9rgas","status":"succeeded (async run)","handler_ms":1,"environment_boot_ms":1,"runtime_init_ms":11,"target":"tachyon_serverless_application::services::invoke"}
{"timestamp":"2026-09-18T04:31:06.379911Z","level":"INFO","message":"terminating bridge","environment_id":"env_01m2scghka7gwntfrmz94jdp8k","pid":836140,"reason":"Completed","graceful":true,"target":"tachyon_serverless_provider_process"}
{"timestamp":"2026-09-18T04:31:06.382938Z","level":"INFO","message":"asynchronous invocation settled","invocation_id":"inv_01m2scghhzsbgbqgq61ck9rgas","status":"succeeded","target":"tachyon_serverless_application::services::invoke_async::dispatch"}
{"timestamp":"2026-09-18T04:31:06.384082Z","level":"INFO","message":"async dispatch: delivery handled","message_id":"inv_01m2scghhzsbgbqgq61ck9rgas","sequence":7,"delivery_count":1,"outcome":"Completed { status: \"succeeded\" }","target":"tachyon_serverless_application::services::invoke_async::dispatch"}
{"timestamp":"2026-09-18T04:31:06.689534Z","level":"ERROR","message":"failpoint: stopping this process inside a state.db write transaction","site":"crates/application/src/repository/sqlite/slot.rs:133","target":"tachyon_serverless_application::failpoints"}
{"timestamp":"2026-09-18T04:31:41.860380Z","level":"WARN","message":"this process was not running for a while (stopped, frozen or starved): a lease that passed meanwhile is not taken back","stalled_ms":35289,"target":"tachyon_serverless_application::services::dispatcher"}
{"timestamp":"2026-09-18T04:31:41.863229Z","level":"WARN","message":"state.db write transaction held the database write lock for long: every other writer, in this process and in any gateway sharing the file, waited","site":"crates/application/src/repository/sqlite/slot.rs:133","held_ms":35298,"threshold_ms":250,"target":"tachyon_serverless_application::repository::sqlite"}
{"timestamp":"2026-09-18T04:31:41.864684Z","level":"INFO","message":"object retention pass","report":"GcReport { examined: 2, collected_expired: 0, collected_orphans: 0, kept_in_use: 0, kept_referenced: 2, incomplete_removed: 0, tombstones_purged: 0, failed: 0 }","target":"tachyon_serverless_gateway"}
{"timestamp":"2026-09-18T04:31:41.864979Z","level":"ERROR","message":"dispatcher lease lost: refusing new invocations; in-flight completions will be refused if another dispatcher reclaimed them","dispatcher_id":"dsp_01m2scg3spt3rkd3jtzsqw6nba","target":"tachyon_serverless_application::services::dispatcher"}
{"timestamp":"2026-09-18T04:31:41.867498Z","level":"INFO","message":"invocation finished","invocation_id":"inv_01m2scghnd9ep045wgh8mxx2tt","status":"failed","handler_ms":35680,"environment_boot_ms":1,"runtime_init_ms":14,"target":"tachyon_serverless_application::services::invoke"}
{"timestamp":"2026-09-18T04:31:42.580920Z","level":"INFO","message":"object retention pass","report":"GcReport { examined: 2, collected_expired: 0, collected_orphans: 0, kept_in_use: 0, kept_referenced: 2, incomplete_removed: 0, tombstones_purged: 0, failed: 0 }","target":"tachyon_serverless_gateway"}
{"timestamp":"2026-09-18T04:31:44.565139Z","level":"INFO","message":"object retention pass","report":"GcReport { examined: 2, collected_expired: 0, collected_orphans: 0, kept_in_use: 0, kept_referenced: 2, incomplete_removed: 0, tombstones_purged: 0, failed: 0 }","target":"tachyon_serverless_gateway"}
{"timestamp":"2026-09-18T04:31:45.235426Z","level":"INFO","message":"SIGTERM received","target":"tachyon_serverless_gateway"}
{"timestamp":"2026-09-18T04:31:45.235450Z","level":"INFO","message":"shutdown requested; cancelling in-flight invocations","target":"tachyon_serverless_gateway"}
{"timestamp":"2026-09-18T04:31:45.237212Z","level":"INFO","message":"final usage collection","report":"CollectReport { batches: 1, read: 2, inserted: 2, duplicates: 0, cursor_seq: 60 }","target":"tachyon_serverless_gateway"}
{"timestamp":"2026-09-18T04:31:45.239278Z","level":"INFO","message":"gateway stopped","target":"tachyon_serverless_gateway"}
{"timestamp":"2026-09-18T04:31:45.239395Z","level":"INFO","message":"event: closed","target":"async_nats"}

===== a start (failpoints: none) 04:31:45 =====
{"timestamp":"2026-09-18T04:31:45.345802Z","level":"INFO","message":"configuration loaded","config":"/home/takanorifukuyama.guest/w/tsls-chaos.UO81yD/gw-a.toml","target":"tachyon_serverless_gateway"}
{"timestamp":"2026-09-18T04:31:45.347816Z","level":"INFO","message":"connected successfully","server":"41723","max_payload":"1048576","target":"async_nats::connector"}
{"timestamp":"2026-09-18T04:31:45.347905Z","level":"INFO","message":"event: connected","target":"async_nats"}
{"timestamp":"2026-09-18T04:31:45.350792Z","level":"INFO","message":"JetStream queue connected and stream bootstrapped","url":"nats://127.0.0.1:41723","stream":"TACHYON_EVENTS","target":"tachyon_serverless_gateway::durable"}
{"timestamp":"2026-09-18T04:31:45.351891Z","level":"INFO","message":"state store opened","path":"/home/takanorifukuyama.guest/w/tsls-chaos.UO81yD/data/state.db","schema_version":8,"migrations_applied":"[]","imported_state_json":"None","settled_invocations":0,"settled_attempts":0,"settled_environments":0,"released_leases":0,"dropped_idempotency_keys":0,"purged_idempotency_keys":0,"outputs_purged":0,"target":"tachyon_serverless_application::app"}
{"timestamp":"2026-09-18T04:31:45.352732Z","level":"INFO","message":"log store opened","path":"/home/takanorifukuyama.guest/w/tsls-chaos.UO81yD/data/logs/logs.db","healthy":true,"retention_seconds":604800,"max_total_bytes":1073741824,"target":"tachyon_serverless_application::app"}
{"timestamp":"2026-09-18T04:31:45.353792Z","level":"INFO","message":"dispatcher registered","dispatcher_id":"dsp_01m2schs68z0jw9jgmn9qm9vjr","instance":"chaos-a","pid":836399,"lease_ttl_seconds":6,"target":"tachyon_serverless_application::services::dispatcher"}
{"timestamp":"2026-09-18T04:31:45.354732Z","level":"INFO","message":"application bootstrapped","profile":"dev","provider":"process","dev_only":true,"environment_reuse":false,"reuse_verified":false,"reuse_reason":"[pool] enabled is false","reuse_disabled":"Some(Configuration)","idle_quiesce":"unsupported","idle_resume":"unsupported","data_dir":"/home/takanorifukuyama.guest/w/tsls-chaos.UO81yD/data","store":"sqlite","dispatcher_id":"dsp_01m2schs68z0jw9jgmn9qm9vjr","node":"local","node_region":"none","node_memory_mib":"None","max_concurrency":8,"queue":"nats","objects":"filesystem","invoke_async":true,"triggers":true,"target":"tachyon_serverless_application::app"}
{"timestamp":"2026-09-18T04:31:45.354999Z","level":"INFO","message":"startup reconcile finished","provider":"process","found":0,"adopted":0,"terminated":0,"disowned":0,"failed":0,"lost":0,"foreign":0,"reclaimed_dispatchers":0,"fenced_terminated":0,"fenced_pending":0,"target":"tachyon_serverless_application::services::reconcile"}
{"timestamp":"2026-09-18T04:31:45.355049Z","level":"INFO","message":"gateway listening","addr":"127.0.0.1:60753","profile":"dev","provider":"process","target":"tachyon_serverless_gateway"}
{"timestamp":"2026-09-18T04:31:45.356069Z","level":"INFO","message":"asynchronous dispatcher started","workers":2,"owner":"dsp_01m2schs68z0jw9jgmn9qm9vjr","target":"tachyon_serverless_gateway"}
{"timestamp":"2026-09-18T04:31:45.357596Z","level":"INFO","message":"object retention pass","report":"GcReport { examined: 2, collected_expired: 0, collected_orphans: 0, kept_in_use: 0, kept_referenced: 2, incomplete_removed: 0, tombstones_purged: 0, failed: 0 }","target":"tachyon_serverless_gateway"}
{"timestamp":"2026-09-18T04:31:46.779851Z","level":"INFO","message":"bridge spawned","environment_id":"env_01m2schsfx639b5ynh7kbrdbmb","pid":836428,"target":"tachyon_serverless_provider_process"}
{"timestamp":"2026-09-18T04:31:46.802819Z","level":"INFO","message":"invocation finished","invocation_id":"inv_01m2schsfvbcdqsxh0c7vv7a19","status":"succeeded","handler_ms":6,"environment_boot_ms":1,"runtime_init_ms":4,"target":"tachyon_serverless_application::services::invoke"}
{"timestamp":"2026-09-18T04:31:46.804669Z","level":"INFO","message":"terminating bridge","environment_id":"env_01m2schsfx639b5ynh7kbrdbmb","pid":836428,"reason":"Completed","graceful":true,"target":"tachyon_serverless_provider_process"}
{"timestamp":"2026-09-18T04:31:46.828529Z","level":"INFO","message":"asynchronous invocation accepted","invocation_id":"inv_01m2schtmb0by8d6cse0byzctj","tenant_id":"tn_01hzzzzzzzzzzzzzzzzzzzzzza","revision_id":"rev_01m2scg6cvjpg9ac2cs86b7rs3","input_bytes":50,"input_storage":"inline","target":"tachyon_serverless_application::services::invoke_async"}
{"timestamp":"2026-09-18T04:31:46.832834Z","level":"INFO","message":"asynchronous run claimed","invocation_id":"inv_01m2schtmb0by8d6cse0byzctj","attempt":1,"generation":0,"delivery_count":1,"target":"tachyon_serverless_application::services::invoke_async::dispatch"}
{"timestamp":"2026-09-18T04:31:46.854613Z","level":"INFO","message":"asynchronous invocation accepted","invocation_id":"inv_01m2schtn3xtnh5n9dfn1efw8v","tenant_id":"tn_01hzzzzzzzzzzzzzzzzzzzzzza","revision_id":"rev_01m2scg6cvjpg9ac2cs86b7rs3","input_bytes":4130,"input_storage":"object","target":"tachyon_serverless_application::services::invoke_async"}
{"timestamp":"2026-09-18T04:31:46.857370Z","level":"INFO","message":"asynchronous run claimed","invocation_id":"inv_01m2schtn3xtnh5n9dfn1efw8v","attempt":1,"generation":0,"delivery_count":1,"target":"tachyon_serverless_application::services::invoke_async::dispatch"}
{"timestamp":"2026-09-18T04:31:46.875814Z","level":"INFO","message":"asynchronous invocation accepted","invocation_id":"inv_01m2schtnsk109sqhv074jxn8w","tenant_id":"tn_01hzzzzzzzzzzzzzzzzzzzzzza","revision_id":"rev_01m2scg9ww5j1ypyxej3rhgbha","input_bytes":195,"input_storage":"inline","target":"tachyon_serverless_application::services::invoke_async"}
{"timestamp":"2026-09-18T04:31:46.875855Z","level":"INFO","message":"webhook trigger fired","trigger_id":"trg_01m2scgemqktqbfqhzgwpdbgp0","event_id":"evt-post-a-w1","invocation_id":"inv_01m2schtnsk109sqhv074jxn8w","revision_id":"rev_01m2scg9ww5j1ypyxej3rhgbha","replayed":false,"target":"tachyon_serverless_application::services::triggers"}
{"timestamp":"2026-09-18T04:31:47.360114Z","level":"INFO","message":"object retention pass","report":"GcReport { examined: 2, collected_expired: 0, collected_orphans: 0, kept_in_use: 0, kept_referenced: 2, incomplete_removed: 0, tombstones_purged: 0, failed: 0 }","target":"tachyon_serverless_gateway"}
{"timestamp":"2026-09-18T04:31:48.061439Z","level":"INFO","message":"bridge spawned","environment_id":"env_01m2schtmh1jrc1hdpsvwh4tsf","pid":836521,"target":"tachyon_serverless_provider_process"}
{"timestamp":"2026-09-18T04:31:48.081550Z","level":"INFO","message":"invocation finished","invocation_id":"inv_01m2schtmb0by8d6cse0byzctj","status":"succeeded (async run)","handler_ms":1,"environment_boot_ms":1,"runtime_init_ms":4,"target":"tachyon_serverless_application::services::invoke"}
{"timestamp":"2026-09-18T04:31:48.083819Z","level":"INFO","message":"terminating bridge","environment_id":"env_01m2schtmh1jrc1hdpsvwh4tsf","pid":836521,"reason":"Completed","graceful":true,"target":"tachyon_serverless_provider_process"}
{"timestamp":"2026-09-18T04:31:48.089675Z","level":"INFO","message":"asynchronous invocation settled","invocation_id":"inv_01m2schtmb0by8d6cse0byzctj","status":"succeeded","target":"tachyon_serverless_application::services::invoke_async::dispatch"}
{"timestamp":"2026-09-18T04:31:48.090406Z","level":"INFO","message":"async dispatch: delivery handled","message_id":"inv_01m2schtmb0by8d6cse0byzctj","sequence":9,"delivery_count":1,"outcome":"Completed { status: \"succeeded\" }","target":"tachyon_serverless_application::services::invoke_async::dispatch"}
{"timestamp":"2026-09-18T04:31:48.091421Z","level":"INFO","message":"bridge spawned","environment_id":"env_01m2schtnaq3n39z8cha8aed28","pid":836536,"target":"tachyon_serverless_provider_process"}
{"timestamp":"2026-09-18T04:31:48.117419Z","level":"INFO","message":"invocation finished","invocation_id":"inv_01m2schtn3xtnh5n9dfn1efw8v","status":"succeeded (async run)","handler_ms":4,"environment_boot_ms":1,"runtime_init_ms":6,"target":"tachyon_serverless_application::services::invoke"}
{"timestamp":"2026-09-18T04:31:48.122710Z","level":"INFO","message":"terminating bridge","environment_id":"env_01m2schtnaq3n39z8cha8aed28","pid":836536,"reason":"Completed","graceful":true,"target":"tachyon_serverless_provider_process"}
{"timestamp":"2026-09-18T04:31:48.130698Z","level":"INFO","message":"asynchronous invocation settled","invocation_id":"inv_01m2schtn3xtnh5n9dfn1efw8v","status":"succeeded","target":"tachyon_serverless_application::services::invoke_async::dispatch"}
{"timestamp":"2026-09-18T04:31:48.131310Z","level":"INFO","message":"async dispatch: delivery handled","message_id":"inv_01m2schtn3xtnh5n9dfn1efw8v","sequence":10,"delivery_count":1,"outcome":"Completed { status: \"succeeded\" }","target":"tachyon_serverless_application::services::invoke_async::dispatch"}
{"timestamp":"2026-09-18T04:31:49.370518Z","level":"INFO","message":"object retention pass","report":"GcReport { examined: 2, collected_expired: 0, collected_orphans: 0, kept_in_use: 0, kept_referenced: 2, incomplete_removed: 0, tombstones_purged: 0, failed: 0 }","target":"tachyon_serverless_gateway"}
{"timestamp":"2026-09-18T04:31:50.738919Z","level":"INFO","message":"trigger updated","trigger_id":"trg_01m2scgemjp2emk9sh2fzsa4be","generation":3,"status":"disabled","next_fire_at":"None","rotated_secret":false,"target":"tachyon_serverless_application::services::triggers"}
{"timestamp":"2026-09-18T04:31:50.770988Z","level":"INFO","message":"asynchronous run claimed","invocation_id":"inv_01m2schtnsk109sqhv074jxn8w","attempt":1,"generation":1,"delivery_count":1,"target":"tachyon_serverless_application::services::invoke_async::dispatch"}
{"timestamp":"2026-09-18T04:31:51.359344Z","level":"INFO","message":"object retention pass","report":"GcReport { examined: 2, collected_expired: 0, collected_orphans: 0, kept_in_use: 0, kept_referenced: 2, incomplete_removed: 0, tombstones_purged: 0, failed: 0 }","target":"tachyon_serverless_gateway"}
{"timestamp":"2026-09-18T04:31:51.360300Z","level":"WARN","message":"reclaimed the work of dispatchers that lost their lease","dispatcher_id":"dsp_01m2schs68z0jw9jgmn9qm9vjr","reclaimed_dispatchers":"[DispatcherId(dsp_01m2scgenj1hf8jb3y60txbb3m)]","leases":0,"invocations":0,"attempts":0,"fenced":0,"target":"tachyon_serverless_application::services::dispatcher"}
{"timestamp":"2026-09-18T04:31:51.892785Z","level":"INFO","message":"bridge spawned","environment_id":"env_01m2schyfkeq629begzt1pysev","pid":836659,"target":"tachyon_serverless_provider_process"}
{"timestamp":"2026-09-18T04:31:51.934536Z","level":"INFO","message":"invocation finished","invocation_id":"inv_01m2schtnsk109sqhv074jxn8w","status":"succeeded (async run)","handler_ms":8,"environment_boot_ms":1,"runtime_init_ms":16,"target":"tachyon_serverless_application::services::invoke"}
{"timestamp":"2026-09-18T04:31:51.940388Z","level":"INFO","message":"terminating bridge","environment_id":"env_01m2schyfkeq629begzt1pysev","pid":836659,"reason":"Completed","graceful":true,"target":"tachyon_serverless_provider_process"}
{"timestamp":"2026-09-18T04:31:51.945698Z","level":"INFO","message":"asynchronous invocation settled","invocation_id":"inv_01m2schtnsk109sqhv074jxn8w","status":"succeeded","target":"tachyon_serverless_application::services::invoke_async::dispatch"}
{"timestamp":"2026-09-18T04:31:51.946737Z","level":"INFO","message":"async dispatch: delivery handled","message_id":"inv_01m2schtnsk109sqhv074jxn8w.g1","sequence":12,"delivery_count":1,"outcome":"Completed { status: \"succeeded\" }","target":"tachyon_serverless_application::services::invoke_async::dispatch"}
{"timestamp":"2026-09-18T04:31:52.701114Z","level":"INFO","message":"SIGTERM received","target":"tachyon_serverless_gateway"}
{"timestamp":"2026-09-18T04:31:52.701141Z","level":"INFO","message":"shutdown requested; cancelling in-flight invocations","target":"tachyon_serverless_gateway"}
{"timestamp":"2026-09-18T04:31:52.701432Z","level":"INFO","message":"final usage collection","report":"CollectReport { batches: 0, read: 0, inserted: 0, duplicates: 0, cursor_seq: 81 }","target":"tachyon_serverless_gateway"}
{"timestamp":"2026-09-18T04:31:52.704099Z","level":"INFO","message":"gateway stopped","target":"tachyon_serverless_gateway"}
{"timestamp":"2026-09-18T04:31:52.704247Z","level":"INFO","message":"event: closed","target":"async_nats"}
