
===== b start (failpoints: none) 04:31:01 =====
{"timestamp":"2026-09-18T04:31:01.803877Z","level":"INFO","message":"configuration loaded","config":"/home/takanorifukuyama.guest/w/tsls-chaos.UO81yD/gw-b.toml","target":"tachyon_serverless_gateway"}
{"timestamp":"2026-09-18T04:31:01.805670Z","level":"INFO","message":"connected successfully","server":"41723","max_payload":"1048576","target":"async_nats::connector"}
{"timestamp":"2026-09-18T04:31:01.805748Z","level":"INFO","message":"event: connected","target":"async_nats"}
{"timestamp":"2026-09-18T04:31:01.808470Z","level":"INFO","message":"JetStream queue connected and stream bootstrapped","url":"nats://127.0.0.1:41723","stream":"TACHYON_EVENTS","target":"tachyon_serverless_gateway::durable"}
{"timestamp":"2026-09-18T04:31:01.809478Z","level":"INFO","message":"state store opened","path":"/home/takanorifukuyama.guest/w/tsls-chaos.UO81yD/data/state.db","schema_version":8,"migrations_applied":"[]","imported_state_json":"None","settled_invocations":0,"settled_attempts":0,"settled_environments":0,"released_leases":0,"dropped_idempotency_keys":0,"purged_idempotency_keys":0,"outputs_purged":0,"target":"tachyon_serverless_application::app"}
{"timestamp":"2026-09-18T04:31:01.810291Z","level":"INFO","message":"log store opened","path":"/home/takanorifukuyama.guest/w/tsls-chaos.UO81yD/data/logs/logs.db","healthy":true,"retention_seconds":604800,"max_total_bytes":1073741824,"target":"tachyon_serverless_application::app"}
{"timestamp":"2026-09-18T04:31:01.810767Z","level":"INFO","message":"dispatcher registered","dispatcher_id":"dsp_01m2scgenj1hf8jb3y60txbb3m","instance":"chaos-b","pid":835840,"lease_ttl_seconds":6,"target":"tachyon_serverless_application::services::dispatcher"}
{"timestamp":"2026-09-18T04:31:01.811599Z","level":"INFO","message":"application bootstrapped","profile":"dev","provider":"process","dev_only":true,"environment_reuse":false,"reuse_verified":false,"reuse_reason":"[pool] enabled is false","reuse_disabled":"Some(Configuration)","idle_quiesce":"unsupported","idle_resume":"unsupported","data_dir":"/home/takanorifukuyama.guest/w/tsls-chaos.UO81yD/data","store":"sqlite","dispatcher_id":"dsp_01m2scgenj1hf8jb3y60txbb3m","node":"local","node_region":"none","node_memory_mib":"None","max_concurrency":8,"queue":"nats","objects":"filesystem","invoke_async":true,"triggers":true,"target":"tachyon_serverless_application::app"}
{"timestamp":"2026-09-18T04:31:01.811782Z","level":"INFO","message":"startup reconcile finished","provider":"process","found":0,"adopted":0,"terminated":0,"disowned":0,"failed":0,"lost":0,"foreign":0,"reclaimed_dispatchers":0,"fenced_terminated":0,"fenced_pending":0,"target":"tachyon_serverless_application::services::reconcile"}
{"timestamp":"2026-09-18T04:31:01.811848Z","level":"INFO","message":"gateway listening","addr":"127.0.0.1:57683","profile":"dev","provider":"process","target":"tachyon_serverless_gateway"}
{"timestamp":"2026-09-18T04:31:01.812893Z","level":"INFO","message":"asynchronous dispatcher started","workers":2,"owner":"dsp_01m2scgenj1hf8jb3y60txbb3m","target":"tachyon_serverless_gateway"}
{"timestamp":"2026-09-18T04:31:02.020975Z","level":"INFO","message":"asynchronous run claimed","invocation_id":"inv_01m2scgevqyswx7f38b6sqwh76","attempt":1,"generation":0,"delivery_count":1,"target":"tachyon_serverless_application::services::invoke_async::dispatch"}
{"timestamp":"2026-09-18T04:31:03.216524Z","level":"INFO","message":"bridge spawned","environment_id":"env_01m2scgew5zhs7rsb7hj9p1v9r","pid":835865,"target":"tachyon_serverless_provider_process"}
{"timestamp":"2026-09-18T04:31:03.241515Z","level":"INFO","message":"invocation finished","invocation_id":"inv_01m2scgevqyswx7f38b6sqwh76","status":"succeeded (async run)","handler_ms":5,"environment_boot_ms":2,"runtime_init_ms":4,"target":"tachyon_serverless_application::services::invoke"}
{"timestamp":"2026-09-18T04:31:03.243422Z","level":"INFO","message":"terminating bridge","environment_id":"env_01m2scgew5zhs7rsb7hj9p1v9r","pid":835865,"reason":"Completed","graceful":true,"target":"tachyon_serverless_provider_process"}
{"timestamp":"2026-09-18T04:31:03.246740Z","level":"INFO","message":"asynchronous invocation settled","invocation_id":"inv_01m2scgevqyswx7f38b6sqwh76","status":"succeeded","target":"tachyon_serverless_application::services::invoke_async::dispatch"}
{"timestamp":"2026-09-18T04:31:03.247511Z","level":"INFO","message":"async dispatch: delivery handled","message_id":"inv_01m2scgevqyswx7f38b6sqwh76","sequence":1,"delivery_count":1,"outcome":"Completed { status: \"succeeded\" }","target":"tachyon_serverless_application::services::invoke_async::dispatch"}
{"timestamp":"2026-09-18T04:31:03.357313Z","level":"INFO","message":"asynchronous run claimed","invocation_id":"inv_01m2scgg5nd9ykfk50h01v9hby","attempt":1,"generation":0,"delivery_count":1,"target":"tachyon_serverless_application::services::invoke_async::dispatch"}
{"timestamp":"2026-09-18T04:31:04.038232Z","level":"INFO","message":"asynchronous run claimed","invocation_id":"inv_01m2scggt6g06h4vp5f5yrqgzg","attempt":1,"generation":0,"delivery_count":1,"target":"tachyon_serverless_application::services::invoke_async::dispatch"}
{"timestamp":"2026-09-18T04:31:04.603189Z","level":"INFO","message":"bridge spawned","environment_id":"env_01m2scgg658hx09jzkwzz0n6aj","pid":835955,"target":"tachyon_serverless_provider_process"}
{"timestamp":"2026-09-18T04:31:04.660615Z","level":"INFO","message":"invocation finished","invocation_id":"inv_01m2scgg61t8f7pqgtnr5a9ytd","status":"succeeded","handler_ms":4,"environment_boot_ms":3,"runtime_init_ms":36,"target":"tachyon_serverless_application::services::invoke"}
{"timestamp":"2026-09-18T04:31:04.662052Z","level":"INFO","message":"terminating bridge","environment_id":"env_01m2scgg658hx09jzkwzz0n6aj","pid":835955,"reason":"Completed","graceful":true,"target":"tachyon_serverless_provider_process"}
{"timestamp":"2026-09-18T04:31:04.699185Z","level":"INFO","message":"asynchronous invocation accepted","invocation_id":"inv_01m2scghfrdyweqfzh9qkk3xqf","tenant_id":"tn_01hzzzzzzzzzzzzzzzzzzzzzza","revision_id":"rev_01m2scg6cvjpg9ac2cs86b7rs3","input_bytes":49,"input_storage":"inline","target":"tachyon_serverless_application::services::invoke_async"}
{"timestamp":"2026-09-18T04:31:04.707123Z","level":"INFO","message":"bridge spawned","environment_id":"env_01m2scgg5ywprznhzjxk0f45ba","pid":836004,"target":"tachyon_serverless_provider_process"}
{"timestamp":"2026-09-18T04:31:04.784287Z","level":"INFO","message":"asynchronous invocation accepted","invocation_id":"inv_01m2scghhzsbgbqgq61ck9rgas","tenant_id":"tn_01hzzzzzzzzzzzzzzzzzzzzzza","revision_id":"rev_01m2scg6cvjpg9ac2cs86b7rs3","input_bytes":4129,"input_storage":"object","target":"tachyon_serverless_application::services::invoke_async"}
{"timestamp":"2026-09-18T04:31:04.804160Z","level":"INFO","message":"invocation finished","invocation_id":"inv_01m2scgg5nd9ykfk50h01v9hby","status":"succeeded (async run)","handler_ms":4,"environment_boot_ms":2,"runtime_init_ms":61,"target":"tachyon_serverless_application::services::invoke"}
{"timestamp":"2026-09-18T04:31:04.806914Z","level":"INFO","message":"terminating bridge","environment_id":"env_01m2scgg5ywprznhzjxk0f45ba","pid":836004,"reason":"Completed","graceful":true,"target":"tachyon_serverless_provider_process"}
{"timestamp":"2026-09-18T04:31:04.814372Z","level":"INFO","message":"asynchronous invocation accepted","invocation_id":"inv_01m2scghk6hd7xw3k3607ybd9p","tenant_id":"tn_01hzzzzzzzzzzzzzzzzzzzzzza","revision_id":"rev_01m2scg9ww5j1ypyxej3rhgbha","input_bytes":193,"input_storage":"inline","target":"tachyon_serverless_application::services::invoke_async"}
{"timestamp":"2026-09-18T04:31:04.814423Z","level":"INFO","message":"webhook trigger fired","trigger_id":"trg_01m2scgemqktqbfqhzgwpdbgp0","event_id":"evt-pre-b-w1","invocation_id":"inv_01m2scghk6hd7xw3k3607ybd9p","revision_id":"rev_01m2scg9ww5j1ypyxej3rhgbha","replayed":false,"target":"tachyon_serverless_application::services::triggers"}
{"timestamp":"2026-09-18T04:31:04.828038Z","level":"INFO","message":"asynchronous invocation settled","invocation_id":"inv_01m2scgg5nd9ykfk50h01v9hby","status":"succeeded","target":"tachyon_serverless_application::services::invoke_async::dispatch"}
{"timestamp":"2026-09-18T04:31:04.830735Z","level":"INFO","message":"async dispatch: delivery handled","message_id":"inv_01m2scgg5nd9ykfk50h01v9hby","sequence":4,"delivery_count":1,"outcome":"Completed { status: \"succeeded\" }","target":"tachyon_serverless_application::services::invoke_async::dispatch"}
{"timestamp":"2026-09-18T04:31:04.833043Z","level":"INFO","message":"asynchronous run claimed","invocation_id":"inv_01m2scghk6hd7xw3k3607ybd9p","attempt":1,"generation":0,"delivery_count":1,"target":"tachyon_serverless_application::services::invoke_async::dispatch"}
{"timestamp":"2026-09-18T04:31:05.621115Z","level":"INFO","message":"bridge spawned","environment_id":"env_01m2scggv7yzrpy3dssxbq8zwa","pid":836087,"target":"tachyon_serverless_provider_process"}
{"timestamp":"2026-09-18T04:31:05.659283Z","level":"INFO","message":"invocation finished","invocation_id":"inv_01m2scggt6g06h4vp5f5yrqgzg","status":"succeeded (async run)","handler_ms":5,"environment_boot_ms":5,"runtime_init_ms":17,"target":"tachyon_serverless_application::services::invoke"}
{"timestamp":"2026-09-18T04:31:05.665359Z","level":"INFO","message":"terminating bridge","environment_id":"env_01m2scggv7yzrpy3dssxbq8zwa","pid":836087,"reason":"Completed","graceful":true,"target":"tachyon_serverless_provider_process"}
{"timestamp":"2026-09-18T04:31:05.689989Z","level":"INFO","message":"asynchronous invocation settled","invocation_id":"inv_01m2scggt6g06h4vp5f5yrqgzg","status":"succeeded","target":"tachyon_serverless_application::services::invoke_async::dispatch"}
{"timestamp":"2026-09-18T04:31:05.693888Z","level":"INFO","message":"async dispatch: delivery handled","message_id":"inv_01m2scggt6g06h4vp5f5yrqgzg","sequence":5,"delivery_count":1,"outcome":"Completed { status: \"succeeded\" }","target":"tachyon_serverless_application::services::invoke_async::dispatch"}
{"timestamp":"2026-09-18T04:31:06.174423Z","level":"INFO","message":"bridge spawned","environment_id":"env_01m2scghm12h14r20700ah5g1y","pid":836116,"target":"tachyon_serverless_provider_process"}
{"timestamp":"2026-09-18T04:31:06.222838Z","level":"INFO","message":"invocation finished","invocation_id":"inv_01m2scghk6hd7xw3k3607ybd9p","status":"succeeded (async run)","handler_ms":10,"environment_boot_ms":2,"runtime_init_ms":22,"target":"tachyon_serverless_application::services::invoke"}
{"timestamp":"2026-09-18T04:31:06.224725Z","level":"INFO","message":"terminating bridge","environment_id":"env_01m2scghm12h14r20700ah5g1y","pid":836116,"reason":"Completed","graceful":true,"target":"tachyon_serverless_provider_process"}
{"timestamp":"2026-09-18T04:31:06.230871Z","level":"INFO","message":"asynchronous invocation settled","invocation_id":"inv_01m2scghk6hd7xw3k3607ybd9p","status":"succeeded","target":"tachyon_serverless_application::services::invoke_async::dispatch"}
{"timestamp":"2026-09-18T04:31:06.231452Z","level":"INFO","message":"async dispatch: delivery handled","message_id":"inv_01m2scghk6hd7xw3k3607ybd9p","sequence":8,"delivery_count":1,"outcome":"Completed { status: \"succeeded\" }","target":"tachyon_serverless_application::services::invoke_async::dispatch"}
{"timestamp":"2026-09-18T04:31:11.814992Z","level":"WARN","message":"async reaper: listing candidates failed","error":"store: the store connection stayed busy for 5 s (database locked?)","target":"tachyon_serverless_application::services::invoke_async::dispatch"}
{"timestamp":"2026-09-18T04:31:11.833655Z","level":"WARN","message":"dispatcher heartbeat failed","error":"store: database is locked","target":"tachyon_serverless_application::app"}
{"timestamp":"2026-09-18T04:31:16.815690Z","level":"WARN","message":"outbox: claiming failed","error":"store: the store connection stayed busy for 5 s (database locked?)","target":"tachyon_serverless_application::services::invoke_async::publisher"}
{"timestamp":"2026-09-18T04:31:16.815965Z","level":"WARN","message":"object gc: claim failed","object":"obj_01m2scghhzzah1w6txnhxxgmdt","error":"store: the store connection stayed busy for 5 s (database locked?)","target":"tachyon_serverless_application::durable::gc"}
{"timestamp":"2026-09-18T04:31:21.691757Z","level":"WARN","message":"object gc: claim failed","object":"obj_01m2scgg522rznx2a8mnsm05ps","error":"store: the store connection stayed busy for 5 s (database locked?)","target":"tachyon_serverless_application::durable::gc"}
{"timestamp":"2026-09-18T04:31:21.764730Z","level":"WARN","message":"cannot take the trigger scheduler lease","error":"store: database is locked","target":"tachyon_serverless_application::services::triggers"}
{"timestamp":"2026-09-18T04:31:26.728908Z","level":"WARN","message":"dispatcher heartbeat failed","error":"store: the store connection stayed busy for 5 s (database locked?)","target":"tachyon_serverless_application::app"}
{"timestamp":"2026-09-18T04:31:26.971646Z","level":"WARN","message":"object gc: purging tombstones failed","error":"store: database is locked","target":"tachyon_serverless_application::durable::gc"}
{"timestamp":"2026-09-18T04:31:26.971829Z","level":"INFO","message":"object retention pass","report":"GcReport { examined: 2, collected_expired: 0, collected_orphans: 0, kept_in_use: 0, kept_referenced: 0, incomplete_removed: 0, tombstones_purged: 0, failed: 3 }","target":"tachyon_serverless_gateway"}
{"timestamp":"2026-09-18T04:31:31.975306Z","level":"WARN","message":"cannot take the trigger scheduler lease","error":"store: the store connection stayed busy for 5 s (database locked?)","target":"tachyon_serverless_application::services::triggers"}
{"timestamp":"2026-09-18T04:31:32.220410Z","level":"WARN","message":"object gc: claim failed","object":"obj_01m2scghhzzah1w6txnhxxgmdt","error":"store: database is locked","target":"tachyon_serverless_application::durable::gc"}
{"timestamp":"2026-09-18T04:31:36.984982Z","level":"WARN","message":"async reaper: listing candidates failed","error":"store: the store connection stayed busy for 5 s (database locked?)","target":"tachyon_serverless_application::services::invoke_async::dispatch"}
{"timestamp":"2026-09-18T04:31:37.221906Z","level":"WARN","message":"object gc: claim failed","object":"obj_01m2scgg522rznx2a8mnsm05ps","error":"store: the store connection stayed busy for 5 s (database locked?)","target":"tachyon_serverless_application::durable::gc"}
{"timestamp":"2026-09-18T04:31:37.436508Z","level":"WARN","message":"dispatcher heartbeat failed","error":"store: database is locked","target":"tachyon_serverless_application::app"}
{"timestamp":"2026-09-18T04:31:41.957835Z","level":"INFO","message":"object retention pass","report":"GcReport { examined: 2, collected_expired: 0, collected_orphans: 0, kept_in_use: 0, kept_referenced: 0, incomplete_removed: 0, tombstones_purged: 0, failed: 2 }","target":"tachyon_serverless_gateway"}
{"timestamp":"2026-09-18T04:31:41.960392Z","level":"WARN","message":"dispatcher lease renewed after the store was unavailable","dispatcher_id":"dsp_01m2scgenj1hf8jb3y60txbb3m","outage_started_at":"Some(2026-09-18T04:31:06.813673824Z)","failed_heartbeats":3,"revived":true,"leases":0,"target":"tachyon_serverless_application::services::dispatcher"}
{"timestamp":"2026-09-18T04:31:41.962685Z","level":"WARN","message":"reclaimed the work of dispatchers that lost their lease","dispatcher_id":"dsp_01m2scgenj1hf8jb3y60txbb3m","reclaimed_dispatchers":"[DispatcherId(dsp_01m2scg3spt3rkd3jtzsqw6nba)]","leases":0,"invocations":0,"attempts":0,"fenced":0,"target":"tachyon_serverless_application::services::dispatcher"}
{"timestamp":"2026-09-18T04:31:41.962796Z","level":"INFO","message":"object retention pass","report":"GcReport { examined: 2, collected_expired: 0, collected_orphans: 0, kept_in_use: 0, kept_referenced: 2, incomplete_removed: 0, tombstones_purged: 0, failed: 0 }","target":"tachyon_serverless_gateway"}
{"timestamp":"2026-09-18T04:31:43.696831Z","level":"INFO","message":"object retention pass","report":"GcReport { examined: 2, collected_expired: 0, collected_orphans: 0, kept_in_use: 0, kept_referenced: 2, incomplete_removed: 0, tombstones_purged: 0, failed: 0 }","target":"tachyon_serverless_gateway"}
{"timestamp":"2026-09-18T04:31:45.166514Z","level":"INFO","message":"bridge spawned","environment_id":"env_01m2schqxy5as2pjb88dxf6594","pid":836338,"target":"tachyon_serverless_provider_process"}
{"timestamp":"2026-09-18T04:31:45.190815Z","level":"INFO","message":"invocation finished","invocation_id":"inv_01m2schqxxd911x7dabewmde5x","status":"succeeded","handler_ms":5,"environment_boot_ms":1,"runtime_init_ms":3,"target":"tachyon_serverless_application::services::invoke"}
{"timestamp":"2026-09-18T04:31:45.192675Z","level":"INFO","message":"terminating bridge","environment_id":"env_01m2schqxy5as2pjb88dxf6594","pid":836338,"reason":"Completed","graceful":true,"target":"tachyon_serverless_provider_process"}
{"timestamp":"2026-09-18T04:31:45.690619Z","level":"INFO","message":"object retention pass","report":"GcReport { examined: 2, collected_expired: 0, collected_orphans: 0, kept_in_use: 0, kept_referenced: 2, incomplete_removed: 0, tombstones_purged: 0, failed: 0 }","target":"tachyon_serverless_gateway"}
{"timestamp":"2026-09-18T04:31:46.880744Z","level":"INFO","message":"asynchronous run claimed","invocation_id":"inv_01m2schtnsk109sqhv074jxn8w","attempt":1,"generation":0,"delivery_count":1,"target":"tachyon_serverless_application::services::invoke_async::dispatch"}
{"timestamp":"2026-09-18T04:31:46.885513Z","level":"INFO","message":"SIGTERM received","target":"tachyon_serverless_gateway"}
{"timestamp":"2026-09-18T04:31:46.885543Z","level":"INFO","message":"shutdown requested; cancelling in-flight invocations","target":"tachyon_serverless_gateway"}
{"timestamp":"2026-09-18T04:31:46.885560Z","level":"INFO","message":"cancelling in-flight invocations for shutdown","count":1,"target":"tachyon_serverless_application::services::invoke"}
{"timestamp":"2026-09-18T04:31:47.690728Z","level":"INFO","message":"object retention pass","report":"GcReport { examined: 2, collected_expired: 0, collected_orphans: 0, kept_in_use: 0, kept_referenced: 2, incomplete_removed: 0, tombstones_purged: 0, failed: 0 }","target":"tachyon_serverless_gateway"}
{"timestamp":"2026-09-18T04:31:48.083512Z","level":"INFO","message":"bridge spawned","environment_id":"env_01m2schtp19f30ycw5xy5h4955","pid":836531,"target":"tachyon_serverless_provider_process"}
{"timestamp":"2026-09-18T04:31:48.085683Z","level":"INFO","message":"terminating bridge","environment_id":"env_01m2schtp19f30ycw5xy5h4955","pid":836531,"reason":"Shutdown","graceful":true,"target":"tachyon_serverless_provider_process"}
{"timestamp":"2026-09-18T04:31:49.696588Z","level":"INFO","message":"object retention pass","report":"GcReport { examined: 2, collected_expired: 0, collected_orphans: 0, kept_in_use: 0, kept_referenced: 2, incomplete_removed: 0, tombstones_purged: 0, failed: 0 }","target":"tachyon_serverless_gateway"}
{"timestamp":"2026-09-18T04:31:50.600064Z","level":"INFO","message":"asynchronous invocation rescheduled","invocation_id":"inv_01m2schtnsk109sqhv074jxn8w","next_attempt_at":"2026-09-18T04:31:50.710478750+00:00","counted":false,"error_type":"Host.GatewayShutdown","target":"tachyon_serverless_application::services::invoke_async::dispatch"}
{"timestamp":"2026-09-18T04:31:50.604030Z","level":"INFO","message":"async dispatch: delivery handled","message_id":"inv_01m2schtnsk109sqhv074jxn8w","sequence":11,"delivery_count":1,"outcome":"Rescheduled { next_attempt_at: 2026-09-18T04:31:50.710478750Z, counted: false }","target":"tachyon_serverless_application::services::invoke_async::dispatch"}
{"timestamp":"2026-09-18T04:31:50.608387Z","level":"INFO","message":"final usage collection","report":"CollectReport { batches: 1, read: 1, inserted: 1, duplicates: 0, cursor_seq: 76 }","target":"tachyon_serverless_gateway"}
{"timestamp":"2026-09-18T04:31:50.613188Z","level":"INFO","message":"gateway stopped","target":"tachyon_serverless_gateway"}
{"timestamp":"2026-09-18T04:31:50.613575Z","level":"INFO","message":"event: closed","target":"async_nats"}
