
===== a start (failpoints: none) 11:59:34 =====
{"timestamp":"2026-09-17T11:59:34.717314Z","level":"INFO","message":"configuration loaded","config":"/private/var/folders/z7/khzdjrt95cg_fcmcnh4j1b5h0000gn/T/tsls-chaos.VWSHjZ/gw-a.toml","target":"tachyon_serverless_gateway"}
{"timestamp":"2026-09-17T11:59:34.719475Z","level":"INFO","message":"connected successfully","server":"61728","max_payload":"1048576","target":"async_nats::connector"}
{"timestamp":"2026-09-17T11:59:34.719569Z","level":"INFO","message":"event: connected","target":"async_nats"}
{"timestamp":"2026-09-17T11:59:34.734722Z","level":"INFO","message":"JetStream queue connected and stream bootstrapped","url":"nats://127.0.0.1:61728","stream":"TACHYON_EVENTS","target":"tachyon_serverless_gateway::durable"}
{"timestamp":"2026-09-17T11:59:34.741720Z","level":"INFO","message":"state store opened","path":"/private/var/folders/z7/khzdjrt95cg_fcmcnh4j1b5h0000gn/T/tsls-chaos.VWSHjZ/data/state.db","schema_version":8,"migrations_applied":"[1, 2, 3, 4, 5, 6, 7, 8]","imported_state_json":"None","settled_invocations":0,"settled_attempts":0,"settled_environments":0,"released_leases":0,"dropped_idempotency_keys":0,"purged_idempotency_keys":0,"outputs_purged":0,"target":"tachyon_serverless_application::app"}
{"timestamp":"2026-09-17T11:59:34.741940Z","level":"INFO","message":"dispatcher registered","dispatcher_id":"dsp_01m2qks1tnhg6pdpr455f4yz59","instance":"chaos-a","pid":7226,"lease_ttl_seconds":6,"target":"tachyon_serverless_application::services::dispatcher"}
{"timestamp":"2026-09-17T11:59:34.745414Z","level":"INFO","message":"application bootstrapped","profile":"dev","provider":"process","dev_only":true,"environment_reuse":false,"reuse_verified":false,"reuse_reason":"[pool] enabled is false","reuse_disabled":"Some(Configuration)","idle_quiesce":"unsupported","idle_resume":"unsupported","data_dir":"/private/var/folders/z7/khzdjrt95cg_fcmcnh4j1b5h0000gn/T/tsls-chaos.VWSHjZ/data","store":"sqlite","dispatcher_id":"dsp_01m2qks1tnhg6pdpr455f4yz59","node":"local","node_region":"none","node_memory_mib":"None","max_concurrency":8,"queue":"nats","objects":"filesystem","invoke_async":true,"triggers":true,"target":"tachyon_serverless_application::app"}
{"timestamp":"2026-09-17T11:59:34.745612Z","level":"INFO","message":"startup reconcile finished","provider":"process","found":0,"adopted":0,"terminated":0,"disowned":0,"failed":0,"lost":0,"foreign":0,"reclaimed_dispatchers":0,"fenced_terminated":0,"fenced_pending":0,"target":"tachyon_serverless_application::services::reconcile"}
{"timestamp":"2026-09-17T11:59:34.745674Z","level":"INFO","message":"gateway listening","addr":"127.0.0.1:61736","profile":"dev","provider":"process","target":"tachyon_serverless_gateway"}
{"timestamp":"2026-09-17T11:59:34.746845Z","level":"INFO","message":"asynchronous dispatcher started","workers":2,"owner":"dsp_01m2qks1tnhg6pdpr455f4yz59","target":"tachyon_serverless_gateway"}
{"timestamp":"2026-09-17T11:59:35.572639Z","level":"INFO","message":"revision ready","revision_id":"rev_01m2qks2ew3jy6ahgkpgxrnhvz","function_id":"fn_01m2qks23z3zm46zxp97sxmp44","target":"tachyon_serverless_application::services::revision"}
{"timestamp":"2026-09-17T11:59:36.338956Z","level":"INFO","message":"revision ready","revision_id":"rev_01m2qks35ny6ndxsb8rk27719p","function_id":"fn_01m2qks2rgpga77ppymr981g7s","target":"tachyon_serverless_application::services::revision"}
{"timestamp":"2026-09-17T11:59:37.247281Z","level":"INFO","message":"revision ready","revision_id":"rev_01m2qks40q2fx1mgkfm15aycp8","function_id":"fn_01m2qks3gjbp9jy8jahrmcq40j","target":"tachyon_serverless_application::services::revision"}
{"timestamp":"2026-09-17T11:59:37.355909Z","level":"INFO","message":"trigger created","trigger_id":"trg_01m2qks4cbcnt209128fk36n4a","function_id":"fn_01m2qks2rgpga77ppymr981g7s","kind":"cron","enabled":true,"next_fire_at":"Some(2026-09-17T11:59:38Z)","target":"tachyon_serverless_application::services::triggers"}
{"timestamp":"2026-09-17T11:59:37.377971Z","level":"INFO","message":"trigger created","trigger_id":"trg_01m2qks4d104a1wyg5xdge5qwf","function_id":"fn_01m2qks2rgpga77ppymr981g7s","kind":"webhook","enabled":true,"next_fire_at":"None","target":"tachyon_serverless_application::services::triggers"}
{"timestamp":"2026-09-17T11:59:37.730353Z","level":"INFO","message":"bridge spawned","environment_id":"env_01m2qks4ed9p59gp2npphpjh87","pid":7986,"target":"tachyon_serverless_provider_process"}
{"timestamp":"2026-09-17T11:59:38.006936Z","level":"INFO","message":"asynchronous invocation accepted","invocation_id":"inv_01m2qks50nxqs256v7m7mc7j7y","tenant_id":"tn_01hzzzzzzzzzzzzzzzzzzzzzza","revision_id":"rev_01m2qks35ny6ndxsb8rk27719p","input_bytes":180,"input_storage":"inline","target":"tachyon_serverless_application::services::invoke_async"}
{"timestamp":"2026-09-17T11:59:38.007052Z","level":"INFO","message":"cron trigger fired","trigger_id":"trg_01m2qks4cbcnt209128fk36n4a","scheduled_at":"2026-09-17T11:59:38Z","invocation_id":"inv_01m2qks50nxqs256v7m7mc7j7y","revision_id":"rev_01m2qks35ny6ndxsb8rk27719p","replayed":false,"target":"tachyon_serverless_application::services::triggers"}
{"timestamp":"2026-09-17T11:59:38.031731Z","level":"INFO","message":"asynchronous run claimed","invocation_id":"inv_01m2qks50nxqs256v7m7mc7j7y","attempt":1,"generation":0,"delivery_count":1,"target":"tachyon_serverless_application::services::invoke_async::dispatch"}
{"timestamp":"2026-09-17T11:59:38.298116Z","level":"INFO","message":"bridge spawned","environment_id":"env_01m2qks51grayfbyqsvbtx034y","pid":7989,"target":"tachyon_serverless_provider_process"}
{"timestamp":"2026-09-17T11:59:38.671565Z","level":"INFO","message":"invocation finished","invocation_id":"inv_01m2qks4ec173r1v3mf4tnz618","status":"succeeded","handler_ms":1,"environment_boot_ms":8,"runtime_init_ms":929,"target":"tachyon_serverless_application::services::invoke"}
{"timestamp":"2026-09-17T11:59:38.672006Z","level":"INFO","message":"invocation finished","invocation_id":"inv_01m2qks50nxqs256v7m7mc7j7y","status":"succeeded (async run)","handler_ms":0,"environment_boot_ms":7,"runtime_init_ms":362,"target":"tachyon_serverless_application::services::invoke"}
{"timestamp":"2026-09-17T11:59:38.673465Z","level":"INFO","message":"terminating bridge","environment_id":"env_01m2qks51grayfbyqsvbtx034y","pid":7989,"reason":"Completed","graceful":true,"target":"tachyon_serverless_provider_process"}
{"timestamp":"2026-09-17T11:59:38.673469Z","level":"INFO","message":"terminating bridge","environment_id":"env_01m2qks4ed9p59gp2npphpjh87","pid":7986,"reason":"Completed","graceful":true,"target":"tachyon_serverless_provider_process"}
{"timestamp":"2026-09-17T11:59:38.678699Z","level":"INFO","message":"asynchronous invocation settled","invocation_id":"inv_01m2qks50nxqs256v7m7mc7j7y","status":"succeeded","target":"tachyon_serverless_application::services::invoke_async::dispatch"}
{"timestamp":"2026-09-17T11:59:38.692507Z","level":"INFO","message":"async dispatch: delivery handled","message_id":"inv_01m2qks50nxqs256v7m7mc7j7y","sequence":1,"delivery_count":1,"outcome":"Completed { status: \"succeeded\" }","target":"tachyon_serverless_application::services::invoke_async::dispatch"}
{"timestamp":"2026-09-17T11:59:38.776834Z","level":"INFO","message":"asynchronous invocation accepted","invocation_id":"inv_01m2qks5rq92qxvf0mcftkgkj0","tenant_id":"tn_01hzzzzzzzzzzzzzzzzzzzzzza","revision_id":"rev_01m2qks2ew3jy6ahgkpgxrnhvz","input_bytes":47,"input_storage":"inline","target":"tachyon_serverless_application::services::invoke_async"}
{"timestamp":"2026-09-17T11:59:38.782427Z","level":"INFO","message":"asynchronous run claimed","invocation_id":"inv_01m2qks5rq92qxvf0mcftkgkj0","attempt":1,"generation":0,"delivery_count":1,"target":"tachyon_serverless_application::services::invoke_async::dispatch"}
{"timestamp":"2026-09-17T11:59:38.889113Z","level":"INFO","message":"asynchronous invocation accepted","invocation_id":"inv_01m2qks5vreje5k90xdndsw27h","tenant_id":"tn_01hzzzzzzzzzzzzzzzzzzzzzza","revision_id":"rev_01m2qks2ew3jy6ahgkpgxrnhvz","input_bytes":4127,"input_storage":"object","target":"tachyon_serverless_application::services::invoke_async"}
{"timestamp":"2026-09-17T11:59:38.895823Z","level":"INFO","message":"asynchronous run claimed","invocation_id":"inv_01m2qks5vreje5k90xdndsw27h","attempt":1,"generation":0,"delivery_count":1,"target":"tachyon_serverless_application::services::invoke_async::dispatch"}
{"timestamp":"2026-09-17T11:59:38.944629Z","level":"INFO","message":"asynchronous invocation accepted","invocation_id":"inv_01m2qks5xze5szcmmemgybcgdn","tenant_id":"tn_01hzzzzzzzzzzzzzzzzzzzzzza","revision_id":"rev_01m2qks35ny6ndxsb8rk27719p","input_bytes":189,"input_storage":"inline","target":"tachyon_serverless_application::services::invoke_async"}
{"timestamp":"2026-09-17T11:59:38.944698Z","level":"INFO","message":"webhook trigger fired","trigger_id":"trg_01m2qks4d104a1wyg5xdge5qwf","event_id":"evt-pre-w1","invocation_id":"inv_01m2qks5xze5szcmmemgybcgdn","revision_id":"rev_01m2qks35ny6ndxsb8rk27719p","replayed":false,"target":"tachyon_serverless_application::services::triggers"}
{"timestamp":"2026-09-17T11:59:39.116797Z","level":"INFO","message":"bridge spawned","environment_id":"env_01m2qks5ryzw5sq9jecf7h5f6w","pid":8074,"target":"tachyon_serverless_provider_process"}
{"timestamp":"2026-09-17T11:59:39.255451Z","level":"INFO","message":"bridge spawned","environment_id":"env_01m2qks5wj3w6xft6keeq6k3ck","pid":8076,"target":"tachyon_serverless_provider_process"}
{"timestamp":"2026-09-17T11:59:39.346041Z","level":"INFO","message":"bridge spawned","environment_id":"env_01m2qks5zbzcrgzr3wy8zbvy8c","pid":8080,"target":"tachyon_serverless_provider_process"}
{"timestamp":"2026-09-17T11:59:39.581992Z","level":"INFO","message":"invocation finished","invocation_id":"inv_01m2qks5rq92qxvf0mcftkgkj0","status":"succeeded (async run)","handler_ms":3,"environment_boot_ms":8,"runtime_init_ms":452,"target":"tachyon_serverless_application::services::invoke"}
{"timestamp":"2026-09-17T11:59:39.583245Z","level":"INFO","message":"invocation finished","invocation_id":"inv_01m2qks5vreje5k90xdndsw27h","status":"succeeded (async run)","handler_ms":2,"environment_boot_ms":8,"runtime_init_ms":316,"target":"tachyon_serverless_application::services::invoke"}
{"timestamp":"2026-09-17T11:59:39.583847Z","level":"INFO","message":"terminating bridge","environment_id":"env_01m2qks5ryzw5sq9jecf7h5f6w","pid":8074,"reason":"Completed","graceful":true,"target":"tachyon_serverless_provider_process"}
{"timestamp":"2026-09-17T11:59:39.583985Z","level":"INFO","message":"terminating bridge","environment_id":"env_01m2qks5wj3w6xft6keeq6k3ck","pid":8076,"reason":"Completed","graceful":true,"target":"tachyon_serverless_provider_process"}
{"timestamp":"2026-09-17T11:59:39.590036Z","level":"INFO","message":"asynchronous invocation settled","invocation_id":"inv_01m2qks5rq92qxvf0mcftkgkj0","status":"succeeded","target":"tachyon_serverless_application::services::invoke_async::dispatch"}
{"timestamp":"2026-09-17T11:59:39.591071Z","level":"INFO","message":"asynchronous invocation settled","invocation_id":"inv_01m2qks5vreje5k90xdndsw27h","status":"succeeded","target":"tachyon_serverless_application::services::invoke_async::dispatch"}
{"timestamp":"2026-09-17T11:59:39.595397Z","level":"INFO","message":"async dispatch: delivery handled","message_id":"inv_01m2qks5rq92qxvf0mcftkgkj0","sequence":2,"delivery_count":1,"outcome":"Completed { status: \"succeeded\" }","target":"tachyon_serverless_application::services::invoke_async::dispatch"}
{"timestamp":"2026-09-17T11:59:39.603540Z","level":"INFO","message":"async dispatch: delivery handled","message_id":"inv_01m2qks5vreje5k90xdndsw27h","sequence":3,"delivery_count":1,"outcome":"Completed { status: \"succeeded\" }","target":"tachyon_serverless_application::services::invoke_async::dispatch"}
{"timestamp":"2026-09-17T11:59:39.604132Z","level":"INFO","message":"asynchronous run claimed","invocation_id":"inv_01m2qks5xze5szcmmemgybcgdn","attempt":1,"generation":0,"delivery_count":1,"target":"tachyon_serverless_application::services::invoke_async::dispatch"}
{"timestamp":"2026-09-17T11:59:39.961297Z","level":"INFO","message":"bridge spawned","environment_id":"env_01m2qks6jm8xfhtpkt8dcjvrsz","pid":8088,"target":"tachyon_serverless_provider_process"}
{"timestamp":"2026-09-17T11:59:39.984869Z","level":"INFO","message":"invocation finished","invocation_id":"inv_01m2qks5xze5szcmmemgybcgdn","status":"succeeded (async run)","handler_ms":1,"environment_boot_ms":8,"runtime_init_ms":11,"target":"tachyon_serverless_application::services::invoke"}
{"timestamp":"2026-09-17T11:59:39.986901Z","level":"INFO","message":"terminating bridge","environment_id":"env_01m2qks6jm8xfhtpkt8dcjvrsz","pid":8088,"reason":"Completed","graceful":true,"target":"tachyon_serverless_provider_process"}
{"timestamp":"2026-09-17T11:59:39.993030Z","level":"INFO","message":"asynchronous invocation settled","invocation_id":"inv_01m2qks5xze5szcmmemgybcgdn","status":"succeeded","target":"tachyon_serverless_application::services::invoke_async::dispatch"}
{"timestamp":"2026-09-17T11:59:39.999618Z","level":"INFO","message":"async dispatch: delivery handled","message_id":"inv_01m2qks5xze5szcmmemgybcgdn","sequence":4,"delivery_count":1,"outcome":"Completed { status: \"succeeded\" }","target":"tachyon_serverless_application::services::invoke_async::dispatch"}
{"timestamp":"2026-09-17T11:59:40.005355Z","level":"INFO","message":"asynchronous invocation accepted","invocation_id":"inv_01m2qks6z479s29t45vfw5jfv8","tenant_id":"tn_01hzzzzzzzzzzzzzzzzzzzzzza","revision_id":"rev_01m2qks35ny6ndxsb8rk27719p","input_bytes":180,"input_storage":"inline","target":"tachyon_serverless_application::services::invoke_async"}
{"timestamp":"2026-09-17T11:59:40.005431Z","level":"INFO","message":"cron trigger fired","trigger_id":"trg_01m2qks4cbcnt209128fk36n4a","scheduled_at":"2026-09-17T11:59:40Z","invocation_id":"inv_01m2qks6z479s29t45vfw5jfv8","revision_id":"rev_01m2qks35ny6ndxsb8rk27719p","replayed":false,"target":"tachyon_serverless_application::services::triggers"}
{"timestamp":"2026-09-17T11:59:40.013324Z","level":"INFO","message":"asynchronous run claimed","invocation_id":"inv_01m2qks6z479s29t45vfw5jfv8","attempt":1,"generation":0,"delivery_count":1,"target":"tachyon_serverless_application::services::invoke_async::dispatch"}
{"timestamp":"2026-09-17T11:59:40.372318Z","level":"INFO","message":"bridge spawned","environment_id":"env_01m2qks6zd4vehkp3cq3bcabj8","pid":8097,"target":"tachyon_serverless_provider_process"}
{"timestamp":"2026-09-17T11:59:40.394269Z","level":"INFO","message":"invocation finished","invocation_id":"inv_01m2qks6z479s29t45vfw5jfv8","status":"succeeded (async run)","handler_ms":1,"environment_boot_ms":7,"runtime_init_ms":11,"target":"tachyon_serverless_application::services::invoke"}
{"timestamp":"2026-09-17T11:59:40.396303Z","level":"INFO","message":"terminating bridge","environment_id":"env_01m2qks6zd4vehkp3cq3bcabj8","pid":8097,"reason":"Completed","graceful":true,"target":"tachyon_serverless_provider_process"}
{"timestamp":"2026-09-17T11:59:40.402457Z","level":"INFO","message":"asynchronous invocation settled","invocation_id":"inv_01m2qks6z479s29t45vfw5jfv8","status":"succeeded","target":"tachyon_serverless_application::services::invoke_async::dispatch"}
{"timestamp":"2026-09-17T11:59:40.409609Z","level":"INFO","message":"async dispatch: delivery handled","message_id":"inv_01m2qks6z479s29t45vfw5jfv8","sequence":5,"delivery_count":1,"outcome":"Completed { status: \"succeeded\" }","target":"tachyon_serverless_application::services::invoke_async::dispatch"}
{"timestamp":"2026-09-17T11:59:41.547236Z","level":"INFO","message":"invocation finished","invocation_id":"inv_01m2qks5zapc78jzgjn89m9hhs","status":"outcome_unknown","handler_ms":1470,"environment_boot_ms":8,"runtime_init_ms":720,"target":"tachyon_serverless_application::services::invoke"}
{"timestamp":"2026-09-17T11:59:42.004752Z","level":"INFO","message":"asynchronous invocation accepted","invocation_id":"inv_01m2qks8xk82j0g5nfbpxzep39","tenant_id":"tn_01hzzzzzzzzzzzzzzzzzzzzzza","revision_id":"rev_01m2qks35ny6ndxsb8rk27719p","input_bytes":180,"input_storage":"inline","target":"tachyon_serverless_application::services::invoke_async"}
{"timestamp":"2026-09-17T11:59:42.004829Z","level":"INFO","message":"cron trigger fired","trigger_id":"trg_01m2qks4cbcnt209128fk36n4a","scheduled_at":"2026-09-17T11:59:42Z","invocation_id":"inv_01m2qks8xk82j0g5nfbpxzep39","revision_id":"rev_01m2qks35ny6ndxsb8rk27719p","replayed":false,"target":"tachyon_serverless_application::services::triggers"}
{"timestamp":"2026-09-17T11:59:42.016763Z","level":"INFO","message":"asynchronous run claimed","invocation_id":"inv_01m2qks8xk82j0g5nfbpxzep39","attempt":1,"generation":0,"delivery_count":1,"target":"tachyon_serverless_application::services::invoke_async::dispatch"}
{"timestamp":"2026-09-17T11:59:42.374356Z","level":"INFO","message":"bridge spawned","environment_id":"env_01m2qks8y1djghng0c6bbm47dj","pid":8188,"target":"tachyon_serverless_provider_process"}
{"timestamp":"2026-09-17T11:59:42.396101Z","level":"INFO","message":"invocation finished","invocation_id":"inv_01m2qks8xk82j0g5nfbpxzep39","status":"succeeded (async run)","handler_ms":1,"environment_boot_ms":8,"runtime_init_ms":10,"target":"tachyon_serverless_application::services::invoke"}
{"timestamp":"2026-09-17T11:59:42.398158Z","level":"INFO","message":"terminating bridge","environment_id":"env_01m2qks8y1djghng0c6bbm47dj","pid":8188,"reason":"Completed","graceful":true,"target":"tachyon_serverless_provider_process"}
{"timestamp":"2026-09-17T11:59:42.400570Z","level":"INFO","message":"bridge spawned","environment_id":"env_01m2qks8yskbjc23qex8fpxhak","pid":8190,"target":"tachyon_serverless_provider_process"}
{"timestamp":"2026-09-17T11:59:42.404013Z","level":"INFO","message":"asynchronous invocation settled","invocation_id":"inv_01m2qks8xk82j0g5nfbpxzep39","status":"succeeded","target":"tachyon_serverless_application::services::invoke_async::dispatch"}
{"timestamp":"2026-09-17T11:59:42.414679Z","level":"INFO","message":"async dispatch: delivery handled","message_id":"inv_01m2qks8xk82j0g5nfbpxzep39","sequence":6,"delivery_count":1,"outcome":"Completed { status: \"succeeded\" }","target":"tachyon_serverless_application::services::invoke_async::dispatch"}
{"timestamp":"2026-09-17T11:59:42.629351Z","level":"INFO","message":"invocation finished","invocation_id":"inv_01m2qks8yrtv4nm1r6kefqt8ax","status":"succeeded","handler_ms":202,"environment_boot_ms":8,"runtime_init_ms":15,"target":"tachyon_serverless_application::services::invoke"}
{"timestamp":"2026-09-17T11:59:42.631395Z","level":"INFO","message":"terminating bridge","environment_id":"env_01m2qks8yskbjc23qex8fpxhak","pid":8190,"reason":"Completed","graceful":true,"target":"tachyon_serverless_provider_process"}
{"timestamp":"2026-09-17T11:59:42.682422Z","level":"INFO","message":"trigger updated","trigger_id":"trg_01m2qks4cbcnt209128fk36n4a","generation":2,"status":"disabled","next_fire_at":"None","rotated_secret":false,"target":"tachyon_serverless_application::services::triggers"}
{"timestamp":"2026-09-17T11:59:44.327153Z","level":"INFO","message":"SIGTERM received","target":"tachyon_serverless_gateway"}
{"timestamp":"2026-09-17T11:59:44.327228Z","level":"INFO","message":"shutdown requested; cancelling in-flight invocations","target":"tachyon_serverless_gateway"}
{"timestamp":"2026-09-17T11:59:44.327754Z","level":"INFO","message":"final usage collection","report":"CollectReport { batches: 0, read: 0, inserted: 0, duplicates: 0, cursor_seq: 45 }","target":"tachyon_serverless_gateway"}
{"timestamp":"2026-09-17T11:59:44.329740Z","level":"INFO","message":"gateway stopped","target":"tachyon_serverless_gateway"}
{"timestamp":"2026-09-17T11:59:44.329974Z","level":"INFO","message":"event: closed","target":"async_nats"}
