
===== a start (failpoints: none) 03:57:48 =====
{"timestamp":"2026-09-18T03:57:48.008433Z","level":"INFO","message":"configuration loaded","config":"/home/takanorifukuyama.guest/w/tsls-chaos.2gsV7g/gw-a.toml","target":"tachyon_serverless_gateway"}
{"timestamp":"2026-09-18T03:57:48.010864Z","level":"INFO","message":"connected successfully","server":"60341","max_payload":"1048576","target":"async_nats::connector"}
{"timestamp":"2026-09-18T03:57:48.011030Z","level":"INFO","message":"event: connected","target":"async_nats"}
{"timestamp":"2026-09-18T03:57:48.239978Z","level":"INFO","message":"JetStream queue connected and stream bootstrapped","url":"nats://127.0.0.1:60341","stream":"TACHYON_EVENTS","target":"tachyon_serverless_gateway::durable"}
{"timestamp":"2026-09-18T03:57:48.320142Z","level":"INFO","message":"state store opened","path":"/home/takanorifukuyama.guest/w/tsls-chaos.2gsV7g/data/state.db","schema_version":8,"migrations_applied":"[1, 2, 3, 4, 5, 6, 7, 8]","imported_state_json":"None","settled_invocations":0,"settled_attempts":0,"settled_environments":0,"released_leases":0,"dropped_idempotency_keys":0,"purged_idempotency_keys":0,"outputs_purged":0,"target":"tachyon_serverless_application::app"}
{"timestamp":"2026-09-18T03:57:48.464116Z","level":"INFO","message":"log store opened","path":"/home/takanorifukuyama.guest/w/tsls-chaos.2gsV7g/data/logs/logs.db","healthy":true,"retention_seconds":604800,"max_total_bytes":1073741824,"target":"tachyon_serverless_application::app"}
{"timestamp":"2026-09-18T03:57:48.469371Z","level":"INFO","message":"dispatcher registered","dispatcher_id":"dsp_01m2sakm1gw9qkkm46vq76zvrj","instance":"chaos-a","pid":770615,"lease_ttl_seconds":6,"target":"tachyon_serverless_application::services::dispatcher"}
{"timestamp":"2026-09-18T03:57:48.532090Z","level":"INFO","message":"application bootstrapped","profile":"dev","provider":"process","dev_only":true,"environment_reuse":false,"reuse_verified":false,"reuse_reason":"[pool] enabled is false","reuse_disabled":"Some(Configuration)","idle_quiesce":"unsupported","idle_resume":"unsupported","data_dir":"/home/takanorifukuyama.guest/w/tsls-chaos.2gsV7g/data","store":"sqlite","dispatcher_id":"dsp_01m2sakm1gw9qkkm46vq76zvrj","node":"local","node_region":"none","node_memory_mib":"None","max_concurrency":8,"queue":"nats","objects":"filesystem","invoke_async":true,"triggers":true,"target":"tachyon_serverless_application::app"}
{"timestamp":"2026-09-18T03:57:48.532430Z","level":"INFO","message":"startup reconcile finished","provider":"process","found":0,"adopted":0,"terminated":0,"disowned":0,"failed":0,"lost":0,"foreign":0,"reclaimed_dispatchers":0,"fenced_terminated":0,"fenced_pending":0,"target":"tachyon_serverless_application::services::reconcile"}
{"timestamp":"2026-09-18T03:57:48.532518Z","level":"INFO","message":"gateway listening","addr":"127.0.0.1:56803","profile":"dev","provider":"process","target":"tachyon_serverless_gateway"}
{"timestamp":"2026-09-18T03:57:48.534389Z","level":"INFO","message":"asynchronous dispatcher started","workers":2,"owner":"dsp_01m2sakm1gw9qkkm46vq76zvrj","target":"tachyon_serverless_gateway"}
{"timestamp":"2026-09-18T03:57:54.406807Z","level":"INFO","message":"revision ready","revision_id":"rev_01m2sakqvsttnrey2h74czafkf","function_id":"fn_01m2sakmc47887gr4xqbn1bz8t","target":"tachyon_serverless_application::services::revision"}
{"timestamp":"2026-09-18T03:57:57.016637Z","level":"WARN","message":"state.db write transaction held the database write lock for long: every other writer, in this process and in any gateway sharing the file, waited","site":"crates/application/src/repository/sqlite/triggers.rs:522","held_ms":862,"threshold_ms":250,"target":"tachyon_serverless_application::repository::sqlite"}
{"timestamp":"2026-09-18T03:58:00.517442Z","level":"WARN","message":"state.db write transaction held the database write lock for long: every other writer, in this process and in any gateway sharing the file, waited","site":"crates/application/src/repository/sqlite/triggers.rs:522","held_ms":1157,"threshold_ms":250,"target":"tachyon_serverless_application::repository::sqlite"}
{"timestamp":"2026-09-18T03:58:00.532103Z","level":"INFO","message":"revision ready","revision_id":"rev_01m2sakx0wn0jvx4e1e0pw7yhx","function_id":"fn_01m2sakswn4by6xqb6zp0adx8s","target":"tachyon_serverless_application::services::revision"}
{"timestamp":"2026-09-18T03:58:02.237324Z","level":"WARN","message":"state.db write transaction held the database write lock for long: every other writer, in this process and in any gateway sharing the file, waited","site":"crates/application/src/repository/sqlite/triggers.rs:522","held_ms":482,"threshold_ms":250,"target":"tachyon_serverless_application::repository::sqlite"}
{"timestamp":"2026-09-18T03:58:05.963539Z","level":"WARN","message":"state.db write transaction held the database write lock for long: every other writer, in this process and in any gateway sharing the file, waited","site":"crates/application/src/repository/sqlite/triggers.rs:522","held_ms":280,"threshold_ms":250,"target":"tachyon_serverless_application::repository::sqlite"}
{"timestamp":"2026-09-18T03:58:05.971993Z","level":"INFO","message":"revision ready","revision_id":"rev_01m2sam311n6q9nrgg7dq247pr","function_id":"fn_01m2sakzynqf2svtah2ns46rdv","target":"tachyon_serverless_application::services::revision"}
{"timestamp":"2026-09-18T03:58:06.122911Z","level":"INFO","message":"trigger created","trigger_id":"trg_01m2sam5944a58ctrbwpdxtjkr","function_id":"fn_01m2sakswn4by6xqb6zp0adx8s","kind":"cron","enabled":true,"next_fire_at":"Some(2026-09-18T03:58:08Z)","target":"tachyon_serverless_application::services::triggers"}
{"timestamp":"2026-09-18T03:58:06.137177Z","level":"INFO","message":"trigger created","trigger_id":"trg_01m2sam59qjbfhgpn9cp3vc3tv","function_id":"fn_01m2sakswn4by6xqb6zp0adx8s","kind":"webhook","enabled":true,"next_fire_at":"None","target":"tachyon_serverless_application::services::triggers"}
{"timestamp":"2026-09-18T03:58:07.947652Z","level":"INFO","message":"bridge spawned","environment_id":"env_01m2sam5axwx78z83433jnx1y5","pid":771488,"target":"tachyon_serverless_provider_process"}
{"timestamp":"2026-09-18T03:58:08.182466Z","level":"INFO","message":"invocation finished","invocation_id":"inv_01m2sam5apahfh9w18qbn4acwq","status":"succeeded","handler_ms":4,"environment_boot_ms":2,"runtime_init_ms":19,"target":"tachyon_serverless_application::services::invoke"}
{"timestamp":"2026-09-18T03:58:08.185656Z","level":"INFO","message":"asynchronous invocation accepted","invocation_id":"inv_01m2sam79qxjerddnprzd39f2b","tenant_id":"tn_01hzzzzzzzzzzzzzzzzzzzzzza","revision_id":"rev_01m2sakx0wn0jvx4e1e0pw7yhx","input_bytes":180,"input_storage":"inline","target":"tachyon_serverless_application::services::invoke_async"}
{"timestamp":"2026-09-18T03:58:08.185768Z","level":"INFO","message":"cron trigger fired","trigger_id":"trg_01m2sam5944a58ctrbwpdxtjkr","scheduled_at":"2026-09-18T03:58:08Z","invocation_id":"inv_01m2sam79qxjerddnprzd39f2b","revision_id":"rev_01m2sakx0wn0jvx4e1e0pw7yhx","replayed":false,"target":"tachyon_serverless_application::services::triggers"}
{"timestamp":"2026-09-18T03:58:08.186717Z","level":"INFO","message":"terminating bridge","environment_id":"env_01m2sam5axwx78z83433jnx1y5","pid":771488,"reason":"Completed","graceful":true,"target":"tachyon_serverless_provider_process"}
{"timestamp":"2026-09-18T03:58:08.201685Z","level":"INFO","message":"asynchronous run claimed","invocation_id":"inv_01m2sam79qxjerddnprzd39f2b","attempt":1,"generation":0,"delivery_count":1,"target":"tachyon_serverless_application::services::invoke_async::dispatch"}
{"timestamp":"2026-09-18T03:58:08.275368Z","level":"INFO","message":"asynchronous invocation accepted","invocation_id":"inv_01m2sam7bxm7mpgp025d3kcfz7","tenant_id":"tn_01hzzzzzzzzzzzzzzzzzzzzzza","revision_id":"rev_01m2sakqvsttnrey2h74czafkf","input_bytes":47,"input_storage":"inline","target":"tachyon_serverless_application::services::invoke_async"}
{"timestamp":"2026-09-18T03:58:08.294881Z","level":"INFO","message":"asynchronous run claimed","invocation_id":"inv_01m2sam7bxm7mpgp025d3kcfz7","attempt":1,"generation":0,"delivery_count":1,"target":"tachyon_serverless_application::services::invoke_async::dispatch"}
{"timestamp":"2026-09-18T03:58:08.351777Z","level":"INFO","message":"asynchronous invocation accepted","invocation_id":"inv_01m2sam7e15dcvcm78h04c0rxb","tenant_id":"tn_01hzzzzzzzzzzzzzzzzzzzzzza","revision_id":"rev_01m2sakqvsttnrey2h74czafkf","input_bytes":4127,"input_storage":"object","target":"tachyon_serverless_application::services::invoke_async"}
{"timestamp":"2026-09-18T03:58:08.406947Z","level":"INFO","message":"asynchronous invocation accepted","invocation_id":"inv_01m2sam7ghj0vqxjfvg638wqb8","tenant_id":"tn_01hzzzzzzzzzzzzzzzzzzzzzza","revision_id":"rev_01m2sakx0wn0jvx4e1e0pw7yhx","input_bytes":189,"input_storage":"inline","target":"tachyon_serverless_application::services::invoke_async"}
{"timestamp":"2026-09-18T03:58:08.407048Z","level":"INFO","message":"webhook trigger fired","trigger_id":"trg_01m2sam59qjbfhgpn9cp3vc3tv","event_id":"evt-pre-w1","invocation_id":"inv_01m2sam7ghj0vqxjfvg638wqb8","revision_id":"rev_01m2sakx0wn0jvx4e1e0pw7yhx","replayed":false,"target":"tachyon_serverless_application::services::triggers"}
{"timestamp":"2026-09-18T03:58:10.041238Z","level":"INFO","message":"asynchronous invocation accepted","invocation_id":"inv_01m2sam93kwy2gdq3fqgnrf9s7","tenant_id":"tn_01hzzzzzzzzzzzzzzzzzzzzzza","revision_id":"rev_01m2sakx0wn0jvx4e1e0pw7yhx","input_bytes":180,"input_storage":"inline","target":"tachyon_serverless_application::services::invoke_async"}
{"timestamp":"2026-09-18T03:58:10.041308Z","level":"INFO","message":"cron trigger fired","trigger_id":"trg_01m2sam5944a58ctrbwpdxtjkr","scheduled_at":"2026-09-18T03:58:10Z","invocation_id":"inv_01m2sam93kwy2gdq3fqgnrf9s7","revision_id":"rev_01m2sakx0wn0jvx4e1e0pw7yhx","replayed":false,"target":"tachyon_serverless_application::services::triggers"}
{"timestamp":"2026-09-18T03:58:10.319301Z","level":"INFO","message":"bridge spawned","environment_id":"env_01m2sam7aaqvkx4z7x9051j8en","pid":771569,"target":"tachyon_serverless_provider_process"}
{"timestamp":"2026-09-18T03:58:10.434759Z","level":"INFO","message":"bridge spawned","environment_id":"env_01m2sam7d78tv2889wfem3w32h","pid":771579,"target":"tachyon_serverless_provider_process"}
{"timestamp":"2026-09-18T03:58:10.492928Z","level":"INFO","message":"invocation finished","invocation_id":"inv_01m2sam79qxjerddnprzd39f2b","status":"succeeded (async run)","handler_ms":24,"environment_boot_ms":3,"runtime_init_ms":106,"target":"tachyon_serverless_application::services::invoke"}
{"timestamp":"2026-09-18T03:58:10.499385Z","level":"INFO","message":"terminating bridge","environment_id":"env_01m2sam7aaqvkx4z7x9051j8en","pid":771569,"reason":"Completed","graceful":true,"target":"tachyon_serverless_provider_process"}
{"timestamp":"2026-09-18T03:58:10.509176Z","level":"INFO","message":"invocation finished","invocation_id":"inv_01m2sam7bxm7mpgp025d3kcfz7","status":"succeeded (async run)","handler_ms":6,"environment_boot_ms":7,"runtime_init_ms":42,"target":"tachyon_serverless_application::services::invoke"}
{"timestamp":"2026-09-18T03:58:10.517498Z","level":"INFO","message":"terminating bridge","environment_id":"env_01m2sam7d78tv2889wfem3w32h","pid":771579,"reason":"Completed","graceful":true,"target":"tachyon_serverless_provider_process"}
{"timestamp":"2026-09-18T03:58:10.527437Z","level":"INFO","message":"asynchronous invocation settled","invocation_id":"inv_01m2sam79qxjerddnprzd39f2b","status":"succeeded","target":"tachyon_serverless_application::services::invoke_async::dispatch"}
{"timestamp":"2026-09-18T03:58:10.531107Z","level":"INFO","message":"async dispatch: delivery handled","message_id":"inv_01m2sam79qxjerddnprzd39f2b","sequence":1,"delivery_count":1,"outcome":"Completed { status: \"succeeded\" }","target":"tachyon_serverless_application::services::invoke_async::dispatch"}
{"timestamp":"2026-09-18T03:58:10.534026Z","level":"INFO","message":"bridge spawned","environment_id":"env_01m2sam7hfa8kpj9hxqt6t4vkj","pid":771589,"target":"tachyon_serverless_provider_process"}
{"timestamp":"2026-09-18T03:58:10.579275Z","level":"INFO","message":"asynchronous run claimed","invocation_id":"inv_01m2sam7e15dcvcm78h04c0rxb","attempt":1,"generation":0,"delivery_count":1,"target":"tachyon_serverless_application::services::invoke_async::dispatch"}
{"timestamp":"2026-09-18T03:58:10.618477Z","level":"INFO","message":"asynchronous invocation settled","invocation_id":"inv_01m2sam7bxm7mpgp025d3kcfz7","status":"succeeded","target":"tachyon_serverless_application::services::invoke_async::dispatch"}
{"timestamp":"2026-09-18T03:58:10.628079Z","level":"INFO","message":"async dispatch: delivery handled","message_id":"inv_01m2sam7bxm7mpgp025d3kcfz7","sequence":2,"delivery_count":1,"outcome":"Completed { status: \"succeeded\" }","target":"tachyon_serverless_application::services::invoke_async::dispatch"}
{"timestamp":"2026-09-18T03:58:10.660610Z","level":"INFO","message":"asynchronous run claimed","invocation_id":"inv_01m2sam7ghj0vqxjfvg638wqb8","attempt":1,"generation":0,"delivery_count":1,"target":"tachyon_serverless_application::services::invoke_async::dispatch"}
{"timestamp":"2026-09-18T03:58:10.671264Z","level":"INFO","message":"invocation finished","invocation_id":"inv_01m2sam7hbxkbkqwx72qfyvxdq","status":"succeeded","handler_ms":2,"environment_boot_ms":4,"runtime_init_ms":99,"target":"tachyon_serverless_application::services::invoke"}
{"timestamp":"2026-09-18T03:58:10.679066Z","level":"INFO","message":"terminating bridge","environment_id":"env_01m2sam7hfa8kpj9hxqt6t4vkj","pid":771589,"reason":"Completed","graceful":true,"target":"tachyon_serverless_provider_process"}
{"timestamp":"2026-09-18T03:58:10.778599Z","level":"INFO","message":"asynchronous invocation accepted","invocation_id":"inv_01m2sam9thzt3e6wahw472p1h8","tenant_id":"tn_01hzzzzzzzzzzzzzzzzzzzzzza","revision_id":"rev_01m2sakqvsttnrey2h74czafkf","input_bytes":47,"input_storage":"inline","target":"tachyon_serverless_application::services::invoke_async"}
{"timestamp":"2026-09-18T03:58:10.858713Z","level":"INFO","message":"asynchronous invocation accepted","invocation_id":"inv_01m2sam9wm9xawy3mdydzw5t0j","tenant_id":"tn_01hzzzzzzzzzzzzzzzzzzzzzza","revision_id":"rev_01m2sakqvsttnrey2h74czafkf","input_bytes":4127,"input_storage":"object","target":"tachyon_serverless_application::services::invoke_async"}
{"timestamp":"2026-09-18T03:58:10.916196Z","level":"INFO","message":"asynchronous invocation accepted","invocation_id":"inv_01m2sam9yybcvb2c9tr0ws89gk","tenant_id":"tn_01hzzzzzzzzzzzzzzzzzzzzzza","revision_id":"rev_01m2sakx0wn0jvx4e1e0pw7yhx","input_bytes":189,"input_storage":"inline","target":"tachyon_serverless_application::services::invoke_async"}
{"timestamp":"2026-09-18T03:58:10.916298Z","level":"INFO","message":"webhook trigger fired","trigger_id":"trg_01m2sam59qjbfhgpn9cp3vc3tv","event_id":"evt-pre-w2","invocation_id":"inv_01m2sam9yybcvb2c9tr0ws89gk","revision_id":"rev_01m2sakx0wn0jvx4e1e0pw7yhx","replayed":false,"target":"tachyon_serverless_application::services::triggers"}
{"timestamp":"2026-09-18T03:58:10.947144Z","level":"INFO","message":"trigger updated","trigger_id":"trg_01m2sam5944a58ctrbwpdxtjkr","generation":2,"status":"disabled","next_fire_at":"None","rotated_secret":false,"target":"tachyon_serverless_application::services::triggers"}
{"timestamp":"2026-09-18T03:58:12.647078Z","level":"INFO","message":"bridge spawned","environment_id":"env_01m2sam9pbx92jnah22eags4pt","pid":771682,"target":"tachyon_serverless_provider_process"}
{"timestamp":"2026-09-18T03:58:12.678605Z","level":"INFO","message":"bridge spawned","environment_id":"env_01m2sam9qgxgkhz12qaw3c6b1y","pid":771687,"target":"tachyon_serverless_provider_process"}
{"timestamp":"2026-09-18T03:58:12.956970Z","level":"INFO","message":"invocation finished","invocation_id":"inv_01m2sam7e15dcvcm78h04c0rxb","status":"succeeded (async run)","handler_ms":6,"environment_boot_ms":1,"runtime_init_ms":263,"target":"tachyon_serverless_application::services::invoke"}
{"timestamp":"2026-09-18T03:58:12.960403Z","level":"INFO","message":"invocation finished","invocation_id":"inv_01m2sam7ghj0vqxjfvg638wqb8","status":"succeeded (async run)","handler_ms":3,"environment_boot_ms":1,"runtime_init_ms":241,"target":"tachyon_serverless_application::services::invoke"}
{"timestamp":"2026-09-18T03:58:12.963292Z","level":"INFO","message":"terminating bridge","environment_id":"env_01m2sam9pbx92jnah22eags4pt","pid":771682,"reason":"Completed","graceful":true,"target":"tachyon_serverless_provider_process"}
{"timestamp":"2026-09-18T03:58:12.964803Z","level":"INFO","message":"terminating bridge","environment_id":"env_01m2sam9qgxgkhz12qaw3c6b1y","pid":771687,"reason":"Completed","graceful":true,"target":"tachyon_serverless_provider_process"}
{"timestamp":"2026-09-18T03:58:12.989652Z","level":"INFO","message":"asynchronous invocation settled","invocation_id":"inv_01m2sam7e15dcvcm78h04c0rxb","status":"succeeded","target":"tachyon_serverless_application::services::invoke_async::dispatch"}
{"timestamp":"2026-09-18T03:58:13.001821Z","level":"INFO","message":"async dispatch: delivery handled","message_id":"inv_01m2sam7e15dcvcm78h04c0rxb","sequence":3,"delivery_count":1,"outcome":"Completed { status: \"succeeded\" }","target":"tachyon_serverless_application::services::invoke_async::dispatch"}
{"timestamp":"2026-09-18T03:58:13.011084Z","level":"INFO","message":"asynchronous run claimed","invocation_id":"inv_01m2sam93kwy2gdq3fqgnrf9s7","attempt":1,"generation":0,"delivery_count":1,"target":"tachyon_serverless_application::services::invoke_async::dispatch"}
{"timestamp":"2026-09-18T03:58:13.020223Z","level":"INFO","message":"asynchronous invocation settled","invocation_id":"inv_01m2sam7ghj0vqxjfvg638wqb8","status":"succeeded","target":"tachyon_serverless_application::services::invoke_async::dispatch"}
{"timestamp":"2026-09-18T03:58:13.022321Z","level":"INFO","message":"async dispatch: delivery handled","message_id":"inv_01m2sam7ghj0vqxjfvg638wqb8","sequence":4,"delivery_count":1,"outcome":"Completed { status: \"succeeded\" }","target":"tachyon_serverless_application::services::invoke_async::dispatch"}
{"timestamp":"2026-09-18T03:58:13.027638Z","level":"INFO","message":"asynchronous run claimed","invocation_id":"inv_01m2sam9thzt3e6wahw472p1h8","attempt":1,"generation":0,"delivery_count":1,"target":"tachyon_serverless_application::services::invoke_async::dispatch"}
{"timestamp":"2026-09-18T03:58:14.440486Z","level":"INFO","message":"object retention pass","report":"GcReport { examined: 1, collected_expired: 0, collected_orphans: 0, kept_in_use: 0, kept_referenced: 1, incomplete_removed: 0, tombstones_purged: 0, failed: 0 }","target":"tachyon_serverless_gateway"}
{"timestamp":"2026-09-18T03:58:15.117293Z","level":"INFO","message":"bridge spawned","environment_id":"env_01m2samc0w1v9de3p08c9nb10g","pid":771729,"target":"tachyon_serverless_provider_process"}
{"timestamp":"2026-09-18T03:58:15.501811Z","level":"WARN","message":"state.db write transaction held the database write lock for long: every other writer, in this process and in any gateway sharing the file, waited","site":"crates/application/src/repository/sqlite/triggers.rs:522","held_ms":446,"threshold_ms":250,"target":"tachyon_serverless_application::repository::sqlite"}
{"timestamp":"2026-09-18T03:58:15.552599Z","level":"INFO","message":"bridge spawned","environment_id":"env_01m2samc14255fmn37hscfw800","pid":771744,"target":"tachyon_serverless_provider_process"}
{"timestamp":"2026-09-18T03:58:15.755192Z","level":"INFO","message":"invocation finished","invocation_id":"inv_01m2sam93kwy2gdq3fqgnrf9s7","status":"succeeded (async run)","handler_ms":10,"environment_boot_ms":2,"runtime_init_ms":404,"target":"tachyon_serverless_application::services::invoke"}
{"timestamp":"2026-09-18T03:58:15.765160Z","level":"INFO","message":"terminating bridge","environment_id":"env_01m2samc0w1v9de3p08c9nb10g","pid":771729,"reason":"Completed","graceful":true,"target":"tachyon_serverless_provider_process"}
{"timestamp":"2026-09-18T03:58:15.798034Z","level":"INFO","message":"invocation finished","invocation_id":"inv_01m2sam9thzt3e6wahw472p1h8","status":"succeeded (async run)","handler_ms":12,"environment_boot_ms":1,"runtime_init_ms":124,"target":"tachyon_serverless_application::services::invoke"}
{"timestamp":"2026-09-18T03:58:15.804839Z","level":"INFO","message":"asynchronous invocation settled","invocation_id":"inv_01m2sam93kwy2gdq3fqgnrf9s7","status":"succeeded","target":"tachyon_serverless_application::services::invoke_async::dispatch"}
{"timestamp":"2026-09-18T03:58:15.806289Z","level":"INFO","message":"terminating bridge","environment_id":"env_01m2samc14255fmn37hscfw800","pid":771744,"reason":"Completed","graceful":true,"target":"tachyon_serverless_provider_process"}
{"timestamp":"2026-09-18T03:58:15.826023Z","level":"INFO","message":"asynchronous invocation settled","invocation_id":"inv_01m2sam9thzt3e6wahw472p1h8","status":"succeeded","target":"tachyon_serverless_application::services::invoke_async::dispatch"}
{"timestamp":"2026-09-18T03:58:15.826319Z","level":"INFO","message":"async dispatch: delivery handled","message_id":"inv_01m2sam93kwy2gdq3fqgnrf9s7","sequence":5,"delivery_count":1,"outcome":"Completed { status: \"succeeded\" }","target":"tachyon_serverless_application::services::invoke_async::dispatch"}
{"timestamp":"2026-09-18T03:58:15.830497Z","level":"INFO","message":"asynchronous run claimed","invocation_id":"inv_01m2sam9wm9xawy3mdydzw5t0j","attempt":1,"generation":0,"delivery_count":1,"target":"tachyon_serverless_application::services::invoke_async::dispatch"}
{"timestamp":"2026-09-18T03:58:15.831152Z","level":"INFO","message":"async dispatch: delivery handled","message_id":"inv_01m2sam9thzt3e6wahw472p1h8","sequence":6,"delivery_count":1,"outcome":"Completed { status: \"succeeded\" }","target":"tachyon_serverless_application::services::invoke_async::dispatch"}
{"timestamp":"2026-09-18T03:58:15.836427Z","level":"INFO","message":"asynchronous run claimed","invocation_id":"inv_01m2sam9yybcvb2c9tr0ws89gk","attempt":1,"generation":0,"delivery_count":1,"target":"tachyon_serverless_application::services::invoke_async::dispatch"}
{"timestamp":"2026-09-18T03:58:16.475463Z","level":"INFO","message":"object retention pass","report":"GcReport { examined: 1, collected_expired: 0, collected_orphans: 0, kept_in_use: 0, kept_referenced: 1, incomplete_removed: 0, tombstones_purged: 0, failed: 0 }","target":"tachyon_serverless_gateway"}
{"timestamp":"2026-09-18T03:58:17.578505Z","level":"INFO","message":"bridge spawned","environment_id":"env_01m2samery55kd1ec5vd622qbk","pid":771776,"target":"tachyon_serverless_provider_process"}
{"timestamp":"2026-09-18T03:58:17.639086Z","level":"INFO","message":"bridge spawned","environment_id":"env_01m2sameryjhv3dbjs8mcm7g5v","pid":771786,"target":"tachyon_serverless_provider_process"}
{"timestamp":"2026-09-18T03:58:17.674662Z","level":"INFO","message":"invocation finished","invocation_id":"inv_01m2sam9yybcvb2c9tr0ws89gk","status":"succeeded (async run)","handler_ms":3,"environment_boot_ms":6,"runtime_init_ms":52,"target":"tachyon_serverless_application::services::invoke"}
{"timestamp":"2026-09-18T03:58:17.689689Z","level":"INFO","message":"terminating bridge","environment_id":"env_01m2samery55kd1ec5vd622qbk","pid":771776,"reason":"Completed","graceful":true,"target":"tachyon_serverless_provider_process"}
{"timestamp":"2026-09-18T03:58:17.695561Z","level":"INFO","message":"invocation finished","invocation_id":"inv_01m2sam9wm9xawy3mdydzw5t0j","status":"succeeded (async run)","handler_ms":2,"environment_boot_ms":1,"runtime_init_ms":44,"target":"tachyon_serverless_application::services::invoke"}
{"timestamp":"2026-09-18T03:58:17.713377Z","level":"INFO","message":"asynchronous invocation settled","invocation_id":"inv_01m2sam9yybcvb2c9tr0ws89gk","status":"succeeded","target":"tachyon_serverless_application::services::invoke_async::dispatch"}
{"timestamp":"2026-09-18T03:58:17.714165Z","level":"INFO","message":"terminating bridge","environment_id":"env_01m2sameryjhv3dbjs8mcm7g5v","pid":771786,"reason":"Completed","graceful":true,"target":"tachyon_serverless_provider_process"}
{"timestamp":"2026-09-18T03:58:17.721417Z","level":"INFO","message":"async dispatch: delivery handled","message_id":"inv_01m2sam9yybcvb2c9tr0ws89gk","sequence":8,"delivery_count":1,"outcome":"Completed { status: \"succeeded\" }","target":"tachyon_serverless_application::services::invoke_async::dispatch"}
{"timestamp":"2026-09-18T03:58:17.736140Z","level":"INFO","message":"asynchronous invocation settled","invocation_id":"inv_01m2sam9wm9xawy3mdydzw5t0j","status":"succeeded","target":"tachyon_serverless_application::services::invoke_async::dispatch"}
{"timestamp":"2026-09-18T03:58:17.739371Z","level":"INFO","message":"async dispatch: delivery handled","message_id":"inv_01m2sam9wm9xawy3mdydzw5t0j","sequence":7,"delivery_count":1,"outcome":"Completed { status: \"succeeded\" }","target":"tachyon_serverless_application::services::invoke_async::dispatch"}
{"timestamp":"2026-09-18T03:58:17.776886Z","level":"INFO","message":"SIGTERM received","target":"tachyon_serverless_gateway"}
{"timestamp":"2026-09-18T03:58:17.776931Z","level":"INFO","message":"shutdown requested; cancelling in-flight invocations","target":"tachyon_serverless_gateway"}
{"timestamp":"2026-09-18T03:58:17.787508Z","level":"INFO","message":"final usage collection","report":"CollectReport { batches: 1, read: 10, inserted: 10, duplicates: 0, cursor_seq: 50 }","target":"tachyon_serverless_gateway"}
{"timestamp":"2026-09-18T03:58:17.793470Z","level":"INFO","message":"gateway stopped","target":"tachyon_serverless_gateway"}
{"timestamp":"2026-09-18T03:58:17.794004Z","level":"INFO","message":"event: closed","target":"async_nats"}

===== a start (failpoints: accept.after_commit=kill) 03:58:17 =====
{"timestamp":"2026-09-18T03:58:17.945849Z","level":"INFO","message":"configuration loaded","config":"/home/takanorifukuyama.guest/w/tsls-chaos.2gsV7g/gw-a.toml","target":"tachyon_serverless_gateway"}
{"timestamp":"2026-09-18T03:58:17.948868Z","level":"INFO","message":"connected successfully","server":"60341","max_payload":"1048576","target":"async_nats::connector"}
{"timestamp":"2026-09-18T03:58:17.949133Z","level":"INFO","message":"event: connected","target":"async_nats"}
{"timestamp":"2026-09-18T03:58:17.962299Z","level":"INFO","message":"JetStream queue connected and stream bootstrapped","url":"nats://127.0.0.1:60341","stream":"TACHYON_EVENTS","target":"tachyon_serverless_gateway::durable"}
{"timestamp":"2026-09-18T03:58:17.964942Z","level":"INFO","message":"state store opened","path":"/home/takanorifukuyama.guest/w/tsls-chaos.2gsV7g/data/state.db","schema_version":8,"migrations_applied":"[]","imported_state_json":"None","settled_invocations":0,"settled_attempts":0,"settled_environments":0,"released_leases":0,"dropped_idempotency_keys":0,"purged_idempotency_keys":0,"outputs_purged":0,"target":"tachyon_serverless_application::app"}
{"timestamp":"2026-09-18T03:58:17.976212Z","level":"INFO","message":"log store opened","path":"/home/takanorifukuyama.guest/w/tsls-chaos.2gsV7g/data/logs/logs.db","healthy":true,"retention_seconds":604800,"max_total_bytes":1073741824,"target":"tachyon_serverless_application::app"}
{"timestamp":"2026-09-18T03:58:17.985256Z","level":"INFO","message":"dispatcher registered","dispatcher_id":"dsp_01m2samgvrk4p8nk3ej3mb4tg7","instance":"chaos-a","pid":771808,"lease_ttl_seconds":6,"target":"tachyon_serverless_application::services::dispatcher"}
{"timestamp":"2026-09-18T03:58:17.988311Z","level":"WARN","message":"reclaimed the work of dispatchers that lost their lease","dispatcher_id":"dsp_01m2samgvrk4p8nk3ej3mb4tg7","reclaimed_dispatchers":"[DispatcherId(dsp_01m2sakm1gw9qkkm46vq76zvrj)]","leases":0,"invocations":0,"attempts":0,"fenced":0,"target":"tachyon_serverless_application::services::dispatcher"}
{"timestamp":"2026-09-18T03:58:17.990644Z","level":"WARN","message":"failpoint armed from TSLS_FAILPOINTS","name":"accept.after_commit","action":"Kill","count":"None","target":"tachyon_serverless_application::failpoints"}
{"timestamp":"2026-09-18T03:58:17.990751Z","level":"INFO","message":"application bootstrapped","profile":"dev","provider":"process","dev_only":true,"environment_reuse":false,"reuse_verified":false,"reuse_reason":"[pool] enabled is false","reuse_disabled":"Some(Configuration)","idle_quiesce":"unsupported","idle_resume":"unsupported","data_dir":"/home/takanorifukuyama.guest/w/tsls-chaos.2gsV7g/data","store":"sqlite","dispatcher_id":"dsp_01m2samgvrk4p8nk3ej3mb4tg7","node":"local","node_region":"none","node_memory_mib":"None","max_concurrency":8,"queue":"nats","objects":"filesystem","invoke_async":true,"triggers":true,"target":"tachyon_serverless_application::app"}
{"timestamp":"2026-09-18T03:58:17.991352Z","level":"INFO","message":"startup reconcile finished","provider":"process","found":0,"adopted":0,"terminated":0,"disowned":0,"failed":0,"lost":0,"foreign":0,"reclaimed_dispatchers":0,"fenced_terminated":0,"fenced_pending":0,"target":"tachyon_serverless_application::services::reconcile"}
{"timestamp":"2026-09-18T03:58:17.991462Z","level":"INFO","message":"gateway listening","addr":"127.0.0.1:56803","profile":"dev","provider":"process","target":"tachyon_serverless_gateway"}
{"timestamp":"2026-09-18T03:58:17.993670Z","level":"INFO","message":"asynchronous dispatcher started","workers":2,"owner":"dsp_01m2samgvrk4p8nk3ej3mb4tg7","target":"tachyon_serverless_gateway"}
{"timestamp":"2026-09-18T03:58:18.090127Z","level":"INFO","message":"object retention pass","report":"GcReport { examined: 2, collected_expired: 0, collected_orphans: 0, kept_in_use: 0, kept_referenced: 2, incomplete_removed: 0, tombstones_purged: 0, failed: 0 }","target":"tachyon_serverless_gateway"}
{"timestamp":"2026-09-18T03:58:18.291207Z","level":"ERROR","message":"failpoint fired: SIGKILL","name":"accept.after_commit","target":"tachyon_serverless_application::failpoints"}

===== a start (failpoints: none) 03:58:18 =====
{"timestamp":"2026-09-18T03:58:18.358906Z","level":"INFO","message":"configuration loaded","config":"/home/takanorifukuyama.guest/w/tsls-chaos.2gsV7g/gw-a.toml","target":"tachyon_serverless_gateway"}
{"timestamp":"2026-09-18T03:58:18.361450Z","level":"INFO","message":"connected successfully","server":"60341","max_payload":"1048576","target":"async_nats::connector"}
{"timestamp":"2026-09-18T03:58:18.361641Z","level":"INFO","message":"event: connected","target":"async_nats"}
{"timestamp":"2026-09-18T03:58:18.375704Z","level":"INFO","message":"JetStream queue connected and stream bootstrapped","url":"nats://127.0.0.1:60341","stream":"TACHYON_EVENTS","target":"tachyon_serverless_gateway::durable"}
{"timestamp":"2026-09-18T03:58:18.377761Z","level":"INFO","message":"state store opened","path":"/home/takanorifukuyama.guest/w/tsls-chaos.2gsV7g/data/state.db","schema_version":8,"migrations_applied":"[]","imported_state_json":"None","settled_invocations":0,"settled_attempts":0,"settled_environments":0,"released_leases":0,"dropped_idempotency_keys":0,"purged_idempotency_keys":0,"outputs_purged":0,"target":"tachyon_serverless_application::app"}
{"timestamp":"2026-09-18T03:58:18.386507Z","level":"INFO","message":"log store opened","path":"/home/takanorifukuyama.guest/w/tsls-chaos.2gsV7g/data/logs/logs.db","healthy":true,"retention_seconds":604800,"max_total_bytes":1073741824,"target":"tachyon_serverless_application::app"}
{"timestamp":"2026-09-18T03:58:18.390646Z","level":"INFO","message":"dispatcher registered","dispatcher_id":"dsp_01m2samh8jc8cq4q5t6278hmgt","instance":"chaos-a","pid":771853,"lease_ttl_seconds":6,"target":"tachyon_serverless_application::services::dispatcher"}
{"timestamp":"2026-09-18T03:58:18.392468Z","level":"WARN","message":"reclaimed the work of dispatchers that lost their lease","dispatcher_id":"dsp_01m2samh8jc8cq4q5t6278hmgt","reclaimed_dispatchers":"[DispatcherId(dsp_01m2samgvrk4p8nk3ej3mb4tg7)]","leases":0,"invocations":0,"attempts":0,"fenced":0,"target":"tachyon_serverless_application::services::dispatcher"}
{"timestamp":"2026-09-18T03:58:18.393884Z","level":"INFO","message":"application bootstrapped","profile":"dev","provider":"process","dev_only":true,"environment_reuse":false,"reuse_verified":false,"reuse_reason":"[pool] enabled is false","reuse_disabled":"Some(Configuration)","idle_quiesce":"unsupported","idle_resume":"unsupported","data_dir":"/home/takanorifukuyama.guest/w/tsls-chaos.2gsV7g/data","store":"sqlite","dispatcher_id":"dsp_01m2samh8jc8cq4q5t6278hmgt","node":"local","node_region":"none","node_memory_mib":"None","max_concurrency":8,"queue":"nats","objects":"filesystem","invoke_async":true,"triggers":true,"target":"tachyon_serverless_application::app"}
{"timestamp":"2026-09-18T03:58:18.394422Z","level":"INFO","message":"startup reconcile finished","provider":"process","found":0,"adopted":0,"terminated":0,"disowned":0,"failed":0,"lost":0,"foreign":0,"reclaimed_dispatchers":0,"fenced_terminated":0,"fenced_pending":0,"target":"tachyon_serverless_application::services::reconcile"}
{"timestamp":"2026-09-18T03:58:18.394538Z","level":"INFO","message":"gateway listening","addr":"127.0.0.1:56803","profile":"dev","provider":"process","target":"tachyon_serverless_gateway"}
{"timestamp":"2026-09-18T03:58:18.396687Z","level":"INFO","message":"asynchronous dispatcher started","workers":2,"owner":"dsp_01m2samh8jc8cq4q5t6278hmgt","target":"tachyon_serverless_gateway"}
{"timestamp":"2026-09-18T03:58:18.415550Z","level":"INFO","message":"object retention pass","report":"GcReport { examined: 2, collected_expired: 0, collected_orphans: 0, kept_in_use: 0, kept_referenced: 2, incomplete_removed: 0, tombstones_purged: 0, failed: 0 }","target":"tachyon_serverless_gateway"}
{"timestamp":"2026-09-18T03:58:18.423377Z","level":"INFO","message":"asynchronous run claimed","invocation_id":"inv_01m2samh54kc2c3hpcsszxqnd2","attempt":1,"generation":0,"delivery_count":1,"target":"tachyon_serverless_application::services::invoke_async::dispatch"}
{"timestamp":"2026-09-18T03:58:20.419984Z","level":"INFO","message":"object retention pass","report":"GcReport { examined: 2, collected_expired: 0, collected_orphans: 0, kept_in_use: 0, kept_referenced: 2, incomplete_removed: 0, tombstones_purged: 0, failed: 0 }","target":"tachyon_serverless_gateway"}
{"timestamp":"2026-09-18T03:58:20.431756Z","level":"INFO","message":"bridge spawned","environment_id":"env_01m2samh9ts02738am9qb5v9nm","pid":771925,"target":"tachyon_serverless_provider_process"}
{"timestamp":"2026-09-18T03:58:21.178355Z","level":"WARN","message":"state.db write transaction held the database write lock for long: every other writer, in this process and in any gateway sharing the file, waited","site":"crates/application/src/repository/sqlite/mod.rs:1438","held_ms":518,"threshold_ms":250,"target":"tachyon_serverless_application::repository::sqlite"}
{"timestamp":"2026-09-18T03:58:21.504182Z","level":"INFO","message":"invocation finished","invocation_id":"inv_01m2samh54kc2c3hpcsszxqnd2","status":"succeeded (async run)","handler_ms":304,"environment_boot_ms":1,"runtime_init_ms":155,"target":"tachyon_serverless_application::services::invoke"}
{"timestamp":"2026-09-18T03:58:21.509264Z","level":"INFO","message":"terminating bridge","environment_id":"env_01m2samh9ts02738am9qb5v9nm","pid":771925,"reason":"Completed","graceful":true,"target":"tachyon_serverless_provider_process"}
{"timestamp":"2026-09-18T03:58:21.527673Z","level":"INFO","message":"asynchronous invocation settled","invocation_id":"inv_01m2samh54kc2c3hpcsszxqnd2","status":"succeeded","target":"tachyon_serverless_application::services::invoke_async::dispatch"}
{"timestamp":"2026-09-18T03:58:21.532849Z","level":"INFO","message":"async dispatch: delivery handled","message_id":"inv_01m2samh54kc2c3hpcsszxqnd2","sequence":9,"delivery_count":1,"outcome":"Completed { status: \"succeeded\" }","target":"tachyon_serverless_application::services::invoke_async::dispatch"}
{"timestamp":"2026-09-18T03:58:22.407703Z","level":"INFO","message":"object retention pass","report":"GcReport { examined: 2, collected_expired: 0, collected_orphans: 0, kept_in_use: 0, kept_referenced: 2, incomplete_removed: 0, tombstones_purged: 0, failed: 0 }","target":"tachyon_serverless_gateway"}
{"timestamp":"2026-09-18T03:58:23.485709Z","level":"INFO","message":"bridge spawned","environment_id":"env_01m2sammjnehkad7dxnc7hvgtt","pid":771982,"target":"tachyon_serverless_provider_process"}
{"timestamp":"2026-09-18T03:58:24.002842Z","level":"WARN","message":"state.db write transaction held the database write lock for long: every other writer, in this process and in any gateway sharing the file, waited","site":"crates/application/src/repository/sqlite/triggers.rs:522","held_ms":1181,"threshold_ms":250,"target":"tachyon_serverless_application::repository::sqlite"}
{"timestamp":"2026-09-18T03:58:24.098399Z","level":"INFO","message":"invocation finished","invocation_id":"inv_01m2sammjgz7rbh87t84q3bmn4","status":"succeeded","handler_ms":3,"environment_boot_ms":525,"runtime_init_ms":7,"target":"tachyon_serverless_application::services::invoke"}
{"timestamp":"2026-09-18T03:58:24.101687Z","level":"INFO","message":"terminating bridge","environment_id":"env_01m2sammjnehkad7dxnc7hvgtt","pid":771982,"reason":"Completed","graceful":true,"target":"tachyon_serverless_provider_process"}
{"timestamp":"2026-09-18T03:58:24.155393Z","level":"INFO","message":"asynchronous invocation accepted","invocation_id":"inv_01m2sampwphg22vvcv1k81862k","tenant_id":"tn_01hzzzzzzzzzzzzzzzzzzzzzza","revision_id":"rev_01m2sakqvsttnrey2h74czafkf","input_bytes":48,"input_storage":"inline","target":"tachyon_serverless_application::services::invoke_async"}
{"timestamp":"2026-09-18T03:58:24.169560Z","level":"INFO","message":"asynchronous run claimed","invocation_id":"inv_01m2sampwphg22vvcv1k81862k","attempt":1,"generation":0,"delivery_count":1,"target":"tachyon_serverless_application::services::invoke_async::dispatch"}
{"timestamp":"2026-09-18T03:58:24.209809Z","level":"INFO","message":"asynchronous invocation accepted","invocation_id":"inv_01m2sampxyadpb1mv6rn04pxew","tenant_id":"tn_01hzzzzzzzzzzzzzzzzzzzzzza","revision_id":"rev_01m2sakqvsttnrey2h74czafkf","input_bytes":4128,"input_storage":"object","target":"tachyon_serverless_application::services::invoke_async"}
{"timestamp":"2026-09-18T03:58:24.221995Z","level":"INFO","message":"asynchronous run claimed","invocation_id":"inv_01m2sampxyadpb1mv6rn04pxew","attempt":1,"generation":0,"delivery_count":1,"target":"tachyon_serverless_application::services::invoke_async::dispatch"}
{"timestamp":"2026-09-18T03:58:24.251281Z","level":"INFO","message":"asynchronous invocation accepted","invocation_id":"inv_01m2sampzphmven4ejg007exst","tenant_id":"tn_01hzzzzzzzzzzzzzzzzzzzzzza","revision_id":"rev_01m2sakx0wn0jvx4e1e0pw7yhx","input_bytes":191,"input_storage":"inline","target":"tachyon_serverless_application::services::invoke_async"}
{"timestamp":"2026-09-18T03:58:24.251354Z","level":"INFO","message":"webhook trigger fired","trigger_id":"trg_01m2sam59qjbfhgpn9cp3vc3tv","event_id":"evt-post-w1","invocation_id":"inv_01m2sampzphmven4ejg007exst","revision_id":"rev_01m2sakx0wn0jvx4e1e0pw7yhx","replayed":false,"target":"tachyon_serverless_application::services::triggers"}
{"timestamp":"2026-09-18T03:58:24.273478Z","level":"INFO","message":"trigger updated","trigger_id":"trg_01m2sam5944a58ctrbwpdxtjkr","generation":3,"status":"disabled","next_fire_at":"None","rotated_secret":false,"target":"tachyon_serverless_application::services::triggers"}
{"timestamp":"2026-09-18T03:58:24.406213Z","level":"INFO","message":"object retention pass","report":"GcReport { examined: 3, collected_expired: 0, collected_orphans: 0, kept_in_use: 0, kept_referenced: 3, incomplete_removed: 0, tombstones_purged: 0, failed: 0 }","target":"tachyon_serverless_gateway"}
{"timestamp":"2026-09-18T03:58:26.054379Z","level":"INFO","message":"bridge spawned","environment_id":"env_01m2sampxabts4ed97f4567pth","pid":772167,"target":"tachyon_serverless_provider_process"}
{"timestamp":"2026-09-18T03:58:26.106643Z","level":"INFO","message":"invocation finished","invocation_id":"inv_01m2sampwphg22vvcv1k81862k","status":"succeeded (async run)","handler_ms":5,"environment_boot_ms":2,"runtime_init_ms":14,"target":"tachyon_serverless_application::services::invoke"}
{"timestamp":"2026-09-18T03:58:26.114064Z","level":"INFO","message":"terminating bridge","environment_id":"env_01m2sampxabts4ed97f4567pth","pid":772167,"reason":"Completed","graceful":true,"target":"tachyon_serverless_provider_process"}
{"timestamp":"2026-09-18T03:58:26.135062Z","level":"INFO","message":"asynchronous invocation settled","invocation_id":"inv_01m2sampwphg22vvcv1k81862k","status":"succeeded","target":"tachyon_serverless_application::services::invoke_async::dispatch"}
{"timestamp":"2026-09-18T03:58:26.140235Z","level":"INFO","message":"async dispatch: delivery handled","message_id":"inv_01m2sampwphg22vvcv1k81862k","sequence":10,"delivery_count":1,"outcome":"Completed { status: \"succeeded\" }","target":"tachyon_serverless_application::services::invoke_async::dispatch"}
{"timestamp":"2026-09-18T03:58:26.147943Z","level":"INFO","message":"asynchronous run claimed","invocation_id":"inv_01m2sampzphmven4ejg007exst","attempt":1,"generation":0,"delivery_count":1,"target":"tachyon_serverless_application::services::invoke_async::dispatch"}
{"timestamp":"2026-09-18T03:58:26.159374Z","level":"INFO","message":"bridge spawned","environment_id":"env_01m2sampz3r9gj9xphfdrx1386","pid":772177,"target":"tachyon_serverless_provider_process"}
{"timestamp":"2026-09-18T03:58:26.269556Z","level":"INFO","message":"invocation finished","invocation_id":"inv_01m2sampxyadpb1mv6rn04pxew","status":"succeeded (async run)","handler_ms":7,"environment_boot_ms":4,"runtime_init_ms":75,"target":"tachyon_serverless_application::services::invoke"}
{"timestamp":"2026-09-18T03:58:26.276681Z","level":"INFO","message":"terminating bridge","environment_id":"env_01m2sampz3r9gj9xphfdrx1386","pid":772177,"reason":"Completed","graceful":true,"target":"tachyon_serverless_provider_process"}
{"timestamp":"2026-09-18T03:58:26.298232Z","level":"INFO","message":"asynchronous invocation settled","invocation_id":"inv_01m2sampxyadpb1mv6rn04pxew","status":"succeeded","target":"tachyon_serverless_application::services::invoke_async::dispatch"}
{"timestamp":"2026-09-18T03:58:26.301124Z","level":"INFO","message":"async dispatch: delivery handled","message_id":"inv_01m2sampxyadpb1mv6rn04pxew","sequence":11,"delivery_count":1,"outcome":"Completed { status: \"succeeded\" }","target":"tachyon_serverless_application::services::invoke_async::dispatch"}
{"timestamp":"2026-09-18T03:58:27.405355Z","level":"WARN","message":"state.db write transaction held the database write lock for long: every other writer, in this process and in any gateway sharing the file, waited","site":"crates/application/src/repository/sqlite/slot.rs:133","held_ms":1005,"threshold_ms":250,"target":"tachyon_serverless_application::repository::sqlite"}
{"timestamp":"2026-09-18T03:58:27.407672Z","level":"INFO","message":"object retention pass","report":"GcReport { examined: 3, collected_expired: 0, collected_orphans: 0, kept_in_use: 0, kept_referenced: 3, incomplete_removed: 0, tombstones_purged: 0, failed: 0 }","target":"tachyon_serverless_gateway"}
{"timestamp":"2026-09-18T03:58:27.808529Z","level":"INFO","message":"bridge spawned","environment_id":"env_01m2samrv41cyt606eqmpw9tye","pid":772247,"target":"tachyon_serverless_provider_process"}
{"timestamp":"2026-09-18T03:58:27.990216Z","level":"INFO","message":"invocation finished","invocation_id":"inv_01m2sampzphmven4ejg007exst","status":"succeeded (async run)","handler_ms":2,"environment_boot_ms":3,"runtime_init_ms":16,"target":"tachyon_serverless_application::services::invoke"}
{"timestamp":"2026-09-18T03:58:27.994104Z","level":"INFO","message":"terminating bridge","environment_id":"env_01m2samrv41cyt606eqmpw9tye","pid":772247,"reason":"Completed","graceful":true,"target":"tachyon_serverless_provider_process"}
{"timestamp":"2026-09-18T03:58:28.004854Z","level":"INFO","message":"asynchronous invocation settled","invocation_id":"inv_01m2sampzphmven4ejg007exst","status":"succeeded","target":"tachyon_serverless_application::services::invoke_async::dispatch"}
{"timestamp":"2026-09-18T03:58:28.007115Z","level":"INFO","message":"async dispatch: delivery handled","message_id":"inv_01m2sampzphmven4ejg007exst","sequence":12,"delivery_count":1,"outcome":"Completed { status: \"succeeded\" }","target":"tachyon_serverless_application::services::invoke_async::dispatch"}
{"timestamp":"2026-09-18T03:58:28.547316Z","level":"WARN","message":"state.db write transaction held the database write lock for long: every other writer, in this process and in any gateway sharing the file, waited","site":"crates/application/src/repository/sqlite/triggers.rs:522","held_ms":364,"threshold_ms":250,"target":"tachyon_serverless_application::repository::sqlite"}
{"timestamp":"2026-09-18T03:58:28.576783Z","level":"INFO","message":"object retention pass","report":"GcReport { examined: 3, collected_expired: 0, collected_orphans: 0, kept_in_use: 0, kept_referenced: 3, incomplete_removed: 0, tombstones_purged: 0, failed: 0 }","target":"tachyon_serverless_gateway"}
{"timestamp":"2026-09-18T03:58:28.933246Z","level":"INFO","message":"SIGTERM received","target":"tachyon_serverless_gateway"}
{"timestamp":"2026-09-18T03:58:28.933287Z","level":"INFO","message":"shutdown requested; cancelling in-flight invocations","target":"tachyon_serverless_gateway"}
{"timestamp":"2026-09-18T03:58:28.933735Z","level":"INFO","message":"final usage collection","report":"CollectReport { batches: 0, read: 0, inserted: 0, duplicates: 0, cursor_seq: 75 }","target":"tachyon_serverless_gateway"}
{"timestamp":"2026-09-18T03:58:28.985452Z","level":"INFO","message":"gateway stopped","target":"tachyon_serverless_gateway"}
{"timestamp":"2026-09-18T03:58:28.985710Z","level":"INFO","message":"event: closed","target":"async_nats"}
